2026-08-24 23:21:41
20260824 234247.737 INFO             PET0 !!!!!!!!!!!!!!!!!!!!!!!!!!!!!!!!!!!!!!!!!!!!!!!!!!!!!!
20260824 234247.738 INFO             PET0 !!! THE ESMF_LOG IS SET TO OUTPUT ALL LOG MESSAGES !!!
20260824 234247.738 INFO             PET0 !!!     THIS MAY CAUSE SLOWDOWN IN PERFORMANCE     !!!
20260824 234247.738 INFO             PET0 !!! FOR PRODUCTION RUNS, USE:                      !!!
20260824 234247.738 INFO             PET0 !!!                   ESMF_LOGKIND_Multi_On_Error  !!!
20260824 234247.738 INFO             PET0 !!!!!!!!!!!!!!!!!!!!!!!!!!!!!!!!!!!!!!!!!!!!!!!!!!!!!!
20260824 234247.738 INFO             PET0 Running with ESMF Version   : develop+g69803b91dc
20260824 234247.738 INFO             PET0 ESMF library build date/time: "Aug 24 2026" "23:20:24"
20260824 234247.738 INFO             PET0 ESMF library build location : /usr/local/esmf/esmf-testing/nag_7.2.44_openmpi_g_develop/esmf
20260824 234247.738 INFO             PET0 ESMF_COMM                   : openmpi
20260824 234247.738 INFO             PET0 ESMF_MOAB                   : enabled
20260824 234247.738 INFO             PET0 ESMF_LAPACK                 : enabled
20260824 234247.738 INFO             PET0 ESMF_NETCDF                 : enabled
20260824 234247.738 INFO             PET0 ESMF_PNETCDF                : disabled
20260824 234247.738 INFO             PET0 ESMF_PIO                    : enabled
20260824 234247.738 INFO             PET0 ESMF_YAMLCPP                : enabled
20260824 234247.739 INFO             PET0  NUMBER_OF_PROCESSORS 1
20260824 234247.739 INFO             PET0  PASS  Example ESMF_AlarmEx, ESMF_AlarmEx.F90, line 244
20260824 234247.739 INFO             PET0  Finalizing ESMF
