2026-08-14 23:28:03
--- ESMCI::Array::print start ---
 Base name    = Array008
 Status: Base = Ready,  object = Ready
 Proxy        = no
 Root Info (Attributes):
--- ESMCI::Array::print start ---
{
  "ESMF": {
    "Instance": {
      "NamedAliasCount": 0
    }
  }
 Base name    = Array008
 Status: Base = Ready,  object = Ready
}Array typekind/rank: Real*8 / 2 
--- ESMCI::Array::print start ---
 Proxy        = no
~ lower class' values ~
DistGrid dimCount = 2
 Root Info (Attributes):
deCount = 4
localDeCount = 1
~ local data in LocalArray for DE 0 ~
LocalArrayPrint: Array at address 0x134c06570:
            rank = 2, typekind = 6, base_addr = 0x105c4b320
            dim[0] = 3  dim[1] = 10  
 Base name    = Array008
 Status: Base = Ready,  object = Ready
 Proxy        = no
 Root Info (Attributes):
  Real, *8, Dim 2, Data values:
( 1, 1) =  513.58
( 2, 1) =  613.58
( 3, 1) =  713.58
{
  "ESMF": {
( 1, 2) =  514.814
    "Instance": {
{
( 2, 2) =  614.814
      "NamedAliasCount": 0
( 3, 2) =  714.814
    }
( 1, 3) =  516.048
  }
( 2, 3) =  616.048
}Array typekind/rank: Real*8 / 2 
( 3, 3) =  716.048
( 1, 4) =  517.283
~ lower class' values ~
DistGrid dimCount = 2
  "ESMF": {
  skipping to end ...
deCount = 4
localDeCount = 1
~ local data in LocalArray for DE 2 ~
LocalArrayPrint: Array at address 0x149f21060:
            rank = 2, typekind = 6, base_addr = 0x101f9f340
            dim[0] = 3  dim[1] = 10  
  Real, *8, Dim 2, Data values:
( 1, 1) =  513.58
( 2, 1) =  613.58
( 3, 1) =  713.58
( 1, 2) =  514.814
( 2, 2) =  614.814
( 3, 2) =  714.814
( 1, 3) =  516.048
( 3, 7) =  720.986
( 1, 8) =  522.221
( 2, 8) =  622.221
( 3, 8) =  722.221
( 1, 9) =  523.456
( 2, 9) =  623.456
( 3, 9) =  723.456
( 1,10) =  524.69
( 2,10) =  624.69
( 3,10) =  724.69
--- ESMCI::Array::print end ---
( 2, 3) =  616.048
    "Instance": {
      "NamedAliasCount": 0
    }
  }
( 3, 3) =  716.048
( 1, 4) =  517.283
  skipping to end ...
( 3, 7) =  720.986
( 1, 8) =  522.221
( 2, 8) =  622.221
( 3, 8) =  722.221
--- ESMCI::Array::print start ---
 Base name    = Array008
}( 1, 9) =  523.456
( 2, 9) =  623.456
 Status: Base = Ready,  object = Ready
 Proxy        = no
( 3, 9) =  723.456
( 1,10) =  524.69
( 2,10) =  624.69
( 3,10) =  724.69
--- ESMCI::Array::print end ---
 Root Info (Attributes):
{
  "ESMF": {
    "Instance": {
      "NamedAliasCount": 0
Array typekind/rank: Real*8 / 2 
~ lower class' values ~
 localPet =  2 myFarray2D2:    0.0000000000000000   0.0000000000000000   0.0000000000000000   0.0000000000000000   0.0000000000000000   0.0000000000000000   0.0000000000000000   0.0000000000000000   0.0000000000000000   0.0000000000000000   0.0000000000000000   0.0000000000000000   0.0000000000000000   0.0000000000000000   0.0000000000000000   0.0000000000000000   0.0000000000000000   0.0000000000000000   0.0000000000000000   0.0000000000000000   0.0000000000000000   0.0000000000000000   0.0000000000000000   0.0000000000000000   0.0000000000000000   0.0000000000000000   0.0000000000000000   0.0000000000000000   0.0000000000000000   0.0000000000000000
--- ESMCI::Array::print start ---
 Base name    = Array008
    }
DistGrid dimCount = 2
 Status: Base = Ready,  object = Ready
  }
} Proxy        = no
deCount = 4
Array typekind/rank: Real*8 / 2 
~ lower class' values ~
 Root Info (Attributes):
{
localDeCount = 1
DistGrid dimCount = 2
deCount = 4
  "ESMF": {
    "Instance": {
      "NamedAliasCount": 0
~ local data in LocalArray for DE 1 ~
localDeCount = 1
~ local data in LocalArray for DE 3 ~
    }
LocalArrayPrint: Array at address 0x11c005ce0:
  }
}LocalArrayPrint: Array at address 0x15261dc20:
            rank = 2, typekind = 6, base_addr = 0x105e13340
Array typekind/rank: Real*8 / 2 
~ lower class' values ~
            dim[0] = 3  dim[1] = 10  
            rank = 2, typekind = 6, base_addr = 0x102293340
  Real, *8, Dim 2, Data values:
DistGrid dimCount = 2
            dim[0] = 3  dim[1] = 10  
( 1, 1) =  513.58
deCount = 4
  Real, *8, Dim 2, Data values:
localDeCount = 1
~ local data in LocalArray for DE 2 ~
LocalArrayPrint: Array at address 0x149f21060:
            rank = 2, typekind = 6, base_addr = 0x101f9f340
( 2, 1) =  613.58
( 3, 1) =  713.58
( 1, 2) =  514.814
( 2, 2) =  614.814
( 1, 1) =  1.2345
( 3, 2) =  714.814
( 1, 3) =  516.048
            dim[0] = 3  dim[1] = 10  
  Real, *8, Dim 2, Data values:
( 2, 1) =  1.2345
( 3, 1) =  1.2345
( 1, 1) =  513.58
( 2, 1) =  613.58
( 3, 1) =  713.58
( 1, 2) =  514.814
( 2, 2) =  614.814
( 2, 3) =  616.048
( 3, 3) =  716.048
( 1, 4) =  517.283
  skipping to end ...
( 3, 7) =  720.986
( 3, 2) =  714.814
( 1, 3) =  516.048
( 1, 2) =  1.2345
( 1, 8) =  522.221
( 2, 8) =  622.221
( 2, 3) =  616.048
( 2, 2) =  1.2345
( 3, 3) =  716.048
( 3, 8) =  722.221
( 1, 4) =  517.283
( 1, 9) =  523.456
( 2, 9) =  623.456
  skipping to end ...
( 3, 7) =  720.986
( 3, 2) =  1.2345
( 1, 3) =  1.2345
( 3, 9) =  723.456
( 1,10) =  524.69
( 2,10) =  624.69
( 1, 8) =  522.221
( 2, 8) =  622.221
( 2, 3) =  1.2345
( 3, 8) =  722.221
( 3,10) =  724.69
--- ESMCI::Array::print end ---
( 1, 9) =  523.456
( 2, 9) =  623.456
( 3, 3) =  1.2345
( 3, 9) =  723.456
( 1, 4) =  1.2345
( 1,10) =  524.69
( 2,10) =  624.69
  skipping to end ...
( 3, 7) =  1.2345
( 1, 8) =  1.2345
( 3,10) =  724.69
--- ESMCI::Array::print end ---
( 2, 8) =  1.2345
( 3, 8) =  1.2345
( 1, 9) =  1.2345
( 2, 9) =  1.2345
( 3, 9) =  1.2345
( 1,10) =  1.2345
( 2,10) =  1.2345
( 3,10) =  1.2345
--- ESMCI::Array::print end ---
 localPet =  3 myFarray2D2:    0.0000000000000000   0.0000000000000000   0.0000000000000000   0.0000000000000000   0.0000000000000000   0.0000000000000000   0.0000000000000000   0.0000000000000000   0.0000000000000000   0.0000000000000000   0.0000000000000000   0.0000000000000000   0.0000000000000000   0.0000000000000000   0.0000000000000000   0.0000000000000000   0.0000000000000000   0.0000000000000000   0.0000000000000000   0.0000000000000000   0.0000000000000000   0.0000000000000000   0.0000000000000000   0.0000000000000000   0.0000000000000000   0.0000000000000000   0.0000000000000000   0.0000000000000000   0.0000000000000000   0.0000000000000000
--- ESMCI::Array::print start ---
 Base name    = Array008
 localPet =  1 myFarray2D2:    0.0000000000000000   0.0000000000000000   0.0000000000000000   0.0000000000000000   0.0000000000000000   0.0000000000000000   0.0000000000000000   0.0000000000000000   0.0000000000000000   0.0000000000000000   0.0000000000000000   0.0000000000000000   0.0000000000000000   0.0000000000000000   0.0000000000000000   0.0000000000000000   0.0000000000000000   0.0000000000000000   0.0000000000000000   0.0000000000000000   0.0000000000000000   0.0000000000000000   0.0000000000000000   0.0000000000000000   0.0000000000000000   0.0000000000000000   0.0000000000000000   0.0000000000000000   0.0000000000000000   0.0000000000000000
--- ESMCI::Array::print start ---
 localPet =  0 myFarray2D2:    5.1357950000000005E+02   6.1357950000000005E+02   7.1357950000000005E+02   5.1481399999999996E+02   6.1481399999999996E+02   7.1481399999999996E+02   5.1604849999999999E+02   6.1604849999999999E+02   7.1604849999999999E+02   5.1728300000000002E+02   6.1728300000000002E+02   7.1728300000000002E+02   5.1851750000000004E+02   6.1851750000000004E+02   7.1851750000000004E+02   5.1975199999999995E+02   6.1975199999999995E+02   7.1975199999999995E+02   5.2098649999999998E+02   6.2098649999999998E+02   7.2098649999999998E+02   5.2222100000000000E+02   6.2222100000000000E+02   7.2222100000000000E+02   5.2345550000000003E+02   6.2345550000000003E+02   7.2345550000000003E+02   5.2469000000000005E+02   6.2469000000000005E+02   7.2469000000000005E+02
--- ESMCI::Array::print start ---
 Base name    = Array008
 Status: Base = Ready,  object = Ready
 Proxy        = no
 Status: Base = Ready,  object = Ready
 Proxy        = no
 Root Info (Attributes):
{
  "ESMF": {
 Base name    = Array008
    "Instance": {
 Root Info (Attributes):
      "NamedAliasCount": 0
    }
{
  "ESMF": {
  }
    "Instance": {
 Status: Base = Ready,  object = Ready
}Array typekind/rank: Real*8 / 2 
      "NamedAliasCount": 0
    }
  }
 Proxy        = no
 Root Info (Attributes):
~ lower class' values ~
DistGrid dimCount = 2
}deCount = 4
localDeCount = 1
Array typekind/rank: Real*8 / 2 
~ lower class' values ~
{
DistGrid dimCount = 2
deCount = 4
~ local data in LocalArray for DE 3 ~
LocalArrayPrint: Array at address 0x11c005ce0:
  "ESMF": {
localDeCount = 1
            rank = 2, typekind = 6, base_addr = 0x105e13340
    "Instance": {
~ local data in LocalArray for DE 0 ~
            dim[0] = 3  dim[1] = 10  
LocalArrayPrint: Array at address 0x134c06570:
  Real, *8, Dim 2, Data values:
      "NamedAliasCount": 0
( 1, 1) =  5.4321
            rank = 2, typekind = 6, base_addr = 0x105c4b320
    }
( 2, 1) =  5.4321
            dim[0] = 3  dim[1] = 10  
  Real, *8, Dim 2, Data values:
( 3, 1) =  5.4321
( 1, 2) =  5.4321
  }
( 1, 1) =  513.58
( 2, 1) =  613.58
( 2, 2) =  5.4321
}( 3, 2) =  5.4321
( 3, 1) =  713.58
( 1, 3) =  5.4321
( 1, 2) =  514.814
Array typekind/rank: Real*8 / 2 
( 2, 3) =  5.4321
( 2, 2) =  614.814
( 3, 3) =  5.4321
( 3, 2) =  714.814
( 1, 3) =  516.048
~ lower class' values ~
( 1, 4) =  5.4321
  skipping to end ...
DistGrid dimCount = 2
( 2, 3) =  616.048
( 3, 3) =  716.048
( 3, 7) =  5.4321
deCount = 4
( 1, 4) =  517.283
  skipping to end ...
( 1, 8) =  5.4321
( 2, 8) =  5.4321
localDeCount = 1
( 3, 7) =  720.986
( 3, 8) =  5.4321
( 1, 9) =  5.4321
~ local data in LocalArray for DE 1 ~
( 1, 8) =  522.221
( 2, 8) =  622.221
( 2, 9) =  5.4321
LocalArrayPrint: Array at address 0x15261dc20:
( 3, 8) =  722.221
( 1, 9) =  523.456
( 3, 9) =  5.4321
( 1,10) =  5.4321
( 2,10) =  5.4321
            rank = 2, typekind = 6, base_addr = 0x102293340
( 2, 9) =  623.456
( 3, 9) =  723.456
( 3,10) =  5.4321
            dim[0] = 3  dim[1] = 10  
( 1,10) =  524.69
--- ESMCI::Array::print end ---
( 2,10) =  624.69
  Real, *8, Dim 2, Data values:
( 3,10) =  724.69
--- ESMCI::Array::print end ---
( 1, 1) =  1.2345
 localPet =  2 myFarray2D2:    0.0000000000000000   0.0000000000000000   0.0000000000000000   0.0000000000000000   0.0000000000000000   0.0000000000000000   0.0000000000000000   0.0000000000000000   0.0000000000000000   0.0000000000000000   0.0000000000000000   0.0000000000000000   0.0000000000000000   0.0000000000000000   0.0000000000000000   0.0000000000000000   0.0000000000000000   0.0000000000000000   0.0000000000000000   0.0000000000000000   0.0000000000000000   0.0000000000000000   0.0000000000000000   0.0000000000000000   0.0000000000000000   0.0000000000000000   0.0000000000000000   0.0000000000000000   0.0000000000000000   0.0000000000000000
( 2, 1) =  1.2345
  PASS  Example ESMF_ArrayScatterGatherEx, ESMF_ArrayScatterGatherEx.F90, line 328
( 3, 1) =  1.2345
( 1, 2) =  1.2345
( 2, 2) =  1.2345
( 3, 2) =  1.2345
( 1, 3) =  1.2345
( 2, 3) =  1.2345
( 3, 3) =  1.2345
( 1, 4) =  1.2345
  skipping to end ...
( 3, 7) =  1.2345
( 1, 8) =  1.2345
( 2, 8) =  1.2345
( 3, 8) =  1.2345
( 1, 9) =  1.2345
( 2, 9) =  1.2345
( 3, 9) =  1.2345
( 1,10) =  1.2345
( 2,10) =  1.2345
( 3,10) =  1.2345
--- ESMCI::Array::print end ---
 localPet =  3 myFarray2D2:    0.0000000000000000   0.0000000000000000   0.0000000000000000   0.0000000000000000   0.0000000000000000   0.0000000000000000   0.0000000000000000   0.0000000000000000   0.0000000000000000   0.0000000000000000   0.0000000000000000   0.0000000000000000   0.0000000000000000   0.0000000000000000   0.0000000000000000   0.0000000000000000   0.0000000000000000   0.0000000000000000   0.0000000000000000   0.0000000000000000   0.0000000000000000   0.0000000000000000   0.0000000000000000   0.0000000000000000   0.0000000000000000   0.0000000000000000   0.0000000000000000   0.0000000000000000   0.0000000000000000   0.0000000000000000
 localPet =  1 myFarray2D2:    0.0000000000000000   0.0000000000000000   0.0000000000000000   0.0000000000000000   0.0000000000000000   0.0000000000000000   0.0000000000000000   0.0000000000000000   0.0000000000000000   0.0000000000000000   0.0000000000000000   0.0000000000000000   0.0000000000000000   0.0000000000000000   0.0000000000000000   0.0000000000000000   0.0000000000000000   0.0000000000000000   0.0000000000000000   0.0000000000000000   0.0000000000000000   0.0000000000000000   0.0000000000000000   0.0000000000000000   0.0000000000000000   0.0000000000000000   0.0000000000000000   0.0000000000000000   0.0000000000000000   0.0000000000000000
  PASS  Example ESMF_ArrayScatterGatherEx, ESMF_ArrayScatterGatherEx.F90, line 328
 localPet =  0 myFarray2D2:    5.4320998191833496   5.4320998191833496   5.4320998191833496   5.4320998191833496   5.4320998191833496   5.4320998191833496   5.4320998191833496   5.4320998191833496   5.4320998191833496   5.4320998191833496   5.4320998191833496   5.4320998191833496   5.4320998191833496   5.4320998191833496   5.4320998191833496   5.4320998191833496   5.4320998191833496   5.4320998191833496   5.4320998191833496   5.4320998191833496   5.4320998191833496   5.4320998191833496   5.4320998191833496   5.4320998191833496   5.4320998191833496   5.4320998191833496   5.4320998191833496   5.4320998191833496   5.4320998191833496   5.4320998191833496
  PASS  Example ESMF_ArrayScatterGatherEx, ESMF_ArrayScatterGatherEx.F90, line 328
  PASS  Example ESMF_ArrayScatterGatherEx, ESMF_ArrayScatterGatherEx.F90, line 328
 PASS: ESMF_ArrayScatterGatherEx.F90
 PASS: ESMF_ArrayScatterGatherEx.F90
 PASS: ESMF_ArrayScatterGatherEx.F90
 PASS: ESMF_ArrayScatterGatherEx.F90
