2026-08-20 23:23:16
20260820 234422.042 INFO             PET0 !!!!!!!!!!!!!!!!!!!!!!!!!!!!!!!!!!!!!!!!!!!!!!!!!!!!!!
20260820 234422.042 INFO             PET0 !!! THE ESMF_LOG IS SET TO OUTPUT ALL LOG MESSAGES !!!
20260820 234422.042 INFO             PET0 !!!     THIS MAY CAUSE SLOWDOWN IN PERFORMANCE     !!!
20260820 234422.042 INFO             PET0 !!! FOR PRODUCTION RUNS, USE:                      !!!
20260820 234422.042 INFO             PET0 !!!                   ESMF_LOGKIND_Multi_On_Error  !!!
20260820 234422.042 INFO             PET0 !!!!!!!!!!!!!!!!!!!!!!!!!!!!!!!!!!!!!!!!!!!!!!!!!!!!!!
20260820 234422.042 INFO             PET0 Running with ESMF Version   : develop+gd8cb7c6c83
20260820 234422.042 INFO             PET0 ESMF library build date/time: "Aug 20 2026" "23:21:59"
20260820 234422.042 INFO             PET0 ESMF library build location : /usr/local/esmf/esmf-testing/nag_7.2.44_openmpi_g_develop/esmf
20260820 234422.042 INFO             PET0 ESMF_COMM                   : openmpi
20260820 234422.042 INFO             PET0 ESMF_MOAB                   : enabled
20260820 234422.042 INFO             PET0 ESMF_LAPACK                 : enabled
20260820 234422.042 INFO             PET0 ESMF_NETCDF                 : enabled
20260820 234422.042 INFO             PET0 ESMF_PNETCDF                : disabled
20260820 234422.042 INFO             PET0 ESMF_PIO                    : enabled
20260820 234422.042 INFO             PET0 ESMF_YAMLCPP                : enabled
20260820 234422.042 INFO             PET0  NUMBER_OF_PROCESSORS 4
20260820 234422.042 INFO             PET0  PASS  Example ESMF_VMUserMpiCommMultiEx, ESMF_VMUserMpiCommMultiEx.F90, line 126
20260820 234422.042 INFO             PET0  Finalizing ESMF with endflag==ESMF_END_KEEPMPI
20260820 234422.034 INFO             PET0 !!!!!!!!!!!!!!!!!!!!!!!!!!!!!!!!!!!!!!!!!!!!!!!!!!!!!!
20260820 234422.035 INFO             PET0 !!! THE ESMF_LOG IS SET TO OUTPUT ALL LOG MESSAGES !!!
20260820 234422.035 INFO             PET0 !!!     THIS MAY CAUSE SLOWDOWN IN PERFORMANCE     !!!
20260820 234422.035 INFO             PET0 !!! FOR PRODUCTION RUNS, USE:                      !!!
20260820 234422.035 INFO             PET0 !!!                   ESMF_LOGKIND_Multi_On_Error  !!!
20260820 234422.035 INFO             PET0 !!!!!!!!!!!!!!!!!!!!!!!!!!!!!!!!!!!!!!!!!!!!!!!!!!!!!!
20260820 234422.035 INFO             PET0 Running with ESMF Version   : develop+gd8cb7c6c83
20260820 234422.035 INFO             PET0 ESMF library build date/time: "Aug 20 2026" "23:21:59"
20260820 234422.035 INFO             PET0 ESMF library build location : /usr/local/esmf/esmf-testing/nag_7.2.44_openmpi_g_develop/esmf
20260820 234422.035 INFO             PET0 ESMF_COMM                   : openmpi
20260820 234422.035 INFO             PET0 ESMF_MOAB                   : enabled
20260820 234422.035 INFO             PET0 ESMF_LAPACK                 : enabled
20260820 234422.035 INFO             PET0 ESMF_NETCDF                 : enabled
20260820 234422.035 INFO             PET0 ESMF_PNETCDF                : disabled
20260820 234422.035 INFO             PET0 ESMF_PIO                    : enabled
20260820 234422.035 INFO             PET0 ESMF_YAMLCPP                : enabled
20260820 234422.035 INFO             PET0  NUMBER_OF_PROCESSORS 4
20260820 234422.035 INFO             PET0  PASS  Example ESMF_VMUserMpiCommMultiEx, ESMF_VMUserMpiCommMultiEx.F90, line 154
20260820 234422.035 INFO             PET0  Finalizing ESMF with endflag==ESMF_END_KEEPMPI
20260820 234422.041 INFO             PET1 !!!!!!!!!!!!!!!!!!!!!!!!!!!!!!!!!!!!!!!!!!!!!!!!!!!!!!
20260820 234422.042 INFO             PET1 !!! THE ESMF_LOG IS SET TO OUTPUT ALL LOG MESSAGES !!!
20260820 234422.042 INFO             PET1 !!!     THIS MAY CAUSE SLOWDOWN IN PERFORMANCE     !!!
20260820 234422.042 INFO             PET1 !!! FOR PRODUCTION RUNS, USE:                      !!!
20260820 234422.042 INFO             PET1 !!!                   ESMF_LOGKIND_Multi_On_Error  !!!
20260820 234422.042 INFO             PET1 !!!!!!!!!!!!!!!!!!!!!!!!!!!!!!!!!!!!!!!!!!!!!!!!!!!!!!
20260820 234422.042 INFO             PET1 Running with ESMF Version   : develop+gd8cb7c6c83
20260820 234422.042 INFO             PET1 ESMF library build date/time: "Aug 20 2026" "23:21:59"
20260820 234422.042 INFO             PET1 ESMF library build location : /usr/local/esmf/esmf-testing/nag_7.2.44_openmpi_g_develop/esmf
20260820 234422.042 INFO             PET1 ESMF_COMM                   : openmpi
20260820 234422.042 INFO             PET1 ESMF_MOAB                   : enabled
20260820 234422.042 INFO             PET1 ESMF_LAPACK                 : enabled
20260820 234422.042 INFO             PET1 ESMF_NETCDF                 : enabled
20260820 234422.042 INFO             PET1 ESMF_PNETCDF                : disabled
20260820 234422.042 INFO             PET1 ESMF_PIO                    : enabled
20260820 234422.042 INFO             PET1 ESMF_YAMLCPP                : enabled
20260820 234422.042 INFO             PET1  NUMBER_OF_PROCESSORS 4
20260820 234422.042 INFO             PET1  PASS  Example ESMF_VMUserMpiCommMultiEx, ESMF_VMUserMpiCommMultiEx.F90, line 126
20260820 234422.042 INFO             PET1  Finalizing ESMF with endflag==ESMF_END_KEEPMPI
20260820 234422.034 INFO             PET1 !!!!!!!!!!!!!!!!!!!!!!!!!!!!!!!!!!!!!!!!!!!!!!!!!!!!!!
20260820 234422.035 INFO             PET1 !!! THE ESMF_LOG IS SET TO OUTPUT ALL LOG MESSAGES !!!
20260820 234422.035 INFO             PET1 !!!     THIS MAY CAUSE SLOWDOWN IN PERFORMANCE     !!!
20260820 234422.035 INFO             PET1 !!! FOR PRODUCTION RUNS, USE:                      !!!
20260820 234422.035 INFO             PET1 !!!                   ESMF_LOGKIND_Multi_On_Error  !!!
20260820 234422.035 INFO             PET1 !!!!!!!!!!!!!!!!!!!!!!!!!!!!!!!!!!!!!!!!!!!!!!!!!!!!!!
20260820 234422.035 INFO             PET1 Running with ESMF Version   : develop+gd8cb7c6c83
20260820 234422.035 INFO             PET1 ESMF library build date/time: "Aug 20 2026" "23:21:59"
20260820 234422.035 INFO             PET1 ESMF library build location : /usr/local/esmf/esmf-testing/nag_7.2.44_openmpi_g_develop/esmf
20260820 234422.035 INFO             PET1 ESMF_COMM                   : openmpi
20260820 234422.035 INFO             PET1 ESMF_MOAB                   : enabled
20260820 234422.035 INFO             PET1 ESMF_LAPACK                 : enabled
20260820 234422.035 INFO             PET1 ESMF_NETCDF                 : enabled
20260820 234422.035 INFO             PET1 ESMF_PNETCDF                : disabled
20260820 234422.035 INFO             PET1 ESMF_PIO                    : enabled
20260820 234422.035 INFO             PET1 ESMF_YAMLCPP                : enabled
20260820 234422.035 INFO             PET1  NUMBER_OF_PROCESSORS 4
20260820 234422.035 INFO             PET1  PASS  Example ESMF_VMUserMpiCommMultiEx, ESMF_VMUserMpiCommMultiEx.F90, line 154
20260820 234422.035 INFO             PET1  Finalizing ESMF with endflag==ESMF_END_KEEPMPI
