2026-08-10 23:00:05
 localPET= 0  localDE= 0 : array( 1 , 1 )=  2.2007954611240033E-314
 localPET= 0  localDE= 0 : array( 1 , 2 )=  6.1091634754708511E+223
 localPET= 0  localDE= 0 : array( 2 , 1 )=  6.0134693029502766E-154
 localPET= 1  localDE= 0 : array( 1 , 1 )=  2.1884428397517308E-314
 localPET= 1  localDE= 0 : array( 1 , 2 )=   0.0000000000000000
 localPET= 1  localDE= 0 : array( 2 , 1 )=  8.7084010735978116E-320
 localPET= 1  localDE= 0 : array( 2 , 2 )=  -3.0158267091613739E+58
 localPET= 1  localDE= 1 : array( 1 , 1 )=  2.1884428397517308E-314
 localPET= 1  localDE= 1 : array( 2 , 1 )=  -3.0158267091712007E+58
 localPET= 2  localDE= 0 : array( 1 , 1 )=  2.1897137188837405E-314
 localPET= 2  localDE= 0 : array( 1 , 2 )=  6.1091634754708511E+223
 localPET= 2  localDE= 0 : array( 2 , 1 )=  6.0134693029502766E-154
 localPET= 2  localDE= 0 : array( 2 , 2 )=  4.3304643993177403E-312
 localPET= 2  localDE= 0 : array( 3 , 1 )=  6.0134700169990685E-154
 localPET= 2  localDE= 0 : array( 3 , 2 )=  -3.0158267091613739E+58
 localPET= 0  localDE= 0 : array( 2 , 2 )=  4.3304643993177403E-312
 localPET= 0  localDE= 0 : array( 3 , 1 )=  6.0134700169990685E-154
 localPET= 0  localDE= 0 : array( 3 , 2 )=  -3.0158267091613739E+58
 localPET= 0  localDE= 1 : array( 1 , 1 )=  2.2007954611240033E-314
 localPET= 0  localDE= 1 : array( 2 , 1 )=  8.7084010735978116E-320
 localPET= 0  localDE= 1 : array( 3 , 1 )=  -3.0158267091613739E+58
 localPET= 3  localDE= 0 : array( 1 , 1 )=  2.1646684957344540E-314
 localPET= 3  localDE= 0 : array( 1 , 2 )=   0.0000000000000000
 localPET= 3  localDE= 0 : array( 2 , 1 )=  8.7084010735978116E-320
 localPET= 3  localDE= 0 : array( 2 , 2 )=  -3.0158267091613739E+58
 localPet:  2 DE  2  [ 1 3 ]
 localPet:  1 DE  1  [ 1 2 ]
 localPet:  1 DE  5  [ 1 2 ]
 localPet:  0 DE  0  [ 1 3 ]
 localPet:  0 DE  4  [ 1 3 ]
 localPet:  3 DE  3  [ 1 2 ]
  PASS  Example ESMF_ArrayEx, ESMF_ArrayEx.F90, line 1901
 PASS: ESMF_ArrayEx.F90
  PASS  Example ESMF_ArrayEx, ESMF_ArrayEx.F90, line 1901
 PASS: ESMF_ArrayEx.F90
  PASS  Example ESMF_ArrayEx, ESMF_ArrayEx.F90, line 1901
 PASS: ESMF_ArrayEx.F90
  PASS  Example ESMF_ArrayEx, ESMF_ArrayEx.F90, line 1901
 PASS: ESMF_ArrayEx.F90
