2026-06-12 18:43:01
20260612 191638.681 INFO             PET0 !!!!!!!!!!!!!!!!!!!!!!!!!!!!!!!!!!!!!!!!!!!!!!!!!!!!!!
20260612 191638.682 INFO             PET0 !!! THE ESMF_LOG IS SET TO OUTPUT ALL LOG MESSAGES !!!
20260612 191638.682 INFO             PET0 !!!     THIS MAY CAUSE SLOWDOWN IN PERFORMANCE     !!!
20260612 191638.682 INFO             PET0 !!! FOR PRODUCTION RUNS, USE:                      !!!
20260612 191638.682 INFO             PET0 !!!                   ESMF_LOGKIND_Multi_On_Error  !!!
20260612 191638.682 INFO             PET0 !!!!!!!!!!!!!!!!!!!!!!!!!!!!!!!!!!!!!!!!!!!!!!!!!!!!!!
20260612 191638.682 INFO             PET0 Running with ESMF Version   : fix/cmake-config+g934ef940c2
20260612 191638.682 INFO             PET0 ESMF library build date/time: "Jun 12 2026" "18:41:52"
20260612 191638.682 INFO             PET0 ESMF library build location : /Users/theurich/ESMF-Nightly-Testing/gfortran_14.2.0_mpich_g_fix_cmake-config/esmf
20260612 191638.682 INFO             PET0 ESMF_COMM                   : mpich
20260612 191638.682 INFO             PET0 ESMF_MOAB                   : enabled
20260612 191638.682 INFO             PET0 ESMF_LAPACK                 : enabled
20260612 191638.682 INFO             PET0 ESMF_NETCDF                 : enabled
20260612 191638.682 INFO             PET0 ESMF_PNETCDF                : disabled
20260612 191638.682 INFO             PET0 ESMF_PIO                    : enabled
20260612 191638.682 INFO             PET0 ESMF_YAMLCPP                : enabled
20260612 191638.688 INFO             PET0  NUMBER_OF_PROCESSORS           2
20260612 191638.688 INFO             PET0  PASS  Example ESMF_VMUserMpiCommEx, ESMF_VMUserMpiCommEx.F90, line 113
20260612 191638.688 INFO             PET0  Finalizing ESMF with endflag==ESMF_END_KEEPMPI
20260612 191638.682 INFO             PET1 !!!!!!!!!!!!!!!!!!!!!!!!!!!!!!!!!!!!!!!!!!!!!!!!!!!!!!
20260612 191638.687 INFO             PET1 !!! THE ESMF_LOG IS SET TO OUTPUT ALL LOG MESSAGES !!!
20260612 191638.687 INFO             PET1 !!!     THIS MAY CAUSE SLOWDOWN IN PERFORMANCE     !!!
20260612 191638.687 INFO             PET1 !!! FOR PRODUCTION RUNS, USE:                      !!!
20260612 191638.687 INFO             PET1 !!!                   ESMF_LOGKIND_Multi_On_Error  !!!
20260612 191638.687 INFO             PET1 !!!!!!!!!!!!!!!!!!!!!!!!!!!!!!!!!!!!!!!!!!!!!!!!!!!!!!
20260612 191638.687 INFO             PET1 Running with ESMF Version   : fix/cmake-config+g934ef940c2
20260612 191638.687 INFO             PET1 ESMF library build date/time: "Jun 12 2026" "18:41:52"
20260612 191638.687 INFO             PET1 ESMF library build location : /Users/theurich/ESMF-Nightly-Testing/gfortran_14.2.0_mpich_g_fix_cmake-config/esmf
20260612 191638.687 INFO             PET1 ESMF_COMM                   : mpich
20260612 191638.687 INFO             PET1 ESMF_MOAB                   : enabled
20260612 191638.687 INFO             PET1 ESMF_LAPACK                 : enabled
20260612 191638.687 INFO             PET1 ESMF_NETCDF                 : enabled
20260612 191638.687 INFO             PET1 ESMF_PNETCDF                : disabled
20260612 191638.687 INFO             PET1 ESMF_PIO                    : enabled
20260612 191638.687 INFO             PET1 ESMF_YAMLCPP                : enabled
20260612 191638.688 INFO             PET1  NUMBER_OF_PROCESSORS           2
20260612 191638.688 INFO             PET1  PASS  Example ESMF_VMUserMpiCommEx, ESMF_VMUserMpiCommEx.F90, line 113
20260612 191638.688 INFO             PET1  Finalizing ESMF with endflag==ESMF_END_KEEPMPI
