2026-06-26 03:51:09
20260626 043338.749 INFO             PET0 !!!!!!!!!!!!!!!!!!!!!!!!!!!!!!!!!!!!!!!!!!!!!!!!!!!!!!
20260626 043338.749 INFO             PET0 !!! THE ESMF_LOG IS SET TO OUTPUT ALL LOG MESSAGES !!!
20260626 043338.749 INFO             PET0 !!!     THIS MAY CAUSE SLOWDOWN IN PERFORMANCE     !!!
20260626 043338.749 INFO             PET0 !!! FOR PRODUCTION RUNS, USE:                      !!!
20260626 043338.749 INFO             PET0 !!!                   ESMF_LOGKIND_Multi_On_Error  !!!
20260626 043338.749 INFO             PET0 !!!!!!!!!!!!!!!!!!!!!!!!!!!!!!!!!!!!!!!!!!!!!!!!!!!!!!
20260626 043338.749 INFO             PET0 Running with ESMF Version   : develop+g8b88b841bc
20260626 043338.749 INFO             PET0 ESMF library build date/time: "Jun 26 2026" "03:49:15"
20260626 043338.749 INFO             PET0 ESMF library build location : /tmp/cce_20.0.2_mpi_g_develop/esmf
20260626 043338.749 INFO             PET0 ESMF_COMM                   : mpi
20260626 043338.749 INFO             PET0 ESMF_MOAB                   : enabled
20260626 043338.749 INFO             PET0 ESMF_LAPACK                 : enabled
20260626 043338.749 INFO             PET0 ESMF_NETCDF                 : enabled
20260626 043338.749 INFO             PET0 ESMF_PNETCDF                : disabled
20260626 043338.749 INFO             PET0 ESMF_PIO                    : enabled
20260626 043338.749 INFO             PET0 ESMF_YAMLCPP                : enabled
20260626 043338.750 INFO             PET0  NUMBER_OF_PROCESSORS 4
20260626 043338.750 INFO             PET0  PASS  Example ESMF_VMNonBlockingEx, ESMF_VMNonBlockingEx.F90, line 433
20260626 043338.750 INFO             PET0  Finalizing ESMF
20260626 043338.749 INFO             PET1 !!!!!!!!!!!!!!!!!!!!!!!!!!!!!!!!!!!!!!!!!!!!!!!!!!!!!!
20260626 043338.749 INFO             PET1 !!! THE ESMF_LOG IS SET TO OUTPUT ALL LOG MESSAGES !!!
20260626 043338.749 INFO             PET1 !!!     THIS MAY CAUSE SLOWDOWN IN PERFORMANCE     !!!
20260626 043338.749 INFO             PET1 !!! FOR PRODUCTION RUNS, USE:                      !!!
20260626 043338.749 INFO             PET1 !!!                   ESMF_LOGKIND_Multi_On_Error  !!!
20260626 043338.749 INFO             PET1 !!!!!!!!!!!!!!!!!!!!!!!!!!!!!!!!!!!!!!!!!!!!!!!!!!!!!!
20260626 043338.749 INFO             PET1 Running with ESMF Version   : develop+g8b88b841bc
20260626 043338.749 INFO             PET1 ESMF library build date/time: "Jun 26 2026" "03:49:15"
20260626 043338.749 INFO             PET1 ESMF library build location : /tmp/cce_20.0.2_mpi_g_develop/esmf
20260626 043338.749 INFO             PET1 ESMF_COMM                   : mpi
20260626 043338.749 INFO             PET1 ESMF_MOAB                   : enabled
20260626 043338.749 INFO             PET1 ESMF_LAPACK                 : enabled
20260626 043338.749 INFO             PET1 ESMF_NETCDF                 : enabled
20260626 043338.749 INFO             PET1 ESMF_PNETCDF                : disabled
20260626 043338.749 INFO             PET1 ESMF_PIO                    : enabled
20260626 043338.749 INFO             PET1 ESMF_YAMLCPP                : enabled
20260626 043338.750 INFO             PET1  NUMBER_OF_PROCESSORS 4
20260626 043338.750 INFO             PET1  PASS  Example ESMF_VMNonBlockingEx, ESMF_VMNonBlockingEx.F90, line 433
20260626 043338.750 INFO             PET1  Finalizing ESMF
20260626 043338.749 INFO             PET2 !!!!!!!!!!!!!!!!!!!!!!!!!!!!!!!!!!!!!!!!!!!!!!!!!!!!!!
20260626 043338.749 INFO             PET2 !!! THE ESMF_LOG IS SET TO OUTPUT ALL LOG MESSAGES !!!
20260626 043338.749 INFO             PET2 !!!     THIS MAY CAUSE SLOWDOWN IN PERFORMANCE     !!!
20260626 043338.749 INFO             PET2 !!! FOR PRODUCTION RUNS, USE:                      !!!
20260626 043338.749 INFO             PET2 !!!                   ESMF_LOGKIND_Multi_On_Error  !!!
20260626 043338.749 INFO             PET2 !!!!!!!!!!!!!!!!!!!!!!!!!!!!!!!!!!!!!!!!!!!!!!!!!!!!!!
20260626 043338.749 INFO             PET2 Running with ESMF Version   : develop+g8b88b841bc
20260626 043338.749 INFO             PET2 ESMF library build date/time: "Jun 26 2026" "03:49:15"
20260626 043338.749 INFO             PET2 ESMF library build location : /tmp/cce_20.0.2_mpi_g_develop/esmf
20260626 043338.749 INFO             PET2 ESMF_COMM                   : mpi
20260626 043338.749 INFO             PET2 ESMF_MOAB                   : enabled
20260626 043338.749 INFO             PET2 ESMF_LAPACK                 : enabled
20260626 043338.749 INFO             PET2 ESMF_NETCDF                 : enabled
20260626 043338.749 INFO             PET2 ESMF_PNETCDF                : disabled
20260626 043338.749 INFO             PET2 ESMF_PIO                    : enabled
20260626 043338.749 INFO             PET2 ESMF_YAMLCPP                : enabled
20260626 043338.750 INFO             PET2  NUMBER_OF_PROCESSORS 4
20260626 043338.750 INFO             PET2  PASS  Example ESMF_VMNonBlockingEx, ESMF_VMNonBlockingEx.F90, line 433
20260626 043338.750 INFO             PET2  Finalizing ESMF
20260626 043338.749 INFO             PET3 !!!!!!!!!!!!!!!!!!!!!!!!!!!!!!!!!!!!!!!!!!!!!!!!!!!!!!
20260626 043338.749 INFO             PET3 !!! THE ESMF_LOG IS SET TO OUTPUT ALL LOG MESSAGES !!!
20260626 043338.749 INFO             PET3 !!!     THIS MAY CAUSE SLOWDOWN IN PERFORMANCE     !!!
20260626 043338.749 INFO             PET3 !!! FOR PRODUCTION RUNS, USE:                      !!!
20260626 043338.749 INFO             PET3 !!!                   ESMF_LOGKIND_Multi_On_Error  !!!
20260626 043338.749 INFO             PET3 !!!!!!!!!!!!!!!!!!!!!!!!!!!!!!!!!!!!!!!!!!!!!!!!!!!!!!
20260626 043338.749 INFO             PET3 Running with ESMF Version   : develop+g8b88b841bc
20260626 043338.749 INFO             PET3 ESMF library build date/time: "Jun 26 2026" "03:49:15"
20260626 043338.749 INFO             PET3 ESMF library build location : /tmp/cce_20.0.2_mpi_g_develop/esmf
20260626 043338.749 INFO             PET3 ESMF_COMM                   : mpi
20260626 043338.749 INFO             PET3 ESMF_MOAB                   : enabled
20260626 043338.749 INFO             PET3 ESMF_LAPACK                 : enabled
20260626 043338.749 INFO             PET3 ESMF_NETCDF                 : enabled
20260626 043338.749 INFO             PET3 ESMF_PNETCDF                : disabled
20260626 043338.749 INFO             PET3 ESMF_PIO                    : enabled
20260626 043338.749 INFO             PET3 ESMF_YAMLCPP                : enabled
20260626 043338.750 INFO             PET3  NUMBER_OF_PROCESSORS 4
20260626 043338.750 INFO             PET3  PASS  Example ESMF_VMNonBlockingEx, ESMF_VMNonBlockingEx.F90, line 433
20260626 043338.750 INFO             PET3  Finalizing ESMF
