 
Installing ESMF:
 
mkdir -p /usr/local/esmf/esmf-testing/gfortranclang_14.2.0_17.0.0_mpiuni_O_develop/esmf/DEFAULTINSTALLDIR/include
cp -f /usr/local/esmf/esmf-testing/gfortranclang_14.2.0_17.0.0_mpiuni_O_develop/esmf/src/include/NUOPC.h /usr/local/esmf/esmf-testing/gfortranclang_14.2.0_17.0.0_mpiuni_O_develop/esmf/DEFAULTINSTALLDIR/include
cp -f /usr/local/esmf/esmf-testing/gfortranclang_14.2.0_17.0.0_mpiuni_O_develop/esmf/src/include/ESMC.h /usr/local/esmf/esmf-testing/gfortranclang_14.2.0_17.0.0_mpiuni_O_develop/esmf/DEFAULTINSTALLDIR/include
cp -f /usr/local/esmf/esmf-testing/gfortranclang_14.2.0_17.0.0_mpiuni_O_develop/esmf/src/include/ESMC_*.h /usr/local/esmf/esmf-testing/gfortranclang_14.2.0_17.0.0_mpiuni_O_develop/esmf/DEFAULTINSTALLDIR/include
cp -f /usr/local/esmf/esmf-testing/gfortranclang_14.2.0_17.0.0_mpiuni_O_develop/esmf/build_config/Darwin.gfortranclang.default/ESMC_Conf.h /usr/local/esmf/esmf-testing/gfortranclang_14.2.0_17.0.0_mpiuni_O_develop/esmf/DEFAULTINSTALLDIR/include
cp -fr /usr/local/esmf/esmf-testing/gfortranclang_14.2.0_17.0.0_mpiuni_O_develop/esmf/src/addon/ESMX /usr/local/esmf/esmf-testing/gfortranclang_14.2.0_17.0.0_mpiuni_O_develop/esmf/DEFAULTINSTALLDIR/include
mkdir -p /usr/local/esmf/esmf-testing/gfortranclang_14.2.0_17.0.0_mpiuni_O_develop/esmf/DEFAULTINSTALLDIR/cmake
cp -f /usr/local/esmf/esmf-testing/gfortranclang_14.2.0_17.0.0_mpiuni_O_develop/esmf/cmake/FindESMF.cmake /usr/local/esmf/esmf-testing/gfortranclang_14.2.0_17.0.0_mpiuni_O_develop/esmf/DEFAULTINSTALLDIR/cmake
mkdir -p /usr/local/esmf/esmf-testing/gfortranclang_14.2.0_17.0.0_mpiuni_O_develop/esmf/DEFAULTINSTALLDIR/mod/modO/Darwin.gfortranclang.64.mpiuni.default
cp -f /usr/local/esmf/esmf-testing/gfortranclang_14.2.0_17.0.0_mpiuni_O_develop/esmf/mod/modO/Darwin.gfortranclang.64.mpiuni.default/*.mod /usr/local/esmf/esmf-testing/gfortranclang_14.2.0_17.0.0_mpiuni_O_develop/esmf/DEFAULTINSTALLDIR/mod/modO/Darwin.gfortranclang.64.mpiuni.default
mkdir -p /usr/local/esmf/esmf-testing/gfortranclang_14.2.0_17.0.0_mpiuni_O_develop/esmf/DEFAULTINSTALLDIR/lib/libO/Darwin.gfortranclang.64.mpiuni.default
cp -f /usr/local/esmf/esmf-testing/gfortranclang_14.2.0_17.0.0_mpiuni_O_develop/esmf/lib/libO/Darwin.gfortranclang.64.mpiuni.default/libesmf*.* /usr/local/esmf/esmf-testing/gfortranclang_14.2.0_17.0.0_mpiuni_O_develop/esmf/DEFAULTINSTALLDIR/lib/libO/Darwin.gfortranclang.64.mpiuni.default
cp -f /usr/local/esmf/esmf-testing/gfortranclang_14.2.0_17.0.0_mpiuni_O_develop/esmf/lib/libO/Darwin.gfortranclang.64.mpiuni.default/libpioc.* /usr/local/esmf/esmf-testing/gfortranclang_14.2.0_17.0.0_mpiuni_O_develop/esmf/DEFAULTINSTALLDIR/lib/libO/Darwin.gfortranclang.64.mpiuni.default
make ESMF_PRELOADDIR=/usr/local/esmf/esmf-testing/gfortranclang_14.2.0_17.0.0_mpiuni_O_develop/esmf/DEFAULTINSTALLDIR/lib/libO/Darwin.gfortranclang.64.mpiuni.default build_preload_script
make[1]: Entering directory '/usr/local/esmf/esmf-testing/gfortranclang_14.2.0_17.0.0_mpiuni_O_develop/esmf'
chmod 755 /usr/local/esmf/esmf-testing/gfortranclang_14.2.0_17.0.0_mpiuni_O_develop/esmf/DEFAULTINSTALLDIR/lib/libO/Darwin.gfortranclang.64.mpiuni.default/preload.sh
make[1]: Leaving directory '/usr/local/esmf/esmf-testing/gfortranclang_14.2.0_17.0.0_mpiuni_O_develop/esmf'
ranlib /usr/local/esmf/esmf-testing/gfortranclang_14.2.0_17.0.0_mpiuni_O_develop/esmf/DEFAULTINSTALLDIR/lib/libO/Darwin.gfortranclang.64.mpiuni.default/libesmf*.a
make install_apps
make[1]: Entering directory '/usr/local/esmf/esmf-testing/gfortranclang_14.2.0_17.0.0_mpiuni_O_develop/esmf'
mkdir -p /usr/local/esmf/esmf-testing/gfortranclang_14.2.0_17.0.0_mpiuni_O_develop/esmf/DEFAULTINSTALLDIR/bin/binO/Darwin.gfortranclang.64.mpiuni.default
make build_apps ESMF_APPSDIR=/usr/local/esmf/esmf-testing/gfortranclang_14.2.0_17.0.0_mpiuni_O_develop/esmf/DEFAULTINSTALLDIR/bin/binO/Darwin.gfortranclang.64.mpiuni.default ESMF_LDIR=/usr/local/esmf/esmf-testing/gfortranclang_14.2.0_17.0.0_mpiuni_O_develop/esmf/DEFAULTINSTALLDIR/lib/libO/Darwin.gfortranclang.64.mpiuni.default ESMF_LIBDIR=/usr/local/esmf/esmf-testing/gfortranclang_14.2.0_17.0.0_mpiuni_O_develop/esmf/DEFAULTINSTALLDIR/lib/libO/Darwin.gfortranclang.64.mpiuni.default ESMF_MODDIR=/usr/local/esmf/esmf-testing/gfortranclang_14.2.0_17.0.0_mpiuni_O_develop/esmf/DEFAULTINSTALLDIR/mod/modO/Darwin.gfortranclang.64.mpiuni.default
make[2]: Entering directory '/usr/local/esmf/esmf-testing/gfortranclang_14.2.0_17.0.0_mpiuni_O_develop/esmf'
cd /usr/local/esmf/esmf-testing/gfortranclang_14.2.0_17.0.0_mpiuni_O_develop/esmf/src/apps; make ACTION=tree_build_apps tree
make[3]: Entering directory '/usr/local/esmf/esmf-testing/gfortranclang_14.2.0_17.0.0_mpiuni_O_develop/esmf/src/apps'
tree_build_apps in: /usr/local/esmf/esmf-testing/gfortranclang_14.2.0_17.0.0_mpiuni_O_develop/esmf/src/apps/ESMF_PrintInfo
make[4]: Entering directory '/usr/local/esmf/esmf-testing/gfortranclang_14.2.0_17.0.0_mpiuni_O_develop/esmf/src/apps/ESMF_PrintInfo'
make chkdir_locobj
make[5]: Entering directory '/usr/local/esmf/esmf-testing/gfortranclang_14.2.0_17.0.0_mpiuni_O_develop/esmf/src/apps/ESMF_PrintInfo'
Making directory /usr/local/esmf/esmf-testing/gfortranclang_14.2.0_17.0.0_mpiuni_O_develop/esmf/obj/objO/Darwin.gfortranclang.64.mpiuni.default/src/apps/ESMF_PrintInfo for apps output
make[5]: Leaving directory '/usr/local/esmf/esmf-testing/gfortranclang_14.2.0_17.0.0_mpiuni_O_develop/esmf/src/apps/ESMF_PrintInfo'
gfortran -c -O  -fPIC -pthread -frecursive -ffree-line-length-none -fno-backtrace -I/usr/local/esmf/esmf-testing/gfortranclang_14.2.0_17.0.0_mpiuni_O_develop/esmf/src/apps/ESMF_PrintInfo -I/usr/local/esmf/esmf-testing/gfortranclang_14.2.0_17.0.0_mpiuni_O_develop/esmf/build_config/Darwin.gfortranclang.default -I/usr/local/esmf/esmf-testing/gfortranclang_14.2.0_17.0.0_mpiuni_O_develop/esmf/src/Infrastructure -I/usr/local/esmf/esmf-testing/gfortranclang_14.2.0_17.0.0_mpiuni_O_develop/esmf/src/Superstructure -I/usr/local/esmf/esmf-testing/gfortranclang_14.2.0_17.0.0_mpiuni_O_develop/esmf/DEFAULTINSTALLDIR/mod/modO/Darwin.gfortranclang.64.mpiuni.default -I/usr/local/esmf/esmf-testing/gfortranclang_14.2.0_17.0.0_mpiuni_O_develop/esmf/src/include -I/usr/local/esmf/spack/opt/spack/darwin-m1/netcdf-c-4.9.2-wmtjeqbdv63pjdyekwe43loqlu5w3qzx/include -I/usr/local/esmf/spack/opt/spack/darwin-m1/netcdf-fortran-4.6.2-vnbwfbw24arlpeln3wwc7ji7h235hn2n/include  -DESMF_NO_INTEGER_1_BYTE -DESMF_NO_INTEGER_2_BYTE -DESMF_VERSION_STRING_GIT='"develop+g1082792c4b"' -DESMF_MPIUNI -I/usr/local/esmf/esmf-testing/gfortranclang_14.2.0_17.0.0_mpiuni_O_develop/esmf/src/Infrastructure/stubs/mpiuni -DESMF_LOWERCASE_SINGLEUNDERSCORE -DESMF_MOAB=1 -DESMF_LAPACK=1 -DESMF_LAPACK_INTERNAL=1 -DESMF_NO_ACC_SOFTWARE_STACK=1 -DESMF_PIO=1 -DESMF_NETCDF=1 -DYAML=ESMF_YAML -DESMF_YAMLCPP=1 -DESMF_NO_OPENMP -DESMF_NO_OPENACC -DESMF_TESTEXHAUSTIVE -DESMF_BOPT_O -DESMF_TESTPERFORMANCE -DESMF_TESTCOMPTUNNEL -DESMF_TESTWITHTHREADS -DS64=1 -DESMF_OS_Darwin=1 -DESMF_COMM=mpiuni -DESMF_DIR=/usr/local/esmf/esmf-testing/gfortranclang_14.2.0_17.0.0_mpiuni_O_develop/esmf ESMF_PrintInfo.F90 -o /usr/local/esmf/esmf-testing/gfortranclang_14.2.0_17.0.0_mpiuni_O_develop/esmf/obj/objO/Darwin.gfortranclang.64.mpiuni.default/src/apps/ESMF_PrintInfo/ESMF_PrintInfo.o
make chkdir_apps
make[5]: Entering directory '/usr/local/esmf/esmf-testing/gfortranclang_14.2.0_17.0.0_mpiuni_O_develop/esmf/src/apps/ESMF_PrintInfo'
make[5]: Leaving directory '/usr/local/esmf/esmf-testing/gfortranclang_14.2.0_17.0.0_mpiuni_O_develop/esmf/src/apps/ESMF_PrintInfo'
clang++   -pthread -L/usr/local/esmf/esmf-testing/gfortranclang_14.2.0_17.0.0_mpiuni_O_develop/esmf/DEFAULTINSTALLDIR/lib/libO/Darwin.gfortranclang.64.mpiuni.default -L/usr/local/esmf/spack/opt/spack/darwin-m1/netcdf-c-4.9.2-wmtjeqbdv63pjdyekwe43loqlu5w3qzx/lib -L/usr/local/esmf/spack/opt/spack/darwin-m1/netcdf-fortran-4.6.2-vnbwfbw24arlpeln3wwc7ji7h235hn2n/lib -L/usr/local/esmf/spack/opt/spack/darwin-m1/gcc-14.2.0-qqymykmrplffv57mi6bq7jls5ndk3ymq/lib/gcc/aarch64-apple-darwin24.5.0/14.2.0/../../../ -L./ -Wl,-rpath,/usr/local/esmf/esmf-testing/gfortranclang_14.2.0_17.0.0_mpiuni_O_develop/esmf/DEFAULTINSTALLDIR/lib/libO/Darwin.gfortranclang.64.mpiuni.default  -Wl,-rpath,/usr/local/esmf/spack/opt/spack/darwin-m1/netcdf-c-4.9.2-wmtjeqbdv63pjdyekwe43loqlu5w3qzx/lib -Wl,-rpath,/usr/local/esmf/spack/opt/spack/darwin-m1/netcdf-fortran-4.6.2-vnbwfbw24arlpeln3wwc7ji7h235hn2n/lib -Wl,-rpath,/usr/local/esmf/spack/opt/spack/darwin-m1/gcc-14.2.0-qqymykmrplffv57mi6bq7jls5ndk3ymq/lib/gcc/aarch64-apple-darwin24.5.0/14.2.0/../../../ -o /usr/local/esmf/esmf-testing/gfortranclang_14.2.0_17.0.0_mpiuni_O_develop/esmf/DEFAULTINSTALLDIR/bin/binO/Darwin.gfortranclang.64.mpiuni.default/ESMF_PrintInfo /usr/local/esmf/esmf-testing/gfortranclang_14.2.0_17.0.0_mpiuni_O_develop/esmf/obj/objO/Darwin.gfortranclang.64.mpiuni.default/src/apps/ESMF_PrintInfo/ESMF_PrintInfo.o -lesmf -lpioc -lnetcdf -lnetcdff -lnetcdf -lnetcdf -lm -lm -lc++ -lgfortran
ld: warning: ignoring duplicate libraries: '-lc++', '-lm', '-lnetcdf'
make[4]: Leaving directory '/usr/local/esmf/esmf-testing/gfortranclang_14.2.0_17.0.0_mpiuni_O_develop/esmf/src/apps/ESMF_PrintInfo'
tree_build_apps in: /usr/local/esmf/esmf-testing/gfortranclang_14.2.0_17.0.0_mpiuni_O_develop/esmf/src/apps/ESMF_PrintInfoC
make[4]: Entering directory '/usr/local/esmf/esmf-testing/gfortranclang_14.2.0_17.0.0_mpiuni_O_develop/esmf/src/apps/ESMF_PrintInfoC'
make chkdir_locobj
make[5]: Entering directory '/usr/local/esmf/esmf-testing/gfortranclang_14.2.0_17.0.0_mpiuni_O_develop/esmf/src/apps/ESMF_PrintInfoC'
Making directory /usr/local/esmf/esmf-testing/gfortranclang_14.2.0_17.0.0_mpiuni_O_develop/esmf/obj/objO/Darwin.gfortranclang.64.mpiuni.default/src/apps/ESMF_PrintInfoC for apps output
make[5]: Leaving directory '/usr/local/esmf/esmf-testing/gfortranclang_14.2.0_17.0.0_mpiuni_O_develop/esmf/src/apps/ESMF_PrintInfoC'
clang -c -std=c99 -O -DNDEBUG  -fPIC -pthread -I/usr/local/esmf/esmf-testing/gfortranclang_14.2.0_17.0.0_mpiuni_O_develop/esmf/src/apps/ESMF_PrintInfoC -I/usr/local/esmf/esmf-testing/gfortranclang_14.2.0_17.0.0_mpiuni_O_develop/esmf/src/apps/ESMF_PrintInfoC/../include -I/usr/local/esmf/esmf-testing/gfortranclang_14.2.0_17.0.0_mpiuni_O_develop/esmf/build_config/Darwin.gfortranclang.default -I/usr/local/esmf/esmf-testing/gfortranclang_14.2.0_17.0.0_mpiuni_O_develop/esmf/src/Infrastructure -I/usr/local/esmf/esmf-testing/gfortranclang_14.2.0_17.0.0_mpiuni_O_develop/esmf/src/Superstructure -I/usr/local/esmf/esmf-testing/gfortranclang_14.2.0_17.0.0_mpiuni_O_develop/esmf/src/include   -DESMF_NO_INTEGER_1_BYTE -DESMF_NO_INTEGER_2_BYTE -DESMF_VERSION_STRING_GIT='"develop+g1082792c4b"' -DESMF_MPIUNI -I/usr/local/esmf/esmf-testing/gfortranclang_14.2.0_17.0.0_mpiuni_O_develop/esmf/src/Infrastructure/stubs/mpiuni -DESMF_LOWERCASE_SINGLEUNDERSCORE -DESMF_MOAB=1 -DESMF_LAPACK=1 -DESMF_LAPACK_INTERNAL=1 -DESMF_NO_ACC_SOFTWARE_STACK=1 -DESMF_PIO=1 -DESMF_NETCDF=1 -DYAML=ESMF_YAML -DESMF_YAMLCPP=1 -DESMF_NO_OPENMP -DESMF_NO_OPENACC -DESMF_TESTEXHAUSTIVE -DESMF_BOPT_O -DESMF_TESTPERFORMANCE -DESMF_TESTCOMPTUNNEL -DESMF_TESTWITHTHREADS -DS64=1 -DESMF_OS_Darwin=1 -DESMF_COMM=mpiuni -DESMF_DIR=/usr/local/esmf/esmf-testing/gfortranclang_14.2.0_17.0.0_mpiuni_O_develop/esmf -D__SDIR__='"src/apps/ESMF_PrintInfoC"' -DESMF_CSTD=99 ESMF_PrintInfoC.c -o /usr/local/esmf/esmf-testing/gfortranclang_14.2.0_17.0.0_mpiuni_O_develop/esmf/obj/objO/Darwin.gfortranclang.64.mpiuni.default/src/apps/ESMF_PrintInfoC/ESMF_PrintInfoC.o
make chkdir_apps
make[5]: Entering directory '/usr/local/esmf/esmf-testing/gfortranclang_14.2.0_17.0.0_mpiuni_O_develop/esmf/src/apps/ESMF_PrintInfoC'
make[5]: Leaving directory '/usr/local/esmf/esmf-testing/gfortranclang_14.2.0_17.0.0_mpiuni_O_develop/esmf/src/apps/ESMF_PrintInfoC'
clang++   -pthread -L/usr/local/esmf/esmf-testing/gfortranclang_14.2.0_17.0.0_mpiuni_O_develop/esmf/DEFAULTINSTALLDIR/lib/libO/Darwin.gfortranclang.64.mpiuni.default -L/usr/local/esmf/spack/opt/spack/darwin-m1/netcdf-c-4.9.2-wmtjeqbdv63pjdyekwe43loqlu5w3qzx/lib -L/usr/local/esmf/spack/opt/spack/darwin-m1/netcdf-fortran-4.6.2-vnbwfbw24arlpeln3wwc7ji7h235hn2n/lib -L/usr/local/esmf/spack/opt/spack/darwin-m1/gcc-14.2.0-qqymykmrplffv57mi6bq7jls5ndk3ymq/lib/gcc/aarch64-apple-darwin24.5.0/14.2.0/../../../ -L/usr/local/esmf/esmf-testing/gfortranclang_14.2.0_17.0.0_mpiuni_O_develop/esmf/DEFAULTINSTALLDIR/lib/libO/Darwin.gfortranclang.64.mpiuni.default -L/usr/local/esmf/spack/opt/spack/darwin-m1/netcdf-c-4.9.2-wmtjeqbdv63pjdyekwe43loqlu5w3qzx/lib -L/usr/local/esmf/spack/opt/spack/darwin-m1/netcdf-fortran-4.6.2-vnbwfbw24arlpeln3wwc7ji7h235hn2n/lib -L/usr/local/esmf/spack/opt/spack/darwin-m1/gcc-14.2.0-qqymykmrplffv57mi6bq7jls5ndk3ymq/lib/gcc/aarch64-apple-darwin24.5.0/14.2.0/../../../ -L./ -Wl,-rpath,/usr/local/esmf/esmf-testing/gfortranclang_14.2.0_17.0.0_mpiuni_O_develop/esmf/DEFAULTINSTALLDIR/lib/libO/Darwin.gfortranclang.64.mpiuni.default -Wl,-rpath,/usr/local/esmf/spack/opt/spack/darwin-m1/netcdf-c-4.9.2-wmtjeqbdv63pjdyekwe43loqlu5w3qzx/lib -Wl,-rpath,/usr/local/esmf/spack/opt/spack/darwin-m1/netcdf-fortran-4.6.2-vnbwfbw24arlpeln3wwc7ji7h235hn2n/lib -Wl,-rpath,/usr/local/esmf/spack/opt/spack/darwin-m1/gcc-14.2.0-qqymykmrplffv57mi6bq7jls5ndk3ymq/lib/gcc/aarch64-apple-darwin24.5.0/14.2.0/../../../ -Wl,-rpath,/usr/local/esmf/esmf-testing/gfortranclang_14.2.0_17.0.0_mpiuni_O_develop/esmf/DEFAULTINSTALLDIR/lib/libO/Darwin.gfortranclang.64.mpiuni.default -Wl,-rpath,/usr/local/esmf/spack/opt/spack/darwin-m1/netcdf-c-4.9.2-wmtjeqbdv63pjdyekwe43loqlu5w3qzx/lib -Wl,-rpath,/usr/local/esmf/spack/opt/spack/darwin-m1/netcdf-fortran-4.6.2-vnbwfbw24arlpeln3wwc7ji7h235hn2n/lib -Wl,-rpath,/usr/local/esmf/spack/opt/spack/darwin-m1/gcc-14.2.0-qqymykmrplffv57mi6bq7jls5ndk3ymq/lib/gcc/aarch64-apple-darwin24.5.0/14.2.0/../../../ -Wl,-rpath,./ -o /usr/local/esmf/esmf-testing/gfortranclang_14.2.0_17.0.0_mpiuni_O_develop/esmf/DEFAULTINSTALLDIR/bin/binO/Darwin.gfortranclang.64.mpiuni.default/ESMF_PrintInfoC /usr/local/esmf/esmf-testing/gfortranclang_14.2.0_17.0.0_mpiuni_O_develop/esmf/obj/objO/Darwin.gfortranclang.64.mpiuni.default/src/apps/ESMF_PrintInfoC/ESMF_PrintInfoC.o -lesmf -lpioc -lnetcdf -lnetcdff -lnetcdf -lnetcdf -lm -lgfortran -lpioc -lnetcdf -lnetcdff -lnetcdf -lnetcdf -lm -lm -lc++ -lgfortran
ld: warning: duplicate -rpath '/usr/local/esmf/esmf-testing/gfortranclang_14.2.0_17.0.0_mpiuni_O_develop/esmf/DEFAULTINSTALLDIR/lib/libO/Darwin.gfortranclang.64.mpiuni.default' ignored
ld: warning: duplicate -rpath '/usr/local/esmf/spack/opt/spack/darwin-m1/netcdf-c-4.9.2-wmtjeqbdv63pjdyekwe43loqlu5w3qzx/lib' ignored
ld: warning: duplicate -rpath '/usr/local/esmf/spack/opt/spack/darwin-m1/netcdf-fortran-4.6.2-vnbwfbw24arlpeln3wwc7ji7h235hn2n/lib' ignored
ld: warning: duplicate -rpath '/usr/local/esmf/spack/opt/spack/darwin-m1/gcc-14.2.0-qqymykmrplffv57mi6bq7jls5ndk3ymq/lib/gcc/aarch64-apple-darwin24.5.0/14.2.0/../../../' ignored
ld: warning: ignoring duplicate libraries: '-lc++', '-lgfortran', '-lm', '-lnetcdf', '-lnetcdff', '-lpioc'
make[4]: Leaving directory '/usr/local/esmf/esmf-testing/gfortranclang_14.2.0_17.0.0_mpiuni_O_develop/esmf/src/apps/ESMF_PrintInfoC'
tree_build_apps in: /usr/local/esmf/esmf-testing/gfortranclang_14.2.0_17.0.0_mpiuni_O_develop/esmf/src/apps/ESMF_RegridWeightGen
make[4]: Entering directory '/usr/local/esmf/esmf-testing/gfortranclang_14.2.0_17.0.0_mpiuni_O_develop/esmf/src/apps/ESMF_RegridWeightGen'
make chkdir_locobj
make[5]: Entering directory '/usr/local/esmf/esmf-testing/gfortranclang_14.2.0_17.0.0_mpiuni_O_develop/esmf/src/apps/ESMF_RegridWeightGen'
Making directory /usr/local/esmf/esmf-testing/gfortranclang_14.2.0_17.0.0_mpiuni_O_develop/esmf/obj/objO/Darwin.gfortranclang.64.mpiuni.default/src/apps/ESMF_RegridWeightGen for apps output
make[5]: Leaving directory '/usr/local/esmf/esmf-testing/gfortranclang_14.2.0_17.0.0_mpiuni_O_develop/esmf/src/apps/ESMF_RegridWeightGen'
gfortran -c -O  -fPIC -pthread -frecursive -ffree-line-length-none -fno-backtrace -I/usr/local/esmf/esmf-testing/gfortranclang_14.2.0_17.0.0_mpiuni_O_develop/esmf/src/apps/ESMF_RegridWeightGen -I/usr/local/esmf/esmf-testing/gfortranclang_14.2.0_17.0.0_mpiuni_O_develop/esmf/build_config/Darwin.gfortranclang.default -I/usr/local/esmf/esmf-testing/gfortranclang_14.2.0_17.0.0_mpiuni_O_develop/esmf/src/Infrastructure -I/usr/local/esmf/esmf-testing/gfortranclang_14.2.0_17.0.0_mpiuni_O_develop/esmf/src/Superstructure -I/usr/local/esmf/esmf-testing/gfortranclang_14.2.0_17.0.0_mpiuni_O_develop/esmf/DEFAULTINSTALLDIR/mod/modO/Darwin.gfortranclang.64.mpiuni.default -I/usr/local/esmf/esmf-testing/gfortranclang_14.2.0_17.0.0_mpiuni_O_develop/esmf/src/include -I/usr/local/esmf/spack/opt/spack/darwin-m1/netcdf-c-4.9.2-wmtjeqbdv63pjdyekwe43loqlu5w3qzx/include -I/usr/local/esmf/spack/opt/spack/darwin-m1/netcdf-fortran-4.6.2-vnbwfbw24arlpeln3wwc7ji7h235hn2n/include  -DESMF_NO_INTEGER_1_BYTE -DESMF_NO_INTEGER_2_BYTE -DESMF_VERSION_STRING_GIT='"develop+g1082792c4b"' -DESMF_MPIUNI -I/usr/local/esmf/esmf-testing/gfortranclang_14.2.0_17.0.0_mpiuni_O_develop/esmf/src/Infrastructure/stubs/mpiuni -DESMF_LOWERCASE_SINGLEUNDERSCORE -DESMF_MOAB=1 -DESMF_LAPACK=1 -DESMF_LAPACK_INTERNAL=1 -DESMF_NO_ACC_SOFTWARE_STACK=1 -DESMF_PIO=1 -DESMF_NETCDF=1 -DYAML=ESMF_YAML -DESMF_YAMLCPP=1 -DESMF_NO_OPENMP -DESMF_NO_OPENACC -DESMF_TESTEXHAUSTIVE -DESMF_BOPT_O -DESMF_TESTPERFORMANCE -DESMF_TESTCOMPTUNNEL -DESMF_TESTWITHTHREADS -DS64=1 -DESMF_OS_Darwin=1 -DESMF_COMM=mpiuni -DESMF_DIR=/usr/local/esmf/esmf-testing/gfortranclang_14.2.0_17.0.0_mpiuni_O_develop/esmf ESMF_RegridWeightGen.F90 -o /usr/local/esmf/esmf-testing/gfortranclang_14.2.0_17.0.0_mpiuni_O_develop/esmf/obj/objO/Darwin.gfortranclang.64.mpiuni.default/src/apps/ESMF_RegridWeightGen/ESMF_RegridWeightGen.o
make chkdir_apps
make[5]: Entering directory '/usr/local/esmf/esmf-testing/gfortranclang_14.2.0_17.0.0_mpiuni_O_develop/esmf/src/apps/ESMF_RegridWeightGen'
make[5]: Leaving directory '/usr/local/esmf/esmf-testing/gfortranclang_14.2.0_17.0.0_mpiuni_O_develop/esmf/src/apps/ESMF_RegridWeightGen'
clang++   -pthread -L/usr/local/esmf/esmf-testing/gfortranclang_14.2.0_17.0.0_mpiuni_O_develop/esmf/DEFAULTINSTALLDIR/lib/libO/Darwin.gfortranclang.64.mpiuni.default -L/usr/local/esmf/spack/opt/spack/darwin-m1/netcdf-c-4.9.2-wmtjeqbdv63pjdyekwe43loqlu5w3qzx/lib -L/usr/local/esmf/spack/opt/spack/darwin-m1/netcdf-fortran-4.6.2-vnbwfbw24arlpeln3wwc7ji7h235hn2n/lib -L/usr/local/esmf/spack/opt/spack/darwin-m1/gcc-14.2.0-qqymykmrplffv57mi6bq7jls5ndk3ymq/lib/gcc/aarch64-apple-darwin24.5.0/14.2.0/../../../ -L./ -Wl,-rpath,/usr/local/esmf/esmf-testing/gfortranclang_14.2.0_17.0.0_mpiuni_O_develop/esmf/DEFAULTINSTALLDIR/lib/libO/Darwin.gfortranclang.64.mpiuni.default  -Wl,-rpath,/usr/local/esmf/spack/opt/spack/darwin-m1/netcdf-c-4.9.2-wmtjeqbdv63pjdyekwe43loqlu5w3qzx/lib -Wl,-rpath,/usr/local/esmf/spack/opt/spack/darwin-m1/netcdf-fortran-4.6.2-vnbwfbw24arlpeln3wwc7ji7h235hn2n/lib -Wl,-rpath,/usr/local/esmf/spack/opt/spack/darwin-m1/gcc-14.2.0-qqymykmrplffv57mi6bq7jls5ndk3ymq/lib/gcc/aarch64-apple-darwin24.5.0/14.2.0/../../../ -o /usr/local/esmf/esmf-testing/gfortranclang_14.2.0_17.0.0_mpiuni_O_develop/esmf/DEFAULTINSTALLDIR/bin/binO/Darwin.gfortranclang.64.mpiuni.default/ESMF_RegridWeightGen /usr/local/esmf/esmf-testing/gfortranclang_14.2.0_17.0.0_mpiuni_O_develop/esmf/obj/objO/Darwin.gfortranclang.64.mpiuni.default/src/apps/ESMF_RegridWeightGen/ESMF_RegridWeightGen.o -lesmf -lpioc -lnetcdf -lnetcdff -lnetcdf -lnetcdf -lm -lm -lc++ -lgfortran
ld: warning: ignoring duplicate libraries: '-lc++', '-lm', '-lnetcdf'
make[4]: Leaving directory '/usr/local/esmf/esmf-testing/gfortranclang_14.2.0_17.0.0_mpiuni_O_develop/esmf/src/apps/ESMF_RegridWeightGen'
tree_build_apps in: /usr/local/esmf/esmf-testing/gfortranclang_14.2.0_17.0.0_mpiuni_O_develop/esmf/src/apps/ESMF_WebServController
make[4]: Entering directory '/usr/local/esmf/esmf-testing/gfortranclang_14.2.0_17.0.0_mpiuni_O_develop/esmf/src/apps/ESMF_WebServController'
make chkdir_locobj
make[5]: Entering directory '/usr/local/esmf/esmf-testing/gfortranclang_14.2.0_17.0.0_mpiuni_O_develop/esmf/src/apps/ESMF_WebServController'
Making directory /usr/local/esmf/esmf-testing/gfortranclang_14.2.0_17.0.0_mpiuni_O_develop/esmf/obj/objO/Darwin.gfortranclang.64.mpiuni.default/src/apps/ESMF_WebServController for apps output
make[5]: Leaving directory '/usr/local/esmf/esmf-testing/gfortranclang_14.2.0_17.0.0_mpiuni_O_develop/esmf/src/apps/ESMF_WebServController'
clang++ -c -std=c++11 -O -DNDEBUG  -fPIC -x c++ -mmacosx-version-min=10.7 -stdlib=libc++ -pthread -I/usr/local/esmf/esmf-testing/gfortranclang_14.2.0_17.0.0_mpiuni_O_develop/esmf/src/apps/ESMF_WebServController -I/usr/local/esmf/esmf-testing/gfortranclang_14.2.0_17.0.0_mpiuni_O_develop/esmf/src/apps/ESMF_WebServController/../include -I/usr/local/esmf/esmf-testing/gfortranclang_14.2.0_17.0.0_mpiuni_O_develop/esmf/build_config/Darwin.gfortranclang.default -I/usr/local/esmf/esmf-testing/gfortranclang_14.2.0_17.0.0_mpiuni_O_develop/esmf/src/Infrastructure -I/usr/local/esmf/esmf-testing/gfortranclang_14.2.0_17.0.0_mpiuni_O_develop/esmf/src/Superstructure -I/usr/local/esmf/esmf-testing/gfortranclang_14.2.0_17.0.0_mpiuni_O_develop/esmf/src/Infrastructure/stubs/pthread -I/usr/local/esmf/esmf-testing/gfortranclang_14.2.0_17.0.0_mpiuni_O_develop/esmf/src/include  -I/usr/local/esmf/spack/opt/spack/darwin-m1/netcdf-c-4.9.2-wmtjeqbdv63pjdyekwe43loqlu5w3qzx/include -I/usr/local/esmf/esmf-testing/gfortranclang_14.2.0_17.0.0_mpiuni_O_develop/esmf/src/prologue/yaml-cpp/include -DESMF_NO_INTEGER_1_BYTE -DESMF_NO_INTEGER_2_BYTE -DESMF_VERSION_STRING_GIT='"develop+g1082792c4b"' -DESMF_MPIUNI -I/usr/local/esmf/esmf-testing/gfortranclang_14.2.0_17.0.0_mpiuni_O_develop/esmf/src/Infrastructure/stubs/mpiuni -DESMF_LOWERCASE_SINGLEUNDERSCORE -DESMF_MOAB=1 -DESMF_LAPACK=1 -DESMF_LAPACK_INTERNAL=1 -DESMF_NO_ACC_SOFTWARE_STACK=1 -DESMF_PIO=1 -DESMF_NETCDF=1 -DYAML=ESMF_YAML -DESMF_YAMLCPP=1 -DESMF_NO_OPENMP -DESMF_NO_OPENACC -DESMF_TESTEXHAUSTIVE -DESMF_BOPT_O -DESMF_TESTPERFORMANCE -DESMF_TESTCOMPTUNNEL -DESMF_TESTWITHTHREADS -DS64=1 -DESMF_OS_Darwin=1 -DESMF_COMM=mpiuni -DESMF_DIR=/usr/local/esmf/esmf-testing/gfortranclang_14.2.0_17.0.0_mpiuni_O_develop/esmf -D__SDIR__='"src/apps/ESMF_WebServController"' -DESMF_CXXSTD=11 ESMF_WebServController.C -o /usr/local/esmf/esmf-testing/gfortranclang_14.2.0_17.0.0_mpiuni_O_develop/esmf/obj/objO/Darwin.gfortranclang.64.mpiuni.default/src/apps/ESMF_WebServController/ESMF_WebServController.o
ESMF_WebServController.C:69:4: warning: 'sprintf' is deprecated: This function is provided for compatibility reasons only.  Due to security concerns inherent in the design of sprintf(3), it is highly recommended that you use snprintf(3) instead. [-Wdeprecated-declarations]
   69 |    sprintf(datestr, "%s %d, %d @ %d:%02d:%02d %s",
      |    ^
/Library/Developer/CommandLineTools/SDKs/MacOSX.sdk/usr/include/_stdio.h:278:1: note: 'sprintf' has been explicitly marked deprecated here
  278 | __deprecated_msg("This function is provided for compatibility reasons only.  Due to security concerns inherent in the design of sprintf(3), it is highly recommended that you use snprintf(3) instead.")
      | ^
/Library/Developer/CommandLineTools/SDKs/MacOSX.sdk/usr/include/sys/cdefs.h:218:48: note: expanded from macro '__deprecated_msg'
  218 |         #define __deprecated_msg(_msg) __attribute__((__deprecated__(_msg)))
      |                                                       ^
1 warning generated.
make chkdir_apps
make[5]: Entering directory '/usr/local/esmf/esmf-testing/gfortranclang_14.2.0_17.0.0_mpiuni_O_develop/esmf/src/apps/ESMF_WebServController'
make[5]: Leaving directory '/usr/local/esmf/esmf-testing/gfortranclang_14.2.0_17.0.0_mpiuni_O_develop/esmf/src/apps/ESMF_WebServController'
clang++   -pthread -L/usr/local/esmf/esmf-testing/gfortranclang_14.2.0_17.0.0_mpiuni_O_develop/esmf/DEFAULTINSTALLDIR/lib/libO/Darwin.gfortranclang.64.mpiuni.default -L/usr/local/esmf/spack/opt/spack/darwin-m1/netcdf-c-4.9.2-wmtjeqbdv63pjdyekwe43loqlu5w3qzx/lib -L/usr/local/esmf/spack/opt/spack/darwin-m1/netcdf-fortran-4.6.2-vnbwfbw24arlpeln3wwc7ji7h235hn2n/lib -L/usr/local/esmf/spack/opt/spack/darwin-m1/gcc-14.2.0-qqymykmrplffv57mi6bq7jls5ndk3ymq/lib/gcc/aarch64-apple-darwin24.5.0/14.2.0/../../../ -Wl,-rpath,/usr/local/esmf/esmf-testing/gfortranclang_14.2.0_17.0.0_mpiuni_O_develop/esmf/DEFAULTINSTALLDIR/lib/libO/Darwin.gfortranclang.64.mpiuni.default  -Wl,-rpath,/usr/local/esmf/spack/opt/spack/darwin-m1/netcdf-c-4.9.2-wmtjeqbdv63pjdyekwe43loqlu5w3qzx/lib -Wl,-rpath,/usr/local/esmf/spack/opt/spack/darwin-m1/netcdf-fortran-4.6.2-vnbwfbw24arlpeln3wwc7ji7h235hn2n/lib -Wl,-rpath,/usr/local/esmf/spack/opt/spack/darwin-m1/gcc-14.2.0-qqymykmrplffv57mi6bq7jls5ndk3ymq/lib/gcc/aarch64-apple-darwin24.5.0/14.2.0/../../../ -o /usr/local/esmf/esmf-testing/gfortranclang_14.2.0_17.0.0_mpiuni_O_develop/esmf/DEFAULTINSTALLDIR/bin/binO/Darwin.gfortranclang.64.mpiuni.default/ESMF_WebServController /usr/local/esmf/esmf-testing/gfortranclang_14.2.0_17.0.0_mpiuni_O_develop/esmf/obj/objO/Darwin.gfortranclang.64.mpiuni.default/src/apps/ESMF_WebServController/ESMF_WebServController.o -lesmf -lpioc -lnetcdf -lnetcdff -lnetcdf -lnetcdf -lm -lgfortran
ld: warning: ignoring duplicate libraries: '-lnetcdf'
make[4]: Leaving directory '/usr/local/esmf/esmf-testing/gfortranclang_14.2.0_17.0.0_mpiuni_O_develop/esmf/src/apps/ESMF_WebServController'
tree_build_apps in: /usr/local/esmf/esmf-testing/gfortranclang_14.2.0_17.0.0_mpiuni_O_develop/esmf/src/apps/ESMF_Scrip2Unstruct
make[4]: Entering directory '/usr/local/esmf/esmf-testing/gfortranclang_14.2.0_17.0.0_mpiuni_O_develop/esmf/src/apps/ESMF_Scrip2Unstruct'
make chkdir_locobj
make[5]: Entering directory '/usr/local/esmf/esmf-testing/gfortranclang_14.2.0_17.0.0_mpiuni_O_develop/esmf/src/apps/ESMF_Scrip2Unstruct'
Making directory /usr/local/esmf/esmf-testing/gfortranclang_14.2.0_17.0.0_mpiuni_O_develop/esmf/obj/objO/Darwin.gfortranclang.64.mpiuni.default/src/apps/ESMF_Scrip2Unstruct for apps output
make[5]: Leaving directory '/usr/local/esmf/esmf-testing/gfortranclang_14.2.0_17.0.0_mpiuni_O_develop/esmf/src/apps/ESMF_Scrip2Unstruct'
clang++ -c -std=c++11 -O -DNDEBUG  -fPIC -x c++ -mmacosx-version-min=10.7 -stdlib=libc++ -pthread -I/usr/local/esmf/esmf-testing/gfortranclang_14.2.0_17.0.0_mpiuni_O_develop/esmf/src/apps/ESMF_Scrip2Unstruct -I/usr/local/esmf/esmf-testing/gfortranclang_14.2.0_17.0.0_mpiuni_O_develop/esmf/src/apps/ESMF_Scrip2Unstruct/../include -I/usr/local/esmf/esmf-testing/gfortranclang_14.2.0_17.0.0_mpiuni_O_develop/esmf/build_config/Darwin.gfortranclang.default -I/usr/local/esmf/esmf-testing/gfortranclang_14.2.0_17.0.0_mpiuni_O_develop/esmf/src/Infrastructure -I/usr/local/esmf/esmf-testing/gfortranclang_14.2.0_17.0.0_mpiuni_O_develop/esmf/src/Superstructure -I/usr/local/esmf/esmf-testing/gfortranclang_14.2.0_17.0.0_mpiuni_O_develop/esmf/src/Infrastructure/stubs/pthread -I/usr/local/esmf/esmf-testing/gfortranclang_14.2.0_17.0.0_mpiuni_O_develop/esmf/src/include  -I/usr/local/esmf/spack/opt/spack/darwin-m1/netcdf-c-4.9.2-wmtjeqbdv63pjdyekwe43loqlu5w3qzx/include -I/usr/local/esmf/esmf-testing/gfortranclang_14.2.0_17.0.0_mpiuni_O_develop/esmf/src/prologue/yaml-cpp/include -DESMF_NO_INTEGER_1_BYTE -DESMF_NO_INTEGER_2_BYTE -DESMF_VERSION_STRING_GIT='"develop+g1082792c4b"' -DESMF_MPIUNI -I/usr/local/esmf/esmf-testing/gfortranclang_14.2.0_17.0.0_mpiuni_O_develop/esmf/src/Infrastructure/stubs/mpiuni -DESMF_LOWERCASE_SINGLEUNDERSCORE -DESMF_MOAB=1 -DESMF_LAPACK=1 -DESMF_LAPACK_INTERNAL=1 -DESMF_NO_ACC_SOFTWARE_STACK=1 -DESMF_PIO=1 -DESMF_NETCDF=1 -DYAML=ESMF_YAML -DESMF_YAMLCPP=1 -DESMF_NO_OPENMP -DESMF_NO_OPENACC -DESMF_TESTEXHAUSTIVE -DESMF_BOPT_O -DESMF_TESTPERFORMANCE -DESMF_TESTCOMPTUNNEL -DESMF_TESTWITHTHREADS -DS64=1 -DESMF_OS_Darwin=1 -DESMF_COMM=mpiuni -DESMF_DIR=/usr/local/esmf/esmf-testing/gfortranclang_14.2.0_17.0.0_mpiuni_O_develop/esmf -D__SDIR__='"src/apps/ESMF_Scrip2Unstruct"' -DESMF_CXXSTD=11 ESMF_Scrip2Unstruct.C -o /usr/local/esmf/esmf-testing/gfortranclang_14.2.0_17.0.0_mpiuni_O_develop/esmf/obj/objO/Darwin.gfortranclang.64.mpiuni.default/src/apps/ESMF_Scrip2Unstruct/ESMF_Scrip2Unstruct.o
make chkdir_apps
make[5]: Entering directory '/usr/local/esmf/esmf-testing/gfortranclang_14.2.0_17.0.0_mpiuni_O_develop/esmf/src/apps/ESMF_Scrip2Unstruct'
make[5]: Leaving directory '/usr/local/esmf/esmf-testing/gfortranclang_14.2.0_17.0.0_mpiuni_O_develop/esmf/src/apps/ESMF_Scrip2Unstruct'
clang++   -pthread -L/usr/local/esmf/esmf-testing/gfortranclang_14.2.0_17.0.0_mpiuni_O_develop/esmf/DEFAULTINSTALLDIR/lib/libO/Darwin.gfortranclang.64.mpiuni.default -L/usr/local/esmf/spack/opt/spack/darwin-m1/netcdf-c-4.9.2-wmtjeqbdv63pjdyekwe43loqlu5w3qzx/lib -L/usr/local/esmf/spack/opt/spack/darwin-m1/netcdf-fortran-4.6.2-vnbwfbw24arlpeln3wwc7ji7h235hn2n/lib -L/usr/local/esmf/spack/opt/spack/darwin-m1/gcc-14.2.0-qqymykmrplffv57mi6bq7jls5ndk3ymq/lib/gcc/aarch64-apple-darwin24.5.0/14.2.0/../../../ -Wl,-rpath,/usr/local/esmf/esmf-testing/gfortranclang_14.2.0_17.0.0_mpiuni_O_develop/esmf/DEFAULTINSTALLDIR/lib/libO/Darwin.gfortranclang.64.mpiuni.default  -Wl,-rpath,/usr/local/esmf/spack/opt/spack/darwin-m1/netcdf-c-4.9.2-wmtjeqbdv63pjdyekwe43loqlu5w3qzx/lib -Wl,-rpath,/usr/local/esmf/spack/opt/spack/darwin-m1/netcdf-fortran-4.6.2-vnbwfbw24arlpeln3wwc7ji7h235hn2n/lib -Wl,-rpath,/usr/local/esmf/spack/opt/spack/darwin-m1/gcc-14.2.0-qqymykmrplffv57mi6bq7jls5ndk3ymq/lib/gcc/aarch64-apple-darwin24.5.0/14.2.0/../../../ -o /usr/local/esmf/esmf-testing/gfortranclang_14.2.0_17.0.0_mpiuni_O_develop/esmf/DEFAULTINSTALLDIR/bin/binO/Darwin.gfortranclang.64.mpiuni.default/ESMF_Scrip2Unstruct /usr/local/esmf/esmf-testing/gfortranclang_14.2.0_17.0.0_mpiuni_O_develop/esmf/obj/objO/Darwin.gfortranclang.64.mpiuni.default/src/apps/ESMF_Scrip2Unstruct/ESMF_Scrip2Unstruct.o -lesmf -lpioc -lnetcdf -lnetcdff -lnetcdf -lnetcdf -lm -lgfortran
ld: warning: ignoring duplicate libraries: '-lnetcdf'
make[4]: Leaving directory '/usr/local/esmf/esmf-testing/gfortranclang_14.2.0_17.0.0_mpiuni_O_develop/esmf/src/apps/ESMF_Scrip2Unstruct'
tree_build_apps in: /usr/local/esmf/esmf-testing/gfortranclang_14.2.0_17.0.0_mpiuni_O_develop/esmf/src/apps/ESMF_Regrid
make[4]: Entering directory '/usr/local/esmf/esmf-testing/gfortranclang_14.2.0_17.0.0_mpiuni_O_develop/esmf/src/apps/ESMF_Regrid'
make chkdir_locobj
make[5]: Entering directory '/usr/local/esmf/esmf-testing/gfortranclang_14.2.0_17.0.0_mpiuni_O_develop/esmf/src/apps/ESMF_Regrid'
Making directory /usr/local/esmf/esmf-testing/gfortranclang_14.2.0_17.0.0_mpiuni_O_develop/esmf/obj/objO/Darwin.gfortranclang.64.mpiuni.default/src/apps/ESMF_Regrid for apps output
make[5]: Leaving directory '/usr/local/esmf/esmf-testing/gfortranclang_14.2.0_17.0.0_mpiuni_O_develop/esmf/src/apps/ESMF_Regrid'
gfortran -c -O  -fPIC -pthread -frecursive -ffree-line-length-none -fno-backtrace -I/usr/local/esmf/esmf-testing/gfortranclang_14.2.0_17.0.0_mpiuni_O_develop/esmf/src/apps/ESMF_Regrid -I/usr/local/esmf/esmf-testing/gfortranclang_14.2.0_17.0.0_mpiuni_O_develop/esmf/build_config/Darwin.gfortranclang.default -I/usr/local/esmf/esmf-testing/gfortranclang_14.2.0_17.0.0_mpiuni_O_develop/esmf/src/Infrastructure -I/usr/local/esmf/esmf-testing/gfortranclang_14.2.0_17.0.0_mpiuni_O_develop/esmf/src/Superstructure -I/usr/local/esmf/esmf-testing/gfortranclang_14.2.0_17.0.0_mpiuni_O_develop/esmf/DEFAULTINSTALLDIR/mod/modO/Darwin.gfortranclang.64.mpiuni.default -I/usr/local/esmf/esmf-testing/gfortranclang_14.2.0_17.0.0_mpiuni_O_develop/esmf/src/include -I/usr/local/esmf/spack/opt/spack/darwin-m1/netcdf-c-4.9.2-wmtjeqbdv63pjdyekwe43loqlu5w3qzx/include -I/usr/local/esmf/spack/opt/spack/darwin-m1/netcdf-fortran-4.6.2-vnbwfbw24arlpeln3wwc7ji7h235hn2n/include  -DESMF_NO_INTEGER_1_BYTE -DESMF_NO_INTEGER_2_BYTE -DESMF_VERSION_STRING_GIT='"develop+g1082792c4b"' -DESMF_MPIUNI -I/usr/local/esmf/esmf-testing/gfortranclang_14.2.0_17.0.0_mpiuni_O_develop/esmf/src/Infrastructure/stubs/mpiuni -DESMF_LOWERCASE_SINGLEUNDERSCORE -DESMF_MOAB=1 -DESMF_LAPACK=1 -DESMF_LAPACK_INTERNAL=1 -DESMF_NO_ACC_SOFTWARE_STACK=1 -DESMF_PIO=1 -DESMF_NETCDF=1 -DYAML=ESMF_YAML -DESMF_YAMLCPP=1 -DESMF_NO_OPENMP -DESMF_NO_OPENACC -DESMF_TESTEXHAUSTIVE -DESMF_BOPT_O -DESMF_TESTPERFORMANCE -DESMF_TESTCOMPTUNNEL -DESMF_TESTWITHTHREADS -DS64=1 -DESMF_OS_Darwin=1 -DESMF_COMM=mpiuni -DESMF_DIR=/usr/local/esmf/esmf-testing/gfortranclang_14.2.0_17.0.0_mpiuni_O_develop/esmf ESMF_Regrid.F90 -o /usr/local/esmf/esmf-testing/gfortranclang_14.2.0_17.0.0_mpiuni_O_develop/esmf/obj/objO/Darwin.gfortranclang.64.mpiuni.default/src/apps/ESMF_Regrid/ESMF_Regrid.o
make chkdir_apps
make[5]: Entering directory '/usr/local/esmf/esmf-testing/gfortranclang_14.2.0_17.0.0_mpiuni_O_develop/esmf/src/apps/ESMF_Regrid'
make[5]: Leaving directory '/usr/local/esmf/esmf-testing/gfortranclang_14.2.0_17.0.0_mpiuni_O_develop/esmf/src/apps/ESMF_Regrid'
clang++   -pthread -L/usr/local/esmf/esmf-testing/gfortranclang_14.2.0_17.0.0_mpiuni_O_develop/esmf/DEFAULTINSTALLDIR/lib/libO/Darwin.gfortranclang.64.mpiuni.default -L/usr/local/esmf/spack/opt/spack/darwin-m1/netcdf-c-4.9.2-wmtjeqbdv63pjdyekwe43loqlu5w3qzx/lib -L/usr/local/esmf/spack/opt/spack/darwin-m1/netcdf-fortran-4.6.2-vnbwfbw24arlpeln3wwc7ji7h235hn2n/lib -L/usr/local/esmf/spack/opt/spack/darwin-m1/gcc-14.2.0-qqymykmrplffv57mi6bq7jls5ndk3ymq/lib/gcc/aarch64-apple-darwin24.5.0/14.2.0/../../../ -L./ -Wl,-rpath,/usr/local/esmf/esmf-testing/gfortranclang_14.2.0_17.0.0_mpiuni_O_develop/esmf/DEFAULTINSTALLDIR/lib/libO/Darwin.gfortranclang.64.mpiuni.default  -Wl,-rpath,/usr/local/esmf/spack/opt/spack/darwin-m1/netcdf-c-4.9.2-wmtjeqbdv63pjdyekwe43loqlu5w3qzx/lib -Wl,-rpath,/usr/local/esmf/spack/opt/spack/darwin-m1/netcdf-fortran-4.6.2-vnbwfbw24arlpeln3wwc7ji7h235hn2n/lib -Wl,-rpath,/usr/local/esmf/spack/opt/spack/darwin-m1/gcc-14.2.0-qqymykmrplffv57mi6bq7jls5ndk3ymq/lib/gcc/aarch64-apple-darwin24.5.0/14.2.0/../../../ -o /usr/local/esmf/esmf-testing/gfortranclang_14.2.0_17.0.0_mpiuni_O_develop/esmf/DEFAULTINSTALLDIR/bin/binO/Darwin.gfortranclang.64.mpiuni.default/ESMF_Regrid /usr/local/esmf/esmf-testing/gfortranclang_14.2.0_17.0.0_mpiuni_O_develop/esmf/obj/objO/Darwin.gfortranclang.64.mpiuni.default/src/apps/ESMF_Regrid/ESMF_Regrid.o -lesmf -lpioc -lnetcdf -lnetcdff -lnetcdf -lnetcdf -lm -lm -lc++ -lgfortran
ld: warning: ignoring duplicate libraries: '-lc++', '-lm', '-lnetcdf'
make[4]: Leaving directory '/usr/local/esmf/esmf-testing/gfortranclang_14.2.0_17.0.0_mpiuni_O_develop/esmf/src/apps/ESMF_Regrid'
tree_build_apps in: /usr/local/esmf/esmf-testing/gfortranclang_14.2.0_17.0.0_mpiuni_O_develop/esmf/src/apps/ESMX_Builder
make[4]: Entering directory '/usr/local/esmf/esmf-testing/gfortranclang_14.2.0_17.0.0_mpiuni_O_develop/esmf/src/apps/ESMX_Builder'
make chkdir_apps
make[5]: Entering directory '/usr/local/esmf/esmf-testing/gfortranclang_14.2.0_17.0.0_mpiuni_O_develop/esmf/src/apps/ESMX_Builder'
make[5]: Leaving directory '/usr/local/esmf/esmf-testing/gfortranclang_14.2.0_17.0.0_mpiuni_O_develop/esmf/src/apps/ESMX_Builder'
cp -f ESMX_Builder.sh /usr/local/esmf/esmf-testing/gfortranclang_14.2.0_17.0.0_mpiuni_O_develop/esmf/DEFAULTINSTALLDIR/bin/binO/Darwin.gfortranclang.64.mpiuni.default/ESMX_Builder
make[4]: Leaving directory '/usr/local/esmf/esmf-testing/gfortranclang_14.2.0_17.0.0_mpiuni_O_develop/esmf/src/apps/ESMX_Builder'
make[3]: Leaving directory '/usr/local/esmf/esmf-testing/gfortranclang_14.2.0_17.0.0_mpiuni_O_develop/esmf/src/apps'
ESMF apps built successfully.
make[2]: Leaving directory '/usr/local/esmf/esmf-testing/gfortranclang_14.2.0_17.0.0_mpiuni_O_develop/esmf'
make[1]: Leaving directory '/usr/local/esmf/esmf-testing/gfortranclang_14.2.0_17.0.0_mpiuni_O_develop/esmf'
mkdir -p /usr/local/esmf/esmf-testing/gfortranclang_14.2.0_17.0.0_mpiuni_O_develop/esmf/DEFAULTINSTALLDIR/doc
make install_info_mk
make[1]: Entering directory '/usr/local/esmf/esmf-testing/gfortranclang_14.2.0_17.0.0_mpiuni_O_develop/esmf'
make info_mk ESMF_APPSDIR=/usr/local/esmf/esmf-testing/gfortranclang_14.2.0_17.0.0_mpiuni_O_develop/esmf/DEFAULTINSTALLDIR/bin/binO/Darwin.gfortranclang.64.mpiuni.default ESMF_LDIR=/usr/local/esmf/esmf-testing/gfortranclang_14.2.0_17.0.0_mpiuni_O_develop/esmf/DEFAULTINSTALLDIR/lib/libO/Darwin.gfortranclang.64.mpiuni.default ESMF_LIBDIR=/usr/local/esmf/esmf-testing/gfortranclang_14.2.0_17.0.0_mpiuni_O_develop/esmf/DEFAULTINSTALLDIR/lib/libO/Darwin.gfortranclang.64.mpiuni.default ESMF_ESMXDIR=/usr/local/esmf/esmf-testing/gfortranclang_14.2.0_17.0.0_mpiuni_O_develop/esmf/DEFAULTINSTALLDIR/include/ESMX ESMF_CMAKEDIR=/usr/local/esmf/esmf-testing/gfortranclang_14.2.0_17.0.0_mpiuni_O_develop/esmf/DEFAULTINSTALLDIR/cmake ESMF_MODDIR=/usr/local/esmf/esmf-testing/gfortranclang_14.2.0_17.0.0_mpiuni_O_develop/esmf/DEFAULTINSTALLDIR/mod/modO/Darwin.gfortranclang.64.mpiuni.default ESMF_INCDIR=/usr/local/esmf/esmf-testing/gfortranclang_14.2.0_17.0.0_mpiuni_O_develop/esmf/DEFAULTINSTALLDIR/include
make[2]: Entering directory '/usr/local/esmf/esmf-testing/gfortranclang_14.2.0_17.0.0_mpiuni_O_develop/esmf'
make[2]: Leaving directory '/usr/local/esmf/esmf-testing/gfortranclang_14.2.0_17.0.0_mpiuni_O_develop/esmf'
make[1]: Leaving directory '/usr/local/esmf/esmf-testing/gfortranclang_14.2.0_17.0.0_mpiuni_O_develop/esmf'
/usr/local/esmf/esmf-testing/gfortranclang_14.2.0_17.0.0_mpiuni_O_develop/esmf/cmake/generate_config.py --esmfmkfile=/usr/local/esmf/esmf-testing/gfortranclang_14.2.0_17.0.0_mpiuni_O_develop/esmf/DEFAULTINSTALLDIR/lib/libO/Darwin.gfortranclang.64.mpiuni.default/esmf.mk --template=/usr/local/esmf/esmf-testing/gfortranclang_14.2.0_17.0.0_mpiuni_O_develop/esmf/cmake/ESMFConfig.cmake.in --outputdir=/usr/local/esmf/esmf-testing/gfortranclang_14.2.0_17.0.0_mpiuni_O_develop/esmf/DEFAULTINSTALLDIR/lib/libO/Darwin.gfortranclang.64.mpiuni.default/cmake/ESMF
Successfully generated config: /usr/local/esmf/esmf-testing/gfortranclang_14.2.0_17.0.0_mpiuni_O_develop/esmf/DEFAULTINSTALLDIR/lib/libO/Darwin.gfortranclang.64.mpiuni.default/cmake/ESMF/ESMFConfig.cmake (MPI: FALSE, Imported Target: libesmf.dylib)
Successfully generated version handler: /usr/local/esmf/esmf-testing/gfortranclang_14.2.0_17.0.0_mpiuni_O_develop/esmf/DEFAULTINSTALLDIR/lib/libO/Darwin.gfortranclang.64.mpiuni.default/cmake/ESMF/ESMFConfigVersion.cmake
 
ESMF installation complete.
 
