 
--------------------------------------------------------------
ESMF_VERSION_STRING:      9.0.0 beta snapshot
ESMF_VERSION_STRING_GIT: develop+g3a22a06bd4
--------------------------------------------------------------
On branch develop
Your branch is up to date with 'origin/develop'.

nothing to commit, working tree clean
--------------------------------------------------------------
 
--------------------------------------------------------------
Make version:
GNU Make 4.2.1
Built for x86_64-redhat-linux-gnu
Copyright (C) 1988-2016 Free Software Foundation, Inc.
License GPLv3+: GNU GPL version 3 or later <http://gnu.org/licenses/gpl.html>
This is free software: you are free to change and redistribute it.
There is NO WARRANTY, to the extent permitted by law.

--------------------------------------------------------------
CMake version:
cmake version 3.28.1

CMake suite maintained and supported by Kitware (kitware.com/cmake).

--------------------------------------------------------------
Fortran Compiler version:
Intel(R) Fortran Intel(R) 64 Compiler Classic for applications running on Intel(R) 64, Version 2021.10.0 Build 20230609_000000
Copyright (C) 1985-2023 Intel Corporation.  All rights reserved.


--------------------------------------------------------------
C++ Compiler version:
Intel(R) oneAPI DPC++/C++ Compiler for applications running on Intel(R) 64, Version 2023.2.0 Build 20230622
Copyright (C) 1985-2023 Intel Corporation. All rights reserved.


--------------------------------------------------------------
C Compiler version:
Intel(R) oneAPI DPC++/C++ Compiler for applications running on Intel(R) 64, Version 2023.2.0 Build 20230622
Copyright (C) 1985-2023 Intel Corporation. All rights reserved.


--------------------------------------------------------------
Preprocessor version:
gcc (Spack GCC) 13.2.0
Copyright (C) 2023 Free Software Foundation, Inc.
This is free software; see the source for copying conditions.  There is NO
warranty; not even for MERCHANTABILITY or FITNESS FOR A PARTICULAR PURPOSE.

--------------------------------------------------------------
NetCDF library version: netCDF 4.7.0
NetCDF Fortran version: netCDF-Fortran 4.4.5
 
--------------------------------------------------------------
 * User set ESMF environment variables *
ESMF_BOPT=g
ESMF_C=icx
ESMF_COMM=mpiuni
ESMF_COMPILER=intel
ESMF_CXX=icpx
ESMF_DIR=/scratch3/NCEPDEV/stmp/Gerhard.Theurich/ESMF-Nightly-Testing-Hera/intel_2023.2.0_mpiuni_g_develop/esmf
ESMF_MPIRUN=/scratch3/NCEPDEV/stmp/Gerhard.Theurich/ESMF-Nightly-Testing-Hera/intel_2023.2.0_mpiuni_g_develop/esmf/src/Infrastructure/stubs/mpiuni/mpirun
ESMF_NETCDF=nc-config
ESMF_TESTEXHAUSTIVE=ON
ESMF_TESTWITHTHREADS=ON
 
--------------------------------------------------------------
 * ESMF environment variables *
ESMF_DIR: /scratch3/NCEPDEV/stmp/Gerhard.Theurich/ESMF-Nightly-Testing-Hera/intel_2023.2.0_mpiuni_g_develop/esmf
ESMF_OS:                   Linux
ESMF_MACHINE:              x86_64
ESMF_ABI:                  64
ESMF_COMPILER:             intel
ESMF_BOPT:                 g
ESMF_COMM:                 mpiuni
ESMF_SITE:                 default
ESMF_PTHREADS:             ON
ESMF_OPENMP:               ON
ESMF_OPENACC:              OFF
ESMF_CXXSTD:               11
ESMF_ARRAY_LITE:           FALSE
ESMF_NO_INTEGER_1_BYTE:    TRUE
ESMF_NO_INTEGER_2_BYTE:    TRUE
ESMF_FORTRANSYMBOLS:       default
ESMF_MAPPER_BUILD:         OFF
ESMF_AUTO_LIB_BUILD:       ON
ESMF_DEFER_LIB_BUILD:      ON
ESMF_SHARED_LIB_BUILD:     ON
ESMF_TRACE_LIB_BUILD:      ON
ESMF_TRACE_BUILD_SHARED:   ON
ESMF_TRACE_PRELOAD_LINKED: OFF
ESMF_TESTEXHAUSTIVE:       ON
ESMF_TESTPERFORMANCE:      ON
ESMF_TESTCOMPTUNNEL:       ON
ESMF_TESTWITHTHREADS:      ON
ESMF_TESTMPMD:             OFF
ESMF_TESTSHAREDOBJ:        OFF
ESMF_TESTFORCEOPENMP:      OFF
ESMF_TESTFORCEOPENACC:     OFF
ESMF_TESTHARNESS_ARRAY:    default
ESMF_TESTHARNESS_FIELD:    default
ESMF_MPIRUN:               /scratch3/NCEPDEV/stmp/Gerhard.Theurich/ESMF-Nightly-Testing-Hera/intel_2023.2.0_mpiuni_g_develop/esmf/src/Infrastructure/stubs/mpiuni/mpirun
 
--------------------------------------------------------------
 * ESMF environment variables pointing to 3rd party software *
ESMF_MOAB:               internal
ESMF_LAPACK:             internal
ESMF_ACC_SOFTWARE_STACK: none
ESMF_NETCDF:             nc-config
ESMF_NETCDF_INCLUDE:     /apps/netcdf/4.7.0/intel_2023.2.0/include
ESMF_NETCDF_LIBS:        -lnetcdf
ESMF_NETCDF_LIBPATH:     /apps/netcdf/4.7.0/intel_2023.2.0/lib
ESMF_NFCONFIG:           nf-config
ESMF_NETCDFF_INCLUDE:    /apps/netcdf/4.7.0/intel_2023.2.0/include
ESMF_NETCDFF_LIBS:       -lnetcdff -lnetcdf -lnetcdf -lhdf5_hl -lhdf5 -lsz -lz -lcurl -lm
ESMF_NETCDFF_LIBPATH:    /apps/netcdf/4.7.0/intel_2023.2.0/lib /apps/netcdf/4.7.0/intel_2023.2.0/lib /apps/hdf5/1.10.5/intel_2023.2.0/lib /apps/szip/2.1/lib
ESMF_PIO:                internal
ESMF_PIO_LIBS:           -lpioc
ESMF_YAMLCPP:            internal
 
--------------------------------------------------------------
 * ESMF environment variables for final installation *
ESMF_INSTALL_PREFIX:    ./DEFAULTINSTALLDIR
ESMF_INSTALL_HEADERDIR: include
ESMF_INSTALL_MODDIR:    mod/modg/Linux.intel.64.mpiuni.default
ESMF_INSTALL_LIBDIR:    lib/libg/Linux.intel.64.mpiuni.default
ESMF_INSTALL_BINDIR:    bin/bing/Linux.intel.64.mpiuni.default
ESMF_INSTALL_DOCDIR:    doc
ESMF_INSTALL_CMAKEDIR:  cmake
 
--------------------------------------------------------------
 * ESMF Benchmark directory and parameters *
ESMF_BENCHMARK_PREFIX:         ./DEFAULTBENCHMARKDIR
ESMF_BENCHMARK_TOLERANCE:      20%
ESMF_BENCHMARK_THRESHOLD_MSEC: 500
 
--------------------------------------------------------------
 * Other relevant environment variables *
PATH:     /apps/netcdf/4.7.0/intel_2023.2.0/bin:/apps/oneapi/mkl/2023.2.0/bin/intel64:/apps/oneapi/compiler/2023.2.0/linux/lib/oclfpga/bin:/apps/oneapi/compiler/2023.2.0/linux/bin/intel64:/apps/oneapi/compiler/2023.2.0/linux/bin:/apps/cmake/3.28.1/bin:/apps/gnu/gcc-13.2.0/bin:/apps/slurm/archive/bin:/apps/slurm/default/bin:/apps/slurm/default/sbin:/apps/oneapi/intelpython/latest/bin/libfabric:/apps/oneapi/intelpython/latest/bin:/apps/oneapi/intelpython/latest/condabin:/usr/bin:/bin:/usr/local/sbin:/usr/sbin:/apps/hpss:/apps/local/bin:/apps/local/sbin:/apps/bin:/apps/spack/usr/bin
LD_LIBRARY_PATH: /apps/netcdf/4.7.0/intel_2023.2.0/lib:/apps/oneapi/mkl/2023.2.0/lib/intel64:/apps/oneapi/compiler/2023.2.0/linux/lib:/apps/oneapi/compiler/2023.2.0/linux/lib/x64:/apps/oneapi/compiler/2023.2.0/linux/lib/oclfpga/host/linux64/lib:/apps/oneapi/compiler/2023.2.0/linux/compiler/lib/intel64_lin:/apps/gnu/gcc-13.2.0/lib64:/apps/gnu/gcc-13.2.0/lib:/apps/oneapi/intelpython/latest/lib/libfabric
LDFLAGS:  
CXXFLAGS: 
FCFLAGS:  
CFLAGS:   
 
--------------------------------------------------------------
 * Compilers, Linkers, Flags, and Libraries *
Location of the preprocessor:      /apps/gnu/gcc-13.2.0/bin/gcc
Location of the Fortran compiler:  /apps/oneapi/compiler/2023.2.0/linux/bin/intel64/ifort
Location of the Fortran linker:    /apps/oneapi/compiler/2023.2.0/linux/bin/intel64/ifort
Location of the C++ compiler:      /apps/oneapi/compiler/2023.2.0/linux/bin/icpx
Location of the C++ linker:        /apps/oneapi/compiler/2023.2.0/linux/bin/icpx
Location of the C compiler:        /apps/oneapi/compiler/2023.2.0/linux/bin/icx
Location of the C linker:          /apps/oneapi/compiler/2023.2.0/linux/bin/icx

Fortran compiler flags:
ESMF_F90COMPILER: ifort
ESMF_F90COMPILEOPTS: -g -traceback -check arg_temp_created,bounds,format,output_conversion,stack  -fPIC -debug minimal -assume realloc_lhs -m64 -mcmodel=small -pthread -threads  -qopenmp
ESMF_F90COMPILEPATHS: -I/scratch3/NCEPDEV/stmp/Gerhard.Theurich/ESMF-Nightly-Testing-Hera/intel_2023.2.0_mpiuni_g_develop/esmf/mod/modg/Linux.intel.64.mpiuni.default -I/scratch3/NCEPDEV/stmp/Gerhard.Theurich/ESMF-Nightly-Testing-Hera/intel_2023.2.0_mpiuni_g_develop/esmf/src/include -I/apps/netcdf/4.7.0/intel_2023.2.0/include -I/apps/netcdf/4.7.0/intel_2023.2.0/include
ESMF_F90COMPILECPPFLAGS: -DESMF_NO_INTEGER_1_BYTE -DESMF_NO_INTEGER_2_BYTE -DESMF_VERSION_STRING_GIT='develop+g3a22a06bd4' -DESMF_MPIUNI -I/scratch3/NCEPDEV/stmp/Gerhard.Theurich/ESMF-Nightly-Testing-Hera/intel_2023.2.0_mpiuni_g_develop/esmf/src/Infrastructure/stubs/mpiuni -DESMF_MOAB=1 -DESMF_LAPACK=1 -DESMF_LAPACK_INTERNAL=1 -DESMF_NO_ACC_SOFTWARE_STACK=1 -DESMF_PIO=1 -DESMF_NETCDF=1 -DESMF_YAMLCPP=1 -DESMF_YAML=1 -DESMF_NO_OPENACC -DESMF_TESTEXHAUSTIVE -DESMF_BOPT_g -DESMF_TESTPERFORMANCE -DESMF_TESTCOMPTUNNEL -DESMF_TESTWITHTHREADS -DSx86_64_small=1 -DESMF_OS_Linux=1 -DESMF_COMM=mpiuni -DESMF_DIR=/scratch3/NCEPDEV/stmp/Gerhard.Theurich/ESMF-Nightly-Testing-Hera/intel_2023.2.0_mpiuni_g_develop/esmf
ESMF_F90COMPILEFREECPP: 
ESMF_F90COMPILEFREENOCPP: 
ESMF_F90COMPILEFIXCPP: 
ESMF_F90COMPILEFIXNOCPP: 

Fortran linker flags:
ESMF_F90LINKOPTS:   -m64 -mcmodel=small -pthread -threads -cxxlib -Wl,--no-as-needed  -qopenmp
ESMF_F90LINKPATHS: -L/scratch3/NCEPDEV/stmp/Gerhard.Theurich/ESMF-Nightly-Testing-Hera/intel_2023.2.0_mpiuni_g_develop/esmf/lib/libg/Linux.intel.64.mpiuni.default -L/apps/netcdf/4.7.0/intel_2023.2.0/lib -L/apps/netcdf/4.7.0/intel_2023.2.0/lib -L/apps/netcdf/4.7.0/intel_2023.2.0/lib -L/apps/hdf5/1.10.5/intel_2023.2.0/lib -L/apps/szip/2.1/lib 
ESMF_F90LINKRPATHS: -Wl,-rpath,/scratch3/NCEPDEV/stmp/Gerhard.Theurich/ESMF-Nightly-Testing-Hera/intel_2023.2.0_mpiuni_g_develop/esmf/lib/libg/Linux.intel.64.mpiuni.default  -Wl,-rpath,/apps/netcdf/4.7.0/intel_2023.2.0/lib -Wl,-rpath,/apps/netcdf/4.7.0/intel_2023.2.0/lib -Wl,-rpath,/apps/netcdf/4.7.0/intel_2023.2.0/lib -Wl,-rpath,/apps/hdf5/1.10.5/intel_2023.2.0/lib -Wl,-rpath,/apps/szip/2.1/lib
ESMF_F90LINKLIBS: -lpioc -lnetcdf -lnetcdff -lnetcdf -lnetcdf -lhdf5_hl -lhdf5 -lsz -lz -lcurl -lm -lrt -ldl
ESMF_F90ESMFLINKLIBS: -lesmf -lpioc -lnetcdf -lnetcdff -lnetcdf -lnetcdf -lhdf5_hl -lhdf5 -lsz -lz -lcurl -lm -lrt -ldl

C++ compiler flags:
ESMF_CXXCOMPILER: icpx
ESMF_CXXCOMPILEOPTS: -std=c++11 -g -traceback -Wcheck  -fPIC -debug minimal -m64 -mcmodel=small -pthread  -qopenmp
ESMF_CXXCOMPILEPATHS:  -I/scratch3/NCEPDEV/stmp/Gerhard.Theurich/ESMF-Nightly-Testing-Hera/intel_2023.2.0_mpiuni_g_develop/esmf/src/include  -I/apps/netcdf/4.7.0/intel_2023.2.0/include -I/scratch3/NCEPDEV/stmp/Gerhard.Theurich/ESMF-Nightly-Testing-Hera/intel_2023.2.0_mpiuni_g_develop/esmf/src/prologue/yaml-cpp/include
ESMF_CXXCOMPILECPPFLAGS: -DESMF_NO_INTEGER_1_BYTE -DESMF_NO_INTEGER_2_BYTE -DESMF_VERSION_STRING_GIT='develop+g3a22a06bd4' -DESMF_MPIUNI -I/scratch3/NCEPDEV/stmp/Gerhard.Theurich/ESMF-Nightly-Testing-Hera/intel_2023.2.0_mpiuni_g_develop/esmf/src/Infrastructure/stubs/mpiuni -DESMF_MOAB=1 -DESMF_LAPACK=1 -DESMF_LAPACK_INTERNAL=1 -DESMF_NO_ACC_SOFTWARE_STACK=1 -DESMF_PIO=1 -DESMF_NETCDF=1 -DESMF_YAMLCPP=1 -DESMF_YAML=1 -DESMF_NO_OPENACC -DESMF_TESTEXHAUSTIVE -DESMF_BOPT_g -DESMF_TESTPERFORMANCE -DESMF_TESTCOMPTUNNEL -DESMF_TESTWITHTHREADS -DSx86_64_small=1 -DESMF_OS_Linux=1 -DESMF_COMM=mpiuni -DESMF_DIR=/scratch3/NCEPDEV/stmp/Gerhard.Theurich/ESMF-Nightly-Testing-Hera/intel_2023.2.0_mpiuni_g_develop/esmf -D__SDIR__='' -DESMF_CXXSTD=11

C++ linker flags:
ESMF_CXXLINKOPTS:   -m64 -mcmodel=small -pthread -Wl,--no-as-needed  -qopenmp
ESMF_CXXLINKPATHS: -L/scratch3/NCEPDEV/stmp/Gerhard.Theurich/ESMF-Nightly-Testing-Hera/intel_2023.2.0_mpiuni_g_develop/esmf/lib/libg/Linux.intel.64.mpiuni.default -L/apps/netcdf/4.7.0/intel_2023.2.0/lib -L/apps/netcdf/4.7.0/intel_2023.2.0/lib -L/apps/netcdf/4.7.0/intel_2023.2.0/lib -L/apps/hdf5/1.10.5/intel_2023.2.0/lib -L/apps/szip/2.1/lib -L/apps/oneapi/compiler/2023.2.0/linux/bin/intel64/../../compiler/lib/intel64_lin/
ESMF_CXXLINKRPATHS: -Wl,-rpath,/scratch3/NCEPDEV/stmp/Gerhard.Theurich/ESMF-Nightly-Testing-Hera/intel_2023.2.0_mpiuni_g_develop/esmf/lib/libg/Linux.intel.64.mpiuni.default  -Wl,-rpath,/apps/netcdf/4.7.0/intel_2023.2.0/lib -Wl,-rpath,/apps/netcdf/4.7.0/intel_2023.2.0/lib -Wl,-rpath,/apps/netcdf/4.7.0/intel_2023.2.0/lib -Wl,-rpath,/apps/hdf5/1.10.5/intel_2023.2.0/lib -Wl,-rpath,/apps/szip/2.1/lib -Wl,-rpath,/apps/oneapi/compiler/2023.2.0/linux/bin/intel64/../../compiler/lib/intel64_lin/
ESMF_CXXLINKLIBS: -lpioc -lnetcdf -lnetcdff -lnetcdf -lnetcdf -lhdf5_hl -lhdf5 -lsz -lz -lcurl -lm -lifport -lifcoremt -limf -lsvml -lm -lipgo -liomp5 -lintlc -lpthread -lsvml -ldl -lgcc -lgcc_s -lirc_s -ldl -lrt -ldl
ESMF_CXXESMFLINKLIBS: -lesmf -lpioc -lnetcdf -lnetcdff -lnetcdf -lnetcdf -lhdf5_hl -lhdf5 -lsz -lz -lcurl -lm -lifport -lifcoremt -limf -lsvml -lm -lipgo -liomp5 -lintlc -lpthread -lsvml -ldl -lgcc -lgcc_s -lirc_s -ldl -lrt -ldl

C compiler flags:
ESMF_CCOMPILER: icx
ESMF_CCOMPILEOPTS: -std=c99 -g  -fPIC -debug minimal  -qopenmp
ESMF_CCOMPILEPATHS:  -I/scratch3/NCEPDEV/stmp/Gerhard.Theurich/ESMF-Nightly-Testing-Hera/intel_2023.2.0_mpiuni_g_develop/esmf/src/include  
ESMF_CCOMPILECPPFLAGS: -DESMF_NO_INTEGER_1_BYTE -DESMF_NO_INTEGER_2_BYTE -DESMF_VERSION_STRING_GIT='develop+g3a22a06bd4' -DESMF_MPIUNI -I/scratch3/NCEPDEV/stmp/Gerhard.Theurich/ESMF-Nightly-Testing-Hera/intel_2023.2.0_mpiuni_g_develop/esmf/src/Infrastructure/stubs/mpiuni -DESMF_MOAB=1 -DESMF_LAPACK=1 -DESMF_LAPACK_INTERNAL=1 -DESMF_NO_ACC_SOFTWARE_STACK=1 -DESMF_PIO=1 -DESMF_NETCDF=1 -DESMF_YAMLCPP=1 -DESMF_YAML=1 -DESMF_NO_OPENACC -DESMF_TESTEXHAUSTIVE -DESMF_BOPT_g -DESMF_TESTPERFORMANCE -DESMF_TESTCOMPTUNNEL -DESMF_TESTWITHTHREADS -DSx86_64_small=1 -DESMF_OS_Linux=1 -DESMF_COMM=mpiuni -DESMF_DIR=/scratch3/NCEPDEV/stmp/Gerhard.Theurich/ESMF-Nightly-Testing-Hera/intel_2023.2.0_mpiuni_g_develop/esmf -D__SDIR__='' -DESMF_CSTD=99

C linker flags:
ESMF_CLINKOPTS:    -qopenmp
ESMF_CLINKPATHS: -L/scratch3/NCEPDEV/stmp/Gerhard.Theurich/ESMF-Nightly-Testing-Hera/intel_2023.2.0_mpiuni_g_develop/esmf/lib/libg/Linux.intel.64.mpiuni.default -L/apps/netcdf/4.7.0/intel_2023.2.0/lib -L/apps/netcdf/4.7.0/intel_2023.2.0/lib -L/apps/netcdf/4.7.0/intel_2023.2.0/lib -L/apps/hdf5/1.10.5/intel_2023.2.0/lib -L/apps/szip/2.1/lib -L/apps/oneapi/compiler/2023.2.0/linux/bin/intel64/../../compiler/lib/intel64_lin/ -L/scratch3/NCEPDEV/stmp/Gerhard.Theurich/ESMF-Nightly-Testing-Hera/intel_2023.2.0_mpiuni_g_develop/esmf/lib/libg/Linux.intel.64.mpiuni.default -L/apps/netcdf/4.7.0/intel_2023.2.0/lib -L/apps/netcdf/4.7.0/intel_2023.2.0/lib -L/apps/netcdf/4.7.0/intel_2023.2.0/lib -L/apps/hdf5/1.10.5/intel_2023.2.0/lib -L/apps/szip/2.1/lib 
ESMF_CLINKRPATHS: -Wl,-rpath,/scratch3/NCEPDEV/stmp/Gerhard.Theurich/ESMF-Nightly-Testing-Hera/intel_2023.2.0_mpiuni_g_develop/esmf/lib/libg/Linux.intel.64.mpiuni.default -Wl,-rpath,/apps/netcdf/4.7.0/intel_2023.2.0/lib -Wl,-rpath,/apps/netcdf/4.7.0/intel_2023.2.0/lib -Wl,-rpath,/apps/netcdf/4.7.0/intel_2023.2.0/lib -Wl,-rpath,/apps/hdf5/1.10.5/intel_2023.2.0/lib -Wl,-rpath,/apps/szip/2.1/lib -Wl,-rpath,/apps/oneapi/compiler/2023.2.0/linux/bin/intel64/../../compiler/lib/intel64_lin/ -Wl,-rpath,/scratch3/NCEPDEV/stmp/Gerhard.Theurich/ESMF-Nightly-Testing-Hera/intel_2023.2.0_mpiuni_g_develop/esmf/lib/libg/Linux.intel.64.mpiuni.default -Wl,-rpath,/apps/netcdf/4.7.0/intel_2023.2.0/lib -Wl,-rpath,/apps/netcdf/4.7.0/intel_2023.2.0/lib -Wl,-rpath,/apps/netcdf/4.7.0/intel_2023.2.0/lib -Wl,-rpath,/apps/hdf5/1.10.5/intel_2023.2.0/lib -Wl,-rpath,/apps/szip/2.1/lib
ESMF_CLINKLIBS: -lpioc -lnetcdf -lnetcdff -lnetcdf -lnetcdf -lhdf5_hl -lhdf5 -lsz -lz -lcurl -lm -lifport -lifcoremt -limf -lsvml -lm -lipgo -liomp5 -lintlc -lpthread -lsvml -ldl -lgcc -lgcc_s -lirc_s -ldl -lrt -ldl -lpioc -lnetcdf -lnetcdff -lnetcdf -lnetcdf -lhdf5_hl -lhdf5 -lsz -lz -lcurl -lm -lrt -ldl
ESMF_CESMFLINKLIBS: -lesmf -lpioc -lnetcdf -lnetcdff -lnetcdf -lnetcdf -lhdf5_hl -lhdf5 -lsz -lz -lcurl -lm -lifport -lifcoremt -limf -lsvml -lm -lipgo -liomp5 -lintlc -lpthread -lsvml -ldl -lgcc -lgcc_s -lirc_s -ldl -lrt -ldl -lpioc -lnetcdf -lnetcdff -lnetcdf -lnetcdf -lhdf5_hl -lhdf5 -lsz -lz -lcurl -lm -lrt -ldl

Shared library build:
ESMF_SL_LIBS_TO_MAKE: libesmf
ESMF_SL_SUFFIX:       so
ESMF_SL_LIBLINKER:    icpx
ESMF_SL_LIBOPTS:       -pthread -shared  -qopenmp
ESMF_SL_LIBLIBS:      

ESMF Tracing linker options:
ESMF_TRACE_LDPRELOAD=/scratch3/NCEPDEV/stmp/Gerhard.Theurich/ESMF-Nightly-Testing-Hera/intel_2023.2.0_mpiuni_g_develop/esmf/lib/libg/Linux.intel.64.mpiuni.default/libesmftrace_preload.so
ESMF_TRACE_STATICLINKOPTS=-static -Wl,--wrap=c_esmftrace_notify_wrappers -Wl,--wrap=c_esmftrace_isinitialized -Wl,--wrap=write -Wl,--wrap=writev -Wl,--wrap=pwrite -Wl,--wrap=read -Wl,--wrap=open -Wl,--wrap=MPI_Allgather -Wl,--wrap=MPI_Allgatherv -Wl,--wrap=MPI_Allreduce -Wl,--wrap=MPI_Alltoall -Wl,--wrap=MPI_Alltoallv -Wl,--wrap=MPI_Alltoallw -Wl,--wrap=MPI_Barrier -Wl,--wrap=MPI_Bcast -Wl,--wrap=MPI_Bsend -Wl,--wrap=MPI_Gather -Wl,--wrap=MPI_Gatherv -Wl,--wrap=MPI_Iprobe -Wl,--wrap=MPI_Irecv -Wl,--wrap=MPI_Irsend -Wl,--wrap=MPI_Isend -Wl,--wrap=MPI_Issend -Wl,--wrap=MPI_Probe -Wl,--wrap=MPI_Recv -Wl,--wrap=MPI_Reduce -Wl,--wrap=MPI_Rsend -Wl,--wrap=MPI_Scan -Wl,--wrap=MPI_Scatter -Wl,--wrap=MPI_Scatterv -Wl,--wrap=MPI_Send -Wl,--wrap=MPI_Sendrecv -Wl,--wrap=MPI_Test -Wl,--wrap=MPI_Testall -Wl,--wrap=MPI_Testany -Wl,--wrap=MPI_Testsome -Wl,--wrap=MPI_Wait -Wl,--wrap=MPI_Waitall -Wl,--wrap=MPI_Waitany -Wl,--wrap=MPI_Waitsome -Wl,--wrap=mpi_allgather_ -Wl,--wrap=mpi_allgather__ -Wl,--wrap=mpi_allgatherv_ -Wl,--wrap=mpi_allgatherv__ -Wl,--wrap=mpi_allreduce_ -Wl,--wrap=mpi_allreduce__ -Wl,--wrap=mpi_alltoall_ -Wl,--wrap=mpi_alltoall__ -Wl,--wrap=mpi_alltoallv_ -Wl,--wrap=mpi_alltoallv__ -Wl,--wrap=mpi_alltoallw_ -Wl,--wrap=mpi_alltoallw__ -Wl,--wrap=mpi_barrier_ -Wl,--wrap=mpi_barrier__ -Wl,--wrap=mpi_bcast_ -Wl,--wrap=mpi_bcast__ -Wl,--wrap=mpi_bsend_ -Wl,--wrap=mpi_bsend__ -Wl,--wrap=mpi_exscan_ -Wl,--wrap=mpi_exscan__ -Wl,--wrap=mpi_gather_ -Wl,--wrap=mpi_gather__ -Wl,--wrap=mpi_gatherv_ -Wl,--wrap=mpi_gatherv__ -Wl,--wrap=mpi_iprobe_ -Wl,--wrap=mpi_iprobe__ -Wl,--wrap=mpi_irecv_ -Wl,--wrap=mpi_irecv__ -Wl,--wrap=mpi_irsend_ -Wl,--wrap=mpi_irsend__ -Wl,--wrap=mpi_isend_ -Wl,--wrap=mpi_isend__ -Wl,--wrap=mpi_issend_ -Wl,--wrap=mpi_issend__ -Wl,--wrap=mpi_probe_ -Wl,--wrap=mpi_probe__ -Wl,--wrap=mpi_recv_ -Wl,--wrap=mpi_recv__ -Wl,--wrap=mpi_reduce_ -Wl,--wrap=mpi_reduce__ -Wl,--wrap=mpi_reduce_scatter_ -Wl,--wrap=mpi_reduce_scatter__ -Wl,--wrap=mpi_rsend_ -Wl,--wrap=mpi_rsend__ -Wl,--wrap=mpi_scatter_ -Wl,--wrap=mpi_scatter__ -Wl,--wrap=mpi_scatterv_ -Wl,--wrap=mpi_scatterv__ -Wl,--wrap=mpi_scan_ -Wl,--wrap=mpi_scan__ -Wl,--wrap=mpi_send_ -Wl,--wrap=mpi_send__ -Wl,--wrap=mpi_sendrecv_ -Wl,--wrap=mpi_sendrecv__ -Wl,--wrap=mpi_test_ -Wl,--wrap=mpi_test__ -Wl,--wrap=mpi_testall_ -Wl,--wrap=mpi_testall__ -Wl,--wrap=mpi_testany_ -Wl,--wrap=mpi_testany__ -Wl,--wrap=mpi_testsome_ -Wl,--wrap=mpi_testsome__ -Wl,--wrap=mpi_wait_ -Wl,--wrap=mpi_wait__ -Wl,--wrap=mpi_waitall_ -Wl,--wrap=mpi_waitall__ -Wl,--wrap=mpi_waitany_ -Wl,--wrap=mpi_waitany__
ESMF_TRACE_STATICLINKLIBS=-lesmftrace_static
ESMF_TRACE_DYNAMICLINKLIBS=-lesmftrace_preload
ESMF_F90ESMFPRELOADLINKLIBS=-lesmf -lesmftrace_preload -lpioc -lnetcdf -lnetcdff -lnetcdf -lnetcdf -lhdf5_hl -lhdf5 -lsz -lz -lcurl -lm -lrt -ldl


--------------------------------------------------------------
Compiling on Thu May 21 07:13:55 UTC 2026 on h10c55
Machine characteristics: Linux h10c55 4.18.0-553.120.1.el8_10.x86_64 #1 SMP Thu Apr 23 10:43:43 UTC 2026 x86_64 x86_64 x86_64 GNU/Linux
==============================================================
 
