Processing /Users/theurich/ESMF-Nightly-Testing/nag_7.2.44_openmpi_O_develop/esmf/src/addon/esmpy
  Installing build dependencies: started
  Installing build dependencies: finished with status 'done'
  Getting requirements to build wheel: started
  Getting requirements to build wheel: finished with status 'done'
  Preparing metadata (pyproject.toml): started
  Preparing metadata (pyproject.toml): finished with status 'done'
Collecting numpy<3,>=1.19 (from esmpy==9.0.0b0)
  Using cached numpy-2.0.2-cp39-cp39-macosx_14_0_arm64.whl.metadata (60 kB)
Using cached numpy-2.0.2-cp39-cp39-macosx_14_0_arm64.whl (5.3 MB)
Building wheels for collected packages: esmpy
  Building wheel for esmpy (pyproject.toml): started
  Building wheel for esmpy (pyproject.toml): finished with status 'done'
  Created wheel for esmpy: filename=esmpy-9.0.0b0-py3-none-any.whl size=132270 sha256=a86abe938d8f46192a636d401a5a84a71039e2cf0d10ff506e2dbaf1adeb672e
  Stored in directory: /private/var/folders/hy/55crf_bn101_t3rw93lbhn183rmnl1/T/pip-ephem-wheel-cache-zelms9hg/wheels/56/1f/51/6497b17bcdfbccdcdd15290b35a78368d79e599af8d20626f6
Successfully built esmpy
Installing collected packages: numpy, esmpy

Successfully installed esmpy-9.0.0b0 numpy-2.0.2

[notice] A new release of pip is available: 25.1.1 -> 26.0.1
[notice] To update, run: python3 -m pip install --upgrade pip
