2026-07-16 22:55:50
20260716 232054.158 INFO             PET0 !!!!!!!!!!!!!!!!!!!!!!!!!!!!!!!!!!!!!!!!!!!!!!!!!!!!!!
20260716 232054.159 INFO             PET0 !!! THE ESMF_LOG IS SET TO OUTPUT ALL LOG MESSAGES !!!
20260716 232054.159 INFO             PET0 !!!     THIS MAY CAUSE SLOWDOWN IN PERFORMANCE     !!!
20260716 232054.159 INFO             PET0 !!! FOR PRODUCTION RUNS, USE:                      !!!
20260716 232054.159 INFO             PET0 !!!                   ESMF_LOGKIND_Multi_On_Error  !!!
20260716 232054.159 INFO             PET0 !!!!!!!!!!!!!!!!!!!!!!!!!!!!!!!!!!!!!!!!!!!!!!!!!!!!!!
20260716 232054.159 INFO             PET0 Running with ESMF Version   : feature/refresh-bmauer-c_dynmask_interface+ge07d076824
20260716 232054.159 INFO             PET0 ESMF library build date/time: "Jul 16 2026" "22:54:44"
20260716 232054.159 INFO             PET0 ESMF library build location : /usr/local/esmf/esmf-testing/nag_7.2.44_openmpi_g_feature_refresh-bmauer-c_dynmask_interface/esmf
20260716 232054.159 INFO             PET0 ESMF_COMM                   : openmpi
20260716 232054.159 INFO             PET0 ESMF_MOAB                   : enabled
20260716 232054.159 INFO             PET0 ESMF_LAPACK                 : enabled
20260716 232054.159 INFO             PET0 ESMF_NETCDF                 : enabled
20260716 232054.159 INFO             PET0 ESMF_PNETCDF                : disabled
20260716 232054.159 INFO             PET0 ESMF_PIO                    : enabled
20260716 232054.159 INFO             PET0 ESMF_YAMLCPP                : enabled
20260716 232054.161 INFO             PET0 =============================================
20260716 232054.161 INFO             PET0 ESMX (Earth System Model eXecutable) STARTING
20260716 232054.161 INFO             PET0 =============================================
20260716 232054.168 DEBUG            PET0 Generic SetVM() is executing for: ESMX_Driver
20260716 232054.172 DEBUG            PET0 Generic SetVM() found no NUOPC Hint for: ESMX_Driver
20260716 232054.172 DEBUG            PET0 Generic SetVM() therefore is NOT calling ESMF_GridCompSetVMMaxPEs() for: ESMX_Driver
20260716 232054.175 INFO             PET0 ESMX_Driver: InitializeGeneric intro.
20260716 232054.175 INFO             PET0   >>>ESMX_Driver: entered Initialize (phase=<none>) without valid internal Clock.
20260716 232054.175 INFO             PET0   ESMX_Driver: InitializeP0 intro.
20260716 232054.175 INFO             PET0     >>>ESMX_Driver: entered Initialize (phase=<none>) without valid internal Clock.
20260716 232054.175 INFO             PET0     <<<ESMX_Driver: leaving Initialize (phase=<none>) without valid internal Clock.
20260716 232054.175 INFO             PET0   ESMX_Driver: InitializeP0 extro.
20260716 232054.175 INFO             PET0   ESMX_Driver: InitializeIPDv02p1 intro.
20260716 232054.175 INFO             PET0     >>>ESMX_Driver: entered Initialize (phase=<none>) without valid internal Clock.
20260716 232054.176 ERROR            PET0 src/addon/ESMX/Driver/ESMX_Driver.F90:206     Arguments are incompatible  - Must provide settings for component: MDL
20260716 232054.176 ERROR            PET0 ESMX_Driver:src/addon/NUOPC/src/NUOPC_Driver.F90:828     Arguments are incompatible  - Passing error in return code
20260716 232054.176 ERROR            PET0 ESMX_Driver:src/addon/NUOPC/src/NUOPC_Driver.F90:534     Arguments are incompatible  - Passing error in return code
20260716 232054.176 ERROR            PET0 src/addon/ESMX/ESMX_App.F90:359     Arguments are incompatible  - Passing error in return code
20260716 232054.176 INFO             PET0      Finalizing ESMF with endflag==ESMF_END_ABORT
20260716 232054.158 INFO             PET1 !!!!!!!!!!!!!!!!!!!!!!!!!!!!!!!!!!!!!!!!!!!!!!!!!!!!!!
20260716 232054.159 INFO             PET1 !!! THE ESMF_LOG IS SET TO OUTPUT ALL LOG MESSAGES !!!
20260716 232054.159 INFO             PET1 !!!     THIS MAY CAUSE SLOWDOWN IN PERFORMANCE     !!!
20260716 232054.159 INFO             PET1 !!! FOR PRODUCTION RUNS, USE:                      !!!
20260716 232054.159 INFO             PET1 !!!                   ESMF_LOGKIND_Multi_On_Error  !!!
20260716 232054.159 INFO             PET1 !!!!!!!!!!!!!!!!!!!!!!!!!!!!!!!!!!!!!!!!!!!!!!!!!!!!!!
20260716 232054.159 INFO             PET1 Running with ESMF Version   : feature/refresh-bmauer-c_dynmask_interface+ge07d076824
20260716 232054.159 INFO             PET1 ESMF library build date/time: "Jul 16 2026" "22:54:44"
20260716 232054.159 INFO             PET1 ESMF library build location : /usr/local/esmf/esmf-testing/nag_7.2.44_openmpi_g_feature_refresh-bmauer-c_dynmask_interface/esmf
20260716 232054.159 INFO             PET1 ESMF_COMM                   : openmpi
20260716 232054.159 INFO             PET1 ESMF_MOAB                   : enabled
20260716 232054.159 INFO             PET1 ESMF_LAPACK                 : enabled
20260716 232054.159 INFO             PET1 ESMF_NETCDF                 : enabled
20260716 232054.159 INFO             PET1 ESMF_PNETCDF                : disabled
20260716 232054.159 INFO             PET1 ESMF_PIO                    : enabled
20260716 232054.159 INFO             PET1 ESMF_YAMLCPP                : enabled
20260716 232054.163 INFO             PET1 =============================================
20260716 232054.163 INFO             PET1 ESMX (Earth System Model eXecutable) STARTING
20260716 232054.163 INFO             PET1 =============================================
20260716 232054.166 DEBUG            PET1 Generic SetVM() is executing for: ESMX_Driver
20260716 232054.169 DEBUG            PET1 Generic SetVM() found no NUOPC Hint for: ESMX_Driver
20260716 232054.169 DEBUG            PET1 Generic SetVM() therefore is NOT calling ESMF_GridCompSetVMMaxPEs() for: ESMX_Driver
20260716 232054.177 INFO             PET1 ESMX_Driver: InitializeGeneric intro.
20260716 232054.177 INFO             PET1   >>>ESMX_Driver: entered Initialize (phase=<none>) without valid internal Clock.
20260716 232054.177 INFO             PET1   ESMX_Driver: InitializeP0 intro.
20260716 232054.177 INFO             PET1     >>>ESMX_Driver: entered Initialize (phase=<none>) without valid internal Clock.
20260716 232054.177 INFO             PET1     <<<ESMX_Driver: leaving Initialize (phase=<none>) without valid internal Clock.
20260716 232054.177 INFO             PET1   ESMX_Driver: InitializeP0 extro.
20260716 232054.178 INFO             PET1   ESMX_Driver: InitializeIPDv02p1 intro.
20260716 232054.178 INFO             PET1     >>>ESMX_Driver: entered Initialize (phase=<none>) without valid internal Clock.
20260716 232054.179 ERROR            PET1 src/addon/ESMX/Driver/ESMX_Driver.F90:206     Arguments are incompatible  - Must provide settings for component: MDL
20260716 232054.179 ERROR            PET1 ESMX_Driver:src/addon/NUOPC/src/NUOPC_Driver.F90:828     Arguments are incompatible  - Passing error in return code
20260716 232054.179 ERROR            PET1 ESMX_Driver:src/addon/NUOPC/src/NUOPC_Driver.F90:534     Arguments are incompatible  - Passing error in return code
20260716 232054.179 ERROR            PET1 src/addon/ESMX/ESMX_App.F90:359     Arguments are incompatible  - Passing error in return code
20260716 232054.179 INFO             PET1      Finalizing ESMF with endflag==ESMF_END_ABORT
20260716 232054.160 INFO             PET2 !!!!!!!!!!!!!!!!!!!!!!!!!!!!!!!!!!!!!!!!!!!!!!!!!!!!!!
20260716 232054.160 INFO             PET2 !!! THE ESMF_LOG IS SET TO OUTPUT ALL LOG MESSAGES !!!
20260716 232054.160 INFO             PET2 !!!     THIS MAY CAUSE SLOWDOWN IN PERFORMANCE     !!!
20260716 232054.160 INFO             PET2 !!! FOR PRODUCTION RUNS, USE:                      !!!
20260716 232054.160 INFO             PET2 !!!                   ESMF_LOGKIND_Multi_On_Error  !!!
20260716 232054.160 INFO             PET2 !!!!!!!!!!!!!!!!!!!!!!!!!!!!!!!!!!!!!!!!!!!!!!!!!!!!!!
20260716 232054.160 INFO             PET2 Running with ESMF Version   : feature/refresh-bmauer-c_dynmask_interface+ge07d076824
20260716 232054.160 INFO             PET2 ESMF library build date/time: "Jul 16 2026" "22:54:44"
20260716 232054.160 INFO             PET2 ESMF library build location : /usr/local/esmf/esmf-testing/nag_7.2.44_openmpi_g_feature_refresh-bmauer-c_dynmask_interface/esmf
20260716 232054.160 INFO             PET2 ESMF_COMM                   : openmpi
20260716 232054.160 INFO             PET2 ESMF_MOAB                   : enabled
20260716 232054.160 INFO             PET2 ESMF_LAPACK                 : enabled
20260716 232054.160 INFO             PET2 ESMF_NETCDF                 : enabled
20260716 232054.160 INFO             PET2 ESMF_PNETCDF                : disabled
20260716 232054.160 INFO             PET2 ESMF_PIO                    : enabled
20260716 232054.160 INFO             PET2 ESMF_YAMLCPP                : enabled
20260716 232054.161 INFO             PET2 =============================================
20260716 232054.161 INFO             PET2 ESMX (Earth System Model eXecutable) STARTING
20260716 232054.161 INFO             PET2 =============================================
20260716 232054.166 DEBUG            PET2 Generic SetVM() is executing for: ESMX_Driver
20260716 232054.169 DEBUG            PET2 Generic SetVM() found no NUOPC Hint for: ESMX_Driver
20260716 232054.169 DEBUG            PET2 Generic SetVM() therefore is NOT calling ESMF_GridCompSetVMMaxPEs() for: ESMX_Driver
20260716 232054.175 INFO             PET2 ESMX_Driver: InitializeGeneric intro.
20260716 232054.175 INFO             PET2   >>>ESMX_Driver: entered Initialize (phase=<none>) without valid internal Clock.
20260716 232054.175 INFO             PET2   ESMX_Driver: InitializeP0 intro.
20260716 232054.175 INFO             PET2     >>>ESMX_Driver: entered Initialize (phase=<none>) without valid internal Clock.
20260716 232054.175 INFO             PET2     <<<ESMX_Driver: leaving Initialize (phase=<none>) without valid internal Clock.
20260716 232054.175 INFO             PET2   ESMX_Driver: InitializeP0 extro.
20260716 232054.175 INFO             PET2   ESMX_Driver: InitializeIPDv02p1 intro.
20260716 232054.175 INFO             PET2     >>>ESMX_Driver: entered Initialize (phase=<none>) without valid internal Clock.
20260716 232054.176 ERROR            PET2 src/addon/ESMX/Driver/ESMX_Driver.F90:206     Arguments are incompatible  - Must provide settings for component: MDL
20260716 232054.176 ERROR            PET2 ESMX_Driver:src/addon/NUOPC/src/NUOPC_Driver.F90:828     Arguments are incompatible  - Passing error in return code
20260716 232054.176 ERROR            PET2 ESMX_Driver:src/addon/NUOPC/src/NUOPC_Driver.F90:534     Arguments are incompatible  - Passing error in return code
20260716 232054.176 ERROR            PET2 src/addon/ESMX/ESMX_App.F90:359     Arguments are incompatible  - Passing error in return code
20260716 232054.176 INFO             PET2      Finalizing ESMF with endflag==ESMF_END_ABORT
20260716 232054.158 INFO             PET3 !!!!!!!!!!!!!!!!!!!!!!!!!!!!!!!!!!!!!!!!!!!!!!!!!!!!!!
20260716 232054.159 INFO             PET3 !!! THE ESMF_LOG IS SET TO OUTPUT ALL LOG MESSAGES !!!
20260716 232054.159 INFO             PET3 !!!     THIS MAY CAUSE SLOWDOWN IN PERFORMANCE     !!!
20260716 232054.159 INFO             PET3 !!! FOR PRODUCTION RUNS, USE:                      !!!
20260716 232054.159 INFO             PET3 !!!                   ESMF_LOGKIND_Multi_On_Error  !!!
20260716 232054.159 INFO             PET3 !!!!!!!!!!!!!!!!!!!!!!!!!!!!!!!!!!!!!!!!!!!!!!!!!!!!!!
20260716 232054.159 INFO             PET3 Running with ESMF Version   : feature/refresh-bmauer-c_dynmask_interface+ge07d076824
20260716 232054.159 INFO             PET3 ESMF library build date/time: "Jul 16 2026" "22:54:44"
20260716 232054.159 INFO             PET3 ESMF library build location : /usr/local/esmf/esmf-testing/nag_7.2.44_openmpi_g_feature_refresh-bmauer-c_dynmask_interface/esmf
20260716 232054.159 INFO             PET3 ESMF_COMM                   : openmpi
20260716 232054.159 INFO             PET3 ESMF_MOAB                   : enabled
20260716 232054.159 INFO             PET3 ESMF_LAPACK                 : enabled
20260716 232054.159 INFO             PET3 ESMF_NETCDF                 : enabled
20260716 232054.159 INFO             PET3 ESMF_PNETCDF                : disabled
20260716 232054.159 INFO             PET3 ESMF_PIO                    : enabled
20260716 232054.159 INFO             PET3 ESMF_YAMLCPP                : enabled
20260716 232054.161 INFO             PET3 =============================================
20260716 232054.161 INFO             PET3 ESMX (Earth System Model eXecutable) STARTING
20260716 232054.161 INFO             PET3 =============================================
20260716 232054.166 DEBUG            PET3 Generic SetVM() is executing for: ESMX_Driver
20260716 232054.169 DEBUG            PET3 Generic SetVM() found no NUOPC Hint for: ESMX_Driver
20260716 232054.169 DEBUG            PET3 Generic SetVM() therefore is NOT calling ESMF_GridCompSetVMMaxPEs() for: ESMX_Driver
20260716 232054.175 INFO             PET3 ESMX_Driver: InitializeGeneric intro.
20260716 232054.175 INFO             PET3   >>>ESMX_Driver: entered Initialize (phase=<none>) without valid internal Clock.
20260716 232054.175 INFO             PET3   ESMX_Driver: InitializeP0 intro.
20260716 232054.175 INFO             PET3     >>>ESMX_Driver: entered Initialize (phase=<none>) without valid internal Clock.
20260716 232054.175 INFO             PET3     <<<ESMX_Driver: leaving Initialize (phase=<none>) without valid internal Clock.
20260716 232054.175 INFO             PET3   ESMX_Driver: InitializeP0 extro.
20260716 232054.175 INFO             PET3   ESMX_Driver: InitializeIPDv02p1 intro.
20260716 232054.175 INFO             PET3     >>>ESMX_Driver: entered Initialize (phase=<none>) without valid internal Clock.
20260716 232054.177 ERROR            PET3 src/addon/ESMX/Driver/ESMX_Driver.F90:206     Arguments are incompatible  - Must provide settings for component: MDL
20260716 232054.177 ERROR            PET3 ESMX_Driver:src/addon/NUOPC/src/NUOPC_Driver.F90:828     Arguments are incompatible  - Passing error in return code
20260716 232054.177 ERROR            PET3 ESMX_Driver:src/addon/NUOPC/src/NUOPC_Driver.F90:534     Arguments are incompatible  - Passing error in return code
20260716 232054.177 ERROR            PET3 src/addon/ESMX/ESMX_App.F90:359     Arguments are incompatible  - Passing error in return code
20260716 232054.177 INFO             PET3      Finalizing ESMF with endflag==ESMF_END_ABORT
