2026-06-17 03:44:28
20260617 041220.102 INFO             PET0 !!!!!!!!!!!!!!!!!!!!!!!!!!!!!!!!!!!!!!!!!!!!!!!!!!!!!!
20260617 041220.102 INFO             PET0 !!! THE ESMF_LOG IS SET TO OUTPUT ALL LOG MESSAGES !!!
20260617 041220.102 INFO             PET0 !!!     THIS MAY CAUSE SLOWDOWN IN PERFORMANCE     !!!
20260617 041220.102 INFO             PET0 !!! FOR PRODUCTION RUNS, USE:                      !!!
20260617 041220.102 INFO             PET0 !!!                   ESMF_LOGKIND_Multi_On_Error  !!!
20260617 041220.102 INFO             PET0 !!!!!!!!!!!!!!!!!!!!!!!!!!!!!!!!!!!!!!!!!!!!!!!!!!!!!!
20260617 041220.102 INFO             PET0 Running with ESMF Version   : develop+g4457b168cc
20260617 041220.102 INFO             PET0 ESMF library build date/time: "Jun 17 2026" "03:43:00"
20260617 041220.102 INFO             PET0 ESMF library build location : /tmp/gfortran_12.3.0_mpiuni_g_develop/esmf
20260617 041220.102 INFO             PET0 ESMF_COMM                   : mpiuni
20260617 041220.102 INFO             PET0 ESMF_MOAB                   : enabled
20260617 041220.102 INFO             PET0 ESMF_LAPACK                 : enabled
20260617 041220.102 INFO             PET0 ESMF_NETCDF                 : enabled
20260617 041220.102 INFO             PET0 ESMF_PNETCDF                : disabled
20260617 041220.102 INFO             PET0 ESMF_PIO                    : enabled
20260617 041220.102 INFO             PET0 ESMF_YAMLCPP                : enabled
20260617 041220.103 INFO             PET0  NUMBER_OF_PROCESSORS           1
20260617 041220.103 INFO             PET0  PASS  Example ESMF_TimeIntervalEx, ESMF_TimeIntervalEx.F90, line 176
20260617 041220.103 INFO             PET0  Finalizing ESMF
