2026-05-27 03:42:58
20260527 041112.962 INFO             PET0 !!!!!!!!!!!!!!!!!!!!!!!!!!!!!!!!!!!!!!!!!!!!!!!!!!!!!!
20260527 041112.962 INFO             PET0 !!! THE ESMF_LOG IS SET TO OUTPUT ALL LOG MESSAGES !!!
20260527 041112.962 INFO             PET0 !!!     THIS MAY CAUSE SLOWDOWN IN PERFORMANCE     !!!
20260527 041112.962 INFO             PET0 !!! FOR PRODUCTION RUNS, USE:                      !!!
20260527 041112.962 INFO             PET0 !!!                   ESMF_LOGKIND_Multi_On_Error  !!!
20260527 041112.962 INFO             PET0 !!!!!!!!!!!!!!!!!!!!!!!!!!!!!!!!!!!!!!!!!!!!!!!!!!!!!!
20260527 041112.962 INFO             PET0 Running with ESMF Version   : develop+g681a42bf77
20260527 041112.962 INFO             PET0 ESMF library build date/time: "May 27 2026" "03:41:30"
20260527 041112.962 INFO             PET0 ESMF library build location : /tmp/gfortran_12.3.0_mpiuni_g_develop/esmf
20260527 041112.962 INFO             PET0 ESMF_COMM                   : mpiuni
20260527 041112.962 INFO             PET0 ESMF_MOAB                   : enabled
20260527 041112.962 INFO             PET0 ESMF_LAPACK                 : enabled
20260527 041112.962 INFO             PET0 ESMF_NETCDF                 : enabled
20260527 041112.962 INFO             PET0 ESMF_PNETCDF                : disabled
20260527 041112.962 INFO             PET0 ESMF_PIO                    : enabled
20260527 041112.962 INFO             PET0 ESMF_YAMLCPP                : enabled
20260527 041112.970 INFO             PET0  NUMBER_OF_PROCESSORS           1
20260527 041112.970 INFO             PET0  PASS  Example ESMF_XGridSparseMatEx, ESMF_XGridSparseMatEx.F90, line 642
20260527 041112.970 INFO             PET0  Finalizing ESMF
