Processing /usr/local/esmf/esmf-testing/gfortranclang_14.2.0_17.0.0_openmpi_g_develop/esmf/src/addon/esmpy
  Installing build dependencies: started
  Installing build dependencies: finished with status 'done'
  Getting requirements to build wheel: started
  Getting requirements to build wheel: finished with status 'done'
  Preparing metadata (pyproject.toml): started
  Preparing metadata (pyproject.toml): finished with status 'done'
Requirement already satisfied: numpy<3,>=1.19 in /usr/local/esmf/esmf-testing/conda_environments/esmf-test-scripts-environment-python3.11-numpy1.26/lib/python3.11/site-packages (from esmpy==9.0.0b0) (1.26.4)
Collecting setuptools-git-versioning (from esmpy==9.0.0b0)
  Using cached setuptools_git_versioning-3.1.0-py3-none-any.whl.metadata (7.0 kB)
Requirement already satisfied: packaging in /usr/local/esmf/esmf-testing/conda_environments/esmf-test-scripts-environment-python3.11-numpy1.26/lib/python3.11/site-packages (from setuptools-git-versioning->esmpy==9.0.0b0) (25.0)
Requirement already satisfied: setuptools in /usr/local/esmf/esmf-testing/gfortranclang_14.2.0_17.0.0_openmpi_g_develop/esmpy_venv/lib/python3.11/site-packages (from setuptools-git-versioning->esmpy==9.0.0b0) (65.5.0)
Using cached setuptools_git_versioning-3.1.0-py3-none-any.whl (19 kB)
Building wheels for collected packages: esmpy
  Building wheel for esmpy (pyproject.toml): started
  Building wheel for esmpy (pyproject.toml): finished with status 'done'
  Created wheel for esmpy: filename=esmpy-9.0.0b0-py3-none-any.whl size=132270 sha256=933c0f2719f3f8ad360b1fb52fe4a5c84a48791a5cab8348308d262cad3ba843
  Stored in directory: /private/var/folders/qt/mpzbvd5n2nn9x9g_jyv99344z_kvxg/T/pip-ephem-wheel-cache-zw84atb9/wheels/f6/0b/df/1b9478bbe5dd325907f6b9e2df2f54cdc2e448f7c640fd446e
Successfully built esmpy
Installing collected packages: setuptools-git-versioning, esmpy

Successfully installed esmpy-9.0.0b0 setuptools-git-versioning-3.1.0

[notice] A new release of pip is available: 25.1.1 -> 26.1.1
[notice] To update, run: pip install --upgrade pip
