2026-08-23 01:47:15
20260823 023319.876 INFO             PET0 !!!!!!!!!!!!!!!!!!!!!!!!!!!!!!!!!!!!!!!!!!!!!!!!!!!!!!
20260823 023319.876 INFO             PET0 !!! THE ESMF_LOG IS SET TO OUTPUT ALL LOG MESSAGES !!!
20260823 023319.876 INFO             PET0 !!!     THIS MAY CAUSE SLOWDOWN IN PERFORMANCE     !!!
20260823 023319.876 INFO             PET0 !!! FOR PRODUCTION RUNS, USE:                      !!!
20260823 023319.876 INFO             PET0 !!!                   ESMF_LOGKIND_Multi_On_Error  !!!
20260823 023319.876 INFO             PET0 !!!!!!!!!!!!!!!!!!!!!!!!!!!!!!!!!!!!!!!!!!!!!!!!!!!!!!
20260823 023319.876 INFO             PET0 Running with ESMF Version   : develop+gd8cb7c6c83
20260823 023319.876 INFO             PET0 ESMF library build date/time: "Aug 23 2026" "01:43:48"
20260823 023319.876 INFO             PET0 ESMF library build location : /glade/derecho/scratch/sacks/esmf-testing/nvhpc_26.1_mpiuni_O_develop/esmf
20260823 023319.876 INFO             PET0 ESMF_COMM                   : mpiuni
20260823 023319.877 INFO             PET0 ESMF_MOAB                   : enabled
20260823 023319.877 INFO             PET0 ESMF_LAPACK                 : enabled
20260823 023319.877 INFO             PET0 ESMF_NETCDF                 : enabled
20260823 023319.877 INFO             PET0 ESMF_PNETCDF                : disabled
20260823 023319.877 INFO             PET0 ESMF_PIO                    : enabled
20260823 023319.877 INFO             PET0 ESMF_YAMLCPP                : enabled
20260823 023319.878 INFO             PET0  NUMBER_OF_PROCESSORS            1
20260823 023319.878 INFO             PET0  PASS  Example ESMF_TimeEx, ESMF_TimeEx.F90, line 141
20260823 023319.878 INFO             PET0  Finalizing ESMF
