2026-07-30 01:42:53
20260730 022849.245 INFO             PET0 !!!!!!!!!!!!!!!!!!!!!!!!!!!!!!!!!!!!!!!!!!!!!!!!!!!!!!
20260730 022849.245 INFO             PET0 !!! THE ESMF_LOG IS SET TO OUTPUT ALL LOG MESSAGES !!!
20260730 022849.245 INFO             PET0 !!!     THIS MAY CAUSE SLOWDOWN IN PERFORMANCE     !!!
20260730 022849.245 INFO             PET0 !!! FOR PRODUCTION RUNS, USE:                      !!!
20260730 022849.245 INFO             PET0 !!!                   ESMF_LOGKIND_Multi_On_Error  !!!
20260730 022849.245 INFO             PET0 !!!!!!!!!!!!!!!!!!!!!!!!!!!!!!!!!!!!!!!!!!!!!!!!!!!!!!
20260730 022849.245 INFO             PET0 Running with ESMF Version   : develop+g6f2cfc7ce0
20260730 022849.245 INFO             PET0 ESMF library build date/time: "Jul 30 2026" "01:39:27"
20260730 022849.245 INFO             PET0 ESMF library build location : /glade/derecho/scratch/sacks/esmf-testing/nvhpc_26.1_mpiuni_O_develop/esmf
20260730 022849.245 INFO             PET0 ESMF_COMM                   : mpiuni
20260730 022849.245 INFO             PET0 ESMF_MOAB                   : enabled
20260730 022849.245 INFO             PET0 ESMF_LAPACK                 : enabled
20260730 022849.245 INFO             PET0 ESMF_NETCDF                 : enabled
20260730 022849.245 INFO             PET0 ESMF_PNETCDF                : disabled
20260730 022849.245 INFO             PET0 ESMF_PIO                    : enabled
20260730 022849.245 INFO             PET0 ESMF_YAMLCPP                : enabled
20260730 022849.246 INFO             PET0  NUMBER_OF_PROCESSORS            1
20260730 022849.246 INFO             PET0  PASS  Example ESMF_GridCreateRegFromDGEx, ESMF_GridCreateRegFromDGEx.F90, line 112
20260730 022849.247 INFO             PET0  Finalizing ESMF
