2026-07-02 02:01:35
20260702 034550.510 INFO             PET0 !!!!!!!!!!!!!!!!!!!!!!!!!!!!!!!!!!!!!!!!!!!!!!!!!!!!!!
20260702 034550.510 INFO             PET0 !!! THE ESMF_LOG IS SET TO OUTPUT ALL LOG MESSAGES !!!
20260702 034550.510 INFO             PET0 !!!     THIS MAY CAUSE SLOWDOWN IN PERFORMANCE     !!!
20260702 034550.510 INFO             PET0 !!! FOR PRODUCTION RUNS, USE:                      !!!
20260702 034550.510 INFO             PET0 !!!                   ESMF_LOGKIND_Multi_On_Error  !!!
20260702 034550.510 INFO             PET0 !!!!!!!!!!!!!!!!!!!!!!!!!!!!!!!!!!!!!!!!!!!!!!!!!!!!!!
20260702 034550.510 INFO             PET0 Running with ESMF Version   : develop+g97275e0470
20260702 034550.510 INFO             PET0 ESMF library build date/time: "Jul  2 2026" "01:58:08"
20260702 034550.510 INFO             PET0 ESMF library build location : /glade/derecho/scratch/sacks/esmf-testing/nvhpc_26.1_mpiuni_O_develop/esmf
20260702 034550.510 INFO             PET0 ESMF_COMM                   : mpiuni
20260702 034550.510 INFO             PET0 ESMF_MOAB                   : enabled
20260702 034550.510 INFO             PET0 ESMF_LAPACK                 : enabled
20260702 034550.510 INFO             PET0 ESMF_NETCDF                 : enabled
20260702 034550.510 INFO             PET0 ESMF_PNETCDF                : disabled
20260702 034550.510 INFO             PET0 ESMF_PIO                    : enabled
20260702 034550.510 INFO             PET0 ESMF_YAMLCPP                : enabled
20260702 034550.511 ERROR            PET0 ESMCI_Info.C:1289 Info::set(<json>) Cannot set value  - Error/Return Code 540 (ESMC_RC_CANNOT_SET) - Key '/myIntegerKey' already in map and force=false.
20260702 034550.511 ERROR            PET0 ESMCI_Info.C:1292 Info::set(<json>) Cannot set value  - Internal subroutine call returned Error
20260702 034550.511 ERROR            PET0 ESMCI_Info.C:1334 Info::set(<json>) Cannot set value  - Internal subroutine call returned Error
20260702 034550.511 ERROR            PET0 ESMCI_Info.C:1337 Info::set(<json>) Cannot set value  - Internal subroutine call returned Error
20260702 034550.511 ERROR            PET0 ESMCI_Info.C:1385 Info::set(<scalar>) Cannot set value  - Internal subroutine call returned Error
20260702 034550.511 ERROR            PET0 ESMC_InfoCDefGeneric.C:387 ESMC_InfoSetI4() Cannot set value  - Internal subroutine call returned Error
20260702 034550.511 ERROR            PET0 ESMF_Info.F90:2937 ESMF_InfoSetI4() Cannot set value  - Internal subroutine call returned Error
20260702 034550.511 INFO             PET0  NUMBER_OF_PROCESSORS            1
20260702 034550.511 INFO             PET0  PASS  Example ESMF_InfoTutorialEx, ESMF_InfoTutorialEx.F90, line 335
20260702 034550.511 INFO             PET0  Finalizing ESMF
