2026-08-10 01:43:23
20260810 022928.979 INFO             PET0 !!!!!!!!!!!!!!!!!!!!!!!!!!!!!!!!!!!!!!!!!!!!!!!!!!!!!!
20260810 022928.979 INFO             PET0 !!! THE ESMF_LOG IS SET TO OUTPUT ALL LOG MESSAGES !!!
20260810 022928.979 INFO             PET0 !!!     THIS MAY CAUSE SLOWDOWN IN PERFORMANCE     !!!
20260810 022928.979 INFO             PET0 !!! FOR PRODUCTION RUNS, USE:                      !!!
20260810 022928.979 INFO             PET0 !!!                   ESMF_LOGKIND_Multi_On_Error  !!!
20260810 022928.979 INFO             PET0 !!!!!!!!!!!!!!!!!!!!!!!!!!!!!!!!!!!!!!!!!!!!!!!!!!!!!!
20260810 022928.979 INFO             PET0 Running with ESMF Version   : develop+g17f2be238d
20260810 022928.979 INFO             PET0 ESMF library build date/time: "Aug 10 2026" "01:39:55"
20260810 022928.979 INFO             PET0 ESMF library build location : /glade/derecho/scratch/sacks/esmf-testing/nvhpc_26.1_mpiuni_O_develop/esmf
20260810 022928.979 INFO             PET0 ESMF_COMM                   : mpiuni
20260810 022928.980 INFO             PET0 ESMF_MOAB                   : enabled
20260810 022928.980 INFO             PET0 ESMF_LAPACK                 : enabled
20260810 022928.980 INFO             PET0 ESMF_NETCDF                 : enabled
20260810 022928.980 INFO             PET0 ESMF_PNETCDF                : disabled
20260810 022928.980 INFO             PET0 ESMF_PIO                    : enabled
20260810 022928.980 INFO             PET0 ESMF_YAMLCPP                : enabled
20260810 022928.980 INFO             PET0  NUMBER_OF_PROCESSORS            1
20260810 022928.981 INFO             PET0  PASS  Example ESMF_InfoGetFromHostEx, ESMF_InfoGetFromHostEx.F90, line 112
20260810 022928.981 INFO             PET0  Finalizing ESMF
