2026-08-26 01:43:32
20260826 023410.540 INFO             PET0 !!!!!!!!!!!!!!!!!!!!!!!!!!!!!!!!!!!!!!!!!!!!!!!!!!!!!!
20260826 023410.540 INFO             PET0 !!! THE ESMF_LOG IS SET TO OUTPUT ALL LOG MESSAGES !!!
20260826 023410.540 INFO             PET0 !!!     THIS MAY CAUSE SLOWDOWN IN PERFORMANCE     !!!
20260826 023410.540 INFO             PET0 !!! FOR PRODUCTION RUNS, USE:                      !!!
20260826 023410.540 INFO             PET0 !!!                   ESMF_LOGKIND_Multi_On_Error  !!!
20260826 023410.540 INFO             PET0 !!!!!!!!!!!!!!!!!!!!!!!!!!!!!!!!!!!!!!!!!!!!!!!!!!!!!!
20260826 023410.540 INFO             PET0 Running with ESMF Version   : develop+g1082792c4b
20260826 023410.540 INFO             PET0 ESMF library build date/time: "Aug 26 2026" "01:40:04"
20260826 023410.540 INFO             PET0 ESMF library build location : /glade/derecho/scratch/sacks/esmf-testing/nvhpc_26.1_mpiuni_O_develop/esmf
20260826 023410.540 INFO             PET0 ESMF_COMM                   : mpiuni
20260826 023410.540 INFO             PET0 ESMF_MOAB                   : enabled
20260826 023410.540 INFO             PET0 ESMF_LAPACK                 : enabled
20260826 023410.540 INFO             PET0 ESMF_NETCDF                 : enabled
20260826 023410.540 INFO             PET0 ESMF_PNETCDF                : disabled
20260826 023410.540 INFO             PET0 ESMF_PIO                    : enabled
20260826 023410.540 INFO             PET0 ESMF_YAMLCPP                : enabled
20260826 023410.540 INFO             PET0  NUMBER_OF_PROCESSORS            1
20260826 023410.540 INFO             PET0  PASS  Example ESMF_VMUserMpiCommMultiEx, ESMF_VMUserMpiCommMultiEx.F90, line 126
20260826 023410.540 INFO             PET0  Finalizing ESMF with endflag==ESMF_END_KEEPMPI
