2026-06-10 20:58:32
20260610 211436.601 INFO             PET0 !!!!!!!!!!!!!!!!!!!!!!!!!!!!!!!!!!!!!!!!!!!!!!!!!!!!!!
20260610 211436.601 INFO             PET0 !!! THE ESMF_LOG IS SET TO OUTPUT ALL LOG MESSAGES !!!
20260610 211436.601 INFO             PET0 !!!     THIS MAY CAUSE SLOWDOWN IN PERFORMANCE     !!!
20260610 211436.601 INFO             PET0 !!! FOR PRODUCTION RUNS, USE:                      !!!
20260610 211436.601 INFO             PET0 !!!                   ESMF_LOGKIND_Multi_On_Error  !!!
20260610 211436.601 INFO             PET0 !!!!!!!!!!!!!!!!!!!!!!!!!!!!!!!!!!!!!!!!!!!!!!!!!!!!!!
20260610 211436.601 INFO             PET0 Running with ESMF Version   : develop+ge382cba19b
20260610 211436.601 INFO             PET0 ESMF library build date/time: "Jun 10 2026" "20:57:40"
20260610 211436.601 INFO             PET0 ESMF library build location : /home/gerhard/ESMF-Nightly-Testing/gfortranclang_7.5.0_16.0.3_mpiuni_g_develop/esmf
20260610 211436.601 INFO             PET0 ESMF_COMM                   : mpiuni
20260610 211436.601 INFO             PET0 ESMF_MOAB                   : enabled
20260610 211436.601 INFO             PET0 ESMF_LAPACK                 : enabled
20260610 211436.601 INFO             PET0 ESMF_NETCDF                 : disabled
20260610 211436.601 INFO             PET0 ESMF_PNETCDF                : disabled
20260610 211436.601 INFO             PET0 ESMF_PIO                    : disabled
20260610 211436.601 INFO             PET0 ESMF_YAMLCPP                : enabled
20260610 211436.601 INFO             PET0 Log Write 2
20260610 211436.601 ERROR            PET0 Invalid object  - Convergence failure
20260610 211436.601 ERROR            PET0 ESMCI_Time.C:866 ESMCI::Time::syncToRealTime() Wrong argument specified  - ; calkindflag is NOCALENDAR. Only GREGORIAN and JULIAN are supported when syncing to real time.
20260610 211436.601 ERROR            PET0 ESMF_Time.F90:1495 ESMF_TimeSyncToRealTime() Wrong argument specified  - Internal subroutine call returned Error
20260610 211436.601 ERROR            PET0 Wrong argument specified  - getting wall clock time
20260610 211436.601 INFO             PET0  NUMBER_OF_PROCESSORS           1
20260610 211436.601 INFO             PET0  PASS  Example ESMF_LogErrEx, ESMF_LogErrEx.F90, line 186
20260610 211436.601 INFO             PET0  Finalizing ESMF
