2026-07-10 01:56:45
20260710 032122.662 INFO             PET0 !!!!!!!!!!!!!!!!!!!!!!!!!!!!!!!!!!!!!!!!!!!!!!!!!!!!!!
20260710 032122.662 INFO             PET0 !!! THE ESMF_LOG IS SET TO OUTPUT ALL LOG MESSAGES !!!
20260710 032122.662 INFO             PET0 !!!     THIS MAY CAUSE SLOWDOWN IN PERFORMANCE     !!!
20260710 032122.662 INFO             PET0 !!! FOR PRODUCTION RUNS, USE:                      !!!
20260710 032122.662 INFO             PET0 !!!                   ESMF_LOGKIND_Multi_On_Error  !!!
20260710 032122.662 INFO             PET0 !!!!!!!!!!!!!!!!!!!!!!!!!!!!!!!!!!!!!!!!!!!!!!!!!!!!!!
20260710 032122.662 INFO             PET0 Running with ESMF Version   : feature/refresh-bmauer-c_dynmask_interface+ge07d076824
20260710 032122.662 INFO             PET0 ESMF library build date/time: "Jul 10 2026" "01:54:58"
20260710 032122.662 INFO             PET0 ESMF library build location : /glade/derecho/scratch/sacks/esmf-testing/intel_2024.2.1-oneAPI_mpi_g_feature_refresh-bmauer-c_dynmask_interface/esmf
20260710 032122.663 INFO             PET0 ESMF_COMM                   : mpi
20260710 032122.663 INFO             PET0 ESMF_MOAB                   : enabled
20260710 032122.663 INFO             PET0 ESMF_LAPACK                 : enabled
20260710 032122.663 INFO             PET0 ESMF_NETCDF                 : enabled
20260710 032122.663 INFO             PET0 ESMF_PNETCDF                : disabled
20260710 032122.663 INFO             PET0 ESMF_PIO                    : enabled
20260710 032122.663 INFO             PET0 ESMF_YAMLCPP                : enabled
20260710 032122.663 INFO             PET0 ESMF Tracing Enabled
20260710 032122.663 INFO             PET0 ESMF Profiling Enabled
20260710 032122.663 INFO             PET0 ESMF Trace/Profile clock: REALTIME
20260710 032122.667 INFO             PET0  NUMBER_OF_PROCESSORS           4
20260710 032122.667 INFO             PET0  PASS  Example ESMF_TraceEx, ESMF_TraceEx.F90, line 178
20260710 032122.667 INFO             PET0  Finalizing ESMF
20260710 032122.667 INFO             PET0 **************** Region Timings *******************
20260710 032122.667 INFO             PET0 Region              Count  Total (s)   Self (s)    Mean (s)    Min (s)     Max (s)
20260710 032122.667 INFO             PET0   [ESMF]            1      0.0018      0.0017      0.0018      0.0018      0.0018
20260710 032122.667 INFO             PET0     [test] Run 1    5      0.0000      0.0000      0.0000      0.0000      0.0000
20260710 032122.667 INFO             PET0     [test] Init 1   1      0.0000      0.0000      0.0000      0.0000      0.0000
20260710 032122.667 INFO             PET0     [test] Final 1  1      0.0000      0.0000      0.0000      0.0000      0.0000
20260710 032122.663 INFO             PET1 !!!!!!!!!!!!!!!!!!!!!!!!!!!!!!!!!!!!!!!!!!!!!!!!!!!!!!
20260710 032122.663 INFO             PET1 !!! THE ESMF_LOG IS SET TO OUTPUT ALL LOG MESSAGES !!!
20260710 032122.663 INFO             PET1 !!!     THIS MAY CAUSE SLOWDOWN IN PERFORMANCE     !!!
20260710 032122.663 INFO             PET1 !!! FOR PRODUCTION RUNS, USE:                      !!!
20260710 032122.663 INFO             PET1 !!!                   ESMF_LOGKIND_Multi_On_Error  !!!
20260710 032122.663 INFO             PET1 !!!!!!!!!!!!!!!!!!!!!!!!!!!!!!!!!!!!!!!!!!!!!!!!!!!!!!
20260710 032122.663 INFO             PET1 Running with ESMF Version   : feature/refresh-bmauer-c_dynmask_interface+ge07d076824
20260710 032122.663 INFO             PET1 ESMF library build date/time: "Jul 10 2026" "01:54:58"
20260710 032122.663 INFO             PET1 ESMF library build location : /glade/derecho/scratch/sacks/esmf-testing/intel_2024.2.1-oneAPI_mpi_g_feature_refresh-bmauer-c_dynmask_interface/esmf
20260710 032122.663 INFO             PET1 ESMF_COMM                   : mpi
20260710 032122.663 INFO             PET1 ESMF_MOAB                   : enabled
20260710 032122.663 INFO             PET1 ESMF_LAPACK                 : enabled
20260710 032122.663 INFO             PET1 ESMF_NETCDF                 : enabled
20260710 032122.663 INFO             PET1 ESMF_PNETCDF                : disabled
20260710 032122.663 INFO             PET1 ESMF_PIO                    : enabled
20260710 032122.663 INFO             PET1 ESMF_YAMLCPP                : enabled
20260710 032122.663 INFO             PET1 ESMF Tracing Enabled
20260710 032122.663 INFO             PET1 ESMF Profiling Enabled
20260710 032122.663 INFO             PET1 ESMF Trace/Profile clock: REALTIME
20260710 032122.667 INFO             PET1  NUMBER_OF_PROCESSORS           4
20260710 032122.667 INFO             PET1  PASS  Example ESMF_TraceEx, ESMF_TraceEx.F90, line 178
20260710 032122.667 INFO             PET1  Finalizing ESMF
20260710 032122.667 INFO             PET1 **************** Region Timings *******************
20260710 032122.667 INFO             PET1 Region              Count  Total (s)   Self (s)    Mean (s)    Min (s)     Max (s)
20260710 032122.667 INFO             PET1   [ESMF]            1      0.0024      0.0023      0.0024      0.0024      0.0024
20260710 032122.667 INFO             PET1     [test] Init 1   1      0.0001      0.0001      0.0001      0.0001      0.0001
20260710 032122.667 INFO             PET1     [test] Run 1    5      0.0000      0.0000      0.0000      0.0000      0.0000
20260710 032122.667 INFO             PET1     [test] Final 1  1      0.0000      0.0000      0.0000      0.0000      0.0000
20260710 032122.662 INFO             PET2 !!!!!!!!!!!!!!!!!!!!!!!!!!!!!!!!!!!!!!!!!!!!!!!!!!!!!!
20260710 032122.662 INFO             PET2 !!! THE ESMF_LOG IS SET TO OUTPUT ALL LOG MESSAGES !!!
20260710 032122.662 INFO             PET2 !!!     THIS MAY CAUSE SLOWDOWN IN PERFORMANCE     !!!
20260710 032122.662 INFO             PET2 !!! FOR PRODUCTION RUNS, USE:                      !!!
20260710 032122.662 INFO             PET2 !!!                   ESMF_LOGKIND_Multi_On_Error  !!!
20260710 032122.662 INFO             PET2 !!!!!!!!!!!!!!!!!!!!!!!!!!!!!!!!!!!!!!!!!!!!!!!!!!!!!!
20260710 032122.662 INFO             PET2 Running with ESMF Version   : feature/refresh-bmauer-c_dynmask_interface+ge07d076824
20260710 032122.662 INFO             PET2 ESMF library build date/time: "Jul 10 2026" "01:54:58"
20260710 032122.662 INFO             PET2 ESMF library build location : /glade/derecho/scratch/sacks/esmf-testing/intel_2024.2.1-oneAPI_mpi_g_feature_refresh-bmauer-c_dynmask_interface/esmf
20260710 032122.663 INFO             PET2 ESMF_COMM                   : mpi
20260710 032122.663 INFO             PET2 ESMF_MOAB                   : enabled
20260710 032122.663 INFO             PET2 ESMF_LAPACK                 : enabled
20260710 032122.663 INFO             PET2 ESMF_NETCDF                 : enabled
20260710 032122.663 INFO             PET2 ESMF_PNETCDF                : disabled
20260710 032122.663 INFO             PET2 ESMF_PIO                    : enabled
20260710 032122.663 INFO             PET2 ESMF_YAMLCPP                : enabled
20260710 032122.663 INFO             PET2 ESMF Tracing Enabled
20260710 032122.663 INFO             PET2 ESMF Profiling Enabled
20260710 032122.663 INFO             PET2 ESMF Trace/Profile clock: REALTIME
20260710 032122.667 INFO             PET2  NUMBER_OF_PROCESSORS           4
20260710 032122.667 INFO             PET2  PASS  Example ESMF_TraceEx, ESMF_TraceEx.F90, line 178
20260710 032122.667 INFO             PET2  Finalizing ESMF
20260710 032122.667 INFO             PET2 **************** Region Timings *******************
20260710 032122.667 INFO             PET2 Region              Count  Total (s)   Self (s)    Mean (s)    Min (s)     Max (s)
20260710 032122.667 INFO             PET2   [ESMF]            1      0.0025      0.0024      0.0025      0.0025      0.0025
20260710 032122.667 INFO             PET2     [test] Init 1   1      0.0001      0.0001      0.0001      0.0001      0.0001
20260710 032122.667 INFO             PET2     [test] Run 1    5      0.0000      0.0000      0.0000      0.0000      0.0000
20260710 032122.667 INFO             PET2     [test] Final 1  1      0.0000      0.0000      0.0000      0.0000      0.0000
20260710 032122.662 INFO             PET3 !!!!!!!!!!!!!!!!!!!!!!!!!!!!!!!!!!!!!!!!!!!!!!!!!!!!!!
20260710 032122.662 INFO             PET3 !!! THE ESMF_LOG IS SET TO OUTPUT ALL LOG MESSAGES !!!
20260710 032122.662 INFO             PET3 !!!     THIS MAY CAUSE SLOWDOWN IN PERFORMANCE     !!!
20260710 032122.662 INFO             PET3 !!! FOR PRODUCTION RUNS, USE:                      !!!
20260710 032122.662 INFO             PET3 !!!                   ESMF_LOGKIND_Multi_On_Error  !!!
20260710 032122.662 INFO             PET3 !!!!!!!!!!!!!!!!!!!!!!!!!!!!!!!!!!!!!!!!!!!!!!!!!!!!!!
20260710 032122.662 INFO             PET3 Running with ESMF Version   : feature/refresh-bmauer-c_dynmask_interface+ge07d076824
20260710 032122.662 INFO             PET3 ESMF library build date/time: "Jul 10 2026" "01:54:58"
20260710 032122.662 INFO             PET3 ESMF library build location : /glade/derecho/scratch/sacks/esmf-testing/intel_2024.2.1-oneAPI_mpi_g_feature_refresh-bmauer-c_dynmask_interface/esmf
20260710 032122.662 INFO             PET3 ESMF_COMM                   : mpi
20260710 032122.663 INFO             PET3 ESMF_MOAB                   : enabled
20260710 032122.663 INFO             PET3 ESMF_LAPACK                 : enabled
20260710 032122.663 INFO             PET3 ESMF_NETCDF                 : enabled
20260710 032122.663 INFO             PET3 ESMF_PNETCDF                : disabled
20260710 032122.663 INFO             PET3 ESMF_PIO                    : enabled
20260710 032122.663 INFO             PET3 ESMF_YAMLCPP                : enabled
20260710 032122.663 INFO             PET3 ESMF Tracing Enabled
20260710 032122.663 INFO             PET3 ESMF Profiling Enabled
20260710 032122.663 INFO             PET3 ESMF Trace/Profile clock: REALTIME
20260710 032122.667 INFO             PET3  NUMBER_OF_PROCESSORS           4
20260710 032122.667 INFO             PET3  PASS  Example ESMF_TraceEx, ESMF_TraceEx.F90, line 178
20260710 032122.667 INFO             PET3  Finalizing ESMF
20260710 032122.667 INFO             PET3 **************** Region Timings *******************
20260710 032122.667 INFO             PET3 Region              Count  Total (s)   Self (s)    Mean (s)    Min (s)     Max (s)
20260710 032122.667 INFO             PET3   [ESMF]            1      0.0029      0.0028      0.0029      0.0029      0.0029
20260710 032122.667 INFO             PET3     [test] Init 1   1      0.0001      0.0001      0.0001      0.0001      0.0001
20260710 032122.667 INFO             PET3     [test] Run 1    5      0.0000      0.0000      0.0000      0.0000      0.0000
20260710 032122.667 INFO             PET3     [test] Final 1  1      0.0000      0.0000      0.0000      0.0000      0.0000
