2026-06-12 19:49:37
20260612 202446.544 INFO             PET0 !!!!!!!!!!!!!!!!!!!!!!!!!!!!!!!!!!!!!!!!!!!!!!!!!!!!!!
20260612 202446.544 INFO             PET0 !!! THE ESMF_LOG IS SET TO OUTPUT ALL LOG MESSAGES !!!
20260612 202446.544 INFO             PET0 !!!     THIS MAY CAUSE SLOWDOWN IN PERFORMANCE     !!!
20260612 202446.544 INFO             PET0 !!! FOR PRODUCTION RUNS, USE:                      !!!
20260612 202446.544 INFO             PET0 !!!                   ESMF_LOGKIND_Multi_On_Error  !!!
20260612 202446.544 INFO             PET0 !!!!!!!!!!!!!!!!!!!!!!!!!!!!!!!!!!!!!!!!!!!!!!!!!!!!!!
20260612 202446.544 INFO             PET0 Running with ESMF Version   : develop+g9f36e8ab68
20260612 202446.544 INFO             PET0 ESMF library build date/time: "Jun 12 2026" "19:47:18"
20260612 202446.544 INFO             PET0 ESMF library build location : /home/gerhard/ESMF-Nightly-Testing/aocc_5.1.0_mpiuni_g_develop/esmf
20260612 202446.544 INFO             PET0 ESMF_COMM                   : mpiuni
20260612 202446.544 INFO             PET0 ESMF_MOAB                   : enabled
20260612 202446.544 INFO             PET0 ESMF_LAPACK                 : enabled
20260612 202446.544 INFO             PET0 ESMF_NETCDF                 : disabled
20260612 202446.544 INFO             PET0 ESMF_PNETCDF                : disabled
20260612 202446.544 INFO             PET0 ESMF_PIO                    : disabled
20260612 202446.544 INFO             PET0 ESMF_YAMLCPP                : enabled
20260612 202446.663 INFO             PET0  NUMBER_OF_PROCESSORS            1
20260612 202446.663 INFO             PET0  PASS  Example ESMF_GridUsageEx, ESMF_GridUsageEx.F90, line 3470
20260612 202446.663 INFO             PET0  Finalizing ESMF
