2026-05-05 22:32:01
20260505 230646.501 INFO             PET0 !!!!!!!!!!!!!!!!!!!!!!!!!!!!!!!!!!!!!!!!!!!!!!!!!!!!!!
20260505 230646.501 INFO             PET0 !!! THE ESMF_LOG IS SET TO OUTPUT ALL LOG MESSAGES !!!
20260505 230646.501 INFO             PET0 !!!     THIS MAY CAUSE SLOWDOWN IN PERFORMANCE     !!!
20260505 230646.501 INFO             PET0 !!! FOR PRODUCTION RUNS, USE:                      !!!
20260505 230646.501 INFO             PET0 !!!                   ESMF_LOGKIND_Multi_On_Error  !!!
20260505 230646.501 INFO             PET0 !!!!!!!!!!!!!!!!!!!!!!!!!!!!!!!!!!!!!!!!!!!!!!!!!!!!!!
20260505 230646.501 INFO             PET0 Running with ESMF Version   : develop+g0ae3009ebf
20260505 230646.501 INFO             PET0 ESMF library build date/time: "May  5 2026" "22:29:40"
20260505 230646.501 INFO             PET0 ESMF library build location : /home/gerhard/ESMF-Nightly-Testing/aocc_5.1.0_mpiuni_g_develop/esmf
20260505 230646.501 INFO             PET0 ESMF_COMM                   : mpiuni
20260505 230646.501 INFO             PET0 ESMF_MOAB                   : enabled
20260505 230646.501 INFO             PET0 ESMF_LAPACK                 : enabled
20260505 230646.501 INFO             PET0 ESMF_NETCDF                 : disabled
20260505 230646.501 INFO             PET0 ESMF_PNETCDF                : disabled
20260505 230646.501 INFO             PET0 ESMF_PIO                    : disabled
20260505 230646.501 INFO             PET0 ESMF_YAMLCPP                : enabled
20260505 230646.515 INFO             PET0  NUMBER_OF_PROCESSORS            1
20260505 230646.515 INFO             PET0  PASS  Example ESMF_NUOPCBasicModelEx, ESMF_NUOPCBasicModelEx.F90, line 339
20260505 230646.515 INFO             PET0  Finalizing ESMF
