2026-06-16 03:51:24
20260616 043141.593 INFO             PET0 !!!!!!!!!!!!!!!!!!!!!!!!!!!!!!!!!!!!!!!!!!!!!!!!!!!!!!
20260616 043141.593 INFO             PET0 !!! THE ESMF_LOG IS SET TO OUTPUT ALL LOG MESSAGES !!!
20260616 043141.593 INFO             PET0 !!!     THIS MAY CAUSE SLOWDOWN IN PERFORMANCE     !!!
20260616 043141.593 INFO             PET0 !!! FOR PRODUCTION RUNS, USE:                      !!!
20260616 043141.593 INFO             PET0 !!!                   ESMF_LOGKIND_Multi_On_Error  !!!
20260616 043141.593 INFO             PET0 !!!!!!!!!!!!!!!!!!!!!!!!!!!!!!!!!!!!!!!!!!!!!!!!!!!!!!
20260616 043141.593 INFO             PET0 Running with ESMF Version   : develop+g2ad1b7a070
20260616 043141.593 INFO             PET0 ESMF library build date/time: "Jun 16 2026" "03:49:34"
20260616 043141.593 INFO             PET0 ESMF library build location : /tmp/cce_20.0.2_mpi_O_develop/esmf
20260616 043141.593 INFO             PET0 ESMF_COMM                   : mpi
20260616 043141.593 INFO             PET0 ESMF_MOAB                   : enabled
20260616 043141.593 INFO             PET0 ESMF_LAPACK                 : enabled
20260616 043141.593 INFO             PET0 ESMF_NETCDF                 : enabled
20260616 043141.593 INFO             PET0 ESMF_PNETCDF                : disabled
20260616 043141.593 INFO             PET0 ESMF_PIO                    : enabled
20260616 043141.593 INFO             PET0 ESMF_YAMLCPP                : enabled
20260616 043141.594 INFO             PET0  NUMBER_OF_PROCESSORS 1
20260616 043141.594 INFO             PET0  PASS  Example ESMF_ClockEx, ESMF_ClockEx.F90, line 220
20260616 043141.594 INFO             PET0  Finalizing ESMF
