2026-07-16 04:52:40
20260716 055415.282 INFO             PET0 !!!!!!!!!!!!!!!!!!!!!!!!!!!!!!!!!!!!!!!!!!!!!!!!!!!!!!
20260716 055415.282 INFO             PET0 !!! THE ESMF_LOG IS SET TO OUTPUT ALL LOG MESSAGES !!!
20260716 055415.282 INFO             PET0 !!!     THIS MAY CAUSE SLOWDOWN IN PERFORMANCE     !!!
20260716 055415.282 INFO             PET0 !!! FOR PRODUCTION RUNS, USE:                      !!!
20260716 055415.282 INFO             PET0 !!!                   ESMF_LOGKIND_Multi_On_Error  !!!
20260716 055415.282 INFO             PET0 !!!!!!!!!!!!!!!!!!!!!!!!!!!!!!!!!!!!!!!!!!!!!!!!!!!!!!
20260716 055415.282 INFO             PET0 Running with ESMF Version   : develop+gf1c7bb6d5f
20260716 055415.282 INFO             PET0 ESMF library build date/time: "Jul 16 2026" "04:49:58"
20260716 055415.282 INFO             PET0 ESMF library build location : /tmp/aocc_5.0.0_mpi_g_develop/esmf
20260716 055415.282 INFO             PET0 ESMF_COMM                   : mpi
20260716 055415.282 INFO             PET0 ESMF_MOAB                   : enabled
20260716 055415.282 INFO             PET0 ESMF_LAPACK                 : enabled
20260716 055415.282 INFO             PET0 ESMF_NETCDF                 : enabled
20260716 055415.282 INFO             PET0 ESMF_PNETCDF                : disabled
20260716 055415.282 INFO             PET0 ESMF_PIO                    : enabled
20260716 055415.282 INFO             PET0 ESMF_YAMLCPP                : enabled
20260716 055415.284 INFO             PET0  NUMBER_OF_PROCESSORS            1
20260716 055415.284 INFO             PET0  PASS  Example ESMF_XGridSparseMatEx, ESMF_XGridSparseMatEx.F90, line 642
20260716 055415.284 INFO             PET0  Finalizing ESMF
