2026-08-19 07:46:25
20260819 085138.755 INFO             PET0 !!!!!!!!!!!!!!!!!!!!!!!!!!!!!!!!!!!!!!!!!!!!!!!!!!!!!!
20260819 085138.756 INFO             PET0 !!! THE ESMF_LOG IS SET TO OUTPUT ALL LOG MESSAGES !!!
20260819 085138.756 INFO             PET0 !!!     THIS MAY CAUSE SLOWDOWN IN PERFORMANCE     !!!
20260819 085138.756 INFO             PET0 !!! FOR PRODUCTION RUNS, USE:                      !!!
20260819 085138.756 INFO             PET0 !!!                   ESMF_LOGKIND_Multi_On_Error  !!!
20260819 085138.756 INFO             PET0 !!!!!!!!!!!!!!!!!!!!!!!!!!!!!!!!!!!!!!!!!!!!!!!!!!!!!!
20260819 085138.756 INFO             PET0 Running with ESMF Version   : develop+g471efa944e
20260819 085138.756 INFO             PET0 ESMF library build date/time: "Aug 19 2026" "07:42:05"
20260819 085138.756 INFO             PET0 ESMF library build location : /scratch3/NCEPDEV/stmp/Gerhard.Theurich/ESMF-Nightly-Testing-Hera/nvhpc_24.1_mpiuni_O_develop/esmf
20260819 085138.756 INFO             PET0 ESMF_COMM                   : mpiuni
20260819 085138.756 INFO             PET0 ESMF_MOAB                   : enabled
20260819 085138.756 INFO             PET0 ESMF_LAPACK                 : enabled
20260819 085138.756 INFO             PET0 ESMF_NETCDF                 : disabled
20260819 085138.756 INFO             PET0 ESMF_PNETCDF                : disabled
20260819 085138.756 INFO             PET0 ESMF_PIO                    : disabled
20260819 085138.756 INFO             PET0 ESMF_YAMLCPP                : enabled
20260819 085139.136 INFO             PET0  NUMBER_OF_PROCESSORS            1
20260819 085139.137 INFO             PET0  PASS  Example ESMF_GridUsageEx, ESMF_GridUsageEx.F90, line 3470
20260819 085139.137 INFO             PET0  Finalizing ESMF
