2026-06-24 07:47:02
20260624 085058.375 INFO             PET0 !!!!!!!!!!!!!!!!!!!!!!!!!!!!!!!!!!!!!!!!!!!!!!!!!!!!!!
20260624 085058.375 INFO             PET0 !!! THE ESMF_LOG IS SET TO OUTPUT ALL LOG MESSAGES !!!
20260624 085058.375 INFO             PET0 !!!     THIS MAY CAUSE SLOWDOWN IN PERFORMANCE     !!!
20260624 085058.375 INFO             PET0 !!! FOR PRODUCTION RUNS, USE:                      !!!
20260624 085058.375 INFO             PET0 !!!                   ESMF_LOGKIND_Multi_On_Error  !!!
20260624 085058.375 INFO             PET0 !!!!!!!!!!!!!!!!!!!!!!!!!!!!!!!!!!!!!!!!!!!!!!!!!!!!!!
20260624 085058.375 INFO             PET0 Running with ESMF Version   : develop+g380c18cfa6
20260624 085058.375 INFO             PET0 ESMF library build date/time: "Jun 24 2026" "07:42:48"
20260624 085058.375 INFO             PET0 ESMF library build location : /scratch3/NCEPDEV/stmp/Gerhard.Theurich/ESMF-Nightly-Testing-Hera/nvhpc_24.1_mpiuni_O_develop/esmf
20260624 085058.375 INFO             PET0 ESMF_COMM                   : mpiuni
20260624 085058.376 INFO             PET0 ESMF_MOAB                   : enabled
20260624 085058.376 INFO             PET0 ESMF_LAPACK                 : enabled
20260624 085058.376 INFO             PET0 ESMF_NETCDF                 : disabled
20260624 085058.376 INFO             PET0 ESMF_PNETCDF                : disabled
20260624 085058.376 INFO             PET0 ESMF_PIO                    : disabled
20260624 085058.376 INFO             PET0 ESMF_YAMLCPP                : enabled
20260624 085058.377 INFO             PET0  NUMBER_OF_PROCESSORS            1
20260624 085058.377 INFO             PET0  PASS  Example ESMF_VMAllFullReduceEx, ESMF_VMAllFullReduceEx.F90, line 113
20260624 085058.377 INFO             PET0  Finalizing ESMF
