2026-07-26 07:46:26
20260726 085023.827 INFO             PET0 !!!!!!!!!!!!!!!!!!!!!!!!!!!!!!!!!!!!!!!!!!!!!!!!!!!!!!
20260726 085023.827 INFO             PET0 !!! THE ESMF_LOG IS SET TO OUTPUT ALL LOG MESSAGES !!!
20260726 085023.827 INFO             PET0 !!!     THIS MAY CAUSE SLOWDOWN IN PERFORMANCE     !!!
20260726 085023.827 INFO             PET0 !!! FOR PRODUCTION RUNS, USE:                      !!!
20260726 085023.827 INFO             PET0 !!!                   ESMF_LOGKIND_Multi_On_Error  !!!
20260726 085023.827 INFO             PET0 !!!!!!!!!!!!!!!!!!!!!!!!!!!!!!!!!!!!!!!!!!!!!!!!!!!!!!
20260726 085023.827 INFO             PET0 Running with ESMF Version   : develop+g6f2cfc7ce0
20260726 085023.827 INFO             PET0 ESMF library build date/time: "Jul 26 2026" "07:42:13"
20260726 085023.827 INFO             PET0 ESMF library build location : /scratch3/NCEPDEV/stmp/Gerhard.Theurich/ESMF-Nightly-Testing-Hera/nvhpc_24.1_mpiuni_O_develop/esmf
20260726 085023.827 INFO             PET0 ESMF_COMM                   : mpiuni
20260726 085023.828 INFO             PET0 ESMF_MOAB                   : enabled
20260726 085023.828 INFO             PET0 ESMF_LAPACK                 : enabled
20260726 085023.828 INFO             PET0 ESMF_NETCDF                 : disabled
20260726 085023.828 INFO             PET0 ESMF_PNETCDF                : disabled
20260726 085023.828 INFO             PET0 ESMF_PIO                    : disabled
20260726 085023.828 INFO             PET0 ESMF_YAMLCPP                : enabled
20260726 085023.829 INFO             PET0  NUMBER_OF_PROCESSORS            1
20260726 085023.829 INFO             PET0  PASS  Example ESMF_VMDefaultBasicsEx, ESMF_VMDefaultBasicsEx.F90, line 113
20260726 085023.829 INFO             PET0  Finalizing ESMF
