2026-05-19 07:43:34
20260519 083755.901 INFO             PET0 !!!!!!!!!!!!!!!!!!!!!!!!!!!!!!!!!!!!!!!!!!!!!!!!!!!!!!
20260519 083755.901 INFO             PET0 !!! THE ESMF_LOG IS SET TO OUTPUT ALL LOG MESSAGES !!!
20260519 083755.901 INFO             PET0 !!!     THIS MAY CAUSE SLOWDOWN IN PERFORMANCE     !!!
20260519 083755.901 INFO             PET0 !!! FOR PRODUCTION RUNS, USE:                      !!!
20260519 083755.901 INFO             PET0 !!!                   ESMF_LOGKIND_Multi_On_Error  !!!
20260519 083755.901 INFO             PET0 !!!!!!!!!!!!!!!!!!!!!!!!!!!!!!!!!!!!!!!!!!!!!!!!!!!!!!
20260519 083755.901 INFO             PET0 Running with ESMF Version   : v9.0.0b13
20260519 083755.901 INFO             PET0 ESMF library build date/time: "May 19 2026" "07:39:30"
20260519 083755.902 INFO             PET0 ESMF library build location : /scratch3/NCEPDEV/stmp/Gerhard.Theurich/ESMF-Nightly-Testing-Hera/nvhpc_24.1_mpiuni_O_develop/esmf
20260519 083755.902 INFO             PET0 ESMF_COMM                   : mpiuni
20260519 083755.902 INFO             PET0 ESMF_MOAB                   : enabled
20260519 083755.902 INFO             PET0 ESMF_LAPACK                 : enabled
20260519 083755.902 INFO             PET0 ESMF_NETCDF                 : disabled
20260519 083755.902 INFO             PET0 ESMF_PNETCDF                : disabled
20260519 083755.902 INFO             PET0 ESMF_PIO                    : disabled
20260519 083755.902 INFO             PET0 ESMF_YAMLCPP                : enabled
20260519 083755.903 INFO             PET0  NUMBER_OF_PROCESSORS            1
20260519 083755.903 INFO             PET0  PASS  Example ESMF_VMScatterVMGatherEx, ESMF_VMScatterVMGatherEx.F90, line 120
20260519 083755.903 INFO             PET0  Finalizing ESMF
