2026-08-01 07:45:56
20260801 085126.135 INFO             PET0 !!!!!!!!!!!!!!!!!!!!!!!!!!!!!!!!!!!!!!!!!!!!!!!!!!!!!!
20260801 085126.135 INFO             PET0 !!! THE ESMF_LOG IS SET TO OUTPUT ALL LOG MESSAGES !!!
20260801 085126.135 INFO             PET0 !!!     THIS MAY CAUSE SLOWDOWN IN PERFORMANCE     !!!
20260801 085126.135 INFO             PET0 !!! FOR PRODUCTION RUNS, USE:                      !!!
20260801 085126.135 INFO             PET0 !!!                   ESMF_LOGKIND_Multi_On_Error  !!!
20260801 085126.135 INFO             PET0 !!!!!!!!!!!!!!!!!!!!!!!!!!!!!!!!!!!!!!!!!!!!!!!!!!!!!!
20260801 085126.135 INFO             PET0 Running with ESMF Version   : develop+g02ff1b231d
20260801 085126.135 INFO             PET0 ESMF library build date/time: "Aug  1 2026" "07:41:46"
20260801 085126.135 INFO             PET0 ESMF library build location : /scratch3/NCEPDEV/stmp/Gerhard.Theurich/ESMF-Nightly-Testing-Hera/nvhpc_24.1_mpiuni_O_develop/esmf
20260801 085126.135 INFO             PET0 ESMF_COMM                   : mpiuni
20260801 085126.136 INFO             PET0 ESMF_MOAB                   : enabled
20260801 085126.136 INFO             PET0 ESMF_LAPACK                 : enabled
20260801 085126.136 INFO             PET0 ESMF_NETCDF                 : disabled
20260801 085126.136 INFO             PET0 ESMF_PNETCDF                : disabled
20260801 085126.136 INFO             PET0 ESMF_PIO                    : disabled
20260801 085126.136 INFO             PET0 ESMF_YAMLCPP                : enabled
20260801 085126.142 INFO             PET0 ESMF_FieldRedistStoreNF(): Just entered routine.
20260801 085126.392 INFO             PET0 ESMF_FieldRedistStoreNF(): Leaving routine.
20260801 085126.400 INFO             PET0  NUMBER_OF_PROCESSORS            1
20260801 085126.400 INFO             PET0  PASS  Example ESMF_RHandleFromFileEx, ESMF_RHandleFromFileEx.F90, line 192
20260801 085126.400 INFO             PET0  Finalizing ESMF
