2026-06-22 07:46:23
20260622 085238.116 INFO             PET0 !!!!!!!!!!!!!!!!!!!!!!!!!!!!!!!!!!!!!!!!!!!!!!!!!!!!!!
20260622 085238.117 INFO             PET0 !!! THE ESMF_LOG IS SET TO OUTPUT ALL LOG MESSAGES !!!
20260622 085238.117 INFO             PET0 !!!     THIS MAY CAUSE SLOWDOWN IN PERFORMANCE     !!!
20260622 085238.117 INFO             PET0 !!! FOR PRODUCTION RUNS, USE:                      !!!
20260622 085238.117 INFO             PET0 !!!                   ESMF_LOGKIND_Multi_On_Error  !!!
20260622 085238.117 INFO             PET0 !!!!!!!!!!!!!!!!!!!!!!!!!!!!!!!!!!!!!!!!!!!!!!!!!!!!!!
20260622 085238.117 INFO             PET0 Running with ESMF Version   : develop+gb44f36ed28
20260622 085238.117 INFO             PET0 ESMF library build date/time: "Jun 22 2026" "07:42:08"
20260622 085238.117 INFO             PET0 ESMF library build location : /scratch3/NCEPDEV/stmp/Gerhard.Theurich/ESMF-Nightly-Testing-Hera/nvhpc_24.1_mpiuni_O_develop/esmf
20260622 085238.117 INFO             PET0 ESMF_COMM                   : mpiuni
20260622 085238.117 INFO             PET0 ESMF_MOAB                   : enabled
20260622 085238.117 INFO             PET0 ESMF_LAPACK                 : enabled
20260622 085238.117 INFO             PET0 ESMF_NETCDF                 : disabled
20260622 085238.117 INFO             PET0 ESMF_PNETCDF                : disabled
20260622 085238.117 INFO             PET0 ESMF_PIO                    : disabled
20260622 085238.117 INFO             PET0 ESMF_YAMLCPP                : enabled
20260622 085238.149 INFO             PET0  NUMBER_OF_PROCESSORS            1
20260622 085238.149 INFO             PET0  PASS  Example ESMF_NUOPCBasicModelEx, ESMF_NUOPCBasicModelEx.F90, line 339
20260622 085238.149 INFO             PET0  Finalizing ESMF
