2026-08-14 07:44:42
20260814 085140.038 INFO             PET0 !!!!!!!!!!!!!!!!!!!!!!!!!!!!!!!!!!!!!!!!!!!!!!!!!!!!!!
20260814 085140.038 INFO             PET0 !!! THE ESMF_LOG IS SET TO OUTPUT ALL LOG MESSAGES !!!
20260814 085140.038 INFO             PET0 !!!     THIS MAY CAUSE SLOWDOWN IN PERFORMANCE     !!!
20260814 085140.038 INFO             PET0 !!! FOR PRODUCTION RUNS, USE:                      !!!
20260814 085140.038 INFO             PET0 !!!                   ESMF_LOGKIND_Multi_On_Error  !!!
20260814 085140.038 INFO             PET0 !!!!!!!!!!!!!!!!!!!!!!!!!!!!!!!!!!!!!!!!!!!!!!!!!!!!!!
20260814 085140.038 INFO             PET0 Running with ESMF Version   : develop+g17f2be238d
20260814 085140.038 INFO             PET0 ESMF library build date/time: "Aug 14 2026" "07:40:31"
20260814 085140.038 INFO             PET0 ESMF library build location : /scratch3/NCEPDEV/stmp/Gerhard.Theurich/ESMF-Nightly-Testing-Hera/nvhpc_24.1_mpiuni_O_develop/esmf
20260814 085140.038 INFO             PET0 ESMF_COMM                   : mpiuni
20260814 085140.039 INFO             PET0 ESMF_MOAB                   : enabled
20260814 085140.039 INFO             PET0 ESMF_LAPACK                 : enabled
20260814 085140.039 INFO             PET0 ESMF_NETCDF                 : disabled
20260814 085140.039 INFO             PET0 ESMF_PNETCDF                : disabled
20260814 085140.039 INFO             PET0 ESMF_PIO                    : disabled
20260814 085140.039 INFO             PET0 ESMF_YAMLCPP                : enabled
20260814 085140.041 INFO             PET0  NUMBER_OF_PROCESSORS            1
20260814 085140.042 INFO             PET0  PASS  Example ESMF_StateEx, ESMF_StateEx.F90, line 161
20260814 085140.042 INFO             PET0  Finalizing ESMF
