2026-08-03 07:47:58
20260803 085314.445 INFO             PET0 !!!!!!!!!!!!!!!!!!!!!!!!!!!!!!!!!!!!!!!!!!!!!!!!!!!!!!
20260803 085314.446 INFO             PET0 !!! THE ESMF_LOG IS SET TO OUTPUT ALL LOG MESSAGES !!!
20260803 085314.446 INFO             PET0 !!!     THIS MAY CAUSE SLOWDOWN IN PERFORMANCE     !!!
20260803 085314.446 INFO             PET0 !!! FOR PRODUCTION RUNS, USE:                      !!!
20260803 085314.446 INFO             PET0 !!!                   ESMF_LOGKIND_Multi_On_Error  !!!
20260803 085314.446 INFO             PET0 !!!!!!!!!!!!!!!!!!!!!!!!!!!!!!!!!!!!!!!!!!!!!!!!!!!!!!
20260803 085314.446 INFO             PET0 Running with ESMF Version   : develop+g02ff1b231d
20260803 085314.446 INFO             PET0 ESMF library build date/time: "Aug  3 2026" "07:43:46"
20260803 085314.446 INFO             PET0 ESMF library build location : /scratch3/NCEPDEV/stmp/Gerhard.Theurich/ESMF-Nightly-Testing-Hera/nvhpc_24.1_mpiuni_O_develop/esmf
20260803 085314.447 INFO             PET0 ESMF_COMM                   : mpiuni
20260803 085314.447 INFO             PET0 ESMF_MOAB                   : enabled
20260803 085314.447 INFO             PET0 ESMF_LAPACK                 : enabled
20260803 085314.447 INFO             PET0 ESMF_NETCDF                 : disabled
20260803 085314.447 INFO             PET0 ESMF_PNETCDF                : disabled
20260803 085314.447 INFO             PET0 ESMF_PIO                    : disabled
20260803 085314.447 INFO             PET0 ESMF_YAMLCPP                : enabled
20260803 085314.450 INFO             PET0 Log Write 2
20260803 085314.450 ERROR            PET0 Invalid object  - Convergence failure
20260803 085314.451 ERROR            PET0 ESMCI_Time.C:866 ESMCI::Time::syncToRealTime() Wrong argument specified  - ; calkindflag is NOCALENDAR. Only GREGORIAN and JULIAN are supported when syncing to real time.
20260803 085314.452 ERROR            PET0 ESMF_Time.F90:1495 ESMF_TimeSyncToRealTime() Wrong argument specified  - Internal subroutine call returned Error
20260803 085314.452 ERROR            PET0 Wrong argument specified  - getting wall clock time
20260803 085314.453 INFO             PET0  NUMBER_OF_PROCESSORS            1
20260803 085314.453 INFO             PET0  PASS  Example ESMF_LogErrEx, ESMF_LogErrEx.F90, line 186
20260803 085314.453 INFO             PET0  Finalizing ESMF
