2026-05-28 07:44:24
20260528 084101.325 INFO             PET0 !!!!!!!!!!!!!!!!!!!!!!!!!!!!!!!!!!!!!!!!!!!!!!!!!!!!!!
20260528 084101.325 INFO             PET0 !!! THE ESMF_LOG IS SET TO OUTPUT ALL LOG MESSAGES !!!
20260528 084101.325 INFO             PET0 !!!     THIS MAY CAUSE SLOWDOWN IN PERFORMANCE     !!!
20260528 084101.325 INFO             PET0 !!! FOR PRODUCTION RUNS, USE:                      !!!
20260528 084101.325 INFO             PET0 !!!                   ESMF_LOGKIND_Multi_On_Error  !!!
20260528 084101.325 INFO             PET0 !!!!!!!!!!!!!!!!!!!!!!!!!!!!!!!!!!!!!!!!!!!!!!!!!!!!!!
20260528 084101.325 INFO             PET0 Running with ESMF Version   : v9.0.0b14
20260528 084101.325 INFO             PET0 ESMF library build date/time: "May 28 2026" "07:40:21"
20260528 084101.325 INFO             PET0 ESMF library build location : /scratch3/NCEPDEV/stmp/Gerhard.Theurich/ESMF-Nightly-Testing-Hera/nvhpc_24.1_mpiuni_O_develop/esmf
20260528 084101.325 INFO             PET0 ESMF_COMM                   : mpiuni
20260528 084101.326 INFO             PET0 ESMF_MOAB                   : enabled
20260528 084101.326 INFO             PET0 ESMF_LAPACK                 : enabled
20260528 084101.326 INFO             PET0 ESMF_NETCDF                 : disabled
20260528 084101.326 INFO             PET0 ESMF_PNETCDF                : disabled
20260528 084101.326 INFO             PET0 ESMF_PIO                    : disabled
20260528 084101.326 INFO             PET0 ESMF_YAMLCPP                : enabled
20260528 084101.332 INFO             PET0  NUMBER_OF_PROCESSORS            1
20260528 084101.332 INFO             PET0  PASS  Example ESMF_GCompEx, ESMF_GCompEx.F90, line 465
20260528 084101.332 INFO             PET0  Finalizing ESMF
