++ /usr/share/lmod/lmod/libexec/lmod bash list
+ eval echo ''\'''\'';' echo ''\''Currently'\''' ''\''Loaded'\''' ''\''Modules:'\'';' echo ''\'''\''' ''\'''\''' ''\''1)'\''' ''\''fast-mkl-amd'\'';' echo ''\'''\''' ''\'''\''' ''\''2)'\''' ''\''python/GEOSpyD/24.3.0-0/3.11'\'';' echo ''\'''\''' ''\'''\''' ''\''3)'\''' ''\''git/2.45.0'\'';' echo ''\'''\''' ''\'''\''' ''\''4)'\''' ''\''cmake/3.30.3'\'';' echo ''\'''\''' ''\'''\''' ''\''5)'\''' ''\''comp/gcc/15.2.0'\'';' echo ''\'''\''' ''\'''\''' ''\''6)'\''' ''\''mpi/openmpi/4.1.6/gcc-15.2.0'\'';' echo ''\'''\''' ''\'''\''' ''\''7)'\''' ''\''other/esmf-netcdf/gfortran_15.2.0-openmpi_4.1.6'\'';' echo ''\'''\'';' echo ''\'''\''' ''\'''\'';' echo ''\'''\'';' 'MODULEPATH=/usr/local/share/modulefiles/Compiler/comp/gcc/15.2.0:/usr/local/other/modulefiles/Compiler/comp/gcc/15.2.0:/discover/swdev/gmao_SIteam/modulefiles-SLES15:/usr/share/lmod/modulefiles:/usr/share/lmod/lmod/modulefiles/Core:/usr/local/share/modulefiles/Core:/usr/local/other/modulefiles/Core;' export 'MODULEPATH;' '_ModuleTable001_=X01vZHVsZVRhYmxlXz17WyJNVHZlcnNpb24iXT0zLFsiY19yZWJ1aWxkVGltZSJdPWZhbHNlLFsiY19zaG9ydFRpbWUiXT1mYWxzZSxkZXB0aFQ9e30sZmFtaWx5PXt9LG1UPXtjbWFrZT17WyJmbiJdPSIvdXNyL2xvY2FsL290aGVyL21vZHVsZWZpbGVzL0NvcmUvY21ha2UvMy4zMC4zLmx1YSIsWyJmdWxsTmFtZSJdPSJjbWFrZS8zLjMwLjMiLFsibG9hZE9yZGVyIl09NCxwcm9wVD17fSxbInN0YWNrRGVwdGgiXT0wLFsic3RhdHVzIl09ImFjdGl2ZSIsWyJ1c2VyTmFtZSJdPSJjbWFrZS8zLjMwLjMiLFsid1YiXT0iMDAwMDAwMDAzLjAwMDAwMDAzMC4wMDAwMDAwMDMuKnpmaW5hbCIsfSxbImNvbXAvZ2NjIl09e1siZm4iXT0iL3Vzci9sb2NhbC9vdGhlci9tb2R1bGVmaWxl;' export '_ModuleTable001_;' '_ModuleTable002_=cy9Db3JlL2NvbXAvZ2NjLzE1LjIuMC5sdWEiLFsiZnVsbE5hbWUiXT0iY29tcC9nY2MvMTUuMi4wIixbImxvYWRPcmRlciJdPTUscHJvcFQ9e30sWyJzdGFja0RlcHRoIl09MCxbInN0YXR1cyJdPSJhY3RpdmUiLFsidXNlck5hbWUiXT0iY29tcC9nY2MvMTUuMi4wIixbIndWIl09IjAwMDAwMDAxNS4wMDAwMDAwMDIuKnpmaW5hbCIsfSxbImZhc3QtbWtsLWFtZCJdPXtbImZuIl09Ii9kaXNjb3Zlci9zd2Rldi9nbWFvX1NJdGVhbS9tb2R1bGVmaWxlcy1TTEVTMTUvZmFzdC1ta2wtYW1kLmx1YSIsWyJmdWxsTmFtZSJdPSJmYXN0LW1rbC1hbWQiLFsibG9hZE9yZGVyIl09MSxwcm9wVD17fSxbInJlZl9jb3VudCJdPTEsWyJzdGFja0RlcHRoIl09MSxbInN0YXR1cyJdPSJhY3Rp;' export '_ModuleTable002_;' '_ModuleTable003_=dmUiLFsidXNlck5hbWUiXT0iZmFzdC1ta2wtYW1kIixbIndWIl09Ik0uKnpmaW5hbCIsfSxnaXQ9e1siZm4iXT0iL3Vzci9sb2NhbC9vdGhlci9tb2R1bGVmaWxlcy9Db3JlL2dpdC8yLjQ1LjAubHVhIixbImZ1bGxOYW1lIl09ImdpdC8yLjQ1LjAiLFsibG9hZE9yZGVyIl09Myxwcm9wVD17fSxbInN0YWNrRGVwdGgiXT0wLFsic3RhdHVzIl09ImFjdGl2ZSIsWyJ1c2VyTmFtZSJdPSJnaXQvMi40NS4wIixbIndWIl09IjAwMDAwMDAwMi4wMDAwMDAwNDUuKnpmaW5hbCIsfSxbIm1waS9vcGVubXBpLzQuMS42L2djYy0xNS4yLjAiXT17WyJmbiJdPSIvZGlzY292ZXIvc3dkZXYvZ21hb19TSXRlYW0vbW9kdWxlZmlsZXMtU0xFUzE1L21waS9vcGVubXBpLzQuMS42L2djYy0xNS4y;' export '_ModuleTable003_;' '_ModuleTable004_=LjAubHVhIixbImZ1bGxOYW1lIl09Im1waS9vcGVubXBpLzQuMS42L2djYy0xNS4yLjAiLFsibG9hZE9yZGVyIl09Nixwcm9wVD17fSxbInN0YWNrRGVwdGgiXT0wLFsic3RhdHVzIl09ImFjdGl2ZSIsWyJ1c2VyTmFtZSJdPSJtcGkvb3Blbm1waS80LjEuNi9nY2MtMTUuMi4wIixbIndWIl09Ik0uKnpmaW5hbCIsfSxbIm90aGVyL2VzbWYtbmV0Y2RmIl09e1siZm4iXT0iL2Rpc2NvdmVyL3N3ZGV2L2dtYW9fU0l0ZWFtL21vZHVsZWZpbGVzLVNMRVMxNS9vdGhlci9lc21mLW5ldGNkZi9nZm9ydHJhbl8xNS4yLjAtb3Blbm1waV80LjEuNi5sdWEiLFsiZnVsbE5hbWUiXT0ib3RoZXIvZXNtZi1uZXRjZGYvZ2ZvcnRyYW5fMTUuMi4wLW9wZW5tcGlfNC4xLjYiLFsibG9hZE9yZGVy;' export '_ModuleTable004_;' '_ModuleTable005_=Il09Nyxwcm9wVD17fSxbInN0YWNrRGVwdGgiXT0wLFsic3RhdHVzIl09ImFjdGl2ZSIsWyJ1c2VyTmFtZSJdPSJvdGhlci9lc21mLW5ldGNkZi9nZm9ydHJhbl8xNS4yLjAtb3Blbm1waV80LjEuNiIsWyJ3ViJdPSIqZ2ZvcnRyYW4uKl8uMDAwMDAwMDE1LjAwMDAwMDAwMi4qb3Blbm1waS4qXy4wMDAwMDAwMDQuMDAwMDAwMDAxLjAwMDAwMDAwNi4qemZpbmFsIix9LFsicHl0aG9uL0dFT1NweUQiXT17WyJmbiJdPSIvdXNyL2xvY2FsL290aGVyL21vZHVsZWZpbGVzL0NvcmUvcHl0aG9uL0dFT1NweUQvMjQuMy4wLTAvMy4xMS5sdWEiLFsiZnVsbE5hbWUiXT0icHl0aG9uL0dFT1NweUQvMjQuMy4wLTAvMy4xMSIsWyJsb2FkT3JkZXIiXT0yLHByb3BUPXt9LFsic3RhY2tEZXB0;' export '_ModuleTable005_;' '_ModuleTable006_=aCJdPTAsWyJzdGF0dXMiXT0iYWN0aXZlIixbInVzZXJOYW1lIl09InB5dGhvbi9HRU9TcHlELzI0LjMuMC0wLzMuMTEiLFsid1YiXT0iMDAwMDAwMDI0LjAwMDAwMDAwMy8wMDAwMDAwMDMuMDAwMDAwMDExLip6ZmluYWwiLH0sfSxtcGF0aEE9eyIvdXNyL2xvY2FsL3NoYXJlL21vZHVsZWZpbGVzL0NvbXBpbGVyL2NvbXAvZ2NjLzE1LjIuMCIsIi91c3IvbG9jYWwvb3RoZXIvbW9kdWxlZmlsZXMvQ29tcGlsZXIvY29tcC9nY2MvMTUuMi4wIiwiL2Rpc2NvdmVyL3N3ZGV2L2dtYW9fU0l0ZWFtL21vZHVsZWZpbGVzLVNMRVMxNSIsIi91c3Ivc2hhcmUvbG1vZC9tb2R1bGVmaWxlcyIsIi91c3Ivc2hhcmUvbG1vZC9sbW9kL21vZHVsZWZpbGVzL0NvcmUiLCIvdXNyL2xvY2FsL3No;' export '_ModuleTable006_;' '_ModuleTable007_=YXJlL21vZHVsZWZpbGVzL0NvcmUiLCIvdXNyL2xvY2FsL290aGVyL21vZHVsZWZpbGVzL0NvcmUiLH0sWyJzeXN0ZW1CYXNlTVBBVEgiXT0iL3Vzci9zaGFyZS9sbW9kL21vZHVsZWZpbGVzOi91c3Ivc2hhcmUvbG1vZC9sbW9kL21vZHVsZWZpbGVzL0NvcmU6L3Vzci9sb2NhbC9zaGFyZS9tb2R1bGVmaWxlcy9Db3JlOi91c3IvbG9jYWwvb3RoZXIvbW9kdWxlZmlsZXMvQ29yZSIsfQ==;' export '_ModuleTable007_;' '_ModuleTable_Sz_=7;' export '_ModuleTable_Sz_;'
++ echo ''

++ echo Currently Loaded Modules:
Currently Loaded Modules:
++ echo '' '' '1)' fast-mkl-amd
  1) fast-mkl-amd
++ echo '' '' '2)' python/GEOSpyD/24.3.0-0/3.11
  2) python/GEOSpyD/24.3.0-0/3.11
++ echo '' '' '3)' git/2.45.0
  3) git/2.45.0
++ echo '' '' '4)' cmake/3.30.3
  4) cmake/3.30.3
++ echo '' '' '5)' comp/gcc/15.2.0
  5) comp/gcc/15.2.0
++ echo '' '' '6)' mpi/openmpi/4.1.6/gcc-15.2.0
  6) mpi/openmpi/4.1.6/gcc-15.2.0
++ echo '' '' '7)' other/esmf-netcdf/gfortran_15.2.0-openmpi_4.1.6
  7) other/esmf-netcdf/gfortran_15.2.0-openmpi_4.1.6
++ echo ''

++ echo '' ''
 
++ echo ''

++ MODULEPATH=/usr/local/share/modulefiles/Compiler/comp/gcc/15.2.0:/usr/local/other/modulefiles/Compiler/comp/gcc/15.2.0:/discover/swdev/gmao_SIteam/modulefiles-SLES15:/usr/share/lmod/modulefiles:/usr/share/lmod/lmod/modulefiles/Core:/usr/local/share/modulefiles/Core:/usr/local/other/modulefiles/Core
++ export MODULEPATH
++ _ModuleTable001_=X01vZHVsZVRhYmxlXz17WyJNVHZlcnNpb24iXT0zLFsiY19yZWJ1aWxkVGltZSJdPWZhbHNlLFsiY19zaG9ydFRpbWUiXT1mYWxzZSxkZXB0aFQ9e30sZmFtaWx5PXt9LG1UPXtjbWFrZT17WyJmbiJdPSIvdXNyL2xvY2FsL290aGVyL21vZHVsZWZpbGVzL0NvcmUvY21ha2UvMy4zMC4zLmx1YSIsWyJmdWxsTmFtZSJdPSJjbWFrZS8zLjMwLjMiLFsibG9hZE9yZGVyIl09NCxwcm9wVD17fSxbInN0YWNrRGVwdGgiXT0wLFsic3RhdHVzIl09ImFjdGl2ZSIsWyJ1c2VyTmFtZSJdPSJjbWFrZS8zLjMwLjMiLFsid1YiXT0iMDAwMDAwMDAzLjAwMDAwMDAzMC4wMDAwMDAwMDMuKnpmaW5hbCIsfSxbImNvbXAvZ2NjIl09e1siZm4iXT0iL3Vzci9sb2NhbC9vdGhlci9tb2R1bGVmaWxl
++ export _ModuleTable001_
++ _ModuleTable002_=cy9Db3JlL2NvbXAvZ2NjLzE1LjIuMC5sdWEiLFsiZnVsbE5hbWUiXT0iY29tcC9nY2MvMTUuMi4wIixbImxvYWRPcmRlciJdPTUscHJvcFQ9e30sWyJzdGFja0RlcHRoIl09MCxbInN0YXR1cyJdPSJhY3RpdmUiLFsidXNlck5hbWUiXT0iY29tcC9nY2MvMTUuMi4wIixbIndWIl09IjAwMDAwMDAxNS4wMDAwMDAwMDIuKnpmaW5hbCIsfSxbImZhc3QtbWtsLWFtZCJdPXtbImZuIl09Ii9kaXNjb3Zlci9zd2Rldi9nbWFvX1NJdGVhbS9tb2R1bGVmaWxlcy1TTEVTMTUvZmFzdC1ta2wtYW1kLmx1YSIsWyJmdWxsTmFtZSJdPSJmYXN0LW1rbC1hbWQiLFsibG9hZE9yZGVyIl09MSxwcm9wVD17fSxbInJlZl9jb3VudCJdPTEsWyJzdGFja0RlcHRoIl09MSxbInN0YXR1cyJdPSJhY3Rp
++ export _ModuleTable002_
++ _ModuleTable003_=dmUiLFsidXNlck5hbWUiXT0iZmFzdC1ta2wtYW1kIixbIndWIl09Ik0uKnpmaW5hbCIsfSxnaXQ9e1siZm4iXT0iL3Vzci9sb2NhbC9vdGhlci9tb2R1bGVmaWxlcy9Db3JlL2dpdC8yLjQ1LjAubHVhIixbImZ1bGxOYW1lIl09ImdpdC8yLjQ1LjAiLFsibG9hZE9yZGVyIl09Myxwcm9wVD17fSxbInN0YWNrRGVwdGgiXT0wLFsic3RhdHVzIl09ImFjdGl2ZSIsWyJ1c2VyTmFtZSJdPSJnaXQvMi40NS4wIixbIndWIl09IjAwMDAwMDAwMi4wMDAwMDAwNDUuKnpmaW5hbCIsfSxbIm1waS9vcGVubXBpLzQuMS42L2djYy0xNS4yLjAiXT17WyJmbiJdPSIvZGlzY292ZXIvc3dkZXYvZ21hb19TSXRlYW0vbW9kdWxlZmlsZXMtU0xFUzE1L21waS9vcGVubXBpLzQuMS42L2djYy0xNS4y
++ export _ModuleTable003_
++ _ModuleTable004_=LjAubHVhIixbImZ1bGxOYW1lIl09Im1waS9vcGVubXBpLzQuMS42L2djYy0xNS4yLjAiLFsibG9hZE9yZGVyIl09Nixwcm9wVD17fSxbInN0YWNrRGVwdGgiXT0wLFsic3RhdHVzIl09ImFjdGl2ZSIsWyJ1c2VyTmFtZSJdPSJtcGkvb3Blbm1waS80LjEuNi9nY2MtMTUuMi4wIixbIndWIl09Ik0uKnpmaW5hbCIsfSxbIm90aGVyL2VzbWYtbmV0Y2RmIl09e1siZm4iXT0iL2Rpc2NvdmVyL3N3ZGV2L2dtYW9fU0l0ZWFtL21vZHVsZWZpbGVzLVNMRVMxNS9vdGhlci9lc21mLW5ldGNkZi9nZm9ydHJhbl8xNS4yLjAtb3Blbm1waV80LjEuNi5sdWEiLFsiZnVsbE5hbWUiXT0ib3RoZXIvZXNtZi1uZXRjZGYvZ2ZvcnRyYW5fMTUuMi4wLW9wZW5tcGlfNC4xLjYiLFsibG9hZE9yZGVy
++ export _ModuleTable004_
++ _ModuleTable005_=Il09Nyxwcm9wVD17fSxbInN0YWNrRGVwdGgiXT0wLFsic3RhdHVzIl09ImFjdGl2ZSIsWyJ1c2VyTmFtZSJdPSJvdGhlci9lc21mLW5ldGNkZi9nZm9ydHJhbl8xNS4yLjAtb3Blbm1waV80LjEuNiIsWyJ3ViJdPSIqZ2ZvcnRyYW4uKl8uMDAwMDAwMDE1LjAwMDAwMDAwMi4qb3Blbm1waS4qXy4wMDAwMDAwMDQuMDAwMDAwMDAxLjAwMDAwMDAwNi4qemZpbmFsIix9LFsicHl0aG9uL0dFT1NweUQiXT17WyJmbiJdPSIvdXNyL2xvY2FsL290aGVyL21vZHVsZWZpbGVzL0NvcmUvcHl0aG9uL0dFT1NweUQvMjQuMy4wLTAvMy4xMS5sdWEiLFsiZnVsbE5hbWUiXT0icHl0aG9uL0dFT1NweUQvMjQuMy4wLTAvMy4xMSIsWyJsb2FkT3JkZXIiXT0yLHByb3BUPXt9LFsic3RhY2tEZXB0
++ export _ModuleTable005_
++ _ModuleTable006_=aCJdPTAsWyJzdGF0dXMiXT0iYWN0aXZlIixbInVzZXJOYW1lIl09InB5dGhvbi9HRU9TcHlELzI0LjMuMC0wLzMuMTEiLFsid1YiXT0iMDAwMDAwMDI0LjAwMDAwMDAwMy8wMDAwMDAwMDMuMDAwMDAwMDExLip6ZmluYWwiLH0sfSxtcGF0aEE9eyIvdXNyL2xvY2FsL3NoYXJlL21vZHVsZWZpbGVzL0NvbXBpbGVyL2NvbXAvZ2NjLzE1LjIuMCIsIi91c3IvbG9jYWwvb3RoZXIvbW9kdWxlZmlsZXMvQ29tcGlsZXIvY29tcC9nY2MvMTUuMi4wIiwiL2Rpc2NvdmVyL3N3ZGV2L2dtYW9fU0l0ZWFtL21vZHVsZWZpbGVzLVNMRVMxNSIsIi91c3Ivc2hhcmUvbG1vZC9tb2R1bGVmaWxlcyIsIi91c3Ivc2hhcmUvbG1vZC9sbW9kL21vZHVsZWZpbGVzL0NvcmUiLCIvdXNyL2xvY2FsL3No
++ export _ModuleTable006_
++ _ModuleTable007_=YXJlL21vZHVsZWZpbGVzL0NvcmUiLCIvdXNyL2xvY2FsL290aGVyL21vZHVsZWZpbGVzL0NvcmUiLH0sWyJzeXN0ZW1CYXNlTVBBVEgiXT0iL3Vzci9zaGFyZS9sbW9kL21vZHVsZWZpbGVzOi91c3Ivc2hhcmUvbG1vZC9sbW9kL21vZHVsZWZpbGVzL0NvcmU6L3Vzci9sb2NhbC9zaGFyZS9tb2R1bGVmaWxlcy9Db3JlOi91c3IvbG9jYWwvb3RoZXIvbW9kdWxlZmlsZXMvQ29yZSIsfQ==
++ export _ModuleTable007_
++ _ModuleTable_Sz_=7
++ export _ModuleTable_Sz_
++ : -s sh
+ eval
