 
Installing ESMF:
 
mkdir -p /gpfsm/dnb34/gtheuric/ESMF-Nightly-Testing/llvm_22.1.0_mpich_g_fix_cmake-config/esmf/DEFAULTINSTALLDIR/include
cp -f /gpfsm/dnb34/gtheuric/ESMF-Nightly-Testing/llvm_22.1.0_mpich_g_fix_cmake-config/esmf/src/include/NUOPC.h /gpfsm/dnb34/gtheuric/ESMF-Nightly-Testing/llvm_22.1.0_mpich_g_fix_cmake-config/esmf/DEFAULTINSTALLDIR/include
cp -f /gpfsm/dnb34/gtheuric/ESMF-Nightly-Testing/llvm_22.1.0_mpich_g_fix_cmake-config/esmf/src/include/ESMC.h /gpfsm/dnb34/gtheuric/ESMF-Nightly-Testing/llvm_22.1.0_mpich_g_fix_cmake-config/esmf/DEFAULTINSTALLDIR/include
cp -f /gpfsm/dnb34/gtheuric/ESMF-Nightly-Testing/llvm_22.1.0_mpich_g_fix_cmake-config/esmf/src/include/ESMC_*.h /gpfsm/dnb34/gtheuric/ESMF-Nightly-Testing/llvm_22.1.0_mpich_g_fix_cmake-config/esmf/DEFAULTINSTALLDIR/include
cp -f /gpfsm/dnb34/gtheuric/ESMF-Nightly-Testing/llvm_22.1.0_mpich_g_fix_cmake-config/esmf/build_config/Linux.llvm.default/ESMC_Conf.h /gpfsm/dnb34/gtheuric/ESMF-Nightly-Testing/llvm_22.1.0_mpich_g_fix_cmake-config/esmf/DEFAULTINSTALLDIR/include
cp -fr /gpfsm/dnb34/gtheuric/ESMF-Nightly-Testing/llvm_22.1.0_mpich_g_fix_cmake-config/esmf/src/addon/ESMX /gpfsm/dnb34/gtheuric/ESMF-Nightly-Testing/llvm_22.1.0_mpich_g_fix_cmake-config/esmf/DEFAULTINSTALLDIR/include
mkdir -p /gpfsm/dnb34/gtheuric/ESMF-Nightly-Testing/llvm_22.1.0_mpich_g_fix_cmake-config/esmf/DEFAULTINSTALLDIR/cmake
cp -f /gpfsm/dnb34/gtheuric/ESMF-Nightly-Testing/llvm_22.1.0_mpich_g_fix_cmake-config/esmf/cmake/FindESMF.cmake /gpfsm/dnb34/gtheuric/ESMF-Nightly-Testing/llvm_22.1.0_mpich_g_fix_cmake-config/esmf/DEFAULTINSTALLDIR/cmake
mkdir -p /gpfsm/dnb34/gtheuric/ESMF-Nightly-Testing/llvm_22.1.0_mpich_g_fix_cmake-config/esmf/DEFAULTINSTALLDIR/mod/modg/Linux.llvm.64.mpich.default
cp -f /gpfsm/dnb34/gtheuric/ESMF-Nightly-Testing/llvm_22.1.0_mpich_g_fix_cmake-config/esmf/mod/modg/Linux.llvm.64.mpich.default/*.mod /gpfsm/dnb34/gtheuric/ESMF-Nightly-Testing/llvm_22.1.0_mpich_g_fix_cmake-config/esmf/DEFAULTINSTALLDIR/mod/modg/Linux.llvm.64.mpich.default
mkdir -p /gpfsm/dnb34/gtheuric/ESMF-Nightly-Testing/llvm_22.1.0_mpich_g_fix_cmake-config/esmf/DEFAULTINSTALLDIR/lib/libg/Linux.llvm.64.mpich.default
cp -f /gpfsm/dnb34/gtheuric/ESMF-Nightly-Testing/llvm_22.1.0_mpich_g_fix_cmake-config/esmf/lib/libg/Linux.llvm.64.mpich.default/libesmf*.* /gpfsm/dnb34/gtheuric/ESMF-Nightly-Testing/llvm_22.1.0_mpich_g_fix_cmake-config/esmf/DEFAULTINSTALLDIR/lib/libg/Linux.llvm.64.mpich.default
make ESMF_PRELOADDIR=/gpfsm/dnb34/gtheuric/ESMF-Nightly-Testing/llvm_22.1.0_mpich_g_fix_cmake-config/esmf/DEFAULTINSTALLDIR/lib/libg/Linux.llvm.64.mpich.default build_preload_script
make[1]: Entering directory '/gpfsm/dnb34/gtheuric/ESMF-Nightly-Testing/llvm_22.1.0_mpich_g_fix_cmake-config/esmf'
chmod 755 /gpfsm/dnb34/gtheuric/ESMF-Nightly-Testing/llvm_22.1.0_mpich_g_fix_cmake-config/esmf/DEFAULTINSTALLDIR/lib/libg/Linux.llvm.64.mpich.default/preload.sh
make[1]: Leaving directory '/gpfsm/dnb34/gtheuric/ESMF-Nightly-Testing/llvm_22.1.0_mpich_g_fix_cmake-config/esmf'
ranlib /gpfsm/dnb34/gtheuric/ESMF-Nightly-Testing/llvm_22.1.0_mpich_g_fix_cmake-config/esmf/DEFAULTINSTALLDIR/lib/libg/Linux.llvm.64.mpich.default/libesmf*.a
make install_apps
make[1]: Entering directory '/gpfsm/dnb34/gtheuric/ESMF-Nightly-Testing/llvm_22.1.0_mpich_g_fix_cmake-config/esmf'
mkdir -p /gpfsm/dnb34/gtheuric/ESMF-Nightly-Testing/llvm_22.1.0_mpich_g_fix_cmake-config/esmf/DEFAULTINSTALLDIR/bin/bing/Linux.llvm.64.mpich.default
make build_apps ESMF_APPSDIR=/gpfsm/dnb34/gtheuric/ESMF-Nightly-Testing/llvm_22.1.0_mpich_g_fix_cmake-config/esmf/DEFAULTINSTALLDIR/bin/bing/Linux.llvm.64.mpich.default ESMF_LDIR=/gpfsm/dnb34/gtheuric/ESMF-Nightly-Testing/llvm_22.1.0_mpich_g_fix_cmake-config/esmf/DEFAULTINSTALLDIR/lib/libg/Linux.llvm.64.mpich.default ESMF_LIBDIR=/gpfsm/dnb34/gtheuric/ESMF-Nightly-Testing/llvm_22.1.0_mpich_g_fix_cmake-config/esmf/DEFAULTINSTALLDIR/lib/libg/Linux.llvm.64.mpich.default ESMF_MODDIR=/gpfsm/dnb34/gtheuric/ESMF-Nightly-Testing/llvm_22.1.0_mpich_g_fix_cmake-config/esmf/DEFAULTINSTALLDIR/mod/modg/Linux.llvm.64.mpich.default
make[2]: Entering directory '/gpfsm/dnb34/gtheuric/ESMF-Nightly-Testing/llvm_22.1.0_mpich_g_fix_cmake-config/esmf'
cd /gpfsm/dnb34/gtheuric/ESMF-Nightly-Testing/llvm_22.1.0_mpich_g_fix_cmake-config/esmf/src/apps; make ACTION=tree_build_apps tree
make[3]: Entering directory '/gpfsm/dnb34/gtheuric/ESMF-Nightly-Testing/llvm_22.1.0_mpich_g_fix_cmake-config/esmf/src/apps'
tree_build_apps in: /gpfsm/dnb34/gtheuric/ESMF-Nightly-Testing/llvm_22.1.0_mpich_g_fix_cmake-config/esmf/src/apps/ESMF_PrintInfo
make[4]: Entering directory '/gpfsm/dnb34/gtheuric/ESMF-Nightly-Testing/llvm_22.1.0_mpich_g_fix_cmake-config/esmf/src/apps/ESMF_PrintInfo'
make chkdir_locobj
make[5]: Entering directory '/gpfsm/dnb34/gtheuric/ESMF-Nightly-Testing/llvm_22.1.0_mpich_g_fix_cmake-config/esmf/src/apps/ESMF_PrintInfo'
Making directory /gpfsm/dnb34/gtheuric/ESMF-Nightly-Testing/llvm_22.1.0_mpich_g_fix_cmake-config/esmf/obj/objg/Linux.llvm.64.mpich.default/src/apps/ESMF_PrintInfo for apps output
make[5]: Leaving directory '/gpfsm/dnb34/gtheuric/ESMF-Nightly-Testing/llvm_22.1.0_mpich_g_fix_cmake-config/esmf/src/apps/ESMF_PrintInfo'
mpif90 -c -g   -fPIC     -fopenmp -I/gpfsm/dnb34/gtheuric/ESMF-Nightly-Testing/llvm_22.1.0_mpich_g_fix_cmake-config/esmf/src/apps/ESMF_PrintInfo -I/gpfsm/dnb34/gtheuric/ESMF-Nightly-Testing/llvm_22.1.0_mpich_g_fix_cmake-config/esmf/build_config/Linux.llvm.default -I/gpfsm/dnb34/gtheuric/ESMF-Nightly-Testing/llvm_22.1.0_mpich_g_fix_cmake-config/esmf/src/Infrastructure -I/gpfsm/dnb34/gtheuric/ESMF-Nightly-Testing/llvm_22.1.0_mpich_g_fix_cmake-config/esmf/src/Superstructure -I/gpfsm/dnb34/gtheuric/ESMF-Nightly-Testing/llvm_22.1.0_mpich_g_fix_cmake-config/esmf/DEFAULTINSTALLDIR/mod/modg/Linux.llvm.64.mpich.default -I/gpfsm/dnb34/gtheuric/ESMF-Nightly-Testing/llvm_22.1.0_mpich_g_fix_cmake-config/esmf/src/include   -DESMF_NO_INTEGER_1_BYTE -DESMF_NO_INTEGER_2_BYTE -DESMF_VERSION_STRING_GIT='"fix/cmake-config+g1c9a7e921e"' -DESMF_LOWERCASE_SINGLEUNDERSCORE -DESMF_MOAB=1 -DESMF_LAPACK=1 -DESMF_LAPACK_INTERNAL=1 -DESMF_NO_ACC_SOFTWARE_STACK=1 -DESMF_YAMLCPP=1 -DESMF_YAML=1 -DESMF_OPENMP4 -DESMF_NO_OPENACC -DESMF_TESTEXHAUSTIVE -DESMF_BOPT_g -DESMF_TESTPERFORMANCE -DESMF_TESTCOMPTUNNEL -DESMF_TESTWITHTHREADS -DSx86_64_small=1 -DESMF_OS_Linux=1 -DESMF_COMM=mpich -DESMF_DIR=/gpfsm/dnb34/gtheuric/ESMF-Nightly-Testing/llvm_22.1.0_mpich_g_fix_cmake-config/esmf ESMF_PrintInfo.F90 -o /gpfsm/dnb34/gtheuric/ESMF-Nightly-Testing/llvm_22.1.0_mpich_g_fix_cmake-config/esmf/obj/objg/Linux.llvm.64.mpich.default/src/apps/ESMF_PrintInfo/ESMF_PrintInfo.o
make chkdir_apps
make[5]: Entering directory '/gpfsm/dnb34/gtheuric/ESMF-Nightly-Testing/llvm_22.1.0_mpich_g_fix_cmake-config/esmf/src/apps/ESMF_PrintInfo'
make[5]: Leaving directory '/gpfsm/dnb34/gtheuric/ESMF-Nightly-Testing/llvm_22.1.0_mpich_g_fix_cmake-config/esmf/src/apps/ESMF_PrintInfo'
mpif90      -pthread -Wl,--no-as-needed  -fopenmp -L/gpfsm/dnb34/gtheuric/ESMF-Nightly-Testing/llvm_22.1.0_mpich_g_fix_cmake-config/esmf/DEFAULTINSTALLDIR/lib/libg/Linux.llvm.64.mpich.default  -Wl,-rpath,/gpfsm/dnb34/gtheuric/ESMF-Nightly-Testing/llvm_22.1.0_mpich_g_fix_cmake-config/esmf/DEFAULTINSTALLDIR/lib/libg/Linux.llvm.64.mpich.default  -o /gpfsm/dnb34/gtheuric/ESMF-Nightly-Testing/llvm_22.1.0_mpich_g_fix_cmake-config/esmf/DEFAULTINSTALLDIR/bin/bing/Linux.llvm.64.mpich.default/ESMF_PrintInfo /gpfsm/dnb34/gtheuric/ESMF-Nightly-Testing/llvm_22.1.0_mpich_g_fix_cmake-config/esmf/obj/objg/Linux.llvm.64.mpich.default/src/apps/ESMF_PrintInfo/ESMF_PrintInfo.o -lesmf  -lrt -lstdc++ -ldl
make[4]: Leaving directory '/gpfsm/dnb34/gtheuric/ESMF-Nightly-Testing/llvm_22.1.0_mpich_g_fix_cmake-config/esmf/src/apps/ESMF_PrintInfo'
tree_build_apps in: /gpfsm/dnb34/gtheuric/ESMF-Nightly-Testing/llvm_22.1.0_mpich_g_fix_cmake-config/esmf/src/apps/ESMF_PrintInfoC
make[4]: Entering directory '/gpfsm/dnb34/gtheuric/ESMF-Nightly-Testing/llvm_22.1.0_mpich_g_fix_cmake-config/esmf/src/apps/ESMF_PrintInfoC'
make chkdir_locobj
make[5]: Entering directory '/gpfsm/dnb34/gtheuric/ESMF-Nightly-Testing/llvm_22.1.0_mpich_g_fix_cmake-config/esmf/src/apps/ESMF_PrintInfoC'
Making directory /gpfsm/dnb34/gtheuric/ESMF-Nightly-Testing/llvm_22.1.0_mpich_g_fix_cmake-config/esmf/obj/objg/Linux.llvm.64.mpich.default/src/apps/ESMF_PrintInfoC for apps output
make[5]: Leaving directory '/gpfsm/dnb34/gtheuric/ESMF-Nightly-Testing/llvm_22.1.0_mpich_g_fix_cmake-config/esmf/src/apps/ESMF_PrintInfoC'
mpicc -c -std=c99 -g  -fPIC -m64 -mcmodel=small -pthread  -fopenmp -I/gpfsm/dnb34/gtheuric/ESMF-Nightly-Testing/llvm_22.1.0_mpich_g_fix_cmake-config/esmf/src/apps/ESMF_PrintInfoC -I/gpfsm/dnb34/gtheuric/ESMF-Nightly-Testing/llvm_22.1.0_mpich_g_fix_cmake-config/esmf/src/apps/ESMF_PrintInfoC/../include -I/gpfsm/dnb34/gtheuric/ESMF-Nightly-Testing/llvm_22.1.0_mpich_g_fix_cmake-config/esmf/build_config/Linux.llvm.default -I/gpfsm/dnb34/gtheuric/ESMF-Nightly-Testing/llvm_22.1.0_mpich_g_fix_cmake-config/esmf/src/Infrastructure -I/gpfsm/dnb34/gtheuric/ESMF-Nightly-Testing/llvm_22.1.0_mpich_g_fix_cmake-config/esmf/src/Superstructure  -I/gpfsm/dnb34/gtheuric/ESMF-Nightly-Testing/llvm_22.1.0_mpich_g_fix_cmake-config/esmf/src/include   -DESMF_NO_INTEGER_1_BYTE -DESMF_NO_INTEGER_2_BYTE -DESMF_VERSION_STRING_GIT='"fix/cmake-config+g1c9a7e921e"' -DESMF_LOWERCASE_SINGLEUNDERSCORE -DESMF_MOAB=1 -DESMF_LAPACK=1 -DESMF_LAPACK_INTERNAL=1 -DESMF_NO_ACC_SOFTWARE_STACK=1 -DESMF_YAMLCPP=1 -DESMF_YAML=1 -DESMF_OPENMP4 -DESMF_NO_OPENACC -DESMF_TESTEXHAUSTIVE -DESMF_BOPT_g -DESMF_TESTPERFORMANCE -DESMF_TESTCOMPTUNNEL -DESMF_TESTWITHTHREADS -DSx86_64_small=1 -DESMF_OS_Linux=1 -DESMF_COMM=mpich -DESMF_DIR=/gpfsm/dnb34/gtheuric/ESMF-Nightly-Testing/llvm_22.1.0_mpich_g_fix_cmake-config/esmf -D__SDIR__='"src/apps/ESMF_PrintInfoC"' -DESMF_CSTD=99 ESMF_PrintInfoC.c -o /gpfsm/dnb34/gtheuric/ESMF-Nightly-Testing/llvm_22.1.0_mpich_g_fix_cmake-config/esmf/obj/objg/Linux.llvm.64.mpich.default/src/apps/ESMF_PrintInfoC/ESMF_PrintInfoC.o
make chkdir_apps
make[5]: Entering directory '/gpfsm/dnb34/gtheuric/ESMF-Nightly-Testing/llvm_22.1.0_mpich_g_fix_cmake-config/esmf/src/apps/ESMF_PrintInfoC'
make[5]: Leaving directory '/gpfsm/dnb34/gtheuric/ESMF-Nightly-Testing/llvm_22.1.0_mpich_g_fix_cmake-config/esmf/src/apps/ESMF_PrintInfoC'
mpicc    -m64 -mcmodel=small -pthread  -fopenmp -L/gpfsm/dnb34/gtheuric/ESMF-Nightly-Testing/llvm_22.1.0_mpich_g_fix_cmake-config/esmf/DEFAULTINSTALLDIR/lib/libg/Linux.llvm.64.mpich.default  -L/gpfsm/dnb34/gtheuric/ESMF-Nightly-Testing/llvm_22.1.0_mpich_g_fix_cmake-config/esmf/DEFAULTINSTALLDIR/lib/libg/Linux.llvm.64.mpich.default  -Wl,-rpath,/gpfsm/dnb34/gtheuric/ESMF-Nightly-Testing/llvm_22.1.0_mpich_g_fix_cmake-config/esmf/DEFAULTINSTALLDIR/lib/libg/Linux.llvm.64.mpich.default -Wl,-rpath,/gpfsm/dnb34/gtheuric/ESMF-Nightly-Testing/llvm_22.1.0_mpich_g_fix_cmake-config/esmf/DEFAULTINSTALLDIR/lib/libg/Linux.llvm.64.mpich.default -o /gpfsm/dnb34/gtheuric/ESMF-Nightly-Testing/llvm_22.1.0_mpich_g_fix_cmake-config/esmf/DEFAULTINSTALLDIR/bin/bing/Linux.llvm.64.mpich.default/ESMF_PrintInfoC /gpfsm/dnb34/gtheuric/ESMF-Nightly-Testing/llvm_22.1.0_mpich_g_fix_cmake-config/esmf/obj/objg/Linux.llvm.64.mpich.default/src/apps/ESMF_PrintInfoC/ESMF_PrintInfoC.o -lesmf  -lmpifort -lmpi -lflang_rt.quadmath -lquadmath -lflang_rt.runtime -latomic -lm -lomp -lgcc -lgcc_s -lpthread -lc -lgcc -lgcc_s -lrt -lstdc++ -lm -ldl  -lrt -lstdc++ -ldl
make[4]: Leaving directory '/gpfsm/dnb34/gtheuric/ESMF-Nightly-Testing/llvm_22.1.0_mpich_g_fix_cmake-config/esmf/src/apps/ESMF_PrintInfoC'
tree_build_apps in: /gpfsm/dnb34/gtheuric/ESMF-Nightly-Testing/llvm_22.1.0_mpich_g_fix_cmake-config/esmf/src/apps/ESMF_RegridWeightGen
make[4]: Entering directory '/gpfsm/dnb34/gtheuric/ESMF-Nightly-Testing/llvm_22.1.0_mpich_g_fix_cmake-config/esmf/src/apps/ESMF_RegridWeightGen'
make chkdir_locobj
make[5]: Entering directory '/gpfsm/dnb34/gtheuric/ESMF-Nightly-Testing/llvm_22.1.0_mpich_g_fix_cmake-config/esmf/src/apps/ESMF_RegridWeightGen'
Making directory /gpfsm/dnb34/gtheuric/ESMF-Nightly-Testing/llvm_22.1.0_mpich_g_fix_cmake-config/esmf/obj/objg/Linux.llvm.64.mpich.default/src/apps/ESMF_RegridWeightGen for apps output
make[5]: Leaving directory '/gpfsm/dnb34/gtheuric/ESMF-Nightly-Testing/llvm_22.1.0_mpich_g_fix_cmake-config/esmf/src/apps/ESMF_RegridWeightGen'
mpif90 -c -g   -fPIC     -fopenmp -I/gpfsm/dnb34/gtheuric/ESMF-Nightly-Testing/llvm_22.1.0_mpich_g_fix_cmake-config/esmf/src/apps/ESMF_RegridWeightGen -I/gpfsm/dnb34/gtheuric/ESMF-Nightly-Testing/llvm_22.1.0_mpich_g_fix_cmake-config/esmf/build_config/Linux.llvm.default -I/gpfsm/dnb34/gtheuric/ESMF-Nightly-Testing/llvm_22.1.0_mpich_g_fix_cmake-config/esmf/src/Infrastructure -I/gpfsm/dnb34/gtheuric/ESMF-Nightly-Testing/llvm_22.1.0_mpich_g_fix_cmake-config/esmf/src/Superstructure -I/gpfsm/dnb34/gtheuric/ESMF-Nightly-Testing/llvm_22.1.0_mpich_g_fix_cmake-config/esmf/DEFAULTINSTALLDIR/mod/modg/Linux.llvm.64.mpich.default -I/gpfsm/dnb34/gtheuric/ESMF-Nightly-Testing/llvm_22.1.0_mpich_g_fix_cmake-config/esmf/src/include   -DESMF_NO_INTEGER_1_BYTE -DESMF_NO_INTEGER_2_BYTE -DESMF_VERSION_STRING_GIT='"fix/cmake-config+g1c9a7e921e"' -DESMF_LOWERCASE_SINGLEUNDERSCORE -DESMF_MOAB=1 -DESMF_LAPACK=1 -DESMF_LAPACK_INTERNAL=1 -DESMF_NO_ACC_SOFTWARE_STACK=1 -DESMF_YAMLCPP=1 -DESMF_YAML=1 -DESMF_OPENMP4 -DESMF_NO_OPENACC -DESMF_TESTEXHAUSTIVE -DESMF_BOPT_g -DESMF_TESTPERFORMANCE -DESMF_TESTCOMPTUNNEL -DESMF_TESTWITHTHREADS -DSx86_64_small=1 -DESMF_OS_Linux=1 -DESMF_COMM=mpich -DESMF_DIR=/gpfsm/dnb34/gtheuric/ESMF-Nightly-Testing/llvm_22.1.0_mpich_g_fix_cmake-config/esmf ESMF_RegridWeightGen.F90 -o /gpfsm/dnb34/gtheuric/ESMF-Nightly-Testing/llvm_22.1.0_mpich_g_fix_cmake-config/esmf/obj/objg/Linux.llvm.64.mpich.default/src/apps/ESMF_RegridWeightGen/ESMF_RegridWeightGen.o
make chkdir_apps
make[5]: Entering directory '/gpfsm/dnb34/gtheuric/ESMF-Nightly-Testing/llvm_22.1.0_mpich_g_fix_cmake-config/esmf/src/apps/ESMF_RegridWeightGen'
make[5]: Leaving directory '/gpfsm/dnb34/gtheuric/ESMF-Nightly-Testing/llvm_22.1.0_mpich_g_fix_cmake-config/esmf/src/apps/ESMF_RegridWeightGen'
mpif90      -pthread -Wl,--no-as-needed  -fopenmp -L/gpfsm/dnb34/gtheuric/ESMF-Nightly-Testing/llvm_22.1.0_mpich_g_fix_cmake-config/esmf/DEFAULTINSTALLDIR/lib/libg/Linux.llvm.64.mpich.default  -Wl,-rpath,/gpfsm/dnb34/gtheuric/ESMF-Nightly-Testing/llvm_22.1.0_mpich_g_fix_cmake-config/esmf/DEFAULTINSTALLDIR/lib/libg/Linux.llvm.64.mpich.default  -o /gpfsm/dnb34/gtheuric/ESMF-Nightly-Testing/llvm_22.1.0_mpich_g_fix_cmake-config/esmf/DEFAULTINSTALLDIR/bin/bing/Linux.llvm.64.mpich.default/ESMF_RegridWeightGen /gpfsm/dnb34/gtheuric/ESMF-Nightly-Testing/llvm_22.1.0_mpich_g_fix_cmake-config/esmf/obj/objg/Linux.llvm.64.mpich.default/src/apps/ESMF_RegridWeightGen/ESMF_RegridWeightGen.o -lesmf  -lrt -lstdc++ -ldl
make[4]: Leaving directory '/gpfsm/dnb34/gtheuric/ESMF-Nightly-Testing/llvm_22.1.0_mpich_g_fix_cmake-config/esmf/src/apps/ESMF_RegridWeightGen'
tree_build_apps in: /gpfsm/dnb34/gtheuric/ESMF-Nightly-Testing/llvm_22.1.0_mpich_g_fix_cmake-config/esmf/src/apps/ESMF_WebServController
make[4]: Entering directory '/gpfsm/dnb34/gtheuric/ESMF-Nightly-Testing/llvm_22.1.0_mpich_g_fix_cmake-config/esmf/src/apps/ESMF_WebServController'
make chkdir_locobj
make[5]: Entering directory '/gpfsm/dnb34/gtheuric/ESMF-Nightly-Testing/llvm_22.1.0_mpich_g_fix_cmake-config/esmf/src/apps/ESMF_WebServController'
Making directory /gpfsm/dnb34/gtheuric/ESMF-Nightly-Testing/llvm_22.1.0_mpich_g_fix_cmake-config/esmf/obj/objg/Linux.llvm.64.mpich.default/src/apps/ESMF_WebServController for apps output
make[5]: Leaving directory '/gpfsm/dnb34/gtheuric/ESMF-Nightly-Testing/llvm_22.1.0_mpich_g_fix_cmake-config/esmf/src/apps/ESMF_WebServController'
mpicxx -c -std=c++11 -g  -fPIC -m64 -mcmodel=small -pthread  -fopenmp -I/gpfsm/dnb34/gtheuric/ESMF-Nightly-Testing/llvm_22.1.0_mpich_g_fix_cmake-config/esmf/src/apps/ESMF_WebServController -I/gpfsm/dnb34/gtheuric/ESMF-Nightly-Testing/llvm_22.1.0_mpich_g_fix_cmake-config/esmf/src/apps/ESMF_WebServController/../include -I/gpfsm/dnb34/gtheuric/ESMF-Nightly-Testing/llvm_22.1.0_mpich_g_fix_cmake-config/esmf/build_config/Linux.llvm.default -I/gpfsm/dnb34/gtheuric/ESMF-Nightly-Testing/llvm_22.1.0_mpich_g_fix_cmake-config/esmf/src/Infrastructure -I/gpfsm/dnb34/gtheuric/ESMF-Nightly-Testing/llvm_22.1.0_mpich_g_fix_cmake-config/esmf/src/Superstructure -I/gpfsm/dnb34/gtheuric/ESMF-Nightly-Testing/llvm_22.1.0_mpich_g_fix_cmake-config/esmf/src/Infrastructure/stubs/pthread  -I/gpfsm/dnb34/gtheuric/ESMF-Nightly-Testing/llvm_22.1.0_mpich_g_fix_cmake-config/esmf/src/include   -I/gpfsm/dnb34/gtheuric/ESMF-Nightly-Testing/llvm_22.1.0_mpich_g_fix_cmake-config/esmf/src/prologue/yaml-cpp/include -DESMF_NO_INTEGER_1_BYTE -DESMF_NO_INTEGER_2_BYTE -DESMF_VERSION_STRING_GIT='"fix/cmake-config+g1c9a7e921e"' -DESMF_LOWERCASE_SINGLEUNDERSCORE -DESMF_MOAB=1 -DESMF_LAPACK=1 -DESMF_LAPACK_INTERNAL=1 -DESMF_NO_ACC_SOFTWARE_STACK=1 -DESMF_YAMLCPP=1 -DESMF_YAML=1 -DESMF_OPENMP4 -DESMF_NO_OPENACC -DESMF_TESTEXHAUSTIVE -DESMF_BOPT_g -DESMF_TESTPERFORMANCE -DESMF_TESTCOMPTUNNEL -DESMF_TESTWITHTHREADS -DSx86_64_small=1 -DESMF_OS_Linux=1 -DESMF_COMM=mpich -DESMF_DIR=/gpfsm/dnb34/gtheuric/ESMF-Nightly-Testing/llvm_22.1.0_mpich_g_fix_cmake-config/esmf -D__SDIR__='"src/apps/ESMF_WebServController"' -DESMF_CXXSTD=11 -x c++ ESMF_WebServController.C -o /gpfsm/dnb34/gtheuric/ESMF-Nightly-Testing/llvm_22.1.0_mpich_g_fix_cmake-config/esmf/obj/objg/Linux.llvm.64.mpich.default/src/apps/ESMF_WebServController/ESMF_WebServController.o
make chkdir_apps
make[5]: Entering directory '/gpfsm/dnb34/gtheuric/ESMF-Nightly-Testing/llvm_22.1.0_mpich_g_fix_cmake-config/esmf/src/apps/ESMF_WebServController'
make[5]: Leaving directory '/gpfsm/dnb34/gtheuric/ESMF-Nightly-Testing/llvm_22.1.0_mpich_g_fix_cmake-config/esmf/src/apps/ESMF_WebServController'
mpicxx    -m64 -mcmodel=small -pthread -Wl,--no-as-needed  -fopenmp -L/gpfsm/dnb34/gtheuric/ESMF-Nightly-Testing/llvm_22.1.0_mpich_g_fix_cmake-config/esmf/DEFAULTINSTALLDIR/lib/libg/Linux.llvm.64.mpich.default  -Wl,-rpath,/gpfsm/dnb34/gtheuric/ESMF-Nightly-Testing/llvm_22.1.0_mpich_g_fix_cmake-config/esmf/DEFAULTINSTALLDIR/lib/libg/Linux.llvm.64.mpich.default  -o /gpfsm/dnb34/gtheuric/ESMF-Nightly-Testing/llvm_22.1.0_mpich_g_fix_cmake-config/esmf/DEFAULTINSTALLDIR/bin/bing/Linux.llvm.64.mpich.default/ESMF_WebServController /gpfsm/dnb34/gtheuric/ESMF-Nightly-Testing/llvm_22.1.0_mpich_g_fix_cmake-config/esmf/obj/objg/Linux.llvm.64.mpich.default/src/apps/ESMF_WebServController/ESMF_WebServController.o -lesmf  -lmpifort -lmpi -lflang_rt.quadmath -lquadmath -lflang_rt.runtime -latomic -lm -lomp -lgcc -lgcc_s -lpthread -lc -lgcc -lgcc_s -lrt -lstdc++ -lm -ldl
make[4]: Leaving directory '/gpfsm/dnb34/gtheuric/ESMF-Nightly-Testing/llvm_22.1.0_mpich_g_fix_cmake-config/esmf/src/apps/ESMF_WebServController'
tree_build_apps in: /gpfsm/dnb34/gtheuric/ESMF-Nightly-Testing/llvm_22.1.0_mpich_g_fix_cmake-config/esmf/src/apps/ESMF_Scrip2Unstruct
make[4]: Entering directory '/gpfsm/dnb34/gtheuric/ESMF-Nightly-Testing/llvm_22.1.0_mpich_g_fix_cmake-config/esmf/src/apps/ESMF_Scrip2Unstruct'
make chkdir_locobj
make[5]: Entering directory '/gpfsm/dnb34/gtheuric/ESMF-Nightly-Testing/llvm_22.1.0_mpich_g_fix_cmake-config/esmf/src/apps/ESMF_Scrip2Unstruct'
Making directory /gpfsm/dnb34/gtheuric/ESMF-Nightly-Testing/llvm_22.1.0_mpich_g_fix_cmake-config/esmf/obj/objg/Linux.llvm.64.mpich.default/src/apps/ESMF_Scrip2Unstruct for apps output
make[5]: Leaving directory '/gpfsm/dnb34/gtheuric/ESMF-Nightly-Testing/llvm_22.1.0_mpich_g_fix_cmake-config/esmf/src/apps/ESMF_Scrip2Unstruct'
mpicxx -c -std=c++11 -g  -fPIC -m64 -mcmodel=small -pthread  -fopenmp -I/gpfsm/dnb34/gtheuric/ESMF-Nightly-Testing/llvm_22.1.0_mpich_g_fix_cmake-config/esmf/src/apps/ESMF_Scrip2Unstruct -I/gpfsm/dnb34/gtheuric/ESMF-Nightly-Testing/llvm_22.1.0_mpich_g_fix_cmake-config/esmf/src/apps/ESMF_Scrip2Unstruct/../include -I/gpfsm/dnb34/gtheuric/ESMF-Nightly-Testing/llvm_22.1.0_mpich_g_fix_cmake-config/esmf/build_config/Linux.llvm.default -I/gpfsm/dnb34/gtheuric/ESMF-Nightly-Testing/llvm_22.1.0_mpich_g_fix_cmake-config/esmf/src/Infrastructure -I/gpfsm/dnb34/gtheuric/ESMF-Nightly-Testing/llvm_22.1.0_mpich_g_fix_cmake-config/esmf/src/Superstructure -I/gpfsm/dnb34/gtheuric/ESMF-Nightly-Testing/llvm_22.1.0_mpich_g_fix_cmake-config/esmf/src/Infrastructure/stubs/pthread  -I/gpfsm/dnb34/gtheuric/ESMF-Nightly-Testing/llvm_22.1.0_mpich_g_fix_cmake-config/esmf/src/include   -I/gpfsm/dnb34/gtheuric/ESMF-Nightly-Testing/llvm_22.1.0_mpich_g_fix_cmake-config/esmf/src/prologue/yaml-cpp/include -DESMF_NO_INTEGER_1_BYTE -DESMF_NO_INTEGER_2_BYTE -DESMF_VERSION_STRING_GIT='"fix/cmake-config+g1c9a7e921e"' -DESMF_LOWERCASE_SINGLEUNDERSCORE -DESMF_MOAB=1 -DESMF_LAPACK=1 -DESMF_LAPACK_INTERNAL=1 -DESMF_NO_ACC_SOFTWARE_STACK=1 -DESMF_YAMLCPP=1 -DESMF_YAML=1 -DESMF_OPENMP4 -DESMF_NO_OPENACC -DESMF_TESTEXHAUSTIVE -DESMF_BOPT_g -DESMF_TESTPERFORMANCE -DESMF_TESTCOMPTUNNEL -DESMF_TESTWITHTHREADS -DSx86_64_small=1 -DESMF_OS_Linux=1 -DESMF_COMM=mpich -DESMF_DIR=/gpfsm/dnb34/gtheuric/ESMF-Nightly-Testing/llvm_22.1.0_mpich_g_fix_cmake-config/esmf -D__SDIR__='"src/apps/ESMF_Scrip2Unstruct"' -DESMF_CXXSTD=11 -x c++ ESMF_Scrip2Unstruct.C -o /gpfsm/dnb34/gtheuric/ESMF-Nightly-Testing/llvm_22.1.0_mpich_g_fix_cmake-config/esmf/obj/objg/Linux.llvm.64.mpich.default/src/apps/ESMF_Scrip2Unstruct/ESMF_Scrip2Unstruct.o
make chkdir_apps
make[5]: Entering directory '/gpfsm/dnb34/gtheuric/ESMF-Nightly-Testing/llvm_22.1.0_mpich_g_fix_cmake-config/esmf/src/apps/ESMF_Scrip2Unstruct'
make[5]: Leaving directory '/gpfsm/dnb34/gtheuric/ESMF-Nightly-Testing/llvm_22.1.0_mpich_g_fix_cmake-config/esmf/src/apps/ESMF_Scrip2Unstruct'
mpicxx    -m64 -mcmodel=small -pthread -Wl,--no-as-needed  -fopenmp -L/gpfsm/dnb34/gtheuric/ESMF-Nightly-Testing/llvm_22.1.0_mpich_g_fix_cmake-config/esmf/DEFAULTINSTALLDIR/lib/libg/Linux.llvm.64.mpich.default  -Wl,-rpath,/gpfsm/dnb34/gtheuric/ESMF-Nightly-Testing/llvm_22.1.0_mpich_g_fix_cmake-config/esmf/DEFAULTINSTALLDIR/lib/libg/Linux.llvm.64.mpich.default  -o /gpfsm/dnb34/gtheuric/ESMF-Nightly-Testing/llvm_22.1.0_mpich_g_fix_cmake-config/esmf/DEFAULTINSTALLDIR/bin/bing/Linux.llvm.64.mpich.default/ESMF_Scrip2Unstruct /gpfsm/dnb34/gtheuric/ESMF-Nightly-Testing/llvm_22.1.0_mpich_g_fix_cmake-config/esmf/obj/objg/Linux.llvm.64.mpich.default/src/apps/ESMF_Scrip2Unstruct/ESMF_Scrip2Unstruct.o -lesmf  -lmpifort -lmpi -lflang_rt.quadmath -lquadmath -lflang_rt.runtime -latomic -lm -lomp -lgcc -lgcc_s -lpthread -lc -lgcc -lgcc_s -lrt -lstdc++ -lm -ldl
make[4]: Leaving directory '/gpfsm/dnb34/gtheuric/ESMF-Nightly-Testing/llvm_22.1.0_mpich_g_fix_cmake-config/esmf/src/apps/ESMF_Scrip2Unstruct'
tree_build_apps in: /gpfsm/dnb34/gtheuric/ESMF-Nightly-Testing/llvm_22.1.0_mpich_g_fix_cmake-config/esmf/src/apps/ESMF_Regrid
make[4]: Entering directory '/gpfsm/dnb34/gtheuric/ESMF-Nightly-Testing/llvm_22.1.0_mpich_g_fix_cmake-config/esmf/src/apps/ESMF_Regrid'
make chkdir_locobj
make[5]: Entering directory '/gpfsm/dnb34/gtheuric/ESMF-Nightly-Testing/llvm_22.1.0_mpich_g_fix_cmake-config/esmf/src/apps/ESMF_Regrid'
Making directory /gpfsm/dnb34/gtheuric/ESMF-Nightly-Testing/llvm_22.1.0_mpich_g_fix_cmake-config/esmf/obj/objg/Linux.llvm.64.mpich.default/src/apps/ESMF_Regrid for apps output
make[5]: Leaving directory '/gpfsm/dnb34/gtheuric/ESMF-Nightly-Testing/llvm_22.1.0_mpich_g_fix_cmake-config/esmf/src/apps/ESMF_Regrid'
mpif90 -c -g   -fPIC     -fopenmp -I/gpfsm/dnb34/gtheuric/ESMF-Nightly-Testing/llvm_22.1.0_mpich_g_fix_cmake-config/esmf/src/apps/ESMF_Regrid -I/gpfsm/dnb34/gtheuric/ESMF-Nightly-Testing/llvm_22.1.0_mpich_g_fix_cmake-config/esmf/build_config/Linux.llvm.default -I/gpfsm/dnb34/gtheuric/ESMF-Nightly-Testing/llvm_22.1.0_mpich_g_fix_cmake-config/esmf/src/Infrastructure -I/gpfsm/dnb34/gtheuric/ESMF-Nightly-Testing/llvm_22.1.0_mpich_g_fix_cmake-config/esmf/src/Superstructure -I/gpfsm/dnb34/gtheuric/ESMF-Nightly-Testing/llvm_22.1.0_mpich_g_fix_cmake-config/esmf/DEFAULTINSTALLDIR/mod/modg/Linux.llvm.64.mpich.default -I/gpfsm/dnb34/gtheuric/ESMF-Nightly-Testing/llvm_22.1.0_mpich_g_fix_cmake-config/esmf/src/include   -DESMF_NO_INTEGER_1_BYTE -DESMF_NO_INTEGER_2_BYTE -DESMF_VERSION_STRING_GIT='"fix/cmake-config+g1c9a7e921e"' -DESMF_LOWERCASE_SINGLEUNDERSCORE -DESMF_MOAB=1 -DESMF_LAPACK=1 -DESMF_LAPACK_INTERNAL=1 -DESMF_NO_ACC_SOFTWARE_STACK=1 -DESMF_YAMLCPP=1 -DESMF_YAML=1 -DESMF_OPENMP4 -DESMF_NO_OPENACC -DESMF_TESTEXHAUSTIVE -DESMF_BOPT_g -DESMF_TESTPERFORMANCE -DESMF_TESTCOMPTUNNEL -DESMF_TESTWITHTHREADS -DSx86_64_small=1 -DESMF_OS_Linux=1 -DESMF_COMM=mpich -DESMF_DIR=/gpfsm/dnb34/gtheuric/ESMF-Nightly-Testing/llvm_22.1.0_mpich_g_fix_cmake-config/esmf ESMF_Regrid.F90 -o /gpfsm/dnb34/gtheuric/ESMF-Nightly-Testing/llvm_22.1.0_mpich_g_fix_cmake-config/esmf/obj/objg/Linux.llvm.64.mpich.default/src/apps/ESMF_Regrid/ESMF_Regrid.o
make chkdir_apps
make[5]: Entering directory '/gpfsm/dnb34/gtheuric/ESMF-Nightly-Testing/llvm_22.1.0_mpich_g_fix_cmake-config/esmf/src/apps/ESMF_Regrid'
make[5]: Leaving directory '/gpfsm/dnb34/gtheuric/ESMF-Nightly-Testing/llvm_22.1.0_mpich_g_fix_cmake-config/esmf/src/apps/ESMF_Regrid'
mpif90      -pthread -Wl,--no-as-needed  -fopenmp -L/gpfsm/dnb34/gtheuric/ESMF-Nightly-Testing/llvm_22.1.0_mpich_g_fix_cmake-config/esmf/DEFAULTINSTALLDIR/lib/libg/Linux.llvm.64.mpich.default  -Wl,-rpath,/gpfsm/dnb34/gtheuric/ESMF-Nightly-Testing/llvm_22.1.0_mpich_g_fix_cmake-config/esmf/DEFAULTINSTALLDIR/lib/libg/Linux.llvm.64.mpich.default  -o /gpfsm/dnb34/gtheuric/ESMF-Nightly-Testing/llvm_22.1.0_mpich_g_fix_cmake-config/esmf/DEFAULTINSTALLDIR/bin/bing/Linux.llvm.64.mpich.default/ESMF_Regrid /gpfsm/dnb34/gtheuric/ESMF-Nightly-Testing/llvm_22.1.0_mpich_g_fix_cmake-config/esmf/obj/objg/Linux.llvm.64.mpich.default/src/apps/ESMF_Regrid/ESMF_Regrid.o -lesmf  -lrt -lstdc++ -ldl
make[4]: Leaving directory '/gpfsm/dnb34/gtheuric/ESMF-Nightly-Testing/llvm_22.1.0_mpich_g_fix_cmake-config/esmf/src/apps/ESMF_Regrid'
tree_build_apps in: /gpfsm/dnb34/gtheuric/ESMF-Nightly-Testing/llvm_22.1.0_mpich_g_fix_cmake-config/esmf/src/apps/ESMX_Builder
make[4]: Entering directory '/gpfsm/dnb34/gtheuric/ESMF-Nightly-Testing/llvm_22.1.0_mpich_g_fix_cmake-config/esmf/src/apps/ESMX_Builder'
make chkdir_apps
make[5]: Entering directory '/gpfsm/dnb34/gtheuric/ESMF-Nightly-Testing/llvm_22.1.0_mpich_g_fix_cmake-config/esmf/src/apps/ESMX_Builder'
make[5]: Leaving directory '/gpfsm/dnb34/gtheuric/ESMF-Nightly-Testing/llvm_22.1.0_mpich_g_fix_cmake-config/esmf/src/apps/ESMX_Builder'
cp -f ESMX_Builder.sh /gpfsm/dnb34/gtheuric/ESMF-Nightly-Testing/llvm_22.1.0_mpich_g_fix_cmake-config/esmf/DEFAULTINSTALLDIR/bin/bing/Linux.llvm.64.mpich.default/ESMX_Builder
make[4]: Leaving directory '/gpfsm/dnb34/gtheuric/ESMF-Nightly-Testing/llvm_22.1.0_mpich_g_fix_cmake-config/esmf/src/apps/ESMX_Builder'
make[3]: Leaving directory '/gpfsm/dnb34/gtheuric/ESMF-Nightly-Testing/llvm_22.1.0_mpich_g_fix_cmake-config/esmf/src/apps'
ESMF apps built successfully.
make[2]: Leaving directory '/gpfsm/dnb34/gtheuric/ESMF-Nightly-Testing/llvm_22.1.0_mpich_g_fix_cmake-config/esmf'
make[1]: Leaving directory '/gpfsm/dnb34/gtheuric/ESMF-Nightly-Testing/llvm_22.1.0_mpich_g_fix_cmake-config/esmf'
mkdir -p /gpfsm/dnb34/gtheuric/ESMF-Nightly-Testing/llvm_22.1.0_mpich_g_fix_cmake-config/esmf/DEFAULTINSTALLDIR/doc
make install_info_mk
make[1]: Entering directory '/gpfsm/dnb34/gtheuric/ESMF-Nightly-Testing/llvm_22.1.0_mpich_g_fix_cmake-config/esmf'
make info_mk ESMF_APPSDIR=/gpfsm/dnb34/gtheuric/ESMF-Nightly-Testing/llvm_22.1.0_mpich_g_fix_cmake-config/esmf/DEFAULTINSTALLDIR/bin/bing/Linux.llvm.64.mpich.default ESMF_LDIR=/gpfsm/dnb34/gtheuric/ESMF-Nightly-Testing/llvm_22.1.0_mpich_g_fix_cmake-config/esmf/DEFAULTINSTALLDIR/lib/libg/Linux.llvm.64.mpich.default ESMF_LIBDIR=/gpfsm/dnb34/gtheuric/ESMF-Nightly-Testing/llvm_22.1.0_mpich_g_fix_cmake-config/esmf/DEFAULTINSTALLDIR/lib/libg/Linux.llvm.64.mpich.default ESMF_ESMXDIR=/gpfsm/dnb34/gtheuric/ESMF-Nightly-Testing/llvm_22.1.0_mpich_g_fix_cmake-config/esmf/DEFAULTINSTALLDIR/include/ESMX ESMF_CMAKEDIR=/gpfsm/dnb34/gtheuric/ESMF-Nightly-Testing/llvm_22.1.0_mpich_g_fix_cmake-config/esmf/DEFAULTINSTALLDIR/cmake ESMF_MODDIR=/gpfsm/dnb34/gtheuric/ESMF-Nightly-Testing/llvm_22.1.0_mpich_g_fix_cmake-config/esmf/DEFAULTINSTALLDIR/mod/modg/Linux.llvm.64.mpich.default ESMF_INCDIR=/gpfsm/dnb34/gtheuric/ESMF-Nightly-Testing/llvm_22.1.0_mpich_g_fix_cmake-config/esmf/DEFAULTINSTALLDIR/include
make[2]: Entering directory '/gpfsm/dnb34/gtheuric/ESMF-Nightly-Testing/llvm_22.1.0_mpich_g_fix_cmake-config/esmf'
make[2]: Leaving directory '/gpfsm/dnb34/gtheuric/ESMF-Nightly-Testing/llvm_22.1.0_mpich_g_fix_cmake-config/esmf'
make[1]: Leaving directory '/gpfsm/dnb34/gtheuric/ESMF-Nightly-Testing/llvm_22.1.0_mpich_g_fix_cmake-config/esmf'
/gpfsm/dnb34/gtheuric/ESMF-Nightly-Testing/llvm_22.1.0_mpich_g_fix_cmake-config/esmf/cmake/generate_config.py --esmfmkfile=/gpfsm/dnb34/gtheuric/ESMF-Nightly-Testing/llvm_22.1.0_mpich_g_fix_cmake-config/esmf/DEFAULTINSTALLDIR/lib/libg/Linux.llvm.64.mpich.default/esmf.mk --template=/gpfsm/dnb34/gtheuric/ESMF-Nightly-Testing/llvm_22.1.0_mpich_g_fix_cmake-config/esmf/cmake/ESMFConfig.cmake.in --outputdir=/gpfsm/dnb34/gtheuric/ESMF-Nightly-Testing/llvm_22.1.0_mpich_g_fix_cmake-config/esmf/DEFAULTINSTALLDIR/lib/libg/Linux.llvm.64.mpich.default/cmake/ESMF
Successfully generated config: /gpfsm/dnb34/gtheuric/ESMF-Nightly-Testing/llvm_22.1.0_mpich_g_fix_cmake-config/esmf/DEFAULTINSTALLDIR/lib/libg/Linux.llvm.64.mpich.default/cmake/ESMF/ESMFConfig.cmake (MPI: TRUE, Shared Target: libesmf.so)
Successfully generated version handler: /gpfsm/dnb34/gtheuric/ESMF-Nightly-Testing/llvm_22.1.0_mpich_g_fix_cmake-config/esmf/DEFAULTINSTALLDIR/lib/libg/Linux.llvm.64.mpich.default/cmake/ESMF/ESMFConfigVersion.cmake
 
ESMF installation complete.
 
