2026-06-09 22:40:50
20260609 234709.625 INFO             PET0 !!!!!!!!!!!!!!!!!!!!!!!!!!!!!!!!!!!!!!!!!!!!!!!!!!!!!!
20260609 234709.625 INFO             PET0 !!! THE ESMF_LOG IS SET TO OUTPUT ALL LOG MESSAGES !!!
20260609 234709.625 INFO             PET0 !!!     THIS MAY CAUSE SLOWDOWN IN PERFORMANCE     !!!
20260609 234709.625 INFO             PET0 !!! FOR PRODUCTION RUNS, USE:                      !!!
20260609 234709.625 INFO             PET0 !!!                   ESMF_LOGKIND_Multi_On_Error  !!!
20260609 234709.625 INFO             PET0 !!!!!!!!!!!!!!!!!!!!!!!!!!!!!!!!!!!!!!!!!!!!!!!!!!!!!!
20260609 234709.625 INFO             PET0 Running with ESMF Version   : develop+ge382cba19b
20260609 234709.625 INFO             PET0 ESMF library build date/time: "Jun  9 2026" "22:38:19"
20260609 234709.625 INFO             PET0 ESMF library build location : /discover/nobackup/projects/gmao/SIteam/ESMF_Testing/intel_2025.3.0_intelmpi_O_develop/esmf
20260609 234709.625 INFO             PET0 ESMF_COMM                   : intelmpi
20260609 234709.625 INFO             PET0 ESMF_MOAB                   : enabled
20260609 234709.625 INFO             PET0 ESMF_LAPACK                 : enabled
20260609 234709.625 INFO             PET0 ESMF_NETCDF                 : disabled
20260609 234709.625 INFO             PET0 ESMF_PNETCDF                : disabled
20260609 234709.625 INFO             PET0 ESMF_PIO                    : disabled
20260609 234709.625 INFO             PET0 ESMF_YAMLCPP                : enabled
20260609 234709.626 INFO             PET0  NUMBER_OF_PROCESSORS           1
20260609 234709.626 INFO             PET0  PASS  Example ESMF_AlarmEx, ESMF_AlarmEx.F90, line 244
20260609 234709.626 INFO             PET0  Finalizing ESMF
