2026-05-26 23:56:14
20260527 111005.657 INFO             PET0 !!!!!!!!!!!!!!!!!!!!!!!!!!!!!!!!!!!!!!!!!!!!!!!!!!!!!!
20260527 111005.657 INFO             PET0 !!! THE ESMF_LOG IS SET TO OUTPUT ALL LOG MESSAGES !!!
20260527 111005.657 INFO             PET0 !!!     THIS MAY CAUSE SLOWDOWN IN PERFORMANCE     !!!
20260527 111005.657 INFO             PET0 !!! FOR PRODUCTION RUNS, USE:                      !!!
20260527 111005.657 INFO             PET0 !!!                   ESMF_LOGKIND_Multi_On_Error  !!!
20260527 111005.657 INFO             PET0 !!!!!!!!!!!!!!!!!!!!!!!!!!!!!!!!!!!!!!!!!!!!!!!!!!!!!!
20260527 111005.657 INFO             PET0 Running with ESMF Version   : develop+g681a42bf77
20260527 111005.657 INFO             PET0 ESMF library build date/time: "May 26 2026" "23:53:48"
20260527 111005.657 INFO             PET0 ESMF library build location : /discover/nobackup/projects/gmao/SIteam/ESMF_Testing/intel_2025.3.0_intelmpi_O_develop/esmf
20260527 111005.657 INFO             PET0 ESMF_COMM                   : intelmpi
20260527 111005.657 INFO             PET0 ESMF_MOAB                   : enabled
20260527 111005.657 INFO             PET0 ESMF_LAPACK                 : enabled
20260527 111005.657 INFO             PET0 ESMF_NETCDF                 : disabled
20260527 111005.657 INFO             PET0 ESMF_PNETCDF                : disabled
20260527 111005.657 INFO             PET0 ESMF_PIO                    : disabled
20260527 111005.657 INFO             PET0 ESMF_YAMLCPP                : enabled
20260527 111005.658 INFO             PET0  NUMBER_OF_PROCESSORS           1
20260527 111005.658 INFO             PET0  PASS  Example CalendarEx, ESMF_CalendarEx.F90, line 217
20260527 111005.658 INFO             PET0  Finalizing ESMF
