2026-07-29 23:12:41
20260730 035013.737 INFO             PET0 !!!!!!!!!!!!!!!!!!!!!!!!!!!!!!!!!!!!!!!!!!!!!!!!!!!!!!
20260730 035013.737 INFO             PET0 !!! THE ESMF_LOG IS SET TO OUTPUT ALL LOG MESSAGES !!!
20260730 035013.737 INFO             PET0 !!!     THIS MAY CAUSE SLOWDOWN IN PERFORMANCE     !!!
20260730 035013.737 INFO             PET0 !!! FOR PRODUCTION RUNS, USE:                      !!!
20260730 035013.737 INFO             PET0 !!!                   ESMF_LOGKIND_Multi_On_Error  !!!
20260730 035013.737 INFO             PET0 !!!!!!!!!!!!!!!!!!!!!!!!!!!!!!!!!!!!!!!!!!!!!!!!!!!!!!
20260730 035013.737 INFO             PET0 Running with ESMF Version   : develop+g6f2cfc7ce0
20260730 035013.737 INFO             PET0 ESMF library build date/time: "Jul 29 2026" "23:10:02"
20260730 035013.737 INFO             PET0 ESMF library build location : /discover/nobackup/projects/gmao/SIteam/ESMF_Testing/intel_2025.3.0_intelmpi_O_develop/esmf
20260730 035013.737 INFO             PET0 ESMF_COMM                   : intelmpi
20260730 035013.737 INFO             PET0 ESMF_MOAB                   : enabled
20260730 035013.737 INFO             PET0 ESMF_LAPACK                 : enabled
20260730 035013.737 INFO             PET0 ESMF_NETCDF                 : disabled
20260730 035013.737 INFO             PET0 ESMF_PNETCDF                : disabled
20260730 035013.737 INFO             PET0 ESMF_PIO                    : disabled
20260730 035013.737 INFO             PET0 ESMF_YAMLCPP                : enabled
20260730 035013.738 INFO             PET0  NUMBER_OF_PROCESSORS           2
20260730 035013.738 INFO             PET0  PASS  Example ESMF_VMUserMpiCommEx, ESMF_VMUserMpiCommEx.F90, line 113
20260730 035013.738 INFO             PET0  Finalizing ESMF with endflag==ESMF_END_KEEPMPI
20260730 035013.737 INFO             PET1 !!!!!!!!!!!!!!!!!!!!!!!!!!!!!!!!!!!!!!!!!!!!!!!!!!!!!!
20260730 035013.737 INFO             PET1 !!! THE ESMF_LOG IS SET TO OUTPUT ALL LOG MESSAGES !!!
20260730 035013.737 INFO             PET1 !!!     THIS MAY CAUSE SLOWDOWN IN PERFORMANCE     !!!
20260730 035013.737 INFO             PET1 !!! FOR PRODUCTION RUNS, USE:                      !!!
20260730 035013.737 INFO             PET1 !!!                   ESMF_LOGKIND_Multi_On_Error  !!!
20260730 035013.737 INFO             PET1 !!!!!!!!!!!!!!!!!!!!!!!!!!!!!!!!!!!!!!!!!!!!!!!!!!!!!!
20260730 035013.737 INFO             PET1 Running with ESMF Version   : develop+g6f2cfc7ce0
20260730 035013.737 INFO             PET1 ESMF library build date/time: "Jul 29 2026" "23:10:02"
20260730 035013.737 INFO             PET1 ESMF library build location : /discover/nobackup/projects/gmao/SIteam/ESMF_Testing/intel_2025.3.0_intelmpi_O_develop/esmf
20260730 035013.737 INFO             PET1 ESMF_COMM                   : intelmpi
20260730 035013.737 INFO             PET1 ESMF_MOAB                   : enabled
20260730 035013.737 INFO             PET1 ESMF_LAPACK                 : enabled
20260730 035013.737 INFO             PET1 ESMF_NETCDF                 : disabled
20260730 035013.737 INFO             PET1 ESMF_PNETCDF                : disabled
20260730 035013.737 INFO             PET1 ESMF_PIO                    : disabled
20260730 035013.737 INFO             PET1 ESMF_YAMLCPP                : enabled
20260730 035013.737 INFO             PET1  NUMBER_OF_PROCESSORS           2
20260730 035013.738 INFO             PET1  PASS  Example ESMF_VMUserMpiCommEx, ESMF_VMUserMpiCommEx.F90, line 113
20260730 035013.738 INFO             PET1  Finalizing ESMF with endflag==ESMF_END_KEEPMPI
