2026-08-19 22:34:05
20260819 232048.219 INFO             PET0 !!!!!!!!!!!!!!!!!!!!!!!!!!!!!!!!!!!!!!!!!!!!!!!!!!!!!!
20260819 232048.219 INFO             PET0 !!! THE ESMF_LOG IS SET TO OUTPUT ALL LOG MESSAGES !!!
20260819 232048.219 INFO             PET0 !!!     THIS MAY CAUSE SLOWDOWN IN PERFORMANCE     !!!
20260819 232048.219 INFO             PET0 !!! FOR PRODUCTION RUNS, USE:                      !!!
20260819 232048.219 INFO             PET0 !!!                   ESMF_LOGKIND_Multi_On_Error  !!!
20260819 232048.219 INFO             PET0 !!!!!!!!!!!!!!!!!!!!!!!!!!!!!!!!!!!!!!!!!!!!!!!!!!!!!!
20260819 232048.219 INFO             PET0 Running with ESMF Version   : develop+gd8cb7c6c83
20260819 232048.219 INFO             PET0 ESMF library build date/time: "Aug 19 2026" "22:31:42"
20260819 232048.219 INFO             PET0 ESMF library build location : /discover/nobackup/projects/gmao/SIteam/ESMF_Testing/intel_2025.3.0_intelmpi_O_develop/esmf
20260819 232048.219 INFO             PET0 ESMF_COMM                   : intelmpi
20260819 232048.220 INFO             PET0 ESMF_MOAB                   : enabled
20260819 232048.220 INFO             PET0 ESMF_LAPACK                 : enabled
20260819 232048.220 INFO             PET0 ESMF_NETCDF                 : disabled
20260819 232048.220 INFO             PET0 ESMF_PNETCDF                : disabled
20260819 232048.220 INFO             PET0 ESMF_PIO                    : disabled
20260819 232048.220 INFO             PET0 ESMF_YAMLCPP                : enabled
20260819 232048.229 INFO             PET0 ESMF_FieldRedistStoreNF(): Just entered routine.
20260819 232048.288 INFO             PET0 ESMF_FieldRedistStoreNF(): Leaving routine.
20260819 232048.290 INFO             PET0  NUMBER_OF_PROCESSORS           4
20260819 232048.290 INFO             PET0  PASS  Example ESMF_RHandleFromRHandleEx, ESMF_RHandleFromRHandleEx.F90, line 660
20260819 232048.290 INFO             PET0  Finalizing ESMF
20260819 232048.220 INFO             PET1 !!!!!!!!!!!!!!!!!!!!!!!!!!!!!!!!!!!!!!!!!!!!!!!!!!!!!!
20260819 232048.220 INFO             PET1 !!! THE ESMF_LOG IS SET TO OUTPUT ALL LOG MESSAGES !!!
20260819 232048.220 INFO             PET1 !!!     THIS MAY CAUSE SLOWDOWN IN PERFORMANCE     !!!
20260819 232048.220 INFO             PET1 !!! FOR PRODUCTION RUNS, USE:                      !!!
20260819 232048.220 INFO             PET1 !!!                   ESMF_LOGKIND_Multi_On_Error  !!!
20260819 232048.220 INFO             PET1 !!!!!!!!!!!!!!!!!!!!!!!!!!!!!!!!!!!!!!!!!!!!!!!!!!!!!!
20260819 232048.220 INFO             PET1 Running with ESMF Version   : develop+gd8cb7c6c83
20260819 232048.220 INFO             PET1 ESMF library build date/time: "Aug 19 2026" "22:31:42"
20260819 232048.220 INFO             PET1 ESMF library build location : /discover/nobackup/projects/gmao/SIteam/ESMF_Testing/intel_2025.3.0_intelmpi_O_develop/esmf
20260819 232048.220 INFO             PET1 ESMF_COMM                   : intelmpi
20260819 232048.220 INFO             PET1 ESMF_MOAB                   : enabled
20260819 232048.220 INFO             PET1 ESMF_LAPACK                 : enabled
20260819 232048.220 INFO             PET1 ESMF_NETCDF                 : disabled
20260819 232048.220 INFO             PET1 ESMF_PNETCDF                : disabled
20260819 232048.220 INFO             PET1 ESMF_PIO                    : disabled
20260819 232048.220 INFO             PET1 ESMF_YAMLCPP                : enabled
20260819 232048.229 INFO             PET1 ESMF_FieldRedistStoreNF(): Just entered routine.
20260819 232048.288 INFO             PET1 ESMF_FieldRedistStoreNF(): Leaving routine.
20260819 232048.290 INFO             PET1  NUMBER_OF_PROCESSORS           4
20260819 232048.290 INFO             PET1  PASS  Example ESMF_RHandleFromRHandleEx, ESMF_RHandleFromRHandleEx.F90, line 660
20260819 232048.290 INFO             PET1  Finalizing ESMF
20260819 232048.220 INFO             PET2 !!!!!!!!!!!!!!!!!!!!!!!!!!!!!!!!!!!!!!!!!!!!!!!!!!!!!!
20260819 232048.220 INFO             PET2 !!! THE ESMF_LOG IS SET TO OUTPUT ALL LOG MESSAGES !!!
20260819 232048.220 INFO             PET2 !!!     THIS MAY CAUSE SLOWDOWN IN PERFORMANCE     !!!
20260819 232048.220 INFO             PET2 !!! FOR PRODUCTION RUNS, USE:                      !!!
20260819 232048.220 INFO             PET2 !!!                   ESMF_LOGKIND_Multi_On_Error  !!!
20260819 232048.220 INFO             PET2 !!!!!!!!!!!!!!!!!!!!!!!!!!!!!!!!!!!!!!!!!!!!!!!!!!!!!!
20260819 232048.220 INFO             PET2 Running with ESMF Version   : develop+gd8cb7c6c83
20260819 232048.220 INFO             PET2 ESMF library build date/time: "Aug 19 2026" "22:31:42"
20260819 232048.220 INFO             PET2 ESMF library build location : /discover/nobackup/projects/gmao/SIteam/ESMF_Testing/intel_2025.3.0_intelmpi_O_develop/esmf
20260819 232048.220 INFO             PET2 ESMF_COMM                   : intelmpi
20260819 232048.220 INFO             PET2 ESMF_MOAB                   : enabled
20260819 232048.220 INFO             PET2 ESMF_LAPACK                 : enabled
20260819 232048.220 INFO             PET2 ESMF_NETCDF                 : disabled
20260819 232048.220 INFO             PET2 ESMF_PNETCDF                : disabled
20260819 232048.220 INFO             PET2 ESMF_PIO                    : disabled
20260819 232048.220 INFO             PET2 ESMF_YAMLCPP                : enabled
20260819 232048.229 INFO             PET2 ESMF_FieldRedistStoreNF(): Just entered routine.
20260819 232048.289 INFO             PET2 ESMF_FieldRedistStoreNF(): Leaving routine.
20260819 232048.293 INFO             PET2  NUMBER_OF_PROCESSORS           4
20260819 232048.293 INFO             PET2  PASS  Example ESMF_RHandleFromRHandleEx, ESMF_RHandleFromRHandleEx.F90, line 660
20260819 232048.293 INFO             PET2  Finalizing ESMF
20260819 232048.219 INFO             PET3 !!!!!!!!!!!!!!!!!!!!!!!!!!!!!!!!!!!!!!!!!!!!!!!!!!!!!!
20260819 232048.219 INFO             PET3 !!! THE ESMF_LOG IS SET TO OUTPUT ALL LOG MESSAGES !!!
20260819 232048.219 INFO             PET3 !!!     THIS MAY CAUSE SLOWDOWN IN PERFORMANCE     !!!
20260819 232048.219 INFO             PET3 !!! FOR PRODUCTION RUNS, USE:                      !!!
20260819 232048.219 INFO             PET3 !!!                   ESMF_LOGKIND_Multi_On_Error  !!!
20260819 232048.219 INFO             PET3 !!!!!!!!!!!!!!!!!!!!!!!!!!!!!!!!!!!!!!!!!!!!!!!!!!!!!!
20260819 232048.219 INFO             PET3 Running with ESMF Version   : develop+gd8cb7c6c83
20260819 232048.219 INFO             PET3 ESMF library build date/time: "Aug 19 2026" "22:31:42"
20260819 232048.219 INFO             PET3 ESMF library build location : /discover/nobackup/projects/gmao/SIteam/ESMF_Testing/intel_2025.3.0_intelmpi_O_develop/esmf
20260819 232048.219 INFO             PET3 ESMF_COMM                   : intelmpi
20260819 232048.220 INFO             PET3 ESMF_MOAB                   : enabled
20260819 232048.220 INFO             PET3 ESMF_LAPACK                 : enabled
20260819 232048.220 INFO             PET3 ESMF_NETCDF                 : disabled
20260819 232048.220 INFO             PET3 ESMF_PNETCDF                : disabled
20260819 232048.220 INFO             PET3 ESMF_PIO                    : disabled
20260819 232048.220 INFO             PET3 ESMF_YAMLCPP                : enabled
20260819 232048.229 INFO             PET3 ESMF_FieldRedistStoreNF(): Just entered routine.
20260819 232048.288 INFO             PET3 ESMF_FieldRedistStoreNF(): Leaving routine.
20260819 232048.296 INFO             PET3  NUMBER_OF_PROCESSORS           4
20260819 232048.297 INFO             PET3  PASS  Example ESMF_RHandleFromRHandleEx, ESMF_RHandleFromRHandleEx.F90, line 660
20260819 232048.297 INFO             PET3  Finalizing ESMF
