 
Installing ESMF:
 
mkdir -p /Users/sacks/projects/scratch/esmf-testing/gfortranclang_12.2.0_14.0.0_mpiuni_g_develop/esmf/DEFAULTINSTALLDIR/include
cp -f /Users/sacks/projects/scratch/esmf-testing/gfortranclang_12.2.0_14.0.0_mpiuni_g_develop/esmf/src/include/NUOPC.h /Users/sacks/projects/scratch/esmf-testing/gfortranclang_12.2.0_14.0.0_mpiuni_g_develop/esmf/DEFAULTINSTALLDIR/include
cp -f /Users/sacks/projects/scratch/esmf-testing/gfortranclang_12.2.0_14.0.0_mpiuni_g_develop/esmf/src/include/ESMC.h /Users/sacks/projects/scratch/esmf-testing/gfortranclang_12.2.0_14.0.0_mpiuni_g_develop/esmf/DEFAULTINSTALLDIR/include
cp -f /Users/sacks/projects/scratch/esmf-testing/gfortranclang_12.2.0_14.0.0_mpiuni_g_develop/esmf/src/include/ESMC_*.h /Users/sacks/projects/scratch/esmf-testing/gfortranclang_12.2.0_14.0.0_mpiuni_g_develop/esmf/DEFAULTINSTALLDIR/include
cp -f /Users/sacks/projects/scratch/esmf-testing/gfortranclang_12.2.0_14.0.0_mpiuni_g_develop/esmf/build_config/Darwin.gfortranclang.default/ESMC_Conf.h /Users/sacks/projects/scratch/esmf-testing/gfortranclang_12.2.0_14.0.0_mpiuni_g_develop/esmf/DEFAULTINSTALLDIR/include
cp -fr /Users/sacks/projects/scratch/esmf-testing/gfortranclang_12.2.0_14.0.0_mpiuni_g_develop/esmf/src/addon/ESMX /Users/sacks/projects/scratch/esmf-testing/gfortranclang_12.2.0_14.0.0_mpiuni_g_develop/esmf/DEFAULTINSTALLDIR/include
mkdir -p /Users/sacks/projects/scratch/esmf-testing/gfortranclang_12.2.0_14.0.0_mpiuni_g_develop/esmf/DEFAULTINSTALLDIR/cmake
cp -f /Users/sacks/projects/scratch/esmf-testing/gfortranclang_12.2.0_14.0.0_mpiuni_g_develop/esmf/cmake/FindESMF.cmake /Users/sacks/projects/scratch/esmf-testing/gfortranclang_12.2.0_14.0.0_mpiuni_g_develop/esmf/DEFAULTINSTALLDIR/cmake
mkdir -p /Users/sacks/projects/scratch/esmf-testing/gfortranclang_12.2.0_14.0.0_mpiuni_g_develop/esmf/DEFAULTINSTALLDIR/mod/modg/Darwin.gfortranclang.64.mpiuni.default
cp -f /Users/sacks/projects/scratch/esmf-testing/gfortranclang_12.2.0_14.0.0_mpiuni_g_develop/esmf/mod/modg/Darwin.gfortranclang.64.mpiuni.default/*.mod /Users/sacks/projects/scratch/esmf-testing/gfortranclang_12.2.0_14.0.0_mpiuni_g_develop/esmf/DEFAULTINSTALLDIR/mod/modg/Darwin.gfortranclang.64.mpiuni.default
mkdir -p /Users/sacks/projects/scratch/esmf-testing/gfortranclang_12.2.0_14.0.0_mpiuni_g_develop/esmf/DEFAULTINSTALLDIR/lib/libg/Darwin.gfortranclang.64.mpiuni.default
cp -f /Users/sacks/projects/scratch/esmf-testing/gfortranclang_12.2.0_14.0.0_mpiuni_g_develop/esmf/lib/libg/Darwin.gfortranclang.64.mpiuni.default/libesmf*.* /Users/sacks/projects/scratch/esmf-testing/gfortranclang_12.2.0_14.0.0_mpiuni_g_develop/esmf/DEFAULTINSTALLDIR/lib/libg/Darwin.gfortranclang.64.mpiuni.default
cp -f /Users/sacks/projects/scratch/esmf-testing/gfortranclang_12.2.0_14.0.0_mpiuni_g_develop/esmf/lib/libg/Darwin.gfortranclang.64.mpiuni.default/libpioc.* /Users/sacks/projects/scratch/esmf-testing/gfortranclang_12.2.0_14.0.0_mpiuni_g_develop/esmf/DEFAULTINSTALLDIR/lib/libg/Darwin.gfortranclang.64.mpiuni.default
/Applications/Xcode.app/Contents/Developer/usr/bin/make ESMF_PRELOADDIR=/Users/sacks/projects/scratch/esmf-testing/gfortranclang_12.2.0_14.0.0_mpiuni_g_develop/esmf/DEFAULTINSTALLDIR/lib/libg/Darwin.gfortranclang.64.mpiuni.default build_preload_script
chmod 755 /Users/sacks/projects/scratch/esmf-testing/gfortranclang_12.2.0_14.0.0_mpiuni_g_develop/esmf/DEFAULTINSTALLDIR/lib/libg/Darwin.gfortranclang.64.mpiuni.default/preload.sh
ranlib /Users/sacks/projects/scratch/esmf-testing/gfortranclang_12.2.0_14.0.0_mpiuni_g_develop/esmf/DEFAULTINSTALLDIR/lib/libg/Darwin.gfortranclang.64.mpiuni.default/libesmf*.a
/Applications/Xcode.app/Contents/Developer/usr/bin/make install_apps
mkdir -p /Users/sacks/projects/scratch/esmf-testing/gfortranclang_12.2.0_14.0.0_mpiuni_g_develop/esmf/DEFAULTINSTALLDIR/bin/bing/Darwin.gfortranclang.64.mpiuni.default
/Applications/Xcode.app/Contents/Developer/usr/bin/make build_apps ESMF_APPSDIR=/Users/sacks/projects/scratch/esmf-testing/gfortranclang_12.2.0_14.0.0_mpiuni_g_develop/esmf/DEFAULTINSTALLDIR/bin/bing/Darwin.gfortranclang.64.mpiuni.default ESMF_LDIR=/Users/sacks/projects/scratch/esmf-testing/gfortranclang_12.2.0_14.0.0_mpiuni_g_develop/esmf/DEFAULTINSTALLDIR/lib/libg/Darwin.gfortranclang.64.mpiuni.default ESMF_LIBDIR=/Users/sacks/projects/scratch/esmf-testing/gfortranclang_12.2.0_14.0.0_mpiuni_g_develop/esmf/DEFAULTINSTALLDIR/lib/libg/Darwin.gfortranclang.64.mpiuni.default ESMF_MODDIR=/Users/sacks/projects/scratch/esmf-testing/gfortranclang_12.2.0_14.0.0_mpiuni_g_develop/esmf/DEFAULTINSTALLDIR/mod/modg/Darwin.gfortranclang.64.mpiuni.default
cd /Users/sacks/projects/scratch/esmf-testing/gfortranclang_12.2.0_14.0.0_mpiuni_g_develop/esmf/src/apps; /Applications/Xcode.app/Contents/Developer/usr/bin/make ACTION=tree_build_apps tree
tree_build_apps in: /Users/sacks/projects/scratch/esmf-testing/gfortranclang_12.2.0_14.0.0_mpiuni_g_develop/esmf/src/apps/ESMF_PrintInfo
/Applications/Xcode.app/Contents/Developer/usr/bin/make chkdir_locobj
Making directory /Users/sacks/projects/scratch/esmf-testing/gfortranclang_12.2.0_14.0.0_mpiuni_g_develop/esmf/obj/objg/Darwin.gfortranclang.64.mpiuni.default/src/apps/ESMF_PrintInfo for apps output
gfortran -c -g -Wall -Wextra -Wconversion -Wno-unused -Wno-unused-dummy-argument -fimplicit-none -fcheck=all,no-pointer  -fPIC  -pthread -frecursive -ffree-line-length-none -fno-backtrace -I/Users/sacks/projects/scratch/esmf-testing/gfortranclang_12.2.0_14.0.0_mpiuni_g_develop/esmf/src/apps/ESMF_PrintInfo -I/Users/sacks/projects/scratch/esmf-testing/gfortranclang_12.2.0_14.0.0_mpiuni_g_develop/esmf/build_config/Darwin.gfortranclang.default -I/Users/sacks/projects/scratch/esmf-testing/gfortranclang_12.2.0_14.0.0_mpiuni_g_develop/esmf/src/Infrastructure -I/Users/sacks/projects/scratch/esmf-testing/gfortranclang_12.2.0_14.0.0_mpiuni_g_develop/esmf/src/Superstructure -I/Users/sacks/projects/scratch/esmf-testing/gfortranclang_12.2.0_14.0.0_mpiuni_g_develop/esmf/DEFAULTINSTALLDIR/mod/modg/Darwin.gfortranclang.64.mpiuni.default -I/Users/sacks/projects/scratch/esmf-testing/gfortranclang_12.2.0_14.0.0_mpiuni_g_develop/esmf/src/include -I/opt/homebrew/Cellar/netcdf/4.9.3/include -I/opt/homebrew/Cellar/netcdf-fortran/4.6.1_2/include  -DESMF_NO_INTEGER_1_BYTE -DESMF_NO_INTEGER_2_BYTE -DESMF_VERSION_STRING_GIT='"develop+g1082792c4b"' -DESMF_MPIUNI -I/Users/sacks/projects/scratch/esmf-testing/gfortranclang_12.2.0_14.0.0_mpiuni_g_develop/esmf/src/Infrastructure/stubs/mpiuni -DESMF_LOWERCASE_SINGLEUNDERSCORE -DESMF_MOAB=1 -DESMF_LAPACK=1 -DESMF_LAPACK_INTERNAL=1 -DESMF_NO_ACC_SOFTWARE_STACK=1 -DESMF_PIO=1 -DESMF_NETCDF=1 -DYAML=ESMF_YAML -DESMF_YAMLCPP=1 -DESMF_NO_OPENMP -DESMF_NO_OPENACC -DESMF_TESTEXHAUSTIVE -DESMF_BOPT_g -DESMF_TESTCOMPTUNNEL -DESMF_TESTWITHTHREADS -DS64=1 -DESMF_OS_Darwin=1 -DESMF_COMM=mpiuni -DESMF_DIR=/Users/sacks/projects/scratch/esmf-testing/gfortranclang_12.2.0_14.0.0_mpiuni_g_develop/esmf ESMF_PrintInfo.F90 -o /Users/sacks/projects/scratch/esmf-testing/gfortranclang_12.2.0_14.0.0_mpiuni_g_develop/esmf/obj/objg/Darwin.gfortranclang.64.mpiuni.default/src/apps/ESMF_PrintInfo/ESMF_PrintInfo.o
/Applications/Xcode.app/Contents/Developer/usr/bin/make chkdir_apps
clang++     -pthread -L/Users/sacks/projects/scratch/esmf-testing/gfortranclang_12.2.0_14.0.0_mpiuni_g_develop/esmf/DEFAULTINSTALLDIR/lib/libg/Darwin.gfortranclang.64.mpiuni.default -L/opt/homebrew/Cellar/netcdf/4.9.3/lib -L/opt/homebrew/Cellar/netcdf-fortran/4.6.1_2/lib -L/opt/homebrew/Cellar/gcc/14.2.0_1/bin/../lib/gcc/current/gcc/aarch64-apple-darwin23/14/../../../ -L./ -Wl,-rpath,/Users/sacks/projects/scratch/esmf-testing/gfortranclang_12.2.0_14.0.0_mpiuni_g_develop/esmf/DEFAULTINSTALLDIR/lib/libg/Darwin.gfortranclang.64.mpiuni.default  -Wl,-rpath,/opt/homebrew/Cellar/netcdf/4.9.3/lib -Wl,-rpath,/opt/homebrew/Cellar/netcdf-fortran/4.6.1_2/lib -Wl,-rpath,/opt/homebrew/Cellar/gcc/14.2.0_1/bin/../lib/gcc/current/gcc/aarch64-apple-darwin23/14/../../../ -o /Users/sacks/projects/scratch/esmf-testing/gfortranclang_12.2.0_14.0.0_mpiuni_g_develop/esmf/DEFAULTINSTALLDIR/bin/bing/Darwin.gfortranclang.64.mpiuni.default/ESMF_PrintInfo /Users/sacks/projects/scratch/esmf-testing/gfortranclang_12.2.0_14.0.0_mpiuni_g_develop/esmf/obj/objg/Darwin.gfortranclang.64.mpiuni.default/src/apps/ESMF_PrintInfo/ESMF_PrintInfo.o -lesmf -lpioc -lnetcdf -lnetcdff -lnetcdf -lnetcdf -lm -lc++ -lgfortran
ld: warning: ignoring duplicate libraries: '-lc++', '-lnetcdf'
tree_build_apps in: /Users/sacks/projects/scratch/esmf-testing/gfortranclang_12.2.0_14.0.0_mpiuni_g_develop/esmf/src/apps/ESMF_PrintInfoC
/Applications/Xcode.app/Contents/Developer/usr/bin/make chkdir_locobj
Making directory /Users/sacks/projects/scratch/esmf-testing/gfortranclang_12.2.0_14.0.0_mpiuni_g_develop/esmf/obj/objg/Darwin.gfortranclang.64.mpiuni.default/src/apps/ESMF_PrintInfoC for apps output
clang -c -std=c99 -g  -fPIC -pthread -I/Users/sacks/projects/scratch/esmf-testing/gfortranclang_12.2.0_14.0.0_mpiuni_g_develop/esmf/src/apps/ESMF_PrintInfoC -I/Users/sacks/projects/scratch/esmf-testing/gfortranclang_12.2.0_14.0.0_mpiuni_g_develop/esmf/src/apps/ESMF_PrintInfoC/../include -I/Users/sacks/projects/scratch/esmf-testing/gfortranclang_12.2.0_14.0.0_mpiuni_g_develop/esmf/build_config/Darwin.gfortranclang.default -I/Users/sacks/projects/scratch/esmf-testing/gfortranclang_12.2.0_14.0.0_mpiuni_g_develop/esmf/src/Infrastructure -I/Users/sacks/projects/scratch/esmf-testing/gfortranclang_12.2.0_14.0.0_mpiuni_g_develop/esmf/src/Superstructure  -I/Users/sacks/projects/scratch/esmf-testing/gfortranclang_12.2.0_14.0.0_mpiuni_g_develop/esmf/src/include   -DESMF_NO_INTEGER_1_BYTE -DESMF_NO_INTEGER_2_BYTE -DESMF_VERSION_STRING_GIT='"develop+g1082792c4b"' -DESMF_MPIUNI -I/Users/sacks/projects/scratch/esmf-testing/gfortranclang_12.2.0_14.0.0_mpiuni_g_develop/esmf/src/Infrastructure/stubs/mpiuni -DESMF_LOWERCASE_SINGLEUNDERSCORE -DESMF_MOAB=1 -DESMF_LAPACK=1 -DESMF_LAPACK_INTERNAL=1 -DESMF_NO_ACC_SOFTWARE_STACK=1 -DESMF_PIO=1 -DESMF_NETCDF=1 -DYAML=ESMF_YAML -DESMF_YAMLCPP=1 -DESMF_NO_OPENMP -DESMF_NO_OPENACC -DESMF_TESTEXHAUSTIVE -DESMF_BOPT_g -DESMF_TESTCOMPTUNNEL -DESMF_TESTWITHTHREADS -DS64=1 -DESMF_OS_Darwin=1 -DESMF_COMM=mpiuni -DESMF_DIR=/Users/sacks/projects/scratch/esmf-testing/gfortranclang_12.2.0_14.0.0_mpiuni_g_develop/esmf -D__SDIR__='"src/apps/ESMF_PrintInfoC"' -DESMF_CSTD=99 ESMF_PrintInfoC.c -o /Users/sacks/projects/scratch/esmf-testing/gfortranclang_12.2.0_14.0.0_mpiuni_g_develop/esmf/obj/objg/Darwin.gfortranclang.64.mpiuni.default/src/apps/ESMF_PrintInfoC/ESMF_PrintInfoC.o
/Applications/Xcode.app/Contents/Developer/usr/bin/make chkdir_apps
clang++    -pthread -L/Users/sacks/projects/scratch/esmf-testing/gfortranclang_12.2.0_14.0.0_mpiuni_g_develop/esmf/DEFAULTINSTALLDIR/lib/libg/Darwin.gfortranclang.64.mpiuni.default -L/opt/homebrew/Cellar/netcdf/4.9.3/lib -L/opt/homebrew/Cellar/netcdf-fortran/4.6.1_2/lib -L/opt/homebrew/Cellar/gcc/14.2.0_1/bin/../lib/gcc/current/gcc/aarch64-apple-darwin23/14/../../../ -L/Users/sacks/projects/scratch/esmf-testing/gfortranclang_12.2.0_14.0.0_mpiuni_g_develop/esmf/DEFAULTINSTALLDIR/lib/libg/Darwin.gfortranclang.64.mpiuni.default -L/opt/homebrew/Cellar/netcdf/4.9.3/lib -L/opt/homebrew/Cellar/netcdf-fortran/4.6.1_2/lib -L/opt/homebrew/Cellar/gcc/14.2.0_1/bin/../lib/gcc/current/gcc/aarch64-apple-darwin23/14/../../../ -L./ -Wl,-rpath,/Users/sacks/projects/scratch/esmf-testing/gfortranclang_12.2.0_14.0.0_mpiuni_g_develop/esmf/DEFAULTINSTALLDIR/lib/libg/Darwin.gfortranclang.64.mpiuni.default -Wl,-rpath,/opt/homebrew/Cellar/netcdf/4.9.3/lib -Wl,-rpath,/opt/homebrew/Cellar/netcdf-fortran/4.6.1_2/lib -Wl,-rpath,/opt/homebrew/Cellar/gcc/14.2.0_1/bin/../lib/gcc/current/gcc/aarch64-apple-darwin23/14/../../../ -Wl,-rpath,/Users/sacks/projects/scratch/esmf-testing/gfortranclang_12.2.0_14.0.0_mpiuni_g_develop/esmf/DEFAULTINSTALLDIR/lib/libg/Darwin.gfortranclang.64.mpiuni.default -Wl,-rpath,/opt/homebrew/Cellar/netcdf/4.9.3/lib -Wl,-rpath,/opt/homebrew/Cellar/netcdf-fortran/4.6.1_2/lib -Wl,-rpath,/opt/homebrew/Cellar/gcc/14.2.0_1/bin/../lib/gcc/current/gcc/aarch64-apple-darwin23/14/../../../ -Wl,-rpath,./ -o /Users/sacks/projects/scratch/esmf-testing/gfortranclang_12.2.0_14.0.0_mpiuni_g_develop/esmf/DEFAULTINSTALLDIR/bin/bing/Darwin.gfortranclang.64.mpiuni.default/ESMF_PrintInfoC /Users/sacks/projects/scratch/esmf-testing/gfortranclang_12.2.0_14.0.0_mpiuni_g_develop/esmf/obj/objg/Darwin.gfortranclang.64.mpiuni.default/src/apps/ESMF_PrintInfoC/ESMF_PrintInfoC.o -lesmf -lpioc -lnetcdf -lnetcdff -lnetcdf -lnetcdf -lgfortran -lpioc -lnetcdf -lnetcdff -lnetcdf -lnetcdf -lm -lc++ -lgfortran
ld: warning: duplicate -rpath '/Users/sacks/projects/scratch/esmf-testing/gfortranclang_12.2.0_14.0.0_mpiuni_g_develop/esmf/DEFAULTINSTALLDIR/lib/libg/Darwin.gfortranclang.64.mpiuni.default' ignored
ld: warning: duplicate -rpath '/opt/homebrew/Cellar/netcdf/4.9.3/lib' ignored
ld: warning: duplicate -rpath '/opt/homebrew/Cellar/netcdf-fortran/4.6.1_2/lib' ignored
ld: warning: duplicate -rpath '/opt/homebrew/Cellar/gcc/14.2.0_1/bin/../lib/gcc/current/gcc/aarch64-apple-darwin23/14/../../../' ignored
ld: warning: ignoring duplicate libraries: '-lc++', '-lgfortran', '-lnetcdf', '-lnetcdff', '-lpioc'
tree_build_apps in: /Users/sacks/projects/scratch/esmf-testing/gfortranclang_12.2.0_14.0.0_mpiuni_g_develop/esmf/src/apps/ESMF_RegridWeightGen
/Applications/Xcode.app/Contents/Developer/usr/bin/make chkdir_locobj
Making directory /Users/sacks/projects/scratch/esmf-testing/gfortranclang_12.2.0_14.0.0_mpiuni_g_develop/esmf/obj/objg/Darwin.gfortranclang.64.mpiuni.default/src/apps/ESMF_RegridWeightGen for apps output
gfortran -c -g -Wall -Wextra -Wconversion -Wno-unused -Wno-unused-dummy-argument -fimplicit-none -fcheck=all,no-pointer  -fPIC  -pthread -frecursive -ffree-line-length-none -fno-backtrace -I/Users/sacks/projects/scratch/esmf-testing/gfortranclang_12.2.0_14.0.0_mpiuni_g_develop/esmf/src/apps/ESMF_RegridWeightGen -I/Users/sacks/projects/scratch/esmf-testing/gfortranclang_12.2.0_14.0.0_mpiuni_g_develop/esmf/build_config/Darwin.gfortranclang.default -I/Users/sacks/projects/scratch/esmf-testing/gfortranclang_12.2.0_14.0.0_mpiuni_g_develop/esmf/src/Infrastructure -I/Users/sacks/projects/scratch/esmf-testing/gfortranclang_12.2.0_14.0.0_mpiuni_g_develop/esmf/src/Superstructure -I/Users/sacks/projects/scratch/esmf-testing/gfortranclang_12.2.0_14.0.0_mpiuni_g_develop/esmf/DEFAULTINSTALLDIR/mod/modg/Darwin.gfortranclang.64.mpiuni.default -I/Users/sacks/projects/scratch/esmf-testing/gfortranclang_12.2.0_14.0.0_mpiuni_g_develop/esmf/src/include -I/opt/homebrew/Cellar/netcdf/4.9.3/include -I/opt/homebrew/Cellar/netcdf-fortran/4.6.1_2/include  -DESMF_NO_INTEGER_1_BYTE -DESMF_NO_INTEGER_2_BYTE -DESMF_VERSION_STRING_GIT='"develop+g1082792c4b"' -DESMF_MPIUNI -I/Users/sacks/projects/scratch/esmf-testing/gfortranclang_12.2.0_14.0.0_mpiuni_g_develop/esmf/src/Infrastructure/stubs/mpiuni -DESMF_LOWERCASE_SINGLEUNDERSCORE -DESMF_MOAB=1 -DESMF_LAPACK=1 -DESMF_LAPACK_INTERNAL=1 -DESMF_NO_ACC_SOFTWARE_STACK=1 -DESMF_PIO=1 -DESMF_NETCDF=1 -DYAML=ESMF_YAML -DESMF_YAMLCPP=1 -DESMF_NO_OPENMP -DESMF_NO_OPENACC -DESMF_TESTEXHAUSTIVE -DESMF_BOPT_g -DESMF_TESTCOMPTUNNEL -DESMF_TESTWITHTHREADS -DS64=1 -DESMF_OS_Darwin=1 -DESMF_COMM=mpiuni -DESMF_DIR=/Users/sacks/projects/scratch/esmf-testing/gfortranclang_12.2.0_14.0.0_mpiuni_g_develop/esmf ESMF_RegridWeightGen.F90 -o /Users/sacks/projects/scratch/esmf-testing/gfortranclang_12.2.0_14.0.0_mpiuni_g_develop/esmf/obj/objg/Darwin.gfortranclang.64.mpiuni.default/src/apps/ESMF_RegridWeightGen/ESMF_RegridWeightGen.o
/Applications/Xcode.app/Contents/Developer/usr/bin/make chkdir_apps
clang++     -pthread -L/Users/sacks/projects/scratch/esmf-testing/gfortranclang_12.2.0_14.0.0_mpiuni_g_develop/esmf/DEFAULTINSTALLDIR/lib/libg/Darwin.gfortranclang.64.mpiuni.default -L/opt/homebrew/Cellar/netcdf/4.9.3/lib -L/opt/homebrew/Cellar/netcdf-fortran/4.6.1_2/lib -L/opt/homebrew/Cellar/gcc/14.2.0_1/bin/../lib/gcc/current/gcc/aarch64-apple-darwin23/14/../../../ -L./ -Wl,-rpath,/Users/sacks/projects/scratch/esmf-testing/gfortranclang_12.2.0_14.0.0_mpiuni_g_develop/esmf/DEFAULTINSTALLDIR/lib/libg/Darwin.gfortranclang.64.mpiuni.default  -Wl,-rpath,/opt/homebrew/Cellar/netcdf/4.9.3/lib -Wl,-rpath,/opt/homebrew/Cellar/netcdf-fortran/4.6.1_2/lib -Wl,-rpath,/opt/homebrew/Cellar/gcc/14.2.0_1/bin/../lib/gcc/current/gcc/aarch64-apple-darwin23/14/../../../ -o /Users/sacks/projects/scratch/esmf-testing/gfortranclang_12.2.0_14.0.0_mpiuni_g_develop/esmf/DEFAULTINSTALLDIR/bin/bing/Darwin.gfortranclang.64.mpiuni.default/ESMF_RegridWeightGen /Users/sacks/projects/scratch/esmf-testing/gfortranclang_12.2.0_14.0.0_mpiuni_g_develop/esmf/obj/objg/Darwin.gfortranclang.64.mpiuni.default/src/apps/ESMF_RegridWeightGen/ESMF_RegridWeightGen.o -lesmf -lpioc -lnetcdf -lnetcdff -lnetcdf -lnetcdf -lm -lc++ -lgfortran
ld: warning: ignoring duplicate libraries: '-lc++', '-lnetcdf'
tree_build_apps in: /Users/sacks/projects/scratch/esmf-testing/gfortranclang_12.2.0_14.0.0_mpiuni_g_develop/esmf/src/apps/ESMF_WebServController
/Applications/Xcode.app/Contents/Developer/usr/bin/make chkdir_locobj
Making directory /Users/sacks/projects/scratch/esmf-testing/gfortranclang_12.2.0_14.0.0_mpiuni_g_develop/esmf/obj/objg/Darwin.gfortranclang.64.mpiuni.default/src/apps/ESMF_WebServController for apps output
clang++ -c -std=c++11 -g -Wall -Wextra -Wno-unused  -fPIC -x c++ -mmacosx-version-min=10.7 -stdlib=libc++ -pthread -I/Users/sacks/projects/scratch/esmf-testing/gfortranclang_12.2.0_14.0.0_mpiuni_g_develop/esmf/src/apps/ESMF_WebServController -I/Users/sacks/projects/scratch/esmf-testing/gfortranclang_12.2.0_14.0.0_mpiuni_g_develop/esmf/src/apps/ESMF_WebServController/../include -I/Users/sacks/projects/scratch/esmf-testing/gfortranclang_12.2.0_14.0.0_mpiuni_g_develop/esmf/build_config/Darwin.gfortranclang.default -I/Users/sacks/projects/scratch/esmf-testing/gfortranclang_12.2.0_14.0.0_mpiuni_g_develop/esmf/src/Infrastructure -I/Users/sacks/projects/scratch/esmf-testing/gfortranclang_12.2.0_14.0.0_mpiuni_g_develop/esmf/src/Superstructure -I/Users/sacks/projects/scratch/esmf-testing/gfortranclang_12.2.0_14.0.0_mpiuni_g_develop/esmf/src/Infrastructure/stubs/pthread  -I/Users/sacks/projects/scratch/esmf-testing/gfortranclang_12.2.0_14.0.0_mpiuni_g_develop/esmf/src/include  -I/opt/homebrew/Cellar/netcdf/4.9.3/include -I/Users/sacks/projects/scratch/esmf-testing/gfortranclang_12.2.0_14.0.0_mpiuni_g_develop/esmf/src/prologue/yaml-cpp/include -DESMF_NO_INTEGER_1_BYTE -DESMF_NO_INTEGER_2_BYTE -DESMF_VERSION_STRING_GIT='"develop+g1082792c4b"' -DESMF_MPIUNI -I/Users/sacks/projects/scratch/esmf-testing/gfortranclang_12.2.0_14.0.0_mpiuni_g_develop/esmf/src/Infrastructure/stubs/mpiuni -DESMF_LOWERCASE_SINGLEUNDERSCORE -DESMF_MOAB=1 -DESMF_LAPACK=1 -DESMF_LAPACK_INTERNAL=1 -DESMF_NO_ACC_SOFTWARE_STACK=1 -DESMF_PIO=1 -DESMF_NETCDF=1 -DYAML=ESMF_YAML -DESMF_YAMLCPP=1 -DESMF_NO_OPENMP -DESMF_NO_OPENACC -DESMF_TESTEXHAUSTIVE -DESMF_BOPT_g -DESMF_TESTCOMPTUNNEL -DESMF_TESTWITHTHREADS -DS64=1 -DESMF_OS_Darwin=1 -DESMF_COMM=mpiuni -DESMF_DIR=/Users/sacks/projects/scratch/esmf-testing/gfortranclang_12.2.0_14.0.0_mpiuni_g_develop/esmf -D__SDIR__='"src/apps/ESMF_WebServController"' -DESMF_CXXSTD=11 ESMF_WebServController.C -o /Users/sacks/projects/scratch/esmf-testing/gfortranclang_12.2.0_14.0.0_mpiuni_g_develop/esmf/obj/objg/Darwin.gfortranclang.64.mpiuni.default/src/apps/ESMF_WebServController/ESMF_WebServController.o
ESMF_WebServController.C:69:4: warning: 'sprintf' is deprecated: This function is provided for compatibility reasons only.  Due to security concerns inherent in the design of sprintf(3), it is highly recommended that you use snprintf(3) instead. [-Wdeprecated-declarations]
   69 |    sprintf(datestr, "%s %d, %d @ %d:%02d:%02d %s",
      |    ^
/Applications/Xcode.app/Contents/Developer/Platforms/MacOSX.platform/Developer/SDKs/MacOSX.sdk/usr/include/_stdio.h:274:1: note: 'sprintf' has been explicitly marked deprecated here
  274 | __deprecated_msg("This function is provided for compatibility reasons only.  Due to security concerns inherent in the design of sprintf(3), it is highly recommended that you use snprintf(3) instead.")
      | ^
/Applications/Xcode.app/Contents/Developer/Platforms/MacOSX.platform/Developer/SDKs/MacOSX.sdk/usr/include/sys/cdefs.h:218:48: note: expanded from macro '__deprecated_msg'
  218 |         #define __deprecated_msg(_msg) __attribute__((__deprecated__(_msg)))
      |                                                       ^
1 warning generated.
/Applications/Xcode.app/Contents/Developer/usr/bin/make chkdir_apps
clang++    -pthread -L/Users/sacks/projects/scratch/esmf-testing/gfortranclang_12.2.0_14.0.0_mpiuni_g_develop/esmf/DEFAULTINSTALLDIR/lib/libg/Darwin.gfortranclang.64.mpiuni.default -L/opt/homebrew/Cellar/netcdf/4.9.3/lib -L/opt/homebrew/Cellar/netcdf-fortran/4.6.1_2/lib -L/opt/homebrew/Cellar/gcc/14.2.0_1/bin/../lib/gcc/current/gcc/aarch64-apple-darwin23/14/../../../ -Wl,-rpath,/Users/sacks/projects/scratch/esmf-testing/gfortranclang_12.2.0_14.0.0_mpiuni_g_develop/esmf/DEFAULTINSTALLDIR/lib/libg/Darwin.gfortranclang.64.mpiuni.default  -Wl,-rpath,/opt/homebrew/Cellar/netcdf/4.9.3/lib -Wl,-rpath,/opt/homebrew/Cellar/netcdf-fortran/4.6.1_2/lib -Wl,-rpath,/opt/homebrew/Cellar/gcc/14.2.0_1/bin/../lib/gcc/current/gcc/aarch64-apple-darwin23/14/../../../ -o /Users/sacks/projects/scratch/esmf-testing/gfortranclang_12.2.0_14.0.0_mpiuni_g_develop/esmf/DEFAULTINSTALLDIR/bin/bing/Darwin.gfortranclang.64.mpiuni.default/ESMF_WebServController /Users/sacks/projects/scratch/esmf-testing/gfortranclang_12.2.0_14.0.0_mpiuni_g_develop/esmf/obj/objg/Darwin.gfortranclang.64.mpiuni.default/src/apps/ESMF_WebServController/ESMF_WebServController.o -lesmf -lpioc -lnetcdf -lnetcdff -lnetcdf -lnetcdf -lgfortran
ld: warning: ignoring duplicate libraries: '-lnetcdf'
tree_build_apps in: /Users/sacks/projects/scratch/esmf-testing/gfortranclang_12.2.0_14.0.0_mpiuni_g_develop/esmf/src/apps/ESMF_Scrip2Unstruct
/Applications/Xcode.app/Contents/Developer/usr/bin/make chkdir_locobj
Making directory /Users/sacks/projects/scratch/esmf-testing/gfortranclang_12.2.0_14.0.0_mpiuni_g_develop/esmf/obj/objg/Darwin.gfortranclang.64.mpiuni.default/src/apps/ESMF_Scrip2Unstruct for apps output
clang++ -c -std=c++11 -g -Wall -Wextra -Wno-unused  -fPIC -x c++ -mmacosx-version-min=10.7 -stdlib=libc++ -pthread -I/Users/sacks/projects/scratch/esmf-testing/gfortranclang_12.2.0_14.0.0_mpiuni_g_develop/esmf/src/apps/ESMF_Scrip2Unstruct -I/Users/sacks/projects/scratch/esmf-testing/gfortranclang_12.2.0_14.0.0_mpiuni_g_develop/esmf/src/apps/ESMF_Scrip2Unstruct/../include -I/Users/sacks/projects/scratch/esmf-testing/gfortranclang_12.2.0_14.0.0_mpiuni_g_develop/esmf/build_config/Darwin.gfortranclang.default -I/Users/sacks/projects/scratch/esmf-testing/gfortranclang_12.2.0_14.0.0_mpiuni_g_develop/esmf/src/Infrastructure -I/Users/sacks/projects/scratch/esmf-testing/gfortranclang_12.2.0_14.0.0_mpiuni_g_develop/esmf/src/Superstructure -I/Users/sacks/projects/scratch/esmf-testing/gfortranclang_12.2.0_14.0.0_mpiuni_g_develop/esmf/src/Infrastructure/stubs/pthread  -I/Users/sacks/projects/scratch/esmf-testing/gfortranclang_12.2.0_14.0.0_mpiuni_g_develop/esmf/src/include  -I/opt/homebrew/Cellar/netcdf/4.9.3/include -I/Users/sacks/projects/scratch/esmf-testing/gfortranclang_12.2.0_14.0.0_mpiuni_g_develop/esmf/src/prologue/yaml-cpp/include -DESMF_NO_INTEGER_1_BYTE -DESMF_NO_INTEGER_2_BYTE -DESMF_VERSION_STRING_GIT='"develop+g1082792c4b"' -DESMF_MPIUNI -I/Users/sacks/projects/scratch/esmf-testing/gfortranclang_12.2.0_14.0.0_mpiuni_g_develop/esmf/src/Infrastructure/stubs/mpiuni -DESMF_LOWERCASE_SINGLEUNDERSCORE -DESMF_MOAB=1 -DESMF_LAPACK=1 -DESMF_LAPACK_INTERNAL=1 -DESMF_NO_ACC_SOFTWARE_STACK=1 -DESMF_PIO=1 -DESMF_NETCDF=1 -DYAML=ESMF_YAML -DESMF_YAMLCPP=1 -DESMF_NO_OPENMP -DESMF_NO_OPENACC -DESMF_TESTEXHAUSTIVE -DESMF_BOPT_g -DESMF_TESTCOMPTUNNEL -DESMF_TESTWITHTHREADS -DS64=1 -DESMF_OS_Darwin=1 -DESMF_COMM=mpiuni -DESMF_DIR=/Users/sacks/projects/scratch/esmf-testing/gfortranclang_12.2.0_14.0.0_mpiuni_g_develop/esmf -D__SDIR__='"src/apps/ESMF_Scrip2Unstruct"' -DESMF_CXXSTD=11 ESMF_Scrip2Unstruct.C -o /Users/sacks/projects/scratch/esmf-testing/gfortranclang_12.2.0_14.0.0_mpiuni_g_develop/esmf/obj/objg/Darwin.gfortranclang.64.mpiuni.default/src/apps/ESMF_Scrip2Unstruct/ESMF_Scrip2Unstruct.o
ESMF_Scrip2Unstruct.C:69:42: warning: unused parameter 'orig_grid_dims' [-Wunused-parameter]
   69 |                 int orig_grid_rank, int *orig_grid_dims)
      |                                          ^
ESMF_Scrip2Unstruct.C:581:14: warning: comparison of integers of different signs: 'int' and 'size_t' (aka 'unsigned long') [-Wsign-compare]
  581 |   for (i=0; i<len; i++) {
      |             ~^~~~
ESMF_Scrip2Unstruct.C:592:19: warning: comparison of integers of different signs: 'int' and 'size_t' (aka 'unsigned long') [-Wsign-compare]
  592 |     for (i = 0; i < gcdim*gsdim; i++) {
      |                 ~ ^ ~~~~~~~~~~~
ESMF_Scrip2Unstruct.C:598:17: warning: comparison of integers of different signs: 'int' and 'size_t' (aka 'unsigned long') [-Wsign-compare]
  598 |   for (i = 0; i < gcdim*gsdim; i++) {
      |               ~ ^ ~~~~~~~~~~~
ESMF_Scrip2Unstruct.C:666:14: warning: comparison of integers of different signs: 'int' and 'size_t' (aka 'unsigned long') [-Wsign-compare]
  666 |   for (i=0; i<gcdim*gsdim; i++) {
      |             ~^~~~~~~~~~~~
ESMF_Scrip2Unstruct.C:693:14: warning: comparison of integers of different signs: 'int' and 'size_t' (aka 'unsigned long') [-Wsign-compare]
  693 |   for (i=0; i<gsdim; i++) {
      |             ~^~~~~~
ESMF_Scrip2Unstruct.C:698:16: warning: comparison of integers of different signs: 'int' and 'size_t' (aka 'unsigned long') [-Wsign-compare]
  698 |     for (j=1; j<gcdim; j++) {
      |               ~^~~~~~
ESMF_Scrip2Unstruct.C:724:20: warning: comparison of integers of different signs: 'int' and 'size_t' (aka 'unsigned long') [-Wsign-compare]
  724 |     for (j=count; j<gcdim; j++) {
      |                   ~^~~~~~
ESMF_Scrip2Unstruct.C:838:15: warning: comparison of integers of different signs: 'int' and 'size_t' (aka 'unsigned long') [-Wsign-compare]
  838 |           for (i=0; i<len; i++) {
      |                     ~^~~~
ESMF_Scrip2Unstruct.C:849:17: warning: comparison of integers of different signs: 'int' and 'size_t' (aka 'unsigned long') [-Wsign-compare]
  849 |             for (i=0; i<gsdim; i++) {
      |                       ~^~~~~~
ESMF_Scrip2Unstruct.C:856:17: warning: comparison of integers of different signs: 'int' and 'size_t' (aka 'unsigned long') [-Wsign-compare]
  856 |             for (i=0; i<gsdim; i++) {
      |                       ~^~~~~~
ESMF_Scrip2Unstruct.C:869:17: warning: comparison of integers of different signs: 'int' and 'size_t' (aka 'unsigned long') [-Wsign-compare]
  869 |             for (i=0; i<gsdim; i++) {
      |                       ~^~~~~~
ESMF_Scrip2Unstruct.C:875:17: warning: comparison of integers of different signs: 'int' and 'size_t' (aka 'unsigned long') [-Wsign-compare]
  875 |             for (i=0; i<gsdim; i++) {
      |                       ~^~~~~~
ESMF_Scrip2Unstruct.C:946:16: warning: comparison of integers of different signs: 'int' and 'size_t' (aka 'unsigned long') [-Wsign-compare]
  946 |     for (i=0; i<gsdim; i++) {
      |               ~^~~~~~
ESMF_Scrip2Unstruct.C:957:16: warning: comparison of integers of different signs: 'int' and 'size_t' (aka 'unsigned long') [-Wsign-compare]
  957 |     for (i=0; i<gsdim; i++) {
      |               ~^~~~~~
ESMF_Scrip2Unstruct.C:967:16: warning: comparison of integers of different signs: 'int' and 'size_t' (aka 'unsigned long') [-Wsign-compare]
  967 |     for (i=0; i<len; i++) {
      |               ~^~~~
ESMF_Scrip2Unstruct.C:976:18: warning: comparison of integers of different signs: 'int' and 'size_t' (aka 'unsigned long') [-Wsign-compare]
  976 |       for (i=0; i<gsdim*2; i++) {
      |                 ~^~~~~~~~
ESMF_Scrip2Unstruct.C:992:20: warning: comparison of integers of different signs: 'int' and 'size_t' (aka 'unsigned long') [-Wsign-compare]
  992 |     for (i=0,k=0; i<gsdim; i++) {
      |                   ~^~~~~~
ESMF_Scrip2Unstruct.C:993:18: warning: comparison of integers of different signs: 'int' and 'size_t' (aka 'unsigned long') [-Wsign-compare]
  993 |       for (j=0; j<gcdim; j++,k++) {
      |                 ~^~~~~~
ESMF_Scrip2Unstruct.C:1082:17: warning: comparison of integers of different signs: 'int' and 'size_t' (aka 'unsigned long') [-Wsign-compare]
 1082 |             for (j=0; j<gsdim;j++) {
      |                       ~^~~~~~
ESMF_Scrip2Unstruct.C:1089:18: warning: comparison of integers of different signs: 'int' and 'size_t' (aka 'unsigned long') [-Wsign-compare]
 1089 |             for (j=0;  j<gsdim;j++) {
      |                        ~^~~~~~
21 warnings generated.
/Applications/Xcode.app/Contents/Developer/usr/bin/make chkdir_apps
clang++    -pthread -L/Users/sacks/projects/scratch/esmf-testing/gfortranclang_12.2.0_14.0.0_mpiuni_g_develop/esmf/DEFAULTINSTALLDIR/lib/libg/Darwin.gfortranclang.64.mpiuni.default -L/opt/homebrew/Cellar/netcdf/4.9.3/lib -L/opt/homebrew/Cellar/netcdf-fortran/4.6.1_2/lib -L/opt/homebrew/Cellar/gcc/14.2.0_1/bin/../lib/gcc/current/gcc/aarch64-apple-darwin23/14/../../../ -Wl,-rpath,/Users/sacks/projects/scratch/esmf-testing/gfortranclang_12.2.0_14.0.0_mpiuni_g_develop/esmf/DEFAULTINSTALLDIR/lib/libg/Darwin.gfortranclang.64.mpiuni.default  -Wl,-rpath,/opt/homebrew/Cellar/netcdf/4.9.3/lib -Wl,-rpath,/opt/homebrew/Cellar/netcdf-fortran/4.6.1_2/lib -Wl,-rpath,/opt/homebrew/Cellar/gcc/14.2.0_1/bin/../lib/gcc/current/gcc/aarch64-apple-darwin23/14/../../../ -o /Users/sacks/projects/scratch/esmf-testing/gfortranclang_12.2.0_14.0.0_mpiuni_g_develop/esmf/DEFAULTINSTALLDIR/bin/bing/Darwin.gfortranclang.64.mpiuni.default/ESMF_Scrip2Unstruct /Users/sacks/projects/scratch/esmf-testing/gfortranclang_12.2.0_14.0.0_mpiuni_g_develop/esmf/obj/objg/Darwin.gfortranclang.64.mpiuni.default/src/apps/ESMF_Scrip2Unstruct/ESMF_Scrip2Unstruct.o -lesmf -lpioc -lnetcdf -lnetcdff -lnetcdf -lnetcdf -lgfortran
ld: warning: ignoring duplicate libraries: '-lnetcdf'
tree_build_apps in: /Users/sacks/projects/scratch/esmf-testing/gfortranclang_12.2.0_14.0.0_mpiuni_g_develop/esmf/src/apps/ESMF_Regrid
/Applications/Xcode.app/Contents/Developer/usr/bin/make chkdir_locobj
Making directory /Users/sacks/projects/scratch/esmf-testing/gfortranclang_12.2.0_14.0.0_mpiuni_g_develop/esmf/obj/objg/Darwin.gfortranclang.64.mpiuni.default/src/apps/ESMF_Regrid for apps output
gfortran -c -g -Wall -Wextra -Wconversion -Wno-unused -Wno-unused-dummy-argument -fimplicit-none -fcheck=all,no-pointer  -fPIC  -pthread -frecursive -ffree-line-length-none -fno-backtrace -I/Users/sacks/projects/scratch/esmf-testing/gfortranclang_12.2.0_14.0.0_mpiuni_g_develop/esmf/src/apps/ESMF_Regrid -I/Users/sacks/projects/scratch/esmf-testing/gfortranclang_12.2.0_14.0.0_mpiuni_g_develop/esmf/build_config/Darwin.gfortranclang.default -I/Users/sacks/projects/scratch/esmf-testing/gfortranclang_12.2.0_14.0.0_mpiuni_g_develop/esmf/src/Infrastructure -I/Users/sacks/projects/scratch/esmf-testing/gfortranclang_12.2.0_14.0.0_mpiuni_g_develop/esmf/src/Superstructure -I/Users/sacks/projects/scratch/esmf-testing/gfortranclang_12.2.0_14.0.0_mpiuni_g_develop/esmf/DEFAULTINSTALLDIR/mod/modg/Darwin.gfortranclang.64.mpiuni.default -I/Users/sacks/projects/scratch/esmf-testing/gfortranclang_12.2.0_14.0.0_mpiuni_g_develop/esmf/src/include -I/opt/homebrew/Cellar/netcdf/4.9.3/include -I/opt/homebrew/Cellar/netcdf-fortran/4.6.1_2/include  -DESMF_NO_INTEGER_1_BYTE -DESMF_NO_INTEGER_2_BYTE -DESMF_VERSION_STRING_GIT='"develop+g1082792c4b"' -DESMF_MPIUNI -I/Users/sacks/projects/scratch/esmf-testing/gfortranclang_12.2.0_14.0.0_mpiuni_g_develop/esmf/src/Infrastructure/stubs/mpiuni -DESMF_LOWERCASE_SINGLEUNDERSCORE -DESMF_MOAB=1 -DESMF_LAPACK=1 -DESMF_LAPACK_INTERNAL=1 -DESMF_NO_ACC_SOFTWARE_STACK=1 -DESMF_PIO=1 -DESMF_NETCDF=1 -DYAML=ESMF_YAML -DESMF_YAMLCPP=1 -DESMF_NO_OPENMP -DESMF_NO_OPENACC -DESMF_TESTEXHAUSTIVE -DESMF_BOPT_g -DESMF_TESTCOMPTUNNEL -DESMF_TESTWITHTHREADS -DS64=1 -DESMF_OS_Darwin=1 -DESMF_COMM=mpiuni -DESMF_DIR=/Users/sacks/projects/scratch/esmf-testing/gfortranclang_12.2.0_14.0.0_mpiuni_g_develop/esmf ESMF_Regrid.F90 -o /Users/sacks/projects/scratch/esmf-testing/gfortranclang_12.2.0_14.0.0_mpiuni_g_develop/esmf/obj/objg/Darwin.gfortranclang.64.mpiuni.default/src/apps/ESMF_Regrid/ESMF_Regrid.o
/Applications/Xcode.app/Contents/Developer/usr/bin/make chkdir_apps
clang++     -pthread -L/Users/sacks/projects/scratch/esmf-testing/gfortranclang_12.2.0_14.0.0_mpiuni_g_develop/esmf/DEFAULTINSTALLDIR/lib/libg/Darwin.gfortranclang.64.mpiuni.default -L/opt/homebrew/Cellar/netcdf/4.9.3/lib -L/opt/homebrew/Cellar/netcdf-fortran/4.6.1_2/lib -L/opt/homebrew/Cellar/gcc/14.2.0_1/bin/../lib/gcc/current/gcc/aarch64-apple-darwin23/14/../../../ -L./ -Wl,-rpath,/Users/sacks/projects/scratch/esmf-testing/gfortranclang_12.2.0_14.0.0_mpiuni_g_develop/esmf/DEFAULTINSTALLDIR/lib/libg/Darwin.gfortranclang.64.mpiuni.default  -Wl,-rpath,/opt/homebrew/Cellar/netcdf/4.9.3/lib -Wl,-rpath,/opt/homebrew/Cellar/netcdf-fortran/4.6.1_2/lib -Wl,-rpath,/opt/homebrew/Cellar/gcc/14.2.0_1/bin/../lib/gcc/current/gcc/aarch64-apple-darwin23/14/../../../ -o /Users/sacks/projects/scratch/esmf-testing/gfortranclang_12.2.0_14.0.0_mpiuni_g_develop/esmf/DEFAULTINSTALLDIR/bin/bing/Darwin.gfortranclang.64.mpiuni.default/ESMF_Regrid /Users/sacks/projects/scratch/esmf-testing/gfortranclang_12.2.0_14.0.0_mpiuni_g_develop/esmf/obj/objg/Darwin.gfortranclang.64.mpiuni.default/src/apps/ESMF_Regrid/ESMF_Regrid.o -lesmf -lpioc -lnetcdf -lnetcdff -lnetcdf -lnetcdf -lm -lc++ -lgfortran
ld: warning: ignoring duplicate libraries: '-lc++', '-lnetcdf'
tree_build_apps in: /Users/sacks/projects/scratch/esmf-testing/gfortranclang_12.2.0_14.0.0_mpiuni_g_develop/esmf/src/apps/ESMX_Builder
/Applications/Xcode.app/Contents/Developer/usr/bin/make chkdir_apps
cp -f ESMX_Builder.sh /Users/sacks/projects/scratch/esmf-testing/gfortranclang_12.2.0_14.0.0_mpiuni_g_develop/esmf/DEFAULTINSTALLDIR/bin/bing/Darwin.gfortranclang.64.mpiuni.default/ESMX_Builder
ESMF apps built successfully.
mkdir -p /Users/sacks/projects/scratch/esmf-testing/gfortranclang_12.2.0_14.0.0_mpiuni_g_develop/esmf/DEFAULTINSTALLDIR/doc
/Applications/Xcode.app/Contents/Developer/usr/bin/make install_info_mk
/Applications/Xcode.app/Contents/Developer/usr/bin/make info_mk ESMF_APPSDIR=/Users/sacks/projects/scratch/esmf-testing/gfortranclang_12.2.0_14.0.0_mpiuni_g_develop/esmf/DEFAULTINSTALLDIR/bin/bing/Darwin.gfortranclang.64.mpiuni.default ESMF_LDIR=/Users/sacks/projects/scratch/esmf-testing/gfortranclang_12.2.0_14.0.0_mpiuni_g_develop/esmf/DEFAULTINSTALLDIR/lib/libg/Darwin.gfortranclang.64.mpiuni.default ESMF_LIBDIR=/Users/sacks/projects/scratch/esmf-testing/gfortranclang_12.2.0_14.0.0_mpiuni_g_develop/esmf/DEFAULTINSTALLDIR/lib/libg/Darwin.gfortranclang.64.mpiuni.default ESMF_ESMXDIR=/Users/sacks/projects/scratch/esmf-testing/gfortranclang_12.2.0_14.0.0_mpiuni_g_develop/esmf/DEFAULTINSTALLDIR/include/ESMX ESMF_CMAKEDIR=/Users/sacks/projects/scratch/esmf-testing/gfortranclang_12.2.0_14.0.0_mpiuni_g_develop/esmf/DEFAULTINSTALLDIR/cmake ESMF_MODDIR=/Users/sacks/projects/scratch/esmf-testing/gfortranclang_12.2.0_14.0.0_mpiuni_g_develop/esmf/DEFAULTINSTALLDIR/mod/modg/Darwin.gfortranclang.64.mpiuni.default ESMF_INCDIR=/Users/sacks/projects/scratch/esmf-testing/gfortranclang_12.2.0_14.0.0_mpiuni_g_develop/esmf/DEFAULTINSTALLDIR/include
/Users/sacks/projects/scratch/esmf-testing/gfortranclang_12.2.0_14.0.0_mpiuni_g_develop/esmf/cmake/generate_config.py --esmfmkfile=/Users/sacks/projects/scratch/esmf-testing/gfortranclang_12.2.0_14.0.0_mpiuni_g_develop/esmf/DEFAULTINSTALLDIR/lib/libg/Darwin.gfortranclang.64.mpiuni.default/esmf.mk --template=/Users/sacks/projects/scratch/esmf-testing/gfortranclang_12.2.0_14.0.0_mpiuni_g_develop/esmf/cmake/ESMFConfig.cmake.in --outputdir=/Users/sacks/projects/scratch/esmf-testing/gfortranclang_12.2.0_14.0.0_mpiuni_g_develop/esmf/DEFAULTINSTALLDIR/lib/libg/Darwin.gfortranclang.64.mpiuni.default/cmake/ESMF
Successfully generated config: /Users/sacks/projects/scratch/esmf-testing/gfortranclang_12.2.0_14.0.0_mpiuni_g_develop/esmf/DEFAULTINSTALLDIR/lib/libg/Darwin.gfortranclang.64.mpiuni.default/cmake/ESMF/ESMFConfig.cmake (MPI: FALSE, Imported Target: libesmf.dylib)
Successfully generated version handler: /Users/sacks/projects/scratch/esmf-testing/gfortranclang_12.2.0_14.0.0_mpiuni_g_develop/esmf/DEFAULTINSTALLDIR/lib/libg/Darwin.gfortranclang.64.mpiuni.default/cmake/ESMF/ESMFConfigVersion.cmake
 
ESMF installation complete.
 
