2026-05-18 02:58:31
 User Comp1 Register starting
 Registered Initialize, Run, and Finalize routines
 User Comp1 Register returning
  PASS  Example ESMF_WebServicesEx, ESMF_WebServicesEx.F90, line 227
 User Comp1 Register starting
 Registered Initialize, Run, and Finalize routines
 User Comp1 Register returning
  PASS  Example ESMF_WebServicesEx, ESMF_WebServicesEx.F90, line 227
 User Comp1 Register starting
 Registered Initialize, Run, and Finalize routines
 User Comp1 Register returning
  PASS  Example ESMF_WebServicesEx, ESMF_WebServicesEx.F90, line 227
 User Comp1 Register starting
 Registered Initialize, Run, and Finalize routines
 User Comp1 Register returning
  PASS  Example ESMF_WebServicesEx, ESMF_WebServicesEx.F90, line 227
[WARNING] yaksa: 10 leaked handle pool objects
 PASS: ESMF_WebServicesEx.F90
[WARNING] yaksa: 10 leaked handle pool objects
 PASS: ESMF_WebServicesEx.F90
[WARNING] yaksa: 10 leaked handle pool objects
 PASS: ESMF_WebServicesEx.F90
 PASS: ESMF_WebServicesEx.F90
[WARNING] yaksa: 10 leaked handle pool objects
