2026-05-15 02:58:36
 localSum=   12345.600000000009     
 localSum=   987.64800000000002     
 localSum=   3654.3119999999990     
  PASS  Example ESMF_ArrayLarrayEx, ESMF_ArrayLarrayEx.F90, line 325
 localSum=   12345.600000000009     
 localSum=   987.64800000000002     
 localSum=   3654.3119999999990     
  PASS  Example ESMF_ArrayLarrayEx, ESMF_ArrayLarrayEx.F90, line 325
 localSum=   12345.600000000009     
 localSum=   987.64800000000002     
 localSum=   3654.3119999999990     
  PASS  Example ESMF_ArrayLarrayEx, ESMF_ArrayLarrayEx.F90, line 325
 localSum=   12345.600000000009     
 localSum=   987.64800000000002     
 localSum=   3654.3119999999990     
  PASS  Example ESMF_ArrayLarrayEx, ESMF_ArrayLarrayEx.F90, line 325
[WARNING] yaksa: 10 leaked handle pool objects
 PASS: ESMF_ArrayLarrayEx.F90
[WARNING] yaksa: 10 leaked handle pool objects
 PASS: ESMF_ArrayLarrayEx.F90
[WARNING] yaksa: 10 leaked handle pool objects
 PASS: ESMF_ArrayLarrayEx.F90
[WARNING] yaksa: 10 leaked handle pool objects
 PASS: ESMF_ArrayLarrayEx.F90
