2026-07-19 05:59:43
20260719 062959.047 INFO             PET0 !!!!!!!!!!!!!!!!!!!!!!!!!!!!!!!!!!!!!!!!!!!!!!!!!!!!!!
20260719 062959.048 INFO             PET0 !!! THE ESMF_LOG IS SET TO OUTPUT ALL LOG MESSAGES !!!
20260719 062959.048 INFO             PET0 !!!     THIS MAY CAUSE SLOWDOWN IN PERFORMANCE     !!!
20260719 062959.048 INFO             PET0 !!! FOR PRODUCTION RUNS, USE:                      !!!
20260719 062959.048 INFO             PET0 !!!                   ESMF_LOGKIND_Multi_On_Error  !!!
20260719 062959.048 INFO             PET0 !!!!!!!!!!!!!!!!!!!!!!!!!!!!!!!!!!!!!!!!!!!!!!!!!!!!!!
20260719 062959.048 INFO             PET0 Running with ESMF Version   : develop+g5ee87db4bf
20260719 062959.048 INFO             PET0 ESMF library build date/time: "Jul 19 2026" "05:58:23"
20260719 062959.048 INFO             PET0 ESMF library build location : /usr/local/esmf/esmf-testing/gfortran_14.2.0_mpich_g_develop/esmf
20260719 062959.048 INFO             PET0 ESMF_COMM                   : mpich
20260719 062959.049 INFO             PET0 ESMF_MOAB                   : enabled
20260719 062959.049 INFO             PET0 ESMF_LAPACK                 : enabled
20260719 062959.049 INFO             PET0 ESMF_NETCDF                 : enabled
20260719 062959.049 INFO             PET0 ESMF_PNETCDF                : disabled
20260719 062959.049 INFO             PET0 ESMF_PIO                    : enabled
20260719 062959.049 INFO             PET0 ESMF_YAMLCPP                : enabled
20260719 062959.054 INFO             PET0  NUMBER_OF_PROCESSORS           2
20260719 062959.054 INFO             PET0  PASS  Example ESMF_VMUserMpiCommEx, ESMF_VMUserMpiCommEx.F90, line 113
20260719 062959.054 INFO             PET0  Finalizing ESMF with endflag==ESMF_END_KEEPMPI
20260719 062959.047 INFO             PET1 !!!!!!!!!!!!!!!!!!!!!!!!!!!!!!!!!!!!!!!!!!!!!!!!!!!!!!
20260719 062959.052 INFO             PET1 !!! THE ESMF_LOG IS SET TO OUTPUT ALL LOG MESSAGES !!!
20260719 062959.052 INFO             PET1 !!!     THIS MAY CAUSE SLOWDOWN IN PERFORMANCE     !!!
20260719 062959.052 INFO             PET1 !!! FOR PRODUCTION RUNS, USE:                      !!!
20260719 062959.052 INFO             PET1 !!!                   ESMF_LOGKIND_Multi_On_Error  !!!
20260719 062959.052 INFO             PET1 !!!!!!!!!!!!!!!!!!!!!!!!!!!!!!!!!!!!!!!!!!!!!!!!!!!!!!
20260719 062959.052 INFO             PET1 Running with ESMF Version   : develop+g5ee87db4bf
20260719 062959.052 INFO             PET1 ESMF library build date/time: "Jul 19 2026" "05:58:23"
20260719 062959.052 INFO             PET1 ESMF library build location : /usr/local/esmf/esmf-testing/gfortran_14.2.0_mpich_g_develop/esmf
20260719 062959.052 INFO             PET1 ESMF_COMM                   : mpich
20260719 062959.052 INFO             PET1 ESMF_MOAB                   : enabled
20260719 062959.052 INFO             PET1 ESMF_LAPACK                 : enabled
20260719 062959.052 INFO             PET1 ESMF_NETCDF                 : enabled
20260719 062959.052 INFO             PET1 ESMF_PNETCDF                : disabled
20260719 062959.052 INFO             PET1 ESMF_PIO                    : enabled
20260719 062959.052 INFO             PET1 ESMF_YAMLCPP                : enabled
20260719 062959.054 INFO             PET1  NUMBER_OF_PROCESSORS           2
20260719 062959.054 INFO             PET1  PASS  Example ESMF_VMUserMpiCommEx, ESMF_VMUserMpiCommEx.F90, line 113
20260719 062959.054 INFO             PET1  Finalizing ESMF with endflag==ESMF_END_KEEPMPI
