2026-05-12 02:57:19
20260512 032520.794 INFO             PET0 !!!!!!!!!!!!!!!!!!!!!!!!!!!!!!!!!!!!!!!!!!!!!!!!!!!!!!
20260512 032520.794 INFO             PET0 !!! THE ESMF_LOG IS SET TO OUTPUT ALL LOG MESSAGES !!!
20260512 032520.794 INFO             PET0 !!!     THIS MAY CAUSE SLOWDOWN IN PERFORMANCE     !!!
20260512 032520.794 INFO             PET0 !!! FOR PRODUCTION RUNS, USE:                      !!!
20260512 032520.794 INFO             PET0 !!!                   ESMF_LOGKIND_Multi_On_Error  !!!
20260512 032520.794 INFO             PET0 !!!!!!!!!!!!!!!!!!!!!!!!!!!!!!!!!!!!!!!!!!!!!!!!!!!!!!
20260512 032520.794 INFO             PET0 Running with ESMF Version   : v9.0.0b13
20260512 032520.794 INFO             PET0 ESMF library build date/time: "May 12 2026" "02:56:09"
20260512 032520.794 INFO             PET0 ESMF library build location : /usr/local/esmf/esmf-testing/gfortran_14.2.0_mpich_g_develop/esmf
20260512 032520.794 INFO             PET0 ESMF_COMM                   : mpich
20260512 032520.794 INFO             PET0 ESMF_MOAB                   : enabled
20260512 032520.794 INFO             PET0 ESMF_LAPACK                 : enabled
20260512 032520.794 INFO             PET0 ESMF_NETCDF                 : enabled
20260512 032520.794 INFO             PET0 ESMF_PNETCDF                : disabled
20260512 032520.794 INFO             PET0 ESMF_PIO                    : enabled
20260512 032520.794 INFO             PET0 ESMF_YAMLCPP                : enabled
20260512 032520.795 INFO             PET0  NUMBER_OF_PROCESSORS           1
20260512 032520.795 INFO             PET0  PASS  Example ESMF_ClockEx, ESMF_ClockEx.F90, line 220
20260512 032520.795 INFO             PET0  Finalizing ESMF
