2026-08-27 01:36:05
20260827 020624.488 INFO             PET0 !!!!!!!!!!!!!!!!!!!!!!!!!!!!!!!!!!!!!!!!!!!!!!!!!!!!!!
20260827 020624.489 INFO             PET0 !!! THE ESMF_LOG IS SET TO OUTPUT ALL LOG MESSAGES !!!
20260827 020624.489 INFO             PET0 !!!     THIS MAY CAUSE SLOWDOWN IN PERFORMANCE     !!!
20260827 020624.489 INFO             PET0 !!! FOR PRODUCTION RUNS, USE:                      !!!
20260827 020624.489 INFO             PET0 !!!                   ESMF_LOGKIND_Multi_On_Error  !!!
20260827 020624.489 INFO             PET0 !!!!!!!!!!!!!!!!!!!!!!!!!!!!!!!!!!!!!!!!!!!!!!!!!!!!!!
20260827 020624.489 INFO             PET0 Running with ESMF Version   : develop+g1082792c4b
20260827 020624.489 INFO             PET0 ESMF library build date/time: "Aug 27 2026" "01:34:32"
20260827 020624.489 INFO             PET0 ESMF library build location : /usr/local/esmf/esmf-testing/gfortranclang_14.2.0_17.0.0_mpich_O_develop/esmf
20260827 020624.489 INFO             PET0 ESMF_COMM                   : mpich
20260827 020624.489 INFO             PET0 ESMF_MOAB                   : enabled
20260827 020624.489 INFO             PET0 ESMF_LAPACK                 : enabled
20260827 020624.489 INFO             PET0 ESMF_NETCDF                 : enabled
20260827 020624.489 INFO             PET0 ESMF_PNETCDF                : disabled
20260827 020624.489 INFO             PET0 ESMF_PIO                    : enabled
20260827 020624.489 INFO             PET0 ESMF_YAMLCPP                : enabled
20260827 020624.489 INFO             PET0  NUMBER_OF_PROCESSORS           1
20260827 020624.489 INFO             PET0  PASS  Example CalendarEx, ESMF_CalendarEx.F90, line 217
20260827 020624.489 INFO             PET0  Finalizing ESMF
