2026-07-08 00:17:09
20260708 004056.363 INFO             PET0 !!!!!!!!!!!!!!!!!!!!!!!!!!!!!!!!!!!!!!!!!!!!!!!!!!!!!!
20260708 004056.364 INFO             PET0 !!! THE ESMF_LOG IS SET TO OUTPUT ALL LOG MESSAGES !!!
20260708 004056.364 INFO             PET0 !!!     THIS MAY CAUSE SLOWDOWN IN PERFORMANCE     !!!
20260708 004056.364 INFO             PET0 !!! FOR PRODUCTION RUNS, USE:                      !!!
20260708 004056.364 INFO             PET0 !!!                   ESMF_LOGKIND_Multi_On_Error  !!!
20260708 004056.364 INFO             PET0 !!!!!!!!!!!!!!!!!!!!!!!!!!!!!!!!!!!!!!!!!!!!!!!!!!!!!!
20260708 004056.364 INFO             PET0 Running with ESMF Version   : v9.0.0b16
20260708 004056.364 INFO             PET0 ESMF library build date/time: "Jul  8 2026" "00:16:00"
20260708 004056.364 INFO             PET0 ESMF library build location : /usr/local/esmf/esmf-testing/gfortranclang_14.2.0_17.0.0_mpich_O_develop/esmf
20260708 004056.364 INFO             PET0 ESMF_COMM                   : mpich
20260708 004056.364 INFO             PET0 ESMF_MOAB                   : enabled
20260708 004056.364 INFO             PET0 ESMF_LAPACK                 : enabled
20260708 004056.364 INFO             PET0 ESMF_NETCDF                 : enabled
20260708 004056.364 INFO             PET0 ESMF_PNETCDF                : disabled
20260708 004056.364 INFO             PET0 ESMF_PIO                    : enabled
20260708 004056.364 INFO             PET0 ESMF_YAMLCPP                : enabled
20260708 004056.368 INFO             PET0  NUMBER_OF_PROCESSORS           4
20260708 004056.368 INFO             PET0  PASS  Example ESMF_ArrayScatterGatherArbEx, ESMF_ArrayScatterGatherArbEx.F90, line 313
20260708 004056.368 INFO             PET0  Finalizing ESMF
20260708 004056.363 INFO             PET1 !!!!!!!!!!!!!!!!!!!!!!!!!!!!!!!!!!!!!!!!!!!!!!!!!!!!!!
20260708 004056.364 INFO             PET1 !!! THE ESMF_LOG IS SET TO OUTPUT ALL LOG MESSAGES !!!
20260708 004056.364 INFO             PET1 !!!     THIS MAY CAUSE SLOWDOWN IN PERFORMANCE     !!!
20260708 004056.364 INFO             PET1 !!! FOR PRODUCTION RUNS, USE:                      !!!
20260708 004056.364 INFO             PET1 !!!                   ESMF_LOGKIND_Multi_On_Error  !!!
20260708 004056.364 INFO             PET1 !!!!!!!!!!!!!!!!!!!!!!!!!!!!!!!!!!!!!!!!!!!!!!!!!!!!!!
20260708 004056.364 INFO             PET1 Running with ESMF Version   : v9.0.0b16
20260708 004056.364 INFO             PET1 ESMF library build date/time: "Jul  8 2026" "00:16:00"
20260708 004056.364 INFO             PET1 ESMF library build location : /usr/local/esmf/esmf-testing/gfortranclang_14.2.0_17.0.0_mpich_O_develop/esmf
20260708 004056.364 INFO             PET1 ESMF_COMM                   : mpich
20260708 004056.364 INFO             PET1 ESMF_MOAB                   : enabled
20260708 004056.364 INFO             PET1 ESMF_LAPACK                 : enabled
20260708 004056.364 INFO             PET1 ESMF_NETCDF                 : enabled
20260708 004056.364 INFO             PET1 ESMF_PNETCDF                : disabled
20260708 004056.364 INFO             PET1 ESMF_PIO                    : enabled
20260708 004056.364 INFO             PET1 ESMF_YAMLCPP                : enabled
20260708 004056.368 INFO             PET1  NUMBER_OF_PROCESSORS           4
20260708 004056.368 INFO             PET1  PASS  Example ESMF_ArrayScatterGatherArbEx, ESMF_ArrayScatterGatherArbEx.F90, line 313
20260708 004056.368 INFO             PET1  Finalizing ESMF
20260708 004056.363 INFO             PET2 !!!!!!!!!!!!!!!!!!!!!!!!!!!!!!!!!!!!!!!!!!!!!!!!!!!!!!
20260708 004056.365 INFO             PET2 !!! THE ESMF_LOG IS SET TO OUTPUT ALL LOG MESSAGES !!!
20260708 004056.365 INFO             PET2 !!!     THIS MAY CAUSE SLOWDOWN IN PERFORMANCE     !!!
20260708 004056.365 INFO             PET2 !!! FOR PRODUCTION RUNS, USE:                      !!!
20260708 004056.365 INFO             PET2 !!!                   ESMF_LOGKIND_Multi_On_Error  !!!
20260708 004056.365 INFO             PET2 !!!!!!!!!!!!!!!!!!!!!!!!!!!!!!!!!!!!!!!!!!!!!!!!!!!!!!
20260708 004056.365 INFO             PET2 Running with ESMF Version   : v9.0.0b16
20260708 004056.365 INFO             PET2 ESMF library build date/time: "Jul  8 2026" "00:16:00"
20260708 004056.365 INFO             PET2 ESMF library build location : /usr/local/esmf/esmf-testing/gfortranclang_14.2.0_17.0.0_mpich_O_develop/esmf
20260708 004056.365 INFO             PET2 ESMF_COMM                   : mpich
20260708 004056.366 INFO             PET2 ESMF_MOAB                   : enabled
20260708 004056.366 INFO             PET2 ESMF_LAPACK                 : enabled
20260708 004056.366 INFO             PET2 ESMF_NETCDF                 : enabled
20260708 004056.366 INFO             PET2 ESMF_PNETCDF                : disabled
20260708 004056.366 INFO             PET2 ESMF_PIO                    : enabled
20260708 004056.366 INFO             PET2 ESMF_YAMLCPP                : enabled
20260708 004056.368 INFO             PET2  NUMBER_OF_PROCESSORS           4
20260708 004056.368 INFO             PET2  PASS  Example ESMF_ArrayScatterGatherArbEx, ESMF_ArrayScatterGatherArbEx.F90, line 313
20260708 004056.368 INFO             PET2  Finalizing ESMF
20260708 004056.363 INFO             PET3 !!!!!!!!!!!!!!!!!!!!!!!!!!!!!!!!!!!!!!!!!!!!!!!!!!!!!!
20260708 004056.365 INFO             PET3 !!! THE ESMF_LOG IS SET TO OUTPUT ALL LOG MESSAGES !!!
20260708 004056.365 INFO             PET3 !!!     THIS MAY CAUSE SLOWDOWN IN PERFORMANCE     !!!
20260708 004056.365 INFO             PET3 !!! FOR PRODUCTION RUNS, USE:                      !!!
20260708 004056.365 INFO             PET3 !!!                   ESMF_LOGKIND_Multi_On_Error  !!!
20260708 004056.365 INFO             PET3 !!!!!!!!!!!!!!!!!!!!!!!!!!!!!!!!!!!!!!!!!!!!!!!!!!!!!!
20260708 004056.365 INFO             PET3 Running with ESMF Version   : v9.0.0b16
20260708 004056.365 INFO             PET3 ESMF library build date/time: "Jul  8 2026" "00:16:00"
20260708 004056.365 INFO             PET3 ESMF library build location : /usr/local/esmf/esmf-testing/gfortranclang_14.2.0_17.0.0_mpich_O_develop/esmf
20260708 004056.365 INFO             PET3 ESMF_COMM                   : mpich
20260708 004056.365 INFO             PET3 ESMF_MOAB                   : enabled
20260708 004056.365 INFO             PET3 ESMF_LAPACK                 : enabled
20260708 004056.365 INFO             PET3 ESMF_NETCDF                 : enabled
20260708 004056.365 INFO             PET3 ESMF_PNETCDF                : disabled
20260708 004056.365 INFO             PET3 ESMF_PIO                    : enabled
20260708 004056.365 INFO             PET3 ESMF_YAMLCPP                : enabled
20260708 004056.368 INFO             PET3  NUMBER_OF_PROCESSORS           4
20260708 004056.368 INFO             PET3  PASS  Example ESMF_ArrayScatterGatherArbEx, ESMF_ArrayScatterGatherArbEx.F90, line 313
20260708 004056.368 INFO             PET3  Finalizing ESMF
