2026-07-27 20:47:05
20260727 211150.030 INFO             PET0 !!!!!!!!!!!!!!!!!!!!!!!!!!!!!!!!!!!!!!!!!!!!!!!!!!!!!!
20260727 211150.030 INFO             PET0 !!! THE ESMF_LOG IS SET TO OUTPUT ALL LOG MESSAGES !!!
20260727 211150.030 INFO             PET0 !!!     THIS MAY CAUSE SLOWDOWN IN PERFORMANCE     !!!
20260727 211150.030 INFO             PET0 !!! FOR PRODUCTION RUNS, USE:                      !!!
20260727 211150.030 INFO             PET0 !!!                   ESMF_LOGKIND_Multi_On_Error  !!!
20260727 211150.030 INFO             PET0 !!!!!!!!!!!!!!!!!!!!!!!!!!!!!!!!!!!!!!!!!!!!!!!!!!!!!!
20260727 211150.030 INFO             PET0 Running with ESMF Version   : develop+g6f2cfc7ce0
20260727 211150.030 INFO             PET0 ESMF library build date/time: "Jul 27 2026" "20:45:54"
20260727 211150.030 INFO             PET0 ESMF library build location : /usr/local/esmf/esmf-testing/nagclang_7.2.44_17.0.0_openmpi_g_develop/esmf
20260727 211150.030 INFO             PET0 ESMF_COMM                   : openmpi
20260727 211150.030 INFO             PET0 ESMF_MOAB                   : enabled
20260727 211150.030 INFO             PET0 ESMF_LAPACK                 : enabled
20260727 211150.030 INFO             PET0 ESMF_NETCDF                 : enabled
20260727 211150.030 INFO             PET0 ESMF_PNETCDF                : disabled
20260727 211150.030 INFO             PET0 ESMF_PIO                    : enabled
20260727 211150.030 INFO             PET0 ESMF_YAMLCPP                : enabled
20260727 211150.033 INFO             PET0 =============================================
20260727 211150.033 INFO             PET0 ESMX (Earth System Model eXecutable) STARTING
20260727 211150.033 INFO             PET0 =============================================
20260727 211150.040 DEBUG            PET0 Generic SetVM() is executing for: ESMX_Driver
20260727 211150.040 DEBUG            PET0 Generic SetVM() found no NUOPC Hint for: ESMX_Driver
20260727 211150.040 DEBUG            PET0 Generic SetVM() therefore is NOT calling ESMF_GridCompSetVMMaxPEs() for: ESMX_Driver
20260727 211150.048 INFO             PET0 =============================================
20260727 211150.048 INFO             PET0 ESMX (Earth System Model eXecutable) FINISHED
20260727 211150.048 INFO             PET0 =============================================
20260727 211150.048 INFO             PET0  Finalizing ESMF
20260727 211150.031 INFO             PET1 !!!!!!!!!!!!!!!!!!!!!!!!!!!!!!!!!!!!!!!!!!!!!!!!!!!!!!
20260727 211150.031 INFO             PET1 !!! THE ESMF_LOG IS SET TO OUTPUT ALL LOG MESSAGES !!!
20260727 211150.031 INFO             PET1 !!!     THIS MAY CAUSE SLOWDOWN IN PERFORMANCE     !!!
20260727 211150.031 INFO             PET1 !!! FOR PRODUCTION RUNS, USE:                      !!!
20260727 211150.031 INFO             PET1 !!!                   ESMF_LOGKIND_Multi_On_Error  !!!
20260727 211150.031 INFO             PET1 !!!!!!!!!!!!!!!!!!!!!!!!!!!!!!!!!!!!!!!!!!!!!!!!!!!!!!
20260727 211150.031 INFO             PET1 Running with ESMF Version   : develop+g6f2cfc7ce0
20260727 211150.031 INFO             PET1 ESMF library build date/time: "Jul 27 2026" "20:45:54"
20260727 211150.031 INFO             PET1 ESMF library build location : /usr/local/esmf/esmf-testing/nagclang_7.2.44_17.0.0_openmpi_g_develop/esmf
20260727 211150.031 INFO             PET1 ESMF_COMM                   : openmpi
20260727 211150.031 INFO             PET1 ESMF_MOAB                   : enabled
20260727 211150.031 INFO             PET1 ESMF_LAPACK                 : enabled
20260727 211150.031 INFO             PET1 ESMF_NETCDF                 : enabled
20260727 211150.031 INFO             PET1 ESMF_PNETCDF                : disabled
20260727 211150.031 INFO             PET1 ESMF_PIO                    : enabled
20260727 211150.031 INFO             PET1 ESMF_YAMLCPP                : enabled
20260727 211150.034 INFO             PET1 =============================================
20260727 211150.034 INFO             PET1 ESMX (Earth System Model eXecutable) STARTING
20260727 211150.034 INFO             PET1 =============================================
20260727 211150.037 DEBUG            PET1 Generic SetVM() is executing for: ESMX_Driver
20260727 211150.037 DEBUG            PET1 Generic SetVM() found no NUOPC Hint for: ESMX_Driver
20260727 211150.037 DEBUG            PET1 Generic SetVM() therefore is NOT calling ESMF_GridCompSetVMMaxPEs() for: ESMX_Driver
20260727 211150.048 INFO             PET1 =============================================
20260727 211150.048 INFO             PET1 ESMX (Earth System Model eXecutable) FINISHED
20260727 211150.048 INFO             PET1 =============================================
20260727 211150.048 INFO             PET1  Finalizing ESMF
20260727 211150.030 INFO             PET2 !!!!!!!!!!!!!!!!!!!!!!!!!!!!!!!!!!!!!!!!!!!!!!!!!!!!!!
20260727 211150.030 INFO             PET2 !!! THE ESMF_LOG IS SET TO OUTPUT ALL LOG MESSAGES !!!
20260727 211150.030 INFO             PET2 !!!     THIS MAY CAUSE SLOWDOWN IN PERFORMANCE     !!!
20260727 211150.030 INFO             PET2 !!! FOR PRODUCTION RUNS, USE:                      !!!
20260727 211150.030 INFO             PET2 !!!                   ESMF_LOGKIND_Multi_On_Error  !!!
20260727 211150.030 INFO             PET2 !!!!!!!!!!!!!!!!!!!!!!!!!!!!!!!!!!!!!!!!!!!!!!!!!!!!!!
20260727 211150.030 INFO             PET2 Running with ESMF Version   : develop+g6f2cfc7ce0
20260727 211150.030 INFO             PET2 ESMF library build date/time: "Jul 27 2026" "20:45:54"
20260727 211150.030 INFO             PET2 ESMF library build location : /usr/local/esmf/esmf-testing/nagclang_7.2.44_17.0.0_openmpi_g_develop/esmf
20260727 211150.030 INFO             PET2 ESMF_COMM                   : openmpi
20260727 211150.030 INFO             PET2 ESMF_MOAB                   : enabled
20260727 211150.030 INFO             PET2 ESMF_LAPACK                 : enabled
20260727 211150.030 INFO             PET2 ESMF_NETCDF                 : enabled
20260727 211150.030 INFO             PET2 ESMF_PNETCDF                : disabled
20260727 211150.030 INFO             PET2 ESMF_PIO                    : enabled
20260727 211150.030 INFO             PET2 ESMF_YAMLCPP                : enabled
20260727 211150.033 INFO             PET2 =============================================
20260727 211150.033 INFO             PET2 ESMX (Earth System Model eXecutable) STARTING
20260727 211150.033 INFO             PET2 =============================================
20260727 211150.037 DEBUG            PET2 Generic SetVM() is executing for: ESMX_Driver
20260727 211150.037 DEBUG            PET2 Generic SetVM() found no NUOPC Hint for: ESMX_Driver
20260727 211150.037 DEBUG            PET2 Generic SetVM() therefore is NOT calling ESMF_GridCompSetVMMaxPEs() for: ESMX_Driver
20260727 211150.048 INFO             PET2 =============================================
20260727 211150.048 INFO             PET2 ESMX (Earth System Model eXecutable) FINISHED
20260727 211150.048 INFO             PET2 =============================================
20260727 211150.048 INFO             PET2  Finalizing ESMF
20260727 211150.030 INFO             PET3 !!!!!!!!!!!!!!!!!!!!!!!!!!!!!!!!!!!!!!!!!!!!!!!!!!!!!!
20260727 211150.030 INFO             PET3 !!! THE ESMF_LOG IS SET TO OUTPUT ALL LOG MESSAGES !!!
20260727 211150.030 INFO             PET3 !!!     THIS MAY CAUSE SLOWDOWN IN PERFORMANCE     !!!
20260727 211150.030 INFO             PET3 !!! FOR PRODUCTION RUNS, USE:                      !!!
20260727 211150.030 INFO             PET3 !!!                   ESMF_LOGKIND_Multi_On_Error  !!!
20260727 211150.030 INFO             PET3 !!!!!!!!!!!!!!!!!!!!!!!!!!!!!!!!!!!!!!!!!!!!!!!!!!!!!!
20260727 211150.030 INFO             PET3 Running with ESMF Version   : develop+g6f2cfc7ce0
20260727 211150.030 INFO             PET3 ESMF library build date/time: "Jul 27 2026" "20:45:54"
20260727 211150.030 INFO             PET3 ESMF library build location : /usr/local/esmf/esmf-testing/nagclang_7.2.44_17.0.0_openmpi_g_develop/esmf
20260727 211150.030 INFO             PET3 ESMF_COMM                   : openmpi
20260727 211150.030 INFO             PET3 ESMF_MOAB                   : enabled
20260727 211150.030 INFO             PET3 ESMF_LAPACK                 : enabled
20260727 211150.030 INFO             PET3 ESMF_NETCDF                 : enabled
20260727 211150.030 INFO             PET3 ESMF_PNETCDF                : disabled
20260727 211150.030 INFO             PET3 ESMF_PIO                    : enabled
20260727 211150.030 INFO             PET3 ESMF_YAMLCPP                : enabled
20260727 211150.033 INFO             PET3 =============================================
20260727 211150.033 INFO             PET3 ESMX (Earth System Model eXecutable) STARTING
20260727 211150.033 INFO             PET3 =============================================
20260727 211150.037 DEBUG            PET3 Generic SetVM() is executing for: ESMX_Driver
20260727 211150.037 DEBUG            PET3 Generic SetVM() found no NUOPC Hint for: ESMX_Driver
20260727 211150.037 DEBUG            PET3 Generic SetVM() therefore is NOT calling ESMF_GridCompSetVMMaxPEs() for: ESMX_Driver
20260727 211150.049 INFO             PET3 =============================================
20260727 211150.049 INFO             PET3 ESMX (Earth System Model eXecutable) FINISHED
20260727 211150.049 INFO             PET3 =============================================
20260727 211150.049 INFO             PET3  Finalizing ESMF
