2026-06-10 15:51:57
20260610 161016.986 INFO             PET0 !!!!!!!!!!!!!!!!!!!!!!!!!!!!!!!!!!!!!!!!!!!!!!!!!!!!!!
20260610 161016.986 INFO             PET0 !!! THE ESMF_LOG IS SET TO OUTPUT ALL LOG MESSAGES !!!
20260610 161016.986 INFO             PET0 !!!     THIS MAY CAUSE SLOWDOWN IN PERFORMANCE     !!!
20260610 161016.986 INFO             PET0 !!! FOR PRODUCTION RUNS, USE:                      !!!
20260610 161016.986 INFO             PET0 !!!                   ESMF_LOGKIND_Multi_On_Error  !!!
20260610 161016.986 INFO             PET0 !!!!!!!!!!!!!!!!!!!!!!!!!!!!!!!!!!!!!!!!!!!!!!!!!!!!!!
20260610 161016.986 INFO             PET0 Running with ESMF Version   : develop+ge382cba19b
20260610 161016.986 INFO             PET0 ESMF library build date/time: "Jun 10 2026" "15:50:46"
20260610 161016.986 INFO             PET0 ESMF library build location : /tmp/intel_2025.0.0_mpiuni_O_develop/esmf
20260610 161016.986 INFO             PET0 ESMF_COMM                   : mpiuni
20260610 161016.986 INFO             PET0 ESMF_MOAB                   : enabled
20260610 161016.986 INFO             PET0 ESMF_LAPACK                 : enabled
20260610 161016.986 INFO             PET0 ESMF_NETCDF                 : enabled
20260610 161016.986 INFO             PET0 ESMF_PNETCDF                : disabled
20260610 161016.986 INFO             PET0 ESMF_PIO                    : enabled
20260610 161016.986 INFO             PET0 ESMF_YAMLCPP                : enabled
20260610 161016.986 INFO             PET0 ESMF Tracing Enabled
20260610 161016.986 INFO             PET0 ESMF Profiling Enabled
20260610 161016.986 INFO             PET0 ESMF Trace/Profile clock: REALTIME
20260610 161016.987 INFO             PET0  NUMBER_OF_PROCESSORS           1
20260610 161016.987 INFO             PET0  PASS  Example ESMF_TraceEx, ESMF_TraceEx.F90, line 178
20260610 161016.987 INFO             PET0  Finalizing ESMF
20260610 161016.987 INFO             PET0 **************** Region Timings *******************
20260610 161016.987 INFO             PET0 Region              Count  Total (s)   Self (s)    Mean (s)    Min (s)     Max (s)
20260610 161016.987 INFO             PET0   [ESMF]            1      0.0006      0.0006      0.0006      0.0006      0.0006
20260610 161016.987 INFO             PET0     [test] Run 1    5      0.0000      0.0000      0.0000      0.0000      0.0000
20260610 161016.987 INFO             PET0     [test] Init 1   1      0.0000      0.0000      0.0000      0.0000      0.0000
20260610 161016.987 INFO             PET0     [test] Final 1  1      0.0000      0.0000      0.0000      0.0000      0.0000
