2026-06-24 03:47:56
20260624 040652.570 INFO             PET0 !!!!!!!!!!!!!!!!!!!!!!!!!!!!!!!!!!!!!!!!!!!!!!!!!!!!!!
20260624 040652.570 INFO             PET0 !!! THE ESMF_LOG IS SET TO OUTPUT ALL LOG MESSAGES !!!
20260624 040652.570 INFO             PET0 !!!     THIS MAY CAUSE SLOWDOWN IN PERFORMANCE     !!!
20260624 040652.570 INFO             PET0 !!! FOR PRODUCTION RUNS, USE:                      !!!
20260624 040652.570 INFO             PET0 !!!                   ESMF_LOGKIND_Multi_On_Error  !!!
20260624 040652.570 INFO             PET0 !!!!!!!!!!!!!!!!!!!!!!!!!!!!!!!!!!!!!!!!!!!!!!!!!!!!!!
20260624 040652.570 INFO             PET0 Running with ESMF Version   : develop+g380c18cfa6
20260624 040652.570 INFO             PET0 ESMF library build date/time: "Jun 24 2026" "03:46:46"
20260624 040652.570 INFO             PET0 ESMF library build location : /tmp/intel_2025.0.0_mpiuni_O_develop/esmf
20260624 040652.570 INFO             PET0 ESMF_COMM                   : mpiuni
20260624 040652.570 INFO             PET0 ESMF_MOAB                   : enabled
20260624 040652.570 INFO             PET0 ESMF_LAPACK                 : enabled
20260624 040652.570 INFO             PET0 ESMF_NETCDF                 : enabled
20260624 040652.570 INFO             PET0 ESMF_PNETCDF                : disabled
20260624 040652.570 INFO             PET0 ESMF_PIO                    : enabled
20260624 040652.570 INFO             PET0 ESMF_YAMLCPP                : enabled
20260624 040652.573 INFO             PET0  NUMBER_OF_PROCESSORS           1
20260624 040652.573 INFO             PET0  PASS  Example ESMF_GCompEx, ESMF_GCompEx.F90, line 465
20260624 040652.573 INFO             PET0  Finalizing ESMF
