2026-05-06 03:47:23
20260506 040546.311 INFO             PET0 !!!!!!!!!!!!!!!!!!!!!!!!!!!!!!!!!!!!!!!!!!!!!!!!!!!!!!
20260506 040546.311 INFO             PET0 !!! THE ESMF_LOG IS SET TO OUTPUT ALL LOG MESSAGES !!!
20260506 040546.311 INFO             PET0 !!!     THIS MAY CAUSE SLOWDOWN IN PERFORMANCE     !!!
20260506 040546.311 INFO             PET0 !!! FOR PRODUCTION RUNS, USE:                      !!!
20260506 040546.311 INFO             PET0 !!!                   ESMF_LOGKIND_Multi_On_Error  !!!
20260506 040546.311 INFO             PET0 !!!!!!!!!!!!!!!!!!!!!!!!!!!!!!!!!!!!!!!!!!!!!!!!!!!!!!
20260506 040546.311 INFO             PET0 Running with ESMF Version   : develop+g0ae3009ebf
20260506 040546.311 INFO             PET0 ESMF library build date/time: "May  6 2026" "03:46:10"
20260506 040546.311 INFO             PET0 ESMF library build location : /tmp/intel_2025.0.0_mpiuni_O_develop/esmf
20260506 040546.311 INFO             PET0 ESMF_COMM                   : mpiuni
20260506 040546.311 INFO             PET0 ESMF_MOAB                   : enabled
20260506 040546.311 INFO             PET0 ESMF_LAPACK                 : enabled
20260506 040546.311 INFO             PET0 ESMF_NETCDF                 : enabled
20260506 040546.311 INFO             PET0 ESMF_PNETCDF                : disabled
20260506 040546.311 INFO             PET0 ESMF_PIO                    : enabled
20260506 040546.311 INFO             PET0 ESMF_YAMLCPP                : enabled
20260506 040546.311 INFO             PET0  NUMBER_OF_PROCESSORS           1
20260506 040546.311 INFO             PET0  PASS  Example ESMF_VMGetMPICommunicatorEx, ESMF_VMGetMPICommunicatorEx.F90, line 94
20260506 040546.311 INFO             PET0  Finalizing ESMF
