2026-07-10 01:39:25
20260710 023240.034 INFO             PET0 !!!!!!!!!!!!!!!!!!!!!!!!!!!!!!!!!!!!!!!!!!!!!!!!!!!!!!
20260710 023240.034 INFO             PET0 !!! THE ESMF_LOG IS SET TO OUTPUT ALL LOG MESSAGES !!!
20260710 023240.034 INFO             PET0 !!!     THIS MAY CAUSE SLOWDOWN IN PERFORMANCE     !!!
20260710 023240.034 INFO             PET0 !!! FOR PRODUCTION RUNS, USE:                      !!!
20260710 023240.034 INFO             PET0 !!!                   ESMF_LOGKIND_Multi_On_Error  !!!
20260710 023240.034 INFO             PET0 !!!!!!!!!!!!!!!!!!!!!!!!!!!!!!!!!!!!!!!!!!!!!!!!!!!!!!
20260710 023240.034 INFO             PET0 Running with ESMF Version   : feature/refresh-bmauer-c_dynmask_interface+ge07d076824
20260710 023240.034 INFO             PET0 ESMF library build date/time: "Jul 10 2026" "01:36:52"
20260710 023240.034 INFO             PET0 ESMF library build location : /glade/derecho/scratch/sacks/esmf-testing/gfortran_12.2.0_pio2.6.2_mpi_O_feature_refresh-bmauer-c_dynmask_interface/esmf
20260710 023240.034 INFO             PET0 ESMF_COMM                   : mpi
20260710 023240.034 INFO             PET0 ESMF_MOAB                   : enabled
20260710 023240.034 INFO             PET0 ESMF_LAPACK                 : enabled
20260710 023240.034 INFO             PET0 ESMF_NETCDF                 : enabled
20260710 023240.034 INFO             PET0 ESMF_PNETCDF                : disabled
20260710 023240.034 INFO             PET0 ESMF_PIO                    : enabled
20260710 023240.034 INFO             PET0 ESMF_YAMLCPP                : enabled
20260710 023240.037 INFO             PET0  NUMBER_OF_PROCESSORS           1
20260710 023240.037 INFO             PET0  PASS  Example ESMF_XGridSparseMatEx, ESMF_XGridSparseMatEx.F90, line 642
20260710 023240.037 INFO             PET0  Finalizing ESMF
