2026-07-06 03:50:46
20260706 043358.725 INFO             PET0 !!!!!!!!!!!!!!!!!!!!!!!!!!!!!!!!!!!!!!!!!!!!!!!!!!!!!!
20260706 043358.725 INFO             PET0 !!! THE ESMF_LOG IS SET TO OUTPUT ALL LOG MESSAGES !!!
20260706 043358.725 INFO             PET0 !!!     THIS MAY CAUSE SLOWDOWN IN PERFORMANCE     !!!
20260706 043358.725 INFO             PET0 !!! FOR PRODUCTION RUNS, USE:                      !!!
20260706 043358.725 INFO             PET0 !!!                   ESMF_LOGKIND_Multi_On_Error  !!!
20260706 043358.725 INFO             PET0 !!!!!!!!!!!!!!!!!!!!!!!!!!!!!!!!!!!!!!!!!!!!!!!!!!!!!!
20260706 043358.725 INFO             PET0 Running with ESMF Version   : v9.0.0b16
20260706 043358.725 INFO             PET0 ESMF library build date/time: "Jul  6 2026" "03:48:23"
20260706 043358.725 INFO             PET0 ESMF library build location : /tmp/aocc_5.0.0_mpi_O_develop/esmf
20260706 043358.725 INFO             PET0 ESMF_COMM                   : mpi
20260706 043358.725 INFO             PET0 ESMF_MOAB                   : enabled
20260706 043358.725 INFO             PET0 ESMF_LAPACK                 : enabled
20260706 043358.725 INFO             PET0 ESMF_NETCDF                 : enabled
20260706 043358.725 INFO             PET0 ESMF_PNETCDF                : disabled
20260706 043358.725 INFO             PET0 ESMF_PIO                    : enabled
20260706 043358.725 INFO             PET0 ESMF_YAMLCPP                : enabled
20260706 043358.726 INFO             PET0  NUMBER_OF_PROCESSORS            1
20260706 043358.726 INFO             PET0  PASS  Example CalendarEx, ESMF_CalendarEx.F90, line 217
20260706 043358.726 INFO             PET0  Finalizing ESMF
