2026-07-17 23:19:35
20260718 010801.205 INFO             PET0 !!!!!!!!!!!!!!!!!!!!!!!!!!!!!!!!!!!!!!!!!!!!!!!!!!!!!!
20260718 010801.205 INFO             PET0 !!! THE ESMF_LOG IS SET TO OUTPUT ALL LOG MESSAGES !!!
20260718 010801.205 INFO             PET0 !!!     THIS MAY CAUSE SLOWDOWN IN PERFORMANCE     !!!
20260718 010801.205 INFO             PET0 !!! FOR PRODUCTION RUNS, USE:                      !!!
20260718 010801.205 INFO             PET0 !!!                   ESMF_LOGKIND_Multi_On_Error  !!!
20260718 010801.205 INFO             PET0 !!!!!!!!!!!!!!!!!!!!!!!!!!!!!!!!!!!!!!!!!!!!!!!!!!!!!!
20260718 010801.205 INFO             PET0 Running with ESMF Version   : develop+g5ee87db4bf
20260718 010801.205 INFO             PET0 ESMF library build date/time: "Jul 17 2026" "23:17:39"
20260718 010801.205 INFO             PET0 ESMF library build location : /discover/nobackup/projects/gmao/SIteam/ESMF_Testing/gfortran_14.2.0_openmpi_O_develop/esmf
20260718 010801.205 INFO             PET0 ESMF_COMM                   : openmpi
20260718 010801.205 INFO             PET0 ESMF_MOAB                   : enabled
20260718 010801.205 INFO             PET0 ESMF_LAPACK                 : enabled
20260718 010801.205 INFO             PET0 ESMF_NETCDF                 : enabled
20260718 010801.205 INFO             PET0 ESMF_PNETCDF                : disabled
20260718 010801.205 INFO             PET0 ESMF_PIO                    : enabled
20260718 010801.205 INFO             PET0 ESMF_YAMLCPP                : enabled
20260718 010801.206 INFO             PET0  NUMBER_OF_PROCESSORS           1
20260718 010801.206 INFO             PET0  PASS  Example ESMF_AlarmEx, ESMF_AlarmEx.F90, line 244
20260718 010801.206 INFO             PET0  Finalizing ESMF
