2026-06-15 14:28:35
20260615 144414.802 INFO             PET0 !!!!!!!!!!!!!!!!!!!!!!!!!!!!!!!!!!!!!!!!!!!!!!!!!!!!!!
20260615 144414.802 INFO             PET0 !!! THE ESMF_LOG IS SET TO OUTPUT ALL LOG MESSAGES !!!
20260615 144414.802 INFO             PET0 !!!     THIS MAY CAUSE SLOWDOWN IN PERFORMANCE     !!!
20260615 144414.802 INFO             PET0 !!! FOR PRODUCTION RUNS, USE:                      !!!
20260615 144414.802 INFO             PET0 !!!                   ESMF_LOGKIND_Multi_On_Error  !!!
20260615 144414.802 INFO             PET0 !!!!!!!!!!!!!!!!!!!!!!!!!!!!!!!!!!!!!!!!!!!!!!!!!!!!!!
20260615 144414.802 INFO             PET0 Running with ESMF Version   : feature/darwin-work+gdf5d230ead
20260615 144414.802 INFO             PET0 ESMF library build date/time: "Jun 15 2026" "14:27:41"
20260615 144414.802 INFO             PET0 ESMF library build location : /Users/theurich/ESMF-Nightly-Testing/nag_7.2.44_openmpi_g_feature_darwin-work/esmf
20260615 144414.802 INFO             PET0 ESMF_COMM                   : openmpi
20260615 144414.802 INFO             PET0 ESMF_MOAB                   : enabled
20260615 144414.802 INFO             PET0 ESMF_LAPACK                 : enabled
20260615 144414.802 INFO             PET0 ESMF_NETCDF                 : enabled
20260615 144414.802 INFO             PET0 ESMF_PNETCDF                : disabled
20260615 144414.802 INFO             PET0 ESMF_PIO                    : enabled
20260615 144414.802 INFO             PET0 ESMF_YAMLCPP                : enabled
20260615 144414.802 INFO             PET0  NUMBER_OF_PROCESSORS 4
20260615 144414.802 INFO             PET0  PASS  Example ESMF_VMUserMpiCommMultiEx, ESMF_VMUserMpiCommMultiEx.F90, line 126
20260615 144414.802 INFO             PET0  Finalizing ESMF with endflag==ESMF_END_KEEPMPI
20260615 144414.802 INFO             PET0 !!!!!!!!!!!!!!!!!!!!!!!!!!!!!!!!!!!!!!!!!!!!!!!!!!!!!!
20260615 144414.802 INFO             PET0 !!! THE ESMF_LOG IS SET TO OUTPUT ALL LOG MESSAGES !!!
20260615 144414.802 INFO             PET0 !!!     THIS MAY CAUSE SLOWDOWN IN PERFORMANCE     !!!
20260615 144414.802 INFO             PET0 !!! FOR PRODUCTION RUNS, USE:                      !!!
20260615 144414.802 INFO             PET0 !!!                   ESMF_LOGKIND_Multi_On_Error  !!!
20260615 144414.802 INFO             PET0 !!!!!!!!!!!!!!!!!!!!!!!!!!!!!!!!!!!!!!!!!!!!!!!!!!!!!!
20260615 144414.802 INFO             PET0 Running with ESMF Version   : feature/darwin-work+gdf5d230ead
20260615 144414.802 INFO             PET0 ESMF library build date/time: "Jun 15 2026" "14:27:41"
20260615 144414.802 INFO             PET0 ESMF library build location : /Users/theurich/ESMF-Nightly-Testing/nag_7.2.44_openmpi_g_feature_darwin-work/esmf
20260615 144414.802 INFO             PET0 ESMF_COMM                   : openmpi
20260615 144414.802 INFO             PET0 ESMF_MOAB                   : enabled
20260615 144414.802 INFO             PET0 ESMF_LAPACK                 : enabled
20260615 144414.802 INFO             PET0 ESMF_NETCDF                 : enabled
20260615 144414.802 INFO             PET0 ESMF_PNETCDF                : disabled
20260615 144414.802 INFO             PET0 ESMF_PIO                    : enabled
20260615 144414.802 INFO             PET0 ESMF_YAMLCPP                : enabled
20260615 144414.802 INFO             PET0  NUMBER_OF_PROCESSORS 4
20260615 144414.802 INFO             PET0  PASS  Example ESMF_VMUserMpiCommMultiEx, ESMF_VMUserMpiCommMultiEx.F90, line 154
20260615 144414.802 INFO             PET0  Finalizing ESMF with endflag==ESMF_END_KEEPMPI
20260615 144414.802 INFO             PET1 !!!!!!!!!!!!!!!!!!!!!!!!!!!!!!!!!!!!!!!!!!!!!!!!!!!!!!
20260615 144414.802 INFO             PET1 !!! THE ESMF_LOG IS SET TO OUTPUT ALL LOG MESSAGES !!!
20260615 144414.802 INFO             PET1 !!!     THIS MAY CAUSE SLOWDOWN IN PERFORMANCE     !!!
20260615 144414.802 INFO             PET1 !!! FOR PRODUCTION RUNS, USE:                      !!!
20260615 144414.802 INFO             PET1 !!!                   ESMF_LOGKIND_Multi_On_Error  !!!
20260615 144414.802 INFO             PET1 !!!!!!!!!!!!!!!!!!!!!!!!!!!!!!!!!!!!!!!!!!!!!!!!!!!!!!
20260615 144414.802 INFO             PET1 Running with ESMF Version   : feature/darwin-work+gdf5d230ead
20260615 144414.802 INFO             PET1 ESMF library build date/time: "Jun 15 2026" "14:27:41"
20260615 144414.802 INFO             PET1 ESMF library build location : /Users/theurich/ESMF-Nightly-Testing/nag_7.2.44_openmpi_g_feature_darwin-work/esmf
20260615 144414.802 INFO             PET1 ESMF_COMM                   : openmpi
20260615 144414.802 INFO             PET1 ESMF_MOAB                   : enabled
20260615 144414.802 INFO             PET1 ESMF_LAPACK                 : enabled
20260615 144414.802 INFO             PET1 ESMF_NETCDF                 : enabled
20260615 144414.802 INFO             PET1 ESMF_PNETCDF                : disabled
20260615 144414.802 INFO             PET1 ESMF_PIO                    : enabled
20260615 144414.802 INFO             PET1 ESMF_YAMLCPP                : enabled
20260615 144414.802 INFO             PET1  NUMBER_OF_PROCESSORS 4
20260615 144414.802 INFO             PET1  PASS  Example ESMF_VMUserMpiCommMultiEx, ESMF_VMUserMpiCommMultiEx.F90, line 126
20260615 144414.802 INFO             PET1  Finalizing ESMF with endflag==ESMF_END_KEEPMPI
20260615 144414.802 INFO             PET1 !!!!!!!!!!!!!!!!!!!!!!!!!!!!!!!!!!!!!!!!!!!!!!!!!!!!!!
20260615 144414.802 INFO             PET1 !!! THE ESMF_LOG IS SET TO OUTPUT ALL LOG MESSAGES !!!
20260615 144414.802 INFO             PET1 !!!     THIS MAY CAUSE SLOWDOWN IN PERFORMANCE     !!!
20260615 144414.802 INFO             PET1 !!! FOR PRODUCTION RUNS, USE:                      !!!
20260615 144414.802 INFO             PET1 !!!                   ESMF_LOGKIND_Multi_On_Error  !!!
20260615 144414.802 INFO             PET1 !!!!!!!!!!!!!!!!!!!!!!!!!!!!!!!!!!!!!!!!!!!!!!!!!!!!!!
20260615 144414.802 INFO             PET1 Running with ESMF Version   : feature/darwin-work+gdf5d230ead
20260615 144414.802 INFO             PET1 ESMF library build date/time: "Jun 15 2026" "14:27:41"
20260615 144414.802 INFO             PET1 ESMF library build location : /Users/theurich/ESMF-Nightly-Testing/nag_7.2.44_openmpi_g_feature_darwin-work/esmf
20260615 144414.802 INFO             PET1 ESMF_COMM                   : openmpi
20260615 144414.802 INFO             PET1 ESMF_MOAB                   : enabled
20260615 144414.802 INFO             PET1 ESMF_LAPACK                 : enabled
20260615 144414.802 INFO             PET1 ESMF_NETCDF                 : enabled
20260615 144414.802 INFO             PET1 ESMF_PNETCDF                : disabled
20260615 144414.802 INFO             PET1 ESMF_PIO                    : enabled
20260615 144414.802 INFO             PET1 ESMF_YAMLCPP                : enabled
20260615 144414.802 INFO             PET1  NUMBER_OF_PROCESSORS 4
20260615 144414.802 INFO             PET1  PASS  Example ESMF_VMUserMpiCommMultiEx, ESMF_VMUserMpiCommMultiEx.F90, line 154
20260615 144414.802 INFO             PET1  Finalizing ESMF with endflag==ESMF_END_KEEPMPI
