2026-07-29 00:19:19
20260729 062444.381 INFO             PET0 !!!!!!!!!!!!!!!!!!!!!!!!!!!!!!!!!!!!!!!!!!!!!!!!!!!!!!
20260729 062444.406 INFO             PET0 !!! THE ESMF_LOG IS SET TO OUTPUT ALL LOG MESSAGES !!!
20260729 062444.406 INFO             PET0 !!!     THIS MAY CAUSE SLOWDOWN IN PERFORMANCE     !!!
20260729 062444.406 INFO             PET0 !!! FOR PRODUCTION RUNS, USE:                      !!!
20260729 062444.406 INFO             PET0 !!!                   ESMF_LOGKIND_Multi_On_Error  !!!
20260729 062444.406 INFO             PET0 !!!!!!!!!!!!!!!!!!!!!!!!!!!!!!!!!!!!!!!!!!!!!!!!!!!!!!
20260729 062444.406 INFO             PET0 Running with ESMF Version   : develop+g6f2cfc7ce0
20260729 062444.406 INFO             PET0 ESMF library build date/time: "Jul 29 2026" "00:02:33"
20260729 062444.406 INFO             PET0 ESMF library build location : /Users/mathomp4/ESMF_Testing/llvm_22.1_openmpi_O_develop/esmf
20260729 062444.406 INFO             PET0 ESMF_COMM                   : openmpi
20260729 062444.406 INFO             PET0 ESMF_MOAB                   : enabled
20260729 062444.406 INFO             PET0 ESMF_LAPACK                 : enabled
20260729 062444.406 INFO             PET0 ESMF_NETCDF                 : disabled
20260729 062444.406 INFO             PET0 ESMF_PNETCDF                : disabled
20260729 062444.406 INFO             PET0 ESMF_PIO                    : disabled
20260729 062444.406 INFO             PET0 ESMF_YAMLCPP                : enabled
20260729 062444.406 INFO             PET0 ESMF Tracing Enabled
20260729 062444.406 INFO             PET0 ESMF Profiling Enabled
20260729 062444.406 INFO             PET0 ESMF Trace/Profile clock: REALTIME
20260729 062444.418 INFO             PET0  NUMBER_OF_PROCESSORS 4
20260729 062444.418 INFO             PET0  PASS  Example ESMF_TraceUserEx, ./ESMF_TraceUserEx.F90, line 125
20260729 062444.418 INFO             PET0  Finalizing ESMF
20260729 062444.418 INFO             PET0 **************** Region Timings *******************
20260729 062444.418 INFO             PET0 Region                Count  Total (s)   Self (s)    Mean (s)    Min (s)     Max (s)
20260729 062444.418 INFO             PET0   [ESMF]              1      0.0002      0.0002      0.0002      0.0002      0.0002
20260729 062444.418 INFO             PET0     outer_region      1      0.0001      0.0000      0.0001      0.0001      0.0001
20260729 062444.418 INFO             PET0       inner_region_1  10     0.0000      0.0000      0.0000      0.0000      0.0000
20260729 062444.418 INFO             PET0       inner_region_2  10     0.0000      0.0000      0.0000      0.0000      0.0000
20260729 062444.383 INFO             PET1 !!!!!!!!!!!!!!!!!!!!!!!!!!!!!!!!!!!!!!!!!!!!!!!!!!!!!!
20260729 062444.387 INFO             PET1 !!! THE ESMF_LOG IS SET TO OUTPUT ALL LOG MESSAGES !!!
20260729 062444.387 INFO             PET1 !!!     THIS MAY CAUSE SLOWDOWN IN PERFORMANCE     !!!
20260729 062444.387 INFO             PET1 !!! FOR PRODUCTION RUNS, USE:                      !!!
20260729 062444.387 INFO             PET1 !!!                   ESMF_LOGKIND_Multi_On_Error  !!!
20260729 062444.387 INFO             PET1 !!!!!!!!!!!!!!!!!!!!!!!!!!!!!!!!!!!!!!!!!!!!!!!!!!!!!!
20260729 062444.387 INFO             PET1 Running with ESMF Version   : develop+g6f2cfc7ce0
20260729 062444.387 INFO             PET1 ESMF library build date/time: "Jul 29 2026" "00:02:33"
20260729 062444.387 INFO             PET1 ESMF library build location : /Users/mathomp4/ESMF_Testing/llvm_22.1_openmpi_O_develop/esmf
20260729 062444.387 INFO             PET1 ESMF_COMM                   : openmpi
20260729 062444.388 INFO             PET1 ESMF_MOAB                   : enabled
20260729 062444.388 INFO             PET1 ESMF_LAPACK                 : enabled
20260729 062444.388 INFO             PET1 ESMF_NETCDF                 : disabled
20260729 062444.388 INFO             PET1 ESMF_PNETCDF                : disabled
20260729 062444.388 INFO             PET1 ESMF_PIO                    : disabled
20260729 062444.388 INFO             PET1 ESMF_YAMLCPP                : enabled
20260729 062444.388 INFO             PET1 ESMF Tracing Enabled
20260729 062444.388 INFO             PET1 ESMF Profiling Enabled
20260729 062444.388 INFO             PET1 ESMF Trace/Profile clock: REALTIME
20260729 062444.419 INFO             PET1  NUMBER_OF_PROCESSORS 4
20260729 062444.419 INFO             PET1  PASS  Example ESMF_TraceUserEx, ./ESMF_TraceUserEx.F90, line 125
20260729 062444.419 INFO             PET1  Finalizing ESMF
20260729 062444.419 INFO             PET1 **************** Region Timings *******************
20260729 062444.419 INFO             PET1 Region                Count  Total (s)   Self (s)    Mean (s)    Min (s)     Max (s)
20260729 062444.419 INFO             PET1   [ESMF]              1      0.0049      0.0049      0.0049      0.0049      0.0049
20260729 062444.419 INFO             PET1     outer_region      1      0.0001      0.0000      0.0001      0.0001      0.0001
20260729 062444.419 INFO             PET1       inner_region_1  10     0.0000      0.0000      0.0000      0.0000      0.0000
20260729 062444.419 INFO             PET1       inner_region_2  10     0.0000      0.0000      0.0000      0.0000      0.0000
20260729 062444.384 INFO             PET2 !!!!!!!!!!!!!!!!!!!!!!!!!!!!!!!!!!!!!!!!!!!!!!!!!!!!!!
20260729 062444.404 INFO             PET2 !!! THE ESMF_LOG IS SET TO OUTPUT ALL LOG MESSAGES !!!
20260729 062444.404 INFO             PET2 !!!     THIS MAY CAUSE SLOWDOWN IN PERFORMANCE     !!!
20260729 062444.404 INFO             PET2 !!! FOR PRODUCTION RUNS, USE:                      !!!
20260729 062444.404 INFO             PET2 !!!                   ESMF_LOGKIND_Multi_On_Error  !!!
20260729 062444.404 INFO             PET2 !!!!!!!!!!!!!!!!!!!!!!!!!!!!!!!!!!!!!!!!!!!!!!!!!!!!!!
20260729 062444.404 INFO             PET2 Running with ESMF Version   : develop+g6f2cfc7ce0
20260729 062444.405 INFO             PET2 ESMF library build date/time: "Jul 29 2026" "00:02:33"
20260729 062444.405 INFO             PET2 ESMF library build location : /Users/mathomp4/ESMF_Testing/llvm_22.1_openmpi_O_develop/esmf
20260729 062444.405 INFO             PET2 ESMF_COMM                   : openmpi
20260729 062444.405 INFO             PET2 ESMF_MOAB                   : enabled
20260729 062444.405 INFO             PET2 ESMF_LAPACK                 : enabled
20260729 062444.405 INFO             PET2 ESMF_NETCDF                 : disabled
20260729 062444.405 INFO             PET2 ESMF_PNETCDF                : disabled
20260729 062444.405 INFO             PET2 ESMF_PIO                    : disabled
20260729 062444.405 INFO             PET2 ESMF_YAMLCPP                : enabled
20260729 062444.405 INFO             PET2 ESMF Tracing Enabled
20260729 062444.405 INFO             PET2 ESMF Profiling Enabled
20260729 062444.405 INFO             PET2 ESMF Trace/Profile clock: REALTIME
20260729 062444.419 INFO             PET2  NUMBER_OF_PROCESSORS 4
20260729 062444.419 INFO             PET2  PASS  Example ESMF_TraceUserEx, ./ESMF_TraceUserEx.F90, line 125
20260729 062444.419 INFO             PET2  Finalizing ESMF
20260729 062444.419 INFO             PET2 **************** Region Timings *******************
20260729 062444.419 INFO             PET2 Region                Count  Total (s)   Self (s)    Mean (s)    Min (s)     Max (s)
20260729 062444.419 INFO             PET2   [ESMF]              1      0.0051      0.0051      0.0051      0.0051      0.0051
20260729 062444.419 INFO             PET2     outer_region      1      0.0001      0.0000      0.0001      0.0001      0.0001
20260729 062444.419 INFO             PET2       inner_region_1  10     0.0000      0.0000      0.0000      0.0000      0.0000
20260729 062444.419 INFO             PET2       inner_region_2  10     0.0000      0.0000      0.0000      0.0000      0.0000
20260729 062444.382 INFO             PET3 !!!!!!!!!!!!!!!!!!!!!!!!!!!!!!!!!!!!!!!!!!!!!!!!!!!!!!
20260729 062444.386 INFO             PET3 !!! THE ESMF_LOG IS SET TO OUTPUT ALL LOG MESSAGES !!!
20260729 062444.386 INFO             PET3 !!!     THIS MAY CAUSE SLOWDOWN IN PERFORMANCE     !!!
20260729 062444.386 INFO             PET3 !!! FOR PRODUCTION RUNS, USE:                      !!!
20260729 062444.386 INFO             PET3 !!!                   ESMF_LOGKIND_Multi_On_Error  !!!
20260729 062444.386 INFO             PET3 !!!!!!!!!!!!!!!!!!!!!!!!!!!!!!!!!!!!!!!!!!!!!!!!!!!!!!
20260729 062444.386 INFO             PET3 Running with ESMF Version   : develop+g6f2cfc7ce0
20260729 062444.386 INFO             PET3 ESMF library build date/time: "Jul 29 2026" "00:02:33"
20260729 062444.386 INFO             PET3 ESMF library build location : /Users/mathomp4/ESMF_Testing/llvm_22.1_openmpi_O_develop/esmf
20260729 062444.386 INFO             PET3 ESMF_COMM                   : openmpi
20260729 062444.387 INFO             PET3 ESMF_MOAB                   : enabled
20260729 062444.387 INFO             PET3 ESMF_LAPACK                 : enabled
20260729 062444.387 INFO             PET3 ESMF_NETCDF                 : disabled
20260729 062444.387 INFO             PET3 ESMF_PNETCDF                : disabled
20260729 062444.387 INFO             PET3 ESMF_PIO                    : disabled
20260729 062444.387 INFO             PET3 ESMF_YAMLCPP                : enabled
20260729 062444.387 INFO             PET3 ESMF Tracing Enabled
20260729 062444.387 INFO             PET3 ESMF Profiling Enabled
20260729 062444.387 INFO             PET3 ESMF Trace/Profile clock: REALTIME
20260729 062444.418 INFO             PET3  NUMBER_OF_PROCESSORS 4
20260729 062444.418 INFO             PET3  PASS  Example ESMF_TraceUserEx, ./ESMF_TraceUserEx.F90, line 125
20260729 062444.418 INFO             PET3  Finalizing ESMF
20260729 062444.418 INFO             PET3 **************** Region Timings *******************
20260729 062444.418 INFO             PET3 Region                Count  Total (s)   Self (s)    Mean (s)    Min (s)     Max (s)
20260729 062444.418 INFO             PET3   [ESMF]              1      0.0031      0.0030      0.0031      0.0031      0.0031
20260729 062444.418 INFO             PET3     outer_region      1      0.0001      0.0000      0.0001      0.0001      0.0001
20260729 062444.418 INFO             PET3       inner_region_1  10     0.0000      0.0000      0.0000      0.0000      0.0000
20260729 062444.418 INFO             PET3       inner_region_2  10     0.0000      0.0000      0.0000      0.0000      0.0000
