2026-07-24 23:49:44
20260725 052649.665 INFO             PET0 !!!!!!!!!!!!!!!!!!!!!!!!!!!!!!!!!!!!!!!!!!!!!!!!!!!!!!
20260725 052649.668 INFO             PET0 !!! THE ESMF_LOG IS SET TO OUTPUT ALL LOG MESSAGES !!!
20260725 052649.668 INFO             PET0 !!!     THIS MAY CAUSE SLOWDOWN IN PERFORMANCE     !!!
20260725 052649.668 INFO             PET0 !!! FOR PRODUCTION RUNS, USE:                      !!!
20260725 052649.668 INFO             PET0 !!!                   ESMF_LOGKIND_Multi_On_Error  !!!
20260725 052649.668 INFO             PET0 !!!!!!!!!!!!!!!!!!!!!!!!!!!!!!!!!!!!!!!!!!!!!!!!!!!!!!
20260725 052649.668 INFO             PET0 Running with ESMF Version   : develop+g6f2cfc7ce0
20260725 052649.668 INFO             PET0 ESMF library build date/time: "Jul 24 2026" "23:35:57"
20260725 052649.668 INFO             PET0 ESMF library build location : /Users/mathomp4/ESMF_Testing/llvm_22.1_openmpi_O_develop/esmf
20260725 052649.668 INFO             PET0 ESMF_COMM                   : openmpi
20260725 052649.668 INFO             PET0 ESMF_MOAB                   : enabled
20260725 052649.668 INFO             PET0 ESMF_LAPACK                 : enabled
20260725 052649.668 INFO             PET0 ESMF_NETCDF                 : disabled
20260725 052649.668 INFO             PET0 ESMF_PNETCDF                : disabled
20260725 052649.668 INFO             PET0 ESMF_PIO                    : disabled
20260725 052649.668 INFO             PET0 ESMF_YAMLCPP                : enabled
20260725 052649.669 INFO             PET0  NUMBER_OF_PROCESSORS 4
20260725 052649.669 INFO             PET0  PASS  Example ESMF_VMUserMpiCommMultiEx, ./ESMF_VMUserMpiCommMultiEx.F90, line 126
20260725 052649.669 INFO             PET0  Finalizing ESMF with endflag==ESMF_END_KEEPMPI
20260725 052649.666 INFO             PET0 !!!!!!!!!!!!!!!!!!!!!!!!!!!!!!!!!!!!!!!!!!!!!!!!!!!!!!
20260725 052649.669 INFO             PET0 !!! THE ESMF_LOG IS SET TO OUTPUT ALL LOG MESSAGES !!!
20260725 052649.669 INFO             PET0 !!!     THIS MAY CAUSE SLOWDOWN IN PERFORMANCE     !!!
20260725 052649.669 INFO             PET0 !!! FOR PRODUCTION RUNS, USE:                      !!!
20260725 052649.669 INFO             PET0 !!!                   ESMF_LOGKIND_Multi_On_Error  !!!
20260725 052649.669 INFO             PET0 !!!!!!!!!!!!!!!!!!!!!!!!!!!!!!!!!!!!!!!!!!!!!!!!!!!!!!
20260725 052649.669 INFO             PET0 Running with ESMF Version   : develop+g6f2cfc7ce0
20260725 052649.669 INFO             PET0 ESMF library build date/time: "Jul 24 2026" "23:35:57"
20260725 052649.669 INFO             PET0 ESMF library build location : /Users/mathomp4/ESMF_Testing/llvm_22.1_openmpi_O_develop/esmf
20260725 052649.669 INFO             PET0 ESMF_COMM                   : openmpi
20260725 052649.670 INFO             PET0 ESMF_MOAB                   : enabled
20260725 052649.670 INFO             PET0 ESMF_LAPACK                 : enabled
20260725 052649.670 INFO             PET0 ESMF_NETCDF                 : disabled
20260725 052649.670 INFO             PET0 ESMF_PNETCDF                : disabled
20260725 052649.670 INFO             PET0 ESMF_PIO                    : disabled
20260725 052649.670 INFO             PET0 ESMF_YAMLCPP                : enabled
20260725 052649.670 INFO             PET0  NUMBER_OF_PROCESSORS 4
20260725 052649.670 INFO             PET0  PASS  Example ESMF_VMUserMpiCommMultiEx, ./ESMF_VMUserMpiCommMultiEx.F90, line 154
20260725 052649.670 INFO             PET0  Finalizing ESMF with endflag==ESMF_END_KEEPMPI
20260725 052649.664 INFO             PET1 !!!!!!!!!!!!!!!!!!!!!!!!!!!!!!!!!!!!!!!!!!!!!!!!!!!!!!
20260725 052649.667 INFO             PET1 !!! THE ESMF_LOG IS SET TO OUTPUT ALL LOG MESSAGES !!!
20260725 052649.667 INFO             PET1 !!!     THIS MAY CAUSE SLOWDOWN IN PERFORMANCE     !!!
20260725 052649.667 INFO             PET1 !!! FOR PRODUCTION RUNS, USE:                      !!!
20260725 052649.667 INFO             PET1 !!!                   ESMF_LOGKIND_Multi_On_Error  !!!
20260725 052649.667 INFO             PET1 !!!!!!!!!!!!!!!!!!!!!!!!!!!!!!!!!!!!!!!!!!!!!!!!!!!!!!
20260725 052649.667 INFO             PET1 Running with ESMF Version   : develop+g6f2cfc7ce0
20260725 052649.667 INFO             PET1 ESMF library build date/time: "Jul 24 2026" "23:35:57"
20260725 052649.667 INFO             PET1 ESMF library build location : /Users/mathomp4/ESMF_Testing/llvm_22.1_openmpi_O_develop/esmf
20260725 052649.667 INFO             PET1 ESMF_COMM                   : openmpi
20260725 052649.668 INFO             PET1 ESMF_MOAB                   : enabled
20260725 052649.668 INFO             PET1 ESMF_LAPACK                 : enabled
20260725 052649.668 INFO             PET1 ESMF_NETCDF                 : disabled
20260725 052649.668 INFO             PET1 ESMF_PNETCDF                : disabled
20260725 052649.668 INFO             PET1 ESMF_PIO                    : disabled
20260725 052649.668 INFO             PET1 ESMF_YAMLCPP                : enabled
20260725 052649.669 INFO             PET1  NUMBER_OF_PROCESSORS 4
20260725 052649.669 INFO             PET1  PASS  Example ESMF_VMUserMpiCommMultiEx, ./ESMF_VMUserMpiCommMultiEx.F90, line 126
20260725 052649.669 INFO             PET1  Finalizing ESMF with endflag==ESMF_END_KEEPMPI
20260725 052649.667 INFO             PET1 !!!!!!!!!!!!!!!!!!!!!!!!!!!!!!!!!!!!!!!!!!!!!!!!!!!!!!
20260725 052649.669 INFO             PET1 !!! THE ESMF_LOG IS SET TO OUTPUT ALL LOG MESSAGES !!!
20260725 052649.669 INFO             PET1 !!!     THIS MAY CAUSE SLOWDOWN IN PERFORMANCE     !!!
20260725 052649.669 INFO             PET1 !!! FOR PRODUCTION RUNS, USE:                      !!!
20260725 052649.669 INFO             PET1 !!!                   ESMF_LOGKIND_Multi_On_Error  !!!
20260725 052649.669 INFO             PET1 !!!!!!!!!!!!!!!!!!!!!!!!!!!!!!!!!!!!!!!!!!!!!!!!!!!!!!
20260725 052649.669 INFO             PET1 Running with ESMF Version   : develop+g6f2cfc7ce0
20260725 052649.669 INFO             PET1 ESMF library build date/time: "Jul 24 2026" "23:35:57"
20260725 052649.669 INFO             PET1 ESMF library build location : /Users/mathomp4/ESMF_Testing/llvm_22.1_openmpi_O_develop/esmf
20260725 052649.669 INFO             PET1 ESMF_COMM                   : openmpi
20260725 052649.670 INFO             PET1 ESMF_MOAB                   : enabled
20260725 052649.670 INFO             PET1 ESMF_LAPACK                 : enabled
20260725 052649.670 INFO             PET1 ESMF_NETCDF                 : disabled
20260725 052649.670 INFO             PET1 ESMF_PNETCDF                : disabled
20260725 052649.670 INFO             PET1 ESMF_PIO                    : disabled
20260725 052649.670 INFO             PET1 ESMF_YAMLCPP                : enabled
20260725 052649.670 INFO             PET1  NUMBER_OF_PROCESSORS 4
20260725 052649.670 INFO             PET1  PASS  Example ESMF_VMUserMpiCommMultiEx, ./ESMF_VMUserMpiCommMultiEx.F90, line 154
20260725 052649.670 INFO             PET1  Finalizing ESMF with endflag==ESMF_END_KEEPMPI
