2026-08-07 00:22:35
20260807 071410.523 INFO             PET0 !!!!!!!!!!!!!!!!!!!!!!!!!!!!!!!!!!!!!!!!!!!!!!!!!!!!!!
20260807 071410.527 INFO             PET0 !!! THE ESMF_LOG IS SET TO OUTPUT ALL LOG MESSAGES !!!
20260807 071410.527 INFO             PET0 !!!     THIS MAY CAUSE SLOWDOWN IN PERFORMANCE     !!!
20260807 071410.527 INFO             PET0 !!! FOR PRODUCTION RUNS, USE:                      !!!
20260807 071410.527 INFO             PET0 !!!                   ESMF_LOGKIND_Multi_On_Error  !!!
20260807 071410.527 INFO             PET0 !!!!!!!!!!!!!!!!!!!!!!!!!!!!!!!!!!!!!!!!!!!!!!!!!!!!!!
20260807 071410.527 INFO             PET0 Running with ESMF Version   : develop+g432bc4507e
20260807 071410.527 INFO             PET0 ESMF library build date/time: "Aug  7 2026" "00:05:05"
20260807 071410.527 INFO             PET0 ESMF library build location : /Users/mathomp4/ESMF_Testing/llvm_22.1_openmpi_O_develop/esmf
20260807 071410.527 INFO             PET0 ESMF_COMM                   : openmpi
20260807 071410.527 INFO             PET0 ESMF_MOAB                   : enabled
20260807 071410.527 INFO             PET0 ESMF_LAPACK                 : enabled
20260807 071410.527 INFO             PET0 ESMF_NETCDF                 : disabled
20260807 071410.527 INFO             PET0 ESMF_PNETCDF                : disabled
20260807 071410.527 INFO             PET0 ESMF_PIO                    : disabled
20260807 071410.527 INFO             PET0 ESMF_YAMLCPP                : enabled
20260807 071411.189 INFO             PET0  NUMBER_OF_PROCESSORS 4
20260807 071411.189 INFO             PET0  PASS  Example ESMF_ArrayScatterGatherArbEx, ./ESMF_ArrayScatterGatherArbEx.F90, line 313
20260807 071411.189 INFO             PET0  Finalizing ESMF
20260807 071410.524 INFO             PET1 !!!!!!!!!!!!!!!!!!!!!!!!!!!!!!!!!!!!!!!!!!!!!!!!!!!!!!
20260807 071410.525 INFO             PET1 !!! THE ESMF_LOG IS SET TO OUTPUT ALL LOG MESSAGES !!!
20260807 071410.525 INFO             PET1 !!!     THIS MAY CAUSE SLOWDOWN IN PERFORMANCE     !!!
20260807 071410.525 INFO             PET1 !!! FOR PRODUCTION RUNS, USE:                      !!!
20260807 071410.525 INFO             PET1 !!!                   ESMF_LOGKIND_Multi_On_Error  !!!
20260807 071410.525 INFO             PET1 !!!!!!!!!!!!!!!!!!!!!!!!!!!!!!!!!!!!!!!!!!!!!!!!!!!!!!
20260807 071410.525 INFO             PET1 Running with ESMF Version   : develop+g432bc4507e
20260807 071410.525 INFO             PET1 ESMF library build date/time: "Aug  7 2026" "00:05:05"
20260807 071410.525 INFO             PET1 ESMF library build location : /Users/mathomp4/ESMF_Testing/llvm_22.1_openmpi_O_develop/esmf
20260807 071410.525 INFO             PET1 ESMF_COMM                   : openmpi
20260807 071410.526 INFO             PET1 ESMF_MOAB                   : enabled
20260807 071410.526 INFO             PET1 ESMF_LAPACK                 : enabled
20260807 071410.527 INFO             PET1 ESMF_NETCDF                 : disabled
20260807 071410.527 INFO             PET1 ESMF_PNETCDF                : disabled
20260807 071410.527 INFO             PET1 ESMF_PIO                    : disabled
20260807 071410.527 INFO             PET1 ESMF_YAMLCPP                : enabled
20260807 071411.189 INFO             PET1  NUMBER_OF_PROCESSORS 4
20260807 071411.189 INFO             PET1  PASS  Example ESMF_ArrayScatterGatherArbEx, ./ESMF_ArrayScatterGatherArbEx.F90, line 313
20260807 071411.189 INFO             PET1  Finalizing ESMF
20260807 071410.523 INFO             PET2 !!!!!!!!!!!!!!!!!!!!!!!!!!!!!!!!!!!!!!!!!!!!!!!!!!!!!!
20260807 071410.525 INFO             PET2 !!! THE ESMF_LOG IS SET TO OUTPUT ALL LOG MESSAGES !!!
20260807 071410.525 INFO             PET2 !!!     THIS MAY CAUSE SLOWDOWN IN PERFORMANCE     !!!
20260807 071410.525 INFO             PET2 !!! FOR PRODUCTION RUNS, USE:                      !!!
20260807 071410.525 INFO             PET2 !!!                   ESMF_LOGKIND_Multi_On_Error  !!!
20260807 071410.525 INFO             PET2 !!!!!!!!!!!!!!!!!!!!!!!!!!!!!!!!!!!!!!!!!!!!!!!!!!!!!!
20260807 071410.525 INFO             PET2 Running with ESMF Version   : develop+g432bc4507e
20260807 071410.525 INFO             PET2 ESMF library build date/time: "Aug  7 2026" "00:05:05"
20260807 071410.525 INFO             PET2 ESMF library build location : /Users/mathomp4/ESMF_Testing/llvm_22.1_openmpi_O_develop/esmf
20260807 071410.525 INFO             PET2 ESMF_COMM                   : openmpi
20260807 071410.525 INFO             PET2 ESMF_MOAB                   : enabled
20260807 071410.531 INFO             PET2 ESMF_LAPACK                 : enabled
20260807 071410.531 INFO             PET2 ESMF_NETCDF                 : disabled
20260807 071410.531 INFO             PET2 ESMF_PNETCDF                : disabled
20260807 071410.531 INFO             PET2 ESMF_PIO                    : disabled
20260807 071410.531 INFO             PET2 ESMF_YAMLCPP                : enabled
20260807 071411.189 INFO             PET2  NUMBER_OF_PROCESSORS 4
20260807 071411.189 INFO             PET2  PASS  Example ESMF_ArrayScatterGatherArbEx, ./ESMF_ArrayScatterGatherArbEx.F90, line 313
20260807 071411.189 INFO             PET2  Finalizing ESMF
20260807 071410.523 INFO             PET3 !!!!!!!!!!!!!!!!!!!!!!!!!!!!!!!!!!!!!!!!!!!!!!!!!!!!!!
20260807 071410.524 INFO             PET3 !!! THE ESMF_LOG IS SET TO OUTPUT ALL LOG MESSAGES !!!
20260807 071410.524 INFO             PET3 !!!     THIS MAY CAUSE SLOWDOWN IN PERFORMANCE     !!!
20260807 071410.524 INFO             PET3 !!! FOR PRODUCTION RUNS, USE:                      !!!
20260807 071410.524 INFO             PET3 !!!                   ESMF_LOGKIND_Multi_On_Error  !!!
20260807 071410.524 INFO             PET3 !!!!!!!!!!!!!!!!!!!!!!!!!!!!!!!!!!!!!!!!!!!!!!!!!!!!!!
20260807 071410.524 INFO             PET3 Running with ESMF Version   : develop+g432bc4507e
20260807 071410.524 INFO             PET3 ESMF library build date/time: "Aug  7 2026" "00:05:05"
20260807 071410.524 INFO             PET3 ESMF library build location : /Users/mathomp4/ESMF_Testing/llvm_22.1_openmpi_O_develop/esmf
20260807 071410.524 INFO             PET3 ESMF_COMM                   : openmpi
20260807 071410.530 INFO             PET3 ESMF_MOAB                   : enabled
20260807 071410.530 INFO             PET3 ESMF_LAPACK                 : enabled
20260807 071410.530 INFO             PET3 ESMF_NETCDF                 : disabled
20260807 071410.530 INFO             PET3 ESMF_PNETCDF                : disabled
20260807 071410.530 INFO             PET3 ESMF_PIO                    : disabled
20260807 071410.530 INFO             PET3 ESMF_YAMLCPP                : enabled
20260807 071411.189 INFO             PET3  NUMBER_OF_PROCESSORS 4
20260807 071411.189 INFO             PET3  PASS  Example ESMF_ArrayScatterGatherArbEx, ./ESMF_ArrayScatterGatherArbEx.F90, line 313
20260807 071411.189 INFO             PET3  Finalizing ESMF
