2026-07-24 23:49:44
 12.45 12.45 12.45 12.45 12.45 12.45 12.45 12.45 12.45 12.45 12.45 12.45 12.45
 12.45 12.45 12.45 12.45 12.45 12.45 12.45 12.45 12.45 12.45 12.45 12.45 12.45
 12.45 12.45 12.45 12.45 12.45 12.45 12.45 12.45 12.45 12.45 12.45 12.45 12.45
 12.45 12.45 12.45 12.45 12.45 12.45 12.45 12.45 12.45 12.45 12.45 12.45 12.45
 12.45 12.45 12.45 12.45 12.45 12.45 12.45 12.45 12.45 12.45 12.45 12.45 12.45
 12.45 12.45 12.45 12.45 12.45 12.45 12.45 12.45 12.45 12.45 12.45 12.45 12.45
 12.45 12.45 12.45 12.45 12.45 12.45 12.45 12.45 12.45 12.45 12.45 12.45 12.45
 12.45 12.45 12.45 12.45 12.45 12.45 12.45 12.45 12.45
 12.45 12.45 12.45 12.45 12.45 12.45 12.45 12.45 12.45 12.45 12.45 12.45 12.45
 12.45 12.45 12.45 12.45 12.45 12.45 12.45 12.45 12.45 12.45 12.45 12.45 12.45
 12.45 12.45 12.45 12.45 12.45 12.45 12.45 12.45 12.45 12.45 12.45 12.45 12.45
 12.45 12.45 12.45 12.45 12.45 12.45 12.45 12.45 12.45 12.45 12.45 12.45 12.45
 12.45 12.45 12.45 12.45 12.45 12.45 12.45 12.45 12.45 12.45 12.45 12.45 12.45
 12.45 12.45 12.45 12 12.45 12.45 12.45 12.45 12.45 12.45 12.45 12.45 12.45 12.45 12.45 12.45 12.45
 12.45 12.45 12.45 12.45 12.45 12.45 12.45 12.45 12.45 12.45 12.45 12.45 12.45
 12.45 12.45 12.45 12.45 12.45 12.45 12.45 12.45 12.45 12.45 12.45 12.45 12.45
 12.45 12.45 12.45 12.45 12.45 12.45 12.45 12.45 12.45 12.45 12.45 12.45 12.45
 12.45 12.45 12.45 12.45 12.45 12.45 12.45 12.45 12.45 12.45 12.45 12.45 12.45
 12.45 12.45 12.45 12.45 12.45 12.45 12.45 12.45 12.45 12.45 12.45 12.45 12.45
 12.45 12.45 12.45 12.45 12.45 12.45 12.45 12.45 12.45 12.45 12.45 12.45 12.45
 12.45 12.45 12.45 12.45 12.45 12.45 12.45 12.45 12.45
 12.45 12.45 12.45 12.45 12.45 12.45 12.45 12.45 12.45 12.45 12.45 12.45 12.45
 12.45 12.45 12.45 12.45 12.45 12.45 12.45 12.45 12.45 12.45 12.45 12.45 12.45
 12.45 12.45 12.45 12.45 12.45 12.45 12.45 12.45 12.45 12.45 12.45 12.45 12.45
 12.45 12.45 12.45 12.45 12.45 12.45 12.45 12.45 12.45 12.45 12.45 12.45 12.45
 12.45 12.45 12.45 12.45 12.45 12.45 12.45 12.45 12.45 12.45 12.45 12.45 12.45
 12.45 12.45 12.45 12 12.45 12.45 12.45 12.45 12.45 12.45 12.45 12.45 12.45 12.45 12.45 12.45 12.45
 12.45 12.45 12.45 12.45 12.45 12.45 12.45 12.45 12.45 12.45 12.45 12.45 12.45
 12.45 12.45 12.45 12.45 12.45 12.45 12.45 12.45 12.45 12.45 12.45 12.45 12.45
 12.45 12.45 12.45 12.45 12.45 12.45 12.45 12.45 12.45 12.45 12.45 12.45 12.45
 12.45 12.45 12.45 12.45 12.45 12.45 12.45 12.45 12.45 12.45 12.45 12.45 12.45
 12.45 12.45 12.45 12.45 12.45 12.45 12.45 12.45 12.45 12.45 12.45 12.45 12.45
 12.45 12.45 12.45 12.45 12.45 12.45 12.45 12.45 12.45 12.45 12.45 12.45 12.45
 12.45 12.45 12.45 12.45 12.45 12.45 12.45 12.45 12.45
 12.45 12.45 12.45 12.45 12.45 12.45 12.45 12.45 12.45 12.45 12.45 12.45 12.45
 12.45 12.45 12.45 12.45 12.45 12.45 12.45 12.45 12.45 12.45 12.45 12.45 12.45
 12.45 12.45 12.45 12.45 12.45 12.45 12.45 12.45 12.45 12.45 12.45 12.45 12.45
 12.45 12.45 12.45 12.45 12.45 12.45 12.45 12.45 12.45 12.45 12.45 12.45 12.45
 12.45 12.45 12.45 12.45 12.45 12.45 12.45 12.45 12.45 12.45 12.45 12.45 12.45
 12.45 12.45 12.45 12 12.45 12.45 12.45 12.45 12.45 12.45 12.45 12.45 12.45 12.45 12.45 12.45 12.45
 12.45 12.45 12.45 12.45 12.45 12.45 12.45 12.45 12.45 12.45 12.45 12.45 12.45
 12.45 12.45 12.45 12.45 12.45 12.45 12.45 12.45 12.45 12.45 12.45 12.45 12.45
 12.45 12.45 12.45 12.45 12.45 12.45 12.45 12.45 12.45 12.45 12.45 12.45 12.45
 12.45 12.45 12.45 12.45 12.45 12.45 12.45 12.45 12.45 12.45 12.45 12.45 12.45
 12.45 12.45 12.45 12.45 12.45 12.45 12.45 12.45 12.45 12.45 12.45 12.45 12.45
 12.45 12.45 12.45 12.45 12.45 12.45 12.45 12.45 12.45 12.45 12.45 12.45 12.45
 12.45 12.45 12.45 12.45 12.45 12.45 12.45 12.45 12.45
 12.45 12.45 12.45 12.45 12.45 12.45 12.45 12.45 12.45 12.45 12.45 12.45 12.45
 12.45 12.45 12.45 12.45 12.45 12.45 12.45 12.45 12.45 12.45 12.45 12.45 12.45
 12.45 12.45 12.45 12.45 12.45 12.45 12.45 12.45 12.45 12.45 12.45 12.45 12.45
 12.45 12.45 12.45 12.45 12.45 12.45 12.45 12.45 12.45 12.45 12.45 12.45 12.45
 12.45 12.45 12.45 12.45 12.45 12.45 12.45 12.45 12.45 12.45 12.45 12.45 12.45
 12.45 12.45 12.45 12.45 12.45 12.45 12.45 12.45 12.45 12.45 12.45 12.45 12.45
 12.45 12.45 12.45 12.45 12.45 12.45 12.45 12.45 12.45 12.45 12.45 12.45 12.45
 12.45 12.45 12.45 12.45 12.45 12.45 12.45 12.45 12.45
 23.67 23.67 23.67 23.67 23.67 23.67 23.67 23.67 23.67 23.67 23.67 23.67 23.67
 23.67 23.67 23.67 23.67 23.67 23.67 23.67 23.67 23.67 23.67 23.67 23.67 23.67
 23.67 23.67 23.67 23.67 23.67 23.67 23.67 23.67 23.67 23.67 23.67 23.67 23.67
 23.67 23.67 23.67 23.67 23.67 23.67 23.67 23.67 23.67 23.67 23.67 23.67 23.67
 23.67 23.67 23.67 23.67 23.67 23.67 23.67 23.67 23.67 23.67 23.67 23.67 23.67
 23.67 23.67 23.67 23.67 23.67 23.67 23.67 23.67 23.67 23.67 23.67 23.67 23.67
 23.67 23.67 23.67 23.67 23.67 23.67 23.67 23.67 23.67 23.67 23.67 23.67 23.67
 23.67 23.67 23.67 23.67 23.67 23.67 23.67 23.67 23.67
 23.67 23.67 23.67 23.67 23.67 23.67 23.67 23.67 23.67 23.67 23.67 23.67 23.67
 23.67 23.67 23.67 23.67 23.67 23.67 23.67 23.67 23.67 23.67 23.67 23.67 23.67
 23.67 23.67 23.67 23.67 23.67 23.67 23.67 23.67 23.67 23.67 23.67.45 12.45 12.45 12.45 12.45 12.45 12.45 12.45 12.45 12.45
 12.45 12.45 12.45 12.45 12.45 12.45 12.45 12.45 12.45 12.45 12.45 12.45 12.45
 12.45 12.45 12.45 12.45 12.45 12.45 12.45 12.45 12.45
 23.67 23.67 23.67 23.67 23.67 23.67 23.67 23.67 23.67 23.67 23.67 23.67 23.67
 23.67 23.67 23.67 23.67 23.67 23.67 23.67 23.67 23.67 23.67 23.67 23.67 23.67
 23.67 23.67 23.67 23.67 23.67 23.67 23.67 23.67 23.67 23.67 23.67 23.67 23.67
 23.67 23.67 23.67 23.67 23.67 23.67 23.67 23.67 23.67 23.67 23.67 23.67 23.67
 23.67 23.67 23.67 23.67 23.67 23.67 23.67 23.67 23.67 23.67 23.67 23.67 23.67
 23.67 23.67 23.67 23.67 23.67 23.67 23.67 23.67 23.67 23.67 23.67 23.67 23.67
 23.67 23.67 23.67 23.67 23.67 23.67 23.67 23.67 23.67 23.67 23.67 23.67 23.67
 23.67 23.67 23.67 23.67 23.67 23.67 23.67 23.67 23.67
 23.67 23.67 23.67 23.67 23.67 23.67 23.67 23.67 23.67 23.67 23.67 23.67 23.67
 23.67 23.67 23.67 23.67 23.67 23.67 23.67 23.67 23.67 23.67 23.67 23.67 23.67
 23.67 23.67 23.67 23.67 23.67 23.67 23.67 23.67 23.67 23.67 23.67 23.67 23.67
 23.67 23.67 23.67 23.67 23.67 23.67 23.67 23.67 23.67 23.67 23.67 23.67 23.67
 23.67 23.67 23.67 23.67 23.67 23.67 23.67 23.67 23.67 23.67 23.67 23.67 23.67
 23.67 23.67 23.67 23.67 23.67 23.67 23.67 23.67 23.67 23.67 23.67 23.67 23.67
 23.67 23.67 23.67 23.67 23.67 23.67 23.67 23.67 23.67 23.67 23.67 23.67 23.67
 23.67 23.67 23.67 23.67 23.67 23.67 23.67 23.67 23.67
 56.81 56.81 56.81 56.81 56.81 56.81 56.81 56.81 56.81 56.81 56.81 56.81 56.81
 56.81 56.81 56.81 56.81 56.81 56.81 56.81 56.81 56.81 56.81 56.81 56.81 56.81
 56.81 56.81 56.81 56.81 56.81 56.81 56.81 56.81 56.81 56.81 56.81 56.81 56.81
 56.81 56.81 56.81 56.81 56.81 56.81 56.81 56.81 56.81 56.81 56.81 56.81 56.81
 56.81 56.81 56.81 56.81 56.81 56.81 56.81 56.81 56.81 56.81 56.81 56.81 56.81
 56.81 56.81 56.81 56.45 12.45 12.45 12.45 12.45 12.45 12.45 12.45 12.45 12.45
 12.45 12.45 12.45 12.45 12.45 12.45 12.45 12.45 12.45 12.45 12.45 12.45 12.45
 12.45 12.45 12.45 12.45 12.45 12.45 12.45 12.45 12.45
 23.67 23.67 23.67 23.67 23.67 23.67 23.67 23.67 23.67 23.67 23.67 23.67 23.67
 23.67 23.67 23.67 23.67 23.67 23.67 23.67 23.67 23.67 23.67 23.67 23.67 23.67
 23.67 23.67 23.67 23.67 23.67 23.67 23.67 23.67 23.67 23.67 23.67 23.67 23.67
 23.67 23.67 23.67 23.67 23.67 23.67 23.67 23.67 23.67 23.67 23.67 23.67 23.67
 23.67 23.67 23.67 23.67 23.67 23.67 23.67 23.67 23.67 23.67 23.67 23.67 23.67
 23.67 23.67 23.67 23.67 23.67 23.67 23.67 23.67 23.67 23.67 23.67 23.67 23.67
 23.67 23.67 23.67 23.67 23.67 23.67 23.67 23.67 23.67 23.67 23.67 23.67 23.67
 23.67 23.67 23.67 23.67 23.67 23.67 23.67 23.67 23.67
 23.67 23.67 23.67 23.67 23.67 23.67 23.67 23.67 23.67 23.67 23.67 23.67 23.67
 23.67 23.67 23.67 23.67 23.67 23.67 23.67 23.67 23.67 23.67 23.67 23.67 23.67
 23.67 23.67 23.67 23.67 23.67 23.67 23.67 23.67 23.67 23.67 23.67.45 12.45 12.45 12.45 12.45 12.45 12.45 12.45 12.45 12.45
 12.45 12.45 12.45 12.45 12.45 12.45 12.45 12.45 12.45 12.45 12.45 12.45 12.45
 12.45 12.45 12.45 12.45 12.45 12.45 12.45 12.45 12.45
 23.67 23.67 23.67 23.67 23.67 23.67 23.67 23.67 23.67 23.67 23.67 23.67 23.67
 23.67 23.67 23.67 23.67 23.67 23.67 23.67 23.67 23.67 23.67 23.67 23.67 23.67
 23.67 23.67 23.67 23.67 23.67 23.67 23.67 23.67 23.67 23.67 23.67 23.67 23.67
 23.67 23.67 23.67 23.67 23.67 23.67 23.67 23.67 23.67 23.67 23.67 23.67 23.67
 23.67 23.67 23.67 23.67 23.67 23.67 23.67 23.67 23.67 23.67 23.67 23.67 23.67
 23.67 23.67 23.67 23.67 23.67 23.67 23.67 23.67 23.67 23.67 23.67 23.67 23.67
 23.67 23.67 23.67 23.67 23.67 23.67 23.67 23.67 23.67 23.67 23.67 23.67 23.67
 23.67 23.67 23.67 23.67 23.67 23.67 23.67 23.67 23.67
 23.67 23.67 23.67 23.67 23.67 23.67 23.67 23.67 23.67 23.67 23.67 23.67 23.67
 23.67 23.67 23.67 23.67 23.67 23.67 23.67 23.67 23.67 23.67 23.67 23.67 23.67
 23.67 23.67 23.67 23.67 23.67 23.67 23.67 23.67 23.67 23.67 23.67 23.67 23.67
 23.67 23.67 23.67 23.67 23.67 23.67 23.67 23.67 23.67 23.67 23.67 23.67 23.67
 23.67 23.67 23.67 23.67 23.67 23.67 23.67 23.67 23.67 23.67 23.67 23.67 23.67
 23.67 23.67 23.67 23.67 23.67 23.67 23.67 23.67 23.67 23.67 23.67 23.67 23.67
 23.67 23.67 23.67 23.67 23.67 23.67 23.67 23.67 23.67 23.67 23.67 23.67 23.67
 23.67 23.67 23.67 23.67 23.67 23.67 23.67 23.67 23.67
 56.81 56.81 56.81 56.81 56.81 56.81 56.81 56.81 56.81 56.81 56.81 56.81 56.81
 56.81 56.81 56.81 56.81 56.81 56.81 56.81 56.81 56.81 56.81 56.81 56.81 56.81
 56.81 56.81 56.81 56.81 56.81 56.81 56.81 56.81 56.81 56.81 56.81 56.81 56.81
 56.81 56.81 56.81 56.81 56.81 56.81 56.81 56.81 56.81 56.81 56.81 56.81 56.81
 56.81 56.81 56.81 56.81 56.81 56.81 56.81 56.81 56.81 56.81 56.81 56.81 56.81
 56.81 56.81 56.81 56.81 56.81 56.81 56.81 56.81 56.81 56.81 56.81 56.81 56.81
 56.81 56.81 56.81 56.81 56.81 56.81 56.81 56.81 56.81 56.81 56.81 56.81 56.81
 56.81 56.81 56.81 56.81 56.81 56.81 56.81 56.81 56.81
 56.81 56.81 56.81 56.81 56.81 56.81 56.81 56.81 56.81 56.81 56.81 56.81 56.81
 56.81 56.81 56.81 56.81 56.81 56.81 56.81 56.81 56.81 56.81 56.81 56.81 56.81
 56.81 56.81 56.81 56.81 56.81 56.81 56.81 56.81 56.81 56.81 56.81 56.81 56.81
 56.81 56.81 56.81 56.81 56.81 56.81 56.81 56.81 56.81 56.81 56.81 56.81 56.81
 56.81 56.81 56.81 56.81 56.81 56.81 56.81 56.81 56.81 56.81 56.81 56.81 56.81
 56.81 56.81 56.81 56.81 56.81 56.81 56.81 56.81 56.81 56.81 56.81 56.81 56.81
 56.81 56.81 56.81 56.81 56.81 56.81 56.81 56.81 56.81 56.81 56.81 56.81 56.81
 56.81 56.81 56.81 56.81 56.81 56.81 56.81 56.81 56.81
  PASS  Example ESMF_ArrayFarrayEx, ./ESMF_ArrayFarrayEx.F90, line 288
.81 56.81 56.81 56.81 56.81 56.81 56.81 56.81 56.81 56.81
 56.81 56.81 56.81 56.81 56.81 56.81 56.81 56.81 56.81 56.81 56.81 56.81 56.81
 56.81 56.81 56.81 56.81 56.81 56.81 56.81 56.81 56.81
 56.81 56.81 56.81 56.81 56.81 56.81 56.81 56.81 56.81 56.81 56.81 56.81 56.81
 56.81 56.81 56.81 56.81 56.81 56.81 56.81 56.81 56.81 56.81 56.81 56.81 56.81
 56.81 56.81 56.81 56.81 56.81 56.81 56.81 56.81 56.81 56.81 56.81 56.81 56.81
 56.81 56.81 56.81 56.81 56.81 56.81 56.81 56.81 56.81 56.81 56.81 56.81 56.81
 56.81 56.81 56.81 56.81 56.81 56.81 56.81 56.81 56.81 56.81 56.81 56.81 56.81
 56.81 56.81 56.81 56.81 56.81 56.81 56.81 56.81 56.81 56.81 56.81 56.81 56.81
 56.81 56.81 56.81 56.81 56.81 56.81 56.81 56.81 56.81 56.81 56.81 56.81 56.81
 56.81 56.81 56.81 56.81 56.81 56.81 56.81 56.81 56.81
  PASS  Example ESMF_ArrayFarrayEx, ./ESMF_ArrayFarrayEx.F90, line 288
 23.67 23.67
 23.67 23.67 23.67 23.67 23.67 23.67 23.67 23.67 23.67 23.67 23.67 23.67 23.67
 23.67 23.67 23.67 23.67 23.67 23.67 23.67 23.67 23.67 23.67 23.67 23.67 23.67
 23.67 23.67 23.67 23.67 23.67 23.67 23.67 23.67 23.67 23.67 23.67 23.67 23.67
 23.67 23.67 23.67 23.67 23.67 23.67 23.67 23.67 23.67 23.67 23.67 23.67 23.67
 23.67 23.67 23.67 23.67 23.67 23.67 23.67 23.67 23.67
 56.81 56.81 56.81 56.81 56.81 56.81 56.81 56.81 56.81 56.81 56.81 56.81 56.81
 56.81 56.81 56.81 56.81 56.81 56.81 56.81 56.81 56.81 56.81 56.81 56.81 56.81
 56.81 56.81 56.81 56.81 56.81 56.81 56.81 56.81 56.81 56.81 56.81 56.81 56.81
 56.81 56.81 56.81 56.81 56.81 56.81 56.81 56.81 56.81 56.81 56.81 56.81 56.81
 56.81 56.81 56.81 56.81 56.81 56.81 56.81 56.81 56.81 56.81 56.81 56.81 56.81
 56.81 56.81 56.81 56.81 56.81 56.81 56.81 56.81 56.81 56.81 56.81 56.81 56.81
 56.81 56.81 56.81 56.81 56.81 56.81 56.81 56.81 56.81 56.81 56.81 56.81 56.81
 56.81 56.81 56.81 56.81 56.81 56.81 56.81 56.81 56.81
 56.81 56.81 56.81 56.81 56.81 5 23.67 23.67
 23.67 23.67 23.67 23.67 23.67 23.67 23.67 23.67 23.67 23.67 23.67 23.67 23.67
 23.67 23.67 23.67 23.67 23.67 23.67 23.67 23.67 23.67 23.67 23.67 23.67 23.67
 23.67 23.67 23.67 23.67 23.67 23.67 23.67 23.67 23.67 23.67 23.67 23.67 23.67
 23.67 23.67 23.67 23.67 23.67 23.67 23.67 23.67 23.67 23.67 23.67 23.67 23.67
 23.67 23.67 23.67 23.67 23.67 23.67 23.67 23.67 23.67
 56.81 56.81 56.81 56.81 56.81 56.81 56.81 56.81 56.81 56.81 56.81 56.81 56.81
 56.81 56.81 56.81 56.81 56.81 56.81 56.81 56.81 56.81 56.81 56.81 56.81 56.81
 56.81 56.81 56.81 56.81 56.81 56.81 56.81 56.81 56.81 56.81 56.81 56.81 56.81
 56.81 56.81 56.81 56.81 56.81 56.81 56.81 56.81 56.81 56.81 56.81 56.81 56.81
 56.81 56.81 56.81 56.81 56.81 56.81 56.81 56.81 56.81 56.81 56.81 56.81 56.81
 56.81 56.81 56.81 56.81 56.81 56.81 56.81 56.81 56.81 56.81 56.81 56.81 56.81
 56.81 56.81 56.81 56.81 56.81 56.81 56.81 56.81 56.81 56.81 56.81 56.81 56.81
 56.81 56.81 56.81 56.81 56.81 56.81 56.81 56.81 56.81
 56.81 56.81 56.81 56.81 56.81 56.81 56.81 56.81 56.81 56.81 56.81 56.81 56.81
 56.81 56.81 56.81 56.81 56.81 56.81 56.81 56.81 56.81 56.81 56.81 56.81 56.81
 56.81 56.81 56.81 56.81 56.81 56.81 56.81 56.81 56.81 56.81 56.81 56.81 56.81
 56.81 56.81 56.81 56.81 56.81 56.81 56.81 56.81 56.81 56.81 56.81 56.81 56.81
 56.81 56.81 56.81 56.81 56.81 56.81 56.81 56.81 56.81 56.81 56.81 56.81 56.81
 56.81 56.81 56.81 566.81 56.81 56.81 56.81 56.81 56.81 56.81 56.81
 56.81 56.81 56.81 56.81 56.81 56.81 56.81 56.81 56.81 56.81 56.81 56.81 56.81
 56.81 56.81 56.81 56.81 56.81 56.81 56.81 56.81 56.81 56.81 56.81 56.81 56.81
 56.81 56.81 56.81 56.81 56.81 56.81 56.81 56.81 56.81 56.81 56.81 56.81 56.81
 56.81 56.81 56.81 56.81 56.81 56.81 56.81 56.81 56.81 56.81 56.81 56.81 56.81
 56.81 56.81 56.81 56.81 56.81 56.81 56.81 56.81 56.81 56.81 56.81 56.81 56.81
 56.81 56.81 56.81 56.81 56.81 56.81 56.81 56.81 56.81 56.81 56.81 56.81 56.81
 56.81 56.81 56.81 56.81 56.81 56.81 56.81 56.81 56.81
  PASS  Example ESMF_ArrayFarrayEx, ./ESMF_ArrayFarrayEx.F90, line 288
.81 56.81 56.81 56.81 56.81 56.81 56.81 56.81 56.81 56.81
 56.81 56.81 56.81 56.81 56.81 56.81 56.81 56.81 56.81 56.81 56.81 56.81 56.81
 56.81 56.81 56.81 56.81 56.81 56.81 56.81 56.81 56.81
  PASS  Example ESMF_ArrayFarrayEx, ./ESMF_ArrayFarrayEx.F90, line 288
 PASS: ESMF_ArrayFarrayEx.F90
 PASS: ESMF_ArrayFarrayEx.F90
 PASS: ESMF_ArrayFarrayEx.F90
 PASS: ESMF_ArrayFarrayEx.F90
