2026-07-23 00:07:10
20260723 061842.239 INFO             PET0 !!!!!!!!!!!!!!!!!!!!!!!!!!!!!!!!!!!!!!!!!!!!!!!!!!!!!!
20260723 061842.242 INFO             PET0 !!! THE ESMF_LOG IS SET TO OUTPUT ALL LOG MESSAGES !!!
20260723 061842.242 INFO             PET0 !!!     THIS MAY CAUSE SLOWDOWN IN PERFORMANCE     !!!
20260723 061842.242 INFO             PET0 !!! FOR PRODUCTION RUNS, USE:                      !!!
20260723 061842.242 INFO             PET0 !!!                   ESMF_LOGKIND_Multi_On_Error  !!!
20260723 061842.242 INFO             PET0 !!!!!!!!!!!!!!!!!!!!!!!!!!!!!!!!!!!!!!!!!!!!!!!!!!!!!!
20260723 061842.242 INFO             PET0 Running with ESMF Version   : develop+g5ee87db4bf
20260723 061842.242 INFO             PET0 ESMF library build date/time: "Jul 22 2026" "23:50:48"
20260723 061842.242 INFO             PET0 ESMF library build location : /Users/mathomp4/ESMF_Testing/llvm_22.1_openmpi_O_develop/esmf
20260723 061842.242 INFO             PET0 ESMF_COMM                   : openmpi
20260723 061842.243 INFO             PET0 ESMF_MOAB                   : enabled
20260723 061842.243 INFO             PET0 ESMF_LAPACK                 : enabled
20260723 061842.243 INFO             PET0 ESMF_NETCDF                 : disabled
20260723 061842.243 INFO             PET0 ESMF_PNETCDF                : disabled
20260723 061842.243 INFO             PET0 ESMF_PIO                    : disabled
20260723 061842.243 INFO             PET0 ESMF_YAMLCPP                : enabled
20260723 061842.248 INFO             PET0 ESMF_FieldRedistStoreNF(): Just entered routine.
20260723 061842.631 INFO             PET0 ESMF_FieldRedistStoreNF(): Leaving routine.
20260723 061842.732 INFO             PET0 ESMF_FieldRedistStoreNF(): Just entered routine.
20260723 061843.065 INFO             PET0 ESMF_FieldRedistStoreNF(): Leaving routine.
20260723 061843.065 INFO             PET0 ESMF_FieldRedistStoreNF(): Just entered routine.
20260723 061843.537 INFO             PET0 ESMF_FieldRedistStoreNF(): Leaving routine.
20260723 061843.538 INFO             PET0  NUMBER_OF_PROCESSORS 4
20260723 061843.538 INFO             PET0  PASS  Example ESMF_FieldRedistEx, ./ESMF_FieldRedistEx.F90, line 521
20260723 061843.538 INFO             PET0  Finalizing ESMF
20260723 061842.237 INFO             PET1 !!!!!!!!!!!!!!!!!!!!!!!!!!!!!!!!!!!!!!!!!!!!!!!!!!!!!!
20260723 061842.245 INFO             PET1 !!! THE ESMF_LOG IS SET TO OUTPUT ALL LOG MESSAGES !!!
20260723 061842.245 INFO             PET1 !!!     THIS MAY CAUSE SLOWDOWN IN PERFORMANCE     !!!
20260723 061842.245 INFO             PET1 !!! FOR PRODUCTION RUNS, USE:                      !!!
20260723 061842.245 INFO             PET1 !!!                   ESMF_LOGKIND_Multi_On_Error  !!!
20260723 061842.245 INFO             PET1 !!!!!!!!!!!!!!!!!!!!!!!!!!!!!!!!!!!!!!!!!!!!!!!!!!!!!!
20260723 061842.245 INFO             PET1 Running with ESMF Version   : develop+g5ee87db4bf
20260723 061842.245 INFO             PET1 ESMF library build date/time: "Jul 22 2026" "23:50:48"
20260723 061842.245 INFO             PET1 ESMF library build location : /Users/mathomp4/ESMF_Testing/llvm_22.1_openmpi_O_develop/esmf
20260723 061842.245 INFO             PET1 ESMF_COMM                   : openmpi
20260723 061842.245 INFO             PET1 ESMF_MOAB                   : enabled
20260723 061842.245 INFO             PET1 ESMF_LAPACK                 : enabled
20260723 061842.245 INFO             PET1 ESMF_NETCDF                 : disabled
20260723 061842.245 INFO             PET1 ESMF_PNETCDF                : disabled
20260723 061842.245 INFO             PET1 ESMF_PIO                    : disabled
20260723 061842.245 INFO             PET1 ESMF_YAMLCPP                : enabled
20260723 061842.248 INFO             PET1 ESMF_FieldRedistStoreNF(): Just entered routine.
20260723 061842.631 INFO             PET1 ESMF_FieldRedistStoreNF(): Leaving routine.
20260723 061842.734 INFO             PET1 ESMF_FieldRedistStoreNF(): Just entered routine.
20260723 061843.065 INFO             PET1 ESMF_FieldRedistStoreNF(): Leaving routine.
20260723 061843.065 INFO             PET1 ESMF_FieldRedistStoreNF(): Just entered routine.
20260723 061843.537 INFO             PET1 ESMF_FieldRedistStoreNF(): Leaving routine.
20260723 061843.538 INFO             PET1  NUMBER_OF_PROCESSORS 4
20260723 061843.538 INFO             PET1  PASS  Example ESMF_FieldRedistEx, ./ESMF_FieldRedistEx.F90, line 521
20260723 061843.538 INFO             PET1  Finalizing ESMF
20260723 061842.238 INFO             PET2 !!!!!!!!!!!!!!!!!!!!!!!!!!!!!!!!!!!!!!!!!!!!!!!!!!!!!!
20260723 061842.242 INFO             PET2 !!! THE ESMF_LOG IS SET TO OUTPUT ALL LOG MESSAGES !!!
20260723 061842.242 INFO             PET2 !!!     THIS MAY CAUSE SLOWDOWN IN PERFORMANCE     !!!
20260723 061842.242 INFO             PET2 !!! FOR PRODUCTION RUNS, USE:                      !!!
20260723 061842.242 INFO             PET2 !!!                   ESMF_LOGKIND_Multi_On_Error  !!!
20260723 061842.242 INFO             PET2 !!!!!!!!!!!!!!!!!!!!!!!!!!!!!!!!!!!!!!!!!!!!!!!!!!!!!!
20260723 061842.242 INFO             PET2 Running with ESMF Version   : develop+g5ee87db4bf
20260723 061842.242 INFO             PET2 ESMF library build date/time: "Jul 22 2026" "23:50:48"
20260723 061842.242 INFO             PET2 ESMF library build location : /Users/mathomp4/ESMF_Testing/llvm_22.1_openmpi_O_develop/esmf
20260723 061842.242 INFO             PET2 ESMF_COMM                   : openmpi
20260723 061842.245 INFO             PET2 ESMF_MOAB                   : enabled
20260723 061842.245 INFO             PET2 ESMF_LAPACK                 : enabled
20260723 061842.245 INFO             PET2 ESMF_NETCDF                 : disabled
20260723 061842.245 INFO             PET2 ESMF_PNETCDF                : disabled
20260723 061842.245 INFO             PET2 ESMF_PIO                    : disabled
20260723 061842.245 INFO             PET2 ESMF_YAMLCPP                : enabled
20260723 061842.251 INFO             PET2 ESMF_FieldRedistStoreNF(): Just entered routine.
20260723 061842.633 INFO             PET2 ESMF_FieldRedistStoreNF(): Leaving routine.
20260723 061842.732 INFO             PET2 ESMF_FieldRedistStoreNF(): Just entered routine.
20260723 061843.068 INFO             PET2 ESMF_FieldRedistStoreNF(): Leaving routine.
20260723 061843.068 INFO             PET2 ESMF_FieldRedistStoreNF(): Just entered routine.
20260723 061843.536 INFO             PET2 ESMF_FieldRedistStoreNF(): Leaving routine.
20260723 061843.536 INFO             PET2  NUMBER_OF_PROCESSORS 4
20260723 061843.536 INFO             PET2  PASS  Example ESMF_FieldRedistEx, ./ESMF_FieldRedistEx.F90, line 521
20260723 061843.536 INFO             PET2  Finalizing ESMF
20260723 061842.237 INFO             PET3 !!!!!!!!!!!!!!!!!!!!!!!!!!!!!!!!!!!!!!!!!!!!!!!!!!!!!!
20260723 061842.243 INFO             PET3 !!! THE ESMF_LOG IS SET TO OUTPUT ALL LOG MESSAGES !!!
20260723 061842.243 INFO             PET3 !!!     THIS MAY CAUSE SLOWDOWN IN PERFORMANCE     !!!
20260723 061842.243 INFO             PET3 !!! FOR PRODUCTION RUNS, USE:                      !!!
20260723 061842.243 INFO             PET3 !!!                   ESMF_LOGKIND_Multi_On_Error  !!!
20260723 061842.243 INFO             PET3 !!!!!!!!!!!!!!!!!!!!!!!!!!!!!!!!!!!!!!!!!!!!!!!!!!!!!!
20260723 061842.243 INFO             PET3 Running with ESMF Version   : develop+g5ee87db4bf
20260723 061842.243 INFO             PET3 ESMF library build date/time: "Jul 22 2026" "23:50:48"
20260723 061842.243 INFO             PET3 ESMF library build location : /Users/mathomp4/ESMF_Testing/llvm_22.1_openmpi_O_develop/esmf
20260723 061842.243 INFO             PET3 ESMF_COMM                   : openmpi
20260723 061842.243 INFO             PET3 ESMF_MOAB                   : enabled
20260723 061842.243 INFO             PET3 ESMF_LAPACK                 : enabled
20260723 061842.243 INFO             PET3 ESMF_NETCDF                 : disabled
20260723 061842.243 INFO             PET3 ESMF_PNETCDF                : disabled
20260723 061842.243 INFO             PET3 ESMF_PIO                    : disabled
20260723 061842.243 INFO             PET3 ESMF_YAMLCPP                : enabled
20260723 061842.251 INFO             PET3 ESMF_FieldRedistStoreNF(): Just entered routine.
20260723 061842.632 INFO             PET3 ESMF_FieldRedistStoreNF(): Leaving routine.
20260723 061842.734 INFO             PET3 ESMF_FieldRedistStoreNF(): Just entered routine.
20260723 061843.066 INFO             PET3 ESMF_FieldRedistStoreNF(): Leaving routine.
20260723 061843.066 INFO             PET3 ESMF_FieldRedistStoreNF(): Just entered routine.
20260723 061843.537 INFO             PET3 ESMF_FieldRedistStoreNF(): Leaving routine.
20260723 061843.537 INFO             PET3  NUMBER_OF_PROCESSORS 4
20260723 061843.537 INFO             PET3  PASS  Example ESMF_FieldRedistEx, ./ESMF_FieldRedistEx.F90, line 521
20260723 061843.537 INFO             PET3  Finalizing ESMF
