2026-07-11 00:27:18
20260711 070205.320 INFO             PET0 !!!!!!!!!!!!!!!!!!!!!!!!!!!!!!!!!!!!!!!!!!!!!!!!!!!!!!
20260711 070205.322 INFO             PET0 !!! THE ESMF_LOG IS SET TO OUTPUT ALL LOG MESSAGES !!!
20260711 070205.322 INFO             PET0 !!!     THIS MAY CAUSE SLOWDOWN IN PERFORMANCE     !!!
20260711 070205.322 INFO             PET0 !!! FOR PRODUCTION RUNS, USE:                      !!!
20260711 070205.322 INFO             PET0 !!!                   ESMF_LOGKIND_Multi_On_Error  !!!
20260711 070205.322 INFO             PET0 !!!!!!!!!!!!!!!!!!!!!!!!!!!!!!!!!!!!!!!!!!!!!!!!!!!!!!
20260711 070205.322 INFO             PET0 Running with ESMF Version   : develop+gf1c7bb6d5f
20260711 070205.322 INFO             PET0 ESMF library build date/time: "Jul 11 2026" "00:09:07"
20260711 070205.322 INFO             PET0 ESMF library build location : /Users/mathomp4/ESMF_Testing/llvm_22.1_openmpi_O_develop/esmf
20260711 070205.322 INFO             PET0 ESMF_COMM                   : openmpi
20260711 070205.322 INFO             PET0 ESMF_MOAB                   : enabled
20260711 070205.322 INFO             PET0 ESMF_LAPACK                 : enabled
20260711 070205.322 INFO             PET0 ESMF_NETCDF                 : disabled
20260711 070205.322 INFO             PET0 ESMF_PNETCDF                : disabled
20260711 070205.322 INFO             PET0 ESMF_PIO                    : disabled
20260711 070205.322 INFO             PET0 ESMF_YAMLCPP                : enabled
20260711 070205.323 INFO             PET0  NUMBER_OF_PROCESSORS 1
20260711 070205.323 INFO             PET0  PASS  Example ESMF_TimeIntervalEx, ./ESMF_TimeIntervalEx.F90, line 176
20260711 070205.323 INFO             PET0  Finalizing ESMF
