2026-07-29 00:19:19
20260729 062908.042 INFO             PET0 !!!!!!!!!!!!!!!!!!!!!!!!!!!!!!!!!!!!!!!!!!!!!!!!!!!!!!
20260729 062908.045 INFO             PET0 !!! THE ESMF_LOG IS SET TO OUTPUT ALL LOG MESSAGES !!!
20260729 062908.045 INFO             PET0 !!!     THIS MAY CAUSE SLOWDOWN IN PERFORMANCE     !!!
20260729 062908.045 INFO             PET0 !!! FOR PRODUCTION RUNS, USE:                      !!!
20260729 062908.045 INFO             PET0 !!!                   ESMF_LOGKIND_Multi_On_Error  !!!
20260729 062908.045 INFO             PET0 !!!!!!!!!!!!!!!!!!!!!!!!!!!!!!!!!!!!!!!!!!!!!!!!!!!!!!
20260729 062908.045 INFO             PET0 Running with ESMF Version   : develop+g6f2cfc7ce0
20260729 062908.045 INFO             PET0 ESMF library build date/time: "Jul 29 2026" "00:02:33"
20260729 062908.045 INFO             PET0 ESMF library build location : /Users/mathomp4/ESMF_Testing/llvm_22.1_openmpi_O_develop/esmf
20260729 062908.045 INFO             PET0 ESMF_COMM                   : openmpi
20260729 062908.045 INFO             PET0 ESMF_MOAB                   : enabled
20260729 062908.045 INFO             PET0 ESMF_LAPACK                 : enabled
20260729 062908.045 INFO             PET0 ESMF_NETCDF                 : disabled
20260729 062908.045 INFO             PET0 ESMF_PNETCDF                : disabled
20260729 062908.045 INFO             PET0 ESMF_PIO                    : disabled
20260729 062908.045 INFO             PET0 ESMF_YAMLCPP                : enabled
20260729 062908.258 INFO             PET0 ESMF_FieldRedistStoreNF(): Just entered routine.
20260729 062909.594 INFO             PET0 ESMF_FieldRedistStoreNF(): Leaving routine.
20260729 062909.660 INFO             PET0  NUMBER_OF_PROCESSORS 4
20260729 062909.660 INFO             PET0  PASS  Example ESMF_RHandleFromRHandleEx, ./ESMF_RHandleFromRHandleEx.F90, line 660
20260729 062909.660 INFO             PET0  Finalizing ESMF
20260729 062908.042 INFO             PET1 !!!!!!!!!!!!!!!!!!!!!!!!!!!!!!!!!!!!!!!!!!!!!!!!!!!!!!
20260729 062908.045 INFO             PET1 !!! THE ESMF_LOG IS SET TO OUTPUT ALL LOG MESSAGES !!!
20260729 062908.045 INFO             PET1 !!!     THIS MAY CAUSE SLOWDOWN IN PERFORMANCE     !!!
20260729 062908.045 INFO             PET1 !!! FOR PRODUCTION RUNS, USE:                      !!!
20260729 062908.045 INFO             PET1 !!!                   ESMF_LOGKIND_Multi_On_Error  !!!
20260729 062908.045 INFO             PET1 !!!!!!!!!!!!!!!!!!!!!!!!!!!!!!!!!!!!!!!!!!!!!!!!!!!!!!
20260729 062908.045 INFO             PET1 Running with ESMF Version   : develop+g6f2cfc7ce0
20260729 062908.045 INFO             PET1 ESMF library build date/time: "Jul 29 2026" "00:02:33"
20260729 062908.045 INFO             PET1 ESMF library build location : /Users/mathomp4/ESMF_Testing/llvm_22.1_openmpi_O_develop/esmf
20260729 062908.045 INFO             PET1 ESMF_COMM                   : openmpi
20260729 062908.045 INFO             PET1 ESMF_MOAB                   : enabled
20260729 062908.046 INFO             PET1 ESMF_LAPACK                 : enabled
20260729 062908.046 INFO             PET1 ESMF_NETCDF                 : disabled
20260729 062908.046 INFO             PET1 ESMF_PNETCDF                : disabled
20260729 062908.046 INFO             PET1 ESMF_PIO                    : disabled
20260729 062908.046 INFO             PET1 ESMF_YAMLCPP                : enabled
20260729 062908.258 INFO             PET1 ESMF_FieldRedistStoreNF(): Just entered routine.
20260729 062909.588 INFO             PET1 ESMF_FieldRedistStoreNF(): Leaving routine.
20260729 062909.654 INFO             PET1  NUMBER_OF_PROCESSORS 4
20260729 062909.654 INFO             PET1  PASS  Example ESMF_RHandleFromRHandleEx, ./ESMF_RHandleFromRHandleEx.F90, line 660
20260729 062909.654 INFO             PET1  Finalizing ESMF
20260729 062908.044 INFO             PET2 !!!!!!!!!!!!!!!!!!!!!!!!!!!!!!!!!!!!!!!!!!!!!!!!!!!!!!
20260729 062908.048 INFO             PET2 !!! THE ESMF_LOG IS SET TO OUTPUT ALL LOG MESSAGES !!!
20260729 062908.048 INFO             PET2 !!!     THIS MAY CAUSE SLOWDOWN IN PERFORMANCE     !!!
20260729 062908.048 INFO             PET2 !!! FOR PRODUCTION RUNS, USE:                      !!!
20260729 062908.048 INFO             PET2 !!!                   ESMF_LOGKIND_Multi_On_Error  !!!
20260729 062908.048 INFO             PET2 !!!!!!!!!!!!!!!!!!!!!!!!!!!!!!!!!!!!!!!!!!!!!!!!!!!!!!
20260729 062908.048 INFO             PET2 Running with ESMF Version   : develop+g6f2cfc7ce0
20260729 062908.048 INFO             PET2 ESMF library build date/time: "Jul 29 2026" "00:02:33"
20260729 062908.048 INFO             PET2 ESMF library build location : /Users/mathomp4/ESMF_Testing/llvm_22.1_openmpi_O_develop/esmf
20260729 062908.048 INFO             PET2 ESMF_COMM                   : openmpi
20260729 062908.049 INFO             PET2 ESMF_MOAB                   : enabled
20260729 062908.049 INFO             PET2 ESMF_LAPACK                 : enabled
20260729 062908.049 INFO             PET2 ESMF_NETCDF                 : disabled
20260729 062908.049 INFO             PET2 ESMF_PNETCDF                : disabled
20260729 062908.049 INFO             PET2 ESMF_PIO                    : disabled
20260729 062908.049 INFO             PET2 ESMF_YAMLCPP                : enabled
20260729 062908.260 INFO             PET2 ESMF_FieldRedistStoreNF(): Just entered routine.
20260729 062909.594 INFO             PET2 ESMF_FieldRedistStoreNF(): Leaving routine.
20260729 062909.650 INFO             PET2  NUMBER_OF_PROCESSORS 4
20260729 062909.650 INFO             PET2  PASS  Example ESMF_RHandleFromRHandleEx, ./ESMF_RHandleFromRHandleEx.F90, line 660
20260729 062909.650 INFO             PET2  Finalizing ESMF
20260729 062908.043 INFO             PET3 !!!!!!!!!!!!!!!!!!!!!!!!!!!!!!!!!!!!!!!!!!!!!!!!!!!!!!
20260729 062908.045 INFO             PET3 !!! THE ESMF_LOG IS SET TO OUTPUT ALL LOG MESSAGES !!!
20260729 062908.045 INFO             PET3 !!!     THIS MAY CAUSE SLOWDOWN IN PERFORMANCE     !!!
20260729 062908.045 INFO             PET3 !!! FOR PRODUCTION RUNS, USE:                      !!!
20260729 062908.045 INFO             PET3 !!!                   ESMF_LOGKIND_Multi_On_Error  !!!
20260729 062908.045 INFO             PET3 !!!!!!!!!!!!!!!!!!!!!!!!!!!!!!!!!!!!!!!!!!!!!!!!!!!!!!
20260729 062908.045 INFO             PET3 Running with ESMF Version   : develop+g6f2cfc7ce0
20260729 062908.045 INFO             PET3 ESMF library build date/time: "Jul 29 2026" "00:02:33"
20260729 062908.045 INFO             PET3 ESMF library build location : /Users/mathomp4/ESMF_Testing/llvm_22.1_openmpi_O_develop/esmf
20260729 062908.045 INFO             PET3 ESMF_COMM                   : openmpi
20260729 062908.045 INFO             PET3 ESMF_MOAB                   : enabled
20260729 062908.045 INFO             PET3 ESMF_LAPACK                 : enabled
20260729 062908.045 INFO             PET3 ESMF_NETCDF                 : disabled
20260729 062908.045 INFO             PET3 ESMF_PNETCDF                : disabled
20260729 062908.045 INFO             PET3 ESMF_PIO                    : disabled
20260729 062908.045 INFO             PET3 ESMF_YAMLCPP                : enabled
20260729 062908.260 INFO             PET3 ESMF_FieldRedistStoreNF(): Just entered routine.
20260729 062909.585 INFO             PET3 ESMF_FieldRedistStoreNF(): Leaving routine.
20260729 062909.654 INFO             PET3  NUMBER_OF_PROCESSORS 4
20260729 062909.654 INFO             PET3  PASS  Example ESMF_RHandleFromRHandleEx, ./ESMF_RHandleFromRHandleEx.F90, line 660
20260729 062909.654 INFO             PET3  Finalizing ESMF
