2026-07-06 19:10:14
20260706 192344.520 INFO             PET0 !!!!!!!!!!!!!!!!!!!!!!!!!!!!!!!!!!!!!!!!!!!!!!!!!!!!!!
20260706 192344.520 INFO             PET0 !!! THE ESMF_LOG IS SET TO OUTPUT ALL LOG MESSAGES !!!
20260706 192344.520 INFO             PET0 !!!     THIS MAY CAUSE SLOWDOWN IN PERFORMANCE     !!!
20260706 192344.520 INFO             PET0 !!! FOR PRODUCTION RUNS, USE:                      !!!
20260706 192344.520 INFO             PET0 !!!                   ESMF_LOGKIND_Multi_On_Error  !!!
20260706 192344.520 INFO             PET0 !!!!!!!!!!!!!!!!!!!!!!!!!!!!!!!!!!!!!!!!!!!!!!!!!!!!!!
20260706 192344.520 INFO             PET0 Running with ESMF Version   : v9.0.0b16
20260706 192344.520 INFO             PET0 ESMF library build date/time: "Jul  6 2026" "19:09:26"
20260706 192344.520 INFO             PET0 ESMF library build location : /usr/local/esmf/esmf-testing/nagclang_7.2.44_17.0.0_mpiuni_O_develop/esmf
20260706 192344.520 INFO             PET0 ESMF_COMM                   : mpiuni
20260706 192344.521 INFO             PET0 ESMF_MOAB                   : enabled
20260706 192344.521 INFO             PET0 ESMF_LAPACK                 : enabled
20260706 192344.521 INFO             PET0 ESMF_NETCDF                 : enabled
20260706 192344.521 INFO             PET0 ESMF_PNETCDF                : disabled
20260706 192344.521 INFO             PET0 ESMF_PIO                    : enabled
20260706 192344.521 INFO             PET0 ESMF_YAMLCPP                : enabled
20260706 192344.521 INFO             PET0  NUMBER_OF_PROCESSORS 1
20260706 192344.521 INFO             PET0  PASS  Example ESMF_VMUserMpiEx, ESMF_VMUserMpiEx.F90, line 100
20260706 192344.521 INFO             PET0  Finalizing ESMF with endflag==ESMF_END_KEEPMPI
