2026-08-06 19:11:29
20260806 192704.618 INFO             PET0 !!!!!!!!!!!!!!!!!!!!!!!!!!!!!!!!!!!!!!!!!!!!!!!!!!!!!!
20260806 192704.618 INFO             PET0 !!! THE ESMF_LOG IS SET TO OUTPUT ALL LOG MESSAGES !!!
20260806 192704.618 INFO             PET0 !!!     THIS MAY CAUSE SLOWDOWN IN PERFORMANCE     !!!
20260806 192704.618 INFO             PET0 !!! FOR PRODUCTION RUNS, USE:                      !!!
20260806 192704.618 INFO             PET0 !!!                   ESMF_LOGKIND_Multi_On_Error  !!!
20260806 192704.618 INFO             PET0 !!!!!!!!!!!!!!!!!!!!!!!!!!!!!!!!!!!!!!!!!!!!!!!!!!!!!!
20260806 192704.618 INFO             PET0 Running with ESMF Version   : develop+g432bc4507e
20260806 192704.618 INFO             PET0 ESMF library build date/time: "Aug  6 2026" "19:10:31"
20260806 192704.618 INFO             PET0 ESMF library build location : /usr/local/esmf/esmf-testing/nagclang_7.2.44_17.0.0_mpiuni_O_develop/esmf
20260806 192704.618 INFO             PET0 ESMF_COMM                   : mpiuni
20260806 192704.619 INFO             PET0 ESMF_MOAB                   : enabled
20260806 192704.619 INFO             PET0 ESMF_LAPACK                 : enabled
20260806 192704.619 INFO             PET0 ESMF_NETCDF                 : enabled
20260806 192704.619 INFO             PET0 ESMF_PNETCDF                : disabled
20260806 192704.619 INFO             PET0 ESMF_PIO                    : enabled
20260806 192704.619 INFO             PET0 ESMF_YAMLCPP                : enabled
20260806 192704.619 INFO             PET0  NUMBER_OF_PROCESSORS 1
20260806 192704.619 INFO             PET0  PASS  Example ESMF_GridCreateRegFromDGEx, ESMF_GridCreateRegFromDGEx.F90, line 112
20260806 192704.619 INFO             PET0  Finalizing ESMF
