2026-05-06 07:32:38
20260506 081746.065 INFO             PET0 !!!!!!!!!!!!!!!!!!!!!!!!!!!!!!!!!!!!!!!!!!!!!!!!!!!!!!
20260506 081746.066 INFO             PET0 !!! THE ESMF_LOG IS SET TO OUTPUT ALL LOG MESSAGES !!!
20260506 081746.066 INFO             PET0 !!!     THIS MAY CAUSE SLOWDOWN IN PERFORMANCE     !!!
20260506 081746.066 INFO             PET0 !!! FOR PRODUCTION RUNS, USE:                      !!!
20260506 081746.066 INFO             PET0 !!!                   ESMF_LOGKIND_Multi_On_Error  !!!
20260506 081746.066 INFO             PET0 !!!!!!!!!!!!!!!!!!!!!!!!!!!!!!!!!!!!!!!!!!!!!!!!!!!!!!
20260506 081746.066 INFO             PET0 Running with ESMF Version   : develop+g0ae3009ebf
20260506 081746.066 INFO             PET0 ESMF library build date/time: "May  6 2026" "07:29:46"
20260506 081746.066 INFO             PET0 ESMF library build location : /scratch3/NCEPDEV/stmp/Gerhard.Theurich/ESMF-Nightly-Testing-Hera/intel_2023.2.0_mpiuni_g_develop/esmf
20260506 081746.066 INFO             PET0 ESMF_COMM                   : mpiuni
20260506 081746.067 INFO             PET0 ESMF_MOAB                   : enabled
20260506 081746.067 INFO             PET0 ESMF_LAPACK                 : enabled
20260506 081746.067 INFO             PET0 ESMF_NETCDF                 : enabled
20260506 081746.067 INFO             PET0 ESMF_PNETCDF                : disabled
20260506 081746.067 INFO             PET0 ESMF_PIO                    : enabled
20260506 081746.067 INFO             PET0 ESMF_YAMLCPP                : enabled
20260506 081746.068 INFO             PET0  NUMBER_OF_PROCESSORS           1
20260506 081746.068 INFO             PET0  PASS  Example ESMF_WebServicesEx, ESMF_WebServicesEx.F90, line 227
20260506 081746.068 INFO             PET0  Finalizing ESMF
