2026-07-29 01:27:47
20260729 022611.146 INFO             PET0 !!!!!!!!!!!!!!!!!!!!!!!!!!!!!!!!!!!!!!!!!!!!!!!!!!!!!!
20260729 022611.146 INFO             PET0 !!! THE ESMF_LOG IS SET TO OUTPUT ALL LOG MESSAGES !!!
20260729 022611.146 INFO             PET0 !!!     THIS MAY CAUSE SLOWDOWN IN PERFORMANCE     !!!
20260729 022611.146 INFO             PET0 !!! FOR PRODUCTION RUNS, USE:                      !!!
20260729 022611.146 INFO             PET0 !!!                   ESMF_LOGKIND_Multi_On_Error  !!!
20260729 022611.146 INFO             PET0 !!!!!!!!!!!!!!!!!!!!!!!!!!!!!!!!!!!!!!!!!!!!!!!!!!!!!!
20260729 022611.146 INFO             PET0 Running with ESMF Version   : develop+g6f2cfc7ce0
20260729 022611.146 INFO             PET0 ESMF library build date/time: "Jul 29 2026" "01:24:34"
20260729 022611.146 INFO             PET0 ESMF library build location : /project/esmf/ESMF-Nightly-Testing-Izumi/intel_20.0.1_mpiuni_g_develop/esmf
20260729 022611.146 INFO             PET0 ESMF_COMM                   : mpiuni
20260729 022611.148 INFO             PET0 ESMF_MOAB                   : enabled
20260729 022611.148 INFO             PET0 ESMF_LAPACK                 : enabled
20260729 022611.148 INFO             PET0 ESMF_NETCDF                 : enabled
20260729 022611.148 INFO             PET0 ESMF_PNETCDF                : disabled
20260729 022611.148 INFO             PET0 ESMF_PIO                    : enabled
20260729 022611.148 INFO             PET0 ESMF_YAMLCPP                : enabled
20260729 022611.294 INFO             PET0  NUMBER_OF_PROCESSORS           1
20260729 022611.297 INFO             PET0  PASS  Example ESMF_RHandleReusabilityEx, ESMF_RHandleReusabilityEx.F90, line 582
20260729 022611.297 INFO             PET0  Finalizing ESMF
