2026-07-19 01:28:40
20260719 020748.920 INFO             PET0 !!!!!!!!!!!!!!!!!!!!!!!!!!!!!!!!!!!!!!!!!!!!!!!!!!!!!!
20260719 020748.920 INFO             PET0 !!! THE ESMF_LOG IS SET TO OUTPUT ALL LOG MESSAGES !!!
20260719 020748.920 INFO             PET0 !!!     THIS MAY CAUSE SLOWDOWN IN PERFORMANCE     !!!
20260719 020748.920 INFO             PET0 !!! FOR PRODUCTION RUNS, USE:                      !!!
20260719 020748.920 INFO             PET0 !!!                   ESMF_LOGKIND_Multi_On_Error  !!!
20260719 020748.920 INFO             PET0 !!!!!!!!!!!!!!!!!!!!!!!!!!!!!!!!!!!!!!!!!!!!!!!!!!!!!!
20260719 020748.920 INFO             PET0 Running with ESMF Version   : develop+g5ee87db4bf
20260719 020748.920 INFO             PET0 ESMF library build date/time: "Jul 19 2026" "01:24:19"
20260719 020748.920 INFO             PET0 ESMF library build location : /project/esmf/ESMF-Nightly-Testing-Izumi/intel_20.0.1_mpiuni_g_develop/esmf
20260719 020748.920 INFO             PET0 ESMF_COMM                   : mpiuni
20260719 020748.923 INFO             PET0 ESMF_MOAB                   : enabled
20260719 020748.923 INFO             PET0 ESMF_LAPACK                 : enabled
20260719 020748.923 INFO             PET0 ESMF_NETCDF                 : enabled
20260719 020748.923 INFO             PET0 ESMF_PNETCDF                : disabled
20260719 020748.923 INFO             PET0 ESMF_PIO                    : enabled
20260719 020748.923 INFO             PET0 ESMF_YAMLCPP                : enabled
20260719 020748.923 INFO             PET0 ESMF Tracing Enabled
20260719 020748.923 INFO             PET0 ESMF Profiling Enabled
20260719 020748.923 INFO             PET0 ESMF Trace/Profile clock: REALTIME
20260719 020748.931 INFO             PET0  NUMBER_OF_PROCESSORS           1
20260719 020748.931 INFO             PET0  PASS  Example ESMF_TraceUserEx, ESMF_TraceUserEx.F90, line 125
20260719 020748.931 INFO             PET0  Finalizing ESMF
20260719 020748.931 INFO             PET0 **************** Region Timings *******************
20260719 020748.931 INFO             PET0 Region                Count  Total (s)   Self (s)    Mean (s)    Min (s)     Max (s)
20260719 020748.931 INFO             PET0   [ESMF]              1      0.0032      0.0027      0.0032      0.0032      0.0032
20260719 020748.931 INFO             PET0     outer_region      1      0.0004      0.0000      0.0004      0.0004      0.0004
20260719 020748.931 INFO             PET0       inner_region_1  10     0.0003      0.0003      0.0000      0.0000      0.0000
20260719 020748.931 INFO             PET0       inner_region_2  10     0.0001      0.0001      0.0000      0.0000      0.0000
