2026-07-02 02:58:42
20260702 031606.968 INFO             PET0 !!!!!!!!!!!!!!!!!!!!!!!!!!!!!!!!!!!!!!!!!!!!!!!!!!!!!!
20260702 031606.969 INFO             PET0 !!! THE ESMF_LOG IS SET TO OUTPUT ALL LOG MESSAGES !!!
20260702 031606.969 INFO             PET0 !!!     THIS MAY CAUSE SLOWDOWN IN PERFORMANCE     !!!
20260702 031606.969 INFO             PET0 !!! FOR PRODUCTION RUNS, USE:                      !!!
20260702 031606.969 INFO             PET0 !!!                   ESMF_LOGKIND_Multi_On_Error  !!!
20260702 031606.969 INFO             PET0 !!!!!!!!!!!!!!!!!!!!!!!!!!!!!!!!!!!!!!!!!!!!!!!!!!!!!!
20260702 031606.969 INFO             PET0 Running with ESMF Version   : develop+g97275e0470
20260702 031606.969 INFO             PET0 ESMF library build date/time: "Jul  2 2026" "02:57:36"
20260702 031606.969 INFO             PET0 ESMF library build location : /usr/local/esmf/esmf-testing/gfortran_14.2.0_openmpi_O_develop/esmf
20260702 031606.969 INFO             PET0 ESMF_COMM                   : openmpi
20260702 031606.969 INFO             PET0 ESMF_MOAB                   : enabled
20260702 031606.969 INFO             PET0 ESMF_LAPACK                 : enabled
20260702 031606.969 INFO             PET0 ESMF_NETCDF                 : enabled
20260702 031606.969 INFO             PET0 ESMF_PNETCDF                : disabled
20260702 031606.969 INFO             PET0 ESMF_PIO                    : enabled
20260702 031606.969 INFO             PET0 ESMF_YAMLCPP                : enabled
20260702 031606.969 INFO             PET0  NUMBER_OF_PROCESSORS           4
20260702 031606.969 INFO             PET0  PASS  Example ESMF_FieldCommEx, ESMF_FieldCommEx.F90, line 258
20260702 031606.969 INFO             PET0  Finalizing ESMF
20260702 031606.968 INFO             PET1 !!!!!!!!!!!!!!!!!!!!!!!!!!!!!!!!!!!!!!!!!!!!!!!!!!!!!!
20260702 031606.969 INFO             PET1 !!! THE ESMF_LOG IS SET TO OUTPUT ALL LOG MESSAGES !!!
20260702 031606.969 INFO             PET1 !!!     THIS MAY CAUSE SLOWDOWN IN PERFORMANCE     !!!
20260702 031606.969 INFO             PET1 !!! FOR PRODUCTION RUNS, USE:                      !!!
20260702 031606.969 INFO             PET1 !!!                   ESMF_LOGKIND_Multi_On_Error  !!!
20260702 031606.969 INFO             PET1 !!!!!!!!!!!!!!!!!!!!!!!!!!!!!!!!!!!!!!!!!!!!!!!!!!!!!!
20260702 031606.969 INFO             PET1 Running with ESMF Version   : develop+g97275e0470
20260702 031606.969 INFO             PET1 ESMF library build date/time: "Jul  2 2026" "02:57:36"
20260702 031606.969 INFO             PET1 ESMF library build location : /usr/local/esmf/esmf-testing/gfortran_14.2.0_openmpi_O_develop/esmf
20260702 031606.969 INFO             PET1 ESMF_COMM                   : openmpi
20260702 031606.969 INFO             PET1 ESMF_MOAB                   : enabled
20260702 031606.969 INFO             PET1 ESMF_LAPACK                 : enabled
20260702 031606.969 INFO             PET1 ESMF_NETCDF                 : enabled
20260702 031606.969 INFO             PET1 ESMF_PNETCDF                : disabled
20260702 031606.969 INFO             PET1 ESMF_PIO                    : enabled
20260702 031606.969 INFO             PET1 ESMF_YAMLCPP                : enabled
20260702 031606.969 INFO             PET1  NUMBER_OF_PROCESSORS           4
20260702 031606.969 INFO             PET1  PASS  Example ESMF_FieldCommEx, ESMF_FieldCommEx.F90, line 258
20260702 031606.969 INFO             PET1  Finalizing ESMF
20260702 031606.968 INFO             PET2 !!!!!!!!!!!!!!!!!!!!!!!!!!!!!!!!!!!!!!!!!!!!!!!!!!!!!!
20260702 031606.969 INFO             PET2 !!! THE ESMF_LOG IS SET TO OUTPUT ALL LOG MESSAGES !!!
20260702 031606.969 INFO             PET2 !!!     THIS MAY CAUSE SLOWDOWN IN PERFORMANCE     !!!
20260702 031606.969 INFO             PET2 !!! FOR PRODUCTION RUNS, USE:                      !!!
20260702 031606.969 INFO             PET2 !!!                   ESMF_LOGKIND_Multi_On_Error  !!!
20260702 031606.969 INFO             PET2 !!!!!!!!!!!!!!!!!!!!!!!!!!!!!!!!!!!!!!!!!!!!!!!!!!!!!!
20260702 031606.969 INFO             PET2 Running with ESMF Version   : develop+g97275e0470
20260702 031606.969 INFO             PET2 ESMF library build date/time: "Jul  2 2026" "02:57:36"
20260702 031606.969 INFO             PET2 ESMF library build location : /usr/local/esmf/esmf-testing/gfortran_14.2.0_openmpi_O_develop/esmf
20260702 031606.969 INFO             PET2 ESMF_COMM                   : openmpi
20260702 031606.969 INFO             PET2 ESMF_MOAB                   : enabled
20260702 031606.969 INFO             PET2 ESMF_LAPACK                 : enabled
20260702 031606.969 INFO             PET2 ESMF_NETCDF                 : enabled
20260702 031606.969 INFO             PET2 ESMF_PNETCDF                : disabled
20260702 031606.969 INFO             PET2 ESMF_PIO                    : enabled
20260702 031606.969 INFO             PET2 ESMF_YAMLCPP                : enabled
20260702 031606.969 INFO             PET2  NUMBER_OF_PROCESSORS           4
20260702 031606.969 INFO             PET2  PASS  Example ESMF_FieldCommEx, ESMF_FieldCommEx.F90, line 258
20260702 031606.969 INFO             PET2  Finalizing ESMF
20260702 031606.968 INFO             PET3 !!!!!!!!!!!!!!!!!!!!!!!!!!!!!!!!!!!!!!!!!!!!!!!!!!!!!!
20260702 031606.969 INFO             PET3 !!! THE ESMF_LOG IS SET TO OUTPUT ALL LOG MESSAGES !!!
20260702 031606.969 INFO             PET3 !!!     THIS MAY CAUSE SLOWDOWN IN PERFORMANCE     !!!
20260702 031606.969 INFO             PET3 !!! FOR PRODUCTION RUNS, USE:                      !!!
20260702 031606.969 INFO             PET3 !!!                   ESMF_LOGKIND_Multi_On_Error  !!!
20260702 031606.969 INFO             PET3 !!!!!!!!!!!!!!!!!!!!!!!!!!!!!!!!!!!!!!!!!!!!!!!!!!!!!!
20260702 031606.969 INFO             PET3 Running with ESMF Version   : develop+g97275e0470
20260702 031606.969 INFO             PET3 ESMF library build date/time: "Jul  2 2026" "02:57:36"
20260702 031606.969 INFO             PET3 ESMF library build location : /usr/local/esmf/esmf-testing/gfortran_14.2.0_openmpi_O_develop/esmf
20260702 031606.969 INFO             PET3 ESMF_COMM                   : openmpi
20260702 031606.969 INFO             PET3 ESMF_MOAB                   : enabled
20260702 031606.969 INFO             PET3 ESMF_LAPACK                 : enabled
20260702 031606.969 INFO             PET3 ESMF_NETCDF                 : enabled
20260702 031606.969 INFO             PET3 ESMF_PNETCDF                : disabled
20260702 031606.969 INFO             PET3 ESMF_PIO                    : enabled
20260702 031606.969 INFO             PET3 ESMF_YAMLCPP                : enabled
20260702 031606.969 INFO             PET3  NUMBER_OF_PROCESSORS           4
20260702 031606.969 INFO             PET3  PASS  Example ESMF_FieldCommEx, ESMF_FieldCommEx.F90, line 258
20260702 031606.969 INFO             PET3  Finalizing ESMF
