2026-07-04 07:35:13
20260704 081940.214 INFO             PET0 !!!!!!!!!!!!!!!!!!!!!!!!!!!!!!!!!!!!!!!!!!!!!!!!!!!!!!
20260704 081940.214 INFO             PET0 !!! THE ESMF_LOG IS SET TO OUTPUT ALL LOG MESSAGES !!!
20260704 081940.214 INFO             PET0 !!!     THIS MAY CAUSE SLOWDOWN IN PERFORMANCE     !!!
20260704 081940.214 INFO             PET0 !!! FOR PRODUCTION RUNS, USE:                      !!!
20260704 081940.214 INFO             PET0 !!!                   ESMF_LOGKIND_Multi_On_Error  !!!
20260704 081940.214 INFO             PET0 !!!!!!!!!!!!!!!!!!!!!!!!!!!!!!!!!!!!!!!!!!!!!!!!!!!!!!
20260704 081940.214 INFO             PET0 Running with ESMF Version   : develop+g9764fd2b2f
20260704 081940.214 INFO             PET0 ESMF library build date/time: "Jul  4 2026" "07:32:24"
20260704 081940.214 INFO             PET0 ESMF library build location : /scratch3/NCEPDEV/stmp/Gerhard.Theurich/ESMF-Nightly-Testing-Hera/intel_2023.2.0-oneAPI_intelmpi_O_develop/esmf
20260704 081940.214 INFO             PET0 ESMF_COMM                   : intelmpi
20260704 081940.215 INFO             PET0 ESMF_MOAB                   : enabled
20260704 081940.215 INFO             PET0 ESMF_LAPACK                 : enabled
20260704 081940.215 INFO             PET0 ESMF_NETCDF                 : enabled
20260704 081940.215 INFO             PET0 ESMF_PNETCDF                : disabled
20260704 081940.215 INFO             PET0 ESMF_PIO                    : enabled
20260704 081940.215 INFO             PET0 ESMF_YAMLCPP                : enabled
20260704 081940.215 INFO             PET0  NUMBER_OF_PROCESSORS           1
20260704 081940.215 INFO             PET0  PASS  Example ESMF_TimeIntervalEx, ESMF_TimeIntervalEx.F90, line 176
20260704 081940.215 INFO             PET0  Finalizing ESMF
