2026-06-09 07:35:36
20260609 082219.854 INFO             PET0 !!!!!!!!!!!!!!!!!!!!!!!!!!!!!!!!!!!!!!!!!!!!!!!!!!!!!!
20260609 082219.854 INFO             PET0 !!! THE ESMF_LOG IS SET TO OUTPUT ALL LOG MESSAGES !!!
20260609 082219.854 INFO             PET0 !!!     THIS MAY CAUSE SLOWDOWN IN PERFORMANCE     !!!
20260609 082219.854 INFO             PET0 !!! FOR PRODUCTION RUNS, USE:                      !!!
20260609 082219.854 INFO             PET0 !!!                   ESMF_LOGKIND_Multi_On_Error  !!!
20260609 082219.854 INFO             PET0 !!!!!!!!!!!!!!!!!!!!!!!!!!!!!!!!!!!!!!!!!!!!!!!!!!!!!!
20260609 082219.854 INFO             PET0 Running with ESMF Version   : develop+gf183dd1f0b
20260609 082219.854 INFO             PET0 ESMF library build date/time: "Jun  9 2026" "07:32:49"
20260609 082219.854 INFO             PET0 ESMF library build location : /scratch3/NCEPDEV/stmp/Gerhard.Theurich/ESMF-Nightly-Testing-Hera/intel_2023.2.0-oneAPI_intelmpi_O_develop/esmf
20260609 082219.854 INFO             PET0 ESMF_COMM                   : intelmpi
20260609 082219.855 INFO             PET0 ESMF_MOAB                   : enabled
20260609 082219.855 INFO             PET0 ESMF_LAPACK                 : enabled
20260609 082219.855 INFO             PET0 ESMF_NETCDF                 : enabled
20260609 082219.855 INFO             PET0 ESMF_PNETCDF                : disabled
20260609 082219.855 INFO             PET0 ESMF_PIO                    : enabled
20260609 082219.855 INFO             PET0 ESMF_YAMLCPP                : enabled
20260609 082219.860 INFO             PET0  NUMBER_OF_PROCESSORS           1
20260609 082219.860 INFO             PET0  PASS  Example ESMF_XGridSparseMatEx, ESMF_XGridSparseMatEx.F90, line 642
20260609 082219.860 INFO             PET0  Finalizing ESMF
