2026-05-21 07:37:19
20260521 082258.649 INFO             PET0 !!!!!!!!!!!!!!!!!!!!!!!!!!!!!!!!!!!!!!!!!!!!!!!!!!!!!!
20260521 082258.649 INFO             PET0 !!! THE ESMF_LOG IS SET TO OUTPUT ALL LOG MESSAGES !!!
20260521 082258.649 INFO             PET0 !!!     THIS MAY CAUSE SLOWDOWN IN PERFORMANCE     !!!
20260521 082258.649 INFO             PET0 !!! FOR PRODUCTION RUNS, USE:                      !!!
20260521 082258.649 INFO             PET0 !!!                   ESMF_LOGKIND_Multi_On_Error  !!!
20260521 082258.649 INFO             PET0 !!!!!!!!!!!!!!!!!!!!!!!!!!!!!!!!!!!!!!!!!!!!!!!!!!!!!!
20260521 082258.649 INFO             PET0 Running with ESMF Version   : develop+g3a22a06bd4
20260521 082258.649 INFO             PET0 ESMF library build date/time: "May 21 2026" "07:34:13"
20260521 082258.649 INFO             PET0 ESMF library build location : /scratch3/NCEPDEV/stmp/Gerhard.Theurich/ESMF-Nightly-Testing-Hera/intel_2023.2.0-oneAPI_intelmpi_O_develop/esmf
20260521 082258.649 INFO             PET0 ESMF_COMM                   : intelmpi
20260521 082258.650 INFO             PET0 ESMF_MOAB                   : enabled
20260521 082258.650 INFO             PET0 ESMF_LAPACK                 : enabled
20260521 082258.650 INFO             PET0 ESMF_NETCDF                 : enabled
20260521 082258.650 INFO             PET0 ESMF_PNETCDF                : disabled
20260521 082258.650 INFO             PET0 ESMF_PIO                    : enabled
20260521 082258.650 INFO             PET0 ESMF_YAMLCPP                : enabled
20260521 082258.656 INFO             PET0  NUMBER_OF_PROCESSORS           4
20260521 082258.656 INFO             PET0  PASS  Example ESMF_ArrayArbHaloEx, ESMF_ArrayArbHaloEx.F90, line 650
20260521 082258.656 INFO             PET0  Finalizing ESMF
20260521 082258.650 INFO             PET1 !!!!!!!!!!!!!!!!!!!!!!!!!!!!!!!!!!!!!!!!!!!!!!!!!!!!!!
20260521 082258.650 INFO             PET1 !!! THE ESMF_LOG IS SET TO OUTPUT ALL LOG MESSAGES !!!
20260521 082258.650 INFO             PET1 !!!     THIS MAY CAUSE SLOWDOWN IN PERFORMANCE     !!!
20260521 082258.650 INFO             PET1 !!! FOR PRODUCTION RUNS, USE:                      !!!
20260521 082258.650 INFO             PET1 !!!                   ESMF_LOGKIND_Multi_On_Error  !!!
20260521 082258.650 INFO             PET1 !!!!!!!!!!!!!!!!!!!!!!!!!!!!!!!!!!!!!!!!!!!!!!!!!!!!!!
20260521 082258.650 INFO             PET1 Running with ESMF Version   : develop+g3a22a06bd4
20260521 082258.650 INFO             PET1 ESMF library build date/time: "May 21 2026" "07:34:13"
20260521 082258.650 INFO             PET1 ESMF library build location : /scratch3/NCEPDEV/stmp/Gerhard.Theurich/ESMF-Nightly-Testing-Hera/intel_2023.2.0-oneAPI_intelmpi_O_develop/esmf
20260521 082258.650 INFO             PET1 ESMF_COMM                   : intelmpi
20260521 082258.651 INFO             PET1 ESMF_MOAB                   : enabled
20260521 082258.651 INFO             PET1 ESMF_LAPACK                 : enabled
20260521 082258.651 INFO             PET1 ESMF_NETCDF                 : enabled
20260521 082258.651 INFO             PET1 ESMF_PNETCDF                : disabled
20260521 082258.651 INFO             PET1 ESMF_PIO                    : enabled
20260521 082258.651 INFO             PET1 ESMF_YAMLCPP                : enabled
20260521 082258.656 INFO             PET1  NUMBER_OF_PROCESSORS           4
20260521 082258.656 INFO             PET1  PASS  Example ESMF_ArrayArbHaloEx, ESMF_ArrayArbHaloEx.F90, line 650
20260521 082258.656 INFO             PET1  Finalizing ESMF
20260521 082258.649 INFO             PET2 !!!!!!!!!!!!!!!!!!!!!!!!!!!!!!!!!!!!!!!!!!!!!!!!!!!!!!
20260521 082258.649 INFO             PET2 !!! THE ESMF_LOG IS SET TO OUTPUT ALL LOG MESSAGES !!!
20260521 082258.649 INFO             PET2 !!!     THIS MAY CAUSE SLOWDOWN IN PERFORMANCE     !!!
20260521 082258.649 INFO             PET2 !!! FOR PRODUCTION RUNS, USE:                      !!!
20260521 082258.649 INFO             PET2 !!!                   ESMF_LOGKIND_Multi_On_Error  !!!
20260521 082258.649 INFO             PET2 !!!!!!!!!!!!!!!!!!!!!!!!!!!!!!!!!!!!!!!!!!!!!!!!!!!!!!
20260521 082258.649 INFO             PET2 Running with ESMF Version   : develop+g3a22a06bd4
20260521 082258.649 INFO             PET2 ESMF library build date/time: "May 21 2026" "07:34:13"
20260521 082258.649 INFO             PET2 ESMF library build location : /scratch3/NCEPDEV/stmp/Gerhard.Theurich/ESMF-Nightly-Testing-Hera/intel_2023.2.0-oneAPI_intelmpi_O_develop/esmf
20260521 082258.649 INFO             PET2 ESMF_COMM                   : intelmpi
20260521 082258.649 INFO             PET2 ESMF_MOAB                   : enabled
20260521 082258.649 INFO             PET2 ESMF_LAPACK                 : enabled
20260521 082258.649 INFO             PET2 ESMF_NETCDF                 : enabled
20260521 082258.649 INFO             PET2 ESMF_PNETCDF                : disabled
20260521 082258.649 INFO             PET2 ESMF_PIO                    : enabled
20260521 082258.649 INFO             PET2 ESMF_YAMLCPP                : enabled
20260521 082258.656 INFO             PET2  NUMBER_OF_PROCESSORS           4
20260521 082258.656 INFO             PET2  PASS  Example ESMF_ArrayArbHaloEx, ESMF_ArrayArbHaloEx.F90, line 650
20260521 082258.656 INFO             PET2  Finalizing ESMF
20260521 082258.650 INFO             PET3 !!!!!!!!!!!!!!!!!!!!!!!!!!!!!!!!!!!!!!!!!!!!!!!!!!!!!!
20260521 082258.650 INFO             PET3 !!! THE ESMF_LOG IS SET TO OUTPUT ALL LOG MESSAGES !!!
20260521 082258.650 INFO             PET3 !!!     THIS MAY CAUSE SLOWDOWN IN PERFORMANCE     !!!
20260521 082258.650 INFO             PET3 !!! FOR PRODUCTION RUNS, USE:                      !!!
20260521 082258.650 INFO             PET3 !!!                   ESMF_LOGKIND_Multi_On_Error  !!!
20260521 082258.650 INFO             PET3 !!!!!!!!!!!!!!!!!!!!!!!!!!!!!!!!!!!!!!!!!!!!!!!!!!!!!!
20260521 082258.650 INFO             PET3 Running with ESMF Version   : develop+g3a22a06bd4
20260521 082258.650 INFO             PET3 ESMF library build date/time: "May 21 2026" "07:34:13"
20260521 082258.650 INFO             PET3 ESMF library build location : /scratch3/NCEPDEV/stmp/Gerhard.Theurich/ESMF-Nightly-Testing-Hera/intel_2023.2.0-oneAPI_intelmpi_O_develop/esmf
20260521 082258.650 INFO             PET3 ESMF_COMM                   : intelmpi
20260521 082258.650 INFO             PET3 ESMF_MOAB                   : enabled
20260521 082258.650 INFO             PET3 ESMF_LAPACK                 : enabled
20260521 082258.650 INFO             PET3 ESMF_NETCDF                 : enabled
20260521 082258.650 INFO             PET3 ESMF_PNETCDF                : disabled
20260521 082258.650 INFO             PET3 ESMF_PIO                    : enabled
20260521 082258.650 INFO             PET3 ESMF_YAMLCPP                : enabled
20260521 082258.656 INFO             PET3  NUMBER_OF_PROCESSORS           4
20260521 082258.656 INFO             PET3  PASS  Example ESMF_ArrayArbHaloEx, ESMF_ArrayArbHaloEx.F90, line 650
20260521 082258.656 INFO             PET3  Finalizing ESMF
