2026-05-28 22:52:47
20260528 234039.409 INFO             PET0 !!!!!!!!!!!!!!!!!!!!!!!!!!!!!!!!!!!!!!!!!!!!!!!!!!!!!!
20260528 234039.410 INFO             PET0 !!! THE ESMF_LOG IS SET TO OUTPUT ALL LOG MESSAGES !!!
20260528 234039.410 INFO             PET0 !!!     THIS MAY CAUSE SLOWDOWN IN PERFORMANCE     !!!
20260528 234039.410 INFO             PET0 !!! FOR PRODUCTION RUNS, USE:                      !!!
20260528 234039.410 INFO             PET0 !!!                   ESMF_LOGKIND_Multi_On_Error  !!!
20260528 234039.410 INFO             PET0 !!!!!!!!!!!!!!!!!!!!!!!!!!!!!!!!!!!!!!!!!!!!!!!!!!!!!!
20260528 234039.410 INFO             PET0 Running with ESMF Version   : develop+gf183dd1f0b
20260528 234039.410 INFO             PET0 ESMF library build date/time: "May 28 2026" "22:50:42"
20260528 234039.410 INFO             PET0 ESMF library build location : /discover/nobackup/projects/gmao/SIteam/ESMF_Testing/gfortran_15.2.0_openmpi_g_develop/esmf
20260528 234039.410 INFO             PET0 ESMF_COMM                   : openmpi
20260528 234039.410 INFO             PET0 ESMF_MOAB                   : enabled
20260528 234039.410 INFO             PET0 ESMF_LAPACK                 : enabled
20260528 234039.410 INFO             PET0 ESMF_NETCDF                 : enabled
20260528 234039.410 INFO             PET0 ESMF_PNETCDF                : disabled
20260528 234039.410 INFO             PET0 ESMF_PIO                    : enabled
20260528 234039.410 INFO             PET0 ESMF_YAMLCPP                : enabled
20260528 234039.428 INFO             PET0 ESMF_FieldRedistStoreNF(): Just entered routine.
20260528 234039.746 INFO             PET0 ESMF_FieldRedistStoreNF(): Leaving routine.
20260528 234039.756 INFO             PET0  NUMBER_OF_PROCESSORS           4
20260528 234039.756 INFO             PET0  PASS  Example ESMF_RHandleFromRHandleEx, ESMF_RHandleFromRHandleEx.F90, line 660
20260528 234039.756 INFO             PET0  Finalizing ESMF
20260528 234039.410 INFO             PET1 !!!!!!!!!!!!!!!!!!!!!!!!!!!!!!!!!!!!!!!!!!!!!!!!!!!!!!
20260528 234039.410 INFO             PET1 !!! THE ESMF_LOG IS SET TO OUTPUT ALL LOG MESSAGES !!!
20260528 234039.410 INFO             PET1 !!!     THIS MAY CAUSE SLOWDOWN IN PERFORMANCE     !!!
20260528 234039.410 INFO             PET1 !!! FOR PRODUCTION RUNS, USE:                      !!!
20260528 234039.410 INFO             PET1 !!!                   ESMF_LOGKIND_Multi_On_Error  !!!
20260528 234039.410 INFO             PET1 !!!!!!!!!!!!!!!!!!!!!!!!!!!!!!!!!!!!!!!!!!!!!!!!!!!!!!
20260528 234039.410 INFO             PET1 Running with ESMF Version   : develop+gf183dd1f0b
20260528 234039.410 INFO             PET1 ESMF library build date/time: "May 28 2026" "22:50:42"
20260528 234039.410 INFO             PET1 ESMF library build location : /discover/nobackup/projects/gmao/SIteam/ESMF_Testing/gfortran_15.2.0_openmpi_g_develop/esmf
20260528 234039.410 INFO             PET1 ESMF_COMM                   : openmpi
20260528 234039.410 INFO             PET1 ESMF_MOAB                   : enabled
20260528 234039.410 INFO             PET1 ESMF_LAPACK                 : enabled
20260528 234039.410 INFO             PET1 ESMF_NETCDF                 : enabled
20260528 234039.410 INFO             PET1 ESMF_PNETCDF                : disabled
20260528 234039.410 INFO             PET1 ESMF_PIO                    : enabled
20260528 234039.410 INFO             PET1 ESMF_YAMLCPP                : enabled
20260528 234039.429 INFO             PET1 ESMF_FieldRedistStoreNF(): Just entered routine.
20260528 234039.746 INFO             PET1 ESMF_FieldRedistStoreNF(): Leaving routine.
20260528 234039.756 INFO             PET1  NUMBER_OF_PROCESSORS           4
20260528 234039.756 INFO             PET1  PASS  Example ESMF_RHandleFromRHandleEx, ESMF_RHandleFromRHandleEx.F90, line 660
20260528 234039.756 INFO             PET1  Finalizing ESMF
20260528 234039.410 INFO             PET2 !!!!!!!!!!!!!!!!!!!!!!!!!!!!!!!!!!!!!!!!!!!!!!!!!!!!!!
20260528 234039.410 INFO             PET2 !!! THE ESMF_LOG IS SET TO OUTPUT ALL LOG MESSAGES !!!
20260528 234039.410 INFO             PET2 !!!     THIS MAY CAUSE SLOWDOWN IN PERFORMANCE     !!!
20260528 234039.410 INFO             PET2 !!! FOR PRODUCTION RUNS, USE:                      !!!
20260528 234039.410 INFO             PET2 !!!                   ESMF_LOGKIND_Multi_On_Error  !!!
20260528 234039.410 INFO             PET2 !!!!!!!!!!!!!!!!!!!!!!!!!!!!!!!!!!!!!!!!!!!!!!!!!!!!!!
20260528 234039.410 INFO             PET2 Running with ESMF Version   : develop+gf183dd1f0b
20260528 234039.410 INFO             PET2 ESMF library build date/time: "May 28 2026" "22:50:42"
20260528 234039.410 INFO             PET2 ESMF library build location : /discover/nobackup/projects/gmao/SIteam/ESMF_Testing/gfortran_15.2.0_openmpi_g_develop/esmf
20260528 234039.410 INFO             PET2 ESMF_COMM                   : openmpi
20260528 234039.410 INFO             PET2 ESMF_MOAB                   : enabled
20260528 234039.410 INFO             PET2 ESMF_LAPACK                 : enabled
20260528 234039.410 INFO             PET2 ESMF_NETCDF                 : enabled
20260528 234039.410 INFO             PET2 ESMF_PNETCDF                : disabled
20260528 234039.410 INFO             PET2 ESMF_PIO                    : enabled
20260528 234039.410 INFO             PET2 ESMF_YAMLCPP                : enabled
20260528 234039.429 INFO             PET2 ESMF_FieldRedistStoreNF(): Just entered routine.
20260528 234039.746 INFO             PET2 ESMF_FieldRedistStoreNF(): Leaving routine.
20260528 234039.752 INFO             PET2  NUMBER_OF_PROCESSORS           4
20260528 234039.752 INFO             PET2  PASS  Example ESMF_RHandleFromRHandleEx, ESMF_RHandleFromRHandleEx.F90, line 660
20260528 234039.752 INFO             PET2  Finalizing ESMF
20260528 234039.410 INFO             PET3 !!!!!!!!!!!!!!!!!!!!!!!!!!!!!!!!!!!!!!!!!!!!!!!!!!!!!!
20260528 234039.410 INFO             PET3 !!! THE ESMF_LOG IS SET TO OUTPUT ALL LOG MESSAGES !!!
20260528 234039.410 INFO             PET3 !!!     THIS MAY CAUSE SLOWDOWN IN PERFORMANCE     !!!
20260528 234039.410 INFO             PET3 !!! FOR PRODUCTION RUNS, USE:                      !!!
20260528 234039.410 INFO             PET3 !!!                   ESMF_LOGKIND_Multi_On_Error  !!!
20260528 234039.410 INFO             PET3 !!!!!!!!!!!!!!!!!!!!!!!!!!!!!!!!!!!!!!!!!!!!!!!!!!!!!!
20260528 234039.410 INFO             PET3 Running with ESMF Version   : develop+gf183dd1f0b
20260528 234039.410 INFO             PET3 ESMF library build date/time: "May 28 2026" "22:50:42"
20260528 234039.410 INFO             PET3 ESMF library build location : /discover/nobackup/projects/gmao/SIteam/ESMF_Testing/gfortran_15.2.0_openmpi_g_develop/esmf
20260528 234039.410 INFO             PET3 ESMF_COMM                   : openmpi
20260528 234039.410 INFO             PET3 ESMF_MOAB                   : enabled
20260528 234039.410 INFO             PET3 ESMF_LAPACK                 : enabled
20260528 234039.410 INFO             PET3 ESMF_NETCDF                 : enabled
20260528 234039.410 INFO             PET3 ESMF_PNETCDF                : disabled
20260528 234039.410 INFO             PET3 ESMF_PIO                    : enabled
20260528 234039.410 INFO             PET3 ESMF_YAMLCPP                : enabled
20260528 234039.428 INFO             PET3 ESMF_FieldRedistStoreNF(): Just entered routine.
20260528 234039.745 INFO             PET3 ESMF_FieldRedistStoreNF(): Leaving routine.
20260528 234039.757 INFO             PET3  NUMBER_OF_PROCESSORS           4
20260528 234039.757 INFO             PET3  PASS  Example ESMF_RHandleFromRHandleEx, ESMF_RHandleFromRHandleEx.F90, line 660
20260528 234039.757 INFO             PET3  Finalizing ESMF
