2026-05-22 23:20:59
20260523 065806.912 INFO             PET0 !!!!!!!!!!!!!!!!!!!!!!!!!!!!!!!!!!!!!!!!!!!!!!!!!!!!!!
20260523 065806.912 INFO             PET0 !!! THE ESMF_LOG IS SET TO OUTPUT ALL LOG MESSAGES !!!
20260523 065806.912 INFO             PET0 !!!     THIS MAY CAUSE SLOWDOWN IN PERFORMANCE     !!!
20260523 065806.912 INFO             PET0 !!! FOR PRODUCTION RUNS, USE:                      !!!
20260523 065806.912 INFO             PET0 !!!                   ESMF_LOGKIND_Multi_On_Error  !!!
20260523 065806.912 INFO             PET0 !!!!!!!!!!!!!!!!!!!!!!!!!!!!!!!!!!!!!!!!!!!!!!!!!!!!!!
20260523 065806.912 INFO             PET0 Running with ESMF Version   : develop+g681a42bf77
20260523 065806.912 INFO             PET0 ESMF library build date/time: "May 22 2026" "23:18:55"
20260523 065806.912 INFO             PET0 ESMF library build location : /discover/nobackup/projects/gmao/SIteam/ESMF_Testing/gfortran_15.2.0_openmpi_g_develop/esmf
20260523 065806.912 INFO             PET0 ESMF_COMM                   : openmpi
20260523 065806.912 INFO             PET0 ESMF_MOAB                   : enabled
20260523 065806.912 INFO             PET0 ESMF_LAPACK                 : enabled
20260523 065806.912 INFO             PET0 ESMF_NETCDF                 : enabled
20260523 065806.912 INFO             PET0 ESMF_PNETCDF                : disabled
20260523 065806.912 INFO             PET0 ESMF_PIO                    : enabled
20260523 065806.912 INFO             PET0 ESMF_YAMLCPP                : enabled
20260523 065806.912 INFO             PET0  NUMBER_OF_PROCESSORS           2
20260523 065806.912 INFO             PET0  PASS  Example ESMF_VMUserMpiCommEx, ESMF_VMUserMpiCommEx.F90, line 113
20260523 065806.912 INFO             PET0  Finalizing ESMF with endflag==ESMF_END_KEEPMPI
20260523 065806.911 INFO             PET1 !!!!!!!!!!!!!!!!!!!!!!!!!!!!!!!!!!!!!!!!!!!!!!!!!!!!!!
20260523 065806.912 INFO             PET1 !!! THE ESMF_LOG IS SET TO OUTPUT ALL LOG MESSAGES !!!
20260523 065806.912 INFO             PET1 !!!     THIS MAY CAUSE SLOWDOWN IN PERFORMANCE     !!!
20260523 065806.912 INFO             PET1 !!! FOR PRODUCTION RUNS, USE:                      !!!
20260523 065806.912 INFO             PET1 !!!                   ESMF_LOGKIND_Multi_On_Error  !!!
20260523 065806.912 INFO             PET1 !!!!!!!!!!!!!!!!!!!!!!!!!!!!!!!!!!!!!!!!!!!!!!!!!!!!!!
20260523 065806.912 INFO             PET1 Running with ESMF Version   : develop+g681a42bf77
20260523 065806.912 INFO             PET1 ESMF library build date/time: "May 22 2026" "23:18:55"
20260523 065806.912 INFO             PET1 ESMF library build location : /discover/nobackup/projects/gmao/SIteam/ESMF_Testing/gfortran_15.2.0_openmpi_g_develop/esmf
20260523 065806.912 INFO             PET1 ESMF_COMM                   : openmpi
20260523 065806.912 INFO             PET1 ESMF_MOAB                   : enabled
20260523 065806.912 INFO             PET1 ESMF_LAPACK                 : enabled
20260523 065806.912 INFO             PET1 ESMF_NETCDF                 : enabled
20260523 065806.912 INFO             PET1 ESMF_PNETCDF                : disabled
20260523 065806.912 INFO             PET1 ESMF_PIO                    : enabled
20260523 065806.912 INFO             PET1 ESMF_YAMLCPP                : enabled
20260523 065806.912 INFO             PET1  NUMBER_OF_PROCESSORS           2
20260523 065806.912 INFO             PET1  PASS  Example ESMF_VMUserMpiCommEx, ESMF_VMUserMpiCommEx.F90, line 113
20260523 065806.912 INFO             PET1  Finalizing ESMF with endflag==ESMF_END_KEEPMPI
