2026-06-02 23:56:00
20260603 014930.863 INFO             PET0 !!!!!!!!!!!!!!!!!!!!!!!!!!!!!!!!!!!!!!!!!!!!!!!!!!!!!!
20260603 014930.863 INFO             PET0 !!! THE ESMF_LOG IS SET TO OUTPUT ALL LOG MESSAGES !!!
20260603 014930.863 INFO             PET0 !!!     THIS MAY CAUSE SLOWDOWN IN PERFORMANCE     !!!
20260603 014930.863 INFO             PET0 !!! FOR PRODUCTION RUNS, USE:                      !!!
20260603 014930.863 INFO             PET0 !!!                   ESMF_LOGKIND_Multi_On_Error  !!!
20260603 014930.863 INFO             PET0 !!!!!!!!!!!!!!!!!!!!!!!!!!!!!!!!!!!!!!!!!!!!!!!!!!!!!!
20260603 014930.863 INFO             PET0 Running with ESMF Version   : develop+gf183dd1f0b
20260603 014930.863 INFO             PET0 ESMF library build date/time: "Jun  2 2026" "23:53:48"
20260603 014930.863 INFO             PET0 ESMF library build location : /discover/nobackup/projects/gmao/SIteam/ESMF_Testing/gfortran_15.2.0_openmpi_g_develop/esmf
20260603 014930.863 INFO             PET0 ESMF_COMM                   : openmpi
20260603 014930.864 INFO             PET0 ESMF_MOAB                   : enabled
20260603 014930.864 INFO             PET0 ESMF_LAPACK                 : enabled
20260603 014930.864 INFO             PET0 ESMF_NETCDF                 : enabled
20260603 014930.864 INFO             PET0 ESMF_PNETCDF                : disabled
20260603 014930.864 INFO             PET0 ESMF_PIO                    : enabled
20260603 014930.864 INFO             PET0 ESMF_YAMLCPP                : enabled
20260603 014930.868 INFO             PET0 ESMF_FieldRedistStoreNF(): Just entered routine.
20260603 014930.871 INFO             PET0 ESMF_FieldRedistStoreNF(): Leaving routine.
20260603 014930.877 INFO             PET0 ESMF_FieldRedistStoreNF(): Just entered routine.
20260603 014930.878 INFO             PET0 ESMF_FieldRedistStoreNF(): Leaving routine.
20260603 014930.878 INFO             PET0 ESMF_FieldRedistStoreNF(): Just entered routine.
20260603 014930.879 INFO             PET0 ESMF_FieldRedistStoreNF(): Leaving routine.
20260603 014930.879 INFO             PET0  NUMBER_OF_PROCESSORS           4
20260603 014930.879 INFO             PET0  PASS  Example ESMF_FieldRedistEx, ESMF_FieldRedistEx.F90, line 521
20260603 014930.879 INFO             PET0  Finalizing ESMF
20260603 014930.864 INFO             PET1 !!!!!!!!!!!!!!!!!!!!!!!!!!!!!!!!!!!!!!!!!!!!!!!!!!!!!!
20260603 014930.864 INFO             PET1 !!! THE ESMF_LOG IS SET TO OUTPUT ALL LOG MESSAGES !!!
20260603 014930.864 INFO             PET1 !!!     THIS MAY CAUSE SLOWDOWN IN PERFORMANCE     !!!
20260603 014930.864 INFO             PET1 !!! FOR PRODUCTION RUNS, USE:                      !!!
20260603 014930.864 INFO             PET1 !!!                   ESMF_LOGKIND_Multi_On_Error  !!!
20260603 014930.864 INFO             PET1 !!!!!!!!!!!!!!!!!!!!!!!!!!!!!!!!!!!!!!!!!!!!!!!!!!!!!!
20260603 014930.864 INFO             PET1 Running with ESMF Version   : develop+gf183dd1f0b
20260603 014930.864 INFO             PET1 ESMF library build date/time: "Jun  2 2026" "23:53:48"
20260603 014930.864 INFO             PET1 ESMF library build location : /discover/nobackup/projects/gmao/SIteam/ESMF_Testing/gfortran_15.2.0_openmpi_g_develop/esmf
20260603 014930.864 INFO             PET1 ESMF_COMM                   : openmpi
20260603 014930.864 INFO             PET1 ESMF_MOAB                   : enabled
20260603 014930.864 INFO             PET1 ESMF_LAPACK                 : enabled
20260603 014930.864 INFO             PET1 ESMF_NETCDF                 : enabled
20260603 014930.864 INFO             PET1 ESMF_PNETCDF                : disabled
20260603 014930.864 INFO             PET1 ESMF_PIO                    : enabled
20260603 014930.864 INFO             PET1 ESMF_YAMLCPP                : enabled
20260603 014930.868 INFO             PET1 ESMF_FieldRedistStoreNF(): Just entered routine.
20260603 014930.871 INFO             PET1 ESMF_FieldRedistStoreNF(): Leaving routine.
20260603 014930.877 INFO             PET1 ESMF_FieldRedistStoreNF(): Just entered routine.
20260603 014930.878 INFO             PET1 ESMF_FieldRedistStoreNF(): Leaving routine.
20260603 014930.878 INFO             PET1 ESMF_FieldRedistStoreNF(): Just entered routine.
20260603 014930.879 INFO             PET1 ESMF_FieldRedistStoreNF(): Leaving routine.
20260603 014930.879 INFO             PET1  NUMBER_OF_PROCESSORS           4
20260603 014930.879 INFO             PET1  PASS  Example ESMF_FieldRedistEx, ESMF_FieldRedistEx.F90, line 521
20260603 014930.879 INFO             PET1  Finalizing ESMF
20260603 014930.864 INFO             PET2 !!!!!!!!!!!!!!!!!!!!!!!!!!!!!!!!!!!!!!!!!!!!!!!!!!!!!!
20260603 014930.864 INFO             PET2 !!! THE ESMF_LOG IS SET TO OUTPUT ALL LOG MESSAGES !!!
20260603 014930.864 INFO             PET2 !!!     THIS MAY CAUSE SLOWDOWN IN PERFORMANCE     !!!
20260603 014930.864 INFO             PET2 !!! FOR PRODUCTION RUNS, USE:                      !!!
20260603 014930.864 INFO             PET2 !!!                   ESMF_LOGKIND_Multi_On_Error  !!!
20260603 014930.864 INFO             PET2 !!!!!!!!!!!!!!!!!!!!!!!!!!!!!!!!!!!!!!!!!!!!!!!!!!!!!!
20260603 014930.864 INFO             PET2 Running with ESMF Version   : develop+gf183dd1f0b
20260603 014930.864 INFO             PET2 ESMF library build date/time: "Jun  2 2026" "23:53:48"
20260603 014930.864 INFO             PET2 ESMF library build location : /discover/nobackup/projects/gmao/SIteam/ESMF_Testing/gfortran_15.2.0_openmpi_g_develop/esmf
20260603 014930.864 INFO             PET2 ESMF_COMM                   : openmpi
20260603 014930.865 INFO             PET2 ESMF_MOAB                   : enabled
20260603 014930.865 INFO             PET2 ESMF_LAPACK                 : enabled
20260603 014930.865 INFO             PET2 ESMF_NETCDF                 : enabled
20260603 014930.865 INFO             PET2 ESMF_PNETCDF                : disabled
20260603 014930.865 INFO             PET2 ESMF_PIO                    : enabled
20260603 014930.865 INFO             PET2 ESMF_YAMLCPP                : enabled
20260603 014930.868 INFO             PET2 ESMF_FieldRedistStoreNF(): Just entered routine.
20260603 014930.871 INFO             PET2 ESMF_FieldRedistStoreNF(): Leaving routine.
20260603 014930.877 INFO             PET2 ESMF_FieldRedistStoreNF(): Just entered routine.
20260603 014930.878 INFO             PET2 ESMF_FieldRedistStoreNF(): Leaving routine.
20260603 014930.878 INFO             PET2 ESMF_FieldRedistStoreNF(): Just entered routine.
20260603 014930.879 INFO             PET2 ESMF_FieldRedistStoreNF(): Leaving routine.
20260603 014930.879 INFO             PET2  NUMBER_OF_PROCESSORS           4
20260603 014930.879 INFO             PET2  PASS  Example ESMF_FieldRedistEx, ESMF_FieldRedistEx.F90, line 521
20260603 014930.879 INFO             PET2  Finalizing ESMF
20260603 014930.864 INFO             PET3 !!!!!!!!!!!!!!!!!!!!!!!!!!!!!!!!!!!!!!!!!!!!!!!!!!!!!!
20260603 014930.864 INFO             PET3 !!! THE ESMF_LOG IS SET TO OUTPUT ALL LOG MESSAGES !!!
20260603 014930.864 INFO             PET3 !!!     THIS MAY CAUSE SLOWDOWN IN PERFORMANCE     !!!
20260603 014930.864 INFO             PET3 !!! FOR PRODUCTION RUNS, USE:                      !!!
20260603 014930.864 INFO             PET3 !!!                   ESMF_LOGKIND_Multi_On_Error  !!!
20260603 014930.864 INFO             PET3 !!!!!!!!!!!!!!!!!!!!!!!!!!!!!!!!!!!!!!!!!!!!!!!!!!!!!!
20260603 014930.864 INFO             PET3 Running with ESMF Version   : develop+gf183dd1f0b
20260603 014930.864 INFO             PET3 ESMF library build date/time: "Jun  2 2026" "23:53:48"
20260603 014930.864 INFO             PET3 ESMF library build location : /discover/nobackup/projects/gmao/SIteam/ESMF_Testing/gfortran_15.2.0_openmpi_g_develop/esmf
20260603 014930.864 INFO             PET3 ESMF_COMM                   : openmpi
20260603 014930.864 INFO             PET3 ESMF_MOAB                   : enabled
20260603 014930.864 INFO             PET3 ESMF_LAPACK                 : enabled
20260603 014930.864 INFO             PET3 ESMF_NETCDF                 : enabled
20260603 014930.864 INFO             PET3 ESMF_PNETCDF                : disabled
20260603 014930.864 INFO             PET3 ESMF_PIO                    : enabled
20260603 014930.864 INFO             PET3 ESMF_YAMLCPP                : enabled
20260603 014930.868 INFO             PET3 ESMF_FieldRedistStoreNF(): Just entered routine.
20260603 014930.871 INFO             PET3 ESMF_FieldRedistStoreNF(): Leaving routine.
20260603 014930.877 INFO             PET3 ESMF_FieldRedistStoreNF(): Just entered routine.
20260603 014930.878 INFO             PET3 ESMF_FieldRedistStoreNF(): Leaving routine.
20260603 014930.878 INFO             PET3 ESMF_FieldRedistStoreNF(): Just entered routine.
20260603 014930.879 INFO             PET3 ESMF_FieldRedistStoreNF(): Leaving routine.
20260603 014930.879 INFO             PET3  NUMBER_OF_PROCESSORS           4
20260603 014930.879 INFO             PET3  PASS  Example ESMF_FieldRedistEx, ESMF_FieldRedistEx.F90, line 521
20260603 014930.879 INFO             PET3  Finalizing ESMF
