2026-06-18 07:43:41
20260618 090336.189 INFO             PET0 !!!!!!!!!!!!!!!!!!!!!!!!!!!!!!!!!!!!!!!!!!!!!!!!!!!!!!
20260618 090336.190 INFO             PET0 !!! THE ESMF_LOG IS SET TO OUTPUT ALL LOG MESSAGES !!!
20260618 090336.190 INFO             PET0 !!!     THIS MAY CAUSE SLOWDOWN IN PERFORMANCE     !!!
20260618 090336.190 INFO             PET0 !!! FOR PRODUCTION RUNS, USE:                      !!!
20260618 090336.190 INFO             PET0 !!!                   ESMF_LOGKIND_Multi_On_Error  !!!
20260618 090336.190 INFO             PET0 !!!!!!!!!!!!!!!!!!!!!!!!!!!!!!!!!!!!!!!!!!!!!!!!!!!!!!
20260618 090336.190 INFO             PET0 Running with ESMF Version   : develop+g1c84b61425
20260618 090336.190 INFO             PET0 ESMF library build date/time: "Jun 18 2026" "07:39:25"
20260618 090336.190 INFO             PET0 ESMF library build location : /scratch3/NCEPDEV/stmp/Gerhard.Theurich/ESMF-Nightly-Testing-Hera/nvhpc_24.1_openmpi_g_develop/esmf
20260618 090336.190 INFO             PET0 ESMF_COMM                   : openmpi
20260618 090336.190 INFO             PET0 ESMF_MOAB                   : enabled
20260618 090336.190 INFO             PET0 ESMF_LAPACK                 : enabled
20260618 090336.190 INFO             PET0 ESMF_NETCDF                 : disabled
20260618 090336.190 INFO             PET0 ESMF_PNETCDF                : disabled
20260618 090336.190 INFO             PET0 ESMF_PIO                    : disabled
20260618 090336.190 INFO             PET0 ESMF_YAMLCPP                : enabled
20260618 090336.191 INFO             PET0  NUMBER_OF_PROCESSORS            1
20260618 090336.191 INFO             PET0  PASS  Example ESMF_TimeIntervalEx, ESMF_TimeIntervalEx.F90, line 176
20260618 090336.191 INFO             PET0  Finalizing ESMF
