2026-07-10 07:46:56
20260710 090626.143 INFO             PET0 !!!!!!!!!!!!!!!!!!!!!!!!!!!!!!!!!!!!!!!!!!!!!!!!!!!!!!
20260710 090626.147 INFO             PET0 !!! THE ESMF_LOG IS SET TO OUTPUT ALL LOG MESSAGES !!!
20260710 090626.147 INFO             PET0 !!!     THIS MAY CAUSE SLOWDOWN IN PERFORMANCE     !!!
20260710 090626.147 INFO             PET0 !!! FOR PRODUCTION RUNS, USE:                      !!!
20260710 090626.147 INFO             PET0 !!!                   ESMF_LOGKIND_Multi_On_Error  !!!
20260710 090626.147 INFO             PET0 !!!!!!!!!!!!!!!!!!!!!!!!!!!!!!!!!!!!!!!!!!!!!!!!!!!!!!
20260710 090626.147 INFO             PET0 Running with ESMF Version   : develop+gf1c7bb6d5f
20260710 090626.148 INFO             PET0 ESMF library build date/time: "Jul 10 2026" "07:42:46"
20260710 090626.148 INFO             PET0 ESMF library build location : /scratch3/NCEPDEV/stmp/Gerhard.Theurich/ESMF-Nightly-Testing-Hera/nvhpc_24.1_openmpi_g_develop/esmf
20260710 090626.148 INFO             PET0 ESMF_COMM                   : openmpi
20260710 090626.148 INFO             PET0 ESMF_MOAB                   : enabled
20260710 090626.148 INFO             PET0 ESMF_LAPACK                 : enabled
20260710 090626.148 INFO             PET0 ESMF_NETCDF                 : disabled
20260710 090626.148 INFO             PET0 ESMF_PNETCDF                : disabled
20260710 090626.148 INFO             PET0 ESMF_PIO                    : disabled
20260710 090626.148 INFO             PET0 ESMF_YAMLCPP                : enabled
20260710 090626.150 INFO             PET0 Log Write 2
20260710 090626.150 ERROR            PET0 Invalid object  - Convergence failure
20260710 090626.152 ERROR            PET0 ESMCI_Time.C:866 ESMCI::Time::syncToRealTime() Wrong argument specified  - ; calkindflag is NOCALENDAR. Only GREGORIAN and JULIAN are supported when syncing to real time.
20260710 090626.153 ERROR            PET0 ESMF_Time.F90:1495 ESMF_TimeSyncToRealTime() Wrong argument specified  - Internal subroutine call returned Error
20260710 090626.153 ERROR            PET0 Wrong argument specified  - getting wall clock time
20260710 090626.155 INFO             PET0  NUMBER_OF_PROCESSORS            4
20260710 090626.155 INFO             PET0  PASS  Example ESMF_LogErrEx, ESMF_LogErrEx.F90, line 186
20260710 090626.155 INFO             PET0  Finalizing ESMF
20260710 090626.143 INFO             PET1 !!!!!!!!!!!!!!!!!!!!!!!!!!!!!!!!!!!!!!!!!!!!!!!!!!!!!!
20260710 090626.147 INFO             PET1 !!! THE ESMF_LOG IS SET TO OUTPUT ALL LOG MESSAGES !!!
20260710 090626.147 INFO             PET1 !!!     THIS MAY CAUSE SLOWDOWN IN PERFORMANCE     !!!
20260710 090626.147 INFO             PET1 !!! FOR PRODUCTION RUNS, USE:                      !!!
20260710 090626.147 INFO             PET1 !!!                   ESMF_LOGKIND_Multi_On_Error  !!!
20260710 090626.147 INFO             PET1 !!!!!!!!!!!!!!!!!!!!!!!!!!!!!!!!!!!!!!!!!!!!!!!!!!!!!!
20260710 090626.147 INFO             PET1 Running with ESMF Version   : develop+gf1c7bb6d5f
20260710 090626.148 INFO             PET1 ESMF library build date/time: "Jul 10 2026" "07:42:46"
20260710 090626.148 INFO             PET1 ESMF library build location : /scratch3/NCEPDEV/stmp/Gerhard.Theurich/ESMF-Nightly-Testing-Hera/nvhpc_24.1_openmpi_g_develop/esmf
20260710 090626.148 INFO             PET1 ESMF_COMM                   : openmpi
20260710 090626.148 INFO             PET1 ESMF_MOAB                   : enabled
20260710 090626.148 INFO             PET1 ESMF_LAPACK                 : enabled
20260710 090626.148 INFO             PET1 ESMF_NETCDF                 : disabled
20260710 090626.148 INFO             PET1 ESMF_PNETCDF                : disabled
20260710 090626.148 INFO             PET1 ESMF_PIO                    : disabled
20260710 090626.148 INFO             PET1 ESMF_YAMLCPP                : enabled
20260710 090626.150 INFO             PET1 Log Write 2
20260710 090626.150 ERROR            PET1 Invalid object  - Convergence failure
20260710 090626.152 ERROR            PET1 ESMCI_Time.C:866 ESMCI::Time::syncToRealTime() Wrong argument specified  - ; calkindflag is NOCALENDAR. Only GREGORIAN and JULIAN are supported when syncing to real time.
20260710 090626.153 ERROR            PET1 ESMF_Time.F90:1495 ESMF_TimeSyncToRealTime() Wrong argument specified  - Internal subroutine call returned Error
20260710 090626.153 ERROR            PET1 Wrong argument specified  - getting wall clock time
20260710 090626.155 INFO             PET1  NUMBER_OF_PROCESSORS            4
20260710 090626.155 INFO             PET1  PASS  Example ESMF_LogErrEx, ESMF_LogErrEx.F90, line 186
20260710 090626.155 INFO             PET1  Finalizing ESMF
20260710 090626.143 INFO             PET2 !!!!!!!!!!!!!!!!!!!!!!!!!!!!!!!!!!!!!!!!!!!!!!!!!!!!!!
20260710 090626.147 INFO             PET2 !!! THE ESMF_LOG IS SET TO OUTPUT ALL LOG MESSAGES !!!
20260710 090626.147 INFO             PET2 !!!     THIS MAY CAUSE SLOWDOWN IN PERFORMANCE     !!!
20260710 090626.147 INFO             PET2 !!! FOR PRODUCTION RUNS, USE:                      !!!
20260710 090626.147 INFO             PET2 !!!                   ESMF_LOGKIND_Multi_On_Error  !!!
20260710 090626.147 INFO             PET2 !!!!!!!!!!!!!!!!!!!!!!!!!!!!!!!!!!!!!!!!!!!!!!!!!!!!!!
20260710 090626.147 INFO             PET2 Running with ESMF Version   : develop+gf1c7bb6d5f
20260710 090626.148 INFO             PET2 ESMF library build date/time: "Jul 10 2026" "07:42:46"
20260710 090626.148 INFO             PET2 ESMF library build location : /scratch3/NCEPDEV/stmp/Gerhard.Theurich/ESMF-Nightly-Testing-Hera/nvhpc_24.1_openmpi_g_develop/esmf
20260710 090626.148 INFO             PET2 ESMF_COMM                   : openmpi
20260710 090626.148 INFO             PET2 ESMF_MOAB                   : enabled
20260710 090626.148 INFO             PET2 ESMF_LAPACK                 : enabled
20260710 090626.148 INFO             PET2 ESMF_NETCDF                 : disabled
20260710 090626.148 INFO             PET2 ESMF_PNETCDF                : disabled
20260710 090626.148 INFO             PET2 ESMF_PIO                    : disabled
20260710 090626.148 INFO             PET2 ESMF_YAMLCPP                : enabled
20260710 090626.150 INFO             PET2 Log Write 2
20260710 090626.150 ERROR            PET2 Invalid object  - Convergence failure
20260710 090626.152 ERROR            PET2 ESMCI_Time.C:866 ESMCI::Time::syncToRealTime() Wrong argument specified  - ; calkindflag is NOCALENDAR. Only GREGORIAN and JULIAN are supported when syncing to real time.
20260710 090626.153 ERROR            PET2 ESMF_Time.F90:1495 ESMF_TimeSyncToRealTime() Wrong argument specified  - Internal subroutine call returned Error
20260710 090626.153 ERROR            PET2 Wrong argument specified  - getting wall clock time
20260710 090626.155 INFO             PET2  NUMBER_OF_PROCESSORS            4
20260710 090626.155 INFO             PET2  PASS  Example ESMF_LogErrEx, ESMF_LogErrEx.F90, line 186
20260710 090626.155 INFO             PET2  Finalizing ESMF
20260710 090626.143 INFO             PET3 !!!!!!!!!!!!!!!!!!!!!!!!!!!!!!!!!!!!!!!!!!!!!!!!!!!!!!
20260710 090626.147 INFO             PET3 !!! THE ESMF_LOG IS SET TO OUTPUT ALL LOG MESSAGES !!!
20260710 090626.147 INFO             PET3 !!!     THIS MAY CAUSE SLOWDOWN IN PERFORMANCE     !!!
20260710 090626.147 INFO             PET3 !!! FOR PRODUCTION RUNS, USE:                      !!!
20260710 090626.147 INFO             PET3 !!!                   ESMF_LOGKIND_Multi_On_Error  !!!
20260710 090626.147 INFO             PET3 !!!!!!!!!!!!!!!!!!!!!!!!!!!!!!!!!!!!!!!!!!!!!!!!!!!!!!
20260710 090626.147 INFO             PET3 Running with ESMF Version   : develop+gf1c7bb6d5f
20260710 090626.148 INFO             PET3 ESMF library build date/time: "Jul 10 2026" "07:42:46"
20260710 090626.148 INFO             PET3 ESMF library build location : /scratch3/NCEPDEV/stmp/Gerhard.Theurich/ESMF-Nightly-Testing-Hera/nvhpc_24.1_openmpi_g_develop/esmf
20260710 090626.148 INFO             PET3 ESMF_COMM                   : openmpi
20260710 090626.148 INFO             PET3 ESMF_MOAB                   : enabled
20260710 090626.148 INFO             PET3 ESMF_LAPACK                 : enabled
20260710 090626.148 INFO             PET3 ESMF_NETCDF                 : disabled
20260710 090626.148 INFO             PET3 ESMF_PNETCDF                : disabled
20260710 090626.148 INFO             PET3 ESMF_PIO                    : disabled
20260710 090626.148 INFO             PET3 ESMF_YAMLCPP                : enabled
20260710 090626.150 INFO             PET3 Log Write 2
20260710 090626.150 ERROR            PET3 Invalid object  - Convergence failure
20260710 090626.152 ERROR            PET3 ESMCI_Time.C:866 ESMCI::Time::syncToRealTime() Wrong argument specified  - ; calkindflag is NOCALENDAR. Only GREGORIAN and JULIAN are supported when syncing to real time.
20260710 090626.153 ERROR            PET3 ESMF_Time.F90:1495 ESMF_TimeSyncToRealTime() Wrong argument specified  - Internal subroutine call returned Error
20260710 090626.153 ERROR            PET3 Wrong argument specified  - getting wall clock time
20260710 090626.155 INFO             PET3  NUMBER_OF_PROCESSORS            4
20260710 090626.155 INFO             PET3  PASS  Example ESMF_LogErrEx, ESMF_LogErrEx.F90, line 186
20260710 090626.155 INFO             PET3  Finalizing ESMF
