2026-06-27 07:44:22
20260627 090216.941 INFO             PET0 !!!!!!!!!!!!!!!!!!!!!!!!!!!!!!!!!!!!!!!!!!!!!!!!!!!!!!
20260627 090216.941 INFO             PET0 !!! THE ESMF_LOG IS SET TO OUTPUT ALL LOG MESSAGES !!!
20260627 090216.941 INFO             PET0 !!!     THIS MAY CAUSE SLOWDOWN IN PERFORMANCE     !!!
20260627 090216.941 INFO             PET0 !!! FOR PRODUCTION RUNS, USE:                      !!!
20260627 090216.941 INFO             PET0 !!!                   ESMF_LOGKIND_Multi_On_Error  !!!
20260627 090216.941 INFO             PET0 !!!!!!!!!!!!!!!!!!!!!!!!!!!!!!!!!!!!!!!!!!!!!!!!!!!!!!
20260627 090216.941 INFO             PET0 Running with ESMF Version   : develop+g9d8ac26759
20260627 090216.941 INFO             PET0 ESMF library build date/time: "Jun 27 2026" "07:40:06"
20260627 090216.941 INFO             PET0 ESMF library build location : /scratch3/NCEPDEV/stmp/Gerhard.Theurich/ESMF-Nightly-Testing-Hera/nvhpc_24.1_openmpi_g_develop/esmf
20260627 090216.941 INFO             PET0 ESMF_COMM                   : openmpi
20260627 090216.942 INFO             PET0 ESMF_MOAB                   : enabled
20260627 090216.942 INFO             PET0 ESMF_LAPACK                 : enabled
20260627 090216.942 INFO             PET0 ESMF_NETCDF                 : disabled
20260627 090216.942 INFO             PET0 ESMF_PNETCDF                : disabled
20260627 090216.942 INFO             PET0 ESMF_PIO                    : disabled
20260627 090216.942 INFO             PET0 ESMF_YAMLCPP                : enabled
20260627 090216.956 INFO             PET0 AsString: 1
20260627 090216.956 INFO             PET0 asOkay:  T valueI4:          1
20260627 090216.956 INFO             PET0 asOkay:  T valueI8:          1
20260627 090216.956 INFO             PET0 asOkay:  T valueR4:   1.000000
20260627 090216.956 INFO             PET0 asOkay:  T valueR8:   1.000000
20260627 090216.957 INFO             PET0 asOkay:  F valueL:           F
20260627 090216.957 INFO             PET0 AsString: 2
20260627 090216.957 INFO             PET0 asOkay:  T valueI4:          2
20260627 090216.957 INFO             PET0 asOkay:  T valueI8:          2
20260627 090216.957 INFO             PET0 asOkay:  T valueR4:   2.000000
20260627 090216.957 INFO             PET0 asOkay:  T valueR8:   2.000000
20260627 090216.957 INFO             PET0 asOkay:  F valueL:           F
20260627 090216.957 INFO             PET0 AsString: 3
20260627 090216.957 INFO             PET0 asOkay:  T valueI4:          3
20260627 090216.957 INFO             PET0 asOkay:  T valueI8:          3
20260627 090216.957 INFO             PET0 asOkay:  T valueR4:   3.000000
20260627 090216.957 INFO             PET0 asOkay:  T valueR8:   3.000000
20260627 090216.957 INFO             PET0 asOkay:  F valueL:           F
20260627 090216.957 INFO             PET0 AsString: abc
20260627 090216.957 INFO             PET0 asOkay:  F valueI4:          0
20260627 090216.957 INFO             PET0 asOkay:  F valueI8:          0
20260627 090216.957 INFO             PET0 asOkay:  F valueR4:   0.000000
20260627 090216.957 INFO             PET0 asOkay:  F valueR8:   0.000000
20260627 090216.957 INFO             PET0 asOkay:  F valueL:           F
20260627 090216.957 INFO             PET0 AsString: b
20260627 090216.957 INFO             PET0 asOkay:  F valueI4:          0
20260627 090216.957 INFO             PET0 asOkay:  F valueI8:          0
20260627 090216.957 INFO             PET0 asOkay:  F valueR4:   0.000000
20260627 090216.957 INFO             PET0 asOkay:  F valueR8:   0.000000
20260627 090216.957 INFO             PET0 asOkay:  F valueL:           F
20260627 090216.957 INFO             PET0 AsString: TRUE
20260627 090216.957 INFO             PET0 asOkay:  F valueI4:          0
20260627 090216.957 INFO             PET0 asOkay:  F valueI8:          0
20260627 090216.957 INFO             PET0 asOkay:  F valueR4:   0.000000
20260627 090216.957 INFO             PET0 asOkay:  F valueR8:   0.000000
20260627 090216.958 INFO             PET0 asOkay:  T valueL:           T
20260627 090216.958 INFO             PET0 AsString: TRUE
20260627 090216.958 INFO             PET0 asOkay:  F valueI4:          0
20260627 090216.958 INFO             PET0 asOkay:  F valueI8:          0
20260627 090216.958 INFO             PET0 asOkay:  F valueR4:   0.000000
20260627 090216.958 INFO             PET0 asOkay:  F valueR8:   0.000000
20260627 090216.958 INFO             PET0 asOkay:  T valueL:           T
20260627 090216.958 INFO             PET0 AsString: b
20260627 090216.958 INFO             PET0 asOkay:  F valueI4:          0
20260627 090216.958 INFO             PET0 asOkay:  F valueI8:          0
20260627 090216.958 INFO             PET0 asOkay:  F valueR4:   0.000000
20260627 090216.958 INFO             PET0 asOkay:  F valueR8:   0.000000
20260627 090216.958 INFO             PET0 asOkay:  F valueL:           F
20260627 090216.958 INFO             PET0 AsString: abc
20260627 090216.958 INFO             PET0 asOkay:  F valueI4:          0
20260627 090216.958 INFO             PET0 asOkay:  F valueI8:          0
20260627 090216.958 INFO             PET0 asOkay:  F valueR4:   0.000000
20260627 090216.958 INFO             PET0 asOkay:  F valueR8:   0.000000
20260627 090216.958 INFO             PET0 asOkay:  F valueL:           F
20260627 090216.958 INFO             PET0 AsString: 3
20260627 090216.958 INFO             PET0 asOkay:  T valueI4:          3
20260627 090216.958 INFO             PET0 asOkay:  T valueI8:          3
20260627 090216.958 INFO             PET0 asOkay:  T valueR4:   3.000000
20260627 090216.958 INFO             PET0 asOkay:  T valueR8:   3.000000
20260627 090216.958 INFO             PET0 asOkay:  F valueL:           F
20260627 090216.958 INFO             PET0 AsString: 2
20260627 090216.958 INFO             PET0 asOkay:  T valueI4:          2
20260627 090216.958 INFO             PET0 asOkay:  T valueI8:          2
20260627 090216.959 INFO             PET0 asOkay:  T valueR4:   2.000000
20260627 090216.959 INFO             PET0 asOkay:  T valueR8:   2.000000
20260627 090216.959 INFO             PET0 asOkay:  F valueL:           F
20260627 090216.959 INFO             PET0 AsString: 1
20260627 090216.959 INFO             PET0 asOkay:  T valueI4:          1
20260627 090216.959 INFO             PET0 asOkay:  T valueI8:          1
20260627 090216.959 INFO             PET0 asOkay:  T valueR4:   1.000000
20260627 090216.959 INFO             PET0 asOkay:  T valueR8:   1.000000
20260627 090216.959 INFO             PET0 asOkay:  F valueL:           F
20260627 090216.961 INFO             PET0 map key=car map value: AsString: red
20260627 090216.961 INFO             PET0 map key=       car map value: asOkay:  F valueI4:          0
20260627 090216.961 INFO             PET0 map key=       car map value: asOkay:  F valueI8:          0
20260627 090216.961 INFO             PET0 map key=       car map value: asOkay:  F valueR4:   0.000000
20260627 090216.961 INFO             PET0 map key=       car map value: asOkay:  F valueR8:   0.000000
20260627 090216.961 INFO             PET0 map key=       car map value: asOkay:  F valueL:          F
20260627 090216.962 INFO             PET0 map key=bike map value: AsString: 22
20260627 090216.962 INFO             PET0 map key=      bike map value: asOkay:  T valueI4:         22
20260627 090216.962 INFO             PET0 map key=      bike map value: asOkay:  T valueI8:         22
20260627 090216.962 INFO             PET0 map key=      bike map value: asOkay:  T valueR4:  22.000000
20260627 090216.962 INFO             PET0 map key=      bike map value: asOkay:  T valueR8:  22.000000
20260627 090216.962 INFO             PET0 map key=      bike map value: asOkay:  F valueL:          F
20260627 090216.962 INFO             PET0 map key=plane map value: AsString: TRUE
20260627 090216.962 INFO             PET0 map key=     plane map value: asOkay:  F valueI4:          0
20260627 090216.962 INFO             PET0 map key=     plane map value: asOkay:  F valueI8:          0
20260627 090216.962 INFO             PET0 map key=     plane map value: asOkay:  F valueR4:   0.000000
20260627 090216.962 INFO             PET0 map key=     plane map value: asOkay:  F valueR8:   0.000000
20260627 090216.962 INFO             PET0 map key=     plane map value: asOkay:  T valueL:          T
20260627 090216.963 INFO             PET0 map key=bike map value: AsString: 22
20260627 090216.963 INFO             PET0 map key=      bike map value: asOkay:  T valueI4:         22
20260627 090216.963 INFO             PET0 map key=      bike map value: asOkay:  T valueI8:         22
20260627 090216.963 INFO             PET0 map key=      bike map value: asOkay:  T valueR4:  22.000000
20260627 090216.964 INFO             PET0 map key=      bike map value: asOkay:  T valueR8:  22.000000
20260627 090216.964 INFO             PET0 map key=      bike map value: asOkay:  F valueL:          F
20260627 090216.964 INFO             PET0 map key=plane map value: AsString: TRUE
20260627 090216.964 INFO             PET0 map key=     plane map value: asOkay:  F valueI4:          0
20260627 090216.965 INFO             PET0 map key=     plane map value: asOkay:  F valueI8:          0
20260627 090216.965 INFO             PET0 map key=     plane map value: asOkay:  F valueR4:   0.000000
20260627 090216.965 INFO             PET0 map key=     plane map value: asOkay:  F valueR8:   0.000000
20260627 090216.965 INFO             PET0 map key=     plane map value: asOkay:  T valueL:          T
20260627 090216.966 INFO             PET0 map key=car map value: AsString: red
20260627 090216.966 INFO             PET0 map key=       car map value: asOkay:  F valueI4:          0
20260627 090216.966 INFO             PET0 map key=       car map value: asOkay:  F valueI8:          0
20260627 090216.966 INFO             PET0 map key=       car map value: asOkay:  F valueR4:   0.000000
20260627 090216.966 INFO             PET0 map key=       car map value: asOkay:  F valueR8:   0.000000
20260627 090216.967 INFO             PET0 map key=       car map value: asOkay:  F valueL:          F
20260627 090216.972 INFO             PET0 HConfig from Config IsDefined:  T
20260627 090216.972 INFO             PET0 HConfig from Config IsNull:  F
20260627 090216.972 INFO             PET0 HConfig from Config IsSequence:  F
20260627 090216.972 INFO             PET0 HConfig from Config IsMap:  T
20260627 090216.986 INFO             PET0 Empty HConfig tag:               tag:yaml.org,2002:null
20260627 090216.991 INFO             PET0 WithTagsStart: --- HConfig::log() start ---------------------------------
20260627 090216.993 INFO             PET0 WithTagsStart: value_one: {word1: this, word2: is, word3: a, word4: map}
20260627 090216.993 INFO             PET0 WithTagsStart: value_two: [this, is, a, list]
20260627 090216.993 INFO             PET0 WithTagsStart: value_three: 123
20260627 090216.993 INFO             PET0 WithTagsStart: value_four: !<tag:yaml.org,2002:float> 123
20260627 090216.993 INFO             PET0 WithTagsStart: value_five: 2.5
20260627 090216.993 INFO             PET0 WithTagsStart: value_six: !<tag:yaml.org,2002:str> 2.5
20260627 090216.993 INFO             PET0 WithTagsStart: value_seven: False
20260627 090216.993 INFO             PET0 WithTagsStart: value_eight: !<tag:yaml.org,2002:str> true
20260627 090216.993 INFO             PET0 WithTagsStart: value_nine: 0x234
20260627 090216.993 INFO             PET0 WithTagsStart: value_ten: ~
20260627 090216.993 INFO             PET0 WithTagsStart: value_eleven: ~
20260627 090216.993 INFO             PET0 WithTagsStart: value_twelve: !<!myStuff> xyz
20260627 090216.993 INFO             PET0 WithTagsStart: value_thirteen: NO
20260627 090216.993 INFO             PET0 WithTagsStart: value_fourteen: !<tag:yaml.org,2002:str> NO
20260627 090216.993 INFO             PET0 WithTagsStart: --- HConfig::log() end -----------------------------------
20260627 090216.994 INFO             PET0 value_ten HConfig tag:          tag:yaml.org,2002:null
20260627 090216.994 INFO             PET0 value_eleven HConfig tag:          tag:yaml.org,2002:null
20260627 090216.994 INFO             PET0 Top level HConfig tag:          tag:yaml.org,2002:map
20260627 090216.994 INFO             PET0 value_two HConfig tag:           tag:yaml.org,2002:seq
20260627 090216.994 INFO             PET0 first key HConfig tag:           tag:yaml.org,2002:str
20260627 090216.994 INFO             PET0 value_three HConfig tag:           tag:yaml.org,2002:int
20260627 090216.995 INFO             PET0 value_nine HConfig tag:           tag:yaml.org,2002:int
20260627 090216.995 INFO             PET0 value_five HConfig tag:           tag:yaml.org,2002:float
20260627 090216.995 INFO             PET0 value_seven HConfig tag:            tag:yaml.org,2002:bool
20260627 090216.995 INFO             PET0 value_thirteen HConfig tag:            tag:yaml.org,2002:bool
20260627 090216.996 INFO             PET0 value_fourteen HConfig tag:             tag:yaml.org,2002:str
20260627 090216.997 INFO             PET0 value_added HConfig tag:             tag:yaml.org,2002:str
20260627 090216.997 INFO             PET0 WithTagsFinish: --- HConfig::log() start ---------------------------------
20260627 090216.999 INFO             PET0 WithTagsFinish: value_one: {word1: this, word2: is, word3: a, word4: map}
20260627 090216.999 INFO             PET0 WithTagsFinish: value_two: [this, is, a, list]
20260627 090216.999 INFO             PET0 WithTagsFinish: value_three: 123
20260627 090216.999 INFO             PET0 WithTagsFinish: value_four: !<tag:yaml.org,2002:float> 123
20260627 090216.999 INFO             PET0 WithTagsFinish: value_five: 2.5
20260627 090216.999 INFO             PET0 WithTagsFinish: value_six: !<tag:yaml.org,2002:str> 2.5
20260627 090216.999 INFO             PET0 WithTagsFinish: value_seven: False
20260627 090216.999 INFO             PET0 WithTagsFinish: value_eight: !<tag:yaml.org,2002:str> true
20260627 090216.999 INFO             PET0 WithTagsFinish: value_nine: 0x234
20260627 090216.999 INFO             PET0 WithTagsFinish: value_ten: ~
20260627 090216.999 INFO             PET0 WithTagsFinish: value_eleven: ~
20260627 090216.999 INFO             PET0 WithTagsFinish: value_twelve: !<!myStuff> xyz
20260627 090216.999 INFO             PET0 WithTagsFinish: value_thirteen: NO
20260627 090216.999 INFO             PET0 WithTagsFinish: value_fourteen: !<tag:yaml.org,2002:str> NO
20260627 090216.999 INFO             PET0 WithTagsFinish: value_added: !<tag:yaml.org,2002:str> NO
20260627 090216.999 INFO             PET0 WithTagsFinish: --- HConfig::log() end -----------------------------------
20260627 090217.000 INFO             PET0 value_four HConfig tag:           tag:yaml.org,2002:float
20260627 090217.000 INFO             PET0 value_six HConfig tag:             tag:yaml.org,2002:str
20260627 090217.000 INFO             PET0 value_eight HConfig tag:             tag:yaml.org,2002:str
20260627 090217.000 INFO             PET0 value_twelve HConfig tag:                          !myStuff
20260627 090217.001 INFO             PET0 isAlias:  T
20260627 090217.001 INFO             PET0 isNotAlias:  F
20260627 090217.001 INFO             PET0 isAlias from match:  T
20260627 090217.001 INFO             PET0 isAlias for diff objects:  F
20260627 090217.002 INFO             PET0 isExact:  T
20260627 090217.002 INFO             PET0 isMatch:  T
20260627 090217.003 INFO             PET0 isNone:  T
20260627 090217.036 INFO             PET0 docCount:        3
20260627 090217.037 INFO             PET0 my-multi-doc: --- HConfig::log() start ---------------------------------
20260627 090217.038 INFO             PET0 my-multi-doc: ---
20260627 090217.038 INFO             PET0 my-multi-doc: - This
20260627 090217.038 INFO             PET0 my-multi-doc: - is
20260627 090217.038 INFO             PET0 my-multi-doc: - the
20260627 090217.038 INFO             PET0 my-multi-doc: - first document.
20260627 090217.038 INFO             PET0 my-multi-doc: ...
20260627 090217.038 INFO             PET0 my-multi-doc: ---
20260627 090217.038 INFO             PET0 my-multi-doc: - And
20260627 090217.038 INFO             PET0 my-multi-doc: - a second document.
20260627 090217.038 INFO             PET0 my-multi-doc: ...
20260627 090217.038 INFO             PET0 my-multi-doc: ---
20260627 090217.038 INFO             PET0 my-multi-doc: - And
20260627 090217.038 INFO             PET0 my-multi-doc: - finally a
20260627 090217.038 INFO             PET0 my-multi-doc: - third document.
20260627 090217.038 INFO             PET0 my-multi-doc: ...
20260627 090217.038 INFO             PET0 my-multi-doc: --- HConfig::log() end -----------------------------------
20260627 090217.043 INFO             PET0 valueI4Seq:        1       2       3
20260627 090217.043 INFO             PET0 asOkay for Logical:  F
20260627 090217.043 INFO             PET0 asOkay for String:  T
20260627 090217.043 INFO             PET0 valueSSeq: 1         2         3
20260627 090217.050 INFO             PET0  NUMBER_OF_PROCESSORS            4
20260627 090217.050 INFO             PET0  PASS  Example ESMF_HConfigEx, ESMF_HConfigEx.F90, line 2033
20260627 090217.050 INFO             PET0  Finalizing ESMF
20260627 090216.941 INFO             PET1 !!!!!!!!!!!!!!!!!!!!!!!!!!!!!!!!!!!!!!!!!!!!!!!!!!!!!!
20260627 090216.941 INFO             PET1 !!! THE ESMF_LOG IS SET TO OUTPUT ALL LOG MESSAGES !!!
20260627 090216.941 INFO             PET1 !!!     THIS MAY CAUSE SLOWDOWN IN PERFORMANCE     !!!
20260627 090216.941 INFO             PET1 !!! FOR PRODUCTION RUNS, USE:                      !!!
20260627 090216.941 INFO             PET1 !!!                   ESMF_LOGKIND_Multi_On_Error  !!!
20260627 090216.941 INFO             PET1 !!!!!!!!!!!!!!!!!!!!!!!!!!!!!!!!!!!!!!!!!!!!!!!!!!!!!!
20260627 090216.941 INFO             PET1 Running with ESMF Version   : develop+g9d8ac26759
20260627 090216.941 INFO             PET1 ESMF library build date/time: "Jun 27 2026" "07:40:06"
20260627 090216.941 INFO             PET1 ESMF library build location : /scratch3/NCEPDEV/stmp/Gerhard.Theurich/ESMF-Nightly-Testing-Hera/nvhpc_24.1_openmpi_g_develop/esmf
20260627 090216.941 INFO             PET1 ESMF_COMM                   : openmpi
20260627 090216.941 INFO             PET1 ESMF_MOAB                   : enabled
20260627 090216.941 INFO             PET1 ESMF_LAPACK                 : enabled
20260627 090216.941 INFO             PET1 ESMF_NETCDF                 : disabled
20260627 090216.941 INFO             PET1 ESMF_PNETCDF                : disabled
20260627 090216.941 INFO             PET1 ESMF_PIO                    : disabled
20260627 090216.941 INFO             PET1 ESMF_YAMLCPP                : enabled
20260627 090216.956 INFO             PET1 AsString: 1
20260627 090216.956 INFO             PET1 asOkay:  T valueI4:          1
20260627 090216.956 INFO             PET1 asOkay:  T valueI8:          1
20260627 090216.956 INFO             PET1 asOkay:  T valueR4:   1.000000
20260627 090216.956 INFO             PET1 asOkay:  T valueR8:   1.000000
20260627 090216.956 INFO             PET1 asOkay:  F valueL:           F
20260627 090216.957 INFO             PET1 AsString: 2
20260627 090216.957 INFO             PET1 asOkay:  T valueI4:          2
20260627 090216.957 INFO             PET1 asOkay:  T valueI8:          2
20260627 090216.957 INFO             PET1 asOkay:  T valueR4:   2.000000
20260627 090216.957 INFO             PET1 asOkay:  T valueR8:   2.000000
20260627 090216.957 INFO             PET1 asOkay:  F valueL:           F
20260627 090216.957 INFO             PET1 AsString: 3
20260627 090216.957 INFO             PET1 asOkay:  T valueI4:          3
20260627 090216.957 INFO             PET1 asOkay:  T valueI8:          3
20260627 090216.957 INFO             PET1 asOkay:  T valueR4:   3.000000
20260627 090216.957 INFO             PET1 asOkay:  T valueR8:   3.000000
20260627 090216.957 INFO             PET1 asOkay:  F valueL:           F
20260627 090216.957 INFO             PET1 AsString: abc
20260627 090216.957 INFO             PET1 asOkay:  F valueI4:          0
20260627 090216.957 INFO             PET1 asOkay:  F valueI8:          0
20260627 090216.957 INFO             PET1 asOkay:  F valueR4:   0.000000
20260627 090216.957 INFO             PET1 asOkay:  F valueR8:   0.000000
20260627 090216.957 INFO             PET1 asOkay:  F valueL:           F
20260627 090216.957 INFO             PET1 AsString: b
20260627 090216.957 INFO             PET1 asOkay:  F valueI4:          0
20260627 090216.957 INFO             PET1 asOkay:  F valueI8:          0
20260627 090216.957 INFO             PET1 asOkay:  F valueR4:   0.000000
20260627 090216.957 INFO             PET1 asOkay:  F valueR8:   0.000000
20260627 090216.957 INFO             PET1 asOkay:  F valueL:           F
20260627 090216.957 INFO             PET1 AsString: TRUE
20260627 090216.957 INFO             PET1 asOkay:  F valueI4:          0
20260627 090216.957 INFO             PET1 asOkay:  F valueI8:          0
20260627 090216.957 INFO             PET1 asOkay:  F valueR4:   0.000000
20260627 090216.957 INFO             PET1 asOkay:  F valueR8:   0.000000
20260627 090216.957 INFO             PET1 asOkay:  T valueL:           T
20260627 090216.957 INFO             PET1 AsString: TRUE
20260627 090216.957 INFO             PET1 asOkay:  F valueI4:          0
20260627 090216.958 INFO             PET1 asOkay:  F valueI8:          0
20260627 090216.958 INFO             PET1 asOkay:  F valueR4:   0.000000
20260627 090216.958 INFO             PET1 asOkay:  F valueR8:   0.000000
20260627 090216.958 INFO             PET1 asOkay:  T valueL:           T
20260627 090216.958 INFO             PET1 AsString: b
20260627 090216.958 INFO             PET1 asOkay:  F valueI4:          0
20260627 090216.958 INFO             PET1 asOkay:  F valueI8:          0
20260627 090216.958 INFO             PET1 asOkay:  F valueR4:   0.000000
20260627 090216.958 INFO             PET1 asOkay:  F valueR8:   0.000000
20260627 090216.958 INFO             PET1 asOkay:  F valueL:           F
20260627 090216.958 INFO             PET1 AsString: abc
20260627 090216.958 INFO             PET1 asOkay:  F valueI4:          0
20260627 090216.958 INFO             PET1 asOkay:  F valueI8:          0
20260627 090216.958 INFO             PET1 asOkay:  F valueR4:   0.000000
20260627 090216.958 INFO             PET1 asOkay:  F valueR8:   0.000000
20260627 090216.958 INFO             PET1 asOkay:  F valueL:           F
20260627 090216.958 INFO             PET1 AsString: 3
20260627 090216.958 INFO             PET1 asOkay:  T valueI4:          3
20260627 090216.958 INFO             PET1 asOkay:  T valueI8:          3
20260627 090216.958 INFO             PET1 asOkay:  T valueR4:   3.000000
20260627 090216.958 INFO             PET1 asOkay:  T valueR8:   3.000000
20260627 090216.958 INFO             PET1 asOkay:  F valueL:           F
20260627 090216.958 INFO             PET1 AsString: 2
20260627 090216.958 INFO             PET1 asOkay:  T valueI4:          2
20260627 090216.958 INFO             PET1 asOkay:  T valueI8:          2
20260627 090216.958 INFO             PET1 asOkay:  T valueR4:   2.000000
20260627 090216.958 INFO             PET1 asOkay:  T valueR8:   2.000000
20260627 090216.958 INFO             PET1 asOkay:  F valueL:           F
20260627 090216.958 INFO             PET1 AsString: 1
20260627 090216.958 INFO             PET1 asOkay:  T valueI4:          1
20260627 090216.958 INFO             PET1 asOkay:  T valueI8:          1
20260627 090216.958 INFO             PET1 asOkay:  T valueR4:   1.000000
20260627 090216.959 INFO             PET1 asOkay:  T valueR8:   1.000000
20260627 090216.959 INFO             PET1 asOkay:  F valueL:           F
20260627 090216.961 INFO             PET1 map key=car map value: AsString: red
20260627 090216.961 INFO             PET1 map key=       car map value: asOkay:  F valueI4:          0
20260627 090216.961 INFO             PET1 map key=       car map value: asOkay:  F valueI8:          0
20260627 090216.961 INFO             PET1 map key=       car map value: asOkay:  F valueR4:   0.000000
20260627 090216.961 INFO             PET1 map key=       car map value: asOkay:  F valueR8:   0.000000
20260627 090216.961 INFO             PET1 map key=       car map value: asOkay:  F valueL:          F
20260627 090216.961 INFO             PET1 map key=bike map value: AsString: 22
20260627 090216.962 INFO             PET1 map key=      bike map value: asOkay:  T valueI4:         22
20260627 090216.962 INFO             PET1 map key=      bike map value: asOkay:  T valueI8:         22
20260627 090216.962 INFO             PET1 map key=      bike map value: asOkay:  T valueR4:  22.000000
20260627 090216.962 INFO             PET1 map key=      bike map value: asOkay:  T valueR8:  22.000000
20260627 090216.962 INFO             PET1 map key=      bike map value: asOkay:  F valueL:          F
20260627 090216.962 INFO             PET1 map key=plane map value: AsString: TRUE
20260627 090216.962 INFO             PET1 map key=     plane map value: asOkay:  F valueI4:          0
20260627 090216.962 INFO             PET1 map key=     plane map value: asOkay:  F valueI8:          0
20260627 090216.962 INFO             PET1 map key=     plane map value: asOkay:  F valueR4:   0.000000
20260627 090216.962 INFO             PET1 map key=     plane map value: asOkay:  F valueR8:   0.000000
20260627 090216.962 INFO             PET1 map key=     plane map value: asOkay:  T valueL:          T
20260627 090216.963 INFO             PET1 map key=bike map value: AsString: 22
20260627 090216.963 INFO             PET1 map key=      bike map value: asOkay:  T valueI4:         22
20260627 090216.963 INFO             PET1 map key=      bike map value: asOkay:  T valueI8:         22
20260627 090216.963 INFO             PET1 map key=      bike map value: asOkay:  T valueR4:  22.000000
20260627 090216.963 INFO             PET1 map key=      bike map value: asOkay:  T valueR8:  22.000000
20260627 090216.964 INFO             PET1 map key=      bike map value: asOkay:  F valueL:          F
20260627 090216.964 INFO             PET1 map key=plane map value: AsString: TRUE
20260627 090216.964 INFO             PET1 map key=     plane map value: asOkay:  F valueI4:          0
20260627 090216.964 INFO             PET1 map key=     plane map value: asOkay:  F valueI8:          0
20260627 090216.964 INFO             PET1 map key=     plane map value: asOkay:  F valueR4:   0.000000
20260627 090216.965 INFO             PET1 map key=     plane map value: asOkay:  F valueR8:   0.000000
20260627 090216.965 INFO             PET1 map key=     plane map value: asOkay:  T valueL:          T
20260627 090216.965 INFO             PET1 map key=car map value: AsString: red
20260627 090216.965 INFO             PET1 map key=       car map value: asOkay:  F valueI4:          0
20260627 090216.966 INFO             PET1 map key=       car map value: asOkay:  F valueI8:          0
20260627 090216.966 INFO             PET1 map key=       car map value: asOkay:  F valueR4:   0.000000
20260627 090216.966 INFO             PET1 map key=       car map value: asOkay:  F valueR8:   0.000000
20260627 090216.966 INFO             PET1 map key=       car map value: asOkay:  F valueL:          F
20260627 090216.971 INFO             PET1 HConfig from Config IsDefined:  T
20260627 090216.971 INFO             PET1 HConfig from Config IsNull:  F
20260627 090216.971 INFO             PET1 HConfig from Config IsSequence:  F
20260627 090216.971 INFO             PET1 HConfig from Config IsMap:  T
20260627 090216.980 INFO             PET1 Empty HConfig tag:               tag:yaml.org,2002:null
20260627 090216.984 INFO             PET1 WithTagsStart: --- HConfig::log() start ---------------------------------
20260627 090216.987 INFO             PET1 WithTagsStart: value_one: {word1: this, word2: is, word3: a, word4: map}
20260627 090216.987 INFO             PET1 WithTagsStart: value_two: [this, is, a, list]
20260627 090216.987 INFO             PET1 WithTagsStart: value_three: 123
20260627 090216.987 INFO             PET1 WithTagsStart: value_four: !<tag:yaml.org,2002:float> 123
20260627 090216.987 INFO             PET1 WithTagsStart: value_five: 2.5
20260627 090216.987 INFO             PET1 WithTagsStart: value_six: !<tag:yaml.org,2002:str> 2.5
20260627 090216.987 INFO             PET1 WithTagsStart: value_seven: False
20260627 090216.987 INFO             PET1 WithTagsStart: value_eight: !<tag:yaml.org,2002:str> true
20260627 090216.987 INFO             PET1 WithTagsStart: value_nine: 0x234
20260627 090216.987 INFO             PET1 WithTagsStart: value_ten: ~
20260627 090216.987 INFO             PET1 WithTagsStart: value_eleven: ~
20260627 090216.987 INFO             PET1 WithTagsStart: value_twelve: !<!myStuff> xyz
20260627 090216.987 INFO             PET1 WithTagsStart: value_thirteen: NO
20260627 090216.987 INFO             PET1 WithTagsStart: value_fourteen: !<tag:yaml.org,2002:str> NO
20260627 090216.987 INFO             PET1 WithTagsStart: --- HConfig::log() end -----------------------------------
20260627 090216.987 INFO             PET1 value_ten HConfig tag:          tag:yaml.org,2002:null
20260627 090216.988 INFO             PET1 value_eleven HConfig tag:          tag:yaml.org,2002:null
20260627 090216.988 INFO             PET1 Top level HConfig tag:          tag:yaml.org,2002:map
20260627 090216.988 INFO             PET1 value_two HConfig tag:           tag:yaml.org,2002:seq
20260627 090216.988 INFO             PET1 first key HConfig tag:           tag:yaml.org,2002:str
20260627 090216.988 INFO             PET1 value_three HConfig tag:           tag:yaml.org,2002:int
20260627 090216.989 INFO             PET1 value_nine HConfig tag:           tag:yaml.org,2002:int
20260627 090216.989 INFO             PET1 value_five HConfig tag:           tag:yaml.org,2002:float
20260627 090216.989 INFO             PET1 value_seven HConfig tag:            tag:yaml.org,2002:bool
20260627 090216.989 INFO             PET1 value_thirteen HConfig tag:            tag:yaml.org,2002:bool
20260627 090216.990 INFO             PET1 value_fourteen HConfig tag:             tag:yaml.org,2002:str
20260627 090216.991 INFO             PET1 value_added HConfig tag:             tag:yaml.org,2002:str
20260627 090216.991 INFO             PET1 WithTagsFinish: --- HConfig::log() start ---------------------------------
20260627 090216.993 INFO             PET1 WithTagsFinish: value_one: {word1: this, word2: is, word3: a, word4: map}
20260627 090216.993 INFO             PET1 WithTagsFinish: value_two: [this, is, a, list]
20260627 090216.993 INFO             PET1 WithTagsFinish: value_three: 123
20260627 090216.993 INFO             PET1 WithTagsFinish: value_four: !<tag:yaml.org,2002:float> 123
20260627 090216.993 INFO             PET1 WithTagsFinish: value_five: 2.5
20260627 090216.993 INFO             PET1 WithTagsFinish: value_six: !<tag:yaml.org,2002:str> 2.5
20260627 090216.993 INFO             PET1 WithTagsFinish: value_seven: False
20260627 090216.993 INFO             PET1 WithTagsFinish: value_eight: !<tag:yaml.org,2002:str> true
20260627 090216.994 INFO             PET1 WithTagsFinish: value_nine: 0x234
20260627 090216.994 INFO             PET1 WithTagsFinish: value_ten: ~
20260627 090216.994 INFO             PET1 WithTagsFinish: value_eleven: ~
20260627 090216.994 INFO             PET1 WithTagsFinish: value_twelve: !<!myStuff> xyz
20260627 090216.994 INFO             PET1 WithTagsFinish: value_thirteen: NO
20260627 090216.994 INFO             PET1 WithTagsFinish: value_fourteen: !<tag:yaml.org,2002:str> NO
20260627 090216.994 INFO             PET1 WithTagsFinish: value_added: !<tag:yaml.org,2002:str> NO
20260627 090216.994 INFO             PET1 WithTagsFinish: --- HConfig::log() end -----------------------------------
20260627 090216.994 INFO             PET1 value_four HConfig tag:           tag:yaml.org,2002:float
20260627 090216.994 INFO             PET1 value_six HConfig tag:             tag:yaml.org,2002:str
20260627 090216.994 INFO             PET1 value_eight HConfig tag:             tag:yaml.org,2002:str
20260627 090216.995 INFO             PET1 value_twelve HConfig tag:                          !myStuff
20260627 090216.995 INFO             PET1 isAlias:  T
20260627 090216.995 INFO             PET1 isNotAlias:  F
20260627 090216.995 INFO             PET1 isAlias from match:  T
20260627 090216.996 INFO             PET1 isAlias for diff objects:  F
20260627 090216.997 INFO             PET1 isExact:  T
20260627 090216.997 INFO             PET1 isMatch:  T
20260627 090216.998 INFO             PET1 isNone:  T
20260627 090217.014 INFO             PET1 docCount:        3
20260627 090217.014 INFO             PET1 my-multi-doc: --- HConfig::log() start ---------------------------------
20260627 090217.015 INFO             PET1 my-multi-doc: ---
20260627 090217.015 INFO             PET1 my-multi-doc: - This
20260627 090217.015 INFO             PET1 my-multi-doc: - is
20260627 090217.015 INFO             PET1 my-multi-doc: - the
20260627 090217.015 INFO             PET1 my-multi-doc: - first document.
20260627 090217.015 INFO             PET1 my-multi-doc: ...
20260627 090217.015 INFO             PET1 my-multi-doc: ---
20260627 090217.015 INFO             PET1 my-multi-doc: - And
20260627 090217.015 INFO             PET1 my-multi-doc: - a second document.
20260627 090217.015 INFO             PET1 my-multi-doc: ...
20260627 090217.015 INFO             PET1 my-multi-doc: ---
20260627 090217.015 INFO             PET1 my-multi-doc: - And
20260627 090217.015 INFO             PET1 my-multi-doc: - finally a
20260627 090217.015 INFO             PET1 my-multi-doc: - third document.
20260627 090217.015 INFO             PET1 my-multi-doc: ...
20260627 090217.015 INFO             PET1 my-multi-doc: --- HConfig::log() end -----------------------------------
20260627 090217.017 INFO             PET1 valueI4Seq:        1       2       3
20260627 090217.017 INFO             PET1 asOkay for Logical:  F
20260627 090217.017 INFO             PET1 asOkay for String:  T
20260627 090217.017 INFO             PET1 valueSSeq: 1         2         3
20260627 090217.022 INFO             PET1  NUMBER_OF_PROCESSORS            4
20260627 090217.022 INFO             PET1  PASS  Example ESMF_HConfigEx, ESMF_HConfigEx.F90, line 2033
20260627 090217.022 INFO             PET1  Finalizing ESMF
20260627 090216.940 INFO             PET2 !!!!!!!!!!!!!!!!!!!!!!!!!!!!!!!!!!!!!!!!!!!!!!!!!!!!!!
20260627 090216.941 INFO             PET2 !!! THE ESMF_LOG IS SET TO OUTPUT ALL LOG MESSAGES !!!
20260627 090216.941 INFO             PET2 !!!     THIS MAY CAUSE SLOWDOWN IN PERFORMANCE     !!!
20260627 090216.941 INFO             PET2 !!! FOR PRODUCTION RUNS, USE:                      !!!
20260627 090216.941 INFO             PET2 !!!                   ESMF_LOGKIND_Multi_On_Error  !!!
20260627 090216.941 INFO             PET2 !!!!!!!!!!!!!!!!!!!!!!!!!!!!!!!!!!!!!!!!!!!!!!!!!!!!!!
20260627 090216.941 INFO             PET2 Running with ESMF Version   : develop+g9d8ac26759
20260627 090216.941 INFO             PET2 ESMF library build date/time: "Jun 27 2026" "07:40:06"
20260627 090216.941 INFO             PET2 ESMF library build location : /scratch3/NCEPDEV/stmp/Gerhard.Theurich/ESMF-Nightly-Testing-Hera/nvhpc_24.1_openmpi_g_develop/esmf
20260627 090216.941 INFO             PET2 ESMF_COMM                   : openmpi
20260627 090216.941 INFO             PET2 ESMF_MOAB                   : enabled
20260627 090216.941 INFO             PET2 ESMF_LAPACK                 : enabled
20260627 090216.941 INFO             PET2 ESMF_NETCDF                 : disabled
20260627 090216.941 INFO             PET2 ESMF_PNETCDF                : disabled
20260627 090216.941 INFO             PET2 ESMF_PIO                    : disabled
20260627 090216.941 INFO             PET2 ESMF_YAMLCPP                : enabled
20260627 090216.956 INFO             PET2 AsString: 1
20260627 090216.956 INFO             PET2 asOkay:  T valueI4:          1
20260627 090216.956 INFO             PET2 asOkay:  T valueI8:          1
20260627 090216.956 INFO             PET2 asOkay:  T valueR4:   1.000000
20260627 090216.956 INFO             PET2 asOkay:  T valueR8:   1.000000
20260627 090216.957 INFO             PET2 asOkay:  F valueL:           F
20260627 090216.957 INFO             PET2 AsString: 2
20260627 090216.957 INFO             PET2 asOkay:  T valueI4:          2
20260627 090216.957 INFO             PET2 asOkay:  T valueI8:          2
20260627 090216.957 INFO             PET2 asOkay:  T valueR4:   2.000000
20260627 090216.957 INFO             PET2 asOkay:  T valueR8:   2.000000
20260627 090216.957 INFO             PET2 asOkay:  F valueL:           F
20260627 090216.957 INFO             PET2 AsString: 3
20260627 090216.957 INFO             PET2 asOkay:  T valueI4:          3
20260627 090216.957 INFO             PET2 asOkay:  T valueI8:          3
20260627 090216.957 INFO             PET2 asOkay:  T valueR4:   3.000000
20260627 090216.957 INFO             PET2 asOkay:  T valueR8:   3.000000
20260627 090216.957 INFO             PET2 asOkay:  F valueL:           F
20260627 090216.957 INFO             PET2 AsString: abc
20260627 090216.957 INFO             PET2 asOkay:  F valueI4:          0
20260627 090216.957 INFO             PET2 asOkay:  F valueI8:          0
20260627 090216.957 INFO             PET2 asOkay:  F valueR4:   0.000000
20260627 090216.957 INFO             PET2 asOkay:  F valueR8:   0.000000
20260627 090216.957 INFO             PET2 asOkay:  F valueL:           F
20260627 090216.957 INFO             PET2 AsString: b
20260627 090216.957 INFO             PET2 asOkay:  F valueI4:          0
20260627 090216.957 INFO             PET2 asOkay:  F valueI8:          0
20260627 090216.957 INFO             PET2 asOkay:  F valueR4:   0.000000
20260627 090216.957 INFO             PET2 asOkay:  F valueR8:   0.000000
20260627 090216.957 INFO             PET2 asOkay:  F valueL:           F
20260627 090216.957 INFO             PET2 AsString: TRUE
20260627 090216.957 INFO             PET2 asOkay:  F valueI4:          0
20260627 090216.957 INFO             PET2 asOkay:  F valueI8:          0
20260627 090216.957 INFO             PET2 asOkay:  F valueR4:   0.000000
20260627 090216.957 INFO             PET2 asOkay:  F valueR8:   0.000000
20260627 090216.957 INFO             PET2 asOkay:  T valueL:           T
20260627 090216.958 INFO             PET2 AsString: TRUE
20260627 090216.958 INFO             PET2 asOkay:  F valueI4:          0
20260627 090216.958 INFO             PET2 asOkay:  F valueI8:          0
20260627 090216.958 INFO             PET2 asOkay:  F valueR4:   0.000000
20260627 090216.958 INFO             PET2 asOkay:  F valueR8:   0.000000
20260627 090216.958 INFO             PET2 asOkay:  T valueL:           T
20260627 090216.958 INFO             PET2 AsString: b
20260627 090216.958 INFO             PET2 asOkay:  F valueI4:          0
20260627 090216.958 INFO             PET2 asOkay:  F valueI8:          0
20260627 090216.958 INFO             PET2 asOkay:  F valueR4:   0.000000
20260627 090216.958 INFO             PET2 asOkay:  F valueR8:   0.000000
20260627 090216.958 INFO             PET2 asOkay:  F valueL:           F
20260627 090216.958 INFO             PET2 AsString: abc
20260627 090216.958 INFO             PET2 asOkay:  F valueI4:          0
20260627 090216.958 INFO             PET2 asOkay:  F valueI8:          0
20260627 090216.958 INFO             PET2 asOkay:  F valueR4:   0.000000
20260627 090216.958 INFO             PET2 asOkay:  F valueR8:   0.000000
20260627 090216.958 INFO             PET2 asOkay:  F valueL:           F
20260627 090216.958 INFO             PET2 AsString: 3
20260627 090216.958 INFO             PET2 asOkay:  T valueI4:          3
20260627 090216.958 INFO             PET2 asOkay:  T valueI8:          3
20260627 090216.958 INFO             PET2 asOkay:  T valueR4:   3.000000
20260627 090216.958 INFO             PET2 asOkay:  T valueR8:   3.000000
20260627 090216.958 INFO             PET2 asOkay:  F valueL:           F
20260627 090216.958 INFO             PET2 AsString: 2
20260627 090216.958 INFO             PET2 asOkay:  T valueI4:          2
20260627 090216.958 INFO             PET2 asOkay:  T valueI8:          2
20260627 090216.959 INFO             PET2 asOkay:  T valueR4:   2.000000
20260627 090216.959 INFO             PET2 asOkay:  T valueR8:   2.000000
20260627 090216.959 INFO             PET2 asOkay:  F valueL:           F
20260627 090216.959 INFO             PET2 AsString: 1
20260627 090216.959 INFO             PET2 asOkay:  T valueI4:          1
20260627 090216.959 INFO             PET2 asOkay:  T valueI8:          1
20260627 090216.959 INFO             PET2 asOkay:  T valueR4:   1.000000
20260627 090216.959 INFO             PET2 asOkay:  T valueR8:   1.000000
20260627 090216.959 INFO             PET2 asOkay:  F valueL:           F
20260627 090216.961 INFO             PET2 map key=car map value: AsString: red
20260627 090216.961 INFO             PET2 map key=       car map value: asOkay:  F valueI4:          0
20260627 090216.961 INFO             PET2 map key=       car map value: asOkay:  F valueI8:          0
20260627 090216.961 INFO             PET2 map key=       car map value: asOkay:  F valueR4:   0.000000
20260627 090216.961 INFO             PET2 map key=       car map value: asOkay:  F valueR8:   0.000000
20260627 090216.961 INFO             PET2 map key=       car map value: asOkay:  F valueL:          F
20260627 090216.962 INFO             PET2 map key=bike map value: AsString: 22
20260627 090216.962 INFO             PET2 map key=      bike map value: asOkay:  T valueI4:         22
20260627 090216.962 INFO             PET2 map key=      bike map value: asOkay:  T valueI8:         22
20260627 090216.962 INFO             PET2 map key=      bike map value: asOkay:  T valueR4:  22.000000
20260627 090216.962 INFO             PET2 map key=      bike map value: asOkay:  T valueR8:  22.000000
20260627 090216.962 INFO             PET2 map key=      bike map value: asOkay:  F valueL:          F
20260627 090216.962 INFO             PET2 map key=plane map value: AsString: TRUE
20260627 090216.962 INFO             PET2 map key=     plane map value: asOkay:  F valueI4:          0
20260627 090216.962 INFO             PET2 map key=     plane map value: asOkay:  F valueI8:          0
20260627 090216.962 INFO             PET2 map key=     plane map value: asOkay:  F valueR4:   0.000000
20260627 090216.962 INFO             PET2 map key=     plane map value: asOkay:  F valueR8:   0.000000
20260627 090216.962 INFO             PET2 map key=     plane map value: asOkay:  T valueL:          T
20260627 090216.963 INFO             PET2 map key=bike map value: AsString: 22
20260627 090216.963 INFO             PET2 map key=      bike map value: asOkay:  T valueI4:         22
20260627 090216.963 INFO             PET2 map key=      bike map value: asOkay:  T valueI8:         22
20260627 090216.963 INFO             PET2 map key=      bike map value: asOkay:  T valueR4:  22.000000
20260627 090216.964 INFO             PET2 map key=      bike map value: asOkay:  T valueR8:  22.000000
20260627 090216.964 INFO             PET2 map key=      bike map value: asOkay:  F valueL:          F
20260627 090216.964 INFO             PET2 map key=plane map value: AsString: TRUE
20260627 090216.964 INFO             PET2 map key=     plane map value: asOkay:  F valueI4:          0
20260627 090216.965 INFO             PET2 map key=     plane map value: asOkay:  F valueI8:          0
20260627 090216.965 INFO             PET2 map key=     plane map value: asOkay:  F valueR4:   0.000000
20260627 090216.965 INFO             PET2 map key=     plane map value: asOkay:  F valueR8:   0.000000
20260627 090216.965 INFO             PET2 map key=     plane map value: asOkay:  T valueL:          T
20260627 090216.966 INFO             PET2 map key=car map value: AsString: red
20260627 090216.966 INFO             PET2 map key=       car map value: asOkay:  F valueI4:          0
20260627 090216.966 INFO             PET2 map key=       car map value: asOkay:  F valueI8:          0
20260627 090216.966 INFO             PET2 map key=       car map value: asOkay:  F valueR4:   0.000000
20260627 090216.966 INFO             PET2 map key=       car map value: asOkay:  F valueR8:   0.000000
20260627 090216.967 INFO             PET2 map key=       car map value: asOkay:  F valueL:          F
20260627 090216.972 INFO             PET2 HConfig from Config IsDefined:  T
20260627 090216.972 INFO             PET2 HConfig from Config IsNull:  F
20260627 090216.972 INFO             PET2 HConfig from Config IsSequence:  F
20260627 090216.972 INFO             PET2 HConfig from Config IsMap:  T
20260627 090216.981 INFO             PET2 Empty HConfig tag:               tag:yaml.org,2002:null
20260627 090216.986 INFO             PET2 WithTagsStart: --- HConfig::log() start ---------------------------------
20260627 090216.988 INFO             PET2 WithTagsStart: value_one: {word1: this, word2: is, word3: a, word4: map}
20260627 090216.988 INFO             PET2 WithTagsStart: value_two: [this, is, a, list]
20260627 090216.988 INFO             PET2 WithTagsStart: value_three: 123
20260627 090216.988 INFO             PET2 WithTagsStart: value_four: !<tag:yaml.org,2002:float> 123
20260627 090216.988 INFO             PET2 WithTagsStart: value_five: 2.5
20260627 090216.988 INFO             PET2 WithTagsStart: value_six: !<tag:yaml.org,2002:str> 2.5
20260627 090216.989 INFO             PET2 WithTagsStart: value_seven: False
20260627 090216.989 INFO             PET2 WithTagsStart: value_eight: !<tag:yaml.org,2002:str> true
20260627 090216.989 INFO             PET2 WithTagsStart: value_nine: 0x234
20260627 090216.989 INFO             PET2 WithTagsStart: value_ten: ~
20260627 090216.989 INFO             PET2 WithTagsStart: value_eleven: ~
20260627 090216.989 INFO             PET2 WithTagsStart: value_twelve: !<!myStuff> xyz
20260627 090216.989 INFO             PET2 WithTagsStart: value_thirteen: NO
20260627 090216.989 INFO             PET2 WithTagsStart: value_fourteen: !<tag:yaml.org,2002:str> NO
20260627 090216.989 INFO             PET2 WithTagsStart: --- HConfig::log() end -----------------------------------
20260627 090216.989 INFO             PET2 value_ten HConfig tag:          tag:yaml.org,2002:null
20260627 090216.989 INFO             PET2 value_eleven HConfig tag:          tag:yaml.org,2002:null
20260627 090216.989 INFO             PET2 Top level HConfig tag:          tag:yaml.org,2002:map
20260627 090216.989 INFO             PET2 value_two HConfig tag:           tag:yaml.org,2002:seq
20260627 090216.989 INFO             PET2 first key HConfig tag:           tag:yaml.org,2002:str
20260627 090216.990 INFO             PET2 value_three HConfig tag:           tag:yaml.org,2002:int
20260627 090216.990 INFO             PET2 value_nine HConfig tag:           tag:yaml.org,2002:int
20260627 090216.990 INFO             PET2 value_five HConfig tag:           tag:yaml.org,2002:float
20260627 090216.990 INFO             PET2 value_seven HConfig tag:            tag:yaml.org,2002:bool
20260627 090216.991 INFO             PET2 value_thirteen HConfig tag:            tag:yaml.org,2002:bool
20260627 090216.991 INFO             PET2 value_fourteen HConfig tag:             tag:yaml.org,2002:str
20260627 090216.992 INFO             PET2 value_added HConfig tag:             tag:yaml.org,2002:str
20260627 090216.992 INFO             PET2 WithTagsFinish: --- HConfig::log() start ---------------------------------
20260627 090216.995 INFO             PET2 WithTagsFinish: value_one: {word1: this, word2: is, word3: a, word4: map}
20260627 090216.995 INFO             PET2 WithTagsFinish: value_two: [this, is, a, list]
20260627 090216.995 INFO             PET2 WithTagsFinish: value_three: 123
20260627 090216.995 INFO             PET2 WithTagsFinish: value_four: !<tag:yaml.org,2002:float> 123
20260627 090216.995 INFO             PET2 WithTagsFinish: value_five: 2.5
20260627 090216.995 INFO             PET2 WithTagsFinish: value_six: !<tag:yaml.org,2002:str> 2.5
20260627 090216.995 INFO             PET2 WithTagsFinish: value_seven: False
20260627 090216.995 INFO             PET2 WithTagsFinish: value_eight: !<tag:yaml.org,2002:str> true
20260627 090216.995 INFO             PET2 WithTagsFinish: value_nine: 0x234
20260627 090216.995 INFO             PET2 WithTagsFinish: value_ten: ~
20260627 090216.995 INFO             PET2 WithTagsFinish: value_eleven: ~
20260627 090216.995 INFO             PET2 WithTagsFinish: value_twelve: !<!myStuff> xyz
20260627 090216.995 INFO             PET2 WithTagsFinish: value_thirteen: NO
20260627 090216.995 INFO             PET2 WithTagsFinish: value_fourteen: !<tag:yaml.org,2002:str> NO
20260627 090216.995 INFO             PET2 WithTagsFinish: value_added: !<tag:yaml.org,2002:str> NO
20260627 090216.995 INFO             PET2 WithTagsFinish: --- HConfig::log() end -----------------------------------
20260627 090216.995 INFO             PET2 value_four HConfig tag:           tag:yaml.org,2002:float
20260627 090216.995 INFO             PET2 value_six HConfig tag:             tag:yaml.org,2002:str
20260627 090216.996 INFO             PET2 value_eight HConfig tag:             tag:yaml.org,2002:str
20260627 090216.996 INFO             PET2 value_twelve HConfig tag:                          !myStuff
20260627 090216.996 INFO             PET2 isAlias:  T
20260627 090216.996 INFO             PET2 isNotAlias:  F
20260627 090216.996 INFO             PET2 isAlias from match:  T
20260627 090216.997 INFO             PET2 isAlias for diff objects:  F
20260627 090216.997 INFO             PET2 isExact:  T
20260627 090216.997 INFO             PET2 isMatch:  T
20260627 090216.999 INFO             PET2 isNone:  T
20260627 090217.014 INFO             PET2 docCount:        3
20260627 090217.014 INFO             PET2 my-multi-doc: --- HConfig::log() start ---------------------------------
20260627 090217.015 INFO             PET2 my-multi-doc: ---
20260627 090217.015 INFO             PET2 my-multi-doc: - This
20260627 090217.015 INFO             PET2 my-multi-doc: - is
20260627 090217.015 INFO             PET2 my-multi-doc: - the
20260627 090217.015 INFO             PET2 my-multi-doc: - first document.
20260627 090217.015 INFO             PET2 my-multi-doc: ...
20260627 090217.015 INFO             PET2 my-multi-doc: ---
20260627 090217.015 INFO             PET2 my-multi-doc: - And
20260627 090217.015 INFO             PET2 my-multi-doc: - a second document.
20260627 090217.015 INFO             PET2 my-multi-doc: ...
20260627 090217.015 INFO             PET2 my-multi-doc: ---
20260627 090217.015 INFO             PET2 my-multi-doc: - And
20260627 090217.015 INFO             PET2 my-multi-doc: - finally a
20260627 090217.015 INFO             PET2 my-multi-doc: - third document.
20260627 090217.015 INFO             PET2 my-multi-doc: ...
20260627 090217.015 INFO             PET2 my-multi-doc: --- HConfig::log() end -----------------------------------
20260627 090217.017 INFO             PET2 valueI4Seq:        1       2       3
20260627 090217.017 INFO             PET2 asOkay for Logical:  F
20260627 090217.017 INFO             PET2 asOkay for String:  T
20260627 090217.017 INFO             PET2 valueSSeq: 1         2         3
20260627 090217.020 INFO             PET2  NUMBER_OF_PROCESSORS            4
20260627 090217.020 INFO             PET2  PASS  Example ESMF_HConfigEx, ESMF_HConfigEx.F90, line 2033
20260627 090217.020 INFO             PET2  Finalizing ESMF
20260627 090216.941 INFO             PET3 !!!!!!!!!!!!!!!!!!!!!!!!!!!!!!!!!!!!!!!!!!!!!!!!!!!!!!
20260627 090216.942 INFO             PET3 !!! THE ESMF_LOG IS SET TO OUTPUT ALL LOG MESSAGES !!!
20260627 090216.942 INFO             PET3 !!!     THIS MAY CAUSE SLOWDOWN IN PERFORMANCE     !!!
20260627 090216.942 INFO             PET3 !!! FOR PRODUCTION RUNS, USE:                      !!!
20260627 090216.942 INFO             PET3 !!!                   ESMF_LOGKIND_Multi_On_Error  !!!
20260627 090216.942 INFO             PET3 !!!!!!!!!!!!!!!!!!!!!!!!!!!!!!!!!!!!!!!!!!!!!!!!!!!!!!
20260627 090216.942 INFO             PET3 Running with ESMF Version   : develop+g9d8ac26759
20260627 090216.942 INFO             PET3 ESMF library build date/time: "Jun 27 2026" "07:40:06"
20260627 090216.942 INFO             PET3 ESMF library build location : /scratch3/NCEPDEV/stmp/Gerhard.Theurich/ESMF-Nightly-Testing-Hera/nvhpc_24.1_openmpi_g_develop/esmf
20260627 090216.942 INFO             PET3 ESMF_COMM                   : openmpi
20260627 090216.942 INFO             PET3 ESMF_MOAB                   : enabled
20260627 090216.942 INFO             PET3 ESMF_LAPACK                 : enabled
20260627 090216.942 INFO             PET3 ESMF_NETCDF                 : disabled
20260627 090216.942 INFO             PET3 ESMF_PNETCDF                : disabled
20260627 090216.942 INFO             PET3 ESMF_PIO                    : disabled
20260627 090216.942 INFO             PET3 ESMF_YAMLCPP                : enabled
20260627 090216.956 INFO             PET3 AsString: 1
20260627 090216.956 INFO             PET3 asOkay:  T valueI4:          1
20260627 090216.956 INFO             PET3 asOkay:  T valueI8:          1
20260627 090216.956 INFO             PET3 asOkay:  T valueR4:   1.000000
20260627 090216.956 INFO             PET3 asOkay:  T valueR8:   1.000000
20260627 090216.956 INFO             PET3 asOkay:  F valueL:           F
20260627 090216.957 INFO             PET3 AsString: 2
20260627 090216.957 INFO             PET3 asOkay:  T valueI4:          2
20260627 090216.957 INFO             PET3 asOkay:  T valueI8:          2
20260627 090216.957 INFO             PET3 asOkay:  T valueR4:   2.000000
20260627 090216.957 INFO             PET3 asOkay:  T valueR8:   2.000000
20260627 090216.957 INFO             PET3 asOkay:  F valueL:           F
20260627 090216.957 INFO             PET3 AsString: 3
20260627 090216.957 INFO             PET3 asOkay:  T valueI4:          3
20260627 090216.957 INFO             PET3 asOkay:  T valueI8:          3
20260627 090216.957 INFO             PET3 asOkay:  T valueR4:   3.000000
20260627 090216.957 INFO             PET3 asOkay:  T valueR8:   3.000000
20260627 090216.957 INFO             PET3 asOkay:  F valueL:           F
20260627 090216.957 INFO             PET3 AsString: abc
20260627 090216.957 INFO             PET3 asOkay:  F valueI4:          0
20260627 090216.957 INFO             PET3 asOkay:  F valueI8:          0
20260627 090216.957 INFO             PET3 asOkay:  F valueR4:   0.000000
20260627 090216.957 INFO             PET3 asOkay:  F valueR8:   0.000000
20260627 090216.957 INFO             PET3 asOkay:  F valueL:           F
20260627 090216.957 INFO             PET3 AsString: b
20260627 090216.957 INFO             PET3 asOkay:  F valueI4:          0
20260627 090216.957 INFO             PET3 asOkay:  F valueI8:          0
20260627 090216.957 INFO             PET3 asOkay:  F valueR4:   0.000000
20260627 090216.957 INFO             PET3 asOkay:  F valueR8:   0.000000
20260627 090216.957 INFO             PET3 asOkay:  F valueL:           F
20260627 090216.957 INFO             PET3 AsString: TRUE
20260627 090216.957 INFO             PET3 asOkay:  F valueI4:          0
20260627 090216.957 INFO             PET3 asOkay:  F valueI8:          0
20260627 090216.957 INFO             PET3 asOkay:  F valueR4:   0.000000
20260627 090216.957 INFO             PET3 asOkay:  F valueR8:   0.000000
20260627 090216.957 INFO             PET3 asOkay:  T valueL:           T
20260627 090216.957 INFO             PET3 AsString: TRUE
20260627 090216.957 INFO             PET3 asOkay:  F valueI4:          0
20260627 090216.957 INFO             PET3 asOkay:  F valueI8:          0
20260627 090216.957 INFO             PET3 asOkay:  F valueR4:   0.000000
20260627 090216.958 INFO             PET3 asOkay:  F valueR8:   0.000000
20260627 090216.958 INFO             PET3 asOkay:  T valueL:           T
20260627 090216.958 INFO             PET3 AsString: b
20260627 090216.958 INFO             PET3 asOkay:  F valueI4:          0
20260627 090216.958 INFO             PET3 asOkay:  F valueI8:          0
20260627 090216.958 INFO             PET3 asOkay:  F valueR4:   0.000000
20260627 090216.958 INFO             PET3 asOkay:  F valueR8:   0.000000
20260627 090216.958 INFO             PET3 asOkay:  F valueL:           F
20260627 090216.958 INFO             PET3 AsString: abc
20260627 090216.958 INFO             PET3 asOkay:  F valueI4:          0
20260627 090216.958 INFO             PET3 asOkay:  F valueI8:          0
20260627 090216.958 INFO             PET3 asOkay:  F valueR4:   0.000000
20260627 090216.958 INFO             PET3 asOkay:  F valueR8:   0.000000
20260627 090216.958 INFO             PET3 asOkay:  F valueL:           F
20260627 090216.958 INFO             PET3 AsString: 3
20260627 090216.958 INFO             PET3 asOkay:  T valueI4:          3
20260627 090216.958 INFO             PET3 asOkay:  T valueI8:          3
20260627 090216.958 INFO             PET3 asOkay:  T valueR4:   3.000000
20260627 090216.958 INFO             PET3 asOkay:  T valueR8:   3.000000
20260627 090216.958 INFO             PET3 asOkay:  F valueL:           F
20260627 090216.958 INFO             PET3 AsString: 2
20260627 090216.958 INFO             PET3 asOkay:  T valueI4:          2
20260627 090216.958 INFO             PET3 asOkay:  T valueI8:          2
20260627 090216.958 INFO             PET3 asOkay:  T valueR4:   2.000000
20260627 090216.958 INFO             PET3 asOkay:  T valueR8:   2.000000
20260627 090216.958 INFO             PET3 asOkay:  F valueL:           F
20260627 090216.958 INFO             PET3 AsString: 1
20260627 090216.958 INFO             PET3 asOkay:  T valueI4:          1
20260627 090216.958 INFO             PET3 asOkay:  T valueI8:          1
20260627 090216.958 INFO             PET3 asOkay:  T valueR4:   1.000000
20260627 090216.958 INFO             PET3 asOkay:  T valueR8:   1.000000
20260627 090216.958 INFO             PET3 asOkay:  F valueL:           F
20260627 090216.961 INFO             PET3 map key=car map value: AsString: red
20260627 090216.961 INFO             PET3 map key=       car map value: asOkay:  F valueI4:          0
20260627 090216.961 INFO             PET3 map key=       car map value: asOkay:  F valueI8:          0
20260627 090216.961 INFO             PET3 map key=       car map value: asOkay:  F valueR4:   0.000000
20260627 090216.961 INFO             PET3 map key=       car map value: asOkay:  F valueR8:   0.000000
20260627 090216.961 INFO             PET3 map key=       car map value: asOkay:  F valueL:          F
20260627 090216.961 INFO             PET3 map key=bike map value: AsString: 22
20260627 090216.961 INFO             PET3 map key=      bike map value: asOkay:  T valueI4:         22
20260627 090216.962 INFO             PET3 map key=      bike map value: asOkay:  T valueI8:         22
20260627 090216.962 INFO             PET3 map key=      bike map value: asOkay:  T valueR4:  22.000000
20260627 090216.962 INFO             PET3 map key=      bike map value: asOkay:  T valueR8:  22.000000
20260627 090216.962 INFO             PET3 map key=      bike map value: asOkay:  F valueL:          F
20260627 090216.962 INFO             PET3 map key=plane map value: AsString: TRUE
20260627 090216.962 INFO             PET3 map key=     plane map value: asOkay:  F valueI4:          0
20260627 090216.962 INFO             PET3 map key=     plane map value: asOkay:  F valueI8:          0
20260627 090216.962 INFO             PET3 map key=     plane map value: asOkay:  F valueR4:   0.000000
20260627 090216.962 INFO             PET3 map key=     plane map value: asOkay:  F valueR8:   0.000000
20260627 090216.962 INFO             PET3 map key=     plane map value: asOkay:  T valueL:          T
20260627 090216.963 INFO             PET3 map key=bike map value: AsString: 22
20260627 090216.963 INFO             PET3 map key=      bike map value: asOkay:  T valueI4:         22
20260627 090216.963 INFO             PET3 map key=      bike map value: asOkay:  T valueI8:         22
20260627 090216.963 INFO             PET3 map key=      bike map value: asOkay:  T valueR4:  22.000000
20260627 090216.963 INFO             PET3 map key=      bike map value: asOkay:  T valueR8:  22.000000
20260627 090216.963 INFO             PET3 map key=      bike map value: asOkay:  F valueL:          F
20260627 090216.964 INFO             PET3 map key=plane map value: AsString: TRUE
20260627 090216.964 INFO             PET3 map key=     plane map value: asOkay:  F valueI4:          0
20260627 090216.964 INFO             PET3 map key=     plane map value: asOkay:  F valueI8:          0
20260627 090216.964 INFO             PET3 map key=     plane map value: asOkay:  F valueR4:   0.000000
20260627 090216.964 INFO             PET3 map key=     plane map value: asOkay:  F valueR8:   0.000000
20260627 090216.965 INFO             PET3 map key=     plane map value: asOkay:  T valueL:          T
20260627 090216.965 INFO             PET3 map key=car map value: AsString: red
20260627 090216.965 INFO             PET3 map key=       car map value: asOkay:  F valueI4:          0
20260627 090216.965 INFO             PET3 map key=       car map value: asOkay:  F valueI8:          0
20260627 090216.965 INFO             PET3 map key=       car map value: asOkay:  F valueR4:   0.000000
20260627 090216.966 INFO             PET3 map key=       car map value: asOkay:  F valueR8:   0.000000
20260627 090216.966 INFO             PET3 map key=       car map value: asOkay:  F valueL:          F
20260627 090216.971 INFO             PET3 HConfig from Config IsDefined:  T
20260627 090216.971 INFO             PET3 HConfig from Config IsNull:  F
20260627 090216.971 INFO             PET3 HConfig from Config IsSequence:  F
20260627 090216.971 INFO             PET3 HConfig from Config IsMap:  T
20260627 090216.979 INFO             PET3 Empty HConfig tag:               tag:yaml.org,2002:null
20260627 090216.984 INFO             PET3 WithTagsStart: --- HConfig::log() start ---------------------------------
20260627 090216.987 INFO             PET3 WithTagsStart: value_one: {word1: this, word2: is, word3: a, word4: map}
20260627 090216.987 INFO             PET3 WithTagsStart: value_two: [this, is, a, list]
20260627 090216.987 INFO             PET3 WithTagsStart: value_three: 123
20260627 090216.987 INFO             PET3 WithTagsStart: value_four: !<tag:yaml.org,2002:float> 123
20260627 090216.987 INFO             PET3 WithTagsStart: value_five: 2.5
20260627 090216.987 INFO             PET3 WithTagsStart: value_six: !<tag:yaml.org,2002:str> 2.5
20260627 090216.987 INFO             PET3 WithTagsStart: value_seven: False
20260627 090216.987 INFO             PET3 WithTagsStart: value_eight: !<tag:yaml.org,2002:str> true
20260627 090216.987 INFO             PET3 WithTagsStart: value_nine: 0x234
20260627 090216.987 INFO             PET3 WithTagsStart: value_ten: ~
20260627 090216.987 INFO             PET3 WithTagsStart: value_eleven: ~
20260627 090216.987 INFO             PET3 WithTagsStart: value_twelve: !<!myStuff> xyz
20260627 090216.987 INFO             PET3 WithTagsStart: value_thirteen: NO
20260627 090216.987 INFO             PET3 WithTagsStart: value_fourteen: !<tag:yaml.org,2002:str> NO
20260627 090216.987 INFO             PET3 WithTagsStart: --- HConfig::log() end -----------------------------------
20260627 090216.987 INFO             PET3 value_ten HConfig tag:          tag:yaml.org,2002:null
20260627 090216.988 INFO             PET3 value_eleven HConfig tag:          tag:yaml.org,2002:null
20260627 090216.988 INFO             PET3 Top level HConfig tag:          tag:yaml.org,2002:map
20260627 090216.988 INFO             PET3 value_two HConfig tag:           tag:yaml.org,2002:seq
20260627 090216.988 INFO             PET3 first key HConfig tag:           tag:yaml.org,2002:str
20260627 090216.988 INFO             PET3 value_three HConfig tag:           tag:yaml.org,2002:int
20260627 090216.988 INFO             PET3 value_nine HConfig tag:           tag:yaml.org,2002:int
20260627 090216.989 INFO             PET3 value_five HConfig tag:           tag:yaml.org,2002:float
20260627 090216.989 INFO             PET3 value_seven HConfig tag:            tag:yaml.org,2002:bool
20260627 090216.989 INFO             PET3 value_thirteen HConfig tag:            tag:yaml.org,2002:bool
20260627 090216.989 INFO             PET3 value_fourteen HConfig tag:             tag:yaml.org,2002:str
20260627 090216.990 INFO             PET3 value_added HConfig tag:             tag:yaml.org,2002:str
20260627 090216.990 INFO             PET3 WithTagsFinish: --- HConfig::log() start ---------------------------------
20260627 090216.993 INFO             PET3 WithTagsFinish: value_one: {word1: this, word2: is, word3: a, word4: map}
20260627 090216.993 INFO             PET3 WithTagsFinish: value_two: [this, is, a, list]
20260627 090216.993 INFO             PET3 WithTagsFinish: value_three: 123
20260627 090216.993 INFO             PET3 WithTagsFinish: value_four: !<tag:yaml.org,2002:float> 123
20260627 090216.993 INFO             PET3 WithTagsFinish: value_five: 2.5
20260627 090216.993 INFO             PET3 WithTagsFinish: value_six: !<tag:yaml.org,2002:str> 2.5
20260627 090216.993 INFO             PET3 WithTagsFinish: value_seven: False
20260627 090216.993 INFO             PET3 WithTagsFinish: value_eight: !<tag:yaml.org,2002:str> true
20260627 090216.993 INFO             PET3 WithTagsFinish: value_nine: 0x234
20260627 090216.993 INFO             PET3 WithTagsFinish: value_ten: ~
20260627 090216.993 INFO             PET3 WithTagsFinish: value_eleven: ~
20260627 090216.993 INFO             PET3 WithTagsFinish: value_twelve: !<!myStuff> xyz
20260627 090216.993 INFO             PET3 WithTagsFinish: value_thirteen: NO
20260627 090216.993 INFO             PET3 WithTagsFinish: value_fourteen: !<tag:yaml.org,2002:str> NO
20260627 090216.993 INFO             PET3 WithTagsFinish: value_added: !<tag:yaml.org,2002:str> NO
20260627 090216.993 INFO             PET3 WithTagsFinish: --- HConfig::log() end -----------------------------------
20260627 090216.993 INFO             PET3 value_four HConfig tag:           tag:yaml.org,2002:float
20260627 090216.994 INFO             PET3 value_six HConfig tag:             tag:yaml.org,2002:str
20260627 090216.994 INFO             PET3 value_eight HConfig tag:             tag:yaml.org,2002:str
20260627 090216.994 INFO             PET3 value_twelve HConfig tag:                          !myStuff
20260627 090216.995 INFO             PET3 isAlias:  T
20260627 090216.995 INFO             PET3 isNotAlias:  F
20260627 090216.995 INFO             PET3 isAlias from match:  T
20260627 090216.995 INFO             PET3 isAlias for diff objects:  F
20260627 090216.996 INFO             PET3 isExact:  T
20260627 090216.996 INFO             PET3 isMatch:  T
20260627 090216.997 INFO             PET3 isNone:  T
20260627 090217.013 INFO             PET3 docCount:        3
20260627 090217.013 INFO             PET3 my-multi-doc: --- HConfig::log() start ---------------------------------
20260627 090217.014 INFO             PET3 my-multi-doc: ---
20260627 090217.014 INFO             PET3 my-multi-doc: - This
20260627 090217.014 INFO             PET3 my-multi-doc: - is
20260627 090217.014 INFO             PET3 my-multi-doc: - the
20260627 090217.014 INFO             PET3 my-multi-doc: - first document.
20260627 090217.014 INFO             PET3 my-multi-doc: ...
20260627 090217.014 INFO             PET3 my-multi-doc: ---
20260627 090217.014 INFO             PET3 my-multi-doc: - And
20260627 090217.014 INFO             PET3 my-multi-doc: - a second document.
20260627 090217.014 INFO             PET3 my-multi-doc: ...
20260627 090217.014 INFO             PET3 my-multi-doc: ---
20260627 090217.014 INFO             PET3 my-multi-doc: - And
20260627 090217.014 INFO             PET3 my-multi-doc: - finally a
20260627 090217.014 INFO             PET3 my-multi-doc: - third document.
20260627 090217.014 INFO             PET3 my-multi-doc: ...
20260627 090217.014 INFO             PET3 my-multi-doc: --- HConfig::log() end -----------------------------------
20260627 090217.016 INFO             PET3 valueI4Seq:        1       2       3
20260627 090217.016 INFO             PET3 asOkay for Logical:  F
20260627 090217.016 INFO             PET3 asOkay for String:  T
20260627 090217.016 INFO             PET3 valueSSeq: 1         2         3
20260627 090217.020 INFO             PET3  NUMBER_OF_PROCESSORS            4
20260627 090217.020 INFO             PET3  PASS  Example ESMF_HConfigEx, ESMF_HConfigEx.F90, line 2033
20260627 090217.020 INFO             PET3  Finalizing ESMF
