2026-06-10 01:52:31
20260610 022559.031 INFO             PET0 !!!!!!!!!!!!!!!!!!!!!!!!!!!!!!!!!!!!!!!!!!!!!!!!!!!!!!
20260610 022559.031 INFO             PET0 !!! THE ESMF_LOG IS SET TO OUTPUT ALL LOG MESSAGES !!!
20260610 022559.031 INFO             PET0 !!!     THIS MAY CAUSE SLOWDOWN IN PERFORMANCE     !!!
20260610 022559.031 INFO             PET0 !!! FOR PRODUCTION RUNS, USE:                      !!!
20260610 022559.031 INFO             PET0 !!!                   ESMF_LOGKIND_Multi_On_Error  !!!
20260610 022559.031 INFO             PET0 !!!!!!!!!!!!!!!!!!!!!!!!!!!!!!!!!!!!!!!!!!!!!!!!!!!!!!
20260610 022559.031 INFO             PET0 Running with ESMF Version   : develop+ge382cba19b
20260610 022559.031 INFO             PET0 ESMF library build date/time: "Jun 10 2026" "01:50:01"
20260610 022559.031 INFO             PET0 ESMF library build location : /glade/derecho/scratch/sacks/esmf-testing/gfortran_12.2.0_pio2.6.2_mpi_O_develop/esmf
20260610 022559.031 INFO             PET0 ESMF_COMM                   : mpi
20260610 022559.031 INFO             PET0 ESMF_MOAB                   : enabled
20260610 022559.031 INFO             PET0 ESMF_LAPACK                 : enabled
20260610 022559.031 INFO             PET0 ESMF_NETCDF                 : enabled
20260610 022559.031 INFO             PET0 ESMF_PNETCDF                : disabled
20260610 022559.031 INFO             PET0 ESMF_PIO                    : enabled
20260610 022559.031 INFO             PET0 ESMF_YAMLCPP                : enabled
20260610 022559.032 INFO             PET0  NUMBER_OF_PROCESSORS           1
20260610 022559.032 INFO             PET0  PASS  Example ESMF_AlarmEx, ESMF_AlarmEx.F90, line 244
20260610 022559.032 INFO             PET0  Finalizing ESMF
