2026-07-29 01:35:57
20260729 020935.273 INFO             PET0 !!!!!!!!!!!!!!!!!!!!!!!!!!!!!!!!!!!!!!!!!!!!!!!!!!!!!!
20260729 020935.273 INFO             PET0 !!! THE ESMF_LOG IS SET TO OUTPUT ALL LOG MESSAGES !!!
20260729 020935.273 INFO             PET0 !!!     THIS MAY CAUSE SLOWDOWN IN PERFORMANCE     !!!
20260729 020935.273 INFO             PET0 !!! FOR PRODUCTION RUNS, USE:                      !!!
20260729 020935.273 INFO             PET0 !!!                   ESMF_LOGKIND_Multi_On_Error  !!!
20260729 020935.273 INFO             PET0 !!!!!!!!!!!!!!!!!!!!!!!!!!!!!!!!!!!!!!!!!!!!!!!!!!!!!!
20260729 020935.273 INFO             PET0 Running with ESMF Version   : develop+g6f2cfc7ce0
20260729 020935.273 INFO             PET0 ESMF library build date/time: "Jul 29 2026" "01:33:26"
20260729 020935.273 INFO             PET0 ESMF library build location : /glade/derecho/scratch/sacks/esmf-testing/gfortran_12.2.0_pio2.6.2_mpi_O_develop/esmf
20260729 020935.273 INFO             PET0 ESMF_COMM                   : mpi
20260729 020935.274 INFO             PET0 ESMF_MOAB                   : enabled
20260729 020935.274 INFO             PET0 ESMF_LAPACK                 : enabled
20260729 020935.274 INFO             PET0 ESMF_NETCDF                 : enabled
20260729 020935.274 INFO             PET0 ESMF_PNETCDF                : disabled
20260729 020935.274 INFO             PET0 ESMF_PIO                    : enabled
20260729 020935.274 INFO             PET0 ESMF_YAMLCPP                : enabled
20260729 020935.274 INFO             PET0  NUMBER_OF_PROCESSORS           1
20260729 020935.274 INFO             PET0  PASS  Example CalendarEx, ESMF_CalendarEx.F90, line 217
20260729 020935.274 INFO             PET0  Finalizing ESMF
