2026-06-24 01:45:33
20260624 022341.514 INFO             PET0 !!!!!!!!!!!!!!!!!!!!!!!!!!!!!!!!!!!!!!!!!!!!!!!!!!!!!!
20260624 022341.514 INFO             PET0 !!! THE ESMF_LOG IS SET TO OUTPUT ALL LOG MESSAGES !!!
20260624 022341.514 INFO             PET0 !!!     THIS MAY CAUSE SLOWDOWN IN PERFORMANCE     !!!
20260624 022341.514 INFO             PET0 !!! FOR PRODUCTION RUNS, USE:                      !!!
20260624 022341.514 INFO             PET0 !!!                   ESMF_LOGKIND_Multi_On_Error  !!!
20260624 022341.514 INFO             PET0 !!!!!!!!!!!!!!!!!!!!!!!!!!!!!!!!!!!!!!!!!!!!!!!!!!!!!!
20260624 022341.514 INFO             PET0 Running with ESMF Version   : develop+g380c18cfa6
20260624 022341.514 INFO             PET0 ESMF library build date/time: "Jun 24 2026" "01:43:00"
20260624 022341.514 INFO             PET0 ESMF library build location : /glade/derecho/scratch/sacks/esmf-testing/gfortran_12.2.0_pio2.6.2_mpi_O_develop/esmf
20260624 022341.514 INFO             PET0 ESMF_COMM                   : mpi
20260624 022341.515 INFO             PET0 ESMF_MOAB                   : enabled
20260624 022341.515 INFO             PET0 ESMF_LAPACK                 : enabled
20260624 022341.515 INFO             PET0 ESMF_NETCDF                 : enabled
20260624 022341.515 INFO             PET0 ESMF_PNETCDF                : disabled
20260624 022341.515 INFO             PET0 ESMF_PIO                    : enabled
20260624 022341.515 INFO             PET0 ESMF_YAMLCPP                : enabled
20260624 022341.517 INFO             PET0  NUMBER_OF_PROCESSORS           4
20260624 022341.517 INFO             PET0  PASS  Example ESMF_ArrayBundleHaloEx, ESMF_ArrayBundleHaloEx.F90, line 172
20260624 022341.517 INFO             PET0  Finalizing ESMF
20260624 022341.514 INFO             PET1 !!!!!!!!!!!!!!!!!!!!!!!!!!!!!!!!!!!!!!!!!!!!!!!!!!!!!!
20260624 022341.514 INFO             PET1 !!! THE ESMF_LOG IS SET TO OUTPUT ALL LOG MESSAGES !!!
20260624 022341.514 INFO             PET1 !!!     THIS MAY CAUSE SLOWDOWN IN PERFORMANCE     !!!
20260624 022341.514 INFO             PET1 !!! FOR PRODUCTION RUNS, USE:                      !!!
20260624 022341.514 INFO             PET1 !!!                   ESMF_LOGKIND_Multi_On_Error  !!!
20260624 022341.514 INFO             PET1 !!!!!!!!!!!!!!!!!!!!!!!!!!!!!!!!!!!!!!!!!!!!!!!!!!!!!!
20260624 022341.514 INFO             PET1 Running with ESMF Version   : develop+g380c18cfa6
20260624 022341.514 INFO             PET1 ESMF library build date/time: "Jun 24 2026" "01:43:00"
20260624 022341.514 INFO             PET1 ESMF library build location : /glade/derecho/scratch/sacks/esmf-testing/gfortran_12.2.0_pio2.6.2_mpi_O_develop/esmf
20260624 022341.514 INFO             PET1 ESMF_COMM                   : mpi
20260624 022341.514 INFO             PET1 ESMF_MOAB                   : enabled
20260624 022341.514 INFO             PET1 ESMF_LAPACK                 : enabled
20260624 022341.514 INFO             PET1 ESMF_NETCDF                 : enabled
20260624 022341.514 INFO             PET1 ESMF_PNETCDF                : disabled
20260624 022341.514 INFO             PET1 ESMF_PIO                    : enabled
20260624 022341.514 INFO             PET1 ESMF_YAMLCPP                : enabled
20260624 022341.517 INFO             PET1  NUMBER_OF_PROCESSORS           4
20260624 022341.517 INFO             PET1  PASS  Example ESMF_ArrayBundleHaloEx, ESMF_ArrayBundleHaloEx.F90, line 172
20260624 022341.517 INFO             PET1  Finalizing ESMF
20260624 022341.514 INFO             PET2 !!!!!!!!!!!!!!!!!!!!!!!!!!!!!!!!!!!!!!!!!!!!!!!!!!!!!!
20260624 022341.514 INFO             PET2 !!! THE ESMF_LOG IS SET TO OUTPUT ALL LOG MESSAGES !!!
20260624 022341.514 INFO             PET2 !!!     THIS MAY CAUSE SLOWDOWN IN PERFORMANCE     !!!
20260624 022341.514 INFO             PET2 !!! FOR PRODUCTION RUNS, USE:                      !!!
20260624 022341.514 INFO             PET2 !!!                   ESMF_LOGKIND_Multi_On_Error  !!!
20260624 022341.514 INFO             PET2 !!!!!!!!!!!!!!!!!!!!!!!!!!!!!!!!!!!!!!!!!!!!!!!!!!!!!!
20260624 022341.514 INFO             PET2 Running with ESMF Version   : develop+g380c18cfa6
20260624 022341.514 INFO             PET2 ESMF library build date/time: "Jun 24 2026" "01:43:00"
20260624 022341.514 INFO             PET2 ESMF library build location : /glade/derecho/scratch/sacks/esmf-testing/gfortran_12.2.0_pio2.6.2_mpi_O_develop/esmf
20260624 022341.514 INFO             PET2 ESMF_COMM                   : mpi
20260624 022341.515 INFO             PET2 ESMF_MOAB                   : enabled
20260624 022341.515 INFO             PET2 ESMF_LAPACK                 : enabled
20260624 022341.515 INFO             PET2 ESMF_NETCDF                 : enabled
20260624 022341.515 INFO             PET2 ESMF_PNETCDF                : disabled
20260624 022341.515 INFO             PET2 ESMF_PIO                    : enabled
20260624 022341.515 INFO             PET2 ESMF_YAMLCPP                : enabled
20260624 022341.517 INFO             PET2  NUMBER_OF_PROCESSORS           4
20260624 022341.517 INFO             PET2  PASS  Example ESMF_ArrayBundleHaloEx, ESMF_ArrayBundleHaloEx.F90, line 172
20260624 022341.517 INFO             PET2  Finalizing ESMF
20260624 022341.514 INFO             PET3 !!!!!!!!!!!!!!!!!!!!!!!!!!!!!!!!!!!!!!!!!!!!!!!!!!!!!!
20260624 022341.515 INFO             PET3 !!! THE ESMF_LOG IS SET TO OUTPUT ALL LOG MESSAGES !!!
20260624 022341.515 INFO             PET3 !!!     THIS MAY CAUSE SLOWDOWN IN PERFORMANCE     !!!
20260624 022341.515 INFO             PET3 !!! FOR PRODUCTION RUNS, USE:                      !!!
20260624 022341.515 INFO             PET3 !!!                   ESMF_LOGKIND_Multi_On_Error  !!!
20260624 022341.515 INFO             PET3 !!!!!!!!!!!!!!!!!!!!!!!!!!!!!!!!!!!!!!!!!!!!!!!!!!!!!!
20260624 022341.515 INFO             PET3 Running with ESMF Version   : develop+g380c18cfa6
20260624 022341.515 INFO             PET3 ESMF library build date/time: "Jun 24 2026" "01:43:00"
20260624 022341.515 INFO             PET3 ESMF library build location : /glade/derecho/scratch/sacks/esmf-testing/gfortran_12.2.0_pio2.6.2_mpi_O_develop/esmf
20260624 022341.515 INFO             PET3 ESMF_COMM                   : mpi
20260624 022341.515 INFO             PET3 ESMF_MOAB                   : enabled
20260624 022341.515 INFO             PET3 ESMF_LAPACK                 : enabled
20260624 022341.515 INFO             PET3 ESMF_NETCDF                 : enabled
20260624 022341.515 INFO             PET3 ESMF_PNETCDF                : disabled
20260624 022341.515 INFO             PET3 ESMF_PIO                    : enabled
20260624 022341.515 INFO             PET3 ESMF_YAMLCPP                : enabled
20260624 022341.517 INFO             PET3  NUMBER_OF_PROCESSORS           4
20260624 022341.517 INFO             PET3  PASS  Example ESMF_ArrayBundleHaloEx, ESMF_ArrayBundleHaloEx.F90, line 172
20260624 022341.517 INFO             PET3  Finalizing ESMF
