2026-06-17 03:51:26
20260617 041908.800 INFO             PET0 !!!!!!!!!!!!!!!!!!!!!!!!!!!!!!!!!!!!!!!!!!!!!!!!!!!!!!
20260617 041908.801 INFO             PET0 !!! THE ESMF_LOG IS SET TO OUTPUT ALL LOG MESSAGES !!!
20260617 041908.801 INFO             PET0 !!!     THIS MAY CAUSE SLOWDOWN IN PERFORMANCE     !!!
20260617 041908.801 INFO             PET0 !!! FOR PRODUCTION RUNS, USE:                      !!!
20260617 041908.801 INFO             PET0 !!!                   ESMF_LOGKIND_Multi_On_Error  !!!
20260617 041908.801 INFO             PET0 !!!!!!!!!!!!!!!!!!!!!!!!!!!!!!!!!!!!!!!!!!!!!!!!!!!!!!
20260617 041908.801 INFO             PET0 Running with ESMF Version   : develop+g4457b168cc
20260617 041908.801 INFO             PET0 ESMF library build date/time: "Jun 17 2026" "03:50:10"
20260617 041908.801 INFO             PET0 ESMF library build location : /tmp/intel_2025.0.0_mpi_g_develop/esmf
20260617 041908.801 INFO             PET0 ESMF_COMM                   : mpi
20260617 041908.801 INFO             PET0 ESMF_MOAB                   : enabled
20260617 041908.801 INFO             PET0 ESMF_LAPACK                 : enabled
20260617 041908.801 INFO             PET0 ESMF_NETCDF                 : enabled
20260617 041908.801 INFO             PET0 ESMF_PNETCDF                : disabled
20260617 041908.801 INFO             PET0 ESMF_PIO                    : enabled
20260617 041908.801 INFO             PET0 ESMF_YAMLCPP                : enabled
20260617 041908.801 INFO             PET0  NUMBER_OF_PROCESSORS           4
20260617 041908.801 INFO             PET0  PASS  Example ESMF_VMUserMpiCommMultiEx, ESMF_VMUserMpiCommMultiEx.F90, line 126
20260617 041908.801 INFO             PET0  Finalizing ESMF with endflag==ESMF_END_KEEPMPI
20260617 041908.800 INFO             PET0 !!!!!!!!!!!!!!!!!!!!!!!!!!!!!!!!!!!!!!!!!!!!!!!!!!!!!!
20260617 041908.800 INFO             PET0 !!! THE ESMF_LOG IS SET TO OUTPUT ALL LOG MESSAGES !!!
20260617 041908.800 INFO             PET0 !!!     THIS MAY CAUSE SLOWDOWN IN PERFORMANCE     !!!
20260617 041908.800 INFO             PET0 !!! FOR PRODUCTION RUNS, USE:                      !!!
20260617 041908.800 INFO             PET0 !!!                   ESMF_LOGKIND_Multi_On_Error  !!!
20260617 041908.800 INFO             PET0 !!!!!!!!!!!!!!!!!!!!!!!!!!!!!!!!!!!!!!!!!!!!!!!!!!!!!!
20260617 041908.800 INFO             PET0 Running with ESMF Version   : develop+g4457b168cc
20260617 041908.800 INFO             PET0 ESMF library build date/time: "Jun 17 2026" "03:50:10"
20260617 041908.800 INFO             PET0 ESMF library build location : /tmp/intel_2025.0.0_mpi_g_develop/esmf
20260617 041908.800 INFO             PET0 ESMF_COMM                   : mpi
20260617 041908.801 INFO             PET0 ESMF_MOAB                   : enabled
20260617 041908.801 INFO             PET0 ESMF_LAPACK                 : enabled
20260617 041908.801 INFO             PET0 ESMF_NETCDF                 : enabled
20260617 041908.801 INFO             PET0 ESMF_PNETCDF                : disabled
20260617 041908.801 INFO             PET0 ESMF_PIO                    : enabled
20260617 041908.801 INFO             PET0 ESMF_YAMLCPP                : enabled
20260617 041908.801 INFO             PET0  NUMBER_OF_PROCESSORS           4
20260617 041908.801 INFO             PET0  PASS  Example ESMF_VMUserMpiCommMultiEx, ESMF_VMUserMpiCommMultiEx.F90, line 154
20260617 041908.801 INFO             PET0  Finalizing ESMF with endflag==ESMF_END_KEEPMPI
20260617 041908.801 INFO             PET1 !!!!!!!!!!!!!!!!!!!!!!!!!!!!!!!!!!!!!!!!!!!!!!!!!!!!!!
20260617 041908.801 INFO             PET1 !!! THE ESMF_LOG IS SET TO OUTPUT ALL LOG MESSAGES !!!
20260617 041908.801 INFO             PET1 !!!     THIS MAY CAUSE SLOWDOWN IN PERFORMANCE     !!!
20260617 041908.801 INFO             PET1 !!! FOR PRODUCTION RUNS, USE:                      !!!
20260617 041908.801 INFO             PET1 !!!                   ESMF_LOGKIND_Multi_On_Error  !!!
20260617 041908.801 INFO             PET1 !!!!!!!!!!!!!!!!!!!!!!!!!!!!!!!!!!!!!!!!!!!!!!!!!!!!!!
20260617 041908.801 INFO             PET1 Running with ESMF Version   : develop+g4457b168cc
20260617 041908.801 INFO             PET1 ESMF library build date/time: "Jun 17 2026" "03:50:10"
20260617 041908.801 INFO             PET1 ESMF library build location : /tmp/intel_2025.0.0_mpi_g_develop/esmf
20260617 041908.801 INFO             PET1 ESMF_COMM                   : mpi
20260617 041908.801 INFO             PET1 ESMF_MOAB                   : enabled
20260617 041908.801 INFO             PET1 ESMF_LAPACK                 : enabled
20260617 041908.801 INFO             PET1 ESMF_NETCDF                 : enabled
20260617 041908.801 INFO             PET1 ESMF_PNETCDF                : disabled
20260617 041908.801 INFO             PET1 ESMF_PIO                    : enabled
20260617 041908.801 INFO             PET1 ESMF_YAMLCPP                : enabled
20260617 041908.801 INFO             PET1  NUMBER_OF_PROCESSORS           4
20260617 041908.801 INFO             PET1  PASS  Example ESMF_VMUserMpiCommMultiEx, ESMF_VMUserMpiCommMultiEx.F90, line 126
20260617 041908.801 INFO             PET1  Finalizing ESMF with endflag==ESMF_END_KEEPMPI
20260617 041908.800 INFO             PET1 !!!!!!!!!!!!!!!!!!!!!!!!!!!!!!!!!!!!!!!!!!!!!!!!!!!!!!
20260617 041908.800 INFO             PET1 !!! THE ESMF_LOG IS SET TO OUTPUT ALL LOG MESSAGES !!!
20260617 041908.801 INFO             PET1 !!!     THIS MAY CAUSE SLOWDOWN IN PERFORMANCE     !!!
20260617 041908.801 INFO             PET1 !!! FOR PRODUCTION RUNS, USE:                      !!!
20260617 041908.801 INFO             PET1 !!!                   ESMF_LOGKIND_Multi_On_Error  !!!
20260617 041908.801 INFO             PET1 !!!!!!!!!!!!!!!!!!!!!!!!!!!!!!!!!!!!!!!!!!!!!!!!!!!!!!
20260617 041908.801 INFO             PET1 Running with ESMF Version   : develop+g4457b168cc
20260617 041908.801 INFO             PET1 ESMF library build date/time: "Jun 17 2026" "03:50:10"
20260617 041908.801 INFO             PET1 ESMF library build location : /tmp/intel_2025.0.0_mpi_g_develop/esmf
20260617 041908.801 INFO             PET1 ESMF_COMM                   : mpi
20260617 041908.801 INFO             PET1 ESMF_MOAB                   : enabled
20260617 041908.801 INFO             PET1 ESMF_LAPACK                 : enabled
20260617 041908.801 INFO             PET1 ESMF_NETCDF                 : enabled
20260617 041908.801 INFO             PET1 ESMF_PNETCDF                : disabled
20260617 041908.801 INFO             PET1 ESMF_PIO                    : enabled
20260617 041908.801 INFO             PET1 ESMF_YAMLCPP                : enabled
20260617 041908.801 INFO             PET1  NUMBER_OF_PROCESSORS           4
20260617 041908.801 INFO             PET1  PASS  Example ESMF_VMUserMpiCommMultiEx, ESMF_VMUserMpiCommMultiEx.F90, line 154
20260617 041908.801 INFO             PET1  Finalizing ESMF with endflag==ESMF_END_KEEPMPI
