2026-06-12 16:42:11
20260612 170052.496 INFO             PET0 !!!!!!!!!!!!!!!!!!!!!!!!!!!!!!!!!!!!!!!!!!!!!!!!!!!!!!
20260612 170052.496 INFO             PET0 !!! THE ESMF_LOG IS SET TO OUTPUT ALL LOG MESSAGES !!!
20260612 170052.496 INFO             PET0 !!!     THIS MAY CAUSE SLOWDOWN IN PERFORMANCE     !!!
20260612 170052.496 INFO             PET0 !!! FOR PRODUCTION RUNS, USE:                      !!!
20260612 170052.496 INFO             PET0 !!!                   ESMF_LOGKIND_Multi_On_Error  !!!
20260612 170052.496 INFO             PET0 !!!!!!!!!!!!!!!!!!!!!!!!!!!!!!!!!!!!!!!!!!!!!!!!!!!!!!
20260612 170052.496 INFO             PET0 Running with ESMF Version   : fix/cmake-config+g934ef940c2
20260612 170052.496 INFO             PET0 ESMF library build date/time: "Jun 12 2026" "16:41:04"
20260612 170052.496 INFO             PET0 ESMF library build location : /Users/theurich/ESMF-Nightly-Testing/gfortranclang_14.2.0_17.0.0_openmpi_g_fix_cmake-config/esmf
20260612 170052.496 INFO             PET0 ESMF_COMM                   : openmpi
20260612 170052.496 INFO             PET0 ESMF_MOAB                   : enabled
20260612 170052.496 INFO             PET0 ESMF_LAPACK                 : enabled
20260612 170052.496 INFO             PET0 ESMF_NETCDF                 : enabled
20260612 170052.496 INFO             PET0 ESMF_PNETCDF                : disabled
20260612 170052.496 INFO             PET0 ESMF_PIO                    : enabled
20260612 170052.496 INFO             PET0 ESMF_YAMLCPP                : enabled
20260612 170052.497 INFO             PET0  NUMBER_OF_PROCESSORS           4
20260612 170052.497 INFO             PET0  PASS  Example ESMF_VMNonBlockingEx, ESMF_VMNonBlockingEx.F90, line 433
20260612 170052.497 INFO             PET0  Finalizing ESMF
20260612 170052.496 INFO             PET1 !!!!!!!!!!!!!!!!!!!!!!!!!!!!!!!!!!!!!!!!!!!!!!!!!!!!!!
20260612 170052.496 INFO             PET1 !!! THE ESMF_LOG IS SET TO OUTPUT ALL LOG MESSAGES !!!
20260612 170052.496 INFO             PET1 !!!     THIS MAY CAUSE SLOWDOWN IN PERFORMANCE     !!!
20260612 170052.496 INFO             PET1 !!! FOR PRODUCTION RUNS, USE:                      !!!
20260612 170052.496 INFO             PET1 !!!                   ESMF_LOGKIND_Multi_On_Error  !!!
20260612 170052.496 INFO             PET1 !!!!!!!!!!!!!!!!!!!!!!!!!!!!!!!!!!!!!!!!!!!!!!!!!!!!!!
20260612 170052.496 INFO             PET1 Running with ESMF Version   : fix/cmake-config+g934ef940c2
20260612 170052.496 INFO             PET1 ESMF library build date/time: "Jun 12 2026" "16:41:04"
20260612 170052.496 INFO             PET1 ESMF library build location : /Users/theurich/ESMF-Nightly-Testing/gfortranclang_14.2.0_17.0.0_openmpi_g_fix_cmake-config/esmf
20260612 170052.496 INFO             PET1 ESMF_COMM                   : openmpi
20260612 170052.496 INFO             PET1 ESMF_MOAB                   : enabled
20260612 170052.496 INFO             PET1 ESMF_LAPACK                 : enabled
20260612 170052.496 INFO             PET1 ESMF_NETCDF                 : enabled
20260612 170052.496 INFO             PET1 ESMF_PNETCDF                : disabled
20260612 170052.496 INFO             PET1 ESMF_PIO                    : enabled
20260612 170052.496 INFO             PET1 ESMF_YAMLCPP                : enabled
20260612 170052.497 INFO             PET1  NUMBER_OF_PROCESSORS           4
20260612 170052.497 INFO             PET1  PASS  Example ESMF_VMNonBlockingEx, ESMF_VMNonBlockingEx.F90, line 433
20260612 170052.497 INFO             PET1  Finalizing ESMF
20260612 170052.496 INFO             PET2 !!!!!!!!!!!!!!!!!!!!!!!!!!!!!!!!!!!!!!!!!!!!!!!!!!!!!!
20260612 170052.496 INFO             PET2 !!! THE ESMF_LOG IS SET TO OUTPUT ALL LOG MESSAGES !!!
20260612 170052.496 INFO             PET2 !!!     THIS MAY CAUSE SLOWDOWN IN PERFORMANCE     !!!
20260612 170052.496 INFO             PET2 !!! FOR PRODUCTION RUNS, USE:                      !!!
20260612 170052.496 INFO             PET2 !!!                   ESMF_LOGKIND_Multi_On_Error  !!!
20260612 170052.496 INFO             PET2 !!!!!!!!!!!!!!!!!!!!!!!!!!!!!!!!!!!!!!!!!!!!!!!!!!!!!!
20260612 170052.496 INFO             PET2 Running with ESMF Version   : fix/cmake-config+g934ef940c2
20260612 170052.496 INFO             PET2 ESMF library build date/time: "Jun 12 2026" "16:41:04"
20260612 170052.496 INFO             PET2 ESMF library build location : /Users/theurich/ESMF-Nightly-Testing/gfortranclang_14.2.0_17.0.0_openmpi_g_fix_cmake-config/esmf
20260612 170052.496 INFO             PET2 ESMF_COMM                   : openmpi
20260612 170052.496 INFO             PET2 ESMF_MOAB                   : enabled
20260612 170052.496 INFO             PET2 ESMF_LAPACK                 : enabled
20260612 170052.496 INFO             PET2 ESMF_NETCDF                 : enabled
20260612 170052.496 INFO             PET2 ESMF_PNETCDF                : disabled
20260612 170052.496 INFO             PET2 ESMF_PIO                    : enabled
20260612 170052.496 INFO             PET2 ESMF_YAMLCPP                : enabled
20260612 170052.497 INFO             PET2  NUMBER_OF_PROCESSORS           4
20260612 170052.497 INFO             PET2  PASS  Example ESMF_VMNonBlockingEx, ESMF_VMNonBlockingEx.F90, line 433
20260612 170052.497 INFO             PET2  Finalizing ESMF
20260612 170052.496 INFO             PET3 !!!!!!!!!!!!!!!!!!!!!!!!!!!!!!!!!!!!!!!!!!!!!!!!!!!!!!
20260612 170052.496 INFO             PET3 !!! THE ESMF_LOG IS SET TO OUTPUT ALL LOG MESSAGES !!!
20260612 170052.496 INFO             PET3 !!!     THIS MAY CAUSE SLOWDOWN IN PERFORMANCE     !!!
20260612 170052.496 INFO             PET3 !!! FOR PRODUCTION RUNS, USE:                      !!!
20260612 170052.496 INFO             PET3 !!!                   ESMF_LOGKIND_Multi_On_Error  !!!
20260612 170052.496 INFO             PET3 !!!!!!!!!!!!!!!!!!!!!!!!!!!!!!!!!!!!!!!!!!!!!!!!!!!!!!
20260612 170052.496 INFO             PET3 Running with ESMF Version   : fix/cmake-config+g934ef940c2
20260612 170052.496 INFO             PET3 ESMF library build date/time: "Jun 12 2026" "16:41:04"
20260612 170052.496 INFO             PET3 ESMF library build location : /Users/theurich/ESMF-Nightly-Testing/gfortranclang_14.2.0_17.0.0_openmpi_g_fix_cmake-config/esmf
20260612 170052.496 INFO             PET3 ESMF_COMM                   : openmpi
20260612 170052.496 INFO             PET3 ESMF_MOAB                   : enabled
20260612 170052.496 INFO             PET3 ESMF_LAPACK                 : enabled
20260612 170052.496 INFO             PET3 ESMF_NETCDF                 : enabled
20260612 170052.496 INFO             PET3 ESMF_PNETCDF                : disabled
20260612 170052.496 INFO             PET3 ESMF_PIO                    : enabled
20260612 170052.496 INFO             PET3 ESMF_YAMLCPP                : enabled
20260612 170052.497 INFO             PET3  NUMBER_OF_PROCESSORS           4
20260612 170052.497 INFO             PET3  PASS  Example ESMF_VMNonBlockingEx, ESMF_VMNonBlockingEx.F90, line 433
20260612 170052.497 INFO             PET3  Finalizing ESMF
