2026-08-17 23:06:22
20260818 031210.979 INFO             PET0 !!!!!!!!!!!!!!!!!!!!!!!!!!!!!!!!!!!!!!!!!!!!!!!!!!!!!!
20260818 031210.979 INFO             PET0 !!! THE ESMF_LOG IS SET TO OUTPUT ALL LOG MESSAGES !!!
20260818 031210.979 INFO             PET0 !!!     THIS MAY CAUSE SLOWDOWN IN PERFORMANCE     !!!
20260818 031210.979 INFO             PET0 !!! FOR PRODUCTION RUNS, USE:                      !!!
20260818 031210.979 INFO             PET0 !!!                   ESMF_LOGKIND_Multi_On_Error  !!!
20260818 031210.979 INFO             PET0 !!!!!!!!!!!!!!!!!!!!!!!!!!!!!!!!!!!!!!!!!!!!!!!!!!!!!!
20260818 031210.979 INFO             PET0 Running with ESMF Version   : develop+g471efa944e
20260818 031210.979 INFO             PET0 ESMF library build date/time: "Aug 17 2026" "23:02:31"
20260818 031210.979 INFO             PET0 ESMF library build location : /discover/nobackup/projects/gmao/SIteam/ESMF_Testing/llvm_22.1.0_mpich_g_develop/esmf
20260818 031210.979 INFO             PET0 ESMF_COMM                   : mpich
20260818 031210.979 INFO             PET0 ESMF_MOAB                   : enabled
20260818 031210.979 INFO             PET0 ESMF_LAPACK                 : enabled
20260818 031210.979 INFO             PET0 ESMF_NETCDF                 : disabled
20260818 031210.979 INFO             PET0 ESMF_PNETCDF                : disabled
20260818 031210.979 INFO             PET0 ESMF_PIO                    : disabled
20260818 031210.979 INFO             PET0 ESMF_YAMLCPP                : enabled
20260818 031210.981 INFO             PET0  NUMBER_OF_PROCESSORS 1
20260818 031210.981 INFO             PET0  PASS  Example ESMF_AlarmEx, ./ESMF_AlarmEx.F90, line 244
20260818 031210.981 INFO             PET0  Finalizing ESMF
