2026-06-25 23:01:52
20260626 001515.975 INFO             PET0 !!!!!!!!!!!!!!!!!!!!!!!!!!!!!!!!!!!!!!!!!!!!!!!!!!!!!!
20260626 001515.975 INFO             PET0 !!! THE ESMF_LOG IS SET TO OUTPUT ALL LOG MESSAGES !!!
20260626 001515.975 INFO             PET0 !!!     THIS MAY CAUSE SLOWDOWN IN PERFORMANCE     !!!
20260626 001515.975 INFO             PET0 !!! FOR PRODUCTION RUNS, USE:                      !!!
20260626 001515.975 INFO             PET0 !!!                   ESMF_LOGKIND_Multi_On_Error  !!!
20260626 001515.975 INFO             PET0 !!!!!!!!!!!!!!!!!!!!!!!!!!!!!!!!!!!!!!!!!!!!!!!!!!!!!!
20260626 001515.975 INFO             PET0 Running with ESMF Version   : develop+g8b88b841bc
20260626 001515.975 INFO             PET0 ESMF library build date/time: "Jun 25 2026" "22:58:24"
20260626 001515.975 INFO             PET0 ESMF library build location : /discover/nobackup/projects/gmao/SIteam/ESMF_Testing/llvm_22.1.0_mpich_g_develop/esmf
20260626 001515.975 INFO             PET0 ESMF_COMM                   : mpich
20260626 001515.976 INFO             PET0 ESMF_MOAB                   : enabled
20260626 001515.976 INFO             PET0 ESMF_LAPACK                 : enabled
20260626 001515.976 INFO             PET0 ESMF_NETCDF                 : disabled
20260626 001515.976 INFO             PET0 ESMF_PNETCDF                : disabled
20260626 001515.976 INFO             PET0 ESMF_PIO                    : disabled
20260626 001515.976 INFO             PET0 ESMF_YAMLCPP                : enabled
20260626 001515.985 INFO             PET0 ESMF_FieldRedistStoreNF(): Just entered routine.
20260626 001516.274 INFO             PET0 ESMF_FieldRedistStoreNF(): Leaving routine.
20260626 001516.290 INFO             PET0  NUMBER_OF_PROCESSORS 4
20260626 001516.290 INFO             PET0  PASS  Example ESMF_RHandleFromFileEx, ./ESMF_RHandleFromFileEx.F90, line 192
20260626 001516.290 INFO             PET0  Finalizing ESMF
20260626 001515.975 INFO             PET1 !!!!!!!!!!!!!!!!!!!!!!!!!!!!!!!!!!!!!!!!!!!!!!!!!!!!!!
20260626 001515.975 INFO             PET1 !!! THE ESMF_LOG IS SET TO OUTPUT ALL LOG MESSAGES !!!
20260626 001515.975 INFO             PET1 !!!     THIS MAY CAUSE SLOWDOWN IN PERFORMANCE     !!!
20260626 001515.975 INFO             PET1 !!! FOR PRODUCTION RUNS, USE:                      !!!
20260626 001515.975 INFO             PET1 !!!                   ESMF_LOGKIND_Multi_On_Error  !!!
20260626 001515.975 INFO             PET1 !!!!!!!!!!!!!!!!!!!!!!!!!!!!!!!!!!!!!!!!!!!!!!!!!!!!!!
20260626 001515.975 INFO             PET1 Running with ESMF Version   : develop+g8b88b841bc
20260626 001515.975 INFO             PET1 ESMF library build date/time: "Jun 25 2026" "22:58:24"
20260626 001515.975 INFO             PET1 ESMF library build location : /discover/nobackup/projects/gmao/SIteam/ESMF_Testing/llvm_22.1.0_mpich_g_develop/esmf
20260626 001515.975 INFO             PET1 ESMF_COMM                   : mpich
20260626 001515.975 INFO             PET1 ESMF_MOAB                   : enabled
20260626 001515.975 INFO             PET1 ESMF_LAPACK                 : enabled
20260626 001515.975 INFO             PET1 ESMF_NETCDF                 : disabled
20260626 001515.975 INFO             PET1 ESMF_PNETCDF                : disabled
20260626 001515.975 INFO             PET1 ESMF_PIO                    : disabled
20260626 001515.975 INFO             PET1 ESMF_YAMLCPP                : enabled
20260626 001515.984 INFO             PET1 ESMF_FieldRedistStoreNF(): Just entered routine.
20260626 001516.274 INFO             PET1 ESMF_FieldRedistStoreNF(): Leaving routine.
20260626 001516.290 INFO             PET1  NUMBER_OF_PROCESSORS 4
20260626 001516.290 INFO             PET1  PASS  Example ESMF_RHandleFromFileEx, ./ESMF_RHandleFromFileEx.F90, line 192
20260626 001516.290 INFO             PET1  Finalizing ESMF
20260626 001515.975 INFO             PET2 !!!!!!!!!!!!!!!!!!!!!!!!!!!!!!!!!!!!!!!!!!!!!!!!!!!!!!
20260626 001515.975 INFO             PET2 !!! THE ESMF_LOG IS SET TO OUTPUT ALL LOG MESSAGES !!!
20260626 001515.975 INFO             PET2 !!!     THIS MAY CAUSE SLOWDOWN IN PERFORMANCE     !!!
20260626 001515.975 INFO             PET2 !!! FOR PRODUCTION RUNS, USE:                      !!!
20260626 001515.975 INFO             PET2 !!!                   ESMF_LOGKIND_Multi_On_Error  !!!
20260626 001515.975 INFO             PET2 !!!!!!!!!!!!!!!!!!!!!!!!!!!!!!!!!!!!!!!!!!!!!!!!!!!!!!
20260626 001515.975 INFO             PET2 Running with ESMF Version   : develop+g8b88b841bc
20260626 001515.975 INFO             PET2 ESMF library build date/time: "Jun 25 2026" "22:58:24"
20260626 001515.975 INFO             PET2 ESMF library build location : /discover/nobackup/projects/gmao/SIteam/ESMF_Testing/llvm_22.1.0_mpich_g_develop/esmf
20260626 001515.975 INFO             PET2 ESMF_COMM                   : mpich
20260626 001515.975 INFO             PET2 ESMF_MOAB                   : enabled
20260626 001515.975 INFO             PET2 ESMF_LAPACK                 : enabled
20260626 001515.975 INFO             PET2 ESMF_NETCDF                 : disabled
20260626 001515.975 INFO             PET2 ESMF_PNETCDF                : disabled
20260626 001515.975 INFO             PET2 ESMF_PIO                    : disabled
20260626 001515.975 INFO             PET2 ESMF_YAMLCPP                : enabled
20260626 001515.984 INFO             PET2 ESMF_FieldRedistStoreNF(): Just entered routine.
20260626 001516.274 INFO             PET2 ESMF_FieldRedistStoreNF(): Leaving routine.
20260626 001516.290 INFO             PET2  NUMBER_OF_PROCESSORS 4
20260626 001516.290 INFO             PET2  PASS  Example ESMF_RHandleFromFileEx, ./ESMF_RHandleFromFileEx.F90, line 192
20260626 001516.290 INFO             PET2  Finalizing ESMF
20260626 001515.975 INFO             PET3 !!!!!!!!!!!!!!!!!!!!!!!!!!!!!!!!!!!!!!!!!!!!!!!!!!!!!!
20260626 001515.975 INFO             PET3 !!! THE ESMF_LOG IS SET TO OUTPUT ALL LOG MESSAGES !!!
20260626 001515.975 INFO             PET3 !!!     THIS MAY CAUSE SLOWDOWN IN PERFORMANCE     !!!
20260626 001515.975 INFO             PET3 !!! FOR PRODUCTION RUNS, USE:                      !!!
20260626 001515.975 INFO             PET3 !!!                   ESMF_LOGKIND_Multi_On_Error  !!!
20260626 001515.975 INFO             PET3 !!!!!!!!!!!!!!!!!!!!!!!!!!!!!!!!!!!!!!!!!!!!!!!!!!!!!!
20260626 001515.975 INFO             PET3 Running with ESMF Version   : develop+g8b88b841bc
20260626 001515.975 INFO             PET3 ESMF library build date/time: "Jun 25 2026" "22:58:24"
20260626 001515.975 INFO             PET3 ESMF library build location : /discover/nobackup/projects/gmao/SIteam/ESMF_Testing/llvm_22.1.0_mpich_g_develop/esmf
20260626 001515.975 INFO             PET3 ESMF_COMM                   : mpich
20260626 001515.975 INFO             PET3 ESMF_MOAB                   : enabled
20260626 001515.975 INFO             PET3 ESMF_LAPACK                 : enabled
20260626 001515.975 INFO             PET3 ESMF_NETCDF                 : disabled
20260626 001515.975 INFO             PET3 ESMF_PNETCDF                : disabled
20260626 001515.975 INFO             PET3 ESMF_PIO                    : disabled
20260626 001515.975 INFO             PET3 ESMF_YAMLCPP                : enabled
20260626 001515.985 INFO             PET3 ESMF_FieldRedistStoreNF(): Just entered routine.
20260626 001516.274 INFO             PET3 ESMF_FieldRedistStoreNF(): Leaving routine.
20260626 001516.290 INFO             PET3  NUMBER_OF_PROCESSORS 4
20260626 001516.290 INFO             PET3  PASS  Example ESMF_RHandleFromFileEx, ./ESMF_RHandleFromFileEx.F90, line 192
20260626 001516.290 INFO             PET3  Finalizing ESMF
