2026-08-06 15:01:31
20260806 154836.870 INFO             PET0 !!!!!!!!!!!!!!!!!!!!!!!!!!!!!!!!!!!!!!!!!!!!!!!!!!!!!!
20260806 154836.871 INFO             PET0 !!! THE ESMF_LOG IS SET TO OUTPUT ALL LOG MESSAGES !!!
20260806 154836.872 INFO             PET0 !!!     THIS MAY CAUSE SLOWDOWN IN PERFORMANCE     !!!
20260806 154836.872 INFO             PET0 !!! FOR PRODUCTION RUNS, USE:                      !!!
20260806 154836.872 INFO             PET0 !!!                   ESMF_LOGKIND_Multi_On_Error  !!!
20260806 154836.872 INFO             PET0 !!!!!!!!!!!!!!!!!!!!!!!!!!!!!!!!!!!!!!!!!!!!!!!!!!!!!!
20260806 154836.872 INFO             PET0 Running with ESMF Version   : feature/check-dyn-mask-exec+gde006447cc
20260806 154836.872 INFO             PET0 ESMF library build date/time: "Aug  6 2026" "14:58:59"
20260806 154836.872 INFO             PET0 ESMF library build location : /scratch3/NCEPDEV/stmp/Gerhard.Theurich/ESMF-Nightly-Testing-Hera/intel_2023.2.0_mpiuni_g_feature_check-dyn-mask-exec/esmf
20260806 154836.872 INFO             PET0 ESMF_COMM                   : mpiuni
20260806 154836.874 INFO             PET0 ESMF_MOAB                   : enabled
20260806 154836.874 INFO             PET0 ESMF_LAPACK                 : enabled
20260806 154836.874 INFO             PET0 ESMF_NETCDF                 : enabled
20260806 154836.874 INFO             PET0 ESMF_PNETCDF                : disabled
20260806 154836.874 INFO             PET0 ESMF_PIO                    : enabled
20260806 154836.874 INFO             PET0 ESMF_YAMLCPP                : enabled
20260806 154836.877 INFO             PET0 Log Write 2
20260806 154836.878 ERROR            PET0 Invalid object  - Convergence failure
20260806 154836.878 ERROR            PET0 ESMCI_Time.C:866 ESMCI::Time::syncToRealTime() Wrong argument specified  - ; calkindflag is NOCALENDAR. Only GREGORIAN and JULIAN are supported when syncing to real time.
20260806 154836.879 ERROR            PET0 ESMF_Time.F90:1495 ESMF_TimeSyncToRealTime() Wrong argument specified  - Internal subroutine call returned Error
20260806 154836.879 ERROR            PET0 Wrong argument specified  - getting wall clock time
20260806 154836.880 INFO             PET0  NUMBER_OF_PROCESSORS           1
20260806 154836.881 INFO             PET0  PASS  Example ESMF_LogErrEx, ESMF_LogErrEx.F90, line 186
20260806 154836.882 INFO             PET0  Finalizing ESMF
