2026-05-07 07:39:47
20260507 083305.135 INFO             PET0 !!!!!!!!!!!!!!!!!!!!!!!!!!!!!!!!!!!!!!!!!!!!!!!!!!!!!!
20260507 083305.135 INFO             PET0 !!! THE ESMF_LOG IS SET TO OUTPUT ALL LOG MESSAGES !!!
20260507 083305.135 INFO             PET0 !!!     THIS MAY CAUSE SLOWDOWN IN PERFORMANCE     !!!
20260507 083305.135 INFO             PET0 !!! FOR PRODUCTION RUNS, USE:                      !!!
20260507 083305.135 INFO             PET0 !!!                   ESMF_LOGKIND_Multi_On_Error  !!!
20260507 083305.135 INFO             PET0 !!!!!!!!!!!!!!!!!!!!!!!!!!!!!!!!!!!!!!!!!!!!!!!!!!!!!!
20260507 083305.135 INFO             PET0 Running with ESMF Version   : v9.0.0b12
20260507 083305.135 INFO             PET0 ESMF library build date/time: "May  7 2026" "07:36:42"
20260507 083305.135 INFO             PET0 ESMF library build location : /scratch3/NCEPDEV/stmp/Gerhard.Theurich/ESMF-Nightly-Testing-Hera/intel_2023.2.0-oneAPI_intelmpi_O_develop/esmf
20260507 083305.135 INFO             PET0 ESMF_COMM                   : intelmpi
20260507 083305.135 INFO             PET0 ESMF_MOAB                   : enabled
20260507 083305.135 INFO             PET0 ESMF_LAPACK                 : enabled
20260507 083305.135 INFO             PET0 ESMF_NETCDF                 : enabled
20260507 083305.135 INFO             PET0 ESMF_PNETCDF                : disabled
20260507 083305.135 INFO             PET0 ESMF_PIO                    : enabled
20260507 083305.135 INFO             PET0 ESMF_YAMLCPP                : enabled
20260507 083305.137 INFO             PET0 =============================================
20260507 083305.137 INFO             PET0 ESMX (Earth System Model eXecutable) STARTING
20260507 083305.137 INFO             PET0 =============================================
20260507 083305.138 DEBUG            PET0 Generic SetVM() is executing for: ESMX_Driver
20260507 083305.138 DEBUG            PET0 Generic SetVM() found no NUOPC Hint for: ESMX_Driver
20260507 083305.138 DEBUG            PET0 Generic SetVM() therefore is NOT calling ESMF_GridCompSetVMMaxPEs() for: ESMX_Driver
20260507 083305.141 INFO             PET0 =============================================
20260507 083305.141 INFO             PET0 ESMX (Earth System Model eXecutable) FINISHED
20260507 083305.141 INFO             PET0 =============================================
20260507 083305.141 INFO             PET0  Finalizing ESMF
20260507 083305.135 INFO             PET1 !!!!!!!!!!!!!!!!!!!!!!!!!!!!!!!!!!!!!!!!!!!!!!!!!!!!!!
20260507 083305.135 INFO             PET1 !!! THE ESMF_LOG IS SET TO OUTPUT ALL LOG MESSAGES !!!
20260507 083305.135 INFO             PET1 !!!     THIS MAY CAUSE SLOWDOWN IN PERFORMANCE     !!!
20260507 083305.136 INFO             PET1 !!! FOR PRODUCTION RUNS, USE:                      !!!
20260507 083305.136 INFO             PET1 !!!                   ESMF_LOGKIND_Multi_On_Error  !!!
20260507 083305.136 INFO             PET1 !!!!!!!!!!!!!!!!!!!!!!!!!!!!!!!!!!!!!!!!!!!!!!!!!!!!!!
20260507 083305.136 INFO             PET1 Running with ESMF Version   : v9.0.0b12
20260507 083305.136 INFO             PET1 ESMF library build date/time: "May  7 2026" "07:36:42"
20260507 083305.136 INFO             PET1 ESMF library build location : /scratch3/NCEPDEV/stmp/Gerhard.Theurich/ESMF-Nightly-Testing-Hera/intel_2023.2.0-oneAPI_intelmpi_O_develop/esmf
20260507 083305.136 INFO             PET1 ESMF_COMM                   : intelmpi
20260507 083305.136 INFO             PET1 ESMF_MOAB                   : enabled
20260507 083305.136 INFO             PET1 ESMF_LAPACK                 : enabled
20260507 083305.136 INFO             PET1 ESMF_NETCDF                 : enabled
20260507 083305.136 INFO             PET1 ESMF_PNETCDF                : disabled
20260507 083305.136 INFO             PET1 ESMF_PIO                    : enabled
20260507 083305.136 INFO             PET1 ESMF_YAMLCPP                : enabled
20260507 083305.137 INFO             PET1 =============================================
20260507 083305.137 INFO             PET1 ESMX (Earth System Model eXecutable) STARTING
20260507 083305.137 INFO             PET1 =============================================
20260507 083305.138 DEBUG            PET1 Generic SetVM() is executing for: ESMX_Driver
20260507 083305.138 DEBUG            PET1 Generic SetVM() found no NUOPC Hint for: ESMX_Driver
20260507 083305.138 DEBUG            PET1 Generic SetVM() therefore is NOT calling ESMF_GridCompSetVMMaxPEs() for: ESMX_Driver
20260507 083305.141 INFO             PET1 =============================================
20260507 083305.141 INFO             PET1 ESMX (Earth System Model eXecutable) FINISHED
20260507 083305.141 INFO             PET1 =============================================
20260507 083305.141 INFO             PET1  Finalizing ESMF
20260507 083305.135 INFO             PET2 !!!!!!!!!!!!!!!!!!!!!!!!!!!!!!!!!!!!!!!!!!!!!!!!!!!!!!
20260507 083305.135 INFO             PET2 !!! THE ESMF_LOG IS SET TO OUTPUT ALL LOG MESSAGES !!!
20260507 083305.135 INFO             PET2 !!!     THIS MAY CAUSE SLOWDOWN IN PERFORMANCE     !!!
20260507 083305.135 INFO             PET2 !!! FOR PRODUCTION RUNS, USE:                      !!!
20260507 083305.135 INFO             PET2 !!!                   ESMF_LOGKIND_Multi_On_Error  !!!
20260507 083305.135 INFO             PET2 !!!!!!!!!!!!!!!!!!!!!!!!!!!!!!!!!!!!!!!!!!!!!!!!!!!!!!
20260507 083305.135 INFO             PET2 Running with ESMF Version   : v9.0.0b12
20260507 083305.135 INFO             PET2 ESMF library build date/time: "May  7 2026" "07:36:42"
20260507 083305.135 INFO             PET2 ESMF library build location : /scratch3/NCEPDEV/stmp/Gerhard.Theurich/ESMF-Nightly-Testing-Hera/intel_2023.2.0-oneAPI_intelmpi_O_develop/esmf
20260507 083305.135 INFO             PET2 ESMF_COMM                   : intelmpi
20260507 083305.136 INFO             PET2 ESMF_MOAB                   : enabled
20260507 083305.136 INFO             PET2 ESMF_LAPACK                 : enabled
20260507 083305.136 INFO             PET2 ESMF_NETCDF                 : enabled
20260507 083305.136 INFO             PET2 ESMF_PNETCDF                : disabled
20260507 083305.136 INFO             PET2 ESMF_PIO                    : enabled
20260507 083305.136 INFO             PET2 ESMF_YAMLCPP                : enabled
20260507 083305.137 INFO             PET2 =============================================
20260507 083305.137 INFO             PET2 ESMX (Earth System Model eXecutable) STARTING
20260507 083305.137 INFO             PET2 =============================================
20260507 083305.138 DEBUG            PET2 Generic SetVM() is executing for: ESMX_Driver
20260507 083305.138 DEBUG            PET2 Generic SetVM() found no NUOPC Hint for: ESMX_Driver
20260507 083305.138 DEBUG            PET2 Generic SetVM() therefore is NOT calling ESMF_GridCompSetVMMaxPEs() for: ESMX_Driver
20260507 083305.141 INFO             PET2 =============================================
20260507 083305.141 INFO             PET2 ESMX (Earth System Model eXecutable) FINISHED
20260507 083305.141 INFO             PET2 =============================================
20260507 083305.141 INFO             PET2  Finalizing ESMF
20260507 083305.136 INFO             PET3 !!!!!!!!!!!!!!!!!!!!!!!!!!!!!!!!!!!!!!!!!!!!!!!!!!!!!!
20260507 083305.136 INFO             PET3 !!! THE ESMF_LOG IS SET TO OUTPUT ALL LOG MESSAGES !!!
20260507 083305.136 INFO             PET3 !!!     THIS MAY CAUSE SLOWDOWN IN PERFORMANCE     !!!
20260507 083305.136 INFO             PET3 !!! FOR PRODUCTION RUNS, USE:                      !!!
20260507 083305.136 INFO             PET3 !!!                   ESMF_LOGKIND_Multi_On_Error  !!!
20260507 083305.136 INFO             PET3 !!!!!!!!!!!!!!!!!!!!!!!!!!!!!!!!!!!!!!!!!!!!!!!!!!!!!!
20260507 083305.136 INFO             PET3 Running with ESMF Version   : v9.0.0b12
20260507 083305.136 INFO             PET3 ESMF library build date/time: "May  7 2026" "07:36:42"
20260507 083305.136 INFO             PET3 ESMF library build location : /scratch3/NCEPDEV/stmp/Gerhard.Theurich/ESMF-Nightly-Testing-Hera/intel_2023.2.0-oneAPI_intelmpi_O_develop/esmf
20260507 083305.136 INFO             PET3 ESMF_COMM                   : intelmpi
20260507 083305.136 INFO             PET3 ESMF_MOAB                   : enabled
20260507 083305.136 INFO             PET3 ESMF_LAPACK                 : enabled
20260507 083305.136 INFO             PET3 ESMF_NETCDF                 : enabled
20260507 083305.136 INFO             PET3 ESMF_PNETCDF                : disabled
20260507 083305.136 INFO             PET3 ESMF_PIO                    : enabled
20260507 083305.136 INFO             PET3 ESMF_YAMLCPP                : enabled
20260507 083305.137 INFO             PET3 =============================================
20260507 083305.137 INFO             PET3 ESMX (Earth System Model eXecutable) STARTING
20260507 083305.137 INFO             PET3 =============================================
20260507 083305.138 DEBUG            PET3 Generic SetVM() is executing for: ESMX_Driver
20260507 083305.138 DEBUG            PET3 Generic SetVM() found no NUOPC Hint for: ESMX_Driver
20260507 083305.138 DEBUG            PET3 Generic SetVM() therefore is NOT calling ESMF_GridCompSetVMMaxPEs() for: ESMX_Driver
20260507 083305.141 INFO             PET3 =============================================
20260507 083305.141 INFO             PET3 ESMX (Earth System Model eXecutable) FINISHED
20260507 083305.141 INFO             PET3 =============================================
20260507 083305.141 INFO             PET3  Finalizing ESMF
