2026-06-17 02:39:41
20260617 032957.154 INFO             PET0 !!!!!!!!!!!!!!!!!!!!!!!!!!!!!!!!!!!!!!!!!!!!!!!!!!!!!!
20260617 032957.154 INFO             PET0 !!! THE ESMF_LOG IS SET TO OUTPUT ALL LOG MESSAGES !!!
20260617 032957.154 INFO             PET0 !!!     THIS MAY CAUSE SLOWDOWN IN PERFORMANCE     !!!
20260617 032957.154 INFO             PET0 !!! FOR PRODUCTION RUNS, USE:                      !!!
20260617 032957.154 INFO             PET0 !!!                   ESMF_LOGKIND_Multi_On_Error  !!!
20260617 032957.154 INFO             PET0 !!!!!!!!!!!!!!!!!!!!!!!!!!!!!!!!!!!!!!!!!!!!!!!!!!!!!!
20260617 032957.154 INFO             PET0 Running with ESMF Version   : feature/refresh-bmauer-c_dynmask_interface+gbebbdcf2d2
20260617 032957.154 INFO             PET0 ESMF library build date/time: "Jun 17 2026" "02:36:16"
20260617 032957.154 INFO             PET0 ESMF library build location : /glade/derecho/scratch/sacks/esmf-testing/nvhpc_26.1_mpi_g_feature_refresh-bmauer-c_dynmask_interface/esmf
20260617 032957.154 INFO             PET0 ESMF_COMM                   : mpi
20260617 032957.155 INFO             PET0 ESMF_MOAB                   : enabled
20260617 032957.155 INFO             PET0 ESMF_LAPACK                 : enabled
20260617 032957.155 INFO             PET0 ESMF_NETCDF                 : enabled
20260617 032957.155 INFO             PET0 ESMF_PNETCDF                : disabled
20260617 032957.155 INFO             PET0 ESMF_PIO                    : enabled
20260617 032957.155 INFO             PET0 ESMF_YAMLCPP                : enabled
20260617 032957.155 INFO             PET0 ESMF Tracing Enabled
20260617 032957.155 INFO             PET0 ESMF Profiling Enabled
20260617 032957.155 INFO             PET0 ESMF Trace/Profile clock: REALTIME
20260617 032957.166 INFO             PET0  NUMBER_OF_PROCESSORS            4
20260617 032957.166 INFO             PET0  PASS  Example ESMF_TraceEx, ESMF_TraceEx.F90, line 178
20260617 032957.166 INFO             PET0  Finalizing ESMF
20260617 032957.166 INFO             PET0 **************** Region Timings *******************
20260617 032957.166 INFO             PET0 Region              Count  Total (s)   Self (s)    Mean (s)    Min (s)     Max (s)
20260617 032957.166 INFO             PET0   [ESMF]            1      0.0021      0.0021      0.0021      0.0021      0.0021
20260617 032957.166 INFO             PET0     [test] Init 1   1      0.0000      0.0000      0.0000      0.0000      0.0000
20260617 032957.166 INFO             PET0     [test] Run 1    5      0.0000      0.0000      0.0000      0.0000      0.0000
20260617 032957.166 INFO             PET0     [test] Final 1  1      0.0000      0.0000      0.0000      0.0000      0.0000
20260617 032957.155 INFO             PET1 !!!!!!!!!!!!!!!!!!!!!!!!!!!!!!!!!!!!!!!!!!!!!!!!!!!!!!
20260617 032957.155 INFO             PET1 !!! THE ESMF_LOG IS SET TO OUTPUT ALL LOG MESSAGES !!!
20260617 032957.155 INFO             PET1 !!!     THIS MAY CAUSE SLOWDOWN IN PERFORMANCE     !!!
20260617 032957.155 INFO             PET1 !!! FOR PRODUCTION RUNS, USE:                      !!!
20260617 032957.155 INFO             PET1 !!!                   ESMF_LOGKIND_Multi_On_Error  !!!
20260617 032957.155 INFO             PET1 !!!!!!!!!!!!!!!!!!!!!!!!!!!!!!!!!!!!!!!!!!!!!!!!!!!!!!
20260617 032957.155 INFO             PET1 Running with ESMF Version   : feature/refresh-bmauer-c_dynmask_interface+gbebbdcf2d2
20260617 032957.155 INFO             PET1 ESMF library build date/time: "Jun 17 2026" "02:36:16"
20260617 032957.155 INFO             PET1 ESMF library build location : /glade/derecho/scratch/sacks/esmf-testing/nvhpc_26.1_mpi_g_feature_refresh-bmauer-c_dynmask_interface/esmf
20260617 032957.155 INFO             PET1 ESMF_COMM                   : mpi
20260617 032957.156 INFO             PET1 ESMF_MOAB                   : enabled
20260617 032957.156 INFO             PET1 ESMF_LAPACK                 : enabled
20260617 032957.156 INFO             PET1 ESMF_NETCDF                 : enabled
20260617 032957.156 INFO             PET1 ESMF_PNETCDF                : disabled
20260617 032957.156 INFO             PET1 ESMF_PIO                    : enabled
20260617 032957.156 INFO             PET1 ESMF_YAMLCPP                : enabled
20260617 032957.156 INFO             PET1 ESMF Tracing Enabled
20260617 032957.156 INFO             PET1 ESMF Profiling Enabled
20260617 032957.156 INFO             PET1 ESMF Trace/Profile clock: REALTIME
20260617 032957.166 INFO             PET1  NUMBER_OF_PROCESSORS            4
20260617 032957.166 INFO             PET1  PASS  Example ESMF_TraceEx, ESMF_TraceEx.F90, line 178
20260617 032957.166 INFO             PET1  Finalizing ESMF
20260617 032957.166 INFO             PET1 **************** Region Timings *******************
20260617 032957.166 INFO             PET1 Region              Count  Total (s)   Self (s)    Mean (s)    Min (s)     Max (s)
20260617 032957.166 INFO             PET1   [ESMF]            1      0.0034      0.0034      0.0034      0.0034      0.0034
20260617 032957.166 INFO             PET1     [test] Init 1   1      0.0000      0.0000      0.0000      0.0000      0.0000
20260617 032957.166 INFO             PET1     [test] Run 1    5      0.0000      0.0000      0.0000      0.0000      0.0000
20260617 032957.166 INFO             PET1     [test] Final 1  1      0.0000      0.0000      0.0000      0.0000      0.0000
20260617 032957.154 INFO             PET2 !!!!!!!!!!!!!!!!!!!!!!!!!!!!!!!!!!!!!!!!!!!!!!!!!!!!!!
20260617 032957.154 INFO             PET2 !!! THE ESMF_LOG IS SET TO OUTPUT ALL LOG MESSAGES !!!
20260617 032957.154 INFO             PET2 !!!     THIS MAY CAUSE SLOWDOWN IN PERFORMANCE     !!!
20260617 032957.154 INFO             PET2 !!! FOR PRODUCTION RUNS, USE:                      !!!
20260617 032957.154 INFO             PET2 !!!                   ESMF_LOGKIND_Multi_On_Error  !!!
20260617 032957.154 INFO             PET2 !!!!!!!!!!!!!!!!!!!!!!!!!!!!!!!!!!!!!!!!!!!!!!!!!!!!!!
20260617 032957.154 INFO             PET2 Running with ESMF Version   : feature/refresh-bmauer-c_dynmask_interface+gbebbdcf2d2
20260617 032957.154 INFO             PET2 ESMF library build date/time: "Jun 17 2026" "02:36:16"
20260617 032957.154 INFO             PET2 ESMF library build location : /glade/derecho/scratch/sacks/esmf-testing/nvhpc_26.1_mpi_g_feature_refresh-bmauer-c_dynmask_interface/esmf
20260617 032957.154 INFO             PET2 ESMF_COMM                   : mpi
20260617 032957.155 INFO             PET2 ESMF_MOAB                   : enabled
20260617 032957.155 INFO             PET2 ESMF_LAPACK                 : enabled
20260617 032957.155 INFO             PET2 ESMF_NETCDF                 : enabled
20260617 032957.155 INFO             PET2 ESMF_PNETCDF                : disabled
20260617 032957.155 INFO             PET2 ESMF_PIO                    : enabled
20260617 032957.155 INFO             PET2 ESMF_YAMLCPP                : enabled
20260617 032957.155 INFO             PET2 ESMF Tracing Enabled
20260617 032957.155 INFO             PET2 ESMF Profiling Enabled
20260617 032957.155 INFO             PET2 ESMF Trace/Profile clock: REALTIME
20260617 032957.166 INFO             PET2  NUMBER_OF_PROCESSORS            4
20260617 032957.166 INFO             PET2  PASS  Example ESMF_TraceEx, ESMF_TraceEx.F90, line 178
20260617 032957.166 INFO             PET2  Finalizing ESMF
20260617 032957.166 INFO             PET2 **************** Region Timings *******************
20260617 032957.166 INFO             PET2 Region              Count  Total (s)   Self (s)    Mean (s)    Min (s)     Max (s)
20260617 032957.166 INFO             PET2   [ESMF]            1      0.0076      0.0075      0.0076      0.0076      0.0076
20260617 032957.166 INFO             PET2     [test] Init 1   1      0.0000      0.0000      0.0000      0.0000      0.0000
20260617 032957.166 INFO             PET2     [test] Run 1    5      0.0000      0.0000      0.0000      0.0000      0.0000
20260617 032957.166 INFO             PET2     [test] Final 1  1      0.0000      0.0000      0.0000      0.0000      0.0000
20260617 032957.154 INFO             PET3 !!!!!!!!!!!!!!!!!!!!!!!!!!!!!!!!!!!!!!!!!!!!!!!!!!!!!!
20260617 032957.154 INFO             PET3 !!! THE ESMF_LOG IS SET TO OUTPUT ALL LOG MESSAGES !!!
20260617 032957.154 INFO             PET3 !!!     THIS MAY CAUSE SLOWDOWN IN PERFORMANCE     !!!
20260617 032957.154 INFO             PET3 !!! FOR PRODUCTION RUNS, USE:                      !!!
20260617 032957.154 INFO             PET3 !!!                   ESMF_LOGKIND_Multi_On_Error  !!!
20260617 032957.154 INFO             PET3 !!!!!!!!!!!!!!!!!!!!!!!!!!!!!!!!!!!!!!!!!!!!!!!!!!!!!!
20260617 032957.154 INFO             PET3 Running with ESMF Version   : feature/refresh-bmauer-c_dynmask_interface+gbebbdcf2d2
20260617 032957.154 INFO             PET3 ESMF library build date/time: "Jun 17 2026" "02:36:16"
20260617 032957.154 INFO             PET3 ESMF library build location : /glade/derecho/scratch/sacks/esmf-testing/nvhpc_26.1_mpi_g_feature_refresh-bmauer-c_dynmask_interface/esmf
20260617 032957.154 INFO             PET3 ESMF_COMM                   : mpi
20260617 032957.155 INFO             PET3 ESMF_MOAB                   : enabled
20260617 032957.155 INFO             PET3 ESMF_LAPACK                 : enabled
20260617 032957.155 INFO             PET3 ESMF_NETCDF                 : enabled
20260617 032957.155 INFO             PET3 ESMF_PNETCDF                : disabled
20260617 032957.155 INFO             PET3 ESMF_PIO                    : enabled
20260617 032957.155 INFO             PET3 ESMF_YAMLCPP                : enabled
20260617 032957.155 INFO             PET3 ESMF Tracing Enabled
20260617 032957.155 INFO             PET3 ESMF Profiling Enabled
20260617 032957.155 INFO             PET3 ESMF Trace/Profile clock: REALTIME
20260617 032957.166 INFO             PET3  NUMBER_OF_PROCESSORS            4
20260617 032957.166 INFO             PET3  PASS  Example ESMF_TraceEx, ESMF_TraceEx.F90, line 178
20260617 032957.166 INFO             PET3  Finalizing ESMF
20260617 032957.166 INFO             PET3 **************** Region Timings *******************
20260617 032957.166 INFO             PET3 Region              Count  Total (s)   Self (s)    Mean (s)    Min (s)     Max (s)
20260617 032957.166 INFO             PET3   [ESMF]            1      0.0043      0.0042      0.0043      0.0043      0.0043
20260617 032957.166 INFO             PET3     [test] Init 1   1      0.0000      0.0000      0.0000      0.0000      0.0000
20260617 032957.166 INFO             PET3     [test] Run 1    5      0.0000      0.0000      0.0000      0.0000      0.0000
20260617 032957.166 INFO             PET3     [test] Final 1  1      0.0000      0.0000      0.0000      0.0000      0.0000
