2026-06-18 02:40:47
20260618 033117.684 INFO             PET0 !!!!!!!!!!!!!!!!!!!!!!!!!!!!!!!!!!!!!!!!!!!!!!!!!!!!!!
20260618 033117.684 INFO             PET0 !!! THE ESMF_LOG IS SET TO OUTPUT ALL LOG MESSAGES !!!
20260618 033117.684 INFO             PET0 !!!     THIS MAY CAUSE SLOWDOWN IN PERFORMANCE     !!!
20260618 033117.684 INFO             PET0 !!! FOR PRODUCTION RUNS, USE:                      !!!
20260618 033117.684 INFO             PET0 !!!                   ESMF_LOGKIND_Multi_On_Error  !!!
20260618 033117.684 INFO             PET0 !!!!!!!!!!!!!!!!!!!!!!!!!!!!!!!!!!!!!!!!!!!!!!!!!!!!!!
20260618 033117.684 INFO             PET0 Running with ESMF Version   : feature/refresh-bmauer-c_dynmask_interface+gbebbdcf2d2
20260618 033117.684 INFO             PET0 ESMF library build date/time: "Jun 18 2026" "02:37:20"
20260618 033117.684 INFO             PET0 ESMF library build location : /glade/derecho/scratch/sacks/esmf-testing/nvhpc_26.1_mpi_g_feature_refresh-bmauer-c_dynmask_interface/esmf
20260618 033117.684 INFO             PET0 ESMF_COMM                   : mpi
20260618 033117.685 INFO             PET0 ESMF_MOAB                   : enabled
20260618 033117.685 INFO             PET0 ESMF_LAPACK                 : enabled
20260618 033117.685 INFO             PET0 ESMF_NETCDF                 : enabled
20260618 033117.685 INFO             PET0 ESMF_PNETCDF                : disabled
20260618 033117.685 INFO             PET0 ESMF_PIO                    : enabled
20260618 033117.685 INFO             PET0 ESMF_YAMLCPP                : enabled
20260618 033117.842 INFO             PET0  NUMBER_OF_PROCESSORS            4
20260618 033117.842 INFO             PET0  PASS  Example ESMF_MeshEx, ESMF_MeshEx.F90, line 1795
20260618 033117.842 INFO             PET0  Finalizing ESMF
20260618 033117.685 INFO             PET1 !!!!!!!!!!!!!!!!!!!!!!!!!!!!!!!!!!!!!!!!!!!!!!!!!!!!!!
20260618 033117.685 INFO             PET1 !!! THE ESMF_LOG IS SET TO OUTPUT ALL LOG MESSAGES !!!
20260618 033117.685 INFO             PET1 !!!     THIS MAY CAUSE SLOWDOWN IN PERFORMANCE     !!!
20260618 033117.685 INFO             PET1 !!! FOR PRODUCTION RUNS, USE:                      !!!
20260618 033117.685 INFO             PET1 !!!                   ESMF_LOGKIND_Multi_On_Error  !!!
20260618 033117.685 INFO             PET1 !!!!!!!!!!!!!!!!!!!!!!!!!!!!!!!!!!!!!!!!!!!!!!!!!!!!!!
20260618 033117.685 INFO             PET1 Running with ESMF Version   : feature/refresh-bmauer-c_dynmask_interface+gbebbdcf2d2
20260618 033117.685 INFO             PET1 ESMF library build date/time: "Jun 18 2026" "02:37:20"
20260618 033117.685 INFO             PET1 ESMF library build location : /glade/derecho/scratch/sacks/esmf-testing/nvhpc_26.1_mpi_g_feature_refresh-bmauer-c_dynmask_interface/esmf
20260618 033117.685 INFO             PET1 ESMF_COMM                   : mpi
20260618 033117.685 INFO             PET1 ESMF_MOAB                   : enabled
20260618 033117.685 INFO             PET1 ESMF_LAPACK                 : enabled
20260618 033117.685 INFO             PET1 ESMF_NETCDF                 : enabled
20260618 033117.685 INFO             PET1 ESMF_PNETCDF                : disabled
20260618 033117.685 INFO             PET1 ESMF_PIO                    : enabled
20260618 033117.685 INFO             PET1 ESMF_YAMLCPP                : enabled
20260618 033117.842 INFO             PET1  NUMBER_OF_PROCESSORS            4
20260618 033117.842 INFO             PET1  PASS  Example ESMF_MeshEx, ESMF_MeshEx.F90, line 1795
20260618 033117.843 INFO             PET1  Finalizing ESMF
20260618 033117.685 INFO             PET2 !!!!!!!!!!!!!!!!!!!!!!!!!!!!!!!!!!!!!!!!!!!!!!!!!!!!!!
20260618 033117.685 INFO             PET2 !!! THE ESMF_LOG IS SET TO OUTPUT ALL LOG MESSAGES !!!
20260618 033117.685 INFO             PET2 !!!     THIS MAY CAUSE SLOWDOWN IN PERFORMANCE     !!!
20260618 033117.685 INFO             PET2 !!! FOR PRODUCTION RUNS, USE:                      !!!
20260618 033117.685 INFO             PET2 !!!                   ESMF_LOGKIND_Multi_On_Error  !!!
20260618 033117.685 INFO             PET2 !!!!!!!!!!!!!!!!!!!!!!!!!!!!!!!!!!!!!!!!!!!!!!!!!!!!!!
20260618 033117.685 INFO             PET2 Running with ESMF Version   : feature/refresh-bmauer-c_dynmask_interface+gbebbdcf2d2
20260618 033117.685 INFO             PET2 ESMF library build date/time: "Jun 18 2026" "02:37:20"
20260618 033117.685 INFO             PET2 ESMF library build location : /glade/derecho/scratch/sacks/esmf-testing/nvhpc_26.1_mpi_g_feature_refresh-bmauer-c_dynmask_interface/esmf
20260618 033117.685 INFO             PET2 ESMF_COMM                   : mpi
20260618 033117.685 INFO             PET2 ESMF_MOAB                   : enabled
20260618 033117.685 INFO             PET2 ESMF_LAPACK                 : enabled
20260618 033117.685 INFO             PET2 ESMF_NETCDF                 : enabled
20260618 033117.685 INFO             PET2 ESMF_PNETCDF                : disabled
20260618 033117.685 INFO             PET2 ESMF_PIO                    : enabled
20260618 033117.685 INFO             PET2 ESMF_YAMLCPP                : enabled
20260618 033117.842 INFO             PET2  NUMBER_OF_PROCESSORS            4
20260618 033117.842 INFO             PET2  PASS  Example ESMF_MeshEx, ESMF_MeshEx.F90, line 1795
20260618 033117.842 INFO             PET2  Finalizing ESMF
20260618 033117.685 INFO             PET3 !!!!!!!!!!!!!!!!!!!!!!!!!!!!!!!!!!!!!!!!!!!!!!!!!!!!!!
20260618 033117.685 INFO             PET3 !!! THE ESMF_LOG IS SET TO OUTPUT ALL LOG MESSAGES !!!
20260618 033117.685 INFO             PET3 !!!     THIS MAY CAUSE SLOWDOWN IN PERFORMANCE     !!!
20260618 033117.685 INFO             PET3 !!! FOR PRODUCTION RUNS, USE:                      !!!
20260618 033117.685 INFO             PET3 !!!                   ESMF_LOGKIND_Multi_On_Error  !!!
20260618 033117.685 INFO             PET3 !!!!!!!!!!!!!!!!!!!!!!!!!!!!!!!!!!!!!!!!!!!!!!!!!!!!!!
20260618 033117.685 INFO             PET3 Running with ESMF Version   : feature/refresh-bmauer-c_dynmask_interface+gbebbdcf2d2
20260618 033117.685 INFO             PET3 ESMF library build date/time: "Jun 18 2026" "02:37:20"
20260618 033117.685 INFO             PET3 ESMF library build location : /glade/derecho/scratch/sacks/esmf-testing/nvhpc_26.1_mpi_g_feature_refresh-bmauer-c_dynmask_interface/esmf
20260618 033117.685 INFO             PET3 ESMF_COMM                   : mpi
20260618 033117.685 INFO             PET3 ESMF_MOAB                   : enabled
20260618 033117.685 INFO             PET3 ESMF_LAPACK                 : enabled
20260618 033117.685 INFO             PET3 ESMF_NETCDF                 : enabled
20260618 033117.685 INFO             PET3 ESMF_PNETCDF                : disabled
20260618 033117.685 INFO             PET3 ESMF_PIO                    : enabled
20260618 033117.685 INFO             PET3 ESMF_YAMLCPP                : enabled
20260618 033117.842 INFO             PET3  NUMBER_OF_PROCESSORS            4
20260618 033117.842 INFO             PET3  PASS  Example ESMF_MeshEx, ESMF_MeshEx.F90, line 1795
20260618 033117.843 INFO             PET3  Finalizing ESMF
