2026-06-18 02:40:47
20260618 033038.374 INFO             PET0 !!!!!!!!!!!!!!!!!!!!!!!!!!!!!!!!!!!!!!!!!!!!!!!!!!!!!!
20260618 033038.374 INFO             PET0 !!! THE ESMF_LOG IS SET TO OUTPUT ALL LOG MESSAGES !!!
20260618 033038.374 INFO             PET0 !!!     THIS MAY CAUSE SLOWDOWN IN PERFORMANCE     !!!
20260618 033038.374 INFO             PET0 !!! FOR PRODUCTION RUNS, USE:                      !!!
20260618 033038.374 INFO             PET0 !!!                   ESMF_LOGKIND_Multi_On_Error  !!!
20260618 033038.374 INFO             PET0 !!!!!!!!!!!!!!!!!!!!!!!!!!!!!!!!!!!!!!!!!!!!!!!!!!!!!!
20260618 033038.374 INFO             PET0 Running with ESMF Version   : feature/refresh-bmauer-c_dynmask_interface+gbebbdcf2d2
20260618 033038.374 INFO             PET0 ESMF library build date/time: "Jun 18 2026" "02:37:20"
20260618 033038.374 INFO             PET0 ESMF library build location : /glade/derecho/scratch/sacks/esmf-testing/nvhpc_26.1_mpi_g_feature_refresh-bmauer-c_dynmask_interface/esmf
20260618 033038.374 INFO             PET0 ESMF_COMM                   : mpi
20260618 033038.375 INFO             PET0 ESMF_MOAB                   : enabled
20260618 033038.375 INFO             PET0 ESMF_LAPACK                 : enabled
20260618 033038.375 INFO             PET0 ESMF_NETCDF                 : enabled
20260618 033038.375 INFO             PET0 ESMF_PNETCDF                : disabled
20260618 033038.375 INFO             PET0 ESMF_PIO                    : enabled
20260618 033038.375 INFO             PET0 ESMF_YAMLCPP                : enabled
20260618 033038.375 INFO             PET0  NUMBER_OF_PROCESSORS            1
20260618 033038.375 INFO             PET0  PASS  Example ESMF_TimeEx, ESMF_TimeEx.F90, line 141
20260618 033038.375 INFO             PET0  Finalizing ESMF
