2026-07-17 00:59:34
 Somewhat of a SILLY @$^@_ label
 Somewhat of a SILLY @$^@_ label
 finalCalculation               
 dummy output from attached method 
 Somewhat of a SILLY @$^@_ label
 finalCalculation               
 dummy output from attached method 
  PASS  Example ESMF_AttachMethodsEx, ESMF_AttachMethodsEx.F90, line 292
 Somewhat of a SILLY @$^@_ label
  PASS  Example ESMF_AttachMethodsEx, ESMF_AttachMethodsEx.F90, line 292
 finalCalculation               
 dummy output from attached method 
  PASS  Example ESMF_AttachMethodsEx, ESMF_AttachMethodsEx.F90, line 292
 finalCalculation               
 dummy output from attached method 
  PASS  Example ESMF_AttachMethodsEx, ESMF_AttachMethodsEx.F90, line 292
 PASS: ESMF_AttachMethodsEx.F90
[WARNING] yaksa: 10 leaked handle pool objects
 PASS: ESMF_AttachMethodsEx.F90
[WARNING] yaksa: 10 leaked handle pool objects
[WARNING] yaksa: 10 leaked handle pool objects
 PASS: ESMF_AttachMethodsEx.F90
[WARNING] yaksa: 10 leaked handle pool objects
 PASS: ESMF_AttachMethodsEx.F90
