2026-06-17 00:05:34
20260617 002843.339 INFO             PET0 !!!!!!!!!!!!!!!!!!!!!!!!!!!!!!!!!!!!!!!!!!!!!!!!!!!!!!
20260617 002843.340 INFO             PET0 !!! THE ESMF_LOG IS SET TO OUTPUT ALL LOG MESSAGES !!!
20260617 002843.340 INFO             PET0 !!!     THIS MAY CAUSE SLOWDOWN IN PERFORMANCE     !!!
20260617 002843.340 INFO             PET0 !!! FOR PRODUCTION RUNS, USE:                      !!!
20260617 002843.340 INFO             PET0 !!!                   ESMF_LOGKIND_Multi_On_Error  !!!
20260617 002843.340 INFO             PET0 !!!!!!!!!!!!!!!!!!!!!!!!!!!!!!!!!!!!!!!!!!!!!!!!!!!!!!
20260617 002843.340 INFO             PET0 Running with ESMF Version   : feature/refresh-bmauer-c_dynmask_interface+gbebbdcf2d2
20260617 002843.340 INFO             PET0 ESMF library build date/time: "Jun 17 2026" "00:04:23"
20260617 002843.340 INFO             PET0 ESMF library build location : /usr/local/esmf/esmf-testing/gfortranclang_14.2.0_17.0.0_mpich_O_feature_refresh-bmauer-c_dynmask_interface/esmf
20260617 002843.340 INFO             PET0 ESMF_COMM                   : mpich
20260617 002843.340 INFO             PET0 ESMF_MOAB                   : enabled
20260617 002843.340 INFO             PET0 ESMF_LAPACK                 : enabled
20260617 002843.340 INFO             PET0 ESMF_NETCDF                 : enabled
20260617 002843.340 INFO             PET0 ESMF_PNETCDF                : disabled
20260617 002843.340 INFO             PET0 ESMF_PIO                    : enabled
20260617 002843.340 INFO             PET0 ESMF_YAMLCPP                : enabled
20260617 002843.340 INFO             PET0  NUMBER_OF_PROCESSORS           1
20260617 002843.340 INFO             PET0  PASS  Example ESMF_ClockEx, ESMF_ClockEx.F90, line 220
20260617 002843.340 INFO             PET0  Finalizing ESMF
