2026-06-19 00:46:34
20260619 012501.956 INFO             PET0 !!!!!!!!!!!!!!!!!!!!!!!!!!!!!!!!!!!!!!!!!!!!!!!!!!!!!!
20260619 012501.961 INFO             PET0 !!! THE ESMF_LOG IS SET TO OUTPUT ALL LOG MESSAGES !!!
20260619 012501.961 INFO             PET0 !!!     THIS MAY CAUSE SLOWDOWN IN PERFORMANCE     !!!
20260619 012501.961 INFO             PET0 !!! FOR PRODUCTION RUNS, USE:                      !!!
20260619 012501.961 INFO             PET0 !!!                   ESMF_LOGKIND_Multi_On_Error  !!!
20260619 012501.961 INFO             PET0 !!!!!!!!!!!!!!!!!!!!!!!!!!!!!!!!!!!!!!!!!!!!!!!!!!!!!!
20260619 012501.961 INFO             PET0 Running with ESMF Version   : feature/refresh-bmauer-c_dynmask_interface+gd740766d08
20260619 012501.961 INFO             PET0 ESMF library build date/time: "Jun 19 2026" "00:45:23"
20260619 012501.961 INFO             PET0 ESMF library build location : /usr/local/esmf/esmf-testing/gfortranclang_14.2.0_17.0.0_mpich_g_feature_refresh-bmauer-c_dynmask_interface/esmf
20260619 012501.961 INFO             PET0 ESMF_COMM                   : mpich
20260619 012501.961 INFO             PET0 ESMF_MOAB                   : enabled
20260619 012501.961 INFO             PET0 ESMF_LAPACK                 : enabled
20260619 012501.961 INFO             PET0 ESMF_NETCDF                 : enabled
20260619 012501.961 INFO             PET0 ESMF_PNETCDF                : disabled
20260619 012501.961 INFO             PET0 ESMF_PIO                    : enabled
20260619 012501.961 INFO             PET0 ESMF_YAMLCPP                : enabled
20260619 012501.982 INFO             PET0 =============================================
20260619 012501.982 INFO             PET0 ESMX (Earth System Model eXecutable) STARTING
20260619 012501.982 INFO             PET0 =============================================
20260619 012501.994 DEBUG            PET0 Generic SetVM() is executing for: ESMX_Driver
20260619 012501.994 DEBUG            PET0 Generic SetVM() found no NUOPC Hint for: ESMX_Driver
20260619 012501.994 DEBUG            PET0 Generic SetVM() therefore is NOT calling ESMF_GridCompSetVMMaxPEs() for: ESMX_Driver
20260619 012502.008 INFO             PET0 ESMX_Driver: InitializeGeneric intro.
20260619 012502.008 INFO             PET0   >>>ESMX_Driver: entered Initialize (phase=<none>) without valid internal Clock.
20260619 012502.008 INFO             PET0   ESMX_Driver: InitializeP0 intro.
20260619 012502.008 INFO             PET0     >>>ESMX_Driver: entered Initialize (phase=<none>) without valid internal Clock.
20260619 012502.008 INFO             PET0     <<<ESMX_Driver: leaving Initialize (phase=<none>) without valid internal Clock.
20260619 012502.008 INFO             PET0   ESMX_Driver: InitializeP0 extro.
20260619 012502.008 INFO             PET0   ESMX_Driver: InitializeIPDv02p1 intro.
20260619 012502.008 INFO             PET0     >>>ESMX_Driver: entered Initialize (phase=<none>) without valid internal Clock.
20260619 012502.010 INFO             PET0     ESMX_Driver: IInitAdvertise intro.
20260619 012502.015 INFO             PET0       >>>ESMX_Driver: entered Initialize (phase=<none>) with current time: 2012 10 24  8  0  0   0
20260619 012502.015 INFO             PET0       <<<ESMX_Driver: leaving Initialize (phase=<none>) with current time: 2012 10 24  8  0  0   0
20260619 012502.015 INFO             PET0     ESMX_Driver: IInitAdvertise extro.
20260619 012502.016 INFO             PET0     ESMX_Driver: IInitAdvertiseFinish intro.
20260619 012502.016 INFO             PET0       >>>ESMX_Driver: entered Initialize (phase=<none>) with current time: 2012 10 24  8  0  0   0
20260619 012502.016 INFO             PET0       <<<ESMX_Driver: leaving Initialize (phase=<none>) with current time: 2012 10 24  8  0  0   0
20260619 012502.016 INFO             PET0     ESMX_Driver: IInitAdvertiseFinish extro.
20260619 012502.016 INFO             PET0     ESMX_Driver: IInitModifyCplLists intro.
20260619 012502.016 INFO             PET0       >>>ESMX_Driver: entered Initialize (phase=<none>) with current time: 2012 10 24  8  0  0   0
20260619 012502.017 INFO             PET0       <<<ESMX_Driver: leaving Initialize (phase=<none>) with current time: 2012 10 24  8  0  0   0
20260619 012502.017 INFO             PET0     ESMX_Driver: IInitModifyCplLists extro.
20260619 012502.017 INFO             PET0     <<<ESMX_Driver: leaving Initialize (phase=<none>) with current time: 2012 10 24  8  0  0   0
20260619 012502.017 INFO             PET0   ESMX_Driver: InitializeIPDv02p1 extro.
20260619 012502.017 INFO             PET0   ESMX_Driver: InitializeIPDv02p3 intro.
20260619 012502.017 INFO             PET0     >>>ESMX_Driver: entered Initialize (phase=<none>) with current time: 2012 10 24  8  0  0   0
20260619 012502.018 INFO             PET0     ESMX_Driver: IInitCheck intro.
20260619 012502.018 INFO             PET0       >>>ESMX_Driver: entered Initialize (phase=<none>) with current time: 2012 10 24  8  0  0   0
20260619 012502.018 INFO             PET0       <<<ESMX_Driver: leaving Initialize (phase=<none>) with current time: 2012 10 24  8  0  0   0
20260619 012502.018 INFO             PET0     ESMX_Driver: IInitCheck extro.
20260619 012502.018 INFO             PET0     ESMX_Driver: IInitRealize intro.
20260619 012502.018 INFO             PET0       >>>ESMX_Driver: entered Initialize (phase=<none>) with current time: 2012 10 24  8  0  0   0
20260619 012502.019 INFO             PET0       <<<ESMX_Driver: leaving Initialize (phase=<none>) with current time: 2012 10 24  8  0  0   0
20260619 012502.019 INFO             PET0     ESMX_Driver: IInitRealize extro.
20260619 012502.037 INFO             PET0     <<<ESMX_Driver: leaving Initialize (phase=<none>) with current time: 2012 10 24  8  0  0   0
20260619 012502.037 INFO             PET0   ESMX_Driver: InitializeIPDv02p3 extro.
20260619 012502.037 INFO             PET0   ESMX_Driver: InitializeIPDv02p5 intro.
20260619 012502.037 INFO             PET0     >>>ESMX_Driver: entered Initialize (phase=<none>) with current time: 2012 10 24  8  0  0   0
20260619 012502.037 INFO             PET0     ESMX_Driver: InitializeIPDv02p5Data intro.
20260619 012502.037 INFO             PET0       >>>ESMX_Driver: entered Initialize (phase=<none>) with current time: 2012 10 24  8  0  0   0
20260619 012502.038 INFO             PET0       ESMX_Driver: InternalInitializeComplete intro.
20260619 012502.038 INFO             PET0         >>>ESMX_Driver: entered Initialize (phase=<none>) with current time: 2012 10 24  8  0  0   0
20260619 012502.040 INFO             PET0         <<<ESMX_Driver: leaving Initialize (phase=<none>) with current time: 2012 10 24  8  0  0   0
20260619 012502.040 INFO             PET0       ESMX_Driver: InternalInitializeComplete extro.
20260619 012502.056 INFO             PET0       ESMX_Driver: loopDataDependentInitialize intro.
20260619 012502.056 INFO             PET0         >>>ESMX_Driver: entered Initialize (phase=<none>) with current time: 2012 10 24  8  0  0   0
20260619 012502.060 INFO             PET0         <<<ESMX_Driver: leaving Initialize (phase=<none>) with current time: 2012 10 24  8  0  0   0
20260619 012502.060 INFO             PET0       ESMX_Driver: loopDataDependentInitialize extro.
20260619 012502.061 INFO             PET0       <<<ESMX_Driver: leaving Initialize (phase=<none>) with current time: 2012 10 24  8  0  0   0
20260619 012502.061 INFO             PET0     ESMX_Driver: InitializeIPDv02p5Data extro.
20260619 012502.061 INFO             PET0     <<<ESMX_Driver: leaving Initialize (phase=<none>) with current time: 2012 10 24  8  0  0   0
20260619 012502.061 INFO             PET0   ESMX_Driver: InitializeIPDv02p5 extro.
20260619 012502.061 INFO             PET0   <<<ESMX_Driver: leaving Initialize (phase=<none>) with current time: 2012 10 24  8  0  0   0
20260619 012502.061 INFO             PET0 ESMX_Driver: InitializeGeneric extro.
20260619 012502.061 INFO             PET0 ESMX_Driver: Run intro.
20260619 012502.061 INFO             PET0   >>>ESMX_Driver: entered Run (phase=RunPhase1) with current time: 2012 10 24  8  0  0   0
20260619 012502.061 INFO             PET0   <<<ESMX_Driver: leaving Run (phase=RunPhase1) with current time: 2012 10 24  8  0  0   0
20260619 012502.061 INFO             PET0 ESMX_Driver: Run extro.
20260619 012502.061 INFO             PET0 ESMX_Driver: Finalize intro.
20260619 012502.061 INFO             PET0   >>>ESMX_Driver: entered Finalize (phase=FinalizePhase1) with current time: 2012 10 24  8  0  0   0
20260619 012502.061 INFO             PET0   <<<ESMX_Driver: leaving Finalize (phase=FinalizePhase1) with current time: 2012 10 24  8  0  0   0
20260619 012502.061 INFO             PET0 ESMX_Driver: Finalize extro.
20260619 012502.061 INFO             PET0 =============================================
20260619 012502.061 INFO             PET0 ESMX (Earth System Model eXecutable) FINISHED
20260619 012502.061 INFO             PET0 =============================================
20260619 012502.061 INFO             PET0  Finalizing ESMF
20260619 012501.961 INFO             PET1 !!!!!!!!!!!!!!!!!!!!!!!!!!!!!!!!!!!!!!!!!!!!!!!!!!!!!!
20260619 012501.978 INFO             PET1 !!! THE ESMF_LOG IS SET TO OUTPUT ALL LOG MESSAGES !!!
20260619 012501.978 INFO             PET1 !!!     THIS MAY CAUSE SLOWDOWN IN PERFORMANCE     !!!
20260619 012501.978 INFO             PET1 !!! FOR PRODUCTION RUNS, USE:                      !!!
20260619 012501.978 INFO             PET1 !!!                   ESMF_LOGKIND_Multi_On_Error  !!!
20260619 012501.978 INFO             PET1 !!!!!!!!!!!!!!!!!!!!!!!!!!!!!!!!!!!!!!!!!!!!!!!!!!!!!!
20260619 012501.978 INFO             PET1 Running with ESMF Version   : feature/refresh-bmauer-c_dynmask_interface+gd740766d08
20260619 012501.978 INFO             PET1 ESMF library build date/time: "Jun 19 2026" "00:45:23"
20260619 012501.978 INFO             PET1 ESMF library build location : /usr/local/esmf/esmf-testing/gfortranclang_14.2.0_17.0.0_mpich_g_feature_refresh-bmauer-c_dynmask_interface/esmf
20260619 012501.978 INFO             PET1 ESMF_COMM                   : mpich
20260619 012501.978 INFO             PET1 ESMF_MOAB                   : enabled
20260619 012501.978 INFO             PET1 ESMF_LAPACK                 : enabled
20260619 012501.978 INFO             PET1 ESMF_NETCDF                 : enabled
20260619 012501.978 INFO             PET1 ESMF_PNETCDF                : disabled
20260619 012501.978 INFO             PET1 ESMF_PIO                    : enabled
20260619 012501.978 INFO             PET1 ESMF_YAMLCPP                : enabled
20260619 012501.986 INFO             PET1 =============================================
20260619 012501.986 INFO             PET1 ESMX (Earth System Model eXecutable) STARTING
20260619 012501.986 INFO             PET1 =============================================
20260619 012501.996 DEBUG            PET1 Generic SetVM() is executing for: ESMX_Driver
20260619 012501.996 DEBUG            PET1 Generic SetVM() found no NUOPC Hint for: ESMX_Driver
20260619 012501.996 DEBUG            PET1 Generic SetVM() therefore is NOT calling ESMF_GridCompSetVMMaxPEs() for: ESMX_Driver
20260619 012502.010 INFO             PET1 ESMX_Driver: InitializeGeneric intro.
20260619 012502.010 INFO             PET1   >>>ESMX_Driver: entered Initialize (phase=<none>) without valid internal Clock.
20260619 012502.010 INFO             PET1   ESMX_Driver: InitializeP0 intro.
20260619 012502.010 INFO             PET1     >>>ESMX_Driver: entered Initialize (phase=<none>) without valid internal Clock.
20260619 012502.010 INFO             PET1     <<<ESMX_Driver: leaving Initialize (phase=<none>) without valid internal Clock.
20260619 012502.010 INFO             PET1   ESMX_Driver: InitializeP0 extro.
20260619 012502.010 INFO             PET1   ESMX_Driver: InitializeIPDv02p1 intro.
20260619 012502.010 INFO             PET1     >>>ESMX_Driver: entered Initialize (phase=<none>) without valid internal Clock.
20260619 012502.012 INFO             PET1     ESMX_Driver: IInitAdvertise intro.
20260619 012502.012 INFO             PET1       >>>ESMX_Driver: entered Initialize (phase=<none>) with current time: 2012 10 24  8  0  0   0
20260619 012502.019 INFO             PET1       <<<ESMX_Driver: leaving Initialize (phase=<none>) with current time: 2012 10 24  8  0  0   0
20260619 012502.019 INFO             PET1     ESMX_Driver: IInitAdvertise extro.
20260619 012502.019 INFO             PET1     ESMX_Driver: IInitAdvertiseFinish intro.
20260619 012502.019 INFO             PET1       >>>ESMX_Driver: entered Initialize (phase=<none>) with current time: 2012 10 24  8  0  0   0
20260619 012502.020 INFO             PET1       <<<ESMX_Driver: leaving Initialize (phase=<none>) with current time: 2012 10 24  8  0  0   0
20260619 012502.020 INFO             PET1     ESMX_Driver: IInitAdvertiseFinish extro.
20260619 012502.020 INFO             PET1     ESMX_Driver: IInitModifyCplLists intro.
20260619 012502.020 INFO             PET1       >>>ESMX_Driver: entered Initialize (phase=<none>) with current time: 2012 10 24  8  0  0   0
20260619 012502.020 INFO             PET1       <<<ESMX_Driver: leaving Initialize (phase=<none>) with current time: 2012 10 24  8  0  0   0
20260619 012502.021 INFO             PET1     ESMX_Driver: IInitModifyCplLists extro.
20260619 012502.021 INFO             PET1     <<<ESMX_Driver: leaving Initialize (phase=<none>) with current time: 2012 10 24  8  0  0   0
20260619 012502.021 INFO             PET1   ESMX_Driver: InitializeIPDv02p1 extro.
20260619 012502.021 INFO             PET1   ESMX_Driver: InitializeIPDv02p3 intro.
20260619 012502.021 INFO             PET1     >>>ESMX_Driver: entered Initialize (phase=<none>) with current time: 2012 10 24  8  0  0   0
20260619 012502.021 INFO             PET1     ESMX_Driver: IInitCheck intro.
20260619 012502.022 INFO             PET1       >>>ESMX_Driver: entered Initialize (phase=<none>) with current time: 2012 10 24  8  0  0   0
20260619 012502.022 INFO             PET1       <<<ESMX_Driver: leaving Initialize (phase=<none>) with current time: 2012 10 24  8  0  0   0
20260619 012502.022 INFO             PET1     ESMX_Driver: IInitCheck extro.
20260619 012502.022 INFO             PET1     ESMX_Driver: IInitRealize intro.
20260619 012502.022 INFO             PET1       >>>ESMX_Driver: entered Initialize (phase=<none>) with current time: 2012 10 24  8  0  0   0
20260619 012502.022 INFO             PET1       <<<ESMX_Driver: leaving Initialize (phase=<none>) with current time: 2012 10 24  8  0  0   0
20260619 012502.022 INFO             PET1     ESMX_Driver: IInitRealize extro.
20260619 012502.023 INFO             PET1     <<<ESMX_Driver: leaving Initialize (phase=<none>) with current time: 2012 10 24  8  0  0   0
20260619 012502.023 INFO             PET1   ESMX_Driver: InitializeIPDv02p3 extro.
20260619 012502.041 INFO             PET1   ESMX_Driver: InitializeIPDv02p5 intro.
20260619 012502.041 INFO             PET1     >>>ESMX_Driver: entered Initialize (phase=<none>) with current time: 2012 10 24  8  0  0   0
20260619 012502.042 INFO             PET1     ESMX_Driver: InitializeIPDv02p5Data intro.
20260619 012502.042 INFO             PET1       >>>ESMX_Driver: entered Initialize (phase=<none>) with current time: 2012 10 24  8  0  0   0
20260619 012502.042 INFO             PET1       ESMX_Driver: InternalInitializeComplete intro.
20260619 012502.042 INFO             PET1         >>>ESMX_Driver: entered Initialize (phase=<none>) with current time: 2012 10 24  8  0  0   0
20260619 012502.042 INFO             PET1         <<<ESMX_Driver: leaving Initialize (phase=<none>) with current time: 2012 10 24  8  0  0   0
20260619 012502.042 INFO             PET1       ESMX_Driver: InternalInitializeComplete extro.
20260619 012502.043 INFO             PET1       ESMX_Driver: loopDataDependentInitialize intro.
20260619 012502.043 INFO             PET1         >>>ESMX_Driver: entered Initialize (phase=<none>) with current time: 2012 10 24  8  0  0   0
20260619 012502.060 INFO             PET1         <<<ESMX_Driver: leaving Initialize (phase=<none>) with current time: 2012 10 24  8  0  0   0
20260619 012502.060 INFO             PET1       ESMX_Driver: loopDataDependentInitialize extro.
20260619 012502.060 INFO             PET1       <<<ESMX_Driver: leaving Initialize (phase=<none>) with current time: 2012 10 24  8  0  0   0
20260619 012502.060 INFO             PET1     ESMX_Driver: InitializeIPDv02p5Data extro.
20260619 012502.060 INFO             PET1     <<<ESMX_Driver: leaving Initialize (phase=<none>) with current time: 2012 10 24  8  0  0   0
20260619 012502.060 INFO             PET1   ESMX_Driver: InitializeIPDv02p5 extro.
20260619 012502.060 INFO             PET1   <<<ESMX_Driver: leaving Initialize (phase=<none>) with current time: 2012 10 24  8  0  0   0
20260619 012502.060 INFO             PET1 ESMX_Driver: InitializeGeneric extro.
20260619 012502.060 INFO             PET1 ESMX_Driver: Run intro.
20260619 012502.060 INFO             PET1   >>>ESMX_Driver: entered Run (phase=RunPhase1) with current time: 2012 10 24  8  0  0   0
20260619 012502.060 INFO             PET1   <<<ESMX_Driver: leaving Run (phase=RunPhase1) with current time: 2012 10 24  8  0  0   0
20260619 012502.060 INFO             PET1 ESMX_Driver: Run extro.
20260619 012502.060 INFO             PET1 ESMX_Driver: Finalize intro.
20260619 012502.060 INFO             PET1   >>>ESMX_Driver: entered Finalize (phase=FinalizePhase1) with current time: 2012 10 24  8  0  0   0
20260619 012502.060 INFO             PET1   <<<ESMX_Driver: leaving Finalize (phase=FinalizePhase1) with current time: 2012 10 24  8  0  0   0
20260619 012502.060 INFO             PET1 ESMX_Driver: Finalize extro.
20260619 012502.060 INFO             PET1 =============================================
20260619 012502.060 INFO             PET1 ESMX (Earth System Model eXecutable) FINISHED
20260619 012502.060 INFO             PET1 =============================================
20260619 012502.060 INFO             PET1  Finalizing ESMF
20260619 012501.956 INFO             PET2 !!!!!!!!!!!!!!!!!!!!!!!!!!!!!!!!!!!!!!!!!!!!!!!!!!!!!!
20260619 012501.962 INFO             PET2 !!! THE ESMF_LOG IS SET TO OUTPUT ALL LOG MESSAGES !!!
20260619 012501.962 INFO             PET2 !!!     THIS MAY CAUSE SLOWDOWN IN PERFORMANCE     !!!
20260619 012501.962 INFO             PET2 !!! FOR PRODUCTION RUNS, USE:                      !!!
20260619 012501.962 INFO             PET2 !!!                   ESMF_LOGKIND_Multi_On_Error  !!!
20260619 012501.962 INFO             PET2 !!!!!!!!!!!!!!!!!!!!!!!!!!!!!!!!!!!!!!!!!!!!!!!!!!!!!!
20260619 012501.962 INFO             PET2 Running with ESMF Version   : feature/refresh-bmauer-c_dynmask_interface+gd740766d08
20260619 012501.962 INFO             PET2 ESMF library build date/time: "Jun 19 2026" "00:45:23"
20260619 012501.962 INFO             PET2 ESMF library build location : /usr/local/esmf/esmf-testing/gfortranclang_14.2.0_17.0.0_mpich_g_feature_refresh-bmauer-c_dynmask_interface/esmf
20260619 012501.962 INFO             PET2 ESMF_COMM                   : mpich
20260619 012501.962 INFO             PET2 ESMF_MOAB                   : enabled
20260619 012501.962 INFO             PET2 ESMF_LAPACK                 : enabled
20260619 012501.962 INFO             PET2 ESMF_NETCDF                 : enabled
20260619 012501.962 INFO             PET2 ESMF_PNETCDF                : disabled
20260619 012501.962 INFO             PET2 ESMF_PIO                    : enabled
20260619 012501.962 INFO             PET2 ESMF_YAMLCPP                : enabled
20260619 012501.982 INFO             PET2 =============================================
20260619 012501.982 INFO             PET2 ESMX (Earth System Model eXecutable) STARTING
20260619 012501.982 INFO             PET2 =============================================
20260619 012501.995 DEBUG            PET2 Generic SetVM() is executing for: ESMX_Driver
20260619 012501.995 DEBUG            PET2 Generic SetVM() found no NUOPC Hint for: ESMX_Driver
20260619 012501.995 DEBUG            PET2 Generic SetVM() therefore is NOT calling ESMF_GridCompSetVMMaxPEs() for: ESMX_Driver
20260619 012502.008 INFO             PET2 ESMX_Driver: InitializeGeneric intro.
20260619 012502.008 INFO             PET2   >>>ESMX_Driver: entered Initialize (phase=<none>) without valid internal Clock.
20260619 012502.008 INFO             PET2   ESMX_Driver: InitializeP0 intro.
20260619 012502.008 INFO             PET2     >>>ESMX_Driver: entered Initialize (phase=<none>) without valid internal Clock.
20260619 012502.008 INFO             PET2     <<<ESMX_Driver: leaving Initialize (phase=<none>) without valid internal Clock.
20260619 012502.008 INFO             PET2   ESMX_Driver: InitializeP0 extro.
20260619 012502.008 INFO             PET2   ESMX_Driver: InitializeIPDv02p1 intro.
20260619 012502.008 INFO             PET2     >>>ESMX_Driver: entered Initialize (phase=<none>) without valid internal Clock.
20260619 012502.011 INFO             PET2     ESMX_Driver: IInitAdvertise intro.
20260619 012502.011 INFO             PET2       >>>ESMX_Driver: entered Initialize (phase=<none>) with current time: 2012 10 24  8  0  0   0
20260619 012502.011 INFO             PET2       <<<ESMX_Driver: leaving Initialize (phase=<none>) with current time: 2012 10 24  8  0  0   0
20260619 012502.011 INFO             PET2     ESMX_Driver: IInitAdvertise extro.
20260619 012502.011 INFO             PET2     ESMX_Driver: IInitAdvertiseFinish intro.
20260619 012502.012 INFO             PET2       >>>ESMX_Driver: entered Initialize (phase=<none>) with current time: 2012 10 24  8  0  0   0
20260619 012502.012 INFO             PET2       <<<ESMX_Driver: leaving Initialize (phase=<none>) with current time: 2012 10 24  8  0  0   0
20260619 012502.012 INFO             PET2     ESMX_Driver: IInitAdvertiseFinish extro.
20260619 012502.012 INFO             PET2     ESMX_Driver: IInitModifyCplLists intro.
20260619 012502.012 INFO             PET2       >>>ESMX_Driver: entered Initialize (phase=<none>) with current time: 2012 10 24  8  0  0   0
20260619 012502.013 INFO             PET2       <<<ESMX_Driver: leaving Initialize (phase=<none>) with current time: 2012 10 24  8  0  0   0
20260619 012502.013 INFO             PET2     ESMX_Driver: IInitModifyCplLists extro.
20260619 012502.013 INFO             PET2     <<<ESMX_Driver: leaving Initialize (phase=<none>) with current time: 2012 10 24  8  0  0   0
20260619 012502.013 INFO             PET2   ESMX_Driver: InitializeIPDv02p1 extro.
20260619 012502.013 INFO             PET2   ESMX_Driver: InitializeIPDv02p3 intro.
20260619 012502.013 INFO             PET2     >>>ESMX_Driver: entered Initialize (phase=<none>) with current time: 2012 10 24  8  0  0   0
20260619 012502.013 INFO             PET2     ESMX_Driver: IInitCheck intro.
20260619 012502.014 INFO             PET2       >>>ESMX_Driver: entered Initialize (phase=<none>) with current time: 2012 10 24  8  0  0   0
20260619 012502.014 INFO             PET2       <<<ESMX_Driver: leaving Initialize (phase=<none>) with current time: 2012 10 24  8  0  0   0
20260619 012502.014 INFO             PET2     ESMX_Driver: IInitCheck extro.
20260619 012502.031 INFO             PET2     ESMX_Driver: IInitRealize intro.
20260619 012502.031 INFO             PET2       >>>ESMX_Driver: entered Initialize (phase=<none>) with current time: 2012 10 24  8  0  0   0
20260619 012502.031 INFO             PET2       <<<ESMX_Driver: leaving Initialize (phase=<none>) with current time: 2012 10 24  8  0  0   0
20260619 012502.031 INFO             PET2     ESMX_Driver: IInitRealize extro.
20260619 012502.031 INFO             PET2     <<<ESMX_Driver: leaving Initialize (phase=<none>) with current time: 2012 10 24  8  0  0   0
20260619 012502.031 INFO             PET2   ESMX_Driver: InitializeIPDv02p3 extro.
20260619 012502.032 INFO             PET2   ESMX_Driver: InitializeIPDv02p5 intro.
20260619 012502.032 INFO             PET2     >>>ESMX_Driver: entered Initialize (phase=<none>) with current time: 2012 10 24  8  0  0   0
20260619 012502.032 INFO             PET2     ESMX_Driver: InitializeIPDv02p5Data intro.
20260619 012502.032 INFO             PET2       >>>ESMX_Driver: entered Initialize (phase=<none>) with current time: 2012 10 24  8  0  0   0
20260619 012502.032 INFO             PET2       ESMX_Driver: InternalInitializeComplete intro.
20260619 012502.033 INFO             PET2         >>>ESMX_Driver: entered Initialize (phase=<none>) with current time: 2012 10 24  8  0  0   0
20260619 012502.033 INFO             PET2         <<<ESMX_Driver: leaving Initialize (phase=<none>) with current time: 2012 10 24  8  0  0   0
20260619 012502.033 INFO             PET2       ESMX_Driver: InternalInitializeComplete extro.
20260619 012502.058 INFO             PET2       ESMX_Driver: loopDataDependentInitialize intro.
20260619 012502.058 INFO             PET2         >>>ESMX_Driver: entered Initialize (phase=<none>) with current time: 2012 10 24  8  0  0   0
20260619 012502.060 INFO             PET2         <<<ESMX_Driver: leaving Initialize (phase=<none>) with current time: 2012 10 24  8  0  0   0
20260619 012502.060 INFO             PET2       ESMX_Driver: loopDataDependentInitialize extro.
20260619 012502.060 INFO             PET2       <<<ESMX_Driver: leaving Initialize (phase=<none>) with current time: 2012 10 24  8  0  0   0
20260619 012502.060 INFO             PET2     ESMX_Driver: InitializeIPDv02p5Data extro.
20260619 012502.060 INFO             PET2     <<<ESMX_Driver: leaving Initialize (phase=<none>) with current time: 2012 10 24  8  0  0   0
20260619 012502.060 INFO             PET2   ESMX_Driver: InitializeIPDv02p5 extro.
20260619 012502.060 INFO             PET2   <<<ESMX_Driver: leaving Initialize (phase=<none>) with current time: 2012 10 24  8  0  0   0
20260619 012502.060 INFO             PET2 ESMX_Driver: InitializeGeneric extro.
20260619 012502.060 INFO             PET2 ESMX_Driver: Run intro.
20260619 012502.060 INFO             PET2   >>>ESMX_Driver: entered Run (phase=RunPhase1) with current time: 2012 10 24  8  0  0   0
20260619 012502.060 INFO             PET2   <<<ESMX_Driver: leaving Run (phase=RunPhase1) with current time: 2012 10 24  8  0  0   0
20260619 012502.060 INFO             PET2 ESMX_Driver: Run extro.
20260619 012502.060 INFO             PET2 ESMX_Driver: Finalize intro.
20260619 012502.060 INFO             PET2   >>>ESMX_Driver: entered Finalize (phase=FinalizePhase1) with current time: 2012 10 24  8  0  0   0
20260619 012502.060 INFO             PET2   <<<ESMX_Driver: leaving Finalize (phase=FinalizePhase1) with current time: 2012 10 24  8  0  0   0
20260619 012502.060 INFO             PET2 ESMX_Driver: Finalize extro.
20260619 012502.060 INFO             PET2 =============================================
20260619 012502.060 INFO             PET2 ESMX (Earth System Model eXecutable) FINISHED
20260619 012502.060 INFO             PET2 =============================================
20260619 012502.060 INFO             PET2  Finalizing ESMF
20260619 012501.957 INFO             PET3 !!!!!!!!!!!!!!!!!!!!!!!!!!!!!!!!!!!!!!!!!!!!!!!!!!!!!!
20260619 012501.965 INFO             PET3 !!! THE ESMF_LOG IS SET TO OUTPUT ALL LOG MESSAGES !!!
20260619 012501.965 INFO             PET3 !!!     THIS MAY CAUSE SLOWDOWN IN PERFORMANCE     !!!
20260619 012501.965 INFO             PET3 !!! FOR PRODUCTION RUNS, USE:                      !!!
20260619 012501.965 INFO             PET3 !!!                   ESMF_LOGKIND_Multi_On_Error  !!!
20260619 012501.965 INFO             PET3 !!!!!!!!!!!!!!!!!!!!!!!!!!!!!!!!!!!!!!!!!!!!!!!!!!!!!!
20260619 012501.965 INFO             PET3 Running with ESMF Version   : feature/refresh-bmauer-c_dynmask_interface+gd740766d08
20260619 012501.965 INFO             PET3 ESMF library build date/time: "Jun 19 2026" "00:45:23"
20260619 012501.965 INFO             PET3 ESMF library build location : /usr/local/esmf/esmf-testing/gfortranclang_14.2.0_17.0.0_mpich_g_feature_refresh-bmauer-c_dynmask_interface/esmf
20260619 012501.965 INFO             PET3 ESMF_COMM                   : mpich
20260619 012501.966 INFO             PET3 ESMF_MOAB                   : enabled
20260619 012501.966 INFO             PET3 ESMF_LAPACK                 : enabled
20260619 012501.966 INFO             PET3 ESMF_NETCDF                 : enabled
20260619 012501.966 INFO             PET3 ESMF_PNETCDF                : disabled
20260619 012501.966 INFO             PET3 ESMF_PIO                    : enabled
20260619 012501.966 INFO             PET3 ESMF_YAMLCPP                : enabled
20260619 012501.982 INFO             PET3 =============================================
20260619 012501.982 INFO             PET3 ESMX (Earth System Model eXecutable) STARTING
20260619 012501.982 INFO             PET3 =============================================
20260619 012501.993 DEBUG            PET3 Generic SetVM() is executing for: ESMX_Driver
20260619 012501.993 DEBUG            PET3 Generic SetVM() found no NUOPC Hint for: ESMX_Driver
20260619 012501.993 DEBUG            PET3 Generic SetVM() therefore is NOT calling ESMF_GridCompSetVMMaxPEs() for: ESMX_Driver
20260619 012502.010 INFO             PET3 ESMX_Driver: InitializeGeneric intro.
20260619 012502.010 INFO             PET3   >>>ESMX_Driver: entered Initialize (phase=<none>) without valid internal Clock.
20260619 012502.011 INFO             PET3   ESMX_Driver: InitializeP0 intro.
20260619 012502.011 INFO             PET3     >>>ESMX_Driver: entered Initialize (phase=<none>) without valid internal Clock.
20260619 012502.011 INFO             PET3     <<<ESMX_Driver: leaving Initialize (phase=<none>) without valid internal Clock.
20260619 012502.011 INFO             PET3   ESMX_Driver: InitializeP0 extro.
20260619 012502.011 INFO             PET3   ESMX_Driver: InitializeIPDv02p1 intro.
20260619 012502.011 INFO             PET3     >>>ESMX_Driver: entered Initialize (phase=<none>) without valid internal Clock.
20260619 012502.028 INFO             PET3     ESMX_Driver: IInitAdvertise intro.
20260619 012502.028 INFO             PET3       >>>ESMX_Driver: entered Initialize (phase=<none>) with current time: 2012 10 24  8  0  0   0
20260619 012502.028 INFO             PET3       <<<ESMX_Driver: leaving Initialize (phase=<none>) with current time: 2012 10 24  8  0  0   0
20260619 012502.028 INFO             PET3     ESMX_Driver: IInitAdvertise extro.
20260619 012502.029 INFO             PET3     ESMX_Driver: IInitAdvertiseFinish intro.
20260619 012502.029 INFO             PET3       >>>ESMX_Driver: entered Initialize (phase=<none>) with current time: 2012 10 24  8  0  0   0
20260619 012502.029 INFO             PET3       <<<ESMX_Driver: leaving Initialize (phase=<none>) with current time: 2012 10 24  8  0  0   0
20260619 012502.029 INFO             PET3     ESMX_Driver: IInitAdvertiseFinish extro.
20260619 012502.029 INFO             PET3     ESMX_Driver: IInitModifyCplLists intro.
20260619 012502.030 INFO             PET3       >>>ESMX_Driver: entered Initialize (phase=<none>) with current time: 2012 10 24  8  0  0   0
20260619 012502.030 INFO             PET3       <<<ESMX_Driver: leaving Initialize (phase=<none>) with current time: 2012 10 24  8  0  0   0
20260619 012502.030 INFO             PET3     ESMX_Driver: IInitModifyCplLists extro.
20260619 012502.030 INFO             PET3     <<<ESMX_Driver: leaving Initialize (phase=<none>) with current time: 2012 10 24  8  0  0   0
20260619 012502.030 INFO             PET3   ESMX_Driver: InitializeIPDv02p1 extro.
20260619 012502.042 INFO             PET3   ESMX_Driver: InitializeIPDv02p3 intro.
20260619 012502.042 INFO             PET3     >>>ESMX_Driver: entered Initialize (phase=<none>) with current time: 2012 10 24  8  0  0   0
20260619 012502.042 INFO             PET3     ESMX_Driver: IInitCheck intro.
20260619 012502.042 INFO             PET3       >>>ESMX_Driver: entered Initialize (phase=<none>) with current time: 2012 10 24  8  0  0   0
20260619 012502.042 INFO             PET3       <<<ESMX_Driver: leaving Initialize (phase=<none>) with current time: 2012 10 24  8  0  0   0
20260619 012502.042 INFO             PET3     ESMX_Driver: IInitCheck extro.
20260619 012502.042 INFO             PET3     ESMX_Driver: IInitRealize intro.
20260619 012502.042 INFO             PET3       >>>ESMX_Driver: entered Initialize (phase=<none>) with current time: 2012 10 24  8  0  0   0
20260619 012502.042 INFO             PET3       <<<ESMX_Driver: leaving Initialize (phase=<none>) with current time: 2012 10 24  8  0  0   0
20260619 012502.042 INFO             PET3     ESMX_Driver: IInitRealize extro.
20260619 012502.042 INFO             PET3     <<<ESMX_Driver: leaving Initialize (phase=<none>) with current time: 2012 10 24  8  0  0   0
20260619 012502.042 INFO             PET3   ESMX_Driver: InitializeIPDv02p3 extro.
20260619 012502.042 INFO             PET3   ESMX_Driver: InitializeIPDv02p5 intro.
20260619 012502.042 INFO             PET3     >>>ESMX_Driver: entered Initialize (phase=<none>) with current time: 2012 10 24  8  0  0   0
20260619 012502.042 INFO             PET3     ESMX_Driver: InitializeIPDv02p5Data intro.
20260619 012502.042 INFO             PET3       >>>ESMX_Driver: entered Initialize (phase=<none>) with current time: 2012 10 24  8  0  0   0
20260619 012502.043 INFO             PET3       ESMX_Driver: InternalInitializeComplete intro.
20260619 012502.043 INFO             PET3         >>>ESMX_Driver: entered Initialize (phase=<none>) with current time: 2012 10 24  8  0  0   0
20260619 012502.043 INFO             PET3         <<<ESMX_Driver: leaving Initialize (phase=<none>) with current time: 2012 10 24  8  0  0   0
20260619 012502.043 INFO             PET3       ESMX_Driver: InternalInitializeComplete extro.
20260619 012502.043 INFO             PET3       ESMX_Driver: loopDataDependentInitialize intro.
20260619 012502.043 INFO             PET3         >>>ESMX_Driver: entered Initialize (phase=<none>) with current time: 2012 10 24  8  0  0   0
20260619 012502.060 INFO             PET3         <<<ESMX_Driver: leaving Initialize (phase=<none>) with current time: 2012 10 24  8  0  0   0
20260619 012502.060 INFO             PET3       ESMX_Driver: loopDataDependentInitialize extro.
20260619 012502.060 INFO             PET3       <<<ESMX_Driver: leaving Initialize (phase=<none>) with current time: 2012 10 24  8  0  0   0
20260619 012502.060 INFO             PET3     ESMX_Driver: InitializeIPDv02p5Data extro.
20260619 012502.060 INFO             PET3     <<<ESMX_Driver: leaving Initialize (phase=<none>) with current time: 2012 10 24  8  0  0   0
20260619 012502.060 INFO             PET3   ESMX_Driver: InitializeIPDv02p5 extro.
20260619 012502.060 INFO             PET3   <<<ESMX_Driver: leaving Initialize (phase=<none>) with current time: 2012 10 24  8  0  0   0
20260619 012502.060 INFO             PET3 ESMX_Driver: InitializeGeneric extro.
20260619 012502.060 INFO             PET3 ESMX_Driver: Run intro.
20260619 012502.060 INFO             PET3   >>>ESMX_Driver: entered Run (phase=RunPhase1) with current time: 2012 10 24  8  0  0   0
20260619 012502.060 INFO             PET3   <<<ESMX_Driver: leaving Run (phase=RunPhase1) with current time: 2012 10 24  8  0  0   0
20260619 012502.060 INFO             PET3 ESMX_Driver: Run extro.
20260619 012502.060 INFO             PET3 ESMX_Driver: Finalize intro.
20260619 012502.060 INFO             PET3   >>>ESMX_Driver: entered Finalize (phase=FinalizePhase1) with current time: 2012 10 24  8  0  0   0
20260619 012502.060 INFO             PET3   <<<ESMX_Driver: leaving Finalize (phase=FinalizePhase1) with current time: 2012 10 24  8  0  0   0
20260619 012502.060 INFO             PET3 ESMX_Driver: Finalize extro.
20260619 012502.060 INFO             PET3 =============================================
20260619 012502.060 INFO             PET3 ESMX (Earth System Model eXecutable) FINISHED
20260619 012502.060 INFO             PET3 =============================================
20260619 012502.060 INFO             PET3  Finalizing ESMF
