2026-08-18 02:42:31
20260818 033456.173 INFO             PET0 !!!!!!!!!!!!!!!!!!!!!!!!!!!!!!!!!!!!!!!!!!!!!!!!!!!!!!
20260818 033456.173 INFO             PET0 !!! THE ESMF_LOG IS SET TO OUTPUT ALL LOG MESSAGES !!!
20260818 033456.173 INFO             PET0 !!!     THIS MAY CAUSE SLOWDOWN IN PERFORMANCE     !!!
20260818 033456.173 INFO             PET0 !!! FOR PRODUCTION RUNS, USE:                      !!!
20260818 033456.173 INFO             PET0 !!!                   ESMF_LOGKIND_Multi_On_Error  !!!
20260818 033456.173 INFO             PET0 !!!!!!!!!!!!!!!!!!!!!!!!!!!!!!!!!!!!!!!!!!!!!!!!!!!!!!
20260818 033456.173 INFO             PET0 Running with ESMF Version   : develop+g471efa944e
20260818 033456.173 INFO             PET0 ESMF library build date/time: "Aug 18 2026" "02:39:03"
20260818 033456.173 INFO             PET0 ESMF library build location : /glade/derecho/scratch/sacks/esmf-testing/nvhpc_26.1_mpi_g_develop/esmf
20260818 033456.173 INFO             PET0 ESMF_COMM                   : mpi
20260818 033456.174 INFO             PET0 ESMF_MOAB                   : enabled
20260818 033456.174 INFO             PET0 ESMF_LAPACK                 : enabled
20260818 033456.174 INFO             PET0 ESMF_NETCDF                 : enabled
20260818 033456.174 INFO             PET0 ESMF_PNETCDF                : disabled
20260818 033456.174 INFO             PET0 ESMF_PIO                    : enabled
20260818 033456.174 INFO             PET0 ESMF_YAMLCPP                : enabled
20260818 033456.174 INFO             PET0  NUMBER_OF_PROCESSORS            1
20260818 033456.174 INFO             PET0  PASS  Example ESMF_TimeEx, ESMF_TimeEx.F90, line 141
20260818 033456.174 INFO             PET0  Finalizing ESMF
