2026-08-10 07:30:18
20260810 081558.862 INFO             PET0 !!!!!!!!!!!!!!!!!!!!!!!!!!!!!!!!!!!!!!!!!!!!!!!!!!!!!!
20260810 081558.862 INFO             PET0 !!! THE ESMF_LOG IS SET TO OUTPUT ALL LOG MESSAGES !!!
20260810 081558.862 INFO             PET0 !!!     THIS MAY CAUSE SLOWDOWN IN PERFORMANCE     !!!
20260810 081558.862 INFO             PET0 !!! FOR PRODUCTION RUNS, USE:                      !!!
20260810 081558.862 INFO             PET0 !!!                   ESMF_LOGKIND_Multi_On_Error  !!!
20260810 081558.862 INFO             PET0 !!!!!!!!!!!!!!!!!!!!!!!!!!!!!!!!!!!!!!!!!!!!!!!!!!!!!!
20260810 081558.862 INFO             PET0 Running with ESMF Version   : develop+g17f2be238d
20260810 081558.862 INFO             PET0 ESMF library build date/time: "Aug 10 2026" "07:27:36"
20260810 081558.862 INFO             PET0 ESMF library build location : /scratch3/NCEPDEV/stmp/Gerhard.Theurich/ESMF-Nightly-Testing-Hera/intel_2023.2.0-oneAPI_mpiuni_g_develop/esmf
20260810 081558.862 INFO             PET0 ESMF_COMM                   : mpiuni
20260810 081558.863 INFO             PET0 ESMF_MOAB                   : enabled
20260810 081558.863 INFO             PET0 ESMF_LAPACK                 : enabled
20260810 081558.863 INFO             PET0 ESMF_NETCDF                 : enabled
20260810 081558.863 INFO             PET0 ESMF_PNETCDF                : disabled
20260810 081558.863 INFO             PET0 ESMF_PIO                    : enabled
20260810 081558.863 INFO             PET0 ESMF_YAMLCPP                : enabled
20260810 081558.878 INFO             PET0 ESMF_FieldRedistStoreNF(): Just entered routine.
20260810 081601.696 INFO             PET0 ESMF_FieldRedistStoreNF(): Leaving routine.
20260810 081601.705 INFO             PET0  NUMBER_OF_PROCESSORS           1
20260810 081601.705 INFO             PET0  PASS  Example ESMF_RHandleFromFileEx, ESMF_RHandleFromFileEx.F90, line 192
20260810 081601.705 INFO             PET0  Finalizing ESMF
