2026-06-27 07:31:18
20260627 081532.025 INFO             PET0 !!!!!!!!!!!!!!!!!!!!!!!!!!!!!!!!!!!!!!!!!!!!!!!!!!!!!!
20260627 081532.026 INFO             PET0 !!! THE ESMF_LOG IS SET TO OUTPUT ALL LOG MESSAGES !!!
20260627 081532.026 INFO             PET0 !!!     THIS MAY CAUSE SLOWDOWN IN PERFORMANCE     !!!
20260627 081532.026 INFO             PET0 !!! FOR PRODUCTION RUNS, USE:                      !!!
20260627 081532.026 INFO             PET0 !!!                   ESMF_LOGKIND_Multi_On_Error  !!!
20260627 081532.026 INFO             PET0 !!!!!!!!!!!!!!!!!!!!!!!!!!!!!!!!!!!!!!!!!!!!!!!!!!!!!!
20260627 081532.026 INFO             PET0 Running with ESMF Version   : develop+g9d8ac26759
20260627 081532.026 INFO             PET0 ESMF library build date/time: "Jun 27 2026" "07:28:29"
20260627 081532.026 INFO             PET0 ESMF library build location : /scratch3/NCEPDEV/stmp/Gerhard.Theurich/ESMF-Nightly-Testing-Hera/intel_2023.2.0-oneAPI_mpiuni_g_develop/esmf
20260627 081532.026 INFO             PET0 ESMF_COMM                   : mpiuni
20260627 081532.026 INFO             PET0 ESMF_MOAB                   : enabled
20260627 081532.026 INFO             PET0 ESMF_LAPACK                 : enabled
20260627 081532.026 INFO             PET0 ESMF_NETCDF                 : enabled
20260627 081532.026 INFO             PET0 ESMF_PNETCDF                : disabled
20260627 081532.026 INFO             PET0 ESMF_PIO                    : enabled
20260627 081532.026 INFO             PET0 ESMF_YAMLCPP                : enabled
20260627 081532.030 INFO             PET0  NUMBER_OF_PROCESSORS           1
20260627 081532.030 INFO             PET0  PASS  Example ESMF_AlarmEx, ESMF_AlarmEx.F90, line 244
20260627 081532.030 INFO             PET0  Finalizing ESMF
