2026-06-23 07:31:43
20260623 081729.591 INFO             PET0 !!!!!!!!!!!!!!!!!!!!!!!!!!!!!!!!!!!!!!!!!!!!!!!!!!!!!!
20260623 081729.591 INFO             PET0 !!! THE ESMF_LOG IS SET TO OUTPUT ALL LOG MESSAGES !!!
20260623 081729.591 INFO             PET0 !!!     THIS MAY CAUSE SLOWDOWN IN PERFORMANCE     !!!
20260623 081729.591 INFO             PET0 !!! FOR PRODUCTION RUNS, USE:                      !!!
20260623 081729.591 INFO             PET0 !!!                   ESMF_LOGKIND_Multi_On_Error  !!!
20260623 081729.591 INFO             PET0 !!!!!!!!!!!!!!!!!!!!!!!!!!!!!!!!!!!!!!!!!!!!!!!!!!!!!!
20260623 081729.591 INFO             PET0 Running with ESMF Version   : develop+g380c18cfa6
20260623 081729.591 INFO             PET0 ESMF library build date/time: "Jun 23 2026" "07:28:41"
20260623 081729.591 INFO             PET0 ESMF library build location : /scratch3/NCEPDEV/stmp/Gerhard.Theurich/ESMF-Nightly-Testing-Hera/intel_2023.2.0-oneAPI_mpiuni_g_develop/esmf
20260623 081729.591 INFO             PET0 ESMF_COMM                   : mpiuni
20260623 081729.592 INFO             PET0 ESMF_MOAB                   : enabled
20260623 081729.592 INFO             PET0 ESMF_LAPACK                 : enabled
20260623 081729.592 INFO             PET0 ESMF_NETCDF                 : enabled
20260623 081729.592 INFO             PET0 ESMF_PNETCDF                : disabled
20260623 081729.592 INFO             PET0 ESMF_PIO                    : enabled
20260623 081729.592 INFO             PET0 ESMF_YAMLCPP                : enabled
20260623 081729.594 INFO             PET0  NUMBER_OF_PROCESSORS           1
20260623 081729.595 INFO             PET0  PASS  Example ESMF_StateEx, ESMF_StateEx.F90, line 161
20260623 081729.595 INFO             PET0  Finalizing ESMF
