2026-07-16 07:29:03
20260716 081344.387 INFO             PET0 !!!!!!!!!!!!!!!!!!!!!!!!!!!!!!!!!!!!!!!!!!!!!!!!!!!!!!
20260716 081344.388 INFO             PET0 !!! THE ESMF_LOG IS SET TO OUTPUT ALL LOG MESSAGES !!!
20260716 081344.388 INFO             PET0 !!!     THIS MAY CAUSE SLOWDOWN IN PERFORMANCE     !!!
20260716 081344.388 INFO             PET0 !!! FOR PRODUCTION RUNS, USE:                      !!!
20260716 081344.388 INFO             PET0 !!!                   ESMF_LOGKIND_Multi_On_Error  !!!
20260716 081344.388 INFO             PET0 !!!!!!!!!!!!!!!!!!!!!!!!!!!!!!!!!!!!!!!!!!!!!!!!!!!!!!
20260716 081344.388 INFO             PET0 Running with ESMF Version   : develop+gf1c7bb6d5f
20260716 081344.388 INFO             PET0 ESMF library build date/time: "Jul 16 2026" "07:26:23"
20260716 081344.388 INFO             PET0 ESMF library build location : /scratch3/NCEPDEV/stmp/Gerhard.Theurich/ESMF-Nightly-Testing-Hera/intel_2023.2.0-oneAPI_mpiuni_g_develop/esmf
20260716 081344.388 INFO             PET0 ESMF_COMM                   : mpiuni
20260716 081344.388 INFO             PET0 ESMF_MOAB                   : enabled
20260716 081344.388 INFO             PET0 ESMF_LAPACK                 : enabled
20260716 081344.388 INFO             PET0 ESMF_NETCDF                 : enabled
20260716 081344.388 INFO             PET0 ESMF_PNETCDF                : disabled
20260716 081344.388 INFO             PET0 ESMF_PIO                    : enabled
20260716 081344.388 INFO             PET0 ESMF_YAMLCPP                : enabled
20260716 081344.411 INFO             PET0  NUMBER_OF_PROCESSORS           1
20260716 081344.411 INFO             PET0  PASS  Example ESMF_XGridSparseMatEx, ESMF_XGridSparseMatEx.F90, line 642
20260716 081344.411 INFO             PET0  Finalizing ESMF
