2026-08-18 07:31:16
20260818 081600.316 INFO             PET0 !!!!!!!!!!!!!!!!!!!!!!!!!!!!!!!!!!!!!!!!!!!!!!!!!!!!!!
20260818 081600.316 INFO             PET0 !!! THE ESMF_LOG IS SET TO OUTPUT ALL LOG MESSAGES !!!
20260818 081600.316 INFO             PET0 !!!     THIS MAY CAUSE SLOWDOWN IN PERFORMANCE     !!!
20260818 081600.316 INFO             PET0 !!! FOR PRODUCTION RUNS, USE:                      !!!
20260818 081600.316 INFO             PET0 !!!                   ESMF_LOGKIND_Multi_On_Error  !!!
20260818 081600.316 INFO             PET0 !!!!!!!!!!!!!!!!!!!!!!!!!!!!!!!!!!!!!!!!!!!!!!!!!!!!!!
20260818 081600.316 INFO             PET0 Running with ESMF Version   : develop+g471efa944e
20260818 081600.316 INFO             PET0 ESMF library build date/time: "Aug 18 2026" "07:28:36"
20260818 081600.316 INFO             PET0 ESMF library build location : /scratch3/NCEPDEV/stmp/Gerhard.Theurich/ESMF-Nightly-Testing-Hera/intel_2023.2.0-oneAPI_mpiuni_g_develop/esmf
20260818 081600.316 INFO             PET0 ESMF_COMM                   : mpiuni
20260818 081600.316 INFO             PET0 ESMF_MOAB                   : enabled
20260818 081600.316 INFO             PET0 ESMF_LAPACK                 : enabled
20260818 081600.316 INFO             PET0 ESMF_NETCDF                 : enabled
20260818 081600.316 INFO             PET0 ESMF_PNETCDF                : disabled
20260818 081600.316 INFO             PET0 ESMF_PIO                    : enabled
20260818 081600.316 INFO             PET0 ESMF_YAMLCPP                : enabled
20260818 081600.319 INFO             PET0  NUMBER_OF_PROCESSORS           1
20260818 081600.319 INFO             PET0  PASS  Example ESMF_GridCreateRegFromDGEx, ESMF_GridCreateRegFromDGEx.F90, line 112
20260818 081600.319 INFO             PET0  Finalizing ESMF
