2026-05-05 04:07:48
20260505 044720.010 INFO             PET0 !!!!!!!!!!!!!!!!!!!!!!!!!!!!!!!!!!!!!!!!!!!!!!!!!!!!!!
20260505 044720.010 INFO             PET0 !!! THE ESMF_LOG IS SET TO OUTPUT ALL LOG MESSAGES !!!
20260505 044720.010 INFO             PET0 !!!     THIS MAY CAUSE SLOWDOWN IN PERFORMANCE     !!!
20260505 044720.010 INFO             PET0 !!! FOR PRODUCTION RUNS, USE:                      !!!
20260505 044720.010 INFO             PET0 !!!                   ESMF_LOGKIND_Multi_On_Error  !!!
20260505 044720.010 INFO             PET0 !!!!!!!!!!!!!!!!!!!!!!!!!!!!!!!!!!!!!!!!!!!!!!!!!!!!!!
20260505 044720.010 INFO             PET0 Running with ESMF Version   : develop+g0ae3009ebf
20260505 044720.010 INFO             PET0 ESMF library build date/time: "May  5 2026" "04:06:19"
20260505 044720.010 INFO             PET0 ESMF library build location : /tmp/gfortran_12.3.0_mpi_g_develop/esmf
20260505 044720.010 INFO             PET0 ESMF_COMM                   : mpi
20260505 044720.010 INFO             PET0 ESMF_MOAB                   : enabled
20260505 044720.010 INFO             PET0 ESMF_LAPACK                 : enabled
20260505 044720.010 INFO             PET0 ESMF_NETCDF                 : enabled
20260505 044720.010 INFO             PET0 ESMF_PNETCDF                : disabled
20260505 044720.010 INFO             PET0 ESMF_PIO                    : enabled
20260505 044720.010 INFO             PET0 ESMF_YAMLCPP                : enabled
20260505 044720.014 INFO             PET0 =============================================
20260505 044720.015 INFO             PET0 ESMX (Earth System Model eXecutable) STARTING
20260505 044720.015 INFO             PET0 =============================================
20260505 044720.026 DEBUG            PET0 Generic SetVM() is executing for: ESMX_Driver
20260505 044720.027 DEBUG            PET0 Generic SetVM() found no NUOPC Hint for: ESMX_Driver
20260505 044720.027 DEBUG            PET0 Generic SetVM() therefore is NOT calling ESMF_GridCompSetVMMaxPEs() for: ESMX_Driver
20260505 044720.035 INFO             PET0 ESMX_Driver: InitializeGeneric intro.
20260505 044720.035 INFO             PET0   >>>ESMX_Driver: entered Initialize (phase=<none>) without valid internal Clock.
20260505 044720.035 INFO             PET0   ESMX_Driver: InitializeP0 intro.
20260505 044720.035 INFO             PET0     >>>ESMX_Driver: entered Initialize (phase=<none>) without valid internal Clock.
20260505 044720.035 INFO             PET0     <<<ESMX_Driver: leaving Initialize (phase=<none>) without valid internal Clock.
20260505 044720.035 INFO             PET0   ESMX_Driver: InitializeP0 extro.
20260505 044720.035 INFO             PET0   ESMX_Driver: InitializeIPDv02p1 intro.
20260505 044720.035 INFO             PET0     >>>ESMX_Driver: entered Initialize (phase=<none>) without valid internal Clock.
20260505 044720.039 INFO             PET0     ESMX_Driver: IInitAdvertise intro.
20260505 044720.039 INFO             PET0       >>>ESMX_Driver: entered Initialize (phase=<none>) with current time: 2012 10 24  8  0  0   0
20260505 044720.039 INFO             PET0       <<<ESMX_Driver: leaving Initialize (phase=<none>) with current time: 2012 10 24  8  0  0   0
20260505 044720.039 INFO             PET0     ESMX_Driver: IInitAdvertise extro.
20260505 044720.039 INFO             PET0     ESMX_Driver: IInitAdvertiseFinish intro.
20260505 044720.039 INFO             PET0       >>>ESMX_Driver: entered Initialize (phase=<none>) with current time: 2012 10 24  8  0  0   0
20260505 044720.039 INFO             PET0       <<<ESMX_Driver: leaving Initialize (phase=<none>) with current time: 2012 10 24  8  0  0   0
20260505 044720.039 INFO             PET0     ESMX_Driver: IInitAdvertiseFinish extro.
20260505 044720.039 INFO             PET0     ESMX_Driver: IInitModifyCplLists intro.
20260505 044720.039 INFO             PET0       >>>ESMX_Driver: entered Initialize (phase=<none>) with current time: 2012 10 24  8  0  0   0
20260505 044720.040 INFO             PET0       <<<ESMX_Driver: leaving Initialize (phase=<none>) with current time: 2012 10 24  8  0  0   0
20260505 044720.040 INFO             PET0     ESMX_Driver: IInitModifyCplLists extro.
20260505 044720.040 INFO             PET0     <<<ESMX_Driver: leaving Initialize (phase=<none>) with current time: 2012 10 24  8  0  0   0
20260505 044720.040 INFO             PET0   ESMX_Driver: InitializeIPDv02p1 extro.
20260505 044720.040 INFO             PET0   ESMX_Driver: InitializeIPDv02p3 intro.
20260505 044720.040 INFO             PET0     >>>ESMX_Driver: entered Initialize (phase=<none>) with current time: 2012 10 24  8  0  0   0
20260505 044720.040 INFO             PET0     ESMX_Driver: IInitCheck intro.
20260505 044720.040 INFO             PET0       >>>ESMX_Driver: entered Initialize (phase=<none>) with current time: 2012 10 24  8  0  0   0
20260505 044720.040 INFO             PET0       <<<ESMX_Driver: leaving Initialize (phase=<none>) with current time: 2012 10 24  8  0  0   0
20260505 044720.040 INFO             PET0     ESMX_Driver: IInitCheck extro.
20260505 044720.040 INFO             PET0     ESMX_Driver: IInitRealize intro.
20260505 044720.040 INFO             PET0       >>>ESMX_Driver: entered Initialize (phase=<none>) with current time: 2012 10 24  8  0  0   0
20260505 044720.040 INFO             PET0       <<<ESMX_Driver: leaving Initialize (phase=<none>) with current time: 2012 10 24  8  0  0   0
20260505 044720.040 INFO             PET0     ESMX_Driver: IInitRealize extro.
20260505 044720.040 INFO             PET0     <<<ESMX_Driver: leaving Initialize (phase=<none>) with current time: 2012 10 24  8  0  0   0
20260505 044720.041 INFO             PET0   ESMX_Driver: InitializeIPDv02p3 extro.
20260505 044720.041 INFO             PET0   ESMX_Driver: InitializeIPDv02p5 intro.
20260505 044720.041 INFO             PET0     >>>ESMX_Driver: entered Initialize (phase=<none>) with current time: 2012 10 24  8  0  0   0
20260505 044720.041 INFO             PET0     ESMX_Driver: InitializeIPDv02p5Data intro.
20260505 044720.041 INFO             PET0       >>>ESMX_Driver: entered Initialize (phase=<none>) with current time: 2012 10 24  8  0  0   0
20260505 044720.041 INFO             PET0       ESMX_Driver: InternalInitializeComplete intro.
20260505 044720.041 INFO             PET0         >>>ESMX_Driver: entered Initialize (phase=<none>) with current time: 2012 10 24  8  0  0   0
20260505 044720.041 INFO             PET0         <<<ESMX_Driver: leaving Initialize (phase=<none>) with current time: 2012 10 24  8  0  0   0
20260505 044720.041 INFO             PET0       ESMX_Driver: InternalInitializeComplete extro.
20260505 044720.047 INFO             PET0       ESMX_Driver: loopDataDependentInitialize intro.
20260505 044720.047 INFO             PET0         >>>ESMX_Driver: entered Initialize (phase=<none>) with current time: 2012 10 24  8  0  0   0
20260505 044720.048 INFO             PET0         <<<ESMX_Driver: leaving Initialize (phase=<none>) with current time: 2012 10 24  8  0  0   0
20260505 044720.048 INFO             PET0       ESMX_Driver: loopDataDependentInitialize extro.
20260505 044720.048 INFO             PET0       <<<ESMX_Driver: leaving Initialize (phase=<none>) with current time: 2012 10 24  8  0  0   0
20260505 044720.048 INFO             PET0     ESMX_Driver: InitializeIPDv02p5Data extro.
20260505 044720.048 INFO             PET0     <<<ESMX_Driver: leaving Initialize (phase=<none>) with current time: 2012 10 24  8  0  0   0
20260505 044720.048 INFO             PET0   ESMX_Driver: InitializeIPDv02p5 extro.
20260505 044720.048 INFO             PET0   <<<ESMX_Driver: leaving Initialize (phase=<none>) with current time: 2012 10 24  8  0  0   0
20260505 044720.048 INFO             PET0 ESMX_Driver: InitializeGeneric extro.
20260505 044720.048 INFO             PET0 ESMX_Driver: Run intro.
20260505 044720.048 INFO             PET0   >>>ESMX_Driver: entered Run (phase=RunPhase1) with current time: 2012 10 24  8  0  0   0
20260505 044720.048 INFO             PET0   <<<ESMX_Driver: leaving Run (phase=RunPhase1) with current time: 2012 10 24  8  0  0   0
20260505 044720.048 INFO             PET0 ESMX_Driver: Run extro.
20260505 044720.048 INFO             PET0 ESMX_Driver: Finalize intro.
20260505 044720.048 INFO             PET0   >>>ESMX_Driver: entered Finalize (phase=FinalizePhase1) with current time: 2012 10 24  8  0  0   0
20260505 044720.048 INFO             PET0   <<<ESMX_Driver: leaving Finalize (phase=FinalizePhase1) with current time: 2012 10 24  8  0  0   0
20260505 044720.048 INFO             PET0 ESMX_Driver: Finalize extro.
20260505 044720.048 INFO             PET0 =============================================
20260505 044720.048 INFO             PET0 ESMX (Earth System Model eXecutable) FINISHED
20260505 044720.048 INFO             PET0 =============================================
20260505 044720.048 INFO             PET0  Finalizing ESMF
20260505 044720.009 INFO             PET1 !!!!!!!!!!!!!!!!!!!!!!!!!!!!!!!!!!!!!!!!!!!!!!!!!!!!!!
20260505 044720.009 INFO             PET1 !!! THE ESMF_LOG IS SET TO OUTPUT ALL LOG MESSAGES !!!
20260505 044720.009 INFO             PET1 !!!     THIS MAY CAUSE SLOWDOWN IN PERFORMANCE     !!!
20260505 044720.009 INFO             PET1 !!! FOR PRODUCTION RUNS, USE:                      !!!
20260505 044720.009 INFO             PET1 !!!                   ESMF_LOGKIND_Multi_On_Error  !!!
20260505 044720.009 INFO             PET1 !!!!!!!!!!!!!!!!!!!!!!!!!!!!!!!!!!!!!!!!!!!!!!!!!!!!!!
20260505 044720.009 INFO             PET1 Running with ESMF Version   : develop+g0ae3009ebf
20260505 044720.010 INFO             PET1 ESMF library build date/time: "May  5 2026" "04:06:19"
20260505 044720.010 INFO             PET1 ESMF library build location : /tmp/gfortran_12.3.0_mpi_g_develop/esmf
20260505 044720.010 INFO             PET1 ESMF_COMM                   : mpi
20260505 044720.010 INFO             PET1 ESMF_MOAB                   : enabled
20260505 044720.010 INFO             PET1 ESMF_LAPACK                 : enabled
20260505 044720.010 INFO             PET1 ESMF_NETCDF                 : enabled
20260505 044720.010 INFO             PET1 ESMF_PNETCDF                : disabled
20260505 044720.010 INFO             PET1 ESMF_PIO                    : enabled
20260505 044720.010 INFO             PET1 ESMF_YAMLCPP                : enabled
20260505 044720.015 INFO             PET1 =============================================
20260505 044720.015 INFO             PET1 ESMX (Earth System Model eXecutable) STARTING
20260505 044720.016 INFO             PET1 =============================================
20260505 044720.029 DEBUG            PET1 Generic SetVM() is executing for: ESMX_Driver
20260505 044720.029 DEBUG            PET1 Generic SetVM() found no NUOPC Hint for: ESMX_Driver
20260505 044720.029 DEBUG            PET1 Generic SetVM() therefore is NOT calling ESMF_GridCompSetVMMaxPEs() for: ESMX_Driver
20260505 044720.037 INFO             PET1 ESMX_Driver: InitializeGeneric intro.
20260505 044720.037 INFO             PET1   >>>ESMX_Driver: entered Initialize (phase=<none>) without valid internal Clock.
20260505 044720.037 INFO             PET1   ESMX_Driver: InitializeP0 intro.
20260505 044720.037 INFO             PET1     >>>ESMX_Driver: entered Initialize (phase=<none>) without valid internal Clock.
20260505 044720.037 INFO             PET1     <<<ESMX_Driver: leaving Initialize (phase=<none>) without valid internal Clock.
20260505 044720.037 INFO             PET1   ESMX_Driver: InitializeP0 extro.
20260505 044720.038 INFO             PET1   ESMX_Driver: InitializeIPDv02p1 intro.
20260505 044720.038 INFO             PET1     >>>ESMX_Driver: entered Initialize (phase=<none>) without valid internal Clock.
20260505 044720.043 INFO             PET1     ESMX_Driver: IInitAdvertise intro.
20260505 044720.043 INFO             PET1       >>>ESMX_Driver: entered Initialize (phase=<none>) with current time: 2012 10 24  8  0  0   0
20260505 044720.043 INFO             PET1       <<<ESMX_Driver: leaving Initialize (phase=<none>) with current time: 2012 10 24  8  0  0   0
20260505 044720.043 INFO             PET1     ESMX_Driver: IInitAdvertise extro.
20260505 044720.044 INFO             PET1     ESMX_Driver: IInitAdvertiseFinish intro.
20260505 044720.044 INFO             PET1       >>>ESMX_Driver: entered Initialize (phase=<none>) with current time: 2012 10 24  8  0  0   0
20260505 044720.044 INFO             PET1       <<<ESMX_Driver: leaving Initialize (phase=<none>) with current time: 2012 10 24  8  0  0   0
20260505 044720.044 INFO             PET1     ESMX_Driver: IInitAdvertiseFinish extro.
20260505 044720.044 INFO             PET1     ESMX_Driver: IInitModifyCplLists intro.
20260505 044720.044 INFO             PET1       >>>ESMX_Driver: entered Initialize (phase=<none>) with current time: 2012 10 24  8  0  0   0
20260505 044720.044 INFO             PET1       <<<ESMX_Driver: leaving Initialize (phase=<none>) with current time: 2012 10 24  8  0  0   0
20260505 044720.044 INFO             PET1     ESMX_Driver: IInitModifyCplLists extro.
20260505 044720.045 INFO             PET1     <<<ESMX_Driver: leaving Initialize (phase=<none>) with current time: 2012 10 24  8  0  0   0
20260505 044720.045 INFO             PET1   ESMX_Driver: InitializeIPDv02p1 extro.
20260505 044720.045 INFO             PET1   ESMX_Driver: InitializeIPDv02p3 intro.
20260505 044720.045 INFO             PET1     >>>ESMX_Driver: entered Initialize (phase=<none>) with current time: 2012 10 24  8  0  0   0
20260505 044720.045 INFO             PET1     ESMX_Driver: IInitCheck intro.
20260505 044720.045 INFO             PET1       >>>ESMX_Driver: entered Initialize (phase=<none>) with current time: 2012 10 24  8  0  0   0
20260505 044720.045 INFO             PET1       <<<ESMX_Driver: leaving Initialize (phase=<none>) with current time: 2012 10 24  8  0  0   0
20260505 044720.045 INFO             PET1     ESMX_Driver: IInitCheck extro.
20260505 044720.046 INFO             PET1     ESMX_Driver: IInitRealize intro.
20260505 044720.046 INFO             PET1       >>>ESMX_Driver: entered Initialize (phase=<none>) with current time: 2012 10 24  8  0  0   0
20260505 044720.046 INFO             PET1       <<<ESMX_Driver: leaving Initialize (phase=<none>) with current time: 2012 10 24  8  0  0   0
20260505 044720.046 INFO             PET1     ESMX_Driver: IInitRealize extro.
20260505 044720.046 INFO             PET1     <<<ESMX_Driver: leaving Initialize (phase=<none>) with current time: 2012 10 24  8  0  0   0
20260505 044720.046 INFO             PET1   ESMX_Driver: InitializeIPDv02p3 extro.
20260505 044720.046 INFO             PET1   ESMX_Driver: InitializeIPDv02p5 intro.
20260505 044720.046 INFO             PET1     >>>ESMX_Driver: entered Initialize (phase=<none>) with current time: 2012 10 24  8  0  0   0
20260505 044720.046 INFO             PET1     ESMX_Driver: InitializeIPDv02p5Data intro.
20260505 044720.047 INFO             PET1       >>>ESMX_Driver: entered Initialize (phase=<none>) with current time: 2012 10 24  8  0  0   0
20260505 044720.047 INFO             PET1       ESMX_Driver: InternalInitializeComplete intro.
20260505 044720.047 INFO             PET1         >>>ESMX_Driver: entered Initialize (phase=<none>) with current time: 2012 10 24  8  0  0   0
20260505 044720.047 INFO             PET1         <<<ESMX_Driver: leaving Initialize (phase=<none>) with current time: 2012 10 24  8  0  0   0
20260505 044720.047 INFO             PET1       ESMX_Driver: InternalInitializeComplete extro.
20260505 044720.047 INFO             PET1       ESMX_Driver: loopDataDependentInitialize intro.
20260505 044720.047 INFO             PET1         >>>ESMX_Driver: entered Initialize (phase=<none>) with current time: 2012 10 24  8  0  0   0
20260505 044720.048 INFO             PET1         <<<ESMX_Driver: leaving Initialize (phase=<none>) with current time: 2012 10 24  8  0  0   0
20260505 044720.048 INFO             PET1       ESMX_Driver: loopDataDependentInitialize extro.
20260505 044720.048 INFO             PET1       <<<ESMX_Driver: leaving Initialize (phase=<none>) with current time: 2012 10 24  8  0  0   0
20260505 044720.048 INFO             PET1     ESMX_Driver: InitializeIPDv02p5Data extro.
20260505 044720.048 INFO             PET1     <<<ESMX_Driver: leaving Initialize (phase=<none>) with current time: 2012 10 24  8  0  0   0
20260505 044720.048 INFO             PET1   ESMX_Driver: InitializeIPDv02p5 extro.
20260505 044720.048 INFO             PET1   <<<ESMX_Driver: leaving Initialize (phase=<none>) with current time: 2012 10 24  8  0  0   0
20260505 044720.048 INFO             PET1 ESMX_Driver: InitializeGeneric extro.
20260505 044720.048 INFO             PET1 ESMX_Driver: Run intro.
20260505 044720.048 INFO             PET1   >>>ESMX_Driver: entered Run (phase=RunPhase1) with current time: 2012 10 24  8  0  0   0
20260505 044720.048 INFO             PET1   <<<ESMX_Driver: leaving Run (phase=RunPhase1) with current time: 2012 10 24  8  0  0   0
20260505 044720.048 INFO             PET1 ESMX_Driver: Run extro.
20260505 044720.048 INFO             PET1 ESMX_Driver: Finalize intro.
20260505 044720.049 INFO             PET1   >>>ESMX_Driver: entered Finalize (phase=FinalizePhase1) with current time: 2012 10 24  8  0  0   0
20260505 044720.049 INFO             PET1   <<<ESMX_Driver: leaving Finalize (phase=FinalizePhase1) with current time: 2012 10 24  8  0  0   0
20260505 044720.049 INFO             PET1 ESMX_Driver: Finalize extro.
20260505 044720.049 INFO             PET1 =============================================
20260505 044720.049 INFO             PET1 ESMX (Earth System Model eXecutable) FINISHED
20260505 044720.049 INFO             PET1 =============================================
20260505 044720.049 INFO             PET1  Finalizing ESMF
20260505 044720.011 INFO             PET2 !!!!!!!!!!!!!!!!!!!!!!!!!!!!!!!!!!!!!!!!!!!!!!!!!!!!!!
20260505 044720.011 INFO             PET2 !!! THE ESMF_LOG IS SET TO OUTPUT ALL LOG MESSAGES !!!
20260505 044720.011 INFO             PET2 !!!     THIS MAY CAUSE SLOWDOWN IN PERFORMANCE     !!!
20260505 044720.011 INFO             PET2 !!! FOR PRODUCTION RUNS, USE:                      !!!
20260505 044720.011 INFO             PET2 !!!                   ESMF_LOGKIND_Multi_On_Error  !!!
20260505 044720.011 INFO             PET2 !!!!!!!!!!!!!!!!!!!!!!!!!!!!!!!!!!!!!!!!!!!!!!!!!!!!!!
20260505 044720.011 INFO             PET2 Running with ESMF Version   : develop+g0ae3009ebf
20260505 044720.011 INFO             PET2 ESMF library build date/time: "May  5 2026" "04:06:19"
20260505 044720.011 INFO             PET2 ESMF library build location : /tmp/gfortran_12.3.0_mpi_g_develop/esmf
20260505 044720.011 INFO             PET2 ESMF_COMM                   : mpi
20260505 044720.011 INFO             PET2 ESMF_MOAB                   : enabled
20260505 044720.011 INFO             PET2 ESMF_LAPACK                 : enabled
20260505 044720.011 INFO             PET2 ESMF_NETCDF                 : enabled
20260505 044720.011 INFO             PET2 ESMF_PNETCDF                : disabled
20260505 044720.011 INFO             PET2 ESMF_PIO                    : enabled
20260505 044720.011 INFO             PET2 ESMF_YAMLCPP                : enabled
20260505 044720.015 INFO             PET2 =============================================
20260505 044720.015 INFO             PET2 ESMX (Earth System Model eXecutable) STARTING
20260505 044720.015 INFO             PET2 =============================================
20260505 044720.029 DEBUG            PET2 Generic SetVM() is executing for: ESMX_Driver
20260505 044720.029 DEBUG            PET2 Generic SetVM() found no NUOPC Hint for: ESMX_Driver
20260505 044720.029 DEBUG            PET2 Generic SetVM() therefore is NOT calling ESMF_GridCompSetVMMaxPEs() for: ESMX_Driver
20260505 044720.037 INFO             PET2 ESMX_Driver: InitializeGeneric intro.
20260505 044720.037 INFO             PET2   >>>ESMX_Driver: entered Initialize (phase=<none>) without valid internal Clock.
20260505 044720.037 INFO             PET2   ESMX_Driver: InitializeP0 intro.
20260505 044720.037 INFO             PET2     >>>ESMX_Driver: entered Initialize (phase=<none>) without valid internal Clock.
20260505 044720.037 INFO             PET2     <<<ESMX_Driver: leaving Initialize (phase=<none>) without valid internal Clock.
20260505 044720.037 INFO             PET2   ESMX_Driver: InitializeP0 extro.
20260505 044720.038 INFO             PET2   ESMX_Driver: InitializeIPDv02p1 intro.
20260505 044720.038 INFO             PET2     >>>ESMX_Driver: entered Initialize (phase=<none>) without valid internal Clock.
20260505 044720.043 INFO             PET2     ESMX_Driver: IInitAdvertise intro.
20260505 044720.043 INFO             PET2       >>>ESMX_Driver: entered Initialize (phase=<none>) with current time: 2012 10 24  8  0  0   0
20260505 044720.043 INFO             PET2       <<<ESMX_Driver: leaving Initialize (phase=<none>) with current time: 2012 10 24  8  0  0   0
20260505 044720.043 INFO             PET2     ESMX_Driver: IInitAdvertise extro.
20260505 044720.044 INFO             PET2     ESMX_Driver: IInitAdvertiseFinish intro.
20260505 044720.044 INFO             PET2       >>>ESMX_Driver: entered Initialize (phase=<none>) with current time: 2012 10 24  8  0  0   0
20260505 044720.044 INFO             PET2       <<<ESMX_Driver: leaving Initialize (phase=<none>) with current time: 2012 10 24  8  0  0   0
20260505 044720.044 INFO             PET2     ESMX_Driver: IInitAdvertiseFinish extro.
20260505 044720.044 INFO             PET2     ESMX_Driver: IInitModifyCplLists intro.
20260505 044720.044 INFO             PET2       >>>ESMX_Driver: entered Initialize (phase=<none>) with current time: 2012 10 24  8  0  0   0
20260505 044720.044 INFO             PET2       <<<ESMX_Driver: leaving Initialize (phase=<none>) with current time: 2012 10 24  8  0  0   0
20260505 044720.044 INFO             PET2     ESMX_Driver: IInitModifyCplLists extro.
20260505 044720.045 INFO             PET2     <<<ESMX_Driver: leaving Initialize (phase=<none>) with current time: 2012 10 24  8  0  0   0
20260505 044720.045 INFO             PET2   ESMX_Driver: InitializeIPDv02p1 extro.
20260505 044720.045 INFO             PET2   ESMX_Driver: InitializeIPDv02p3 intro.
20260505 044720.045 INFO             PET2     >>>ESMX_Driver: entered Initialize (phase=<none>) with current time: 2012 10 24  8  0  0   0
20260505 044720.045 INFO             PET2     ESMX_Driver: IInitCheck intro.
20260505 044720.045 INFO             PET2       >>>ESMX_Driver: entered Initialize (phase=<none>) with current time: 2012 10 24  8  0  0   0
20260505 044720.045 INFO             PET2       <<<ESMX_Driver: leaving Initialize (phase=<none>) with current time: 2012 10 24  8  0  0   0
20260505 044720.045 INFO             PET2     ESMX_Driver: IInitCheck extro.
20260505 044720.046 INFO             PET2     ESMX_Driver: IInitRealize intro.
20260505 044720.046 INFO             PET2       >>>ESMX_Driver: entered Initialize (phase=<none>) with current time: 2012 10 24  8  0  0   0
20260505 044720.046 INFO             PET2       <<<ESMX_Driver: leaving Initialize (phase=<none>) with current time: 2012 10 24  8  0  0   0
20260505 044720.046 INFO             PET2     ESMX_Driver: IInitRealize extro.
20260505 044720.046 INFO             PET2     <<<ESMX_Driver: leaving Initialize (phase=<none>) with current time: 2012 10 24  8  0  0   0
20260505 044720.046 INFO             PET2   ESMX_Driver: InitializeIPDv02p3 extro.
20260505 044720.046 INFO             PET2   ESMX_Driver: InitializeIPDv02p5 intro.
20260505 044720.046 INFO             PET2     >>>ESMX_Driver: entered Initialize (phase=<none>) with current time: 2012 10 24  8  0  0   0
20260505 044720.046 INFO             PET2     ESMX_Driver: InitializeIPDv02p5Data intro.
20260505 044720.047 INFO             PET2       >>>ESMX_Driver: entered Initialize (phase=<none>) with current time: 2012 10 24  8  0  0   0
20260505 044720.047 INFO             PET2       ESMX_Driver: InternalInitializeComplete intro.
20260505 044720.047 INFO             PET2         >>>ESMX_Driver: entered Initialize (phase=<none>) with current time: 2012 10 24  8  0  0   0
20260505 044720.047 INFO             PET2         <<<ESMX_Driver: leaving Initialize (phase=<none>) with current time: 2012 10 24  8  0  0   0
20260505 044720.047 INFO             PET2       ESMX_Driver: InternalInitializeComplete extro.
20260505 044720.047 INFO             PET2       ESMX_Driver: loopDataDependentInitialize intro.
20260505 044720.047 INFO             PET2         >>>ESMX_Driver: entered Initialize (phase=<none>) with current time: 2012 10 24  8  0  0   0
20260505 044720.048 INFO             PET2         <<<ESMX_Driver: leaving Initialize (phase=<none>) with current time: 2012 10 24  8  0  0   0
20260505 044720.048 INFO             PET2       ESMX_Driver: loopDataDependentInitialize extro.
20260505 044720.048 INFO             PET2       <<<ESMX_Driver: leaving Initialize (phase=<none>) with current time: 2012 10 24  8  0  0   0
20260505 044720.048 INFO             PET2     ESMX_Driver: InitializeIPDv02p5Data extro.
20260505 044720.048 INFO             PET2     <<<ESMX_Driver: leaving Initialize (phase=<none>) with current time: 2012 10 24  8  0  0   0
20260505 044720.048 INFO             PET2   ESMX_Driver: InitializeIPDv02p5 extro.
20260505 044720.048 INFO             PET2   <<<ESMX_Driver: leaving Initialize (phase=<none>) with current time: 2012 10 24  8  0  0   0
20260505 044720.048 INFO             PET2 ESMX_Driver: InitializeGeneric extro.
20260505 044720.048 INFO             PET2 ESMX_Driver: Run intro.
20260505 044720.048 INFO             PET2   >>>ESMX_Driver: entered Run (phase=RunPhase1) with current time: 2012 10 24  8  0  0   0
20260505 044720.048 INFO             PET2   <<<ESMX_Driver: leaving Run (phase=RunPhase1) with current time: 2012 10 24  8  0  0   0
20260505 044720.048 INFO             PET2 ESMX_Driver: Run extro.
20260505 044720.048 INFO             PET2 ESMX_Driver: Finalize intro.
20260505 044720.049 INFO             PET2   >>>ESMX_Driver: entered Finalize (phase=FinalizePhase1) with current time: 2012 10 24  8  0  0   0
20260505 044720.049 INFO             PET2   <<<ESMX_Driver: leaving Finalize (phase=FinalizePhase1) with current time: 2012 10 24  8  0  0   0
20260505 044720.049 INFO             PET2 ESMX_Driver: Finalize extro.
20260505 044720.049 INFO             PET2 =============================================
20260505 044720.049 INFO             PET2 ESMX (Earth System Model eXecutable) FINISHED
20260505 044720.049 INFO             PET2 =============================================
20260505 044720.049 INFO             PET2  Finalizing ESMF
20260505 044720.009 INFO             PET3 !!!!!!!!!!!!!!!!!!!!!!!!!!!!!!!!!!!!!!!!!!!!!!!!!!!!!!
20260505 044720.009 INFO             PET3 !!! THE ESMF_LOG IS SET TO OUTPUT ALL LOG MESSAGES !!!
20260505 044720.009 INFO             PET3 !!!     THIS MAY CAUSE SLOWDOWN IN PERFORMANCE     !!!
20260505 044720.009 INFO             PET3 !!! FOR PRODUCTION RUNS, USE:                      !!!
20260505 044720.009 INFO             PET3 !!!                   ESMF_LOGKIND_Multi_On_Error  !!!
20260505 044720.009 INFO             PET3 !!!!!!!!!!!!!!!!!!!!!!!!!!!!!!!!!!!!!!!!!!!!!!!!!!!!!!
20260505 044720.009 INFO             PET3 Running with ESMF Version   : develop+g0ae3009ebf
20260505 044720.009 INFO             PET3 ESMF library build date/time: "May  5 2026" "04:06:19"
20260505 044720.009 INFO             PET3 ESMF library build location : /tmp/gfortran_12.3.0_mpi_g_develop/esmf
20260505 044720.009 INFO             PET3 ESMF_COMM                   : mpi
20260505 044720.009 INFO             PET3 ESMF_MOAB                   : enabled
20260505 044720.009 INFO             PET3 ESMF_LAPACK                 : enabled
20260505 044720.009 INFO             PET3 ESMF_NETCDF                 : enabled
20260505 044720.009 INFO             PET3 ESMF_PNETCDF                : disabled
20260505 044720.009 INFO             PET3 ESMF_PIO                    : enabled
20260505 044720.009 INFO             PET3 ESMF_YAMLCPP                : enabled
20260505 044720.014 INFO             PET3 =============================================
20260505 044720.014 INFO             PET3 ESMX (Earth System Model eXecutable) STARTING
20260505 044720.014 INFO             PET3 =============================================
20260505 044720.026 DEBUG            PET3 Generic SetVM() is executing for: ESMX_Driver
20260505 044720.027 DEBUG            PET3 Generic SetVM() found no NUOPC Hint for: ESMX_Driver
20260505 044720.027 DEBUG            PET3 Generic SetVM() therefore is NOT calling ESMF_GridCompSetVMMaxPEs() for: ESMX_Driver
20260505 044720.034 INFO             PET3 ESMX_Driver: InitializeGeneric intro.
20260505 044720.034 INFO             PET3   >>>ESMX_Driver: entered Initialize (phase=<none>) without valid internal Clock.
20260505 044720.035 INFO             PET3   ESMX_Driver: InitializeP0 intro.
20260505 044720.035 INFO             PET3     >>>ESMX_Driver: entered Initialize (phase=<none>) without valid internal Clock.
20260505 044720.035 INFO             PET3     <<<ESMX_Driver: leaving Initialize (phase=<none>) without valid internal Clock.
20260505 044720.035 INFO             PET3   ESMX_Driver: InitializeP0 extro.
20260505 044720.035 INFO             PET3   ESMX_Driver: InitializeIPDv02p1 intro.
20260505 044720.035 INFO             PET3     >>>ESMX_Driver: entered Initialize (phase=<none>) without valid internal Clock.
20260505 044720.038 INFO             PET3     ESMX_Driver: IInitAdvertise intro.
20260505 044720.039 INFO             PET3       >>>ESMX_Driver: entered Initialize (phase=<none>) with current time: 2012 10 24  8  0  0   0
20260505 044720.039 INFO             PET3       <<<ESMX_Driver: leaving Initialize (phase=<none>) with current time: 2012 10 24  8  0  0   0
20260505 044720.039 INFO             PET3     ESMX_Driver: IInitAdvertise extro.
20260505 044720.039 INFO             PET3     ESMX_Driver: IInitAdvertiseFinish intro.
20260505 044720.039 INFO             PET3       >>>ESMX_Driver: entered Initialize (phase=<none>) with current time: 2012 10 24  8  0  0   0
20260505 044720.039 INFO             PET3       <<<ESMX_Driver: leaving Initialize (phase=<none>) with current time: 2012 10 24  8  0  0   0
20260505 044720.039 INFO             PET3     ESMX_Driver: IInitAdvertiseFinish extro.
20260505 044720.039 INFO             PET3     ESMX_Driver: IInitModifyCplLists intro.
20260505 044720.039 INFO             PET3       >>>ESMX_Driver: entered Initialize (phase=<none>) with current time: 2012 10 24  8  0  0   0
20260505 044720.039 INFO             PET3       <<<ESMX_Driver: leaving Initialize (phase=<none>) with current time: 2012 10 24  8  0  0   0
20260505 044720.039 INFO             PET3     ESMX_Driver: IInitModifyCplLists extro.
20260505 044720.039 INFO             PET3     <<<ESMX_Driver: leaving Initialize (phase=<none>) with current time: 2012 10 24  8  0  0   0
20260505 044720.039 INFO             PET3   ESMX_Driver: InitializeIPDv02p1 extro.
20260505 044720.039 INFO             PET3   ESMX_Driver: InitializeIPDv02p3 intro.
20260505 044720.040 INFO             PET3     >>>ESMX_Driver: entered Initialize (phase=<none>) with current time: 2012 10 24  8  0  0   0
20260505 044720.040 INFO             PET3     ESMX_Driver: IInitCheck intro.
20260505 044720.040 INFO             PET3       >>>ESMX_Driver: entered Initialize (phase=<none>) with current time: 2012 10 24  8  0  0   0
20260505 044720.040 INFO             PET3       <<<ESMX_Driver: leaving Initialize (phase=<none>) with current time: 2012 10 24  8  0  0   0
20260505 044720.040 INFO             PET3     ESMX_Driver: IInitCheck extro.
20260505 044720.040 INFO             PET3     ESMX_Driver: IInitRealize intro.
20260505 044720.040 INFO             PET3       >>>ESMX_Driver: entered Initialize (phase=<none>) with current time: 2012 10 24  8  0  0   0
20260505 044720.040 INFO             PET3       <<<ESMX_Driver: leaving Initialize (phase=<none>) with current time: 2012 10 24  8  0  0   0
20260505 044720.040 INFO             PET3     ESMX_Driver: IInitRealize extro.
20260505 044720.040 INFO             PET3     <<<ESMX_Driver: leaving Initialize (phase=<none>) with current time: 2012 10 24  8  0  0   0
20260505 044720.040 INFO             PET3   ESMX_Driver: InitializeIPDv02p3 extro.
20260505 044720.040 INFO             PET3   ESMX_Driver: InitializeIPDv02p5 intro.
20260505 044720.040 INFO             PET3     >>>ESMX_Driver: entered Initialize (phase=<none>) with current time: 2012 10 24  8  0  0   0
20260505 044720.040 INFO             PET3     ESMX_Driver: InitializeIPDv02p5Data intro.
20260505 044720.040 INFO             PET3       >>>ESMX_Driver: entered Initialize (phase=<none>) with current time: 2012 10 24  8  0  0   0
20260505 044720.041 INFO             PET3       ESMX_Driver: InternalInitializeComplete intro.
20260505 044720.041 INFO             PET3         >>>ESMX_Driver: entered Initialize (phase=<none>) with current time: 2012 10 24  8  0  0   0
20260505 044720.041 INFO             PET3         <<<ESMX_Driver: leaving Initialize (phase=<none>) with current time: 2012 10 24  8  0  0   0
20260505 044720.041 INFO             PET3       ESMX_Driver: InternalInitializeComplete extro.
20260505 044720.047 INFO             PET3       ESMX_Driver: loopDataDependentInitialize intro.
20260505 044720.047 INFO             PET3         >>>ESMX_Driver: entered Initialize (phase=<none>) with current time: 2012 10 24  8  0  0   0
20260505 044720.048 INFO             PET3         <<<ESMX_Driver: leaving Initialize (phase=<none>) with current time: 2012 10 24  8  0  0   0
20260505 044720.048 INFO             PET3       ESMX_Driver: loopDataDependentInitialize extro.
20260505 044720.048 INFO             PET3       <<<ESMX_Driver: leaving Initialize (phase=<none>) with current time: 2012 10 24  8  0  0   0
20260505 044720.048 INFO             PET3     ESMX_Driver: InitializeIPDv02p5Data extro.
20260505 044720.048 INFO             PET3     <<<ESMX_Driver: leaving Initialize (phase=<none>) with current time: 2012 10 24  8  0  0   0
20260505 044720.048 INFO             PET3   ESMX_Driver: InitializeIPDv02p5 extro.
20260505 044720.048 INFO             PET3   <<<ESMX_Driver: leaving Initialize (phase=<none>) with current time: 2012 10 24  8  0  0   0
20260505 044720.048 INFO             PET3 ESMX_Driver: InitializeGeneric extro.
20260505 044720.048 INFO             PET3 ESMX_Driver: Run intro.
20260505 044720.048 INFO             PET3   >>>ESMX_Driver: entered Run (phase=RunPhase1) with current time: 2012 10 24  8  0  0   0
20260505 044720.048 INFO             PET3   <<<ESMX_Driver: leaving Run (phase=RunPhase1) with current time: 2012 10 24  8  0  0   0
20260505 044720.048 INFO             PET3 ESMX_Driver: Run extro.
20260505 044720.048 INFO             PET3 ESMX_Driver: Finalize intro.
20260505 044720.048 INFO             PET3   >>>ESMX_Driver: entered Finalize (phase=FinalizePhase1) with current time: 2012 10 24  8  0  0   0
20260505 044720.048 INFO             PET3   <<<ESMX_Driver: leaving Finalize (phase=FinalizePhase1) with current time: 2012 10 24  8  0  0   0
20260505 044720.048 INFO             PET3 ESMX_Driver: Finalize extro.
20260505 044720.048 INFO             PET3 =============================================
20260505 044720.048 INFO             PET3 ESMX (Earth System Model eXecutable) FINISHED
20260505 044720.048 INFO             PET3 =============================================
20260505 044720.048 INFO             PET3  Finalizing ESMF
