2026-06-18 03:46:48
20260618 042617.986 INFO             PET0 !!!!!!!!!!!!!!!!!!!!!!!!!!!!!!!!!!!!!!!!!!!!!!!!!!!!!!
20260618 042617.986 INFO             PET0 !!! THE ESMF_LOG IS SET TO OUTPUT ALL LOG MESSAGES !!!
20260618 042617.986 INFO             PET0 !!!     THIS MAY CAUSE SLOWDOWN IN PERFORMANCE     !!!
20260618 042617.986 INFO             PET0 !!! FOR PRODUCTION RUNS, USE:                      !!!
20260618 042617.986 INFO             PET0 !!!                   ESMF_LOGKIND_Multi_On_Error  !!!
20260618 042617.986 INFO             PET0 !!!!!!!!!!!!!!!!!!!!!!!!!!!!!!!!!!!!!!!!!!!!!!!!!!!!!!
20260618 042617.986 INFO             PET0 Running with ESMF Version   : develop+g1c84b61425
20260618 042617.986 INFO             PET0 ESMF library build date/time: "Jun 18 2026" "03:45:19"
20260618 042617.986 INFO             PET0 ESMF library build location : /tmp/gfortran_12.3.0_mpi_g_develop/esmf
20260618 042617.986 INFO             PET0 ESMF_COMM                   : mpi
20260618 042617.986 INFO             PET0 ESMF_MOAB                   : enabled
20260618 042617.986 INFO             PET0 ESMF_LAPACK                 : enabled
20260618 042617.986 INFO             PET0 ESMF_NETCDF                 : enabled
20260618 042617.986 INFO             PET0 ESMF_PNETCDF                : disabled
20260618 042617.986 INFO             PET0 ESMF_PIO                    : enabled
20260618 042617.986 INFO             PET0 ESMF_YAMLCPP                : enabled
20260618 042617.988 INFO             PET0 =============================================
20260618 042617.988 INFO             PET0 ESMX (Earth System Model eXecutable) STARTING
20260618 042617.988 INFO             PET0 =============================================
20260618 042617.993 DEBUG            PET0 Generic SetVM() is executing for: ESMX_Driver
20260618 042617.994 DEBUG            PET0 Generic SetVM() found no NUOPC Hint for: ESMX_Driver
20260618 042617.994 DEBUG            PET0 Generic SetVM() therefore is NOT calling ESMF_GridCompSetVMMaxPEs() for: ESMX_Driver
20260618 042618.003 INFO             PET0 =============================================
20260618 042618.003 INFO             PET0 ESMX (Earth System Model eXecutable) FINISHED
20260618 042618.003 INFO             PET0 =============================================
20260618 042618.003 INFO             PET0  Finalizing ESMF
20260618 042617.986 INFO             PET1 !!!!!!!!!!!!!!!!!!!!!!!!!!!!!!!!!!!!!!!!!!!!!!!!!!!!!!
20260618 042617.986 INFO             PET1 !!! THE ESMF_LOG IS SET TO OUTPUT ALL LOG MESSAGES !!!
20260618 042617.986 INFO             PET1 !!!     THIS MAY CAUSE SLOWDOWN IN PERFORMANCE     !!!
20260618 042617.986 INFO             PET1 !!! FOR PRODUCTION RUNS, USE:                      !!!
20260618 042617.986 INFO             PET1 !!!                   ESMF_LOGKIND_Multi_On_Error  !!!
20260618 042617.986 INFO             PET1 !!!!!!!!!!!!!!!!!!!!!!!!!!!!!!!!!!!!!!!!!!!!!!!!!!!!!!
20260618 042617.986 INFO             PET1 Running with ESMF Version   : develop+g1c84b61425
20260618 042617.986 INFO             PET1 ESMF library build date/time: "Jun 18 2026" "03:45:19"
20260618 042617.986 INFO             PET1 ESMF library build location : /tmp/gfortran_12.3.0_mpi_g_develop/esmf
20260618 042617.986 INFO             PET1 ESMF_COMM                   : mpi
20260618 042617.986 INFO             PET1 ESMF_MOAB                   : enabled
20260618 042617.986 INFO             PET1 ESMF_LAPACK                 : enabled
20260618 042617.986 INFO             PET1 ESMF_NETCDF                 : enabled
20260618 042617.986 INFO             PET1 ESMF_PNETCDF                : disabled
20260618 042617.986 INFO             PET1 ESMF_PIO                    : enabled
20260618 042617.986 INFO             PET1 ESMF_YAMLCPP                : enabled
20260618 042617.988 INFO             PET1 =============================================
20260618 042617.988 INFO             PET1 ESMX (Earth System Model eXecutable) STARTING
20260618 042617.988 INFO             PET1 =============================================
20260618 042617.993 DEBUG            PET1 Generic SetVM() is executing for: ESMX_Driver
20260618 042617.994 DEBUG            PET1 Generic SetVM() found no NUOPC Hint for: ESMX_Driver
20260618 042617.994 DEBUG            PET1 Generic SetVM() therefore is NOT calling ESMF_GridCompSetVMMaxPEs() for: ESMX_Driver
20260618 042618.003 INFO             PET1 =============================================
20260618 042618.003 INFO             PET1 ESMX (Earth System Model eXecutable) FINISHED
20260618 042618.003 INFO             PET1 =============================================
20260618 042618.003 INFO             PET1  Finalizing ESMF
20260618 042617.986 INFO             PET2 !!!!!!!!!!!!!!!!!!!!!!!!!!!!!!!!!!!!!!!!!!!!!!!!!!!!!!
20260618 042617.986 INFO             PET2 !!! THE ESMF_LOG IS SET TO OUTPUT ALL LOG MESSAGES !!!
20260618 042617.986 INFO             PET2 !!!     THIS MAY CAUSE SLOWDOWN IN PERFORMANCE     !!!
20260618 042617.986 INFO             PET2 !!! FOR PRODUCTION RUNS, USE:                      !!!
20260618 042617.986 INFO             PET2 !!!                   ESMF_LOGKIND_Multi_On_Error  !!!
20260618 042617.986 INFO             PET2 !!!!!!!!!!!!!!!!!!!!!!!!!!!!!!!!!!!!!!!!!!!!!!!!!!!!!!
20260618 042617.986 INFO             PET2 Running with ESMF Version   : develop+g1c84b61425
20260618 042617.986 INFO             PET2 ESMF library build date/time: "Jun 18 2026" "03:45:19"
20260618 042617.986 INFO             PET2 ESMF library build location : /tmp/gfortran_12.3.0_mpi_g_develop/esmf
20260618 042617.986 INFO             PET2 ESMF_COMM                   : mpi
20260618 042617.986 INFO             PET2 ESMF_MOAB                   : enabled
20260618 042617.986 INFO             PET2 ESMF_LAPACK                 : enabled
20260618 042617.986 INFO             PET2 ESMF_NETCDF                 : enabled
20260618 042617.986 INFO             PET2 ESMF_PNETCDF                : disabled
20260618 042617.986 INFO             PET2 ESMF_PIO                    : enabled
20260618 042617.986 INFO             PET2 ESMF_YAMLCPP                : enabled
20260618 042617.988 INFO             PET2 =============================================
20260618 042617.988 INFO             PET2 ESMX (Earth System Model eXecutable) STARTING
20260618 042617.988 INFO             PET2 =============================================
20260618 042617.993 DEBUG            PET2 Generic SetVM() is executing for: ESMX_Driver
20260618 042617.994 DEBUG            PET2 Generic SetVM() found no NUOPC Hint for: ESMX_Driver
20260618 042617.994 DEBUG            PET2 Generic SetVM() therefore is NOT calling ESMF_GridCompSetVMMaxPEs() for: ESMX_Driver
20260618 042618.003 INFO             PET2 =============================================
20260618 042618.003 INFO             PET2 ESMX (Earth System Model eXecutable) FINISHED
20260618 042618.003 INFO             PET2 =============================================
20260618 042618.003 INFO             PET2  Finalizing ESMF
20260618 042617.986 INFO             PET3 !!!!!!!!!!!!!!!!!!!!!!!!!!!!!!!!!!!!!!!!!!!!!!!!!!!!!!
20260618 042617.986 INFO             PET3 !!! THE ESMF_LOG IS SET TO OUTPUT ALL LOG MESSAGES !!!
20260618 042617.986 INFO             PET3 !!!     THIS MAY CAUSE SLOWDOWN IN PERFORMANCE     !!!
20260618 042617.986 INFO             PET3 !!! FOR PRODUCTION RUNS, USE:                      !!!
20260618 042617.986 INFO             PET3 !!!                   ESMF_LOGKIND_Multi_On_Error  !!!
20260618 042617.986 INFO             PET3 !!!!!!!!!!!!!!!!!!!!!!!!!!!!!!!!!!!!!!!!!!!!!!!!!!!!!!
20260618 042617.986 INFO             PET3 Running with ESMF Version   : develop+g1c84b61425
20260618 042617.986 INFO             PET3 ESMF library build date/time: "Jun 18 2026" "03:45:19"
20260618 042617.986 INFO             PET3 ESMF library build location : /tmp/gfortran_12.3.0_mpi_g_develop/esmf
20260618 042617.986 INFO             PET3 ESMF_COMM                   : mpi
20260618 042617.986 INFO             PET3 ESMF_MOAB                   : enabled
20260618 042617.986 INFO             PET3 ESMF_LAPACK                 : enabled
20260618 042617.986 INFO             PET3 ESMF_NETCDF                 : enabled
20260618 042617.986 INFO             PET3 ESMF_PNETCDF                : disabled
20260618 042617.986 INFO             PET3 ESMF_PIO                    : enabled
20260618 042617.986 INFO             PET3 ESMF_YAMLCPP                : enabled
20260618 042617.988 INFO             PET3 =============================================
20260618 042617.988 INFO             PET3 ESMX (Earth System Model eXecutable) STARTING
20260618 042617.988 INFO             PET3 =============================================
20260618 042617.993 DEBUG            PET3 Generic SetVM() is executing for: ESMX_Driver
20260618 042617.994 DEBUG            PET3 Generic SetVM() found no NUOPC Hint for: ESMX_Driver
20260618 042617.994 DEBUG            PET3 Generic SetVM() therefore is NOT calling ESMF_GridCompSetVMMaxPEs() for: ESMX_Driver
20260618 042618.003 INFO             PET3 =============================================
20260618 042618.003 INFO             PET3 ESMX (Earth System Model eXecutable) FINISHED
20260618 042618.003 INFO             PET3 =============================================
20260618 042618.003 INFO             PET3  Finalizing ESMF
