2026-06-13 18:45:37
20260613 191621.518 INFO             PET0 !!!!!!!!!!!!!!!!!!!!!!!!!!!!!!!!!!!!!!!!!!!!!!!!!!!!!!
20260613 191621.518 INFO             PET0 !!! THE ESMF_LOG IS SET TO OUTPUT ALL LOG MESSAGES !!!
20260613 191621.518 INFO             PET0 !!!     THIS MAY CAUSE SLOWDOWN IN PERFORMANCE     !!!
20260613 191621.518 INFO             PET0 !!! FOR PRODUCTION RUNS, USE:                      !!!
20260613 191621.518 INFO             PET0 !!!                   ESMF_LOGKIND_Multi_On_Error  !!!
20260613 191621.518 INFO             PET0 !!!!!!!!!!!!!!!!!!!!!!!!!!!!!!!!!!!!!!!!!!!!!!!!!!!!!!
20260613 191621.518 INFO             PET0 Running with ESMF Version   : v9.0.0b15
20260613 191621.518 INFO             PET0 ESMF library build date/time: "Jun 13 2026" "18:43:34"
20260613 191621.518 INFO             PET0 ESMF library build location : /home/gerhard/ESMF-Nightly-Testing/aocc_5.1.0_mpiuni_O_develop/esmf
20260613 191621.518 INFO             PET0 ESMF_COMM                   : mpiuni
20260613 191621.518 INFO             PET0 ESMF_MOAB                   : enabled
20260613 191621.518 INFO             PET0 ESMF_LAPACK                 : enabled
20260613 191621.518 INFO             PET0 ESMF_NETCDF                 : disabled
20260613 191621.518 INFO             PET0 ESMF_PNETCDF                : disabled
20260613 191621.518 INFO             PET0 ESMF_PIO                    : disabled
20260613 191621.518 INFO             PET0 ESMF_YAMLCPP                : enabled
20260613 191621.519 INFO             PET0  NUMBER_OF_PROCESSORS            1
20260613 191621.519 INFO             PET0  PASS  Example ESMF_VMUserMpiCommMultiEx, ESMF_VMUserMpiCommMultiEx.F90, line 126
20260613 191621.519 INFO             PET0  Finalizing ESMF with endflag==ESMF_END_KEEPMPI
