2026-08-25 22:22:58
20260825 225348.509 INFO             PET0 !!!!!!!!!!!!!!!!!!!!!!!!!!!!!!!!!!!!!!!!!!!!!!!!!!!!!!
20260825 225348.509 INFO             PET0 !!! THE ESMF_LOG IS SET TO OUTPUT ALL LOG MESSAGES !!!
20260825 225348.509 INFO             PET0 !!!     THIS MAY CAUSE SLOWDOWN IN PERFORMANCE     !!!
20260825 225348.509 INFO             PET0 !!! FOR PRODUCTION RUNS, USE:                      !!!
20260825 225348.509 INFO             PET0 !!!                   ESMF_LOGKIND_Multi_On_Error  !!!
20260825 225348.509 INFO             PET0 !!!!!!!!!!!!!!!!!!!!!!!!!!!!!!!!!!!!!!!!!!!!!!!!!!!!!!
20260825 225348.509 INFO             PET0 Running with ESMF Version   : develop+g1082792c4b
20260825 225348.509 INFO             PET0 ESMF library build date/time: "Aug 25 2026" "22:20:54"
20260825 225348.509 INFO             PET0 ESMF library build location : /home/gerhard/ESMF-Nightly-Testing/aocc_5.1.0_mpiuni_O_develop/esmf
20260825 225348.509 INFO             PET0 ESMF_COMM                   : mpiuni
20260825 225348.509 INFO             PET0 ESMF_MOAB                   : enabled
20260825 225348.509 INFO             PET0 ESMF_LAPACK                 : enabled
20260825 225348.509 INFO             PET0 ESMF_NETCDF                 : disabled
20260825 225348.509 INFO             PET0 ESMF_PNETCDF                : disabled
20260825 225348.509 INFO             PET0 ESMF_PIO                    : disabled
20260825 225348.509 INFO             PET0 ESMF_YAMLCPP                : enabled
20260825 225348.510 INFO             PET0  NUMBER_OF_PROCESSORS            1
20260825 225348.510 INFO             PET0  PASS  Example ESMF_VMScatterVMGatherEx, ESMF_VMScatterVMGatherEx.F90, line 120
20260825 225348.510 INFO             PET0  Finalizing ESMF
