2026-05-27 21:22:13
20260527 225516.556 INFO             PET0 !!!!!!!!!!!!!!!!!!!!!!!!!!!!!!!!!!!!!!!!!!!!!!!!!!!!!!
20260527 225516.556 INFO             PET0 !!! THE ESMF_LOG IS SET TO OUTPUT ALL LOG MESSAGES !!!
20260527 225516.556 INFO             PET0 !!!     THIS MAY CAUSE SLOWDOWN IN PERFORMANCE     !!!
20260527 225516.556 INFO             PET0 !!! FOR PRODUCTION RUNS, USE:                      !!!
20260527 225516.556 INFO             PET0 !!!                   ESMF_LOGKIND_Multi_On_Error  !!!
20260527 225516.556 INFO             PET0 !!!!!!!!!!!!!!!!!!!!!!!!!!!!!!!!!!!!!!!!!!!!!!!!!!!!!!
20260527 225516.556 INFO             PET0 Running with ESMF Version   : v9.0.0b14
20260527 225516.556 INFO             PET0 ESMF library build date/time: "May 27 2026" "21:19:45"
20260527 225516.556 INFO             PET0 ESMF library build location : /home/gerhard/ESMF-Nightly-Testing/aocc_5.1.0_mpiuni_O_develop/esmf
20260527 225516.556 INFO             PET0 ESMF_COMM                   : mpiuni
20260527 225516.556 INFO             PET0 ESMF_MOAB                   : enabled
20260527 225516.556 INFO             PET0 ESMF_LAPACK                 : enabled
20260527 225516.556 INFO             PET0 ESMF_NETCDF                 : disabled
20260527 225516.556 INFO             PET0 ESMF_PNETCDF                : disabled
20260527 225516.556 INFO             PET0 ESMF_PIO                    : disabled
20260527 225516.556 INFO             PET0 ESMF_YAMLCPP                : enabled
20260527 225516.683 INFO             PET0  NUMBER_OF_PROCESSORS            1
20260527 225516.683 INFO             PET0  PASS  Example ESMF_GridUsageEx, ESMF_GridUsageEx.F90, line 3470
20260527 225516.683 INFO             PET0  Finalizing ESMF
