2026-06-12 18:43:30
20260612 191718.926 INFO             PET0 !!!!!!!!!!!!!!!!!!!!!!!!!!!!!!!!!!!!!!!!!!!!!!!!!!!!!!
20260612 191718.926 INFO             PET0 !!! THE ESMF_LOG IS SET TO OUTPUT ALL LOG MESSAGES !!!
20260612 191718.926 INFO             PET0 !!!     THIS MAY CAUSE SLOWDOWN IN PERFORMANCE     !!!
20260612 191718.926 INFO             PET0 !!! FOR PRODUCTION RUNS, USE:                      !!!
20260612 191718.926 INFO             PET0 !!!                   ESMF_LOGKIND_Multi_On_Error  !!!
20260612 191718.926 INFO             PET0 !!!!!!!!!!!!!!!!!!!!!!!!!!!!!!!!!!!!!!!!!!!!!!!!!!!!!!
20260612 191718.926 INFO             PET0 Running with ESMF Version   : develop+g9f36e8ab68
20260612 191718.926 INFO             PET0 ESMF library build date/time: "Jun 12 2026" "18:41:28"
20260612 191718.926 INFO             PET0 ESMF library build location : /home/gerhard/ESMF-Nightly-Testing/aocc_5.1.0_mpiuni_O_develop/esmf
20260612 191718.926 INFO             PET0 ESMF_COMM                   : mpiuni
20260612 191718.926 INFO             PET0 ESMF_MOAB                   : enabled
20260612 191718.926 INFO             PET0 ESMF_LAPACK                 : enabled
20260612 191718.926 INFO             PET0 ESMF_NETCDF                 : disabled
20260612 191718.926 INFO             PET0 ESMF_PNETCDF                : disabled
20260612 191718.926 INFO             PET0 ESMF_PIO                    : disabled
20260612 191718.926 INFO             PET0 ESMF_YAMLCPP                : enabled
20260612 191718.926 INFO             PET0 ESMF Tracing Enabled
20260612 191718.926 INFO             PET0 ESMF Profiling Enabled
20260612 191718.926 INFO             PET0 ESMF Trace/Profile clock: REALTIME
20260612 191718.926 INFO             PET0  NUMBER_OF_PROCESSORS            1
20260612 191718.926 INFO             PET0  PASS  Example ESMF_TraceUserEx, ESMF_TraceUserEx.F90, line 125
20260612 191718.926 INFO             PET0  Finalizing ESMF
20260612 191718.926 INFO             PET0 **************** Region Timings *******************
20260612 191718.926 INFO             PET0 Region                Count  Total (s)   Self (s)    Mean (s)    Min (s)     Max (s)
20260612 191718.926 INFO             PET0   [ESMF]              1      0.0001      0.0001      0.0001      0.0001      0.0001
20260612 191718.926 INFO             PET0     outer_region      1      0.0000      0.0000      0.0000      0.0000      0.0000
20260612 191718.926 INFO             PET0       inner_region_1  10     0.0000      0.0000      0.0000      0.0000      0.0000
20260612 191718.926 INFO             PET0       inner_region_2  10     0.0000      0.0000      0.0000      0.0000      0.0000
