2026-08-26 01:38:24
20260826 020712.717 INFO             PET0 !!!!!!!!!!!!!!!!!!!!!!!!!!!!!!!!!!!!!!!!!!!!!!!!!!!!!!
20260826 020712.717 INFO             PET0 !!! THE ESMF_LOG IS SET TO OUTPUT ALL LOG MESSAGES !!!
20260826 020712.717 INFO             PET0 !!!     THIS MAY CAUSE SLOWDOWN IN PERFORMANCE     !!!
20260826 020712.717 INFO             PET0 !!! FOR PRODUCTION RUNS, USE:                      !!!
20260826 020712.717 INFO             PET0 !!!                   ESMF_LOGKIND_Multi_On_Error  !!!
20260826 020712.717 INFO             PET0 !!!!!!!!!!!!!!!!!!!!!!!!!!!!!!!!!!!!!!!!!!!!!!!!!!!!!!
20260826 020712.717 INFO             PET0 Running with ESMF Version   : develop+g1082792c4b
20260826 020712.717 INFO             PET0 ESMF library build date/time: "Aug 26 2026" "01:37:10"
20260826 020712.717 INFO             PET0 ESMF library build location : /home/gerhard/ESMF-Nightly-Testing/gfortran_7.4.0_mpich_g_develop/esmf
20260826 020712.717 INFO             PET0 ESMF_COMM                   : mpich
20260826 020712.717 INFO             PET0 ESMF_MOAB                   : enabled
20260826 020712.717 INFO             PET0 ESMF_LAPACK                 : enabled
20260826 020712.717 INFO             PET0 ESMF_NETCDF                 : enabled
20260826 020712.717 INFO             PET0 ESMF_PNETCDF                : disabled
20260826 020712.717 INFO             PET0 ESMF_PIO                    : enabled
20260826 020712.717 INFO             PET0 ESMF_YAMLCPP                : enabled
20260826 020712.719 INFO             PET0 =============================================
20260826 020712.719 INFO             PET0 ESMX (Earth System Model eXecutable) STARTING
20260826 020712.719 INFO             PET0 =============================================
20260826 020712.726 DEBUG            PET0 Generic SetVM() is executing for: ESMX_Driver
20260826 020712.726 DEBUG            PET0 Generic SetVM() found no NUOPC Hint for: ESMX_Driver
20260826 020712.726 DEBUG            PET0 Generic SetVM() therefore is NOT calling ESMF_GridCompSetVMMaxPEs() for: ESMX_Driver
20260826 020712.735 INFO             PET0 =============================================
20260826 020712.735 INFO             PET0 ESMX (Earth System Model eXecutable) FINISHED
20260826 020712.735 INFO             PET0 =============================================
20260826 020712.735 INFO             PET0  Finalizing ESMF
20260826 020712.715 INFO             PET1 !!!!!!!!!!!!!!!!!!!!!!!!!!!!!!!!!!!!!!!!!!!!!!!!!!!!!!
20260826 020712.715 INFO             PET1 !!! THE ESMF_LOG IS SET TO OUTPUT ALL LOG MESSAGES !!!
20260826 020712.715 INFO             PET1 !!!     THIS MAY CAUSE SLOWDOWN IN PERFORMANCE     !!!
20260826 020712.715 INFO             PET1 !!! FOR PRODUCTION RUNS, USE:                      !!!
20260826 020712.715 INFO             PET1 !!!                   ESMF_LOGKIND_Multi_On_Error  !!!
20260826 020712.715 INFO             PET1 !!!!!!!!!!!!!!!!!!!!!!!!!!!!!!!!!!!!!!!!!!!!!!!!!!!!!!
20260826 020712.715 INFO             PET1 Running with ESMF Version   : develop+g1082792c4b
20260826 020712.715 INFO             PET1 ESMF library build date/time: "Aug 26 2026" "01:37:10"
20260826 020712.715 INFO             PET1 ESMF library build location : /home/gerhard/ESMF-Nightly-Testing/gfortran_7.4.0_mpich_g_develop/esmf
20260826 020712.715 INFO             PET1 ESMF_COMM                   : mpich
20260826 020712.715 INFO             PET1 ESMF_MOAB                   : enabled
20260826 020712.715 INFO             PET1 ESMF_LAPACK                 : enabled
20260826 020712.715 INFO             PET1 ESMF_NETCDF                 : enabled
20260826 020712.715 INFO             PET1 ESMF_PNETCDF                : disabled
20260826 020712.715 INFO             PET1 ESMF_PIO                    : enabled
20260826 020712.715 INFO             PET1 ESMF_YAMLCPP                : enabled
20260826 020712.719 INFO             PET1 =============================================
20260826 020712.719 INFO             PET1 ESMX (Earth System Model eXecutable) STARTING
20260826 020712.719 INFO             PET1 =============================================
20260826 020712.726 DEBUG            PET1 Generic SetVM() is executing for: ESMX_Driver
20260826 020712.726 DEBUG            PET1 Generic SetVM() found no NUOPC Hint for: ESMX_Driver
20260826 020712.726 DEBUG            PET1 Generic SetVM() therefore is NOT calling ESMF_GridCompSetVMMaxPEs() for: ESMX_Driver
20260826 020712.735 INFO             PET1 =============================================
20260826 020712.735 INFO             PET1 ESMX (Earth System Model eXecutable) FINISHED
20260826 020712.735 INFO             PET1 =============================================
20260826 020712.735 INFO             PET1  Finalizing ESMF
20260826 020712.717 INFO             PET2 !!!!!!!!!!!!!!!!!!!!!!!!!!!!!!!!!!!!!!!!!!!!!!!!!!!!!!
20260826 020712.717 INFO             PET2 !!! THE ESMF_LOG IS SET TO OUTPUT ALL LOG MESSAGES !!!
20260826 020712.717 INFO             PET2 !!!     THIS MAY CAUSE SLOWDOWN IN PERFORMANCE     !!!
20260826 020712.717 INFO             PET2 !!! FOR PRODUCTION RUNS, USE:                      !!!
20260826 020712.717 INFO             PET2 !!!                   ESMF_LOGKIND_Multi_On_Error  !!!
20260826 020712.717 INFO             PET2 !!!!!!!!!!!!!!!!!!!!!!!!!!!!!!!!!!!!!!!!!!!!!!!!!!!!!!
20260826 020712.717 INFO             PET2 Running with ESMF Version   : develop+g1082792c4b
20260826 020712.717 INFO             PET2 ESMF library build date/time: "Aug 26 2026" "01:37:10"
20260826 020712.717 INFO             PET2 ESMF library build location : /home/gerhard/ESMF-Nightly-Testing/gfortran_7.4.0_mpich_g_develop/esmf
20260826 020712.717 INFO             PET2 ESMF_COMM                   : mpich
20260826 020712.717 INFO             PET2 ESMF_MOAB                   : enabled
20260826 020712.717 INFO             PET2 ESMF_LAPACK                 : enabled
20260826 020712.717 INFO             PET2 ESMF_NETCDF                 : enabled
20260826 020712.717 INFO             PET2 ESMF_PNETCDF                : disabled
20260826 020712.717 INFO             PET2 ESMF_PIO                    : enabled
20260826 020712.717 INFO             PET2 ESMF_YAMLCPP                : enabled
20260826 020712.719 INFO             PET2 =============================================
20260826 020712.719 INFO             PET2 ESMX (Earth System Model eXecutable) STARTING
20260826 020712.719 INFO             PET2 =============================================
20260826 020712.726 DEBUG            PET2 Generic SetVM() is executing for: ESMX_Driver
20260826 020712.726 DEBUG            PET2 Generic SetVM() found no NUOPC Hint for: ESMX_Driver
20260826 020712.726 DEBUG            PET2 Generic SetVM() therefore is NOT calling ESMF_GridCompSetVMMaxPEs() for: ESMX_Driver
20260826 020712.735 INFO             PET2 =============================================
20260826 020712.735 INFO             PET2 ESMX (Earth System Model eXecutable) FINISHED
20260826 020712.735 INFO             PET2 =============================================
20260826 020712.735 INFO             PET2  Finalizing ESMF
20260826 020712.717 INFO             PET3 !!!!!!!!!!!!!!!!!!!!!!!!!!!!!!!!!!!!!!!!!!!!!!!!!!!!!!
20260826 020712.717 INFO             PET3 !!! THE ESMF_LOG IS SET TO OUTPUT ALL LOG MESSAGES !!!
20260826 020712.717 INFO             PET3 !!!     THIS MAY CAUSE SLOWDOWN IN PERFORMANCE     !!!
20260826 020712.717 INFO             PET3 !!! FOR PRODUCTION RUNS, USE:                      !!!
20260826 020712.717 INFO             PET3 !!!                   ESMF_LOGKIND_Multi_On_Error  !!!
20260826 020712.717 INFO             PET3 !!!!!!!!!!!!!!!!!!!!!!!!!!!!!!!!!!!!!!!!!!!!!!!!!!!!!!
20260826 020712.717 INFO             PET3 Running with ESMF Version   : develop+g1082792c4b
20260826 020712.717 INFO             PET3 ESMF library build date/time: "Aug 26 2026" "01:37:10"
20260826 020712.717 INFO             PET3 ESMF library build location : /home/gerhard/ESMF-Nightly-Testing/gfortran_7.4.0_mpich_g_develop/esmf
20260826 020712.717 INFO             PET3 ESMF_COMM                   : mpich
20260826 020712.717 INFO             PET3 ESMF_MOAB                   : enabled
20260826 020712.717 INFO             PET3 ESMF_LAPACK                 : enabled
20260826 020712.717 INFO             PET3 ESMF_NETCDF                 : enabled
20260826 020712.717 INFO             PET3 ESMF_PNETCDF                : disabled
20260826 020712.717 INFO             PET3 ESMF_PIO                    : enabled
20260826 020712.717 INFO             PET3 ESMF_YAMLCPP                : enabled
20260826 020712.719 INFO             PET3 =============================================
20260826 020712.719 INFO             PET3 ESMX (Earth System Model eXecutable) STARTING
20260826 020712.719 INFO             PET3 =============================================
20260826 020712.726 DEBUG            PET3 Generic SetVM() is executing for: ESMX_Driver
20260826 020712.726 DEBUG            PET3 Generic SetVM() found no NUOPC Hint for: ESMX_Driver
20260826 020712.726 DEBUG            PET3 Generic SetVM() therefore is NOT calling ESMF_GridCompSetVMMaxPEs() for: ESMX_Driver
20260826 020712.735 INFO             PET3 =============================================
20260826 020712.735 INFO             PET3 ESMX (Earth System Model eXecutable) FINISHED
20260826 020712.735 INFO             PET3 =============================================
20260826 020712.735 INFO             PET3  Finalizing ESMF
