2026-07-03 07:31:48
20260703 083540.261 INFO             PET0 !!!!!!!!!!!!!!!!!!!!!!!!!!!!!!!!!!!!!!!!!!!!!!!!!!!!!!
20260703 083540.261 INFO             PET0 !!! THE ESMF_LOG IS SET TO OUTPUT ALL LOG MESSAGES !!!
20260703 083540.261 INFO             PET0 !!!     THIS MAY CAUSE SLOWDOWN IN PERFORMANCE     !!!
20260703 083540.261 INFO             PET0 !!! FOR PRODUCTION RUNS, USE:                      !!!
20260703 083540.261 INFO             PET0 !!!                   ESMF_LOGKIND_Multi_On_Error  !!!
20260703 083540.261 INFO             PET0 !!!!!!!!!!!!!!!!!!!!!!!!!!!!!!!!!!!!!!!!!!!!!!!!!!!!!!
20260703 083540.261 INFO             PET0 Running with ESMF Version   : develop+g9764fd2b2f
20260703 083540.261 INFO             PET0 ESMF library build date/time: "Jul  3 2026" "07:28:49"
20260703 083540.261 INFO             PET0 ESMF library build location : /scratch3/NCEPDEV/stmp/Gerhard.Theurich/ESMF-Nightly-Testing-Hera/intel_2023.2.0-oneAPI_intelmpi_g_develop/esmf
20260703 083540.261 INFO             PET0 ESMF_COMM                   : intelmpi
20260703 083540.262 INFO             PET0 ESMF_MOAB                   : enabled
20260703 083540.262 INFO             PET0 ESMF_LAPACK                 : enabled
20260703 083540.262 INFO             PET0 ESMF_NETCDF                 : enabled
20260703 083540.262 INFO             PET0 ESMF_PNETCDF                : disabled
20260703 083540.262 INFO             PET0 ESMF_PIO                    : enabled
20260703 083540.262 INFO             PET0 ESMF_YAMLCPP                : enabled
20260703 083540.269 INFO             PET0 =============================================
20260703 083540.269 INFO             PET0 ESMX (Earth System Model eXecutable) STARTING
20260703 083540.269 INFO             PET0 =============================================
20260703 083540.288 DEBUG            PET0 Generic SetVM() is executing for: ESMX_Driver
20260703 083540.289 DEBUG            PET0 Generic SetVM() found no NUOPC Hint for: ESMX_Driver
20260703 083540.289 DEBUG            PET0 Generic SetVM() therefore is NOT calling ESMF_GridCompSetVMMaxPEs() for: ESMX_Driver
20260703 083540.311 INFO             PET0 =============================================
20260703 083540.311 INFO             PET0 ESMX (Earth System Model eXecutable) FINISHED
20260703 083540.311 INFO             PET0 =============================================
20260703 083540.311 INFO             PET0  Finalizing ESMF
20260703 083540.261 INFO             PET1 !!!!!!!!!!!!!!!!!!!!!!!!!!!!!!!!!!!!!!!!!!!!!!!!!!!!!!
20260703 083540.261 INFO             PET1 !!! THE ESMF_LOG IS SET TO OUTPUT ALL LOG MESSAGES !!!
20260703 083540.261 INFO             PET1 !!!     THIS MAY CAUSE SLOWDOWN IN PERFORMANCE     !!!
20260703 083540.261 INFO             PET1 !!! FOR PRODUCTION RUNS, USE:                      !!!
20260703 083540.261 INFO             PET1 !!!                   ESMF_LOGKIND_Multi_On_Error  !!!
20260703 083540.261 INFO             PET1 !!!!!!!!!!!!!!!!!!!!!!!!!!!!!!!!!!!!!!!!!!!!!!!!!!!!!!
20260703 083540.261 INFO             PET1 Running with ESMF Version   : develop+g9764fd2b2f
20260703 083540.261 INFO             PET1 ESMF library build date/time: "Jul  3 2026" "07:28:49"
20260703 083540.261 INFO             PET1 ESMF library build location : /scratch3/NCEPDEV/stmp/Gerhard.Theurich/ESMF-Nightly-Testing-Hera/intel_2023.2.0-oneAPI_intelmpi_g_develop/esmf
20260703 083540.261 INFO             PET1 ESMF_COMM                   : intelmpi
20260703 083540.262 INFO             PET1 ESMF_MOAB                   : enabled
20260703 083540.262 INFO             PET1 ESMF_LAPACK                 : enabled
20260703 083540.262 INFO             PET1 ESMF_NETCDF                 : enabled
20260703 083540.262 INFO             PET1 ESMF_PNETCDF                : disabled
20260703 083540.262 INFO             PET1 ESMF_PIO                    : enabled
20260703 083540.262 INFO             PET1 ESMF_YAMLCPP                : enabled
20260703 083540.269 INFO             PET1 =============================================
20260703 083540.270 INFO             PET1 ESMX (Earth System Model eXecutable) STARTING
20260703 083540.270 INFO             PET1 =============================================
20260703 083540.288 DEBUG            PET1 Generic SetVM() is executing for: ESMX_Driver
20260703 083540.289 DEBUG            PET1 Generic SetVM() found no NUOPC Hint for: ESMX_Driver
20260703 083540.289 DEBUG            PET1 Generic SetVM() therefore is NOT calling ESMF_GridCompSetVMMaxPEs() for: ESMX_Driver
20260703 083540.310 INFO             PET1 =============================================
20260703 083540.310 INFO             PET1 ESMX (Earth System Model eXecutable) FINISHED
20260703 083540.310 INFO             PET1 =============================================
20260703 083540.310 INFO             PET1  Finalizing ESMF
20260703 083540.262 INFO             PET2 !!!!!!!!!!!!!!!!!!!!!!!!!!!!!!!!!!!!!!!!!!!!!!!!!!!!!!
20260703 083540.262 INFO             PET2 !!! THE ESMF_LOG IS SET TO OUTPUT ALL LOG MESSAGES !!!
20260703 083540.262 INFO             PET2 !!!     THIS MAY CAUSE SLOWDOWN IN PERFORMANCE     !!!
20260703 083540.262 INFO             PET2 !!! FOR PRODUCTION RUNS, USE:                      !!!
20260703 083540.262 INFO             PET2 !!!                   ESMF_LOGKIND_Multi_On_Error  !!!
20260703 083540.262 INFO             PET2 !!!!!!!!!!!!!!!!!!!!!!!!!!!!!!!!!!!!!!!!!!!!!!!!!!!!!!
20260703 083540.262 INFO             PET2 Running with ESMF Version   : develop+g9764fd2b2f
20260703 083540.262 INFO             PET2 ESMF library build date/time: "Jul  3 2026" "07:28:49"
20260703 083540.262 INFO             PET2 ESMF library build location : /scratch3/NCEPDEV/stmp/Gerhard.Theurich/ESMF-Nightly-Testing-Hera/intel_2023.2.0-oneAPI_intelmpi_g_develop/esmf
20260703 083540.262 INFO             PET2 ESMF_COMM                   : intelmpi
20260703 083540.262 INFO             PET2 ESMF_MOAB                   : enabled
20260703 083540.262 INFO             PET2 ESMF_LAPACK                 : enabled
20260703 083540.262 INFO             PET2 ESMF_NETCDF                 : enabled
20260703 083540.262 INFO             PET2 ESMF_PNETCDF                : disabled
20260703 083540.262 INFO             PET2 ESMF_PIO                    : enabled
20260703 083540.262 INFO             PET2 ESMF_YAMLCPP                : enabled
20260703 083540.269 INFO             PET2 =============================================
20260703 083540.269 INFO             PET2 ESMX (Earth System Model eXecutable) STARTING
20260703 083540.269 INFO             PET2 =============================================
20260703 083540.288 DEBUG            PET2 Generic SetVM() is executing for: ESMX_Driver
20260703 083540.289 DEBUG            PET2 Generic SetVM() found no NUOPC Hint for: ESMX_Driver
20260703 083540.289 DEBUG            PET2 Generic SetVM() therefore is NOT calling ESMF_GridCompSetVMMaxPEs() for: ESMX_Driver
20260703 083540.310 INFO             PET2 =============================================
20260703 083540.310 INFO             PET2 ESMX (Earth System Model eXecutable) FINISHED
20260703 083540.310 INFO             PET2 =============================================
20260703 083540.310 INFO             PET2  Finalizing ESMF
20260703 083540.262 INFO             PET3 !!!!!!!!!!!!!!!!!!!!!!!!!!!!!!!!!!!!!!!!!!!!!!!!!!!!!!
20260703 083540.262 INFO             PET3 !!! THE ESMF_LOG IS SET TO OUTPUT ALL LOG MESSAGES !!!
20260703 083540.262 INFO             PET3 !!!     THIS MAY CAUSE SLOWDOWN IN PERFORMANCE     !!!
20260703 083540.262 INFO             PET3 !!! FOR PRODUCTION RUNS, USE:                      !!!
20260703 083540.262 INFO             PET3 !!!                   ESMF_LOGKIND_Multi_On_Error  !!!
20260703 083540.262 INFO             PET3 !!!!!!!!!!!!!!!!!!!!!!!!!!!!!!!!!!!!!!!!!!!!!!!!!!!!!!
20260703 083540.262 INFO             PET3 Running with ESMF Version   : develop+g9764fd2b2f
20260703 083540.262 INFO             PET3 ESMF library build date/time: "Jul  3 2026" "07:28:49"
20260703 083540.262 INFO             PET3 ESMF library build location : /scratch3/NCEPDEV/stmp/Gerhard.Theurich/ESMF-Nightly-Testing-Hera/intel_2023.2.0-oneAPI_intelmpi_g_develop/esmf
20260703 083540.262 INFO             PET3 ESMF_COMM                   : intelmpi
20260703 083540.262 INFO             PET3 ESMF_MOAB                   : enabled
20260703 083540.262 INFO             PET3 ESMF_LAPACK                 : enabled
20260703 083540.262 INFO             PET3 ESMF_NETCDF                 : enabled
20260703 083540.262 INFO             PET3 ESMF_PNETCDF                : disabled
20260703 083540.262 INFO             PET3 ESMF_PIO                    : enabled
20260703 083540.262 INFO             PET3 ESMF_YAMLCPP                : enabled
20260703 083540.270 INFO             PET3 =============================================
20260703 083540.270 INFO             PET3 ESMX (Earth System Model eXecutable) STARTING
20260703 083540.270 INFO             PET3 =============================================
20260703 083540.288 DEBUG            PET3 Generic SetVM() is executing for: ESMX_Driver
20260703 083540.289 DEBUG            PET3 Generic SetVM() found no NUOPC Hint for: ESMX_Driver
20260703 083540.289 DEBUG            PET3 Generic SetVM() therefore is NOT calling ESMF_GridCompSetVMMaxPEs() for: ESMX_Driver
20260703 083540.310 INFO             PET3 =============================================
20260703 083540.310 INFO             PET3 ESMX (Earth System Model eXecutable) FINISHED
20260703 083540.310 INFO             PET3 =============================================
20260703 083540.310 INFO             PET3  Finalizing ESMF
