2026-08-04 07:32:52
20260804 083732.375 INFO             PET0 !!!!!!!!!!!!!!!!!!!!!!!!!!!!!!!!!!!!!!!!!!!!!!!!!!!!!!
20260804 083732.375 INFO             PET0 !!! THE ESMF_LOG IS SET TO OUTPUT ALL LOG MESSAGES !!!
20260804 083732.375 INFO             PET0 !!!     THIS MAY CAUSE SLOWDOWN IN PERFORMANCE     !!!
20260804 083732.375 INFO             PET0 !!! FOR PRODUCTION RUNS, USE:                      !!!
20260804 083732.375 INFO             PET0 !!!                   ESMF_LOGKIND_Multi_On_Error  !!!
20260804 083732.375 INFO             PET0 !!!!!!!!!!!!!!!!!!!!!!!!!!!!!!!!!!!!!!!!!!!!!!!!!!!!!!
20260804 083732.375 INFO             PET0 Running with ESMF Version   : develop+g45870de0c5
20260804 083732.375 INFO             PET0 ESMF library build date/time: "Aug  4 2026" "07:30:00"
20260804 083732.375 INFO             PET0 ESMF library build location : /scratch3/NCEPDEV/stmp/Gerhard.Theurich/ESMF-Nightly-Testing-Hera/intel_2023.2.0-oneAPI_intelmpi_g_develop/esmf
20260804 083732.375 INFO             PET0 ESMF_COMM                   : intelmpi
20260804 083732.376 INFO             PET0 ESMF_MOAB                   : enabled
20260804 083732.376 INFO             PET0 ESMF_LAPACK                 : enabled
20260804 083732.376 INFO             PET0 ESMF_NETCDF                 : enabled
20260804 083732.376 INFO             PET0 ESMF_PNETCDF                : disabled
20260804 083732.376 INFO             PET0 ESMF_PIO                    : enabled
20260804 083732.376 INFO             PET0 ESMF_YAMLCPP                : enabled
20260804 083732.385 INFO             PET0 =============================================
20260804 083732.385 INFO             PET0 ESMX (Earth System Model eXecutable) STARTING
20260804 083732.385 INFO             PET0 =============================================
20260804 083732.415 DEBUG            PET0 Generic SetVM() is executing for: ESMX_Driver
20260804 083732.415 DEBUG            PET0 Generic SetVM() found no NUOPC Hint for: ESMX_Driver
20260804 083732.415 DEBUG            PET0 Generic SetVM() therefore is NOT calling ESMF_GridCompSetVMMaxPEs() for: ESMX_Driver
20260804 083732.428 INFO             PET0 ESMX_Driver: InitializeGeneric intro.
20260804 083732.428 INFO             PET0   >>>ESMX_Driver: entered Initialize (phase=<none>) without valid internal Clock.
20260804 083732.428 INFO             PET0   ESMX_Driver: InitializeP0 intro.
20260804 083732.428 INFO             PET0     >>>ESMX_Driver: entered Initialize (phase=<none>) without valid internal Clock.
20260804 083732.428 INFO             PET0     <<<ESMX_Driver: leaving Initialize (phase=<none>) without valid internal Clock.
20260804 083732.428 INFO             PET0   ESMX_Driver: InitializeP0 extro.
20260804 083732.428 INFO             PET0   ESMX_Driver: InitializeIPDv02p1 intro.
20260804 083732.429 INFO             PET0     >>>ESMX_Driver: entered Initialize (phase=<none>) without valid internal Clock.
20260804 083732.451 INFO             PET0     ESMX_Driver - Creating model component MDL without petList.
20260804 083732.452 DEBUG            PET0     Generic SetVM() is executing for: MDL
20260804 083732.452 DEBUG            PET0     Generic SetVM() found no NUOPC Hint for: MDL
20260804 083732.452 DEBUG            PET0     Generic SetVM() therefore is NOT calling ESMF_GridCompSetVMMaxPEs() for: MDL
20260804 083732.471 INFO             PET0     ESMX_Driver: IInitAdvertise intro.
20260804 083732.471 INFO             PET0       >>>ESMX_Driver: entered Initialize (phase=<none>) with current time: 2012 10 24 18  0  0   0
20260804 083732.472 INFO             PET0       <<<ESMX_Driver: leaving Initialize (phase=<none>) with current time: 2012 10 24 18  0  0   0
20260804 083732.472 INFO             PET0     ESMX_Driver: IInitAdvertise extro.
20260804 083732.472 INFO             PET0     Message from inside C component Advertise() method
20260804 083732.474 INFO             PET0     ESMX_Driver: IInitAdvertiseFinish intro.
20260804 083732.474 INFO             PET0       >>>ESMX_Driver: entered Initialize (phase=<none>) with current time: 2012 10 24 18  0  0   0
20260804 083732.474 INFO             PET0       <<<ESMX_Driver: leaving Initialize (phase=<none>) with current time: 2012 10 24 18  0  0   0
20260804 083732.474 INFO             PET0     ESMX_Driver: IInitAdvertiseFinish extro.
20260804 083732.474 INFO             PET0     ESMX_Driver: IInitModifyCplLists intro.
20260804 083732.475 INFO             PET0       >>>ESMX_Driver: entered Initialize (phase=<none>) with current time: 2012 10 24 18  0  0   0
20260804 083732.475 INFO             PET0       <<<ESMX_Driver: leaving Initialize (phase=<none>) with current time: 2012 10 24 18  0  0   0
20260804 083732.475 INFO             PET0     ESMX_Driver: IInitModifyCplLists extro.
20260804 083732.475 INFO             PET0     <<<ESMX_Driver: leaving Initialize (phase=<none>) with current time: 2012 10 24 18  0  0   0
20260804 083732.475 INFO             PET0   ESMX_Driver: InitializeIPDv02p1 extro.
20260804 083732.475 INFO             PET0   ESMX_Driver: InitializeIPDv02p3 intro.
20260804 083732.475 INFO             PET0     >>>ESMX_Driver: entered Initialize (phase=<none>) with current time: 2012 10 24 18  0  0   0
20260804 083732.476 INFO             PET0     ESMX_Driver: IInitCheck intro.
20260804 083732.476 INFO             PET0       >>>ESMX_Driver: entered Initialize (phase=<none>) with current time: 2012 10 24 18  0  0   0
20260804 083732.476 INFO             PET0       <<<ESMX_Driver: leaving Initialize (phase=<none>) with current time: 2012 10 24 18  0  0   0
20260804 083732.476 INFO             PET0     ESMX_Driver: IInitCheck extro.
20260804 083732.477 INFO             PET0     ESMX_Driver: IInitRealize intro.
20260804 083732.477 INFO             PET0       >>>ESMX_Driver: entered Initialize (phase=<none>) with current time: 2012 10 24 18  0  0   0
20260804 083732.477 INFO             PET0       <<<ESMX_Driver: leaving Initialize (phase=<none>) with current time: 2012 10 24 18  0  0   0
20260804 083732.477 INFO             PET0     ESMX_Driver: IInitRealize extro.
20260804 083732.478 INFO             PET0     <<<ESMX_Driver: leaving Initialize (phase=<none>) with current time: 2012 10 24 18  0  0   0
20260804 083732.478 INFO             PET0   ESMX_Driver: InitializeIPDv02p3 extro.
20260804 083732.478 INFO             PET0   ESMX_Driver: InitializeIPDv02p5 intro.
20260804 083732.478 INFO             PET0     >>>ESMX_Driver: entered Initialize (phase=<none>) with current time: 2012 10 24 18  0  0   0
20260804 083732.478 INFO             PET0     ESMX_Driver: InitializeIPDv02p5Data intro.
20260804 083732.478 INFO             PET0       >>>ESMX_Driver: entered Initialize (phase=<none>) with current time: 2012 10 24 18  0  0   0
20260804 083732.479 INFO             PET0       ESMX_Driver: InternalInitializeComplete intro.
20260804 083732.479 INFO             PET0         >>>ESMX_Driver: entered Initialize (phase=<none>) with current time: 2012 10 24 18  0  0   0
20260804 083732.479 INFO             PET0         <<<ESMX_Driver: leaving Initialize (phase=<none>) with current time: 2012 10 24 18  0  0   0
20260804 083732.479 INFO             PET0       ESMX_Driver: InternalInitializeComplete extro.
20260804 083732.481 INFO             PET0       ESMX_Driver: loopDataDependentInitialize intro.
20260804 083732.481 INFO             PET0         >>>ESMX_Driver: entered Initialize (phase=<none>) with current time: 2012 10 24 18  0  0   0
20260804 083732.482 INFO             PET0         <<<ESMX_Driver: leaving Initialize (phase=<none>) with current time: 2012 10 24 18  0  0   0
20260804 083732.482 INFO             PET0       ESMX_Driver: loopDataDependentInitialize extro.
20260804 083732.482 INFO             PET0       <<<ESMX_Driver: leaving Initialize (phase=<none>) with current time: 2012 10 24 18  0  0   0
20260804 083732.482 INFO             PET0     ESMX_Driver: InitializeIPDv02p5Data extro.
20260804 083732.482 INFO             PET0     <<<ESMX_Driver: leaving Initialize (phase=<none>) with current time: 2012 10 24 18  0  0   0
20260804 083732.482 INFO             PET0   ESMX_Driver: InitializeIPDv02p5 extro.
20260804 083732.482 INFO             PET0   <<<ESMX_Driver: leaving Initialize (phase=<none>) with current time: 2012 10 24 18  0  0   0
20260804 083732.482 INFO             PET0 ESMX_Driver: InitializeGeneric extro.
20260804 083732.482 INFO             PET0 ESMX_Driver: Run intro.
20260804 083732.483 INFO             PET0   >>>ESMX_Driver: entered Run (phase=RunPhase1) with current time: 2012 10 24 18  0  0   0
20260804 083732.483 INFO             PET0   Message from inside C component Advance() method
20260804 083732.483 INFO             PET0   <<<ESMX_Driver: leaving Run (phase=RunPhase1) with current time: 2012 10 24 19  0  0   0
20260804 083732.483 INFO             PET0 ESMX_Driver: Run extro.
20260804 083732.484 INFO             PET0 ESMX_Driver: Finalize intro.
20260804 083732.484 INFO             PET0   >>>ESMX_Driver: entered Finalize (phase=FinalizePhase1) with current time: 2012 10 24 19  0  0   0
20260804 083732.484 INFO             PET0   Calling Finalize phase 1 for modelComp: MDL
20260804 083732.484 INFO             PET0   Delete modelComp: MDL
20260804 083732.484 INFO             PET0   <<<ESMX_Driver: leaving Finalize (phase=FinalizePhase1) with current time: 2012 10 24 19  0  0   0
20260804 083732.484 INFO             PET0 ESMX_Driver: Finalize extro.
20260804 083732.484 INFO             PET0 =============================================
20260804 083732.484 INFO             PET0 ESMX (Earth System Model eXecutable) FINISHED
20260804 083732.484 INFO             PET0 =============================================
20260804 083732.484 INFO             PET0  Finalizing ESMF
20260804 083732.376 INFO             PET1 !!!!!!!!!!!!!!!!!!!!!!!!!!!!!!!!!!!!!!!!!!!!!!!!!!!!!!
20260804 083732.376 INFO             PET1 !!! THE ESMF_LOG IS SET TO OUTPUT ALL LOG MESSAGES !!!
20260804 083732.376 INFO             PET1 !!!     THIS MAY CAUSE SLOWDOWN IN PERFORMANCE     !!!
20260804 083732.376 INFO             PET1 !!! FOR PRODUCTION RUNS, USE:                      !!!
20260804 083732.376 INFO             PET1 !!!                   ESMF_LOGKIND_Multi_On_Error  !!!
20260804 083732.376 INFO             PET1 !!!!!!!!!!!!!!!!!!!!!!!!!!!!!!!!!!!!!!!!!!!!!!!!!!!!!!
20260804 083732.376 INFO             PET1 Running with ESMF Version   : develop+g45870de0c5
20260804 083732.376 INFO             PET1 ESMF library build date/time: "Aug  4 2026" "07:30:00"
20260804 083732.376 INFO             PET1 ESMF library build location : /scratch3/NCEPDEV/stmp/Gerhard.Theurich/ESMF-Nightly-Testing-Hera/intel_2023.2.0-oneAPI_intelmpi_g_develop/esmf
20260804 083732.376 INFO             PET1 ESMF_COMM                   : intelmpi
20260804 083732.377 INFO             PET1 ESMF_MOAB                   : enabled
20260804 083732.377 INFO             PET1 ESMF_LAPACK                 : enabled
20260804 083732.377 INFO             PET1 ESMF_NETCDF                 : enabled
20260804 083732.377 INFO             PET1 ESMF_PNETCDF                : disabled
20260804 083732.377 INFO             PET1 ESMF_PIO                    : enabled
20260804 083732.377 INFO             PET1 ESMF_YAMLCPP                : enabled
20260804 083732.385 INFO             PET1 =============================================
20260804 083732.385 INFO             PET1 ESMX (Earth System Model eXecutable) STARTING
20260804 083732.385 INFO             PET1 =============================================
20260804 083732.414 DEBUG            PET1 Generic SetVM() is executing for: ESMX_Driver
20260804 083732.415 DEBUG            PET1 Generic SetVM() found no NUOPC Hint for: ESMX_Driver
20260804 083732.415 DEBUG            PET1 Generic SetVM() therefore is NOT calling ESMF_GridCompSetVMMaxPEs() for: ESMX_Driver
20260804 083732.429 INFO             PET1 ESMX_Driver: InitializeGeneric intro.
20260804 083732.429 INFO             PET1   >>>ESMX_Driver: entered Initialize (phase=<none>) without valid internal Clock.
20260804 083732.429 INFO             PET1   ESMX_Driver: InitializeP0 intro.
20260804 083732.429 INFO             PET1     >>>ESMX_Driver: entered Initialize (phase=<none>) without valid internal Clock.
20260804 083732.429 INFO             PET1     <<<ESMX_Driver: leaving Initialize (phase=<none>) without valid internal Clock.
20260804 083732.429 INFO             PET1   ESMX_Driver: InitializeP0 extro.
20260804 083732.429 INFO             PET1   ESMX_Driver: InitializeIPDv02p1 intro.
20260804 083732.430 INFO             PET1     >>>ESMX_Driver: entered Initialize (phase=<none>) without valid internal Clock.
20260804 083732.451 INFO             PET1     ESMX_Driver - Creating model component MDL without petList.
20260804 083732.452 DEBUG            PET1     Generic SetVM() is executing for: MDL
20260804 083732.452 DEBUG            PET1     Generic SetVM() found no NUOPC Hint for: MDL
20260804 083732.452 DEBUG            PET1     Generic SetVM() therefore is NOT calling ESMF_GridCompSetVMMaxPEs() for: MDL
20260804 083732.472 INFO             PET1     ESMX_Driver: IInitAdvertise intro.
20260804 083732.472 INFO             PET1       >>>ESMX_Driver: entered Initialize (phase=<none>) with current time: 2012 10 24 18  0  0   0
20260804 083732.472 INFO             PET1       <<<ESMX_Driver: leaving Initialize (phase=<none>) with current time: 2012 10 24 18  0  0   0
20260804 083732.472 INFO             PET1     ESMX_Driver: IInitAdvertise extro.
20260804 083732.472 INFO             PET1     Message from inside C component Advertise() method
20260804 083732.474 INFO             PET1     ESMX_Driver: IInitAdvertiseFinish intro.
20260804 083732.474 INFO             PET1       >>>ESMX_Driver: entered Initialize (phase=<none>) with current time: 2012 10 24 18  0  0   0
20260804 083732.474 INFO             PET1       <<<ESMX_Driver: leaving Initialize (phase=<none>) with current time: 2012 10 24 18  0  0   0
20260804 083732.474 INFO             PET1     ESMX_Driver: IInitAdvertiseFinish extro.
20260804 083732.475 INFO             PET1     ESMX_Driver: IInitModifyCplLists intro.
20260804 083732.475 INFO             PET1       >>>ESMX_Driver: entered Initialize (phase=<none>) with current time: 2012 10 24 18  0  0   0
20260804 083732.475 INFO             PET1       <<<ESMX_Driver: leaving Initialize (phase=<none>) with current time: 2012 10 24 18  0  0   0
20260804 083732.475 INFO             PET1     ESMX_Driver: IInitModifyCplLists extro.
20260804 083732.476 INFO             PET1     <<<ESMX_Driver: leaving Initialize (phase=<none>) with current time: 2012 10 24 18  0  0   0
20260804 083732.476 INFO             PET1   ESMX_Driver: InitializeIPDv02p1 extro.
20260804 083732.476 INFO             PET1   ESMX_Driver: InitializeIPDv02p3 intro.
20260804 083732.476 INFO             PET1     >>>ESMX_Driver: entered Initialize (phase=<none>) with current time: 2012 10 24 18  0  0   0
20260804 083732.476 INFO             PET1     ESMX_Driver: IInitCheck intro.
20260804 083732.476 INFO             PET1       >>>ESMX_Driver: entered Initialize (phase=<none>) with current time: 2012 10 24 18  0  0   0
20260804 083732.477 INFO             PET1       <<<ESMX_Driver: leaving Initialize (phase=<none>) with current time: 2012 10 24 18  0  0   0
20260804 083732.477 INFO             PET1     ESMX_Driver: IInitCheck extro.
20260804 083732.477 INFO             PET1     ESMX_Driver: IInitRealize intro.
20260804 083732.477 INFO             PET1       >>>ESMX_Driver: entered Initialize (phase=<none>) with current time: 2012 10 24 18  0  0   0
20260804 083732.477 INFO             PET1       <<<ESMX_Driver: leaving Initialize (phase=<none>) with current time: 2012 10 24 18  0  0   0
20260804 083732.477 INFO             PET1     ESMX_Driver: IInitRealize extro.
20260804 083732.478 INFO             PET1     <<<ESMX_Driver: leaving Initialize (phase=<none>) with current time: 2012 10 24 18  0  0   0
20260804 083732.478 INFO             PET1   ESMX_Driver: InitializeIPDv02p3 extro.
20260804 083732.478 INFO             PET1   ESMX_Driver: InitializeIPDv02p5 intro.
20260804 083732.478 INFO             PET1     >>>ESMX_Driver: entered Initialize (phase=<none>) with current time: 2012 10 24 18  0  0   0
20260804 083732.479 INFO             PET1     ESMX_Driver: InitializeIPDv02p5Data intro.
20260804 083732.479 INFO             PET1       >>>ESMX_Driver: entered Initialize (phase=<none>) with current time: 2012 10 24 18  0  0   0
20260804 083732.479 INFO             PET1       ESMX_Driver: InternalInitializeComplete intro.
20260804 083732.479 INFO             PET1         >>>ESMX_Driver: entered Initialize (phase=<none>) with current time: 2012 10 24 18  0  0   0
20260804 083732.479 INFO             PET1         <<<ESMX_Driver: leaving Initialize (phase=<none>) with current time: 2012 10 24 18  0  0   0
20260804 083732.479 INFO             PET1       ESMX_Driver: InternalInitializeComplete extro.
20260804 083732.481 INFO             PET1       ESMX_Driver: loopDataDependentInitialize intro.
20260804 083732.481 INFO             PET1         >>>ESMX_Driver: entered Initialize (phase=<none>) with current time: 2012 10 24 18  0  0   0
20260804 083732.482 INFO             PET1         <<<ESMX_Driver: leaving Initialize (phase=<none>) with current time: 2012 10 24 18  0  0   0
20260804 083732.482 INFO             PET1       ESMX_Driver: loopDataDependentInitialize extro.
20260804 083732.482 INFO             PET1       <<<ESMX_Driver: leaving Initialize (phase=<none>) with current time: 2012 10 24 18  0  0   0
20260804 083732.482 INFO             PET1     ESMX_Driver: InitializeIPDv02p5Data extro.
20260804 083732.482 INFO             PET1     <<<ESMX_Driver: leaving Initialize (phase=<none>) with current time: 2012 10 24 18  0  0   0
20260804 083732.482 INFO             PET1   ESMX_Driver: InitializeIPDv02p5 extro.
20260804 083732.482 INFO             PET1   <<<ESMX_Driver: leaving Initialize (phase=<none>) with current time: 2012 10 24 18  0  0   0
20260804 083732.482 INFO             PET1 ESMX_Driver: InitializeGeneric extro.
20260804 083732.482 INFO             PET1 ESMX_Driver: Run intro.
20260804 083732.483 INFO             PET1   >>>ESMX_Driver: entered Run (phase=RunPhase1) with current time: 2012 10 24 18  0  0   0
20260804 083732.483 INFO             PET1   Message from inside C component Advance() method
20260804 083732.483 INFO             PET1   <<<ESMX_Driver: leaving Run (phase=RunPhase1) with current time: 2012 10 24 19  0  0   0
20260804 083732.483 INFO             PET1 ESMX_Driver: Run extro.
20260804 083732.484 INFO             PET1 ESMX_Driver: Finalize intro.
20260804 083732.484 INFO             PET1   >>>ESMX_Driver: entered Finalize (phase=FinalizePhase1) with current time: 2012 10 24 19  0  0   0
20260804 083732.484 INFO             PET1   Calling Finalize phase 1 for modelComp: MDL
20260804 083732.484 INFO             PET1   Delete modelComp: MDL
20260804 083732.484 INFO             PET1   <<<ESMX_Driver: leaving Finalize (phase=FinalizePhase1) with current time: 2012 10 24 19  0  0   0
20260804 083732.484 INFO             PET1 ESMX_Driver: Finalize extro.
20260804 083732.484 INFO             PET1 =============================================
20260804 083732.484 INFO             PET1 ESMX (Earth System Model eXecutable) FINISHED
20260804 083732.484 INFO             PET1 =============================================
20260804 083732.484 INFO             PET1  Finalizing ESMF
20260804 083732.376 INFO             PET2 !!!!!!!!!!!!!!!!!!!!!!!!!!!!!!!!!!!!!!!!!!!!!!!!!!!!!!
20260804 083732.376 INFO             PET2 !!! THE ESMF_LOG IS SET TO OUTPUT ALL LOG MESSAGES !!!
20260804 083732.376 INFO             PET2 !!!     THIS MAY CAUSE SLOWDOWN IN PERFORMANCE     !!!
20260804 083732.376 INFO             PET2 !!! FOR PRODUCTION RUNS, USE:                      !!!
20260804 083732.376 INFO             PET2 !!!                   ESMF_LOGKIND_Multi_On_Error  !!!
20260804 083732.376 INFO             PET2 !!!!!!!!!!!!!!!!!!!!!!!!!!!!!!!!!!!!!!!!!!!!!!!!!!!!!!
20260804 083732.376 INFO             PET2 Running with ESMF Version   : develop+g45870de0c5
20260804 083732.376 INFO             PET2 ESMF library build date/time: "Aug  4 2026" "07:30:00"
20260804 083732.376 INFO             PET2 ESMF library build location : /scratch3/NCEPDEV/stmp/Gerhard.Theurich/ESMF-Nightly-Testing-Hera/intel_2023.2.0-oneAPI_intelmpi_g_develop/esmf
20260804 083732.376 INFO             PET2 ESMF_COMM                   : intelmpi
20260804 083732.376 INFO             PET2 ESMF_MOAB                   : enabled
20260804 083732.376 INFO             PET2 ESMF_LAPACK                 : enabled
20260804 083732.376 INFO             PET2 ESMF_NETCDF                 : enabled
20260804 083732.376 INFO             PET2 ESMF_PNETCDF                : disabled
20260804 083732.376 INFO             PET2 ESMF_PIO                    : enabled
20260804 083732.376 INFO             PET2 ESMF_YAMLCPP                : enabled
20260804 083732.385 INFO             PET2 =============================================
20260804 083732.385 INFO             PET2 ESMX (Earth System Model eXecutable) STARTING
20260804 083732.385 INFO             PET2 =============================================
20260804 083732.414 DEBUG            PET2 Generic SetVM() is executing for: ESMX_Driver
20260804 083732.415 DEBUG            PET2 Generic SetVM() found no NUOPC Hint for: ESMX_Driver
20260804 083732.415 DEBUG            PET2 Generic SetVM() therefore is NOT calling ESMF_GridCompSetVMMaxPEs() for: ESMX_Driver
20260804 083732.427 INFO             PET2 ESMX_Driver: InitializeGeneric intro.
20260804 083732.428 INFO             PET2   >>>ESMX_Driver: entered Initialize (phase=<none>) without valid internal Clock.
20260804 083732.428 INFO             PET2   ESMX_Driver: InitializeP0 intro.
20260804 083732.428 INFO             PET2     >>>ESMX_Driver: entered Initialize (phase=<none>) without valid internal Clock.
20260804 083732.428 INFO             PET2     <<<ESMX_Driver: leaving Initialize (phase=<none>) without valid internal Clock.
20260804 083732.428 INFO             PET2   ESMX_Driver: InitializeP0 extro.
20260804 083732.428 INFO             PET2   ESMX_Driver: InitializeIPDv02p1 intro.
20260804 083732.429 INFO             PET2     >>>ESMX_Driver: entered Initialize (phase=<none>) without valid internal Clock.
20260804 083732.451 INFO             PET2     ESMX_Driver - Creating model component MDL without petList.
20260804 083732.452 DEBUG            PET2     Generic SetVM() is executing for: MDL
20260804 083732.452 DEBUG            PET2     Generic SetVM() found no NUOPC Hint for: MDL
20260804 083732.452 DEBUG            PET2     Generic SetVM() therefore is NOT calling ESMF_GridCompSetVMMaxPEs() for: MDL
20260804 083732.472 INFO             PET2     ESMX_Driver: IInitAdvertise intro.
20260804 083732.472 INFO             PET2       >>>ESMX_Driver: entered Initialize (phase=<none>) with current time: 2012 10 24 18  0  0   0
20260804 083732.472 INFO             PET2       <<<ESMX_Driver: leaving Initialize (phase=<none>) with current time: 2012 10 24 18  0  0   0
20260804 083732.472 INFO             PET2     ESMX_Driver: IInitAdvertise extro.
20260804 083732.472 INFO             PET2     Message from inside C component Advertise() method
20260804 083732.474 INFO             PET2     ESMX_Driver: IInitAdvertiseFinish intro.
20260804 083732.474 INFO             PET2       >>>ESMX_Driver: entered Initialize (phase=<none>) with current time: 2012 10 24 18  0  0   0
20260804 083732.474 INFO             PET2       <<<ESMX_Driver: leaving Initialize (phase=<none>) with current time: 2012 10 24 18  0  0   0
20260804 083732.474 INFO             PET2     ESMX_Driver: IInitAdvertiseFinish extro.
20260804 083732.475 INFO             PET2     ESMX_Driver: IInitModifyCplLists intro.
20260804 083732.475 INFO             PET2       >>>ESMX_Driver: entered Initialize (phase=<none>) with current time: 2012 10 24 18  0  0   0
20260804 083732.475 INFO             PET2       <<<ESMX_Driver: leaving Initialize (phase=<none>) with current time: 2012 10 24 18  0  0   0
20260804 083732.475 INFO             PET2     ESMX_Driver: IInitModifyCplLists extro.
20260804 083732.476 INFO             PET2     <<<ESMX_Driver: leaving Initialize (phase=<none>) with current time: 2012 10 24 18  0  0   0
20260804 083732.476 INFO             PET2   ESMX_Driver: InitializeIPDv02p1 extro.
20260804 083732.476 INFO             PET2   ESMX_Driver: InitializeIPDv02p3 intro.
20260804 083732.476 INFO             PET2     >>>ESMX_Driver: entered Initialize (phase=<none>) with current time: 2012 10 24 18  0  0   0
20260804 083732.476 INFO             PET2     ESMX_Driver: IInitCheck intro.
20260804 083732.476 INFO             PET2       >>>ESMX_Driver: entered Initialize (phase=<none>) with current time: 2012 10 24 18  0  0   0
20260804 083732.477 INFO             PET2       <<<ESMX_Driver: leaving Initialize (phase=<none>) with current time: 2012 10 24 18  0  0   0
20260804 083732.477 INFO             PET2     ESMX_Driver: IInitCheck extro.
20260804 083732.477 INFO             PET2     ESMX_Driver: IInitRealize intro.
20260804 083732.477 INFO             PET2       >>>ESMX_Driver: entered Initialize (phase=<none>) with current time: 2012 10 24 18  0  0   0
20260804 083732.477 INFO             PET2       <<<ESMX_Driver: leaving Initialize (phase=<none>) with current time: 2012 10 24 18  0  0   0
20260804 083732.477 INFO             PET2     ESMX_Driver: IInitRealize extro.
20260804 083732.478 INFO             PET2     <<<ESMX_Driver: leaving Initialize (phase=<none>) with current time: 2012 10 24 18  0  0   0
20260804 083732.478 INFO             PET2   ESMX_Driver: InitializeIPDv02p3 extro.
20260804 083732.478 INFO             PET2   ESMX_Driver: InitializeIPDv02p5 intro.
20260804 083732.478 INFO             PET2     >>>ESMX_Driver: entered Initialize (phase=<none>) with current time: 2012 10 24 18  0  0   0
20260804 083732.479 INFO             PET2     ESMX_Driver: InitializeIPDv02p5Data intro.
20260804 083732.479 INFO             PET2       >>>ESMX_Driver: entered Initialize (phase=<none>) with current time: 2012 10 24 18  0  0   0
20260804 083732.479 INFO             PET2       ESMX_Driver: InternalInitializeComplete intro.
20260804 083732.479 INFO             PET2         >>>ESMX_Driver: entered Initialize (phase=<none>) with current time: 2012 10 24 18  0  0   0
20260804 083732.479 INFO             PET2         <<<ESMX_Driver: leaving Initialize (phase=<none>) with current time: 2012 10 24 18  0  0   0
20260804 083732.479 INFO             PET2       ESMX_Driver: InternalInitializeComplete extro.
20260804 083732.481 INFO             PET2       ESMX_Driver: loopDataDependentInitialize intro.
20260804 083732.481 INFO             PET2         >>>ESMX_Driver: entered Initialize (phase=<none>) with current time: 2012 10 24 18  0  0   0
20260804 083732.482 INFO             PET2         <<<ESMX_Driver: leaving Initialize (phase=<none>) with current time: 2012 10 24 18  0  0   0
20260804 083732.482 INFO             PET2       ESMX_Driver: loopDataDependentInitialize extro.
20260804 083732.482 INFO             PET2       <<<ESMX_Driver: leaving Initialize (phase=<none>) with current time: 2012 10 24 18  0  0   0
20260804 083732.482 INFO             PET2     ESMX_Driver: InitializeIPDv02p5Data extro.
20260804 083732.482 INFO             PET2     <<<ESMX_Driver: leaving Initialize (phase=<none>) with current time: 2012 10 24 18  0  0   0
20260804 083732.482 INFO             PET2   ESMX_Driver: InitializeIPDv02p5 extro.
20260804 083732.482 INFO             PET2   <<<ESMX_Driver: leaving Initialize (phase=<none>) with current time: 2012 10 24 18  0  0   0
20260804 083732.482 INFO             PET2 ESMX_Driver: InitializeGeneric extro.
20260804 083732.483 INFO             PET2 ESMX_Driver: Run intro.
20260804 083732.483 INFO             PET2   >>>ESMX_Driver: entered Run (phase=RunPhase1) with current time: 2012 10 24 18  0  0   0
20260804 083732.483 INFO             PET2   Message from inside C component Advance() method
20260804 083732.483 INFO             PET2   <<<ESMX_Driver: leaving Run (phase=RunPhase1) with current time: 2012 10 24 19  0  0   0
20260804 083732.483 INFO             PET2 ESMX_Driver: Run extro.
20260804 083732.484 INFO             PET2 ESMX_Driver: Finalize intro.
20260804 083732.484 INFO             PET2   >>>ESMX_Driver: entered Finalize (phase=FinalizePhase1) with current time: 2012 10 24 19  0  0   0
20260804 083732.484 INFO             PET2   Calling Finalize phase 1 for modelComp: MDL
20260804 083732.484 INFO             PET2   Delete modelComp: MDL
20260804 083732.484 INFO             PET2   <<<ESMX_Driver: leaving Finalize (phase=FinalizePhase1) with current time: 2012 10 24 19  0  0   0
20260804 083732.484 INFO             PET2 ESMX_Driver: Finalize extro.
20260804 083732.484 INFO             PET2 =============================================
20260804 083732.484 INFO             PET2 ESMX (Earth System Model eXecutable) FINISHED
20260804 083732.484 INFO             PET2 =============================================
20260804 083732.484 INFO             PET2  Finalizing ESMF
20260804 083732.375 INFO             PET3 !!!!!!!!!!!!!!!!!!!!!!!!!!!!!!!!!!!!!!!!!!!!!!!!!!!!!!
20260804 083732.376 INFO             PET3 !!! THE ESMF_LOG IS SET TO OUTPUT ALL LOG MESSAGES !!!
20260804 083732.376 INFO             PET3 !!!     THIS MAY CAUSE SLOWDOWN IN PERFORMANCE     !!!
20260804 083732.376 INFO             PET3 !!! FOR PRODUCTION RUNS, USE:                      !!!
20260804 083732.376 INFO             PET3 !!!                   ESMF_LOGKIND_Multi_On_Error  !!!
20260804 083732.376 INFO             PET3 !!!!!!!!!!!!!!!!!!!!!!!!!!!!!!!!!!!!!!!!!!!!!!!!!!!!!!
20260804 083732.376 INFO             PET3 Running with ESMF Version   : develop+g45870de0c5
20260804 083732.376 INFO             PET3 ESMF library build date/time: "Aug  4 2026" "07:30:00"
20260804 083732.376 INFO             PET3 ESMF library build location : /scratch3/NCEPDEV/stmp/Gerhard.Theurich/ESMF-Nightly-Testing-Hera/intel_2023.2.0-oneAPI_intelmpi_g_develop/esmf
20260804 083732.376 INFO             PET3 ESMF_COMM                   : intelmpi
20260804 083732.376 INFO             PET3 ESMF_MOAB                   : enabled
20260804 083732.376 INFO             PET3 ESMF_LAPACK                 : enabled
20260804 083732.376 INFO             PET3 ESMF_NETCDF                 : enabled
20260804 083732.376 INFO             PET3 ESMF_PNETCDF                : disabled
20260804 083732.376 INFO             PET3 ESMF_PIO                    : enabled
20260804 083732.376 INFO             PET3 ESMF_YAMLCPP                : enabled
20260804 083732.385 INFO             PET3 =============================================
20260804 083732.385 INFO             PET3 ESMX (Earth System Model eXecutable) STARTING
20260804 083732.385 INFO             PET3 =============================================
20260804 083732.414 DEBUG            PET3 Generic SetVM() is executing for: ESMX_Driver
20260804 083732.415 DEBUG            PET3 Generic SetVM() found no NUOPC Hint for: ESMX_Driver
20260804 083732.415 DEBUG            PET3 Generic SetVM() therefore is NOT calling ESMF_GridCompSetVMMaxPEs() for: ESMX_Driver
20260804 083732.427 INFO             PET3 ESMX_Driver: InitializeGeneric intro.
20260804 083732.428 INFO             PET3   >>>ESMX_Driver: entered Initialize (phase=<none>) without valid internal Clock.
20260804 083732.428 INFO             PET3   ESMX_Driver: InitializeP0 intro.
20260804 083732.428 INFO             PET3     >>>ESMX_Driver: entered Initialize (phase=<none>) without valid internal Clock.
20260804 083732.428 INFO             PET3     <<<ESMX_Driver: leaving Initialize (phase=<none>) without valid internal Clock.
20260804 083732.428 INFO             PET3   ESMX_Driver: InitializeP0 extro.
20260804 083732.428 INFO             PET3   ESMX_Driver: InitializeIPDv02p1 intro.
20260804 083732.429 INFO             PET3     >>>ESMX_Driver: entered Initialize (phase=<none>) without valid internal Clock.
20260804 083732.451 INFO             PET3     ESMX_Driver - Creating model component MDL without petList.
20260804 083732.452 DEBUG            PET3     Generic SetVM() is executing for: MDL
20260804 083732.452 DEBUG            PET3     Generic SetVM() found no NUOPC Hint for: MDL
20260804 083732.452 DEBUG            PET3     Generic SetVM() therefore is NOT calling ESMF_GridCompSetVMMaxPEs() for: MDL
20260804 083732.472 INFO             PET3     ESMX_Driver: IInitAdvertise intro.
20260804 083732.472 INFO             PET3       >>>ESMX_Driver: entered Initialize (phase=<none>) with current time: 2012 10 24 18  0  0   0
20260804 083732.472 INFO             PET3       <<<ESMX_Driver: leaving Initialize (phase=<none>) with current time: 2012 10 24 18  0  0   0
20260804 083732.472 INFO             PET3     ESMX_Driver: IInitAdvertise extro.
20260804 083732.472 INFO             PET3     Message from inside C component Advertise() method
20260804 083732.474 INFO             PET3     ESMX_Driver: IInitAdvertiseFinish intro.
20260804 083732.474 INFO             PET3       >>>ESMX_Driver: entered Initialize (phase=<none>) with current time: 2012 10 24 18  0  0   0
20260804 083732.474 INFO             PET3       <<<ESMX_Driver: leaving Initialize (phase=<none>) with current time: 2012 10 24 18  0  0   0
20260804 083732.474 INFO             PET3     ESMX_Driver: IInitAdvertiseFinish extro.
20260804 083732.475 INFO             PET3     ESMX_Driver: IInitModifyCplLists intro.
20260804 083732.475 INFO             PET3       >>>ESMX_Driver: entered Initialize (phase=<none>) with current time: 2012 10 24 18  0  0   0
20260804 083732.475 INFO             PET3       <<<ESMX_Driver: leaving Initialize (phase=<none>) with current time: 2012 10 24 18  0  0   0
20260804 083732.475 INFO             PET3     ESMX_Driver: IInitModifyCplLists extro.
20260804 083732.475 INFO             PET3     <<<ESMX_Driver: leaving Initialize (phase=<none>) with current time: 2012 10 24 18  0  0   0
20260804 083732.476 INFO             PET3   ESMX_Driver: InitializeIPDv02p1 extro.
20260804 083732.476 INFO             PET3   ESMX_Driver: InitializeIPDv02p3 intro.
20260804 083732.476 INFO             PET3     >>>ESMX_Driver: entered Initialize (phase=<none>) with current time: 2012 10 24 18  0  0   0
20260804 083732.476 INFO             PET3     ESMX_Driver: IInitCheck intro.
20260804 083732.476 INFO             PET3       >>>ESMX_Driver: entered Initialize (phase=<none>) with current time: 2012 10 24 18  0  0   0
20260804 083732.477 INFO             PET3       <<<ESMX_Driver: leaving Initialize (phase=<none>) with current time: 2012 10 24 18  0  0   0
20260804 083732.477 INFO             PET3     ESMX_Driver: IInitCheck extro.
20260804 083732.477 INFO             PET3     ESMX_Driver: IInitRealize intro.
20260804 083732.477 INFO             PET3       >>>ESMX_Driver: entered Initialize (phase=<none>) with current time: 2012 10 24 18  0  0   0
20260804 083732.477 INFO             PET3       <<<ESMX_Driver: leaving Initialize (phase=<none>) with current time: 2012 10 24 18  0  0   0
20260804 083732.477 INFO             PET3     ESMX_Driver: IInitRealize extro.
20260804 083732.478 INFO             PET3     <<<ESMX_Driver: leaving Initialize (phase=<none>) with current time: 2012 10 24 18  0  0   0
20260804 083732.478 INFO             PET3   ESMX_Driver: InitializeIPDv02p3 extro.
20260804 083732.478 INFO             PET3   ESMX_Driver: InitializeIPDv02p5 intro.
20260804 083732.478 INFO             PET3     >>>ESMX_Driver: entered Initialize (phase=<none>) with current time: 2012 10 24 18  0  0   0
20260804 083732.478 INFO             PET3     ESMX_Driver: InitializeIPDv02p5Data intro.
20260804 083732.479 INFO             PET3       >>>ESMX_Driver: entered Initialize (phase=<none>) with current time: 2012 10 24 18  0  0   0
20260804 083732.479 INFO             PET3       ESMX_Driver: InternalInitializeComplete intro.
20260804 083732.479 INFO             PET3         >>>ESMX_Driver: entered Initialize (phase=<none>) with current time: 2012 10 24 18  0  0   0
20260804 083732.479 INFO             PET3         <<<ESMX_Driver: leaving Initialize (phase=<none>) with current time: 2012 10 24 18  0  0   0
20260804 083732.479 INFO             PET3       ESMX_Driver: InternalInitializeComplete extro.
20260804 083732.481 INFO             PET3       ESMX_Driver: loopDataDependentInitialize intro.
20260804 083732.481 INFO             PET3         >>>ESMX_Driver: entered Initialize (phase=<none>) with current time: 2012 10 24 18  0  0   0
20260804 083732.482 INFO             PET3         <<<ESMX_Driver: leaving Initialize (phase=<none>) with current time: 2012 10 24 18  0  0   0
20260804 083732.482 INFO             PET3       ESMX_Driver: loopDataDependentInitialize extro.
20260804 083732.482 INFO             PET3       <<<ESMX_Driver: leaving Initialize (phase=<none>) with current time: 2012 10 24 18  0  0   0
20260804 083732.482 INFO             PET3     ESMX_Driver: InitializeIPDv02p5Data extro.
20260804 083732.482 INFO             PET3     <<<ESMX_Driver: leaving Initialize (phase=<none>) with current time: 2012 10 24 18  0  0   0
20260804 083732.482 INFO             PET3   ESMX_Driver: InitializeIPDv02p5 extro.
20260804 083732.482 INFO             PET3   <<<ESMX_Driver: leaving Initialize (phase=<none>) with current time: 2012 10 24 18  0  0   0
20260804 083732.482 INFO             PET3 ESMX_Driver: InitializeGeneric extro.
20260804 083732.482 INFO             PET3 ESMX_Driver: Run intro.
20260804 083732.483 INFO             PET3   >>>ESMX_Driver: entered Run (phase=RunPhase1) with current time: 2012 10 24 18  0  0   0
20260804 083732.483 INFO             PET3   Message from inside C component Advance() method
20260804 083732.483 INFO             PET3   <<<ESMX_Driver: leaving Run (phase=RunPhase1) with current time: 2012 10 24 19  0  0   0
20260804 083732.483 INFO             PET3 ESMX_Driver: Run extro.
20260804 083732.484 INFO             PET3 ESMX_Driver: Finalize intro.
20260804 083732.484 INFO             PET3   >>>ESMX_Driver: entered Finalize (phase=FinalizePhase1) with current time: 2012 10 24 19  0  0   0
20260804 083732.484 INFO             PET3   Calling Finalize phase 1 for modelComp: MDL
20260804 083732.484 INFO             PET3   Delete modelComp: MDL
20260804 083732.484 INFO             PET3   <<<ESMX_Driver: leaving Finalize (phase=FinalizePhase1) with current time: 2012 10 24 19  0  0   0
20260804 083732.484 INFO             PET3 ESMX_Driver: Finalize extro.
20260804 083732.484 INFO             PET3 =============================================
20260804 083732.484 INFO             PET3 ESMX (Earth System Model eXecutable) FINISHED
20260804 083732.484 INFO             PET3 =============================================
20260804 083732.484 INFO             PET3  Finalizing ESMF
