2026-06-13 03:48:00
20260613 042011.086 INFO             PET0 !!!!!!!!!!!!!!!!!!!!!!!!!!!!!!!!!!!!!!!!!!!!!!!!!!!!!!
20260613 042011.086 INFO             PET0 !!! THE ESMF_LOG IS SET TO OUTPUT ALL LOG MESSAGES !!!
20260613 042011.086 INFO             PET0 !!!     THIS MAY CAUSE SLOWDOWN IN PERFORMANCE     !!!
20260613 042011.086 INFO             PET0 !!! FOR PRODUCTION RUNS, USE:                      !!!
20260613 042011.086 INFO             PET0 !!!                   ESMF_LOGKIND_Multi_On_Error  !!!
20260613 042011.086 INFO             PET0 !!!!!!!!!!!!!!!!!!!!!!!!!!!!!!!!!!!!!!!!!!!!!!!!!!!!!!
20260613 042011.086 INFO             PET0 Running with ESMF Version   : develop+g9f36e8ab68
20260613 042011.086 INFO             PET0 ESMF library build date/time: "Jun 13 2026" "03:46:47"
20260613 042011.086 INFO             PET0 ESMF library build location : /tmp/intel_2023.2.0_mpi_g_develop/esmf
20260613 042011.086 INFO             PET0 ESMF_COMM                   : mpi
20260613 042011.086 INFO             PET0 ESMF_MOAB                   : enabled
20260613 042011.086 INFO             PET0 ESMF_LAPACK                 : enabled
20260613 042011.086 INFO             PET0 ESMF_NETCDF                 : enabled
20260613 042011.086 INFO             PET0 ESMF_PNETCDF                : disabled
20260613 042011.086 INFO             PET0 ESMF_PIO                    : enabled
20260613 042011.086 INFO             PET0 ESMF_YAMLCPP                : enabled
20260613 042011.093 INFO             PET0 ESMF_FieldRedistStoreNF(): Just entered routine.
20260613 042011.319 INFO             PET0 ESMF_FieldRedistStoreNF(): Leaving routine.
20260613 042011.323 INFO             PET0  NUMBER_OF_PROCESSORS           4
20260613 042011.323 INFO             PET0  PASS  Example ESMF_RHandleFromFileEx, ESMF_RHandleFromFileEx.F90, line 192
20260613 042011.323 INFO             PET0  Finalizing ESMF
20260613 042011.086 INFO             PET1 !!!!!!!!!!!!!!!!!!!!!!!!!!!!!!!!!!!!!!!!!!!!!!!!!!!!!!
20260613 042011.086 INFO             PET1 !!! THE ESMF_LOG IS SET TO OUTPUT ALL LOG MESSAGES !!!
20260613 042011.086 INFO             PET1 !!!     THIS MAY CAUSE SLOWDOWN IN PERFORMANCE     !!!
20260613 042011.086 INFO             PET1 !!! FOR PRODUCTION RUNS, USE:                      !!!
20260613 042011.086 INFO             PET1 !!!                   ESMF_LOGKIND_Multi_On_Error  !!!
20260613 042011.086 INFO             PET1 !!!!!!!!!!!!!!!!!!!!!!!!!!!!!!!!!!!!!!!!!!!!!!!!!!!!!!
20260613 042011.086 INFO             PET1 Running with ESMF Version   : develop+g9f36e8ab68
20260613 042011.086 INFO             PET1 ESMF library build date/time: "Jun 13 2026" "03:46:47"
20260613 042011.086 INFO             PET1 ESMF library build location : /tmp/intel_2023.2.0_mpi_g_develop/esmf
20260613 042011.086 INFO             PET1 ESMF_COMM                   : mpi
20260613 042011.086 INFO             PET1 ESMF_MOAB                   : enabled
20260613 042011.086 INFO             PET1 ESMF_LAPACK                 : enabled
20260613 042011.086 INFO             PET1 ESMF_NETCDF                 : enabled
20260613 042011.086 INFO             PET1 ESMF_PNETCDF                : disabled
20260613 042011.086 INFO             PET1 ESMF_PIO                    : enabled
20260613 042011.086 INFO             PET1 ESMF_YAMLCPP                : enabled
20260613 042011.093 INFO             PET1 ESMF_FieldRedistStoreNF(): Just entered routine.
20260613 042011.319 INFO             PET1 ESMF_FieldRedistStoreNF(): Leaving routine.
20260613 042011.323 INFO             PET1  NUMBER_OF_PROCESSORS           4
20260613 042011.323 INFO             PET1  PASS  Example ESMF_RHandleFromFileEx, ESMF_RHandleFromFileEx.F90, line 192
20260613 042011.324 INFO             PET1  Finalizing ESMF
20260613 042011.086 INFO             PET2 !!!!!!!!!!!!!!!!!!!!!!!!!!!!!!!!!!!!!!!!!!!!!!!!!!!!!!
20260613 042011.086 INFO             PET2 !!! THE ESMF_LOG IS SET TO OUTPUT ALL LOG MESSAGES !!!
20260613 042011.086 INFO             PET2 !!!     THIS MAY CAUSE SLOWDOWN IN PERFORMANCE     !!!
20260613 042011.086 INFO             PET2 !!! FOR PRODUCTION RUNS, USE:                      !!!
20260613 042011.086 INFO             PET2 !!!                   ESMF_LOGKIND_Multi_On_Error  !!!
20260613 042011.086 INFO             PET2 !!!!!!!!!!!!!!!!!!!!!!!!!!!!!!!!!!!!!!!!!!!!!!!!!!!!!!
20260613 042011.086 INFO             PET2 Running with ESMF Version   : develop+g9f36e8ab68
20260613 042011.086 INFO             PET2 ESMF library build date/time: "Jun 13 2026" "03:46:47"
20260613 042011.086 INFO             PET2 ESMF library build location : /tmp/intel_2023.2.0_mpi_g_develop/esmf
20260613 042011.086 INFO             PET2 ESMF_COMM                   : mpi
20260613 042011.086 INFO             PET2 ESMF_MOAB                   : enabled
20260613 042011.086 INFO             PET2 ESMF_LAPACK                 : enabled
20260613 042011.086 INFO             PET2 ESMF_NETCDF                 : enabled
20260613 042011.086 INFO             PET2 ESMF_PNETCDF                : disabled
20260613 042011.086 INFO             PET2 ESMF_PIO                    : enabled
20260613 042011.086 INFO             PET2 ESMF_YAMLCPP                : enabled
20260613 042011.092 INFO             PET2 ESMF_FieldRedistStoreNF(): Just entered routine.
20260613 042011.319 INFO             PET2 ESMF_FieldRedistStoreNF(): Leaving routine.
20260613 042011.323 INFO             PET2  NUMBER_OF_PROCESSORS           4
20260613 042011.323 INFO             PET2  PASS  Example ESMF_RHandleFromFileEx, ESMF_RHandleFromFileEx.F90, line 192
20260613 042011.323 INFO             PET2  Finalizing ESMF
20260613 042011.086 INFO             PET3 !!!!!!!!!!!!!!!!!!!!!!!!!!!!!!!!!!!!!!!!!!!!!!!!!!!!!!
20260613 042011.086 INFO             PET3 !!! THE ESMF_LOG IS SET TO OUTPUT ALL LOG MESSAGES !!!
20260613 042011.086 INFO             PET3 !!!     THIS MAY CAUSE SLOWDOWN IN PERFORMANCE     !!!
20260613 042011.086 INFO             PET3 !!! FOR PRODUCTION RUNS, USE:                      !!!
20260613 042011.086 INFO             PET3 !!!                   ESMF_LOGKIND_Multi_On_Error  !!!
20260613 042011.086 INFO             PET3 !!!!!!!!!!!!!!!!!!!!!!!!!!!!!!!!!!!!!!!!!!!!!!!!!!!!!!
20260613 042011.086 INFO             PET3 Running with ESMF Version   : develop+g9f36e8ab68
20260613 042011.086 INFO             PET3 ESMF library build date/time: "Jun 13 2026" "03:46:47"
20260613 042011.086 INFO             PET3 ESMF library build location : /tmp/intel_2023.2.0_mpi_g_develop/esmf
20260613 042011.086 INFO             PET3 ESMF_COMM                   : mpi
20260613 042011.086 INFO             PET3 ESMF_MOAB                   : enabled
20260613 042011.086 INFO             PET3 ESMF_LAPACK                 : enabled
20260613 042011.086 INFO             PET3 ESMF_NETCDF                 : enabled
20260613 042011.086 INFO             PET3 ESMF_PNETCDF                : disabled
20260613 042011.086 INFO             PET3 ESMF_PIO                    : enabled
20260613 042011.086 INFO             PET3 ESMF_YAMLCPP                : enabled
20260613 042011.094 INFO             PET3 ESMF_FieldRedistStoreNF(): Just entered routine.
20260613 042011.319 INFO             PET3 ESMF_FieldRedistStoreNF(): Leaving routine.
20260613 042011.323 INFO             PET3  NUMBER_OF_PROCESSORS           4
20260613 042011.323 INFO             PET3  PASS  Example ESMF_RHandleFromFileEx, ESMF_RHandleFromFileEx.F90, line 192
20260613 042011.324 INFO             PET3  Finalizing ESMF
