2026-06-10 21:07:41
libc++abi: terminating due to uncaught exception of type nlohmann::json_abi_v3_11_2::detail::out_of_range: [json.exception.out_of_range.403] key 'NUOPC' not found

Program received signal SIGABRT: Process abort signal.

Backtrace for this error:
libc++abi: terminating due to uncaught exception of type nlohmann::json_abi_v3_11_2::detail::out_of_range: [json.exception.out_of_range.403] key 'NUOPC' not found

Program received signal SIGABRT: Process abort signal.

Backtrace for this error:
libc++abi: terminating due to uncaught exception of type nlohmann::json_abi_v3_11_2::detail::out_of_range: [json.exception.out_of_range.403] key 'NUOPC' not found

Program received signal SIGABRT: Process abort signal.

Backtrace for this error:
libc++abi: terminating due to uncaught exception of type nlohmann::json_abi_v3_11_2::detail::out_of_range: [json.exception.out_of_range.403] key 'NUOPC' not found

Program received signal SIGABRT: Process abort signal.

Backtrace for this error:
#0  0x10221e0af
#1  0x10221d103
#2  0x18f60c623
#3  0x18f5d288b
#4  0x18f4dbc5f
#5  0x18f58839b
#6  0x18f576cef
#7  0x18f1fcde3
#8  0x18f5876af
#9  0x18f58ac47
#10  0x18f58abef
#0  0x1045660af
#1  0x104565103
#2  0x18f60c623
#3  0x18f5d288b
#4  0x18f4dbc5f
#5  0x18f58839b
#6  0x18f576cef
#7  0x18f1fcde3
#8  0x18f5876af
#9  0x18f58ac47
#10  0x18f58abef
#0  0x10234e0af
#1  0x10234d103
#2  0x18f60c623
#3  0x18f5d288b
#4  0x18f4dbc5f
#5  0x18f58839b
#6  0x18f576cef
#7  0x18f1fcde3
#8  0x18f5876af
#9  0x18f58ac47
#10  0x18f58abef
#0  0x101faa0af
#1  0x101fa9103
#2  0x18f60c623
#3  0x18f5d288b
#4  0x18f4dbc5f
#5  0x18f58839b
#6  0x18f576cef
#7  0x18f1fcde3
#8  0x18f5876af
#9  0x18f58ac47
#10  0x18f58abef
--------------------------------------------------------------------------
prterun noticed that process rank 3 with PID 42522 on node cgdm-fairy exited on
signal 6 (Abort trap: 6).
--------------------------------------------------------------------------
