 
--------------------------------------------------------------
ESMF_VERSION_STRING:      8.9.0 beta snapshot
ESMF_VERSION_STRING_GIT: develop+ge6802af432
--------------------------------------------------------------
On branch develop
Your branch is up to date with 'origin/develop'.

nothing to commit, working tree clean
--------------------------------------------------------------
 
--------------------------------------------------------------
Make version:
GNU Make 4.2.1
Built for x86_64-suse-linux-gnu
Copyright (C) 1988-2016 Free Software Foundation, Inc.
License GPLv3+: GNU GPL version 3 or later <http://gnu.org/licenses/gpl.html>
This is free software: you are free to change and redistribute it.
There is NO WARRANTY, to the extent permitted by law.

--------------------------------------------------------------
CMake version:
cmake version 3.27.9

CMake suite maintained and supported by Kitware (kitware.com/cmake).

--------------------------------------------------------------
Fortran Compiler version:
Intel(R) Fortran Compiler for applications running on Intel(R) 64, Version 2025.0.0 Build 20241008
Copyright (C) 1985-2024 Intel Corporation. All rights reserved.


--------------------------------------------------------------
C++ Compiler version:
Intel(R) oneAPI DPC++/C++ Compiler for applications running on Intel(R) 64, Version 2025.0.0 Build 20241008
Copyright (C) 1985-2024 Intel Corporation. All rights reserved.


--------------------------------------------------------------
C Compiler version:
Intel(R) oneAPI DPC++/C++ Compiler for applications running on Intel(R) 64, Version 2025.0.0 Build 20241008
Copyright (C) 1985-2024 Intel Corporation. All rights reserved.


--------------------------------------------------------------
Preprocessor version:
gcc (SUSE Linux) 7.5.0
Copyright (C) 2017 Free Software Foundation, Inc.
This is free software; see the source for copying conditions.  There is NO
warranty; not even for MERCHANTABILITY or FITNESS FOR A PARTICULAR PURPOSE.

--------------------------------------------------------------
NetCDF library version: netCDF 4.9.0
NetCDF Fortran version: netCDF-Fortran 4.5.3
 
--------------------------------------------------------------
 * User set ESMF environment variables *
ESMF_BOPT=g
ESMF_COMM=mpiuni
ESMF_COMPILER=intel
ESMF_DIR=/tmp/intel_2025.0.0-oneAPI_mpiuni_g_develop/esmf
ESMF_MPIRUN=/gpfs/f5/nggps_emc/world-shared/Gerhard.Theurich/ESMF-Nightly-Testing-C5/intel_2025.0.0-oneAPI_mpiuni_g_develop/esmf/src/Infrastructure/stubs/mpiuni/mpirun
ESMF_NETCDF_INCLUDE=/opt/cray/pe/netcdf/4.9.0.17/intel/2023.2/include
ESMF_NETCDF_LIBPATH=/opt/cray/pe/netcdf/4.9.0.17/intel/2023.2/lib
ESMF_NETCDF_LIBS=-lnetcdff -lnetcdf
ESMF_NETCDF=nc-config
ESMF_TESTEXHAUSTIVE=ON
ESMF_TESTWITHTHREADS=ON
 
--------------------------------------------------------------
 * ESMF environment variables *
ESMF_DIR: /tmp/intel_2025.0.0-oneAPI_mpiuni_g_develop/esmf
ESMF_OS:                   Unicos
ESMF_MACHINE:              x86_64
ESMF_ABI:                  64
ESMF_COMPILER:             intel
ESMF_BOPT:                 g
ESMF_COMM:                 mpiuni
ESMF_SITE:                 default
ESMF_PTHREADS:             ON
ESMF_OPENMP:               ON
ESMF_OPENACC:              OFF
ESMF_CXXSTD:               11
ESMF_ARRAY_LITE:           FALSE
ESMF_NO_INTEGER_1_BYTE:    TRUE
ESMF_NO_INTEGER_2_BYTE:    TRUE
ESMF_FORTRANSYMBOLS:       default
ESMF_MAPPER_BUILD:         OFF
ESMF_AUTO_LIB_BUILD:       ON
ESMF_DEFER_LIB_BUILD:      ON
ESMF_SHARED_LIB_BUILD:     ON
ESMF_TRACE_LIB_BUILD:      ON
ESMF_TRACE_BUILD_SHARED:   ON
ESMF_TRACE_PRELOAD_LINKED: OFF
ESMF_TESTEXHAUSTIVE:       ON
ESMF_TESTPERFORMANCE:      ON
ESMF_TESTCOMPTUNNEL:       ON
ESMF_TESTWITHTHREADS:      ON
ESMF_TESTMPMD:             OFF
ESMF_TESTSHAREDOBJ:        OFF
ESMF_TESTFORCEOPENMP:      OFF
ESMF_TESTFORCEOPENACC:     OFF
ESMF_TESTHARNESS_ARRAY:    default
ESMF_TESTHARNESS_FIELD:    default
ESMF_MPIRUN:               /gpfs/f5/nggps_emc/world-shared/Gerhard.Theurich/ESMF-Nightly-Testing-C5/intel_2025.0.0-oneAPI_mpiuni_g_develop/esmf/src/Infrastructure/stubs/mpiuni/mpirun
 
--------------------------------------------------------------
 * ESMF environment variables pointing to 3rd party software *
ESMF_MOAB:               internal
ESMF_LAPACK:             internal
ESMF_ACC_SOFTWARE_STACK: none
ESMF_NETCDF:             nc-config
ESMF_NETCDF_INCLUDE:     /opt/cray/pe/netcdf/4.9.0.17/intel/2023.2/include
ESMF_NETCDF_LIBS:        -lnetcdff -lnetcdf
ESMF_NETCDF_LIBPATH:     /opt/cray/pe/netcdf/4.9.0.17/intel/2023.2/lib
ESMF_NFCONFIG:           nf-config
ESMF_NETCDFF_INCLUDE:    /opt/cray/pe/netcdf/4.9.0.17/intel/2023.2/include
ESMF_PIO:                internal
ESMF_PIO_LIBS:           -lpioc
ESMF_YAMLCPP:            internal
 
--------------------------------------------------------------
 * ESMF environment variables for final installation *
ESMF_INSTALL_PREFIX:    ./DEFAULTINSTALLDIR
ESMF_INSTALL_HEADERDIR: include
ESMF_INSTALL_MODDIR:    mod/modg/Unicos.intel.64.mpiuni.default
ESMF_INSTALL_LIBDIR:    lib/libg/Unicos.intel.64.mpiuni.default
ESMF_INSTALL_BINDIR:    bin/bing/Unicos.intel.64.mpiuni.default
ESMF_INSTALL_DOCDIR:    doc
ESMF_INSTALL_CMAKEDIR:  cmake
 
--------------------------------------------------------------
 * ESMF Benchmark directory and parameters *
ESMF_BENCHMARK_PREFIX:         ./DEFAULTBENCHMARKDIR
ESMF_BENCHMARK_TOLERANCE:      20%
ESMF_BENCHMARK_THRESHOLD_MSEC: 500
 
--------------------------------------------------------------
 * Other relevant environment variables *
PATH:     /opt/cray/pe/netcdf/4.9.0.17/bin:/opt/cray/pe/hdf5/1.14.3.5/intel/2023.2/bin:/opt/intel/oneapi/mkl/2025.0/bin:/opt/intel/oneapi/compiler/2025.0/bin:/sw/gaea-c5/spack-envs/core-24.10/opt/gcc-7.5.0/cmake-3.27.9-ybfu3n4t3rp32q32sd4ysfhr33d35gyf/bin:/sw/gaea-c5/spack-envs/base/opt/linux-sles15-x86_64/gcc-7.5.0/git-2.35.2-xs3ut2fsemxb56p4estjtyyflh6hls2a/bin:/opt/cray/pe/mpich/8.1.32/ofi/intel/2022.1/bin:/opt/cray/pe/mpich/8.1.32/bin:/opt/cray/pe/craype/2.7.34/bin:/opt/clmgr/sbin:/opt/clmgr/bin:/opt/sgi/sbin:/opt/sgi/bin:/usr/local/bin:/usr/bin:/bin:/opt/bin:/opt/c3/bin:/usr/lib/mit/bin:/usr/lib/mit/sbin:/opt/puppetlabs/bin:/sbin:/usr/lpp/mmfs/bin:/opt/cray/pe/bin
LD_LIBRARY_PATH: /opt/intel/oneapi/mkl/2025.0/lib:/opt/intel/oneapi/compiler/2025.0/opt/compiler/lib:/opt/intel/oneapi/compiler/2025.0/lib:/opt/cray/pe/papi/7.2.0.1/lib64:/opt/cray/libfabric/1.20.1/lib64:/ncrc/home2/Gerhard.Theurich/opt/bin
LDFLAGS:  
CXXFLAGS: 
FCFLAGS:  
CFLAGS:   
 
--------------------------------------------------------------
 * Compilers, Linkers, Flags, and Libraries *
Location of the preprocessor:      /usr/bin/gcc
Location of the Fortran compiler:  /opt/cray/pe/craype/2.7.34/bin/ftn
Location of the Fortran linker:    /opt/cray/pe/craype/2.7.34/bin/ftn
Location of the C++ compiler:      /opt/cray/pe/craype/2.7.34/bin/CC
Location of the C++ linker:        /opt/cray/pe/craype/2.7.34/bin/CC
Location of the C compiler:        /opt/cray/pe/craype/2.7.34/bin/cc
Location of the C linker:          /opt/cray/pe/craype/2.7.34/bin/cc

Fortran compiler flags:
ESMF_F90COMPILER: ftn
ESMF_F90COMPILEOPTS: -g -traceback -check arg_temp_created,bounds,format,output_conversion,stack  -fPIC -assume realloc_lhs   -qopenmp
ESMF_F90COMPILEPATHS: -I/tmp/intel_2025.0.0-oneAPI_mpiuni_g_develop/esmf/mod/modg/Unicos.intel.64.mpiuni.default -I/tmp/intel_2025.0.0-oneAPI_mpiuni_g_develop/esmf/src/include -I/opt/cray/pe/netcdf/4.9.0.17/intel/2023.2/include -I/opt/cray/pe/netcdf/4.9.0.17/intel/2023.2/include
ESMF_F90COMPILECPPFLAGS: -DESMF_NO_INTEGER_1_BYTE -DESMF_NO_INTEGER_2_BYTE -DESMF_VERSION_STRING_GIT='develop+ge6802af432' -DESMF_MPIUNI -I/tmp/intel_2025.0.0-oneAPI_mpiuni_g_develop/esmf/src/Infrastructure/stubs/mpiuni -DESMF_MOAB=1 -DESMF_LAPACK=1 -DESMF_LAPACK_INTERNAL=1 -DESMF_NO_ACC_SOFTWARE_STACK=1 -DESMF_PIO=1 -DESMF_NETCDF=1 -DESMF_YAMLCPP=1 -DESMF_YAML=1 -DESMF_NO_OPENACC -DESMF_TESTEXHAUSTIVE -DESMF_BOPT_g -DESMF_TESTPERFORMANCE -DESMF_TESTCOMPTUNNEL -DESMF_TESTWITHTHREADS -DS64=1 -DESMF_OS_Unicos=1 -DESMF_COMM=mpiuni -DESMF_DIR=/tmp/intel_2025.0.0-oneAPI_mpiuni_g_develop/esmf
ESMF_F90COMPILEFREECPP: 
ESMF_F90COMPILEFREENOCPP: 
ESMF_F90COMPILEFIXCPP: 
ESMF_F90COMPILEFIXNOCPP: 

Fortran linker flags:
ESMF_F90LINKOPTS:    -cxxlib -Wl,--no-as-needed  -qopenmp
ESMF_F90LINKPATHS: -L/tmp/intel_2025.0.0-oneAPI_mpiuni_g_develop/esmf/lib/libg/Unicos.intel.64.mpiuni.default -L/opt/cray/pe/netcdf/4.9.0.17/intel/2023.2/lib 
ESMF_F90LINKRPATHS: -Wl,-rpath,/tmp/intel_2025.0.0-oneAPI_mpiuni_g_develop/esmf/lib/libg/Unicos.intel.64.mpiuni.default  -Wl,-rpath,/opt/cray/pe/netcdf/4.9.0.17/intel/2023.2/lib
ESMF_F90LINKLIBS: -lpioc -lnetcdff -lnetcdf -lrt -ldl
ESMF_F90ESMFLINKLIBS: -lesmf -lpioc -lnetcdff -lnetcdf -lrt -ldl

C++ compiler flags:
ESMF_CXXCOMPILER: CC
ESMF_CXXCOMPILEOPTS: -std=c++11 -g -traceback -Wcheck  -fPIC -pthread  -qopenmp
ESMF_CXXCOMPILEPATHS:  -I/tmp/intel_2025.0.0-oneAPI_mpiuni_g_develop/esmf/src/include  -I/opt/cray/pe/netcdf/4.9.0.17/intel/2023.2/include -I/tmp/intel_2025.0.0-oneAPI_mpiuni_g_develop/esmf/src/prologue/yaml-cpp/include
ESMF_CXXCOMPILECPPFLAGS: -DESMF_NO_INTEGER_1_BYTE -DESMF_NO_INTEGER_2_BYTE -DESMF_VERSION_STRING_GIT='develop+ge6802af432' -DESMF_MPIUNI -I/tmp/intel_2025.0.0-oneAPI_mpiuni_g_develop/esmf/src/Infrastructure/stubs/mpiuni -DESMF_MOAB=1 -DESMF_LAPACK=1 -DESMF_LAPACK_INTERNAL=1 -DESMF_NO_ACC_SOFTWARE_STACK=1 -DESMF_PIO=1 -DESMF_NETCDF=1 -DESMF_YAMLCPP=1 -DESMF_YAML=1 -DESMF_NO_OPENACC -DESMF_TESTEXHAUSTIVE -DESMF_BOPT_g -DESMF_TESTPERFORMANCE -DESMF_TESTCOMPTUNNEL -DESMF_TESTWITHTHREADS -DS64=1 -DESMF_OS_Unicos=1 -DESMF_COMM=mpiuni -DESMF_DIR=/tmp/intel_2025.0.0-oneAPI_mpiuni_g_develop/esmf -D__SDIR__='' -DESMF_CXXSTD=11 -DESMF_NO_POSIXIPC

C++ linker flags:
ESMF_CXXLINKOPTS:   -pthread -Wl,--no-as-needed  -qopenmp
ESMF_CXXLINKPATHS: -L/tmp/intel_2025.0.0-oneAPI_mpiuni_g_develop/esmf/lib/libg/Unicos.intel.64.mpiuni.default -L/opt/cray/pe/netcdf/4.9.0.17/intel/2023.2/lib -L/opt/intel/oneapi/compiler/2025.0/lib/
ESMF_CXXLINKRPATHS: -Wl,-rpath,/tmp/intel_2025.0.0-oneAPI_mpiuni_g_develop/esmf/lib/libg/Unicos.intel.64.mpiuni.default  -Wl,-rpath,/opt/cray/pe/netcdf/4.9.0.17/intel/2023.2/lib
ESMF_CXXLINKLIBS: -lpioc -lnetcdff -lnetcdf -lrt -ldl
ESMF_CXXESMFLINKLIBS: -lesmf -lpioc -lnetcdff -lnetcdf -lrt -ldl

C compiler flags:
ESMF_CCOMPILER: cc
ESMF_CCOMPILEOPTS: -std=c99 -g  -fPIC  -qopenmp
ESMF_CCOMPILEPATHS:  -I/tmp/intel_2025.0.0-oneAPI_mpiuni_g_develop/esmf/src/include  
ESMF_CCOMPILECPPFLAGS: -DESMF_NO_INTEGER_1_BYTE -DESMF_NO_INTEGER_2_BYTE -DESMF_VERSION_STRING_GIT='develop+ge6802af432' -DESMF_MPIUNI -I/tmp/intel_2025.0.0-oneAPI_mpiuni_g_develop/esmf/src/Infrastructure/stubs/mpiuni -DESMF_MOAB=1 -DESMF_LAPACK=1 -DESMF_LAPACK_INTERNAL=1 -DESMF_NO_ACC_SOFTWARE_STACK=1 -DESMF_PIO=1 -DESMF_NETCDF=1 -DESMF_YAMLCPP=1 -DESMF_YAML=1 -DESMF_NO_OPENACC -DESMF_TESTEXHAUSTIVE -DESMF_BOPT_g -DESMF_TESTPERFORMANCE -DESMF_TESTCOMPTUNNEL -DESMF_TESTWITHTHREADS -DS64=1 -DESMF_OS_Unicos=1 -DESMF_COMM=mpiuni -DESMF_DIR=/tmp/intel_2025.0.0-oneAPI_mpiuni_g_develop/esmf -D__SDIR__='' -DESMF_CSTD=99

C linker flags:
ESMF_CLINKOPTS:    -qopenmp
ESMF_CLINKPATHS: -L/tmp/intel_2025.0.0-oneAPI_mpiuni_g_develop/esmf/lib/libg/Unicos.intel.64.mpiuni.default -L/opt/cray/pe/netcdf/4.9.0.17/intel/2023.2/lib -L/opt/intel/oneapi/compiler/2025.0/lib/ -L/tmp/intel_2025.0.0-oneAPI_mpiuni_g_develop/esmf/lib/libg/Unicos.intel.64.mpiuni.default -L/opt/cray/pe/netcdf/4.9.0.17/intel/2023.2/lib 
ESMF_CLINKRPATHS: -Wl,-rpath,/tmp/intel_2025.0.0-oneAPI_mpiuni_g_develop/esmf/lib/libg/Unicos.intel.64.mpiuni.default -Wl,-rpath,/opt/cray/pe/netcdf/4.9.0.17/intel/2023.2/lib -Wl,-rpath,/opt/intel/oneapi/compiler/2025.0/lib/ -Wl,-rpath,/tmp/intel_2025.0.0-oneAPI_mpiuni_g_develop/esmf/lib/libg/Unicos.intel.64.mpiuni.default -Wl,-rpath,/opt/cray/pe/netcdf/4.9.0.17/intel/2023.2/lib
ESMF_CLINKLIBS: -lpioc -lnetcdff -lnetcdf -lrt -ldl -lpioc -lnetcdff -lnetcdf -lrt -ldl
ESMF_CESMFLINKLIBS: -lesmf -lpioc -lnetcdff -lnetcdf -lrt -ldl -lpioc -lnetcdff -lnetcdf -lrt -ldl

Shared library build:
ESMF_SL_LIBS_TO_MAKE: libesmf
ESMF_SL_SUFFIX:       so
ESMF_SL_LIBLINKER:    CC
ESMF_SL_LIBOPTS:       -pthread -shared  -qopenmp
ESMF_SL_LIBLIBS:      

ESMF Tracing linker options:
ESMF_TRACE_LDPRELOAD=/tmp/intel_2025.0.0-oneAPI_mpiuni_g_develop/esmf/lib/libg/Unicos.intel.64.mpiuni.default/libesmftrace_preload.so
ESMF_TRACE_STATICLINKOPTS=-static -Wl,--wrap=c_esmftrace_notify_wrappers -Wl,--wrap=c_esmftrace_isinitialized -Wl,--wrap=write -Wl,--wrap=writev -Wl,--wrap=pwrite -Wl,--wrap=read -Wl,--wrap=open -Wl,--wrap=MPI_Allgather -Wl,--wrap=MPI_Allgatherv -Wl,--wrap=MPI_Allreduce -Wl,--wrap=MPI_Alltoall -Wl,--wrap=MPI_Alltoallv -Wl,--wrap=MPI_Alltoallw -Wl,--wrap=MPI_Barrier -Wl,--wrap=MPI_Bcast -Wl,--wrap=MPI_Bsend -Wl,--wrap=MPI_Gather -Wl,--wrap=MPI_Gatherv -Wl,--wrap=MPI_Iprobe -Wl,--wrap=MPI_Irecv -Wl,--wrap=MPI_Irsend -Wl,--wrap=MPI_Isend -Wl,--wrap=MPI_Issend -Wl,--wrap=MPI_Probe -Wl,--wrap=MPI_Recv -Wl,--wrap=MPI_Reduce -Wl,--wrap=MPI_Rsend -Wl,--wrap=MPI_Scan -Wl,--wrap=MPI_Scatter -Wl,--wrap=MPI_Scatterv -Wl,--wrap=MPI_Send -Wl,--wrap=MPI_Sendrecv -Wl,--wrap=MPI_Test -Wl,--wrap=MPI_Testall -Wl,--wrap=MPI_Testany -Wl,--wrap=MPI_Testsome -Wl,--wrap=MPI_Wait -Wl,--wrap=MPI_Waitall -Wl,--wrap=MPI_Waitany -Wl,--wrap=MPI_Waitsome -Wl,--wrap=mpi_allgather_ -Wl,--wrap=mpi_allgather__ -Wl,--wrap=mpi_allgatherv_ -Wl,--wrap=mpi_allgatherv__ -Wl,--wrap=mpi_allreduce_ -Wl,--wrap=mpi_allreduce__ -Wl,--wrap=mpi_alltoall_ -Wl,--wrap=mpi_alltoall__ -Wl,--wrap=mpi_alltoallv_ -Wl,--wrap=mpi_alltoallv__ -Wl,--wrap=mpi_alltoallw_ -Wl,--wrap=mpi_alltoallw__ -Wl,--wrap=mpi_barrier_ -Wl,--wrap=mpi_barrier__ -Wl,--wrap=mpi_bcast_ -Wl,--wrap=mpi_bcast__ -Wl,--wrap=mpi_bsend_ -Wl,--wrap=mpi_bsend__ -Wl,--wrap=mpi_exscan_ -Wl,--wrap=mpi_exscan__ -Wl,--wrap=mpi_gather_ -Wl,--wrap=mpi_gather__ -Wl,--wrap=mpi_gatherv_ -Wl,--wrap=mpi_gatherv__ -Wl,--wrap=mpi_iprobe_ -Wl,--wrap=mpi_iprobe__ -Wl,--wrap=mpi_irecv_ -Wl,--wrap=mpi_irecv__ -Wl,--wrap=mpi_irsend_ -Wl,--wrap=mpi_irsend__ -Wl,--wrap=mpi_isend_ -Wl,--wrap=mpi_isend__ -Wl,--wrap=mpi_issend_ -Wl,--wrap=mpi_issend__ -Wl,--wrap=mpi_probe_ -Wl,--wrap=mpi_probe__ -Wl,--wrap=mpi_recv_ -Wl,--wrap=mpi_recv__ -Wl,--wrap=mpi_reduce_ -Wl,--wrap=mpi_reduce__ -Wl,--wrap=mpi_reduce_scatter_ -Wl,--wrap=mpi_reduce_scatter__ -Wl,--wrap=mpi_rsend_ -Wl,--wrap=mpi_rsend__ -Wl,--wrap=mpi_scatter_ -Wl,--wrap=mpi_scatter__ -Wl,--wrap=mpi_scatterv_ -Wl,--wrap=mpi_scatterv__ -Wl,--wrap=mpi_scan_ -Wl,--wrap=mpi_scan__ -Wl,--wrap=mpi_send_ -Wl,--wrap=mpi_send__ -Wl,--wrap=mpi_sendrecv_ -Wl,--wrap=mpi_sendrecv__ -Wl,--wrap=mpi_test_ -Wl,--wrap=mpi_test__ -Wl,--wrap=mpi_testall_ -Wl,--wrap=mpi_testall__ -Wl,--wrap=mpi_testany_ -Wl,--wrap=mpi_testany__ -Wl,--wrap=mpi_testsome_ -Wl,--wrap=mpi_testsome__ -Wl,--wrap=mpi_wait_ -Wl,--wrap=mpi_wait__ -Wl,--wrap=mpi_waitall_ -Wl,--wrap=mpi_waitall__ -Wl,--wrap=mpi_waitany_ -Wl,--wrap=mpi_waitany__
ESMF_TRACE_STATICLINKLIBS=-lesmftrace_static
ESMF_TRACE_DYNAMICLINKLIBS=-lesmftrace_preload
ESMF_F90ESMFPRELOADLINKLIBS=-lesmf -lesmftrace_preload -lpioc -lnetcdff -lnetcdf -lrt -ldl


--------------------------------------------------------------
Compiling on Tue 08 Jul 2025 03:23:02 AM EDT on c5n1558
Machine characteristics: Linux c5n1558 5.14.21-150500.55.65_13.0.73-cray_shasta_c #1 SMP Fri Jun 14 21:25:32 UTC 2024 (d052318) x86_64 x86_64 x86_64 GNU/Linux
==============================================================
 
