2026-05-22 03:50:22
20260522 041828.912 INFO             PET0 !!!!!!!!!!!!!!!!!!!!!!!!!!!!!!!!!!!!!!!!!!!!!!!!!!!!!!
20260522 041828.912 INFO             PET0 !!! THE ESMF_LOG IS SET TO OUTPUT ALL LOG MESSAGES !!!
20260522 041828.912 INFO             PET0 !!!     THIS MAY CAUSE SLOWDOWN IN PERFORMANCE     !!!
20260522 041828.912 INFO             PET0 !!! FOR PRODUCTION RUNS, USE:                      !!!
20260522 041828.912 INFO             PET0 !!!                   ESMF_LOGKIND_Multi_On_Error  !!!
20260522 041828.912 INFO             PET0 !!!!!!!!!!!!!!!!!!!!!!!!!!!!!!!!!!!!!!!!!!!!!!!!!!!!!!
20260522 041828.912 INFO             PET0 Running with ESMF Version   : develop+g3a22a06bd4
20260522 041828.912 INFO             PET0 ESMF library build date/time: "May 22 2026" "03:49:00"
20260522 041828.912 INFO             PET0 ESMF library build location : /tmp/intel_2023.2.0-classic_mpi_g_develop/esmf
20260522 041828.912 INFO             PET0 ESMF_COMM                   : mpi
20260522 041828.912 INFO             PET0 ESMF_MOAB                   : enabled
20260522 041828.912 INFO             PET0 ESMF_LAPACK                 : enabled
20260522 041828.912 INFO             PET0 ESMF_NETCDF                 : enabled
20260522 041828.912 INFO             PET0 ESMF_PNETCDF                : disabled
20260522 041828.912 INFO             PET0 ESMF_PIO                    : enabled
20260522 041828.912 INFO             PET0 ESMF_YAMLCPP                : enabled
20260522 041828.912 ERROR            PET0 ESMCI_Info.C:1289 Info::set(<json>) Cannot set value  - Error/Return Code 540 (ESMC_RC_CANNOT_SET) - Key '/myIntegerKey' already in map and force=false.
20260522 041828.913 ERROR            PET0 ESMCI_Info.C:1292 Info::set(<json>) Cannot set value  - Internal subroutine call returned Error
20260522 041828.913 ERROR            PET0 ESMCI_Info.C:1334 Info::set(<json>) Cannot set value  - Internal subroutine call returned Error
20260522 041828.913 ERROR            PET0 ESMCI_Info.C:1337 Info::set(<json>) Cannot set value  - Internal subroutine call returned Error
20260522 041828.913 ERROR            PET0 ESMCI_Info.C:1385 Info::set(<scalar>) Cannot set value  - Internal subroutine call returned Error
20260522 041828.913 ERROR            PET0 ESMC_InfoCDefGeneric.C:387 ESMC_InfoSetI4() Cannot set value  - Internal subroutine call returned Error
20260522 041828.913 ERROR            PET0 ESMF_Info.F90:2937 ESMF_InfoSetI4() Cannot set value  - Internal subroutine call returned Error
20260522 041828.913 INFO             PET0  NUMBER_OF_PROCESSORS           4
20260522 041828.913 INFO             PET0  PASS  Example ESMF_InfoTutorialEx, ESMF_InfoTutorialEx.F90, line 335
20260522 041828.913 INFO             PET0  Finalizing ESMF
20260522 041828.912 INFO             PET1 !!!!!!!!!!!!!!!!!!!!!!!!!!!!!!!!!!!!!!!!!!!!!!!!!!!!!!
20260522 041828.912 INFO             PET1 !!! THE ESMF_LOG IS SET TO OUTPUT ALL LOG MESSAGES !!!
20260522 041828.912 INFO             PET1 !!!     THIS MAY CAUSE SLOWDOWN IN PERFORMANCE     !!!
20260522 041828.912 INFO             PET1 !!! FOR PRODUCTION RUNS, USE:                      !!!
20260522 041828.912 INFO             PET1 !!!                   ESMF_LOGKIND_Multi_On_Error  !!!
20260522 041828.912 INFO             PET1 !!!!!!!!!!!!!!!!!!!!!!!!!!!!!!!!!!!!!!!!!!!!!!!!!!!!!!
20260522 041828.912 INFO             PET1 Running with ESMF Version   : develop+g3a22a06bd4
20260522 041828.912 INFO             PET1 ESMF library build date/time: "May 22 2026" "03:49:00"
20260522 041828.912 INFO             PET1 ESMF library build location : /tmp/intel_2023.2.0-classic_mpi_g_develop/esmf
20260522 041828.912 INFO             PET1 ESMF_COMM                   : mpi
20260522 041828.912 INFO             PET1 ESMF_MOAB                   : enabled
20260522 041828.912 INFO             PET1 ESMF_LAPACK                 : enabled
20260522 041828.912 INFO             PET1 ESMF_NETCDF                 : enabled
20260522 041828.912 INFO             PET1 ESMF_PNETCDF                : disabled
20260522 041828.912 INFO             PET1 ESMF_PIO                    : enabled
20260522 041828.912 INFO             PET1 ESMF_YAMLCPP                : enabled
20260522 041828.912 ERROR            PET1 ESMCI_Info.C:1289 Info::set(<json>) Cannot set value  - Error/Return Code 540 (ESMC_RC_CANNOT_SET) - Key '/myIntegerKey' already in map and force=false.
20260522 041828.913 ERROR            PET1 ESMCI_Info.C:1292 Info::set(<json>) Cannot set value  - Internal subroutine call returned Error
20260522 041828.913 ERROR            PET1 ESMCI_Info.C:1334 Info::set(<json>) Cannot set value  - Internal subroutine call returned Error
20260522 041828.913 ERROR            PET1 ESMCI_Info.C:1337 Info::set(<json>) Cannot set value  - Internal subroutine call returned Error
20260522 041828.913 ERROR            PET1 ESMCI_Info.C:1385 Info::set(<scalar>) Cannot set value  - Internal subroutine call returned Error
20260522 041828.913 ERROR            PET1 ESMC_InfoCDefGeneric.C:387 ESMC_InfoSetI4() Cannot set value  - Internal subroutine call returned Error
20260522 041828.913 ERROR            PET1 ESMF_Info.F90:2937 ESMF_InfoSetI4() Cannot set value  - Internal subroutine call returned Error
20260522 041828.913 INFO             PET1  NUMBER_OF_PROCESSORS           4
20260522 041828.913 INFO             PET1  PASS  Example ESMF_InfoTutorialEx, ESMF_InfoTutorialEx.F90, line 335
20260522 041828.913 INFO             PET1  Finalizing ESMF
20260522 041828.912 INFO             PET2 !!!!!!!!!!!!!!!!!!!!!!!!!!!!!!!!!!!!!!!!!!!!!!!!!!!!!!
20260522 041828.912 INFO             PET2 !!! THE ESMF_LOG IS SET TO OUTPUT ALL LOG MESSAGES !!!
20260522 041828.912 INFO             PET2 !!!     THIS MAY CAUSE SLOWDOWN IN PERFORMANCE     !!!
20260522 041828.912 INFO             PET2 !!! FOR PRODUCTION RUNS, USE:                      !!!
20260522 041828.912 INFO             PET2 !!!                   ESMF_LOGKIND_Multi_On_Error  !!!
20260522 041828.912 INFO             PET2 !!!!!!!!!!!!!!!!!!!!!!!!!!!!!!!!!!!!!!!!!!!!!!!!!!!!!!
20260522 041828.912 INFO             PET2 Running with ESMF Version   : develop+g3a22a06bd4
20260522 041828.912 INFO             PET2 ESMF library build date/time: "May 22 2026" "03:49:00"
20260522 041828.912 INFO             PET2 ESMF library build location : /tmp/intel_2023.2.0-classic_mpi_g_develop/esmf
20260522 041828.912 INFO             PET2 ESMF_COMM                   : mpi
20260522 041828.912 INFO             PET2 ESMF_MOAB                   : enabled
20260522 041828.912 INFO             PET2 ESMF_LAPACK                 : enabled
20260522 041828.912 INFO             PET2 ESMF_NETCDF                 : enabled
20260522 041828.912 INFO             PET2 ESMF_PNETCDF                : disabled
20260522 041828.912 INFO             PET2 ESMF_PIO                    : enabled
20260522 041828.912 INFO             PET2 ESMF_YAMLCPP                : enabled
20260522 041828.912 ERROR            PET2 ESMCI_Info.C:1289 Info::set(<json>) Cannot set value  - Error/Return Code 540 (ESMC_RC_CANNOT_SET) - Key '/myIntegerKey' already in map and force=false.
20260522 041828.913 ERROR            PET2 ESMCI_Info.C:1292 Info::set(<json>) Cannot set value  - Internal subroutine call returned Error
20260522 041828.913 ERROR            PET2 ESMCI_Info.C:1334 Info::set(<json>) Cannot set value  - Internal subroutine call returned Error
20260522 041828.913 ERROR            PET2 ESMCI_Info.C:1337 Info::set(<json>) Cannot set value  - Internal subroutine call returned Error
20260522 041828.913 ERROR            PET2 ESMCI_Info.C:1385 Info::set(<scalar>) Cannot set value  - Internal subroutine call returned Error
20260522 041828.913 ERROR            PET2 ESMC_InfoCDefGeneric.C:387 ESMC_InfoSetI4() Cannot set value  - Internal subroutine call returned Error
20260522 041828.913 ERROR            PET2 ESMF_Info.F90:2937 ESMF_InfoSetI4() Cannot set value  - Internal subroutine call returned Error
20260522 041828.913 INFO             PET2  NUMBER_OF_PROCESSORS           4
20260522 041828.913 INFO             PET2  PASS  Example ESMF_InfoTutorialEx, ESMF_InfoTutorialEx.F90, line 335
20260522 041828.913 INFO             PET2  Finalizing ESMF
20260522 041828.912 INFO             PET3 !!!!!!!!!!!!!!!!!!!!!!!!!!!!!!!!!!!!!!!!!!!!!!!!!!!!!!
20260522 041828.912 INFO             PET3 !!! THE ESMF_LOG IS SET TO OUTPUT ALL LOG MESSAGES !!!
20260522 041828.912 INFO             PET3 !!!     THIS MAY CAUSE SLOWDOWN IN PERFORMANCE     !!!
20260522 041828.912 INFO             PET3 !!! FOR PRODUCTION RUNS, USE:                      !!!
20260522 041828.912 INFO             PET3 !!!                   ESMF_LOGKIND_Multi_On_Error  !!!
20260522 041828.912 INFO             PET3 !!!!!!!!!!!!!!!!!!!!!!!!!!!!!!!!!!!!!!!!!!!!!!!!!!!!!!
20260522 041828.912 INFO             PET3 Running with ESMF Version   : develop+g3a22a06bd4
20260522 041828.912 INFO             PET3 ESMF library build date/time: "May 22 2026" "03:49:00"
20260522 041828.912 INFO             PET3 ESMF library build location : /tmp/intel_2023.2.0-classic_mpi_g_develop/esmf
20260522 041828.912 INFO             PET3 ESMF_COMM                   : mpi
20260522 041828.912 INFO             PET3 ESMF_MOAB                   : enabled
20260522 041828.912 INFO             PET3 ESMF_LAPACK                 : enabled
20260522 041828.912 INFO             PET3 ESMF_NETCDF                 : enabled
20260522 041828.912 INFO             PET3 ESMF_PNETCDF                : disabled
20260522 041828.912 INFO             PET3 ESMF_PIO                    : enabled
20260522 041828.912 INFO             PET3 ESMF_YAMLCPP                : enabled
20260522 041828.912 ERROR            PET3 ESMCI_Info.C:1289 Info::set(<json>) Cannot set value  - Error/Return Code 540 (ESMC_RC_CANNOT_SET) - Key '/myIntegerKey' already in map and force=false.
20260522 041828.913 ERROR            PET3 ESMCI_Info.C:1292 Info::set(<json>) Cannot set value  - Internal subroutine call returned Error
20260522 041828.913 ERROR            PET3 ESMCI_Info.C:1334 Info::set(<json>) Cannot set value  - Internal subroutine call returned Error
20260522 041828.913 ERROR            PET3 ESMCI_Info.C:1337 Info::set(<json>) Cannot set value  - Internal subroutine call returned Error
20260522 041828.913 ERROR            PET3 ESMCI_Info.C:1385 Info::set(<scalar>) Cannot set value  - Internal subroutine call returned Error
20260522 041828.913 ERROR            PET3 ESMC_InfoCDefGeneric.C:387 ESMC_InfoSetI4() Cannot set value  - Internal subroutine call returned Error
20260522 041828.913 ERROR            PET3 ESMF_Info.F90:2937 ESMF_InfoSetI4() Cannot set value  - Internal subroutine call returned Error
20260522 041828.913 INFO             PET3  NUMBER_OF_PROCESSORS           4
20260522 041828.913 INFO             PET3  PASS  Example ESMF_InfoTutorialEx, ESMF_InfoTutorialEx.F90, line 335
20260522 041828.913 INFO             PET3  Finalizing ESMF
