2026-06-19 01:48:46
20260619 023916.846 INFO             PET0 !!!!!!!!!!!!!!!!!!!!!!!!!!!!!!!!!!!!!!!!!!!!!!!!!!!!!!
20260619 023916.846 INFO             PET0 !!! THE ESMF_LOG IS SET TO OUTPUT ALL LOG MESSAGES !!!
20260619 023916.846 INFO             PET0 !!!     THIS MAY CAUSE SLOWDOWN IN PERFORMANCE     !!!
20260619 023916.846 INFO             PET0 !!! FOR PRODUCTION RUNS, USE:                      !!!
20260619 023916.846 INFO             PET0 !!!                   ESMF_LOGKIND_Multi_On_Error  !!!
20260619 023916.846 INFO             PET0 !!!!!!!!!!!!!!!!!!!!!!!!!!!!!!!!!!!!!!!!!!!!!!!!!!!!!!
20260619 023916.846 INFO             PET0 Running with ESMF Version   : feature/refresh-bmauer-c_dynmask_interface+gd740766d08
20260619 023916.846 INFO             PET0 ESMF library build date/time: "Jun 19 2026" "01:45:21"
20260619 023916.846 INFO             PET0 ESMF library build location : /glade/derecho/scratch/sacks/esmf-testing/nvhpc_26.1_mpiuni_g_feature_refresh-bmauer-c_dynmask_interface/esmf
20260619 023916.846 INFO             PET0 ESMF_COMM                   : mpiuni
20260619 023916.847 INFO             PET0 ESMF_MOAB                   : enabled
20260619 023916.847 INFO             PET0 ESMF_LAPACK                 : enabled
20260619 023916.847 INFO             PET0 ESMF_NETCDF                 : enabled
20260619 023916.847 INFO             PET0 ESMF_PNETCDF                : disabled
20260619 023916.847 INFO             PET0 ESMF_PIO                    : enabled
20260619 023916.847 INFO             PET0 ESMF_YAMLCPP                : enabled
20260619 023916.849 INFO             PET0  NUMBER_OF_PROCESSORS            1
20260619 023916.849 INFO             PET0  PASS  Example ESMF_DELayoutEx, ESMF_DELayoutEx.F90, line 394
20260619 023916.849 INFO             PET0  Finalizing ESMF
