2026-07-12 01:50:33
20260712 030655.787 INFO             PET0 !!!!!!!!!!!!!!!!!!!!!!!!!!!!!!!!!!!!!!!!!!!!!!!!!!!!!!
20260712 030655.787 INFO             PET0 !!! THE ESMF_LOG IS SET TO OUTPUT ALL LOG MESSAGES !!!
20260712 030655.787 INFO             PET0 !!!     THIS MAY CAUSE SLOWDOWN IN PERFORMANCE     !!!
20260712 030655.787 INFO             PET0 !!! FOR PRODUCTION RUNS, USE:                      !!!
20260712 030655.787 INFO             PET0 !!!                   ESMF_LOGKIND_Multi_On_Error  !!!
20260712 030655.787 INFO             PET0 !!!!!!!!!!!!!!!!!!!!!!!!!!!!!!!!!!!!!!!!!!!!!!!!!!!!!!
20260712 030655.787 INFO             PET0 Running with ESMF Version   : feature/refresh-bmauer-c_dynmask_interface+ge07d076824
20260712 030655.787 INFO             PET0 ESMF library build date/time: "Jul 12 2026" "01:46:51"
20260712 030655.787 INFO             PET0 ESMF library build location : /glade/derecho/scratch/sacks/esmf-testing/nvhpc_26.1_mpiuni_g_feature_refresh-bmauer-c_dynmask_interface/esmf
20260712 030655.787 INFO             PET0 ESMF_COMM                   : mpiuni
20260712 030655.788 INFO             PET0 ESMF_MOAB                   : enabled
20260712 030655.788 INFO             PET0 ESMF_LAPACK                 : enabled
20260712 030655.788 INFO             PET0 ESMF_NETCDF                 : enabled
20260712 030655.788 INFO             PET0 ESMF_PNETCDF                : disabled
20260712 030655.788 INFO             PET0 ESMF_PIO                    : enabled
20260712 030655.788 INFO             PET0 ESMF_YAMLCPP                : enabled
20260712 030655.788 INFO             PET0 ESMF Tracing Enabled
20260712 030655.788 INFO             PET0 ESMF Profiling Enabled
20260712 030655.788 INFO             PET0 ESMF Trace/Profile clock: REALTIME
20260712 030655.790 INFO             PET0  NUMBER_OF_PROCESSORS            1
20260712 030655.790 INFO             PET0  PASS  Example ESMF_TraceUserEx, ESMF_TraceUserEx.F90, line 125
20260712 030655.790 INFO             PET0  Finalizing ESMF
20260712 030655.790 INFO             PET0 **************** Region Timings *******************
20260712 030655.790 INFO             PET0 Region                Count  Total (s)   Self (s)    Mean (s)    Min (s)     Max (s)
20260712 030655.790 INFO             PET0   [ESMF]              1      0.0005      0.0003      0.0005      0.0005      0.0005
20260712 030655.791 INFO             PET0     outer_region      1      0.0002      0.0000      0.0002      0.0002      0.0002
20260712 030655.791 INFO             PET0       inner_region_1  10     0.0001      0.0001      0.0000      0.0000      0.0000
20260712 030655.791 INFO             PET0       inner_region_2  10     0.0001      0.0001      0.0000      0.0000      0.0000
