2026-05-23 07:41:48
20260523 084503.811 INFO             PET0 !!!!!!!!!!!!!!!!!!!!!!!!!!!!!!!!!!!!!!!!!!!!!!!!!!!!!!
20260523 084503.811 INFO             PET0 !!! THE ESMF_LOG IS SET TO OUTPUT ALL LOG MESSAGES !!!
20260523 084503.811 INFO             PET0 !!!     THIS MAY CAUSE SLOWDOWN IN PERFORMANCE     !!!
20260523 084503.812 INFO             PET0 !!! FOR PRODUCTION RUNS, USE:                      !!!
20260523 084503.812 INFO             PET0 !!!                   ESMF_LOGKIND_Multi_On_Error  !!!
20260523 084503.812 INFO             PET0 !!!!!!!!!!!!!!!!!!!!!!!!!!!!!!!!!!!!!!!!!!!!!!!!!!!!!!
20260523 084503.812 INFO             PET0 Running with ESMF Version   : develop+g681a42bf77
20260523 084503.812 INFO             PET0 ESMF library build date/time: "May 23 2026" "07:37:50"
20260523 084503.812 INFO             PET0 ESMF library build location : /scratch3/NCEPDEV/stmp/Gerhard.Theurich/ESMF-Nightly-Testing-Hera/nvhpc_24.1_mpiuni_g_develop/esmf
20260523 084503.812 INFO             PET0 ESMF_COMM                   : mpiuni
20260523 084503.812 INFO             PET0 ESMF_MOAB                   : enabled
20260523 084503.812 INFO             PET0 ESMF_LAPACK                 : enabled
20260523 084503.812 INFO             PET0 ESMF_NETCDF                 : disabled
20260523 084503.812 INFO             PET0 ESMF_PNETCDF                : disabled
20260523 084503.812 INFO             PET0 ESMF_PIO                    : disabled
20260523 084503.812 INFO             PET0 ESMF_YAMLCPP                : enabled
20260523 084503.832 INFO             PET0  NUMBER_OF_PROCESSORS            1
20260523 084503.832 INFO             PET0  PASS  Example ESMF_NUOPCBasicModelEx, ESMF_NUOPCBasicModelEx.F90, line 339
20260523 084503.832 INFO             PET0  Finalizing ESMF
