2026-08-12 07:42:55
20260812 085449.681 INFO             PET0 !!!!!!!!!!!!!!!!!!!!!!!!!!!!!!!!!!!!!!!!!!!!!!!!!!!!!!
20260812 085449.682 INFO             PET0 !!! THE ESMF_LOG IS SET TO OUTPUT ALL LOG MESSAGES !!!
20260812 085449.682 INFO             PET0 !!!     THIS MAY CAUSE SLOWDOWN IN PERFORMANCE     !!!
20260812 085449.682 INFO             PET0 !!! FOR PRODUCTION RUNS, USE:                      !!!
20260812 085449.682 INFO             PET0 !!!                   ESMF_LOGKIND_Multi_On_Error  !!!
20260812 085449.682 INFO             PET0 !!!!!!!!!!!!!!!!!!!!!!!!!!!!!!!!!!!!!!!!!!!!!!!!!!!!!!
20260812 085449.682 INFO             PET0 Running with ESMF Version   : develop+g17f2be238d
20260812 085449.682 INFO             PET0 ESMF library build date/time: "Aug 12 2026" "07:38:34"
20260812 085449.682 INFO             PET0 ESMF library build location : /scratch3/NCEPDEV/stmp/Gerhard.Theurich/ESMF-Nightly-Testing-Hera/nvhpc_24.1_mpiuni_g_develop/esmf
20260812 085449.682 INFO             PET0 ESMF_COMM                   : mpiuni
20260812 085449.682 INFO             PET0 ESMF_MOAB                   : enabled
20260812 085449.682 INFO             PET0 ESMF_LAPACK                 : enabled
20260812 085449.682 INFO             PET0 ESMF_NETCDF                 : disabled
20260812 085449.682 INFO             PET0 ESMF_PNETCDF                : disabled
20260812 085449.682 INFO             PET0 ESMF_PIO                    : disabled
20260812 085449.682 INFO             PET0 ESMF_YAMLCPP                : enabled
20260812 085450.053 INFO             PET0  NUMBER_OF_PROCESSORS            1
20260812 085450.053 INFO             PET0  PASS  Example ESMF_RHandleReusabilityEx, ESMF_RHandleReusabilityEx.F90, line 582
20260812 085450.053 INFO             PET0  Finalizing ESMF
