2026-07-27 07:44:53
20260727 085631.084 INFO             PET0 !!!!!!!!!!!!!!!!!!!!!!!!!!!!!!!!!!!!!!!!!!!!!!!!!!!!!!
20260727 085631.084 INFO             PET0 !!! THE ESMF_LOG IS SET TO OUTPUT ALL LOG MESSAGES !!!
20260727 085631.084 INFO             PET0 !!!     THIS MAY CAUSE SLOWDOWN IN PERFORMANCE     !!!
20260727 085631.084 INFO             PET0 !!! FOR PRODUCTION RUNS, USE:                      !!!
20260727 085631.084 INFO             PET0 !!!                   ESMF_LOGKIND_Multi_On_Error  !!!
20260727 085631.084 INFO             PET0 !!!!!!!!!!!!!!!!!!!!!!!!!!!!!!!!!!!!!!!!!!!!!!!!!!!!!!
20260727 085631.084 INFO             PET0 Running with ESMF Version   : develop+g6f2cfc7ce0
20260727 085631.084 INFO             PET0 ESMF library build date/time: "Jul 27 2026" "07:40:38"
20260727 085631.084 INFO             PET0 ESMF library build location : /scratch3/NCEPDEV/stmp/Gerhard.Theurich/ESMF-Nightly-Testing-Hera/nvhpc_24.1_mpiuni_g_develop/esmf
20260727 085631.084 INFO             PET0 ESMF_COMM                   : mpiuni
20260727 085631.084 INFO             PET0 ESMF_MOAB                   : enabled
20260727 085631.084 INFO             PET0 ESMF_LAPACK                 : enabled
20260727 085631.084 INFO             PET0 ESMF_NETCDF                 : disabled
20260727 085631.084 INFO             PET0 ESMF_PNETCDF                : disabled
20260727 085631.084 INFO             PET0 ESMF_PIO                    : disabled
20260727 085631.084 INFO             PET0 ESMF_YAMLCPP                : enabled
20260727 085631.085 INFO             PET0  NUMBER_OF_PROCESSORS            1
20260727 085631.085 INFO             PET0  PASS  Example ESMF_VMUserMpiEx, ESMF_VMUserMpiEx.F90, line 100
20260727 085631.085 INFO             PET0  Finalizing ESMF with endflag==ESMF_END_KEEPMPI
