2026-07-22 07:44:17
20260722 085626.931 INFO             PET0 !!!!!!!!!!!!!!!!!!!!!!!!!!!!!!!!!!!!!!!!!!!!!!!!!!!!!!
20260722 085626.931 INFO             PET0 !!! THE ESMF_LOG IS SET TO OUTPUT ALL LOG MESSAGES !!!
20260722 085626.931 INFO             PET0 !!!     THIS MAY CAUSE SLOWDOWN IN PERFORMANCE     !!!
20260722 085626.931 INFO             PET0 !!! FOR PRODUCTION RUNS, USE:                      !!!
20260722 085626.931 INFO             PET0 !!!                   ESMF_LOGKIND_Multi_On_Error  !!!
20260722 085626.931 INFO             PET0 !!!!!!!!!!!!!!!!!!!!!!!!!!!!!!!!!!!!!!!!!!!!!!!!!!!!!!
20260722 085626.931 INFO             PET0 Running with ESMF Version   : develop+g5ee87db4bf
20260722 085626.931 INFO             PET0 ESMF library build date/time: "Jul 22 2026" "07:40:07"
20260722 085626.931 INFO             PET0 ESMF library build location : /scratch3/NCEPDEV/stmp/Gerhard.Theurich/ESMF-Nightly-Testing-Hera/nvhpc_24.1_mpiuni_g_develop/esmf
20260722 085626.931 INFO             PET0 ESMF_COMM                   : mpiuni
20260722 085626.931 INFO             PET0 ESMF_MOAB                   : enabled
20260722 085626.931 INFO             PET0 ESMF_LAPACK                 : enabled
20260722 085626.931 INFO             PET0 ESMF_NETCDF                 : disabled
20260722 085626.931 INFO             PET0 ESMF_PNETCDF                : disabled
20260722 085626.932 INFO             PET0 ESMF_PIO                    : disabled
20260722 085626.932 INFO             PET0 ESMF_YAMLCPP                : enabled
20260722 085626.933 INFO             PET0 ESMF Tracing Enabled
20260722 085626.933 INFO             PET0 ESMF Profiling Enabled
20260722 085626.933 INFO             PET0 ESMF Trace/Profile clock: REALTIME
20260722 085626.943 INFO             PET0  NUMBER_OF_PROCESSORS            1
20260722 085626.943 INFO             PET0  PASS  Example ESMF_TraceEx, ESMF_TraceEx.F90, line 178
20260722 085626.943 INFO             PET0  Finalizing ESMF
20260722 085626.944 INFO             PET0 **************** Region Timings *******************
20260722 085626.944 INFO             PET0 Region              Count  Total (s)   Self (s)    Mean (s)    Min (s)     Max (s)
20260722 085626.944 INFO             PET0   [ESMF]            1      0.0078      0.0077      0.0078      0.0078      0.0078
20260722 085626.944 INFO             PET0     [test] Run 1    5      0.0000      0.0000      0.0000      0.0000      0.0000
20260722 085626.944 INFO             PET0     [test] Init 1   1      0.0000      0.0000      0.0000      0.0000      0.0000
20260722 085626.944 INFO             PET0     [test] Final 1  1      0.0000      0.0000      0.0000      0.0000      0.0000
