2026-07-14 07:55:42
20260714 090632.988 INFO             PET0 !!!!!!!!!!!!!!!!!!!!!!!!!!!!!!!!!!!!!!!!!!!!!!!!!!!!!!
20260714 090632.988 INFO             PET0 !!! THE ESMF_LOG IS SET TO OUTPUT ALL LOG MESSAGES !!!
20260714 090632.988 INFO             PET0 !!!     THIS MAY CAUSE SLOWDOWN IN PERFORMANCE     !!!
20260714 090632.988 INFO             PET0 !!! FOR PRODUCTION RUNS, USE:                      !!!
20260714 090632.988 INFO             PET0 !!!                   ESMF_LOGKIND_Multi_On_Error  !!!
20260714 090632.988 INFO             PET0 !!!!!!!!!!!!!!!!!!!!!!!!!!!!!!!!!!!!!!!!!!!!!!!!!!!!!!
20260714 090632.988 INFO             PET0 Running with ESMF Version   : develop+gf1c7bb6d5f
20260714 090632.988 INFO             PET0 ESMF library build date/time: "Jul 14 2026" "07:51:31"
20260714 090632.988 INFO             PET0 ESMF library build location : /scratch3/NCEPDEV/stmp/Gerhard.Theurich/ESMF-Nightly-Testing-Hera/nvhpc_24.1_mpiuni_g_develop/esmf
20260714 090632.988 INFO             PET0 ESMF_COMM                   : mpiuni
20260714 090632.988 INFO             PET0 ESMF_MOAB                   : enabled
20260714 090632.989 INFO             PET0 ESMF_LAPACK                 : enabled
20260714 090632.989 INFO             PET0 ESMF_NETCDF                 : disabled
20260714 090632.989 INFO             PET0 ESMF_PNETCDF                : disabled
20260714 090632.989 INFO             PET0 ESMF_PIO                    : disabled
20260714 090632.989 INFO             PET0 ESMF_YAMLCPP                : enabled
20260714 090632.990 INFO             PET0  NUMBER_OF_PROCESSORS            1
20260714 090632.990 INFO             PET0  PASS  Example ESMF_ArraySpecEx, ESMF_ArraySpecEx.F90, line 96
20260714 090632.990 INFO             PET0  Finalizing ESMF
