2026-06-29 07:25:27
20260629 075624.515 INFO             PET0 !!!!!!!!!!!!!!!!!!!!!!!!!!!!!!!!!!!!!!!!!!!!!!!!!!!!!!
20260629 075624.515 INFO             PET0 !!! THE ESMF_LOG IS SET TO OUTPUT ALL LOG MESSAGES !!!
20260629 075624.515 INFO             PET0 !!!     THIS MAY CAUSE SLOWDOWN IN PERFORMANCE     !!!
20260629 075624.515 INFO             PET0 !!! FOR PRODUCTION RUNS, USE:                      !!!
20260629 075624.515 INFO             PET0 !!!                   ESMF_LOGKIND_Multi_On_Error  !!!
20260629 075624.515 INFO             PET0 !!!!!!!!!!!!!!!!!!!!!!!!!!!!!!!!!!!!!!!!!!!!!!!!!!!!!!
20260629 075624.515 INFO             PET0 Running with ESMF Version   : develop+g9d8ac26759
20260629 075624.516 INFO             PET0 ESMF library build date/time: "Jun 29 2026" "07:23:08"
20260629 075624.516 INFO             PET0 ESMF library build location : /scratch3/NCEPDEV/stmp/Gerhard.Theurich/ESMF-Nightly-Testing-Hera/gfortran_13.2.0_mpiuni_O_develop/esmf
20260629 075624.516 INFO             PET0 ESMF_COMM                   : mpiuni
20260629 075624.517 INFO             PET0 ESMF_MOAB                   : enabled
20260629 075624.517 INFO             PET0 ESMF_LAPACK                 : enabled
20260629 075624.517 INFO             PET0 ESMF_NETCDF                 : disabled
20260629 075624.517 INFO             PET0 ESMF_PNETCDF                : disabled
20260629 075624.517 INFO             PET0 ESMF_PIO                    : disabled
20260629 075624.517 INFO             PET0 ESMF_YAMLCPP                : enabled
20260629 075624.517 INFO             PET0 Log Write 2
20260629 075624.518 ERROR            PET0 Invalid object  - Convergence failure
20260629 075624.519 ERROR            PET0 ESMCI_Time.C:866 ESMCI::Time::syncToRealTime() Wrong argument specified  - ; calkindflag is NOCALENDAR. Only GREGORIAN and JULIAN are supported when syncing to real time.
20260629 075624.520 ERROR            PET0 ESMF_Time.F90:1495 ESMF_TimeSyncToRealTime() Wrong argument specified  - Internal subroutine call returned Error
20260629 075624.520 ERROR            PET0 Wrong argument specified  - getting wall clock time
20260629 075624.521 INFO             PET0  NUMBER_OF_PROCESSORS           1
20260629 075624.522 INFO             PET0  PASS  Example ESMF_LogErrEx, ESMF_LogErrEx.F90, line 186
20260629 075624.522 INFO             PET0  Finalizing ESMF
