2026-06-17 07:26:18
20260617 075625.819 INFO             PET0 !!!!!!!!!!!!!!!!!!!!!!!!!!!!!!!!!!!!!!!!!!!!!!!!!!!!!!
20260617 075625.819 INFO             PET0 !!! THE ESMF_LOG IS SET TO OUTPUT ALL LOG MESSAGES !!!
20260617 075625.819 INFO             PET0 !!!     THIS MAY CAUSE SLOWDOWN IN PERFORMANCE     !!!
20260617 075625.819 INFO             PET0 !!! FOR PRODUCTION RUNS, USE:                      !!!
20260617 075625.819 INFO             PET0 !!!                   ESMF_LOGKIND_Multi_On_Error  !!!
20260617 075625.819 INFO             PET0 !!!!!!!!!!!!!!!!!!!!!!!!!!!!!!!!!!!!!!!!!!!!!!!!!!!!!!
20260617 075625.819 INFO             PET0 Running with ESMF Version   : develop+g4457b168cc
20260617 075625.819 INFO             PET0 ESMF library build date/time: "Jun 17 2026" "07:23:58"
20260617 075625.819 INFO             PET0 ESMF library build location : /scratch3/NCEPDEV/stmp/Gerhard.Theurich/ESMF-Nightly-Testing-Hera/gfortran_13.2.0_mpiuni_O_develop/esmf
20260617 075625.819 INFO             PET0 ESMF_COMM                   : mpiuni
20260617 075625.819 INFO             PET0 ESMF_MOAB                   : enabled
20260617 075625.819 INFO             PET0 ESMF_LAPACK                 : enabled
20260617 075625.819 INFO             PET0 ESMF_NETCDF                 : disabled
20260617 075625.819 INFO             PET0 ESMF_PNETCDF                : disabled
20260617 075625.819 INFO             PET0 ESMF_PIO                    : disabled
20260617 075625.819 INFO             PET0 ESMF_YAMLCPP                : enabled
20260617 075625.822 INFO             PET0  NUMBER_OF_PROCESSORS           1
20260617 075625.822 INFO             PET0  PASS  Example ESMF_TimeEx, ESMF_TimeEx.F90, line 141
20260617 075625.822 INFO             PET0  Finalizing ESMF
