2026-05-22 07:28:16
20260522 075756.802 INFO             PET0 !!!!!!!!!!!!!!!!!!!!!!!!!!!!!!!!!!!!!!!!!!!!!!!!!!!!!!
20260522 075756.802 INFO             PET0 !!! THE ESMF_LOG IS SET TO OUTPUT ALL LOG MESSAGES !!!
20260522 075756.802 INFO             PET0 !!!     THIS MAY CAUSE SLOWDOWN IN PERFORMANCE     !!!
20260522 075756.802 INFO             PET0 !!! FOR PRODUCTION RUNS, USE:                      !!!
20260522 075756.802 INFO             PET0 !!!                   ESMF_LOGKIND_Multi_On_Error  !!!
20260522 075756.802 INFO             PET0 !!!!!!!!!!!!!!!!!!!!!!!!!!!!!!!!!!!!!!!!!!!!!!!!!!!!!!
20260522 075756.802 INFO             PET0 Running with ESMF Version   : develop+g3a22a06bd4
20260522 075756.802 INFO             PET0 ESMF library build date/time: "May 22 2026" "07:25:44"
20260522 075756.802 INFO             PET0 ESMF library build location : /scratch3/NCEPDEV/stmp/Gerhard.Theurich/ESMF-Nightly-Testing-Hera/gfortran_13.2.0_mpiuni_O_develop/esmf
20260522 075756.802 INFO             PET0 ESMF_COMM                   : mpiuni
20260522 075756.803 INFO             PET0 ESMF_MOAB                   : enabled
20260522 075756.803 INFO             PET0 ESMF_LAPACK                 : enabled
20260522 075756.803 INFO             PET0 ESMF_NETCDF                 : disabled
20260522 075756.803 INFO             PET0 ESMF_PNETCDF                : disabled
20260522 075756.803 INFO             PET0 ESMF_PIO                    : disabled
20260522 075756.803 INFO             PET0 ESMF_YAMLCPP                : enabled
20260522 075756.806 INFO             PET0  NUMBER_OF_PROCESSORS           1
20260522 075756.806 INFO             PET0  PASS  Example ESMF_AppMainEx, ESMF_AppMainEx.F90, line 486
20260522 075756.806 INFO             PET0  Finalizing ESMF
