2026-06-16 07:26:18
20260616 075620.357 INFO             PET0 !!!!!!!!!!!!!!!!!!!!!!!!!!!!!!!!!!!!!!!!!!!!!!!!!!!!!!
20260616 075620.357 INFO             PET0 !!! THE ESMF_LOG IS SET TO OUTPUT ALL LOG MESSAGES !!!
20260616 075620.357 INFO             PET0 !!!     THIS MAY CAUSE SLOWDOWN IN PERFORMANCE     !!!
20260616 075620.357 INFO             PET0 !!! FOR PRODUCTION RUNS, USE:                      !!!
20260616 075620.357 INFO             PET0 !!!                   ESMF_LOGKIND_Multi_On_Error  !!!
20260616 075620.357 INFO             PET0 !!!!!!!!!!!!!!!!!!!!!!!!!!!!!!!!!!!!!!!!!!!!!!!!!!!!!!
20260616 075620.357 INFO             PET0 Running with ESMF Version   : develop+g2ad1b7a070
20260616 075620.357 INFO             PET0 ESMF library build date/time: "Jun 16 2026" "07:24:05"
20260616 075620.357 INFO             PET0 ESMF library build location : /scratch3/NCEPDEV/stmp/Gerhard.Theurich/ESMF-Nightly-Testing-Hera/gfortran_13.2.0_mpiuni_O_develop/esmf
20260616 075620.357 INFO             PET0 ESMF_COMM                   : mpiuni
20260616 075620.357 INFO             PET0 ESMF_MOAB                   : enabled
20260616 075620.357 INFO             PET0 ESMF_LAPACK                 : enabled
20260616 075620.357 INFO             PET0 ESMF_NETCDF                 : disabled
20260616 075620.357 INFO             PET0 ESMF_PNETCDF                : disabled
20260616 075620.357 INFO             PET0 ESMF_PIO                    : disabled
20260616 075620.357 INFO             PET0 ESMF_YAMLCPP                : enabled
20260616 075620.358 INFO             PET0 ESMF Tracing Enabled
20260616 075620.358 INFO             PET0 ESMF Profiling Enabled
20260616 075620.359 INFO             PET0 ESMF Trace/Profile clock: REALTIME
20260616 075620.367 INFO             PET0  NUMBER_OF_PROCESSORS           1
20260616 075620.367 INFO             PET0  PASS  Example ESMF_TraceEx, ESMF_TraceEx.F90, line 178
20260616 075620.367 INFO             PET0  Finalizing ESMF
20260616 075620.367 INFO             PET0 **************** Region Timings *******************
20260616 075620.367 INFO             PET0 Region              Count  Total (s)   Self (s)    Mean (s)    Min (s)     Max (s)
20260616 075620.368 INFO             PET0   [ESMF]            1      0.0060      0.0060      0.0060      0.0060      0.0060
20260616 075620.368 INFO             PET0     [test] Run 1    5      0.0000      0.0000      0.0000      0.0000      0.0000
20260616 075620.368 INFO             PET0     [test] Init 1   1      0.0000      0.0000      0.0000      0.0000      0.0000
20260616 075620.368 INFO             PET0     [test] Final 1  1      0.0000      0.0000      0.0000      0.0000      0.0000
