2026-07-07 01:51:41
20260707 023507.540 INFO             PET0 !!!!!!!!!!!!!!!!!!!!!!!!!!!!!!!!!!!!!!!!!!!!!!!!!!!!!!
20260707 023507.540 INFO             PET0 !!! THE ESMF_LOG IS SET TO OUTPUT ALL LOG MESSAGES !!!
20260707 023507.540 INFO             PET0 !!!     THIS MAY CAUSE SLOWDOWN IN PERFORMANCE     !!!
20260707 023507.540 INFO             PET0 !!! FOR PRODUCTION RUNS, USE:                      !!!
20260707 023507.540 INFO             PET0 !!!                   ESMF_LOGKIND_Multi_On_Error  !!!
20260707 023507.540 INFO             PET0 !!!!!!!!!!!!!!!!!!!!!!!!!!!!!!!!!!!!!!!!!!!!!!!!!!!!!!
20260707 023507.540 INFO             PET0 Running with ESMF Version   : feature/refresh-bmauer-c_dynmask_interface+g70628eccd4
20260707 023507.540 INFO             PET0 ESMF library build date/time: "Jul  7 2026" "01:49:37"
20260707 023507.540 INFO             PET0 ESMF library build location : /glade/derecho/scratch/sacks/esmf-testing/intel_2024.2.1_mpi_O_feature_refresh-bmauer-c_dynmask_interface/esmf
20260707 023507.540 INFO             PET0 ESMF_COMM                   : mpi
20260707 023507.541 INFO             PET0 ESMF_MOAB                   : enabled
20260707 023507.541 INFO             PET0 ESMF_LAPACK                 : enabled
20260707 023507.541 INFO             PET0 ESMF_NETCDF                 : enabled
20260707 023507.541 INFO             PET0 ESMF_PNETCDF                : disabled
20260707 023507.541 INFO             PET0 ESMF_PIO                    : enabled
20260707 023507.541 INFO             PET0 ESMF_YAMLCPP                : enabled
20260707 023507.550 INFO             PET0 =============================================
20260707 023507.550 INFO             PET0 ESMX (Earth System Model eXecutable) STARTING
20260707 023507.550 INFO             PET0 =============================================
20260707 023507.551 DEBUG            PET0 Generic SetVM() is executing for: ESMX_Driver
20260707 023507.552 DEBUG            PET0 Generic SetVM() found no NUOPC Hint for: ESMX_Driver
20260707 023507.552 DEBUG            PET0 Generic SetVM() therefore is NOT calling ESMF_GridCompSetVMMaxPEs() for: ESMX_Driver
20260707 023507.554 INFO             PET0 =============================================
20260707 023507.554 INFO             PET0 ESMX (Earth System Model eXecutable) FINISHED
20260707 023507.554 INFO             PET0 =============================================
20260707 023507.554 INFO             PET0  Finalizing ESMF
20260707 023507.540 INFO             PET1 !!!!!!!!!!!!!!!!!!!!!!!!!!!!!!!!!!!!!!!!!!!!!!!!!!!!!!
20260707 023507.540 INFO             PET1 !!! THE ESMF_LOG IS SET TO OUTPUT ALL LOG MESSAGES !!!
20260707 023507.540 INFO             PET1 !!!     THIS MAY CAUSE SLOWDOWN IN PERFORMANCE     !!!
20260707 023507.540 INFO             PET1 !!! FOR PRODUCTION RUNS, USE:                      !!!
20260707 023507.540 INFO             PET1 !!!                   ESMF_LOGKIND_Multi_On_Error  !!!
20260707 023507.540 INFO             PET1 !!!!!!!!!!!!!!!!!!!!!!!!!!!!!!!!!!!!!!!!!!!!!!!!!!!!!!
20260707 023507.540 INFO             PET1 Running with ESMF Version   : feature/refresh-bmauer-c_dynmask_interface+g70628eccd4
20260707 023507.540 INFO             PET1 ESMF library build date/time: "Jul  7 2026" "01:49:37"
20260707 023507.540 INFO             PET1 ESMF library build location : /glade/derecho/scratch/sacks/esmf-testing/intel_2024.2.1_mpi_O_feature_refresh-bmauer-c_dynmask_interface/esmf
20260707 023507.540 INFO             PET1 ESMF_COMM                   : mpi
20260707 023507.541 INFO             PET1 ESMF_MOAB                   : enabled
20260707 023507.541 INFO             PET1 ESMF_LAPACK                 : enabled
20260707 023507.541 INFO             PET1 ESMF_NETCDF                 : enabled
20260707 023507.541 INFO             PET1 ESMF_PNETCDF                : disabled
20260707 023507.541 INFO             PET1 ESMF_PIO                    : enabled
20260707 023507.541 INFO             PET1 ESMF_YAMLCPP                : enabled
20260707 023507.550 INFO             PET1 =============================================
20260707 023507.550 INFO             PET1 ESMX (Earth System Model eXecutable) STARTING
20260707 023507.550 INFO             PET1 =============================================
20260707 023507.551 DEBUG            PET1 Generic SetVM() is executing for: ESMX_Driver
20260707 023507.552 DEBUG            PET1 Generic SetVM() found no NUOPC Hint for: ESMX_Driver
20260707 023507.552 DEBUG            PET1 Generic SetVM() therefore is NOT calling ESMF_GridCompSetVMMaxPEs() for: ESMX_Driver
20260707 023507.554 INFO             PET1 =============================================
20260707 023507.554 INFO             PET1 ESMX (Earth System Model eXecutable) FINISHED
20260707 023507.554 INFO             PET1 =============================================
20260707 023507.554 INFO             PET1  Finalizing ESMF
20260707 023507.539 INFO             PET2 !!!!!!!!!!!!!!!!!!!!!!!!!!!!!!!!!!!!!!!!!!!!!!!!!!!!!!
20260707 023507.540 INFO             PET2 !!! THE ESMF_LOG IS SET TO OUTPUT ALL LOG MESSAGES !!!
20260707 023507.540 INFO             PET2 !!!     THIS MAY CAUSE SLOWDOWN IN PERFORMANCE     !!!
20260707 023507.540 INFO             PET2 !!! FOR PRODUCTION RUNS, USE:                      !!!
20260707 023507.540 INFO             PET2 !!!                   ESMF_LOGKIND_Multi_On_Error  !!!
20260707 023507.540 INFO             PET2 !!!!!!!!!!!!!!!!!!!!!!!!!!!!!!!!!!!!!!!!!!!!!!!!!!!!!!
20260707 023507.540 INFO             PET2 Running with ESMF Version   : feature/refresh-bmauer-c_dynmask_interface+g70628eccd4
20260707 023507.540 INFO             PET2 ESMF library build date/time: "Jul  7 2026" "01:49:37"
20260707 023507.540 INFO             PET2 ESMF library build location : /glade/derecho/scratch/sacks/esmf-testing/intel_2024.2.1_mpi_O_feature_refresh-bmauer-c_dynmask_interface/esmf
20260707 023507.540 INFO             PET2 ESMF_COMM                   : mpi
20260707 023507.540 INFO             PET2 ESMF_MOAB                   : enabled
20260707 023507.540 INFO             PET2 ESMF_LAPACK                 : enabled
20260707 023507.540 INFO             PET2 ESMF_NETCDF                 : enabled
20260707 023507.540 INFO             PET2 ESMF_PNETCDF                : disabled
20260707 023507.540 INFO             PET2 ESMF_PIO                    : enabled
20260707 023507.540 INFO             PET2 ESMF_YAMLCPP                : enabled
20260707 023507.550 INFO             PET2 =============================================
20260707 023507.550 INFO             PET2 ESMX (Earth System Model eXecutable) STARTING
20260707 023507.550 INFO             PET2 =============================================
20260707 023507.551 DEBUG            PET2 Generic SetVM() is executing for: ESMX_Driver
20260707 023507.552 DEBUG            PET2 Generic SetVM() found no NUOPC Hint for: ESMX_Driver
20260707 023507.552 DEBUG            PET2 Generic SetVM() therefore is NOT calling ESMF_GridCompSetVMMaxPEs() for: ESMX_Driver
20260707 023507.554 INFO             PET2 =============================================
20260707 023507.554 INFO             PET2 ESMX (Earth System Model eXecutable) FINISHED
20260707 023507.554 INFO             PET2 =============================================
20260707 023507.554 INFO             PET2  Finalizing ESMF
20260707 023507.540 INFO             PET3 !!!!!!!!!!!!!!!!!!!!!!!!!!!!!!!!!!!!!!!!!!!!!!!!!!!!!!
20260707 023507.540 INFO             PET3 !!! THE ESMF_LOG IS SET TO OUTPUT ALL LOG MESSAGES !!!
20260707 023507.540 INFO             PET3 !!!     THIS MAY CAUSE SLOWDOWN IN PERFORMANCE     !!!
20260707 023507.540 INFO             PET3 !!! FOR PRODUCTION RUNS, USE:                      !!!
20260707 023507.540 INFO             PET3 !!!                   ESMF_LOGKIND_Multi_On_Error  !!!
20260707 023507.540 INFO             PET3 !!!!!!!!!!!!!!!!!!!!!!!!!!!!!!!!!!!!!!!!!!!!!!!!!!!!!!
20260707 023507.540 INFO             PET3 Running with ESMF Version   : feature/refresh-bmauer-c_dynmask_interface+g70628eccd4
20260707 023507.540 INFO             PET3 ESMF library build date/time: "Jul  7 2026" "01:49:37"
20260707 023507.540 INFO             PET3 ESMF library build location : /glade/derecho/scratch/sacks/esmf-testing/intel_2024.2.1_mpi_O_feature_refresh-bmauer-c_dynmask_interface/esmf
20260707 023507.540 INFO             PET3 ESMF_COMM                   : mpi
20260707 023507.540 INFO             PET3 ESMF_MOAB                   : enabled
20260707 023507.540 INFO             PET3 ESMF_LAPACK                 : enabled
20260707 023507.540 INFO             PET3 ESMF_NETCDF                 : enabled
20260707 023507.540 INFO             PET3 ESMF_PNETCDF                : disabled
20260707 023507.540 INFO             PET3 ESMF_PIO                    : enabled
20260707 023507.540 INFO             PET3 ESMF_YAMLCPP                : enabled
20260707 023507.550 INFO             PET3 =============================================
20260707 023507.550 INFO             PET3 ESMX (Earth System Model eXecutable) STARTING
20260707 023507.550 INFO             PET3 =============================================
20260707 023507.551 DEBUG            PET3 Generic SetVM() is executing for: ESMX_Driver
20260707 023507.552 DEBUG            PET3 Generic SetVM() found no NUOPC Hint for: ESMX_Driver
20260707 023507.552 DEBUG            PET3 Generic SetVM() therefore is NOT calling ESMF_GridCompSetVMMaxPEs() for: ESMX_Driver
20260707 023507.555 INFO             PET3 =============================================
20260707 023507.555 INFO             PET3 ESMX (Earth System Model eXecutable) FINISHED
20260707 023507.555 INFO             PET3 =============================================
20260707 023507.555 INFO             PET3  Finalizing ESMF
