2026-05-07 23:17:29
20260507 235426.083 INFO             PET0 !!!!!!!!!!!!!!!!!!!!!!!!!!!!!!!!!!!!!!!!!!!!!!!!!!!!!!
20260507 235426.083 INFO             PET0 !!! THE ESMF_LOG IS SET TO OUTPUT ALL LOG MESSAGES !!!
20260507 235426.083 INFO             PET0 !!!     THIS MAY CAUSE SLOWDOWN IN PERFORMANCE     !!!
20260507 235426.083 INFO             PET0 !!! FOR PRODUCTION RUNS, USE:                      !!!
20260507 235426.083 INFO             PET0 !!!                   ESMF_LOGKIND_Multi_On_Error  !!!
20260507 235426.083 INFO             PET0 !!!!!!!!!!!!!!!!!!!!!!!!!!!!!!!!!!!!!!!!!!!!!!!!!!!!!!
20260507 235426.083 INFO             PET0 Running with ESMF Version   : develop+gede6e98f23
20260507 235426.083 INFO             PET0 ESMF library build date/time: "May  7 2026" "23:15:28"
20260507 235426.083 INFO             PET0 ESMF library build location : /discover/nobackup/projects/gmao/SIteam/ESMF_Testing/intel_2025.3.0_mpiuni_O_develop/esmf
20260507 235426.083 INFO             PET0 ESMF_COMM                   : mpiuni
20260507 235426.083 INFO             PET0 ESMF_MOAB                   : enabled
20260507 235426.083 INFO             PET0 ESMF_LAPACK                 : enabled
20260507 235426.083 INFO             PET0 ESMF_NETCDF                 : disabled
20260507 235426.083 INFO             PET0 ESMF_PNETCDF                : disabled
20260507 235426.083 INFO             PET0 ESMF_PIO                    : disabled
20260507 235426.083 INFO             PET0 ESMF_YAMLCPP                : enabled
20260507 235426.087 INFO             PET0  NUMBER_OF_PROCESSORS           1
20260507 235426.087 INFO             PET0  PASS  Example ESMF_FieldArbGridEx, ESMF_FieldArbGridEx.F90, line 243
20260507 235426.087 INFO             PET0  Finalizing ESMF
