2026-06-11 22:42:46
20260611 231438.109 INFO             PET0 !!!!!!!!!!!!!!!!!!!!!!!!!!!!!!!!!!!!!!!!!!!!!!!!!!!!!!
20260611 231438.109 INFO             PET0 !!! THE ESMF_LOG IS SET TO OUTPUT ALL LOG MESSAGES !!!
20260611 231438.109 INFO             PET0 !!!     THIS MAY CAUSE SLOWDOWN IN PERFORMANCE     !!!
20260611 231438.109 INFO             PET0 !!! FOR PRODUCTION RUNS, USE:                      !!!
20260611 231438.109 INFO             PET0 !!!                   ESMF_LOGKIND_Multi_On_Error  !!!
20260611 231438.109 INFO             PET0 !!!!!!!!!!!!!!!!!!!!!!!!!!!!!!!!!!!!!!!!!!!!!!!!!!!!!!
20260611 231438.109 INFO             PET0 Running with ESMF Version   : develop+g44805b02cc
20260611 231438.109 INFO             PET0 ESMF library build date/time: "Jun 11 2026" "22:40:40"
20260611 231438.109 INFO             PET0 ESMF library build location : /discover/nobackup/projects/gmao/SIteam/ESMF_Testing/intel_2025.3.0_mpiuni_O_develop/esmf
20260611 231438.109 INFO             PET0 ESMF_COMM                   : mpiuni
20260611 231438.109 INFO             PET0 ESMF_MOAB                   : enabled
20260611 231438.109 INFO             PET0 ESMF_LAPACK                 : enabled
20260611 231438.109 INFO             PET0 ESMF_NETCDF                 : disabled
20260611 231438.109 INFO             PET0 ESMF_PNETCDF                : disabled
20260611 231438.109 INFO             PET0 ESMF_PIO                    : disabled
20260611 231438.109 INFO             PET0 ESMF_YAMLCPP                : enabled
20260611 231438.110 INFO             PET0  NUMBER_OF_PROCESSORS           1
20260611 231438.110 INFO             PET0  PASS  Example ESMF_VMScatterVMGatherEx, ESMF_VMScatterVMGatherEx.F90, line 120
20260611 231438.110 INFO             PET0  Finalizing ESMF
