2026-08-09 22:21:41
20260810 071535.883 INFO             PET0 !!!!!!!!!!!!!!!!!!!!!!!!!!!!!!!!!!!!!!!!!!!!!!!!!!!!!!
20260810 071535.885 INFO             PET0 !!! THE ESMF_LOG IS SET TO OUTPUT ALL LOG MESSAGES !!!
20260810 071535.885 INFO             PET0 !!!     THIS MAY CAUSE SLOWDOWN IN PERFORMANCE     !!!
20260810 071535.885 INFO             PET0 !!! FOR PRODUCTION RUNS, USE:                      !!!
20260810 071535.885 INFO             PET0 !!!                   ESMF_LOGKIND_Multi_On_Error  !!!
20260810 071535.885 INFO             PET0 !!!!!!!!!!!!!!!!!!!!!!!!!!!!!!!!!!!!!!!!!!!!!!!!!!!!!!
20260810 071535.885 INFO             PET0 Running with ESMF Version   : develop+g17f2be238d
20260810 071535.885 INFO             PET0 ESMF library build date/time: "Aug  9 2026" "22:19:36"
20260810 071535.885 INFO             PET0 ESMF library build location : /Users/sacks/projects/scratch/esmf-testing/gfortranclang_12.2.0_14.0.0_mpiuni_g_develop/esmf
20260810 071535.885 INFO             PET0 ESMF_COMM                   : mpiuni
20260810 071535.885 INFO             PET0 ESMF_MOAB                   : enabled
20260810 071535.885 INFO             PET0 ESMF_LAPACK                 : enabled
20260810 071535.885 INFO             PET0 ESMF_NETCDF                 : enabled
20260810 071535.885 INFO             PET0 ESMF_PNETCDF                : disabled
20260810 071535.885 INFO             PET0 ESMF_PIO                    : enabled
20260810 071535.885 INFO             PET0 ESMF_YAMLCPP                : enabled
20260810 071535.887 INFO             PET0  NUMBER_OF_PROCESSORS           1
20260810 071535.887 INFO             PET0  PASS  Example ESMF_DELayoutEx, ESMF_DELayoutEx.F90, line 394
20260810 071535.887 INFO             PET0  Finalizing ESMF
