2026-07-04 07:01:58
20260704 073624.465 INFO             PET0 !!!!!!!!!!!!!!!!!!!!!!!!!!!!!!!!!!!!!!!!!!!!!!!!!!!!!!
20260704 073624.466 INFO             PET0 !!! THE ESMF_LOG IS SET TO OUTPUT ALL LOG MESSAGES !!!
20260704 073624.466 INFO             PET0 !!!     THIS MAY CAUSE SLOWDOWN IN PERFORMANCE     !!!
20260704 073624.466 INFO             PET0 !!! FOR PRODUCTION RUNS, USE:                      !!!
20260704 073624.466 INFO             PET0 !!!                   ESMF_LOGKIND_Multi_On_Error  !!!
20260704 073624.466 INFO             PET0 !!!!!!!!!!!!!!!!!!!!!!!!!!!!!!!!!!!!!!!!!!!!!!!!!!!!!!
20260704 073624.466 INFO             PET0 Running with ESMF Version   : develop+g9764fd2b2f
20260704 073624.466 INFO             PET0 ESMF library build date/time: "Jul  4 2026" "06:59:35"
20260704 073624.466 INFO             PET0 ESMF library build location : /Users/sacks/projects/scratch/esmf-testing/gfortranclang_12.2.0_14.0.0_mpiuni_g_develop/esmf
20260704 073624.466 INFO             PET0 ESMF_COMM                   : mpiuni
20260704 073624.466 INFO             PET0 ESMF_MOAB                   : enabled
20260704 073624.466 INFO             PET0 ESMF_LAPACK                 : enabled
20260704 073624.466 INFO             PET0 ESMF_NETCDF                 : enabled
20260704 073624.466 INFO             PET0 ESMF_PNETCDF                : disabled
20260704 073624.466 INFO             PET0 ESMF_PIO                    : enabled
20260704 073624.466 INFO             PET0 ESMF_YAMLCPP                : enabled
20260704 073624.467 INFO             PET0  NUMBER_OF_PROCESSORS           1
20260704 073624.467 INFO             PET0  PASS  Example ESMF_VMNonBlockingEx, ESMF_VMNonBlockingEx.F90, line 433
20260704 073624.467 INFO             PET0  Finalizing ESMF
