2026-05-21 12:33:22
20260521 125304.413 INFO             PET0 !!!!!!!!!!!!!!!!!!!!!!!!!!!!!!!!!!!!!!!!!!!!!!!!!!!!!!
20260521 125304.414 INFO             PET0 !!! THE ESMF_LOG IS SET TO OUTPUT ALL LOG MESSAGES !!!
20260521 125304.414 INFO             PET0 !!!     THIS MAY CAUSE SLOWDOWN IN PERFORMANCE     !!!
20260521 125304.414 INFO             PET0 !!! FOR PRODUCTION RUNS, USE:                      !!!
20260521 125304.414 INFO             PET0 !!!                   ESMF_LOGKIND_Multi_On_Error  !!!
20260521 125304.414 INFO             PET0 !!!!!!!!!!!!!!!!!!!!!!!!!!!!!!!!!!!!!!!!!!!!!!!!!!!!!!
20260521 125304.414 INFO             PET0 Running with ESMF Version   : develop+g3a22a06bd4
20260521 125304.414 INFO             PET0 ESMF library build date/time: "May 21 2026" "12:32:03"
20260521 125304.414 INFO             PET0 ESMF library build location : /Users/oehmke/ESMF_AutoTest/gfortranclang_12.2.0_14.0.0_mpiuni_g_develop/esmf
20260521 125304.414 INFO             PET0 ESMF_COMM                   : mpiuni
20260521 125304.414 INFO             PET0 ESMF_MOAB                   : enabled
20260521 125304.414 INFO             PET0 ESMF_LAPACK                 : enabled
20260521 125304.414 INFO             PET0 ESMF_NETCDF                 : enabled
20260521 125304.414 INFO             PET0 ESMF_PNETCDF                : disabled
20260521 125304.414 INFO             PET0 ESMF_PIO                    : enabled
20260521 125304.414 INFO             PET0 ESMF_YAMLCPP                : enabled
20260521 125304.447 INFO             PET0  NUMBER_OF_PROCESSORS           1
20260521 125304.447 INFO             PET0  PASS  Example ESMF_LocStreamEx, ESMF_LocStreamEx.F90, line 784
20260521 125304.447 INFO             PET0  Finalizing ESMF
20260521 125304.447 INFO             PET0 ESMCI_IO_Handler.C:335 ESMCI::IO_Handler::finalize() 
20260521 125304.447 INFO             PET0 ESMCI_PIO_Handler.C:357 ESMCI::PIO_Handler::finalize() 
20260521 125304.447 INFO             PET0 ESMCI_IO_Handler.C:337 ESMCI::IO_Handler::finalize() after finalize, localrc = 0
20260521 125304.447 INFO             PET0 ESMCI_IO_Handler.C:360 ESMCI::IO_Handler::finalize() before return, localrc = 0
