2026-07-18 22:22:38
20260718 225238.323 INFO             PET0 !!!!!!!!!!!!!!!!!!!!!!!!!!!!!!!!!!!!!!!!!!!!!!!!!!!!!!
20260718 225238.323 INFO             PET0 !!! THE ESMF_LOG IS SET TO OUTPUT ALL LOG MESSAGES !!!
20260718 225238.323 INFO             PET0 !!!     THIS MAY CAUSE SLOWDOWN IN PERFORMANCE     !!!
20260718 225238.323 INFO             PET0 !!! FOR PRODUCTION RUNS, USE:                      !!!
20260718 225238.323 INFO             PET0 !!!                   ESMF_LOGKIND_Multi_On_Error  !!!
20260718 225238.323 INFO             PET0 !!!!!!!!!!!!!!!!!!!!!!!!!!!!!!!!!!!!!!!!!!!!!!!!!!!!!!
20260718 225238.323 INFO             PET0 Running with ESMF Version   : develop+g5ee87db4bf
20260718 225238.323 INFO             PET0 ESMF library build date/time: "Jul 18 2026" "22:20:47"
20260718 225238.323 INFO             PET0 ESMF library build location : /Users/sacks/projects/scratch/esmf-testing/gfortranclang_12.2.0_14.0.0_mpiuni_g_develop/esmf
20260718 225238.323 INFO             PET0 ESMF_COMM                   : mpiuni
20260718 225238.323 INFO             PET0 ESMF_MOAB                   : enabled
20260718 225238.323 INFO             PET0 ESMF_LAPACK                 : enabled
20260718 225238.323 INFO             PET0 ESMF_NETCDF                 : enabled
20260718 225238.323 INFO             PET0 ESMF_PNETCDF                : disabled
20260718 225238.323 INFO             PET0 ESMF_PIO                    : enabled
20260718 225238.323 INFO             PET0 ESMF_YAMLCPP                : enabled
20260718 225238.323 INFO             PET0  NUMBER_OF_PROCESSORS           1
20260718 225238.323 INFO             PET0  PASS  Example ESMF_VMControlMPIThreadSupportEx, ESMF_VMControlMPIThreadSupportEx.F90, line 139
20260718 225238.323 INFO             PET0  Finalizing ESMF
