2026-07-28 21:02:30
20260728 214142.638 INFO             PET0 !!!!!!!!!!!!!!!!!!!!!!!!!!!!!!!!!!!!!!!!!!!!!!!!!!!!!!
20260728 214142.639 INFO             PET0 !!! THE ESMF_LOG IS SET TO OUTPUT ALL LOG MESSAGES !!!
20260728 214142.639 INFO             PET0 !!!     THIS MAY CAUSE SLOWDOWN IN PERFORMANCE     !!!
20260728 214142.639 INFO             PET0 !!! FOR PRODUCTION RUNS, USE:                      !!!
20260728 214142.639 INFO             PET0 !!!                   ESMF_LOGKIND_Multi_On_Error  !!!
20260728 214142.639 INFO             PET0 !!!!!!!!!!!!!!!!!!!!!!!!!!!!!!!!!!!!!!!!!!!!!!!!!!!!!!
20260728 214142.639 INFO             PET0 Running with ESMF Version   : develop+g6f2cfc7ce0
20260728 214142.639 INFO             PET0 ESMF library build date/time: "Jul 28 2026" "21:00:20"
20260728 214142.639 INFO             PET0 ESMF library build location : /Users/sacks/projects/scratch/esmf-testing/gfortranclang_12.2.0_14.0.0_mpiuni_g_develop/esmf
20260728 214142.639 INFO             PET0 ESMF_COMM                   : mpiuni
20260728 214142.639 INFO             PET0 ESMF_MOAB                   : enabled
20260728 214142.639 INFO             PET0 ESMF_LAPACK                 : enabled
20260728 214142.639 INFO             PET0 ESMF_NETCDF                 : enabled
20260728 214142.639 INFO             PET0 ESMF_PNETCDF                : disabled
20260728 214142.639 INFO             PET0 ESMF_PIO                    : enabled
20260728 214142.639 INFO             PET0 ESMF_YAMLCPP                : enabled
20260728 214142.640 INFO             PET0 InternalState label: second named data block
20260728 214142.640 INFO             PET0 InternalState label: first named data block
20260728 214142.640 INFO             PET0 InternalState label: ESMF-default-localdata
20260728 214142.640 INFO             PET0  NUMBER_OF_PROCESSORS           1
20260728 214142.640 INFO             PET0  PASS  Example ESMF_InternalStateEx, ESMF_InternalStateEx.F90, line 218
20260728 214142.640 INFO             PET0  Finalizing ESMF
