2026-07-12 01:24:16
20260712 015245.235 INFO             PET0 !!!!!!!!!!!!!!!!!!!!!!!!!!!!!!!!!!!!!!!!!!!!!!!!!!!!!!
20260712 015245.235 INFO             PET0 !!! THE ESMF_LOG IS SET TO OUTPUT ALL LOG MESSAGES !!!
20260712 015245.235 INFO             PET0 !!!     THIS MAY CAUSE SLOWDOWN IN PERFORMANCE     !!!
20260712 015245.235 INFO             PET0 !!! FOR PRODUCTION RUNS, USE:                      !!!
20260712 015245.235 INFO             PET0 !!!                   ESMF_LOGKIND_Multi_On_Error  !!!
20260712 015245.235 INFO             PET0 !!!!!!!!!!!!!!!!!!!!!!!!!!!!!!!!!!!!!!!!!!!!!!!!!!!!!!
20260712 015245.235 INFO             PET0 Running with ESMF Version   : develop+gf1c7bb6d5f
20260712 015245.235 INFO             PET0 ESMF library build date/time: "Jul 12 2026" "01:22:53"
20260712 015245.235 INFO             PET0 ESMF library build location : /project/esmf/ESMF-Nightly-Testing-Izumi/nag_7.0_mpiuni_O_develop/esmf
20260712 015245.235 INFO             PET0 ESMF_COMM                   : mpiuni
20260712 015245.235 INFO             PET0 ESMF_MOAB                   : enabled
20260712 015245.236 INFO             PET0 ESMF_LAPACK                 : enabled
20260712 015245.236 INFO             PET0 ESMF_NETCDF                 : enabled
20260712 015245.236 INFO             PET0 ESMF_PNETCDF                : disabled
20260712 015245.236 INFO             PET0 ESMF_PIO                    : enabled
20260712 015245.236 INFO             PET0 ESMF_YAMLCPP                : enabled
20260712 015245.237 INFO             PET0  NUMBER_OF_PROCESSORS 1
20260712 015245.237 INFO             PET0  PASS  Example ESMF_GridCreateRegFromDGEx, ESMF_GridCreateRegFromDGEx.F90, line 112
20260712 015245.237 INFO             PET0  Finalizing ESMF
