2026-08-14 02:20:40
20260814 030152.496 INFO             PET0 !!!!!!!!!!!!!!!!!!!!!!!!!!!!!!!!!!!!!!!!!!!!!!!!!!!!!!
20260814 030152.496 INFO             PET0 !!! THE ESMF_LOG IS SET TO OUTPUT ALL LOG MESSAGES !!!
20260814 030152.496 INFO             PET0 !!!     THIS MAY CAUSE SLOWDOWN IN PERFORMANCE     !!!
20260814 030152.496 INFO             PET0 !!! FOR PRODUCTION RUNS, USE:                      !!!
20260814 030152.496 INFO             PET0 !!!                   ESMF_LOGKIND_Multi_On_Error  !!!
20260814 030152.496 INFO             PET0 !!!!!!!!!!!!!!!!!!!!!!!!!!!!!!!!!!!!!!!!!!!!!!!!!!!!!!
20260814 030152.496 INFO             PET0 Running with ESMF Version   : develop+g17f2be238d
20260814 030152.496 INFO             PET0 ESMF library build date/time: "Aug 14 2026" "02:18:42"
20260814 030152.496 INFO             PET0 ESMF library build location : /project/esmf/ESMF-Nightly-Testing-Bighorn/nag_7.0_mpiuni_O_develop/esmf
20260814 030152.496 INFO             PET0 ESMF_COMM                   : mpiuni
20260814 030152.496 INFO             PET0 ESMF_MOAB                   : enabled
20260814 030152.496 INFO             PET0 ESMF_LAPACK                 : enabled
20260814 030152.496 INFO             PET0 ESMF_NETCDF                 : enabled
20260814 030152.496 INFO             PET0 ESMF_PNETCDF                : disabled
20260814 030152.496 INFO             PET0 ESMF_PIO                    : enabled
20260814 030152.496 INFO             PET0 ESMF_YAMLCPP                : enabled
20260814 030155.957 INFO             PET0  NUMBER_OF_PROCESSORS 1
20260814 030155.958 INFO             PET0  PASS  Example ESMF_GridUsageEx, ESMF_GridUsageEx.F90, line 3470
20260814 030155.958 INFO             PET0  Finalizing ESMF
