2026-06-26 03:53:12
20260626 044027.626 INFO             PET0 !!!!!!!!!!!!!!!!!!!!!!!!!!!!!!!!!!!!!!!!!!!!!!!!!!!!!!
20260626 044027.626 INFO             PET0 !!! THE ESMF_LOG IS SET TO OUTPUT ALL LOG MESSAGES !!!
20260626 044027.626 INFO             PET0 !!!     THIS MAY CAUSE SLOWDOWN IN PERFORMANCE     !!!
20260626 044027.626 INFO             PET0 !!! FOR PRODUCTION RUNS, USE:                      !!!
20260626 044027.626 INFO             PET0 !!!                   ESMF_LOGKIND_Multi_On_Error  !!!
20260626 044027.626 INFO             PET0 !!!!!!!!!!!!!!!!!!!!!!!!!!!!!!!!!!!!!!!!!!!!!!!!!!!!!!
20260626 044027.626 INFO             PET0 Running with ESMF Version   : develop+g8b88b841bc
20260626 044027.626 INFO             PET0 ESMF library build date/time: "Jun 26 2026" "03:51:56"
20260626 044027.626 INFO             PET0 ESMF library build location : /tmp/intel_2025.0.0_mpi_g_develop/esmf
20260626 044027.626 INFO             PET0 ESMF_COMM                   : mpi
20260626 044027.627 INFO             PET0 ESMF_MOAB                   : enabled
20260626 044027.627 INFO             PET0 ESMF_LAPACK                 : enabled
20260626 044027.627 INFO             PET0 ESMF_NETCDF                 : enabled
20260626 044027.627 INFO             PET0 ESMF_PNETCDF                : disabled
20260626 044027.627 INFO             PET0 ESMF_PIO                    : enabled
20260626 044027.627 INFO             PET0 ESMF_YAMLCPP                : enabled
20260626 044027.634 INFO             PET0 =============================================
20260626 044027.634 INFO             PET0 ESMX (Earth System Model eXecutable) STARTING
20260626 044027.634 INFO             PET0 =============================================
20260626 044027.643 DEBUG            PET0 Generic SetVM() is executing for: ESMX_Driver
20260626 044027.643 DEBUG            PET0 Generic SetVM() found no NUOPC Hint for: ESMX_Driver
20260626 044027.643 DEBUG            PET0 Generic SetVM() therefore is NOT calling ESMF_GridCompSetVMMaxPEs() for: ESMX_Driver
20260626 044027.657 INFO             PET0 =============================================
20260626 044027.657 INFO             PET0 ESMX (Earth System Model eXecutable) FINISHED
20260626 044027.657 INFO             PET0 =============================================
20260626 044027.657 INFO             PET0  Finalizing ESMF
20260626 044027.626 INFO             PET1 !!!!!!!!!!!!!!!!!!!!!!!!!!!!!!!!!!!!!!!!!!!!!!!!!!!!!!
20260626 044027.626 INFO             PET1 !!! THE ESMF_LOG IS SET TO OUTPUT ALL LOG MESSAGES !!!
20260626 044027.626 INFO             PET1 !!!     THIS MAY CAUSE SLOWDOWN IN PERFORMANCE     !!!
20260626 044027.626 INFO             PET1 !!! FOR PRODUCTION RUNS, USE:                      !!!
20260626 044027.626 INFO             PET1 !!!                   ESMF_LOGKIND_Multi_On_Error  !!!
20260626 044027.626 INFO             PET1 !!!!!!!!!!!!!!!!!!!!!!!!!!!!!!!!!!!!!!!!!!!!!!!!!!!!!!
20260626 044027.626 INFO             PET1 Running with ESMF Version   : develop+g8b88b841bc
20260626 044027.626 INFO             PET1 ESMF library build date/time: "Jun 26 2026" "03:51:56"
20260626 044027.626 INFO             PET1 ESMF library build location : /tmp/intel_2025.0.0_mpi_g_develop/esmf
20260626 044027.626 INFO             PET1 ESMF_COMM                   : mpi
20260626 044027.627 INFO             PET1 ESMF_MOAB                   : enabled
20260626 044027.627 INFO             PET1 ESMF_LAPACK                 : enabled
20260626 044027.627 INFO             PET1 ESMF_NETCDF                 : enabled
20260626 044027.627 INFO             PET1 ESMF_PNETCDF                : disabled
20260626 044027.627 INFO             PET1 ESMF_PIO                    : enabled
20260626 044027.627 INFO             PET1 ESMF_YAMLCPP                : enabled
20260626 044027.634 INFO             PET1 =============================================
20260626 044027.634 INFO             PET1 ESMX (Earth System Model eXecutable) STARTING
20260626 044027.634 INFO             PET1 =============================================
20260626 044027.645 DEBUG            PET1 Generic SetVM() is executing for: ESMX_Driver
20260626 044027.645 DEBUG            PET1 Generic SetVM() found no NUOPC Hint for: ESMX_Driver
20260626 044027.645 DEBUG            PET1 Generic SetVM() therefore is NOT calling ESMF_GridCompSetVMMaxPEs() for: ESMX_Driver
20260626 044027.658 INFO             PET1 =============================================
20260626 044027.658 INFO             PET1 ESMX (Earth System Model eXecutable) FINISHED
20260626 044027.658 INFO             PET1 =============================================
20260626 044027.658 INFO             PET1  Finalizing ESMF
20260626 044027.631 INFO             PET2 !!!!!!!!!!!!!!!!!!!!!!!!!!!!!!!!!!!!!!!!!!!!!!!!!!!!!!
20260626 044027.631 INFO             PET2 !!! THE ESMF_LOG IS SET TO OUTPUT ALL LOG MESSAGES !!!
20260626 044027.631 INFO             PET2 !!!     THIS MAY CAUSE SLOWDOWN IN PERFORMANCE     !!!
20260626 044027.631 INFO             PET2 !!! FOR PRODUCTION RUNS, USE:                      !!!
20260626 044027.631 INFO             PET2 !!!                   ESMF_LOGKIND_Multi_On_Error  !!!
20260626 044027.631 INFO             PET2 !!!!!!!!!!!!!!!!!!!!!!!!!!!!!!!!!!!!!!!!!!!!!!!!!!!!!!
20260626 044027.631 INFO             PET2 Running with ESMF Version   : develop+g8b88b841bc
20260626 044027.631 INFO             PET2 ESMF library build date/time: "Jun 26 2026" "03:51:56"
20260626 044027.631 INFO             PET2 ESMF library build location : /tmp/intel_2025.0.0_mpi_g_develop/esmf
20260626 044027.632 INFO             PET2 ESMF_COMM                   : mpi
20260626 044027.632 INFO             PET2 ESMF_MOAB                   : enabled
20260626 044027.632 INFO             PET2 ESMF_LAPACK                 : enabled
20260626 044027.632 INFO             PET2 ESMF_NETCDF                 : enabled
20260626 044027.632 INFO             PET2 ESMF_PNETCDF                : disabled
20260626 044027.632 INFO             PET2 ESMF_PIO                    : enabled
20260626 044027.632 INFO             PET2 ESMF_YAMLCPP                : enabled
20260626 044027.636 INFO             PET2 =============================================
20260626 044027.636 INFO             PET2 ESMX (Earth System Model eXecutable) STARTING
20260626 044027.636 INFO             PET2 =============================================
20260626 044027.645 DEBUG            PET2 Generic SetVM() is executing for: ESMX_Driver
20260626 044027.645 DEBUG            PET2 Generic SetVM() found no NUOPC Hint for: ESMX_Driver
20260626 044027.645 DEBUG            PET2 Generic SetVM() therefore is NOT calling ESMF_GridCompSetVMMaxPEs() for: ESMX_Driver
20260626 044027.658 INFO             PET2 =============================================
20260626 044027.658 INFO             PET2 ESMX (Earth System Model eXecutable) FINISHED
20260626 044027.658 INFO             PET2 =============================================
20260626 044027.658 INFO             PET2  Finalizing ESMF
20260626 044027.626 INFO             PET3 !!!!!!!!!!!!!!!!!!!!!!!!!!!!!!!!!!!!!!!!!!!!!!!!!!!!!!
20260626 044027.626 INFO             PET3 !!! THE ESMF_LOG IS SET TO OUTPUT ALL LOG MESSAGES !!!
20260626 044027.626 INFO             PET3 !!!     THIS MAY CAUSE SLOWDOWN IN PERFORMANCE     !!!
20260626 044027.626 INFO             PET3 !!! FOR PRODUCTION RUNS, USE:                      !!!
20260626 044027.626 INFO             PET3 !!!                   ESMF_LOGKIND_Multi_On_Error  !!!
20260626 044027.626 INFO             PET3 !!!!!!!!!!!!!!!!!!!!!!!!!!!!!!!!!!!!!!!!!!!!!!!!!!!!!!
20260626 044027.626 INFO             PET3 Running with ESMF Version   : develop+g8b88b841bc
20260626 044027.626 INFO             PET3 ESMF library build date/time: "Jun 26 2026" "03:51:56"
20260626 044027.626 INFO             PET3 ESMF library build location : /tmp/intel_2025.0.0_mpi_g_develop/esmf
20260626 044027.626 INFO             PET3 ESMF_COMM                   : mpi
20260626 044027.627 INFO             PET3 ESMF_MOAB                   : enabled
20260626 044027.627 INFO             PET3 ESMF_LAPACK                 : enabled
20260626 044027.627 INFO             PET3 ESMF_NETCDF                 : enabled
20260626 044027.627 INFO             PET3 ESMF_PNETCDF                : disabled
20260626 044027.627 INFO             PET3 ESMF_PIO                    : enabled
20260626 044027.627 INFO             PET3 ESMF_YAMLCPP                : enabled
20260626 044027.635 INFO             PET3 =============================================
20260626 044027.635 INFO             PET3 ESMX (Earth System Model eXecutable) STARTING
20260626 044027.635 INFO             PET3 =============================================
20260626 044027.643 DEBUG            PET3 Generic SetVM() is executing for: ESMX_Driver
20260626 044027.643 DEBUG            PET3 Generic SetVM() found no NUOPC Hint for: ESMX_Driver
20260626 044027.643 DEBUG            PET3 Generic SetVM() therefore is NOT calling ESMF_GridCompSetVMMaxPEs() for: ESMX_Driver
20260626 044027.657 INFO             PET3 =============================================
20260626 044027.657 INFO             PET3 ESMX (Earth System Model eXecutable) FINISHED
20260626 044027.657 INFO             PET3 =============================================
20260626 044027.657 INFO             PET3  Finalizing ESMF
