2026-08-21 03:45:24
20260821 040209.488 INFO             PET0 !!!!!!!!!!!!!!!!!!!!!!!!!!!!!!!!!!!!!!!!!!!!!!!!!!!!!!
20260821 040209.488 INFO             PET0 !!! THE ESMF_LOG IS SET TO OUTPUT ALL LOG MESSAGES !!!
20260821 040209.488 INFO             PET0 !!!     THIS MAY CAUSE SLOWDOWN IN PERFORMANCE     !!!
20260821 040209.488 INFO             PET0 !!! FOR PRODUCTION RUNS, USE:                      !!!
20260821 040209.488 INFO             PET0 !!!                   ESMF_LOGKIND_Multi_On_Error  !!!
20260821 040209.488 INFO             PET0 !!!!!!!!!!!!!!!!!!!!!!!!!!!!!!!!!!!!!!!!!!!!!!!!!!!!!!
20260821 040209.488 INFO             PET0 Running with ESMF Version   : develop+gd8cb7c6c83
20260821 040209.488 INFO             PET0 ESMF library build date/time: "Aug 21 2026" "03:44:33"
20260821 040209.488 INFO             PET0 ESMF library build location : /tmp/intel_2025.2.1_mpi_g_develop/esmf
20260821 040209.488 INFO             PET0 ESMF_COMM                   : mpi
20260821 040209.488 INFO             PET0 ESMF_MOAB                   : enabled
20260821 040209.488 INFO             PET0 ESMF_LAPACK                 : enabled
20260821 040209.488 INFO             PET0 ESMF_NETCDF                 : enabled
20260821 040209.488 INFO             PET0 ESMF_PNETCDF                : disabled
20260821 040209.488 INFO             PET0 ESMF_PIO                    : enabled
20260821 040209.488 INFO             PET0 ESMF_YAMLCPP                : enabled
20260821 040209.489 INFO             PET0  NUMBER_OF_PROCESSORS           1
20260821 040209.489 INFO             PET0  PASS  Example ESMF_TimeEx, ESMF_TimeEx.F90, line 141
20260821 040209.489 INFO             PET0  Finalizing ESMF
