2026-07-02 03:45:27
20260702 040536.732 INFO             PET0 !!!!!!!!!!!!!!!!!!!!!!!!!!!!!!!!!!!!!!!!!!!!!!!!!!!!!!
20260702 040536.732 INFO             PET0 !!! THE ESMF_LOG IS SET TO OUTPUT ALL LOG MESSAGES !!!
20260702 040536.732 INFO             PET0 !!!     THIS MAY CAUSE SLOWDOWN IN PERFORMANCE     !!!
20260702 040536.732 INFO             PET0 !!! FOR PRODUCTION RUNS, USE:                      !!!
20260702 040536.732 INFO             PET0 !!!                   ESMF_LOGKIND_Multi_On_Error  !!!
20260702 040536.732 INFO             PET0 !!!!!!!!!!!!!!!!!!!!!!!!!!!!!!!!!!!!!!!!!!!!!!!!!!!!!!
20260702 040536.732 INFO             PET0 Running with ESMF Version   : develop+g97275e0470
20260702 040536.732 INFO             PET0 ESMF library build date/time: "Jul  2 2026" "03:44:39"
20260702 040536.732 INFO             PET0 ESMF library build location : /tmp/intel_2025.2.1_mpi_g_develop/esmf
20260702 040536.732 INFO             PET0 ESMF_COMM                   : mpi
20260702 040536.732 INFO             PET0 ESMF_MOAB                   : enabled
20260702 040536.732 INFO             PET0 ESMF_LAPACK                 : enabled
20260702 040536.732 INFO             PET0 ESMF_NETCDF                 : enabled
20260702 040536.732 INFO             PET0 ESMF_PNETCDF                : disabled
20260702 040536.732 INFO             PET0 ESMF_PIO                    : enabled
20260702 040536.732 INFO             PET0 ESMF_YAMLCPP                : enabled
20260702 040536.732 INFO             PET0  NUMBER_OF_PROCESSORS           2
20260702 040536.732 INFO             PET0  PASS  Example ESMF_VMUserMpiCommEx, ESMF_VMUserMpiCommEx.F90, line 113
20260702 040536.732 INFO             PET0  Finalizing ESMF with endflag==ESMF_END_KEEPMPI
20260702 040536.732 INFO             PET1 !!!!!!!!!!!!!!!!!!!!!!!!!!!!!!!!!!!!!!!!!!!!!!!!!!!!!!
20260702 040536.732 INFO             PET1 !!! THE ESMF_LOG IS SET TO OUTPUT ALL LOG MESSAGES !!!
20260702 040536.732 INFO             PET1 !!!     THIS MAY CAUSE SLOWDOWN IN PERFORMANCE     !!!
20260702 040536.732 INFO             PET1 !!! FOR PRODUCTION RUNS, USE:                      !!!
20260702 040536.732 INFO             PET1 !!!                   ESMF_LOGKIND_Multi_On_Error  !!!
20260702 040536.732 INFO             PET1 !!!!!!!!!!!!!!!!!!!!!!!!!!!!!!!!!!!!!!!!!!!!!!!!!!!!!!
20260702 040536.732 INFO             PET1 Running with ESMF Version   : develop+g97275e0470
20260702 040536.732 INFO             PET1 ESMF library build date/time: "Jul  2 2026" "03:44:39"
20260702 040536.732 INFO             PET1 ESMF library build location : /tmp/intel_2025.2.1_mpi_g_develop/esmf
20260702 040536.732 INFO             PET1 ESMF_COMM                   : mpi
20260702 040536.732 INFO             PET1 ESMF_MOAB                   : enabled
20260702 040536.732 INFO             PET1 ESMF_LAPACK                 : enabled
20260702 040536.732 INFO             PET1 ESMF_NETCDF                 : enabled
20260702 040536.732 INFO             PET1 ESMF_PNETCDF                : disabled
20260702 040536.732 INFO             PET1 ESMF_PIO                    : enabled
20260702 040536.732 INFO             PET1 ESMF_YAMLCPP                : enabled
20260702 040536.732 INFO             PET1  NUMBER_OF_PROCESSORS           2
20260702 040536.732 INFO             PET1  PASS  Example ESMF_VMUserMpiCommEx, ESMF_VMUserMpiCommEx.F90, line 113
20260702 040536.732 INFO             PET1  Finalizing ESMF with endflag==ESMF_END_KEEPMPI
