2026-06-18 00:43:56
20260618 011451.014 INFO             PET0 !!!!!!!!!!!!!!!!!!!!!!!!!!!!!!!!!!!!!!!!!!!!!!!!!!!!!!
20260618 011451.019 INFO             PET0 !!! THE ESMF_LOG IS SET TO OUTPUT ALL LOG MESSAGES !!!
20260618 011451.019 INFO             PET0 !!!     THIS MAY CAUSE SLOWDOWN IN PERFORMANCE     !!!
20260618 011451.019 INFO             PET0 !!! FOR PRODUCTION RUNS, USE:                      !!!
20260618 011451.019 INFO             PET0 !!!                   ESMF_LOGKIND_Multi_On_Error  !!!
20260618 011451.019 INFO             PET0 !!!!!!!!!!!!!!!!!!!!!!!!!!!!!!!!!!!!!!!!!!!!!!!!!!!!!!
20260618 011451.019 INFO             PET0 Running with ESMF Version   : feature/refresh-bmauer-c_dynmask_interface+gbebbdcf2d2
20260618 011451.019 INFO             PET0 ESMF library build date/time: "Jun 18 2026" "00:42:45"
20260618 011451.019 INFO             PET0 ESMF library build location : /usr/local/esmf/esmf-testing/gfortranclang_14.2.0_17.0.0_mpich_g_feature_refresh-bmauer-c_dynmask_interface/esmf
20260618 011451.019 INFO             PET0 ESMF_COMM                   : mpich
20260618 011451.019 INFO             PET0 ESMF_MOAB                   : enabled
20260618 011451.019 INFO             PET0 ESMF_LAPACK                 : enabled
20260618 011451.019 INFO             PET0 ESMF_NETCDF                 : enabled
20260618 011451.020 INFO             PET0 ESMF_PNETCDF                : disabled
20260618 011451.020 INFO             PET0 ESMF_PIO                    : enabled
20260618 011451.020 INFO             PET0 ESMF_YAMLCPP                : enabled
20260618 011451.096 INFO             PET0  NUMBER_OF_PROCESSORS           4
20260618 011451.096 INFO             PET0  PASS  Example ESMF_ArrayArbHaloEx, ESMF_ArrayArbHaloEx.F90, line 650
20260618 011451.096 INFO             PET0  Finalizing ESMF
20260618 011451.015 INFO             PET1 !!!!!!!!!!!!!!!!!!!!!!!!!!!!!!!!!!!!!!!!!!!!!!!!!!!!!!
20260618 011451.026 INFO             PET1 !!! THE ESMF_LOG IS SET TO OUTPUT ALL LOG MESSAGES !!!
20260618 011451.026 INFO             PET1 !!!     THIS MAY CAUSE SLOWDOWN IN PERFORMANCE     !!!
20260618 011451.026 INFO             PET1 !!! FOR PRODUCTION RUNS, USE:                      !!!
20260618 011451.026 INFO             PET1 !!!                   ESMF_LOGKIND_Multi_On_Error  !!!
20260618 011451.026 INFO             PET1 !!!!!!!!!!!!!!!!!!!!!!!!!!!!!!!!!!!!!!!!!!!!!!!!!!!!!!
20260618 011451.026 INFO             PET1 Running with ESMF Version   : feature/refresh-bmauer-c_dynmask_interface+gbebbdcf2d2
20260618 011451.026 INFO             PET1 ESMF library build date/time: "Jun 18 2026" "00:42:45"
20260618 011451.026 INFO             PET1 ESMF library build location : /usr/local/esmf/esmf-testing/gfortranclang_14.2.0_17.0.0_mpich_g_feature_refresh-bmauer-c_dynmask_interface/esmf
20260618 011451.026 INFO             PET1 ESMF_COMM                   : mpich
20260618 011451.026 INFO             PET1 ESMF_MOAB                   : enabled
20260618 011451.026 INFO             PET1 ESMF_LAPACK                 : enabled
20260618 011451.026 INFO             PET1 ESMF_NETCDF                 : enabled
20260618 011451.026 INFO             PET1 ESMF_PNETCDF                : disabled
20260618 011451.026 INFO             PET1 ESMF_PIO                    : enabled
20260618 011451.026 INFO             PET1 ESMF_YAMLCPP                : enabled
20260618 011451.096 INFO             PET1  NUMBER_OF_PROCESSORS           4
20260618 011451.096 INFO             PET1  PASS  Example ESMF_ArrayArbHaloEx, ESMF_ArrayArbHaloEx.F90, line 650
20260618 011451.096 INFO             PET1  Finalizing ESMF
20260618 011451.015 INFO             PET2 !!!!!!!!!!!!!!!!!!!!!!!!!!!!!!!!!!!!!!!!!!!!!!!!!!!!!!
20260618 011451.023 INFO             PET2 !!! THE ESMF_LOG IS SET TO OUTPUT ALL LOG MESSAGES !!!
20260618 011451.023 INFO             PET2 !!!     THIS MAY CAUSE SLOWDOWN IN PERFORMANCE     !!!
20260618 011451.023 INFO             PET2 !!! FOR PRODUCTION RUNS, USE:                      !!!
20260618 011451.023 INFO             PET2 !!!                   ESMF_LOGKIND_Multi_On_Error  !!!
20260618 011451.023 INFO             PET2 !!!!!!!!!!!!!!!!!!!!!!!!!!!!!!!!!!!!!!!!!!!!!!!!!!!!!!
20260618 011451.023 INFO             PET2 Running with ESMF Version   : feature/refresh-bmauer-c_dynmask_interface+gbebbdcf2d2
20260618 011451.023 INFO             PET2 ESMF library build date/time: "Jun 18 2026" "00:42:45"
20260618 011451.023 INFO             PET2 ESMF library build location : /usr/local/esmf/esmf-testing/gfortranclang_14.2.0_17.0.0_mpich_g_feature_refresh-bmauer-c_dynmask_interface/esmf
20260618 011451.023 INFO             PET2 ESMF_COMM                   : mpich
20260618 011451.023 INFO             PET2 ESMF_MOAB                   : enabled
20260618 011451.024 INFO             PET2 ESMF_LAPACK                 : enabled
20260618 011451.024 INFO             PET2 ESMF_NETCDF                 : enabled
20260618 011451.024 INFO             PET2 ESMF_PNETCDF                : disabled
20260618 011451.024 INFO             PET2 ESMF_PIO                    : enabled
20260618 011451.024 INFO             PET2 ESMF_YAMLCPP                : enabled
20260618 011451.096 INFO             PET2  NUMBER_OF_PROCESSORS           4
20260618 011451.096 INFO             PET2  PASS  Example ESMF_ArrayArbHaloEx, ESMF_ArrayArbHaloEx.F90, line 650
20260618 011451.096 INFO             PET2  Finalizing ESMF
20260618 011451.015 INFO             PET3 !!!!!!!!!!!!!!!!!!!!!!!!!!!!!!!!!!!!!!!!!!!!!!!!!!!!!!
20260618 011451.023 INFO             PET3 !!! THE ESMF_LOG IS SET TO OUTPUT ALL LOG MESSAGES !!!
20260618 011451.023 INFO             PET3 !!!     THIS MAY CAUSE SLOWDOWN IN PERFORMANCE     !!!
20260618 011451.023 INFO             PET3 !!! FOR PRODUCTION RUNS, USE:                      !!!
20260618 011451.023 INFO             PET3 !!!                   ESMF_LOGKIND_Multi_On_Error  !!!
20260618 011451.023 INFO             PET3 !!!!!!!!!!!!!!!!!!!!!!!!!!!!!!!!!!!!!!!!!!!!!!!!!!!!!!
20260618 011451.023 INFO             PET3 Running with ESMF Version   : feature/refresh-bmauer-c_dynmask_interface+gbebbdcf2d2
20260618 011451.023 INFO             PET3 ESMF library build date/time: "Jun 18 2026" "00:42:45"
20260618 011451.023 INFO             PET3 ESMF library build location : /usr/local/esmf/esmf-testing/gfortranclang_14.2.0_17.0.0_mpich_g_feature_refresh-bmauer-c_dynmask_interface/esmf
20260618 011451.023 INFO             PET3 ESMF_COMM                   : mpich
20260618 011451.023 INFO             PET3 ESMF_MOAB                   : enabled
20260618 011451.023 INFO             PET3 ESMF_LAPACK                 : enabled
20260618 011451.023 INFO             PET3 ESMF_NETCDF                 : enabled
20260618 011451.023 INFO             PET3 ESMF_PNETCDF                : disabled
20260618 011451.023 INFO             PET3 ESMF_PIO                    : enabled
20260618 011451.023 INFO             PET3 ESMF_YAMLCPP                : enabled
20260618 011451.097 INFO             PET3  NUMBER_OF_PROCESSORS           4
20260618 011451.097 INFO             PET3  PASS  Example ESMF_ArrayArbHaloEx, ESMF_ArrayArbHaloEx.F90, line 650
20260618 011451.097 INFO             PET3  Finalizing ESMF
