2026-05-22 22:55:55
20260522 232713.597 INFO             PET0 !!!!!!!!!!!!!!!!!!!!!!!!!!!!!!!!!!!!!!!!!!!!!!!!!!!!!!
20260522 232713.601 INFO             PET0 !!! THE ESMF_LOG IS SET TO OUTPUT ALL LOG MESSAGES !!!
20260522 232713.601 INFO             PET0 !!!     THIS MAY CAUSE SLOWDOWN IN PERFORMANCE     !!!
20260522 232713.601 INFO             PET0 !!! FOR PRODUCTION RUNS, USE:                      !!!
20260522 232713.601 INFO             PET0 !!!                   ESMF_LOGKIND_Multi_On_Error  !!!
20260522 232713.601 INFO             PET0 !!!!!!!!!!!!!!!!!!!!!!!!!!!!!!!!!!!!!!!!!!!!!!!!!!!!!!
20260522 232713.601 INFO             PET0 Running with ESMF Version   : feature/refresh-bmauer-c_dynmask_interface+g326dc38f77
20260522 232713.601 INFO             PET0 ESMF library build date/time: "May 22 2026" "22:54:41"
20260522 232713.601 INFO             PET0 ESMF library build location : /usr/local/esmf/esmf-testing/gfortranclang_14.2.0_17.0.0_mpich_g_feature_refresh-bmauer-c_dynmask_interface/esmf
20260522 232713.601 INFO             PET0 ESMF_COMM                   : mpich
20260522 232713.601 INFO             PET0 ESMF_MOAB                   : enabled
20260522 232713.601 INFO             PET0 ESMF_LAPACK                 : enabled
20260522 232713.601 INFO             PET0 ESMF_NETCDF                 : enabled
20260522 232713.601 INFO             PET0 ESMF_PNETCDF                : disabled
20260522 232713.601 INFO             PET0 ESMF_PIO                    : enabled
20260522 232713.601 INFO             PET0 ESMF_YAMLCPP                : enabled
20260522 232713.605 INFO             PET0  NUMBER_OF_PROCESSORS           4
20260522 232713.605 INFO             PET0  PASS  Example ESMF_VMUserMpiCommMultiEx, ESMF_VMUserMpiCommMultiEx.F90, line 126
20260522 232713.605 INFO             PET0  Finalizing ESMF with endflag==ESMF_END_KEEPMPI
20260522 232713.596 INFO             PET0 !!!!!!!!!!!!!!!!!!!!!!!!!!!!!!!!!!!!!!!!!!!!!!!!!!!!!!
20260522 232713.600 INFO             PET0 !!! THE ESMF_LOG IS SET TO OUTPUT ALL LOG MESSAGES !!!
20260522 232713.600 INFO             PET0 !!!     THIS MAY CAUSE SLOWDOWN IN PERFORMANCE     !!!
20260522 232713.600 INFO             PET0 !!! FOR PRODUCTION RUNS, USE:                      !!!
20260522 232713.600 INFO             PET0 !!!                   ESMF_LOGKIND_Multi_On_Error  !!!
20260522 232713.600 INFO             PET0 !!!!!!!!!!!!!!!!!!!!!!!!!!!!!!!!!!!!!!!!!!!!!!!!!!!!!!
20260522 232713.600 INFO             PET0 Running with ESMF Version   : feature/refresh-bmauer-c_dynmask_interface+g326dc38f77
20260522 232713.600 INFO             PET0 ESMF library build date/time: "May 22 2026" "22:54:41"
20260522 232713.600 INFO             PET0 ESMF library build location : /usr/local/esmf/esmf-testing/gfortranclang_14.2.0_17.0.0_mpich_g_feature_refresh-bmauer-c_dynmask_interface/esmf
20260522 232713.600 INFO             PET0 ESMF_COMM                   : mpich
20260522 232713.600 INFO             PET0 ESMF_MOAB                   : enabled
20260522 232713.600 INFO             PET0 ESMF_LAPACK                 : enabled
20260522 232713.600 INFO             PET0 ESMF_NETCDF                 : enabled
20260522 232713.600 INFO             PET0 ESMF_PNETCDF                : disabled
20260522 232713.600 INFO             PET0 ESMF_PIO                    : enabled
20260522 232713.600 INFO             PET0 ESMF_YAMLCPP                : enabled
20260522 232713.610 INFO             PET0  NUMBER_OF_PROCESSORS           4
20260522 232713.610 INFO             PET0  PASS  Example ESMF_VMUserMpiCommMultiEx, ESMF_VMUserMpiCommMultiEx.F90, line 154
20260522 232713.610 INFO             PET0  Finalizing ESMF with endflag==ESMF_END_KEEPMPI
20260522 232713.597 INFO             PET1 !!!!!!!!!!!!!!!!!!!!!!!!!!!!!!!!!!!!!!!!!!!!!!!!!!!!!!
20260522 232713.605 INFO             PET1 !!! THE ESMF_LOG IS SET TO OUTPUT ALL LOG MESSAGES !!!
20260522 232713.605 INFO             PET1 !!!     THIS MAY CAUSE SLOWDOWN IN PERFORMANCE     !!!
20260522 232713.605 INFO             PET1 !!! FOR PRODUCTION RUNS, USE:                      !!!
20260522 232713.605 INFO             PET1 !!!                   ESMF_LOGKIND_Multi_On_Error  !!!
20260522 232713.605 INFO             PET1 !!!!!!!!!!!!!!!!!!!!!!!!!!!!!!!!!!!!!!!!!!!!!!!!!!!!!!
20260522 232713.605 INFO             PET1 Running with ESMF Version   : feature/refresh-bmauer-c_dynmask_interface+g326dc38f77
20260522 232713.605 INFO             PET1 ESMF library build date/time: "May 22 2026" "22:54:41"
20260522 232713.605 INFO             PET1 ESMF library build location : /usr/local/esmf/esmf-testing/gfortranclang_14.2.0_17.0.0_mpich_g_feature_refresh-bmauer-c_dynmask_interface/esmf
20260522 232713.605 INFO             PET1 ESMF_COMM                   : mpich
20260522 232713.605 INFO             PET1 ESMF_MOAB                   : enabled
20260522 232713.605 INFO             PET1 ESMF_LAPACK                 : enabled
20260522 232713.605 INFO             PET1 ESMF_NETCDF                 : enabled
20260522 232713.605 INFO             PET1 ESMF_PNETCDF                : disabled
20260522 232713.605 INFO             PET1 ESMF_PIO                    : enabled
20260522 232713.605 INFO             PET1 ESMF_YAMLCPP                : enabled
20260522 232713.605 INFO             PET1  NUMBER_OF_PROCESSORS           4
20260522 232713.605 INFO             PET1  PASS  Example ESMF_VMUserMpiCommMultiEx, ESMF_VMUserMpiCommMultiEx.F90, line 126
20260522 232713.605 INFO             PET1  Finalizing ESMF with endflag==ESMF_END_KEEPMPI
20260522 232713.596 INFO             PET1 !!!!!!!!!!!!!!!!!!!!!!!!!!!!!!!!!!!!!!!!!!!!!!!!!!!!!!
20260522 232713.604 INFO             PET1 !!! THE ESMF_LOG IS SET TO OUTPUT ALL LOG MESSAGES !!!
20260522 232713.604 INFO             PET1 !!!     THIS MAY CAUSE SLOWDOWN IN PERFORMANCE     !!!
20260522 232713.604 INFO             PET1 !!! FOR PRODUCTION RUNS, USE:                      !!!
20260522 232713.604 INFO             PET1 !!!                   ESMF_LOGKIND_Multi_On_Error  !!!
20260522 232713.604 INFO             PET1 !!!!!!!!!!!!!!!!!!!!!!!!!!!!!!!!!!!!!!!!!!!!!!!!!!!!!!
20260522 232713.604 INFO             PET1 Running with ESMF Version   : feature/refresh-bmauer-c_dynmask_interface+g326dc38f77
20260522 232713.604 INFO             PET1 ESMF library build date/time: "May 22 2026" "22:54:41"
20260522 232713.604 INFO             PET1 ESMF library build location : /usr/local/esmf/esmf-testing/gfortranclang_14.2.0_17.0.0_mpich_g_feature_refresh-bmauer-c_dynmask_interface/esmf
20260522 232713.604 INFO             PET1 ESMF_COMM                   : mpich
20260522 232713.604 INFO             PET1 ESMF_MOAB                   : enabled
20260522 232713.604 INFO             PET1 ESMF_LAPACK                 : enabled
20260522 232713.604 INFO             PET1 ESMF_NETCDF                 : enabled
20260522 232713.604 INFO             PET1 ESMF_PNETCDF                : disabled
20260522 232713.604 INFO             PET1 ESMF_PIO                    : enabled
20260522 232713.604 INFO             PET1 ESMF_YAMLCPP                : enabled
20260522 232713.611 INFO             PET1  NUMBER_OF_PROCESSORS           4
20260522 232713.611 INFO             PET1  PASS  Example ESMF_VMUserMpiCommMultiEx, ESMF_VMUserMpiCommMultiEx.F90, line 154
20260522 232713.611 INFO             PET1  Finalizing ESMF with endflag==ESMF_END_KEEPMPI
