2026-06-14 07:29:41
20260614 080959.990 INFO             PET0 !!!!!!!!!!!!!!!!!!!!!!!!!!!!!!!!!!!!!!!!!!!!!!!!!!!!!!
20260614 080959.990 INFO             PET0 !!! THE ESMF_LOG IS SET TO OUTPUT ALL LOG MESSAGES !!!
20260614 080959.990 INFO             PET0 !!!     THIS MAY CAUSE SLOWDOWN IN PERFORMANCE     !!!
20260614 080959.990 INFO             PET0 !!! FOR PRODUCTION RUNS, USE:                      !!!
20260614 080959.990 INFO             PET0 !!!                   ESMF_LOGKIND_Multi_On_Error  !!!
20260614 080959.990 INFO             PET0 !!!!!!!!!!!!!!!!!!!!!!!!!!!!!!!!!!!!!!!!!!!!!!!!!!!!!!
20260614 080959.990 INFO             PET0 Running with ESMF Version   : v9.0.0b15
20260614 080959.990 INFO             PET0 ESMF library build date/time: "Jun 14 2026" "07:27:08"
20260614 080959.990 INFO             PET0 ESMF library build location : /scratch3/NCEPDEV/stmp/Gerhard.Theurich/ESMF-Nightly-Testing-Hera/gfortran_13.2.0_openmpi_O_develop/esmf
20260614 080959.990 INFO             PET0 ESMF_COMM                   : openmpi
20260614 080959.991 INFO             PET0 ESMF_MOAB                   : enabled
20260614 080959.991 INFO             PET0 ESMF_LAPACK                 : enabled
20260614 080959.991 INFO             PET0 ESMF_NETCDF                 : disabled
20260614 080959.991 INFO             PET0 ESMF_PNETCDF                : disabled
20260614 080959.991 INFO             PET0 ESMF_PIO                    : disabled
20260614 080959.991 INFO             PET0 ESMF_YAMLCPP                : enabled
20260614 080959.991 INFO             PET0  NUMBER_OF_PROCESSORS           1
20260614 080959.991 INFO             PET0  PASS  Example ESMF_TimeIntervalEx, ESMF_TimeIntervalEx.F90, line 176
20260614 080959.991 INFO             PET0  Finalizing ESMF
