2026-07-08 01:37:39
20260708 020851.946 INFO             PET0 !!!!!!!!!!!!!!!!!!!!!!!!!!!!!!!!!!!!!!!!!!!!!!!!!!!!!!
20260708 020851.946 INFO             PET0 !!! THE ESMF_LOG IS SET TO OUTPUT ALL LOG MESSAGES !!!
20260708 020851.946 INFO             PET0 !!!     THIS MAY CAUSE SLOWDOWN IN PERFORMANCE     !!!
20260708 020851.946 INFO             PET0 !!! FOR PRODUCTION RUNS, USE:                      !!!
20260708 020851.946 INFO             PET0 !!!                   ESMF_LOGKIND_Multi_On_Error  !!!
20260708 020851.946 INFO             PET0 !!!!!!!!!!!!!!!!!!!!!!!!!!!!!!!!!!!!!!!!!!!!!!!!!!!!!!
20260708 020851.946 INFO             PET0 Running with ESMF Version   : feature/refresh-bmauer-c_dynmask_interface+g70628eccd4
20260708 020851.946 INFO             PET0 ESMF library build date/time: "Jul  8 2026" "01:35:49"
20260708 020851.946 INFO             PET0 ESMF library build location : /glade/derecho/scratch/sacks/esmf-testing/intel_2024.2.1-oneAPI_mpi_O_feature_refresh-bmauer-c_dynmask_interface/esmf
20260708 020851.946 INFO             PET0 ESMF_COMM                   : mpi
20260708 020851.946 INFO             PET0 ESMF_MOAB                   : enabled
20260708 020851.946 INFO             PET0 ESMF_LAPACK                 : enabled
20260708 020851.946 INFO             PET0 ESMF_NETCDF                 : enabled
20260708 020851.946 INFO             PET0 ESMF_PNETCDF                : disabled
20260708 020851.946 INFO             PET0 ESMF_PIO                    : enabled
20260708 020851.946 INFO             PET0 ESMF_YAMLCPP                : enabled
20260708 020851.947 INFO             PET0  NUMBER_OF_PROCESSORS           1
20260708 020851.947 INFO             PET0  PASS  Example ESMF_TimeEx, ESMF_TimeEx.F90, line 141
20260708 020851.947 INFO             PET0  Finalizing ESMF
