2026-05-22 01:30:44
20260522 020002.542 INFO             PET0 !!!!!!!!!!!!!!!!!!!!!!!!!!!!!!!!!!!!!!!!!!!!!!!!!!!!!!
20260522 020002.542 INFO             PET0 !!! THE ESMF_LOG IS SET TO OUTPUT ALL LOG MESSAGES !!!
20260522 020002.542 INFO             PET0 !!!     THIS MAY CAUSE SLOWDOWN IN PERFORMANCE     !!!
20260522 020002.542 INFO             PET0 !!! FOR PRODUCTION RUNS, USE:                      !!!
20260522 020002.542 INFO             PET0 !!!                   ESMF_LOGKIND_Multi_On_Error  !!!
20260522 020002.542 INFO             PET0 !!!!!!!!!!!!!!!!!!!!!!!!!!!!!!!!!!!!!!!!!!!!!!!!!!!!!!
20260522 020002.542 INFO             PET0 Running with ESMF Version   : feature/refresh-bmauer-c_dynmask_interface+g326dc38f77
20260522 020002.542 INFO             PET0 ESMF library build date/time: "May 22 2026" "01:29:00"
20260522 020002.542 INFO             PET0 ESMF library build location : /glade/derecho/scratch/sacks/esmf-testing/intel_2024.2.1-oneAPI_mpi_O_feature_refresh-bmauer-c_dynmask_interface/esmf
20260522 020002.542 INFO             PET0 ESMF_COMM                   : mpi
20260522 020002.542 INFO             PET0 ESMF_MOAB                   : enabled
20260522 020002.542 INFO             PET0 ESMF_LAPACK                 : enabled
20260522 020002.542 INFO             PET0 ESMF_NETCDF                 : enabled
20260522 020002.542 INFO             PET0 ESMF_PNETCDF                : disabled
20260522 020002.542 INFO             PET0 ESMF_PIO                    : enabled
20260522 020002.542 INFO             PET0 ESMF_YAMLCPP                : enabled
20260522 020002.544 INFO             PET0  NUMBER_OF_PROCESSORS           4
20260522 020002.544 INFO             PET0  PASS  Example ESMF_ArrayFarrayEx, ESMF_ArrayFarrayEx.F90, line 288
20260522 020002.544 INFO             PET0  Finalizing ESMF
20260522 020002.542 INFO             PET1 !!!!!!!!!!!!!!!!!!!!!!!!!!!!!!!!!!!!!!!!!!!!!!!!!!!!!!
20260522 020002.542 INFO             PET1 !!! THE ESMF_LOG IS SET TO OUTPUT ALL LOG MESSAGES !!!
20260522 020002.542 INFO             PET1 !!!     THIS MAY CAUSE SLOWDOWN IN PERFORMANCE     !!!
20260522 020002.542 INFO             PET1 !!! FOR PRODUCTION RUNS, USE:                      !!!
20260522 020002.542 INFO             PET1 !!!                   ESMF_LOGKIND_Multi_On_Error  !!!
20260522 020002.542 INFO             PET1 !!!!!!!!!!!!!!!!!!!!!!!!!!!!!!!!!!!!!!!!!!!!!!!!!!!!!!
20260522 020002.542 INFO             PET1 Running with ESMF Version   : feature/refresh-bmauer-c_dynmask_interface+g326dc38f77
20260522 020002.542 INFO             PET1 ESMF library build date/time: "May 22 2026" "01:29:00"
20260522 020002.542 INFO             PET1 ESMF library build location : /glade/derecho/scratch/sacks/esmf-testing/intel_2024.2.1-oneAPI_mpi_O_feature_refresh-bmauer-c_dynmask_interface/esmf
20260522 020002.542 INFO             PET1 ESMF_COMM                   : mpi
20260522 020002.542 INFO             PET1 ESMF_MOAB                   : enabled
20260522 020002.542 INFO             PET1 ESMF_LAPACK                 : enabled
20260522 020002.542 INFO             PET1 ESMF_NETCDF                 : enabled
20260522 020002.542 INFO             PET1 ESMF_PNETCDF                : disabled
20260522 020002.542 INFO             PET1 ESMF_PIO                    : enabled
20260522 020002.542 INFO             PET1 ESMF_YAMLCPP                : enabled
20260522 020002.544 INFO             PET1  NUMBER_OF_PROCESSORS           4
20260522 020002.544 INFO             PET1  PASS  Example ESMF_ArrayFarrayEx, ESMF_ArrayFarrayEx.F90, line 288
20260522 020002.544 INFO             PET1  Finalizing ESMF
20260522 020002.542 INFO             PET2 !!!!!!!!!!!!!!!!!!!!!!!!!!!!!!!!!!!!!!!!!!!!!!!!!!!!!!
20260522 020002.542 INFO             PET2 !!! THE ESMF_LOG IS SET TO OUTPUT ALL LOG MESSAGES !!!
20260522 020002.542 INFO             PET2 !!!     THIS MAY CAUSE SLOWDOWN IN PERFORMANCE     !!!
20260522 020002.542 INFO             PET2 !!! FOR PRODUCTION RUNS, USE:                      !!!
20260522 020002.542 INFO             PET2 !!!                   ESMF_LOGKIND_Multi_On_Error  !!!
20260522 020002.542 INFO             PET2 !!!!!!!!!!!!!!!!!!!!!!!!!!!!!!!!!!!!!!!!!!!!!!!!!!!!!!
20260522 020002.542 INFO             PET2 Running with ESMF Version   : feature/refresh-bmauer-c_dynmask_interface+g326dc38f77
20260522 020002.542 INFO             PET2 ESMF library build date/time: "May 22 2026" "01:29:00"
20260522 020002.542 INFO             PET2 ESMF library build location : /glade/derecho/scratch/sacks/esmf-testing/intel_2024.2.1-oneAPI_mpi_O_feature_refresh-bmauer-c_dynmask_interface/esmf
20260522 020002.542 INFO             PET2 ESMF_COMM                   : mpi
20260522 020002.542 INFO             PET2 ESMF_MOAB                   : enabled
20260522 020002.542 INFO             PET2 ESMF_LAPACK                 : enabled
20260522 020002.542 INFO             PET2 ESMF_NETCDF                 : enabled
20260522 020002.542 INFO             PET2 ESMF_PNETCDF                : disabled
20260522 020002.542 INFO             PET2 ESMF_PIO                    : enabled
20260522 020002.542 INFO             PET2 ESMF_YAMLCPP                : enabled
20260522 020002.544 INFO             PET2  NUMBER_OF_PROCESSORS           4
20260522 020002.544 INFO             PET2  PASS  Example ESMF_ArrayFarrayEx, ESMF_ArrayFarrayEx.F90, line 288
20260522 020002.544 INFO             PET2  Finalizing ESMF
20260522 020002.542 INFO             PET3 !!!!!!!!!!!!!!!!!!!!!!!!!!!!!!!!!!!!!!!!!!!!!!!!!!!!!!
20260522 020002.542 INFO             PET3 !!! THE ESMF_LOG IS SET TO OUTPUT ALL LOG MESSAGES !!!
20260522 020002.542 INFO             PET3 !!!     THIS MAY CAUSE SLOWDOWN IN PERFORMANCE     !!!
20260522 020002.542 INFO             PET3 !!! FOR PRODUCTION RUNS, USE:                      !!!
20260522 020002.542 INFO             PET3 !!!                   ESMF_LOGKIND_Multi_On_Error  !!!
20260522 020002.542 INFO             PET3 !!!!!!!!!!!!!!!!!!!!!!!!!!!!!!!!!!!!!!!!!!!!!!!!!!!!!!
20260522 020002.542 INFO             PET3 Running with ESMF Version   : feature/refresh-bmauer-c_dynmask_interface+g326dc38f77
20260522 020002.542 INFO             PET3 ESMF library build date/time: "May 22 2026" "01:29:00"
20260522 020002.542 INFO             PET3 ESMF library build location : /glade/derecho/scratch/sacks/esmf-testing/intel_2024.2.1-oneAPI_mpi_O_feature_refresh-bmauer-c_dynmask_interface/esmf
20260522 020002.542 INFO             PET3 ESMF_COMM                   : mpi
20260522 020002.543 INFO             PET3 ESMF_MOAB                   : enabled
20260522 020002.543 INFO             PET3 ESMF_LAPACK                 : enabled
20260522 020002.543 INFO             PET3 ESMF_NETCDF                 : enabled
20260522 020002.543 INFO             PET3 ESMF_PNETCDF                : disabled
20260522 020002.543 INFO             PET3 ESMF_PIO                    : enabled
20260522 020002.543 INFO             PET3 ESMF_YAMLCPP                : enabled
20260522 020002.544 INFO             PET3  NUMBER_OF_PROCESSORS           4
20260522 020002.544 INFO             PET3  PASS  Example ESMF_ArrayFarrayEx, ESMF_ArrayFarrayEx.F90, line 288
20260522 020002.544 INFO             PET3  Finalizing ESMF
