2026-08-07 04:19:46
20260807 044241.640 INFO             PET0 !!!!!!!!!!!!!!!!!!!!!!!!!!!!!!!!!!!!!!!!!!!!!!!!!!!!!!
20260807 044241.640 INFO             PET0 !!! THE ESMF_LOG IS SET TO OUTPUT ALL LOG MESSAGES !!!
20260807 044241.640 INFO             PET0 !!!     THIS MAY CAUSE SLOWDOWN IN PERFORMANCE     !!!
20260807 044241.640 INFO             PET0 !!! FOR PRODUCTION RUNS, USE:                      !!!
20260807 044241.640 INFO             PET0 !!!                   ESMF_LOGKIND_Multi_On_Error  !!!
20260807 044241.640 INFO             PET0 !!!!!!!!!!!!!!!!!!!!!!!!!!!!!!!!!!!!!!!!!!!!!!!!!!!!!!
20260807 044241.640 INFO             PET0 Running with ESMF Version   : develop+g432bc4507e
20260807 044241.640 INFO             PET0 ESMF library build date/time: "Aug  7 2026" "04:18:22"
20260807 044241.640 INFO             PET0 ESMF library build location : /tmp/intel_2023.2.0_mpiuni_O_develop/esmf
20260807 044241.640 INFO             PET0 ESMF_COMM                   : mpiuni
20260807 044241.640 INFO             PET0 ESMF_MOAB                   : enabled
20260807 044241.640 INFO             PET0 ESMF_LAPACK                 : enabled
20260807 044241.641 INFO             PET0 ESMF_NETCDF                 : enabled
20260807 044241.641 INFO             PET0 ESMF_PNETCDF                : disabled
20260807 044241.641 INFO             PET0 ESMF_PIO                    : enabled
20260807 044241.641 INFO             PET0 ESMF_YAMLCPP                : enabled
20260807 044241.664 INFO             PET0  NUMBER_OF_PROCESSORS           1
20260807 044241.664 INFO             PET0  PASS  Example ESMF_NUOPCAtmModelEx, ESMF_NUOPCAtmModelEx.F90, line 806
20260807 044241.664 INFO             PET0  Finalizing ESMF
