2026-05-09 07:33:26
20260509 081026.732 INFO             PET0 !!!!!!!!!!!!!!!!!!!!!!!!!!!!!!!!!!!!!!!!!!!!!!!!!!!!!!
20260509 081026.732 INFO             PET0 !!! THE ESMF_LOG IS SET TO OUTPUT ALL LOG MESSAGES !!!
20260509 081026.732 INFO             PET0 !!!     THIS MAY CAUSE SLOWDOWN IN PERFORMANCE     !!!
20260509 081026.732 INFO             PET0 !!! FOR PRODUCTION RUNS, USE:                      !!!
20260509 081026.732 INFO             PET0 !!!                   ESMF_LOGKIND_Multi_On_Error  !!!
20260509 081026.732 INFO             PET0 !!!!!!!!!!!!!!!!!!!!!!!!!!!!!!!!!!!!!!!!!!!!!!!!!!!!!!
20260509 081026.732 INFO             PET0 Running with ESMF Version   : v9.0.0b13
20260509 081026.732 INFO             PET0 ESMF library build date/time: "May  9 2026" "07:30:21"
20260509 081026.732 INFO             PET0 ESMF library build location : /scratch3/NCEPDEV/stmp/Gerhard.Theurich/ESMF-Nightly-Testing-Hera/intel_2023.2.0_mpiuni_O_develop/esmf
20260509 081026.732 INFO             PET0 ESMF_COMM                   : mpiuni
20260509 081026.733 INFO             PET0 ESMF_MOAB                   : enabled
20260509 081026.733 INFO             PET0 ESMF_LAPACK                 : enabled
20260509 081026.733 INFO             PET0 ESMF_NETCDF                 : enabled
20260509 081026.733 INFO             PET0 ESMF_PNETCDF                : disabled
20260509 081026.733 INFO             PET0 ESMF_PIO                    : enabled
20260509 081026.733 INFO             PET0 ESMF_YAMLCPP                : enabled
20260509 081026.734 INFO             PET0  NUMBER_OF_PROCESSORS           1
20260509 081026.734 INFO             PET0  PASS  Example ESMF_ClockEx, ESMF_ClockEx.F90, line 220
20260509 081026.734 INFO             PET0  Finalizing ESMF
