2026-08-24 07:30:14
20260824 080851.583 INFO             PET0 !!!!!!!!!!!!!!!!!!!!!!!!!!!!!!!!!!!!!!!!!!!!!!!!!!!!!!
20260824 080851.584 INFO             PET0 !!! THE ESMF_LOG IS SET TO OUTPUT ALL LOG MESSAGES !!!
20260824 080851.584 INFO             PET0 !!!     THIS MAY CAUSE SLOWDOWN IN PERFORMANCE     !!!
20260824 080851.584 INFO             PET0 !!! FOR PRODUCTION RUNS, USE:                      !!!
20260824 080851.584 INFO             PET0 !!!                   ESMF_LOGKIND_Multi_On_Error  !!!
20260824 080851.584 INFO             PET0 !!!!!!!!!!!!!!!!!!!!!!!!!!!!!!!!!!!!!!!!!!!!!!!!!!!!!!
20260824 080851.584 INFO             PET0 Running with ESMF Version   : develop+gd8cb7c6c83
20260824 080851.584 INFO             PET0 ESMF library build date/time: "Aug 24 2026" "07:27:30"
20260824 080851.584 INFO             PET0 ESMF library build location : /scratch3/NCEPDEV/stmp/Gerhard.Theurich/ESMF-Nightly-Testing-Hera/intel_2023.2.0_mpiuni_O_develop/esmf
20260824 080851.584 INFO             PET0 ESMF_COMM                   : mpiuni
20260824 080851.584 INFO             PET0 ESMF_MOAB                   : enabled
20260824 080851.584 INFO             PET0 ESMF_LAPACK                 : enabled
20260824 080851.584 INFO             PET0 ESMF_NETCDF                 : enabled
20260824 080851.584 INFO             PET0 ESMF_PNETCDF                : disabled
20260824 080851.584 INFO             PET0 ESMF_PIO                    : enabled
20260824 080851.584 INFO             PET0 ESMF_YAMLCPP                : enabled
20260824 080851.587 INFO             PET0  NUMBER_OF_PROCESSORS           1
20260824 080851.587 INFO             PET0  PASS  Example ESMF_AttachMethodsEx, ESMF_AttachMethodsEx.F90, line 292
20260824 080851.587 INFO             PET0  Finalizing ESMF
