2026-07-05 01:35:11
20260705 020213.925 INFO             PET0 !!!!!!!!!!!!!!!!!!!!!!!!!!!!!!!!!!!!!!!!!!!!!!!!!!!!!!
20260705 020213.925 INFO             PET0 !!! THE ESMF_LOG IS SET TO OUTPUT ALL LOG MESSAGES !!!
20260705 020213.925 INFO             PET0 !!!     THIS MAY CAUSE SLOWDOWN IN PERFORMANCE     !!!
20260705 020213.925 INFO             PET0 !!! FOR PRODUCTION RUNS, USE:                      !!!
20260705 020213.925 INFO             PET0 !!!                   ESMF_LOGKIND_Multi_On_Error  !!!
20260705 020213.925 INFO             PET0 !!!!!!!!!!!!!!!!!!!!!!!!!!!!!!!!!!!!!!!!!!!!!!!!!!!!!!
20260705 020213.925 INFO             PET0 Running with ESMF Version   : develop+g9764fd2b2f
20260705 020213.925 INFO             PET0 ESMF library build date/time: "Jul  5 2026" "01:33:13"
20260705 020213.925 INFO             PET0 ESMF library build location : /project/esmf/ESMF-Nightly-Testing-Izumi/intel_20.0.1_mpiuni_O_develop/esmf
20260705 020213.925 INFO             PET0 ESMF_COMM                   : mpiuni
20260705 020213.928 INFO             PET0 ESMF_MOAB                   : enabled
20260705 020213.928 INFO             PET0 ESMF_LAPACK                 : enabled
20260705 020213.928 INFO             PET0 ESMF_NETCDF                 : enabled
20260705 020213.928 INFO             PET0 ESMF_PNETCDF                : disabled
20260705 020213.928 INFO             PET0 ESMF_PIO                    : enabled
20260705 020213.928 INFO             PET0 ESMF_YAMLCPP                : enabled
20260705 020213.945 INFO             PET0  NUMBER_OF_PROCESSORS           1
20260705 020213.945 INFO             PET0  PASS  Example ESMF_ConfigOverviewEx, ESMF_ConfigOverviewEx.F90, line 638
20260705 020213.945 INFO             PET0  Finalizing ESMF
