2026-07-01 01:33:26
20260701 020033.003 INFO             PET0 !!!!!!!!!!!!!!!!!!!!!!!!!!!!!!!!!!!!!!!!!!!!!!!!!!!!!!
20260701 020033.003 INFO             PET0 !!! THE ESMF_LOG IS SET TO OUTPUT ALL LOG MESSAGES !!!
20260701 020033.003 INFO             PET0 !!!     THIS MAY CAUSE SLOWDOWN IN PERFORMANCE     !!!
20260701 020033.003 INFO             PET0 !!! FOR PRODUCTION RUNS, USE:                      !!!
20260701 020033.003 INFO             PET0 !!!                   ESMF_LOGKIND_Multi_On_Error  !!!
20260701 020033.003 INFO             PET0 !!!!!!!!!!!!!!!!!!!!!!!!!!!!!!!!!!!!!!!!!!!!!!!!!!!!!!
20260701 020033.003 INFO             PET0 Running with ESMF Version   : develop+g9d8ac26759
20260701 020033.003 INFO             PET0 ESMF library build date/time: "Jul  1 2026" "01:31:35"
20260701 020033.003 INFO             PET0 ESMF library build location : /project/esmf/ESMF-Nightly-Testing-Izumi/intel_20.0.1_mpiuni_O_develop/esmf
20260701 020033.003 INFO             PET0 ESMF_COMM                   : mpiuni
20260701 020033.004 INFO             PET0 ESMF_MOAB                   : enabled
20260701 020033.004 INFO             PET0 ESMF_LAPACK                 : enabled
20260701 020033.004 INFO             PET0 ESMF_NETCDF                 : enabled
20260701 020033.004 INFO             PET0 ESMF_PNETCDF                : disabled
20260701 020033.004 INFO             PET0 ESMF_PIO                    : enabled
20260701 020033.004 INFO             PET0 ESMF_YAMLCPP                : enabled
20260701 020033.008 INFO             PET0  NUMBER_OF_PROCESSORS           1
20260701 020033.008 INFO             PET0  PASS  Example ESMF_AlarmEx, ESMF_AlarmEx.F90, line 244
20260701 020033.008 INFO             PET0  Finalizing ESMF
