2026-06-29 01:33:27
20260629 020005.211 INFO             PET0 !!!!!!!!!!!!!!!!!!!!!!!!!!!!!!!!!!!!!!!!!!!!!!!!!!!!!!
20260629 020005.211 INFO             PET0 !!! THE ESMF_LOG IS SET TO OUTPUT ALL LOG MESSAGES !!!
20260629 020005.211 INFO             PET0 !!!     THIS MAY CAUSE SLOWDOWN IN PERFORMANCE     !!!
20260629 020005.211 INFO             PET0 !!! FOR PRODUCTION RUNS, USE:                      !!!
20260629 020005.211 INFO             PET0 !!!                   ESMF_LOGKIND_Multi_On_Error  !!!
20260629 020005.211 INFO             PET0 !!!!!!!!!!!!!!!!!!!!!!!!!!!!!!!!!!!!!!!!!!!!!!!!!!!!!!
20260629 020005.211 INFO             PET0 Running with ESMF Version   : develop+g9d8ac26759
20260629 020005.211 INFO             PET0 ESMF library build date/time: "Jun 29 2026" "01:31:37"
20260629 020005.211 INFO             PET0 ESMF library build location : /project/esmf/ESMF-Nightly-Testing-Izumi/intel_20.0.1_mpiuni_O_develop/esmf
20260629 020005.211 INFO             PET0 ESMF_COMM                   : mpiuni
20260629 020005.213 INFO             PET0 ESMF_MOAB                   : enabled
20260629 020005.213 INFO             PET0 ESMF_LAPACK                 : enabled
20260629 020005.213 INFO             PET0 ESMF_NETCDF                 : enabled
20260629 020005.213 INFO             PET0 ESMF_PNETCDF                : disabled
20260629 020005.213 INFO             PET0 ESMF_PIO                    : enabled
20260629 020005.213 INFO             PET0 ESMF_YAMLCPP                : enabled
20260629 020005.213 INFO             PET0  NUMBER_OF_PROCESSORS           1
20260629 020005.216 INFO             PET0  PASS  Example ESMF_VMGetMPICommunicatorEx, ESMF_VMGetMPICommunicatorEx.F90, line 94
20260629 020005.216 INFO             PET0  Finalizing ESMF
