2026-06-16 01:34:31
20260616 020242.586 INFO             PET0 !!!!!!!!!!!!!!!!!!!!!!!!!!!!!!!!!!!!!!!!!!!!!!!!!!!!!!
20260616 020242.586 INFO             PET0 !!! THE ESMF_LOG IS SET TO OUTPUT ALL LOG MESSAGES !!!
20260616 020242.586 INFO             PET0 !!!     THIS MAY CAUSE SLOWDOWN IN PERFORMANCE     !!!
20260616 020242.586 INFO             PET0 !!! FOR PRODUCTION RUNS, USE:                      !!!
20260616 020242.586 INFO             PET0 !!!                   ESMF_LOGKIND_Multi_On_Error  !!!
20260616 020242.586 INFO             PET0 !!!!!!!!!!!!!!!!!!!!!!!!!!!!!!!!!!!!!!!!!!!!!!!!!!!!!!
20260616 020242.586 INFO             PET0 Running with ESMF Version   : develop+g2ad1b7a070
20260616 020242.586 INFO             PET0 ESMF library build date/time: "Jun 16 2026" "01:32:41"
20260616 020242.586 INFO             PET0 ESMF library build location : /project/esmf/ESMF-Nightly-Testing-Izumi/intel_20.0.1_mpiuni_O_develop/esmf
20260616 020242.587 INFO             PET0 ESMF_COMM                   : mpiuni
20260616 020242.588 INFO             PET0 ESMF_MOAB                   : enabled
20260616 020242.588 INFO             PET0 ESMF_LAPACK                 : enabled
20260616 020242.588 INFO             PET0 ESMF_NETCDF                 : enabled
20260616 020242.588 INFO             PET0 ESMF_PNETCDF                : disabled
20260616 020242.588 INFO             PET0 ESMF_PIO                    : enabled
20260616 020242.588 INFO             PET0 ESMF_YAMLCPP                : enabled
20260616 020242.592 INFO             PET0  NUMBER_OF_PROCESSORS           1
20260616 020242.592 INFO             PET0  PASS  Example ESMF_FieldBundleCreateEx, ESMF_FieldBundleCreateEx.F90, line 561
20260616 020242.592 INFO             PET0  Finalizing ESMF
