2026-07-30 01:33:06
20260730 022114.179 INFO             PET0 !!!!!!!!!!!!!!!!!!!!!!!!!!!!!!!!!!!!!!!!!!!!!!!!!!!!!!
20260730 022114.179 INFO             PET0 !!! THE ESMF_LOG IS SET TO OUTPUT ALL LOG MESSAGES !!!
20260730 022114.179 INFO             PET0 !!!     THIS MAY CAUSE SLOWDOWN IN PERFORMANCE     !!!
20260730 022114.179 INFO             PET0 !!! FOR PRODUCTION RUNS, USE:                      !!!
20260730 022114.179 INFO             PET0 !!!                   ESMF_LOGKIND_Multi_On_Error  !!!
20260730 022114.180 INFO             PET0 !!!!!!!!!!!!!!!!!!!!!!!!!!!!!!!!!!!!!!!!!!!!!!!!!!!!!!
20260730 022114.180 INFO             PET0 Running with ESMF Version   : develop+g6f2cfc7ce0
20260730 022114.180 INFO             PET0 ESMF library build date/time: "Jul 30 2026" "01:31:14"
20260730 022114.180 INFO             PET0 ESMF library build location : /project/esmf/ESMF-Nightly-Testing-Izumi/intel_20.0.1_mpiuni_O_develop/esmf
20260730 022114.180 INFO             PET0 ESMF_COMM                   : mpiuni
20260730 022114.181 INFO             PET0 ESMF_MOAB                   : enabled
20260730 022114.181 INFO             PET0 ESMF_LAPACK                 : enabled
20260730 022114.181 INFO             PET0 ESMF_NETCDF                 : enabled
20260730 022114.181 INFO             PET0 ESMF_PNETCDF                : disabled
20260730 022114.181 INFO             PET0 ESMF_PIO                    : enabled
20260730 022114.181 INFO             PET0 ESMF_YAMLCPP                : enabled
20260730 022114.183 INFO             PET0 ESMF_FieldRedistStoreNF(): Just entered routine.
20260730 022114.287 INFO             PET0 ESMF_FieldRedistStoreNF(): Leaving routine.
20260730 022114.325 INFO             PET0  NUMBER_OF_PROCESSORS           1
20260730 022114.327 INFO             PET0  PASS  Example ESMF_RHandleFromFileEx, ESMF_RHandleFromFileEx.F90, line 192
20260730 022114.327 INFO             PET0  Finalizing ESMF
