2026-08-19 01:34:59
20260819 020350.828 INFO             PET0 !!!!!!!!!!!!!!!!!!!!!!!!!!!!!!!!!!!!!!!!!!!!!!!!!!!!!!
20260819 020350.828 INFO             PET0 !!! THE ESMF_LOG IS SET TO OUTPUT ALL LOG MESSAGES !!!
20260819 020350.828 INFO             PET0 !!!     THIS MAY CAUSE SLOWDOWN IN PERFORMANCE     !!!
20260819 020350.828 INFO             PET0 !!! FOR PRODUCTION RUNS, USE:                      !!!
20260819 020350.828 INFO             PET0 !!!                   ESMF_LOGKIND_Multi_On_Error  !!!
20260819 020350.828 INFO             PET0 !!!!!!!!!!!!!!!!!!!!!!!!!!!!!!!!!!!!!!!!!!!!!!!!!!!!!!
20260819 020350.828 INFO             PET0 Running with ESMF Version   : develop+g471efa944e
20260819 020350.828 INFO             PET0 ESMF library build date/time: "Aug 19 2026" "01:32:59"
20260819 020350.828 INFO             PET0 ESMF library build location : /project/esmf/ESMF-Nightly-Testing-Izumi/intel_20.0.1_mpiuni_O_develop/esmf
20260819 020350.828 INFO             PET0 ESMF_COMM                   : mpiuni
20260819 020350.831 INFO             PET0 ESMF_MOAB                   : enabled
20260819 020350.831 INFO             PET0 ESMF_LAPACK                 : enabled
20260819 020350.831 INFO             PET0 ESMF_NETCDF                 : enabled
20260819 020350.831 INFO             PET0 ESMF_PNETCDF                : disabled
20260819 020350.831 INFO             PET0 ESMF_PIO                    : enabled
20260819 020350.831 INFO             PET0 ESMF_YAMLCPP                : enabled
20260819 020350.831 INFO             PET0 Log Write 2
20260819 020350.831 ERROR            PET0 Invalid object  - Convergence failure
20260819 020350.831 ERROR            PET0 ESMCI_Time.C:866 ESMCI::Time::syncToRealTime() Wrong argument specified  - ; calkindflag is NOCALENDAR. Only GREGORIAN and JULIAN are supported when syncing to real time.
20260819 020350.831 ERROR            PET0 ESMF_Time.F90:1495 ESMF_TimeSyncToRealTime() Wrong argument specified  - Internal subroutine call returned Error
20260819 020350.831 ERROR            PET0 Wrong argument specified  - getting wall clock time
20260819 020350.837 INFO             PET0  NUMBER_OF_PROCESSORS           1
20260819 020350.840 INFO             PET0  PASS  Example ESMF_LogErrEx, ESMF_LogErrEx.F90, line 186
20260819 020350.840 INFO             PET0  Finalizing ESMF
