2026-07-27 01:34:07
20260727 020219.857 INFO             PET0 !!!!!!!!!!!!!!!!!!!!!!!!!!!!!!!!!!!!!!!!!!!!!!!!!!!!!!
20260727 020219.857 INFO             PET0 !!! THE ESMF_LOG IS SET TO OUTPUT ALL LOG MESSAGES !!!
20260727 020219.857 INFO             PET0 !!!     THIS MAY CAUSE SLOWDOWN IN PERFORMANCE     !!!
20260727 020219.857 INFO             PET0 !!! FOR PRODUCTION RUNS, USE:                      !!!
20260727 020219.857 INFO             PET0 !!!                   ESMF_LOGKIND_Multi_On_Error  !!!
20260727 020219.857 INFO             PET0 !!!!!!!!!!!!!!!!!!!!!!!!!!!!!!!!!!!!!!!!!!!!!!!!!!!!!!
20260727 020219.857 INFO             PET0 Running with ESMF Version   : develop+g6f2cfc7ce0
20260727 020219.857 INFO             PET0 ESMF library build date/time: "Jul 27 2026" "01:31:53"
20260727 020219.857 INFO             PET0 ESMF library build location : /project/esmf/ESMF-Nightly-Testing-Izumi/intel_20.0.1_mpiuni_O_develop/esmf
20260727 020219.857 INFO             PET0 ESMF_COMM                   : mpiuni
20260727 020219.860 INFO             PET0 ESMF_MOAB                   : enabled
20260727 020219.860 INFO             PET0 ESMF_LAPACK                 : enabled
20260727 020219.860 INFO             PET0 ESMF_NETCDF                 : enabled
20260727 020219.860 INFO             PET0 ESMF_PNETCDF                : disabled
20260727 020219.860 INFO             PET0 ESMF_PIO                    : enabled
20260727 020219.860 INFO             PET0 ESMF_YAMLCPP                : enabled
20260727 020219.860 INFO             PET0 ESMF Tracing Enabled
20260727 020219.860 INFO             PET0 ESMF Profiling Enabled
20260727 020219.860 INFO             PET0 ESMF Trace/Profile clock: REALTIME
20260727 020219.869 INFO             PET0  NUMBER_OF_PROCESSORS           1
20260727 020219.869 INFO             PET0  PASS  Example ESMF_TraceUserEx, ESMF_TraceUserEx.F90, line 125
20260727 020219.869 INFO             PET0  Finalizing ESMF
20260727 020219.869 INFO             PET0 **************** Region Timings *******************
20260727 020219.869 INFO             PET0 Region                Count  Total (s)   Self (s)    Mean (s)    Min (s)     Max (s)
20260727 020219.869 INFO             PET0   [ESMF]              1      0.0030      0.0029      0.0030      0.0030      0.0030
20260727 020219.869 INFO             PET0     outer_region      1      0.0000      0.0000      0.0000      0.0000      0.0000
20260727 020219.869 INFO             PET0       inner_region_1  10     0.0000      0.0000      0.0000      0.0000      0.0000
20260727 020219.869 INFO             PET0       inner_region_2  10     0.0000      0.0000      0.0000      0.0000      0.0000
