2026-06-19 01:34:01
20260619 020150.114 INFO             PET0 !!!!!!!!!!!!!!!!!!!!!!!!!!!!!!!!!!!!!!!!!!!!!!!!!!!!!!
20260619 020150.114 INFO             PET0 !!! THE ESMF_LOG IS SET TO OUTPUT ALL LOG MESSAGES !!!
20260619 020150.114 INFO             PET0 !!!     THIS MAY CAUSE SLOWDOWN IN PERFORMANCE     !!!
20260619 020150.114 INFO             PET0 !!! FOR PRODUCTION RUNS, USE:                      !!!
20260619 020150.114 INFO             PET0 !!!                   ESMF_LOGKIND_Multi_On_Error  !!!
20260619 020150.114 INFO             PET0 !!!!!!!!!!!!!!!!!!!!!!!!!!!!!!!!!!!!!!!!!!!!!!!!!!!!!!
20260619 020150.114 INFO             PET0 Running with ESMF Version   : develop+g1c84b61425
20260619 020150.114 INFO             PET0 ESMF library build date/time: "Jun 19 2026" "01:32:00"
20260619 020150.114 INFO             PET0 ESMF library build location : /project/esmf/ESMF-Nightly-Testing-Izumi/intel_20.0.1_mpiuni_O_develop/esmf
20260619 020150.114 INFO             PET0 ESMF_COMM                   : mpiuni
20260619 020150.117 INFO             PET0 ESMF_MOAB                   : enabled
20260619 020150.117 INFO             PET0 ESMF_LAPACK                 : enabled
20260619 020150.117 INFO             PET0 ESMF_NETCDF                 : enabled
20260619 020150.117 INFO             PET0 ESMF_PNETCDF                : disabled
20260619 020150.117 INFO             PET0 ESMF_PIO                    : enabled
20260619 020150.117 INFO             PET0 ESMF_YAMLCPP                : enabled
20260619 020150.120 INFO             PET0 InternalState label: second named data block
20260619 020150.120 INFO             PET0 InternalState label: first named data block
20260619 020150.120 INFO             PET0 InternalState label: ESMF-default-localdata
20260619 020150.120 INFO             PET0  NUMBER_OF_PROCESSORS           1
20260619 020150.120 INFO             PET0  PASS  Example ESMF_InternalStateEx, ESMF_InternalStateEx.F90, line 218
20260619 020150.120 INFO             PET0  Finalizing ESMF
