2026-06-14 01:35:17
20260614 020336.967 INFO             PET0 !!!!!!!!!!!!!!!!!!!!!!!!!!!!!!!!!!!!!!!!!!!!!!!!!!!!!!
20260614 020336.967 INFO             PET0 !!! THE ESMF_LOG IS SET TO OUTPUT ALL LOG MESSAGES !!!
20260614 020336.967 INFO             PET0 !!!     THIS MAY CAUSE SLOWDOWN IN PERFORMANCE     !!!
20260614 020336.967 INFO             PET0 !!! FOR PRODUCTION RUNS, USE:                      !!!
20260614 020336.967 INFO             PET0 !!!                   ESMF_LOGKIND_Multi_On_Error  !!!
20260614 020336.967 INFO             PET0 !!!!!!!!!!!!!!!!!!!!!!!!!!!!!!!!!!!!!!!!!!!!!!!!!!!!!!
20260614 020336.967 INFO             PET0 Running with ESMF Version   : v9.0.0b15
20260614 020336.967 INFO             PET0 ESMF library build date/time: "Jun 14 2026" "01:33:09"
20260614 020336.967 INFO             PET0 ESMF library build location : /project/esmf/ESMF-Nightly-Testing-Izumi/intel_20.0.1_mpiuni_O_develop/esmf
20260614 020336.967 INFO             PET0 ESMF_COMM                   : mpiuni
20260614 020337.035 INFO             PET0 ESMF_MOAB                   : enabled
20260614 020337.035 INFO             PET0 ESMF_LAPACK                 : enabled
20260614 020337.035 INFO             PET0 ESMF_NETCDF                 : enabled
20260614 020337.035 INFO             PET0 ESMF_PNETCDF                : disabled
20260614 020337.035 INFO             PET0 ESMF_PIO                    : enabled
20260614 020337.035 INFO             PET0 ESMF_YAMLCPP                : enabled
20260614 020337.040 INFO             PET0  NUMBER_OF_PROCESSORS           1
20260614 020337.040 INFO             PET0  PASS  Example ESMF_CplEx, ESMF_CplEx.F90, line 457
20260614 020337.040 INFO             PET0  Finalizing ESMF
