2026-07-20 01:33:55
20260720 020251.846 INFO             PET0 !!!!!!!!!!!!!!!!!!!!!!!!!!!!!!!!!!!!!!!!!!!!!!!!!!!!!!
20260720 020251.846 INFO             PET0 !!! THE ESMF_LOG IS SET TO OUTPUT ALL LOG MESSAGES !!!
20260720 020251.846 INFO             PET0 !!!     THIS MAY CAUSE SLOWDOWN IN PERFORMANCE     !!!
20260720 020251.846 INFO             PET0 !!! FOR PRODUCTION RUNS, USE:                      !!!
20260720 020251.846 INFO             PET0 !!!                   ESMF_LOGKIND_Multi_On_Error  !!!
20260720 020251.846 INFO             PET0 !!!!!!!!!!!!!!!!!!!!!!!!!!!!!!!!!!!!!!!!!!!!!!!!!!!!!!
20260720 020251.846 INFO             PET0 Running with ESMF Version   : develop+g5ee87db4bf
20260720 020251.846 INFO             PET0 ESMF library build date/time: "Jul 20 2026" "01:31:57"
20260720 020251.846 INFO             PET0 ESMF library build location : /project/esmf/ESMF-Nightly-Testing-Izumi/intel_20.0.1_mpiuni_O_develop/esmf
20260720 020251.846 INFO             PET0 ESMF_COMM                   : mpiuni
20260720 020251.848 INFO             PET0 ESMF_MOAB                   : enabled
20260720 020251.848 INFO             PET0 ESMF_LAPACK                 : enabled
20260720 020251.848 INFO             PET0 ESMF_NETCDF                 : enabled
20260720 020251.848 INFO             PET0 ESMF_PNETCDF                : disabled
20260720 020251.848 INFO             PET0 ESMF_PIO                    : enabled
20260720 020251.848 INFO             PET0 ESMF_YAMLCPP                : enabled
20260720 020251.865 INFO             PET0  NUMBER_OF_PROCESSORS           1
20260720 020251.867 INFO             PET0  PASS  Example ESMF_RHandleReusabilityEx, ESMF_RHandleReusabilityEx.F90, line 582
20260720 020251.867 INFO             PET0  Finalizing ESMF
