2026-07-26 01:33:35
20260726 020550.014 INFO             PET0 !!!!!!!!!!!!!!!!!!!!!!!!!!!!!!!!!!!!!!!!!!!!!!!!!!!!!!
20260726 020550.014 INFO             PET0 !!! THE ESMF_LOG IS SET TO OUTPUT ALL LOG MESSAGES !!!
20260726 020550.014 INFO             PET0 !!!     THIS MAY CAUSE SLOWDOWN IN PERFORMANCE     !!!
20260726 020550.014 INFO             PET0 !!! FOR PRODUCTION RUNS, USE:                      !!!
20260726 020550.014 INFO             PET0 !!!                   ESMF_LOGKIND_Multi_On_Error  !!!
20260726 020550.014 INFO             PET0 !!!!!!!!!!!!!!!!!!!!!!!!!!!!!!!!!!!!!!!!!!!!!!!!!!!!!!
20260726 020550.014 INFO             PET0 Running with ESMF Version   : develop+g6f2cfc7ce0
20260726 020550.014 INFO             PET0 ESMF library build date/time: "Jul 26 2026" "01:31:23"
20260726 020550.014 INFO             PET0 ESMF library build location : /project/esmf/ESMF-Nightly-Testing-Izumi/intel_20.0.1_mpiuni_O_develop/esmf
20260726 020550.014 INFO             PET0 ESMF_COMM                   : mpiuni
20260726 020550.017 INFO             PET0 ESMF_MOAB                   : enabled
20260726 020550.017 INFO             PET0 ESMF_LAPACK                 : enabled
20260726 020550.017 INFO             PET0 ESMF_NETCDF                 : enabled
20260726 020550.017 INFO             PET0 ESMF_PNETCDF                : disabled
20260726 020550.017 INFO             PET0 ESMF_PIO                    : enabled
20260726 020550.017 INFO             PET0 ESMF_YAMLCPP                : enabled
20260726 020550.022 INFO             PET0  NUMBER_OF_PROCESSORS           1
20260726 020550.022 INFO             PET0  PASS  Example ESMF_FieldArbGridEx, ESMF_FieldArbGridEx.F90, line 243
20260726 020550.022 INFO             PET0  Finalizing ESMF
