2026-07-16 21:22:12
20260716 213842.260 INFO             PET0 !!!!!!!!!!!!!!!!!!!!!!!!!!!!!!!!!!!!!!!!!!!!!!!!!!!!!!
20260716 213842.260 INFO             PET0 !!! THE ESMF_LOG IS SET TO OUTPUT ALL LOG MESSAGES !!!
20260716 213842.260 INFO             PET0 !!!     THIS MAY CAUSE SLOWDOWN IN PERFORMANCE     !!!
20260716 213842.260 INFO             PET0 !!! FOR PRODUCTION RUNS, USE:                      !!!
20260716 213842.260 INFO             PET0 !!!                   ESMF_LOGKIND_Multi_On_Error  !!!
20260716 213842.260 INFO             PET0 !!!!!!!!!!!!!!!!!!!!!!!!!!!!!!!!!!!!!!!!!!!!!!!!!!!!!!
20260716 213842.260 INFO             PET0 Running with ESMF Version   : feature/refresh-bmauer-c_dynmask_interface+ge07d076824
20260716 213842.260 INFO             PET0 ESMF library build date/time: "Jul 16 2026" "21:21:14"
20260716 213842.260 INFO             PET0 ESMF library build location : /usr/local/esmf/esmf-testing/nag_7.2.44_mpiuni_O_feature_refresh-bmauer-c_dynmask_interface/esmf
20260716 213842.260 INFO             PET0 ESMF_COMM                   : mpiuni
20260716 213842.260 INFO             PET0 ESMF_MOAB                   : enabled
20260716 213842.260 INFO             PET0 ESMF_LAPACK                 : enabled
20260716 213842.260 INFO             PET0 ESMF_NETCDF                 : enabled
20260716 213842.260 INFO             PET0 ESMF_PNETCDF                : disabled
20260716 213842.260 INFO             PET0 ESMF_PIO                    : enabled
20260716 213842.260 INFO             PET0 ESMF_YAMLCPP                : enabled
20260716 213842.260 INFO             PET0 InternalState label: second named data block
20260716 213842.260 INFO             PET0 InternalState label: first named data block
20260716 213842.260 INFO             PET0 InternalState label: ESMF-default-localdata
20260716 213842.260 INFO             PET0  NUMBER_OF_PROCESSORS 1
20260716 213842.260 INFO             PET0  PASS  Example ESMF_InternalStateEx, ESMF_InternalStateEx.F90, line 218
20260716 213842.260 INFO             PET0  Finalizing ESMF
