2025-07-08 03:30:49
20250708 035515.734 INFO             PET0 !!!!!!!!!!!!!!!!!!!!!!!!!!!!!!!!!!!!!!!!!!!!!!!!!!!!!!
20250708 035515.734 INFO             PET0 !!! THE ESMF_LOG IS SET TO OUTPUT ALL LOG MESSAGES !!!
20250708 035515.734 INFO             PET0 !!!     THIS MAY CAUSE SLOWDOWN IN PERFORMANCE     !!!
20250708 035515.734 INFO             PET0 !!! FOR PRODUCTION RUNS, USE:                      !!!
20250708 035515.734 INFO             PET0 !!!                   ESMF_LOGKIND_Multi_On_Error  !!!
20250708 035515.734 INFO             PET0 !!!!!!!!!!!!!!!!!!!!!!!!!!!!!!!!!!!!!!!!!!!!!!!!!!!!!!
20250708 035515.734 INFO             PET0 Running with ESMF Version   : develop+ge6802af432
20250708 035515.734 INFO             PET0 ESMF library build date/time: "Jul  8 2025" "03:29:34"
20250708 035515.734 INFO             PET0 ESMF library build location : /tmp/intel_2025.0.0-oneAPI_mpiuni_g_develop/esmf
20250708 035515.734 INFO             PET0 ESMF_COMM                   : mpiuni
20250708 035515.734 INFO             PET0 ESMF_MOAB                   : enabled
20250708 035515.734 INFO             PET0 ESMF_LAPACK                 : enabled
20250708 035515.734 INFO             PET0 ESMF_NETCDF                 : enabled
20250708 035515.734 INFO             PET0 ESMF_PNETCDF                : disabled
20250708 035515.734 INFO             PET0 ESMF_PIO                    : enabled
20250708 035515.734 INFO             PET0 ESMF_YAMLCPP                : enabled
20250708 035515.734 INFO             PET0 ESMF Tracing Enabled
20250708 035515.734 INFO             PET0 ESMF Profiling Enabled
20250708 035515.734 INFO             PET0 ESMF Trace/Profile clock: REALTIME
20250708 035515.735 INFO             PET0  NUMBER_OF_PROCESSORS           1
20250708 035515.735 INFO             PET0  PASS  Example ESMF_TraceUserEx, ESMF_TraceUserEx.F90, line 125
20250708 035515.735 INFO             PET0  Finalizing ESMF
20250708 035515.735 INFO             PET0 **************** Region Timings *******************
20250708 035515.735 INFO             PET0 Region                Count  Total (s)   Self (s)    Mean (s)    Min (s)     Max (s)
20250708 035515.735 INFO             PET0   [ESMF]              1      0.0006      0.0001      0.0006      0.0006      0.0006
20250708 035515.735 INFO             PET0     outer_region      1      0.0005      0.0000      0.0005      0.0005      0.0005
20250708 035515.735 INFO             PET0       inner_region_1  10     0.0003      0.0003      0.0000      0.0000      0.0000
20250708 035515.735 INFO             PET0       inner_region_2  10     0.0001      0.0001      0.0000      0.0000      0.0000
