2026-08-03 23:00:47
20260804 005130.667 INFO             PET0 !!!!!!!!!!!!!!!!!!!!!!!!!!!!!!!!!!!!!!!!!!!!!!!!!!!!!!
20260804 005130.667 INFO             PET0 !!! THE ESMF_LOG IS SET TO OUTPUT ALL LOG MESSAGES !!!
20260804 005130.667 INFO             PET0 !!!     THIS MAY CAUSE SLOWDOWN IN PERFORMANCE     !!!
20260804 005130.667 INFO             PET0 !!! FOR PRODUCTION RUNS, USE:                      !!!
20260804 005130.667 INFO             PET0 !!!                   ESMF_LOGKIND_Multi_On_Error  !!!
20260804 005130.667 INFO             PET0 !!!!!!!!!!!!!!!!!!!!!!!!!!!!!!!!!!!!!!!!!!!!!!!!!!!!!!
20260804 005130.667 INFO             PET0 Running with ESMF Version   : develop+g45870de0c5
20260804 005130.667 INFO             PET0 ESMF library build date/time: "Aug  3 2026" "22:57:00"
20260804 005130.667 INFO             PET0 ESMF library build location : /discover/nobackup/projects/gmao/SIteam/ESMF_Testing/llvm_22.1.0_mpich_g_develop/esmf
20260804 005130.667 INFO             PET0 ESMF_COMM                   : mpich
20260804 005130.667 INFO             PET0 ESMF_MOAB                   : enabled
20260804 005130.667 INFO             PET0 ESMF_LAPACK                 : enabled
20260804 005130.667 INFO             PET0 ESMF_NETCDF                 : disabled
20260804 005130.667 INFO             PET0 ESMF_PNETCDF                : disabled
20260804 005130.667 INFO             PET0 ESMF_PIO                    : disabled
20260804 005130.667 INFO             PET0 ESMF_YAMLCPP                : enabled
20260804 005130.673 INFO             PET0 =============================================
20260804 005130.673 INFO             PET0 ESMX (Earth System Model eXecutable) STARTING
20260804 005130.673 INFO             PET0 =============================================
20260804 005130.687 DEBUG            PET0 Generic SetVM() is executing for: ESMX_Driver
20260804 005130.688 DEBUG            PET0 Generic SetVM() found no NUOPC Hint for: ESMX_Driver
20260804 005130.688 DEBUG            PET0 Generic SetVM() therefore is NOT calling ESMF_GridCompSetVMMaxPEs() for: ESMX_Driver
20260804 005130.697 INFO             PET0 ESMX_Driver: InitializeGeneric intro.
20260804 005130.697 INFO             PET0   >>>ESMX_Driver: entered Initialize (phase=<none>) without valid internal Clock.
20260804 005130.697 INFO             PET0   ESMX_Driver: InitializeP0 intro.
20260804 005130.697 INFO             PET0     >>>ESMX_Driver: entered Initialize (phase=<none>) without valid internal Clock.
20260804 005130.698 INFO             PET0     <<<ESMX_Driver: leaving Initialize (phase=<none>) without valid internal Clock.
20260804 005130.698 INFO             PET0   ESMX_Driver: InitializeP0 extro.
20260804 005130.698 INFO             PET0   ESMX_Driver: InitializeIPDv02p1 intro.
20260804 005130.698 INFO             PET0     >>>ESMX_Driver: entered Initialize (phase=<none>) without valid internal Clock.
20260804 005130.707 INFO             PET0     ESMX_Driver - Creating model component MDL without petList.
20260804 005130.709 DEBUG            PET0     Generic SetVM() is executing for: MDL
20260804 005130.709 DEBUG            PET0     Generic SetVM() found no NUOPC Hint for: MDL
20260804 005130.709 DEBUG            PET0     Generic SetVM() therefore is NOT calling ESMF_GridCompSetVMMaxPEs() for: MDL
20260804 005130.719 INFO             PET0     ESMX_Driver: IInitAdvertise intro.
20260804 005130.719 INFO             PET0       >>>ESMX_Driver: entered Initialize (phase=<none>) with current time: 2012 10 24 18  0  0   0
20260804 005130.719 INFO             PET0       <<<ESMX_Driver: leaving Initialize (phase=<none>) with current time: 2012 10 24 18  0  0   0
20260804 005130.719 INFO             PET0     ESMX_Driver: IInitAdvertise extro.
20260804 005130.719 INFO             PET0     Message from inside C component Advertise() method
20260804 005130.720 INFO             PET0     ESMX_Driver: IInitAdvertiseFinish intro.
20260804 005130.721 INFO             PET0       >>>ESMX_Driver: entered Initialize (phase=<none>) with current time: 2012 10 24 18  0  0   0
20260804 005130.721 INFO             PET0       <<<ESMX_Driver: leaving Initialize (phase=<none>) with current time: 2012 10 24 18  0  0   0
20260804 005130.721 INFO             PET0     ESMX_Driver: IInitAdvertiseFinish extro.
20260804 005130.721 INFO             PET0     ESMX_Driver: IInitModifyCplLists intro.
20260804 005130.721 INFO             PET0       >>>ESMX_Driver: entered Initialize (phase=<none>) with current time: 2012 10 24 18  0  0   0
20260804 005130.722 INFO             PET0       <<<ESMX_Driver: leaving Initialize (phase=<none>) with current time: 2012 10 24 18  0  0   0
20260804 005130.722 INFO             PET0     ESMX_Driver: IInitModifyCplLists extro.
20260804 005130.722 INFO             PET0     <<<ESMX_Driver: leaving Initialize (phase=<none>) with current time: 2012 10 24 18  0  0   0
20260804 005130.722 INFO             PET0   ESMX_Driver: InitializeIPDv02p1 extro.
20260804 005130.722 INFO             PET0   ESMX_Driver: InitializeIPDv02p3 intro.
20260804 005130.722 INFO             PET0     >>>ESMX_Driver: entered Initialize (phase=<none>) with current time: 2012 10 24 18  0  0   0
20260804 005130.722 INFO             PET0     ESMX_Driver: IInitCheck intro.
20260804 005130.723 INFO             PET0       >>>ESMX_Driver: entered Initialize (phase=<none>) with current time: 2012 10 24 18  0  0   0
20260804 005130.723 INFO             PET0       <<<ESMX_Driver: leaving Initialize (phase=<none>) with current time: 2012 10 24 18  0  0   0
20260804 005130.723 INFO             PET0     ESMX_Driver: IInitCheck extro.
20260804 005130.723 INFO             PET0     ESMX_Driver: IInitRealize intro.
20260804 005130.723 INFO             PET0       >>>ESMX_Driver: entered Initialize (phase=<none>) with current time: 2012 10 24 18  0  0   0
20260804 005130.723 INFO             PET0       <<<ESMX_Driver: leaving Initialize (phase=<none>) with current time: 2012 10 24 18  0  0   0
20260804 005130.723 INFO             PET0     ESMX_Driver: IInitRealize extro.
20260804 005130.724 INFO             PET0     <<<ESMX_Driver: leaving Initialize (phase=<none>) with current time: 2012 10 24 18  0  0   0
20260804 005130.724 INFO             PET0   ESMX_Driver: InitializeIPDv02p3 extro.
20260804 005130.724 INFO             PET0   ESMX_Driver: InitializeIPDv02p5 intro.
20260804 005130.724 INFO             PET0     >>>ESMX_Driver: entered Initialize (phase=<none>) with current time: 2012 10 24 18  0  0   0
20260804 005130.724 INFO             PET0     ESMX_Driver: InitializeIPDv02p5Data intro.
20260804 005130.724 INFO             PET0       >>>ESMX_Driver: entered Initialize (phase=<none>) with current time: 2012 10 24 18  0  0   0
20260804 005130.725 INFO             PET0       ESMX_Driver: InternalInitializeComplete intro.
20260804 005130.725 INFO             PET0         >>>ESMX_Driver: entered Initialize (phase=<none>) with current time: 2012 10 24 18  0  0   0
20260804 005130.725 INFO             PET0         <<<ESMX_Driver: leaving Initialize (phase=<none>) with current time: 2012 10 24 18  0  0   0
20260804 005130.725 INFO             PET0       ESMX_Driver: InternalInitializeComplete extro.
20260804 005130.726 INFO             PET0       ESMX_Driver: loopDataDependentInitialize intro.
20260804 005130.726 INFO             PET0         >>>ESMX_Driver: entered Initialize (phase=<none>) with current time: 2012 10 24 18  0  0   0
20260804 005130.727 INFO             PET0         <<<ESMX_Driver: leaving Initialize (phase=<none>) with current time: 2012 10 24 18  0  0   0
20260804 005130.727 INFO             PET0       ESMX_Driver: loopDataDependentInitialize extro.
20260804 005130.727 INFO             PET0       <<<ESMX_Driver: leaving Initialize (phase=<none>) with current time: 2012 10 24 18  0  0   0
20260804 005130.727 INFO             PET0     ESMX_Driver: InitializeIPDv02p5Data extro.
20260804 005130.727 INFO             PET0     <<<ESMX_Driver: leaving Initialize (phase=<none>) with current time: 2012 10 24 18  0  0   0
20260804 005130.727 INFO             PET0   ESMX_Driver: InitializeIPDv02p5 extro.
20260804 005130.727 INFO             PET0   <<<ESMX_Driver: leaving Initialize (phase=<none>) with current time: 2012 10 24 18  0  0   0
20260804 005130.727 INFO             PET0 ESMX_Driver: InitializeGeneric extro.
20260804 005130.727 INFO             PET0 ESMX_Driver: Run intro.
20260804 005130.727 INFO             PET0   >>>ESMX_Driver: entered Run (phase=RunPhase1) with current time: 2012 10 24 18  0  0   0
20260804 005130.728 INFO             PET0   Message from inside C component Advance() method
20260804 005130.728 INFO             PET0   <<<ESMX_Driver: leaving Run (phase=RunPhase1) with current time: 2012 10 24 19  0  0   0
20260804 005130.728 INFO             PET0 ESMX_Driver: Run extro.
20260804 005130.728 INFO             PET0 ESMX_Driver: Finalize intro.
20260804 005130.728 INFO             PET0   >>>ESMX_Driver: entered Finalize (phase=FinalizePhase1) with current time: 2012 10 24 19  0  0   0
20260804 005130.728 INFO             PET0   Calling Finalize phase 1 for modelComp: MDL
20260804 005130.729 INFO             PET0   Delete modelComp: MDL
20260804 005130.729 INFO             PET0   <<<ESMX_Driver: leaving Finalize (phase=FinalizePhase1) with current time: 2012 10 24 19  0  0   0
20260804 005130.729 INFO             PET0 ESMX_Driver: Finalize extro.
20260804 005130.729 INFO             PET0 =============================================
20260804 005130.729 INFO             PET0 ESMX (Earth System Model eXecutable) FINISHED
20260804 005130.729 INFO             PET0 =============================================
20260804 005130.729 INFO             PET0  Finalizing ESMF
20260804 005130.667 INFO             PET1 !!!!!!!!!!!!!!!!!!!!!!!!!!!!!!!!!!!!!!!!!!!!!!!!!!!!!!
20260804 005130.667 INFO             PET1 !!! THE ESMF_LOG IS SET TO OUTPUT ALL LOG MESSAGES !!!
20260804 005130.667 INFO             PET1 !!!     THIS MAY CAUSE SLOWDOWN IN PERFORMANCE     !!!
20260804 005130.667 INFO             PET1 !!! FOR PRODUCTION RUNS, USE:                      !!!
20260804 005130.667 INFO             PET1 !!!                   ESMF_LOGKIND_Multi_On_Error  !!!
20260804 005130.667 INFO             PET1 !!!!!!!!!!!!!!!!!!!!!!!!!!!!!!!!!!!!!!!!!!!!!!!!!!!!!!
20260804 005130.667 INFO             PET1 Running with ESMF Version   : develop+g45870de0c5
20260804 005130.667 INFO             PET1 ESMF library build date/time: "Aug  3 2026" "22:57:00"
20260804 005130.667 INFO             PET1 ESMF library build location : /discover/nobackup/projects/gmao/SIteam/ESMF_Testing/llvm_22.1.0_mpich_g_develop/esmf
20260804 005130.667 INFO             PET1 ESMF_COMM                   : mpich
20260804 005130.667 INFO             PET1 ESMF_MOAB                   : enabled
20260804 005130.667 INFO             PET1 ESMF_LAPACK                 : enabled
20260804 005130.667 INFO             PET1 ESMF_NETCDF                 : disabled
20260804 005130.667 INFO             PET1 ESMF_PNETCDF                : disabled
20260804 005130.667 INFO             PET1 ESMF_PIO                    : disabled
20260804 005130.667 INFO             PET1 ESMF_YAMLCPP                : enabled
20260804 005130.673 INFO             PET1 =============================================
20260804 005130.673 INFO             PET1 ESMX (Earth System Model eXecutable) STARTING
20260804 005130.673 INFO             PET1 =============================================
20260804 005130.687 DEBUG            PET1 Generic SetVM() is executing for: ESMX_Driver
20260804 005130.688 DEBUG            PET1 Generic SetVM() found no NUOPC Hint for: ESMX_Driver
20260804 005130.688 DEBUG            PET1 Generic SetVM() therefore is NOT calling ESMF_GridCompSetVMMaxPEs() for: ESMX_Driver
20260804 005130.697 INFO             PET1 ESMX_Driver: InitializeGeneric intro.
20260804 005130.697 INFO             PET1   >>>ESMX_Driver: entered Initialize (phase=<none>) without valid internal Clock.
20260804 005130.697 INFO             PET1   ESMX_Driver: InitializeP0 intro.
20260804 005130.697 INFO             PET1     >>>ESMX_Driver: entered Initialize (phase=<none>) without valid internal Clock.
20260804 005130.698 INFO             PET1     <<<ESMX_Driver: leaving Initialize (phase=<none>) without valid internal Clock.
20260804 005130.698 INFO             PET1   ESMX_Driver: InitializeP0 extro.
20260804 005130.698 INFO             PET1   ESMX_Driver: InitializeIPDv02p1 intro.
20260804 005130.698 INFO             PET1     >>>ESMX_Driver: entered Initialize (phase=<none>) without valid internal Clock.
20260804 005130.707 INFO             PET1     ESMX_Driver - Creating model component MDL without petList.
20260804 005130.709 DEBUG            PET1     Generic SetVM() is executing for: MDL
20260804 005130.709 DEBUG            PET1     Generic SetVM() found no NUOPC Hint for: MDL
20260804 005130.709 DEBUG            PET1     Generic SetVM() therefore is NOT calling ESMF_GridCompSetVMMaxPEs() for: MDL
20260804 005130.719 INFO             PET1     ESMX_Driver: IInitAdvertise intro.
20260804 005130.719 INFO             PET1       >>>ESMX_Driver: entered Initialize (phase=<none>) with current time: 2012 10 24 18  0  0   0
20260804 005130.719 INFO             PET1       <<<ESMX_Driver: leaving Initialize (phase=<none>) with current time: 2012 10 24 18  0  0   0
20260804 005130.719 INFO             PET1     ESMX_Driver: IInitAdvertise extro.
20260804 005130.720 INFO             PET1     Message from inside C component Advertise() method
20260804 005130.721 INFO             PET1     ESMX_Driver: IInitAdvertiseFinish intro.
20260804 005130.721 INFO             PET1       >>>ESMX_Driver: entered Initialize (phase=<none>) with current time: 2012 10 24 18  0  0   0
20260804 005130.721 INFO             PET1       <<<ESMX_Driver: leaving Initialize (phase=<none>) with current time: 2012 10 24 18  0  0   0
20260804 005130.721 INFO             PET1     ESMX_Driver: IInitAdvertiseFinish extro.
20260804 005130.721 INFO             PET1     ESMX_Driver: IInitModifyCplLists intro.
20260804 005130.722 INFO             PET1       >>>ESMX_Driver: entered Initialize (phase=<none>) with current time: 2012 10 24 18  0  0   0
20260804 005130.722 INFO             PET1       <<<ESMX_Driver: leaving Initialize (phase=<none>) with current time: 2012 10 24 18  0  0   0
20260804 005130.722 INFO             PET1     ESMX_Driver: IInitModifyCplLists extro.
20260804 005130.722 INFO             PET1     <<<ESMX_Driver: leaving Initialize (phase=<none>) with current time: 2012 10 24 18  0  0   0
20260804 005130.722 INFO             PET1   ESMX_Driver: InitializeIPDv02p1 extro.
20260804 005130.722 INFO             PET1   ESMX_Driver: InitializeIPDv02p3 intro.
20260804 005130.722 INFO             PET1     >>>ESMX_Driver: entered Initialize (phase=<none>) with current time: 2012 10 24 18  0  0   0
20260804 005130.723 INFO             PET1     ESMX_Driver: IInitCheck intro.
20260804 005130.723 INFO             PET1       >>>ESMX_Driver: entered Initialize (phase=<none>) with current time: 2012 10 24 18  0  0   0
20260804 005130.723 INFO             PET1       <<<ESMX_Driver: leaving Initialize (phase=<none>) with current time: 2012 10 24 18  0  0   0
20260804 005130.723 INFO             PET1     ESMX_Driver: IInitCheck extro.
20260804 005130.723 INFO             PET1     ESMX_Driver: IInitRealize intro.
20260804 005130.723 INFO             PET1       >>>ESMX_Driver: entered Initialize (phase=<none>) with current time: 2012 10 24 18  0  0   0
20260804 005130.723 INFO             PET1       <<<ESMX_Driver: leaving Initialize (phase=<none>) with current time: 2012 10 24 18  0  0   0
20260804 005130.723 INFO             PET1     ESMX_Driver: IInitRealize extro.
20260804 005130.724 INFO             PET1     <<<ESMX_Driver: leaving Initialize (phase=<none>) with current time: 2012 10 24 18  0  0   0
20260804 005130.724 INFO             PET1   ESMX_Driver: InitializeIPDv02p3 extro.
20260804 005130.724 INFO             PET1   ESMX_Driver: InitializeIPDv02p5 intro.
20260804 005130.724 INFO             PET1     >>>ESMX_Driver: entered Initialize (phase=<none>) with current time: 2012 10 24 18  0  0   0
20260804 005130.724 INFO             PET1     ESMX_Driver: InitializeIPDv02p5Data intro.
20260804 005130.725 INFO             PET1       >>>ESMX_Driver: entered Initialize (phase=<none>) with current time: 2012 10 24 18  0  0   0
20260804 005130.725 INFO             PET1       ESMX_Driver: InternalInitializeComplete intro.
20260804 005130.725 INFO             PET1         >>>ESMX_Driver: entered Initialize (phase=<none>) with current time: 2012 10 24 18  0  0   0
20260804 005130.725 INFO             PET1         <<<ESMX_Driver: leaving Initialize (phase=<none>) with current time: 2012 10 24 18  0  0   0
20260804 005130.725 INFO             PET1       ESMX_Driver: InternalInitializeComplete extro.
20260804 005130.726 INFO             PET1       ESMX_Driver: loopDataDependentInitialize intro.
20260804 005130.726 INFO             PET1         >>>ESMX_Driver: entered Initialize (phase=<none>) with current time: 2012 10 24 18  0  0   0
20260804 005130.727 INFO             PET1         <<<ESMX_Driver: leaving Initialize (phase=<none>) with current time: 2012 10 24 18  0  0   0
20260804 005130.727 INFO             PET1       ESMX_Driver: loopDataDependentInitialize extro.
20260804 005130.727 INFO             PET1       <<<ESMX_Driver: leaving Initialize (phase=<none>) with current time: 2012 10 24 18  0  0   0
20260804 005130.727 INFO             PET1     ESMX_Driver: InitializeIPDv02p5Data extro.
20260804 005130.727 INFO             PET1     <<<ESMX_Driver: leaving Initialize (phase=<none>) with current time: 2012 10 24 18  0  0   0
20260804 005130.727 INFO             PET1   ESMX_Driver: InitializeIPDv02p5 extro.
20260804 005130.727 INFO             PET1   <<<ESMX_Driver: leaving Initialize (phase=<none>) with current time: 2012 10 24 18  0  0   0
20260804 005130.727 INFO             PET1 ESMX_Driver: InitializeGeneric extro.
20260804 005130.727 INFO             PET1 ESMX_Driver: Run intro.
20260804 005130.727 INFO             PET1   >>>ESMX_Driver: entered Run (phase=RunPhase1) with current time: 2012 10 24 18  0  0   0
20260804 005130.728 INFO             PET1   Message from inside C component Advance() method
20260804 005130.728 INFO             PET1   <<<ESMX_Driver: leaving Run (phase=RunPhase1) with current time: 2012 10 24 19  0  0   0
20260804 005130.728 INFO             PET1 ESMX_Driver: Run extro.
20260804 005130.728 INFO             PET1 ESMX_Driver: Finalize intro.
20260804 005130.728 INFO             PET1   >>>ESMX_Driver: entered Finalize (phase=FinalizePhase1) with current time: 2012 10 24 19  0  0   0
20260804 005130.728 INFO             PET1   Calling Finalize phase 1 for modelComp: MDL
20260804 005130.729 INFO             PET1   Delete modelComp: MDL
20260804 005130.729 INFO             PET1   <<<ESMX_Driver: leaving Finalize (phase=FinalizePhase1) with current time: 2012 10 24 19  0  0   0
20260804 005130.729 INFO             PET1 ESMX_Driver: Finalize extro.
20260804 005130.729 INFO             PET1 =============================================
20260804 005130.729 INFO             PET1 ESMX (Earth System Model eXecutable) FINISHED
20260804 005130.729 INFO             PET1 =============================================
20260804 005130.729 INFO             PET1  Finalizing ESMF
20260804 005130.667 INFO             PET2 !!!!!!!!!!!!!!!!!!!!!!!!!!!!!!!!!!!!!!!!!!!!!!!!!!!!!!
20260804 005130.667 INFO             PET2 !!! THE ESMF_LOG IS SET TO OUTPUT ALL LOG MESSAGES !!!
20260804 005130.667 INFO             PET2 !!!     THIS MAY CAUSE SLOWDOWN IN PERFORMANCE     !!!
20260804 005130.667 INFO             PET2 !!! FOR PRODUCTION RUNS, USE:                      !!!
20260804 005130.667 INFO             PET2 !!!                   ESMF_LOGKIND_Multi_On_Error  !!!
20260804 005130.667 INFO             PET2 !!!!!!!!!!!!!!!!!!!!!!!!!!!!!!!!!!!!!!!!!!!!!!!!!!!!!!
20260804 005130.667 INFO             PET2 Running with ESMF Version   : develop+g45870de0c5
20260804 005130.667 INFO             PET2 ESMF library build date/time: "Aug  3 2026" "22:57:00"
20260804 005130.667 INFO             PET2 ESMF library build location : /discover/nobackup/projects/gmao/SIteam/ESMF_Testing/llvm_22.1.0_mpich_g_develop/esmf
20260804 005130.667 INFO             PET2 ESMF_COMM                   : mpich
20260804 005130.668 INFO             PET2 ESMF_MOAB                   : enabled
20260804 005130.668 INFO             PET2 ESMF_LAPACK                 : enabled
20260804 005130.668 INFO             PET2 ESMF_NETCDF                 : disabled
20260804 005130.668 INFO             PET2 ESMF_PNETCDF                : disabled
20260804 005130.668 INFO             PET2 ESMF_PIO                    : disabled
20260804 005130.668 INFO             PET2 ESMF_YAMLCPP                : enabled
20260804 005130.673 INFO             PET2 =============================================
20260804 005130.673 INFO             PET2 ESMX (Earth System Model eXecutable) STARTING
20260804 005130.673 INFO             PET2 =============================================
20260804 005130.687 DEBUG            PET2 Generic SetVM() is executing for: ESMX_Driver
20260804 005130.688 DEBUG            PET2 Generic SetVM() found no NUOPC Hint for: ESMX_Driver
20260804 005130.688 DEBUG            PET2 Generic SetVM() therefore is NOT calling ESMF_GridCompSetVMMaxPEs() for: ESMX_Driver
20260804 005130.697 INFO             PET2 ESMX_Driver: InitializeGeneric intro.
20260804 005130.697 INFO             PET2   >>>ESMX_Driver: entered Initialize (phase=<none>) without valid internal Clock.
20260804 005130.697 INFO             PET2   ESMX_Driver: InitializeP0 intro.
20260804 005130.697 INFO             PET2     >>>ESMX_Driver: entered Initialize (phase=<none>) without valid internal Clock.
20260804 005130.698 INFO             PET2     <<<ESMX_Driver: leaving Initialize (phase=<none>) without valid internal Clock.
20260804 005130.698 INFO             PET2   ESMX_Driver: InitializeP0 extro.
20260804 005130.698 INFO             PET2   ESMX_Driver: InitializeIPDv02p1 intro.
20260804 005130.698 INFO             PET2     >>>ESMX_Driver: entered Initialize (phase=<none>) without valid internal Clock.
20260804 005130.707 INFO             PET2     ESMX_Driver - Creating model component MDL without petList.
20260804 005130.709 DEBUG            PET2     Generic SetVM() is executing for: MDL
20260804 005130.709 DEBUG            PET2     Generic SetVM() found no NUOPC Hint for: MDL
20260804 005130.709 DEBUG            PET2     Generic SetVM() therefore is NOT calling ESMF_GridCompSetVMMaxPEs() for: MDL
20260804 005130.719 INFO             PET2     ESMX_Driver: IInitAdvertise intro.
20260804 005130.719 INFO             PET2       >>>ESMX_Driver: entered Initialize (phase=<none>) with current time: 2012 10 24 18  0  0   0
20260804 005130.719 INFO             PET2       <<<ESMX_Driver: leaving Initialize (phase=<none>) with current time: 2012 10 24 18  0  0   0
20260804 005130.719 INFO             PET2     ESMX_Driver: IInitAdvertise extro.
20260804 005130.720 INFO             PET2     Message from inside C component Advertise() method
20260804 005130.721 INFO             PET2     ESMX_Driver: IInitAdvertiseFinish intro.
20260804 005130.721 INFO             PET2       >>>ESMX_Driver: entered Initialize (phase=<none>) with current time: 2012 10 24 18  0  0   0
20260804 005130.721 INFO             PET2       <<<ESMX_Driver: leaving Initialize (phase=<none>) with current time: 2012 10 24 18  0  0   0
20260804 005130.721 INFO             PET2     ESMX_Driver: IInitAdvertiseFinish extro.
20260804 005130.721 INFO             PET2     ESMX_Driver: IInitModifyCplLists intro.
20260804 005130.722 INFO             PET2       >>>ESMX_Driver: entered Initialize (phase=<none>) with current time: 2012 10 24 18  0  0   0
20260804 005130.722 INFO             PET2       <<<ESMX_Driver: leaving Initialize (phase=<none>) with current time: 2012 10 24 18  0  0   0
20260804 005130.722 INFO             PET2     ESMX_Driver: IInitModifyCplLists extro.
20260804 005130.722 INFO             PET2     <<<ESMX_Driver: leaving Initialize (phase=<none>) with current time: 2012 10 24 18  0  0   0
20260804 005130.722 INFO             PET2   ESMX_Driver: InitializeIPDv02p1 extro.
20260804 005130.722 INFO             PET2   ESMX_Driver: InitializeIPDv02p3 intro.
20260804 005130.722 INFO             PET2     >>>ESMX_Driver: entered Initialize (phase=<none>) with current time: 2012 10 24 18  0  0   0
20260804 005130.723 INFO             PET2     ESMX_Driver: IInitCheck intro.
20260804 005130.723 INFO             PET2       >>>ESMX_Driver: entered Initialize (phase=<none>) with current time: 2012 10 24 18  0  0   0
20260804 005130.723 INFO             PET2       <<<ESMX_Driver: leaving Initialize (phase=<none>) with current time: 2012 10 24 18  0  0   0
20260804 005130.723 INFO             PET2     ESMX_Driver: IInitCheck extro.
20260804 005130.723 INFO             PET2     ESMX_Driver: IInitRealize intro.
20260804 005130.723 INFO             PET2       >>>ESMX_Driver: entered Initialize (phase=<none>) with current time: 2012 10 24 18  0  0   0
20260804 005130.723 INFO             PET2       <<<ESMX_Driver: leaving Initialize (phase=<none>) with current time: 2012 10 24 18  0  0   0
20260804 005130.723 INFO             PET2     ESMX_Driver: IInitRealize extro.
20260804 005130.724 INFO             PET2     <<<ESMX_Driver: leaving Initialize (phase=<none>) with current time: 2012 10 24 18  0  0   0
20260804 005130.724 INFO             PET2   ESMX_Driver: InitializeIPDv02p3 extro.
20260804 005130.724 INFO             PET2   ESMX_Driver: InitializeIPDv02p5 intro.
20260804 005130.724 INFO             PET2     >>>ESMX_Driver: entered Initialize (phase=<none>) with current time: 2012 10 24 18  0  0   0
20260804 005130.724 INFO             PET2     ESMX_Driver: InitializeIPDv02p5Data intro.
20260804 005130.725 INFO             PET2       >>>ESMX_Driver: entered Initialize (phase=<none>) with current time: 2012 10 24 18  0  0   0
20260804 005130.725 INFO             PET2       ESMX_Driver: InternalInitializeComplete intro.
20260804 005130.725 INFO             PET2         >>>ESMX_Driver: entered Initialize (phase=<none>) with current time: 2012 10 24 18  0  0   0
20260804 005130.725 INFO             PET2         <<<ESMX_Driver: leaving Initialize (phase=<none>) with current time: 2012 10 24 18  0  0   0
20260804 005130.725 INFO             PET2       ESMX_Driver: InternalInitializeComplete extro.
20260804 005130.726 INFO             PET2       ESMX_Driver: loopDataDependentInitialize intro.
20260804 005130.726 INFO             PET2         >>>ESMX_Driver: entered Initialize (phase=<none>) with current time: 2012 10 24 18  0  0   0
20260804 005130.727 INFO             PET2         <<<ESMX_Driver: leaving Initialize (phase=<none>) with current time: 2012 10 24 18  0  0   0
20260804 005130.727 INFO             PET2       ESMX_Driver: loopDataDependentInitialize extro.
20260804 005130.727 INFO             PET2       <<<ESMX_Driver: leaving Initialize (phase=<none>) with current time: 2012 10 24 18  0  0   0
20260804 005130.727 INFO             PET2     ESMX_Driver: InitializeIPDv02p5Data extro.
20260804 005130.727 INFO             PET2     <<<ESMX_Driver: leaving Initialize (phase=<none>) with current time: 2012 10 24 18  0  0   0
20260804 005130.727 INFO             PET2   ESMX_Driver: InitializeIPDv02p5 extro.
20260804 005130.727 INFO             PET2   <<<ESMX_Driver: leaving Initialize (phase=<none>) with current time: 2012 10 24 18  0  0   0
20260804 005130.727 INFO             PET2 ESMX_Driver: InitializeGeneric extro.
20260804 005130.727 INFO             PET2 ESMX_Driver: Run intro.
20260804 005130.727 INFO             PET2   >>>ESMX_Driver: entered Run (phase=RunPhase1) with current time: 2012 10 24 18  0  0   0
20260804 005130.728 INFO             PET2   Message from inside C component Advance() method
20260804 005130.728 INFO             PET2   <<<ESMX_Driver: leaving Run (phase=RunPhase1) with current time: 2012 10 24 19  0  0   0
20260804 005130.728 INFO             PET2 ESMX_Driver: Run extro.
20260804 005130.728 INFO             PET2 ESMX_Driver: Finalize intro.
20260804 005130.728 INFO             PET2   >>>ESMX_Driver: entered Finalize (phase=FinalizePhase1) with current time: 2012 10 24 19  0  0   0
20260804 005130.729 INFO             PET2   Calling Finalize phase 1 for modelComp: MDL
20260804 005130.729 INFO             PET2   Delete modelComp: MDL
20260804 005130.729 INFO             PET2   <<<ESMX_Driver: leaving Finalize (phase=FinalizePhase1) with current time: 2012 10 24 19  0  0   0
20260804 005130.729 INFO             PET2 ESMX_Driver: Finalize extro.
20260804 005130.729 INFO             PET2 =============================================
20260804 005130.729 INFO             PET2 ESMX (Earth System Model eXecutable) FINISHED
20260804 005130.729 INFO             PET2 =============================================
20260804 005130.729 INFO             PET2  Finalizing ESMF
20260804 005130.667 INFO             PET3 !!!!!!!!!!!!!!!!!!!!!!!!!!!!!!!!!!!!!!!!!!!!!!!!!!!!!!
20260804 005130.667 INFO             PET3 !!! THE ESMF_LOG IS SET TO OUTPUT ALL LOG MESSAGES !!!
20260804 005130.667 INFO             PET3 !!!     THIS MAY CAUSE SLOWDOWN IN PERFORMANCE     !!!
20260804 005130.667 INFO             PET3 !!! FOR PRODUCTION RUNS, USE:                      !!!
20260804 005130.667 INFO             PET3 !!!                   ESMF_LOGKIND_Multi_On_Error  !!!
20260804 005130.667 INFO             PET3 !!!!!!!!!!!!!!!!!!!!!!!!!!!!!!!!!!!!!!!!!!!!!!!!!!!!!!
20260804 005130.667 INFO             PET3 Running with ESMF Version   : develop+g45870de0c5
20260804 005130.667 INFO             PET3 ESMF library build date/time: "Aug  3 2026" "22:57:00"
20260804 005130.667 INFO             PET3 ESMF library build location : /discover/nobackup/projects/gmao/SIteam/ESMF_Testing/llvm_22.1.0_mpich_g_develop/esmf
20260804 005130.667 INFO             PET3 ESMF_COMM                   : mpich
20260804 005130.667 INFO             PET3 ESMF_MOAB                   : enabled
20260804 005130.667 INFO             PET3 ESMF_LAPACK                 : enabled
20260804 005130.667 INFO             PET3 ESMF_NETCDF                 : disabled
20260804 005130.667 INFO             PET3 ESMF_PNETCDF                : disabled
20260804 005130.667 INFO             PET3 ESMF_PIO                    : disabled
20260804 005130.667 INFO             PET3 ESMF_YAMLCPP                : enabled
20260804 005130.673 INFO             PET3 =============================================
20260804 005130.673 INFO             PET3 ESMX (Earth System Model eXecutable) STARTING
20260804 005130.673 INFO             PET3 =============================================
20260804 005130.687 DEBUG            PET3 Generic SetVM() is executing for: ESMX_Driver
20260804 005130.688 DEBUG            PET3 Generic SetVM() found no NUOPC Hint for: ESMX_Driver
20260804 005130.688 DEBUG            PET3 Generic SetVM() therefore is NOT calling ESMF_GridCompSetVMMaxPEs() for: ESMX_Driver
20260804 005130.697 INFO             PET3 ESMX_Driver: InitializeGeneric intro.
20260804 005130.697 INFO             PET3   >>>ESMX_Driver: entered Initialize (phase=<none>) without valid internal Clock.
20260804 005130.697 INFO             PET3   ESMX_Driver: InitializeP0 intro.
20260804 005130.697 INFO             PET3     >>>ESMX_Driver: entered Initialize (phase=<none>) without valid internal Clock.
20260804 005130.698 INFO             PET3     <<<ESMX_Driver: leaving Initialize (phase=<none>) without valid internal Clock.
20260804 005130.698 INFO             PET3   ESMX_Driver: InitializeP0 extro.
20260804 005130.698 INFO             PET3   ESMX_Driver: InitializeIPDv02p1 intro.
20260804 005130.698 INFO             PET3     >>>ESMX_Driver: entered Initialize (phase=<none>) without valid internal Clock.
20260804 005130.707 INFO             PET3     ESMX_Driver - Creating model component MDL without petList.
20260804 005130.709 DEBUG            PET3     Generic SetVM() is executing for: MDL
20260804 005130.709 DEBUG            PET3     Generic SetVM() found no NUOPC Hint for: MDL
20260804 005130.709 DEBUG            PET3     Generic SetVM() therefore is NOT calling ESMF_GridCompSetVMMaxPEs() for: MDL
20260804 005130.719 INFO             PET3     ESMX_Driver: IInitAdvertise intro.
20260804 005130.719 INFO             PET3       >>>ESMX_Driver: entered Initialize (phase=<none>) with current time: 2012 10 24 18  0  0   0
20260804 005130.719 INFO             PET3       <<<ESMX_Driver: leaving Initialize (phase=<none>) with current time: 2012 10 24 18  0  0   0
20260804 005130.719 INFO             PET3     ESMX_Driver: IInitAdvertise extro.
20260804 005130.720 INFO             PET3     Message from inside C component Advertise() method
20260804 005130.721 INFO             PET3     ESMX_Driver: IInitAdvertiseFinish intro.
20260804 005130.721 INFO             PET3       >>>ESMX_Driver: entered Initialize (phase=<none>) with current time: 2012 10 24 18  0  0   0
20260804 005130.721 INFO             PET3       <<<ESMX_Driver: leaving Initialize (phase=<none>) with current time: 2012 10 24 18  0  0   0
20260804 005130.721 INFO             PET3     ESMX_Driver: IInitAdvertiseFinish extro.
20260804 005130.722 INFO             PET3     ESMX_Driver: IInitModifyCplLists intro.
20260804 005130.722 INFO             PET3       >>>ESMX_Driver: entered Initialize (phase=<none>) with current time: 2012 10 24 18  0  0   0
20260804 005130.722 INFO             PET3       <<<ESMX_Driver: leaving Initialize (phase=<none>) with current time: 2012 10 24 18  0  0   0
20260804 005130.722 INFO             PET3     ESMX_Driver: IInitModifyCplLists extro.
20260804 005130.722 INFO             PET3     <<<ESMX_Driver: leaving Initialize (phase=<none>) with current time: 2012 10 24 18  0  0   0
20260804 005130.722 INFO             PET3   ESMX_Driver: InitializeIPDv02p1 extro.
20260804 005130.722 INFO             PET3   ESMX_Driver: InitializeIPDv02p3 intro.
20260804 005130.722 INFO             PET3     >>>ESMX_Driver: entered Initialize (phase=<none>) with current time: 2012 10 24 18  0  0   0
20260804 005130.723 INFO             PET3     ESMX_Driver: IInitCheck intro.
20260804 005130.723 INFO             PET3       >>>ESMX_Driver: entered Initialize (phase=<none>) with current time: 2012 10 24 18  0  0   0
20260804 005130.723 INFO             PET3       <<<ESMX_Driver: leaving Initialize (phase=<none>) with current time: 2012 10 24 18  0  0   0
20260804 005130.723 INFO             PET3     ESMX_Driver: IInitCheck extro.
20260804 005130.723 INFO             PET3     ESMX_Driver: IInitRealize intro.
20260804 005130.723 INFO             PET3       >>>ESMX_Driver: entered Initialize (phase=<none>) with current time: 2012 10 24 18  0  0   0
20260804 005130.723 INFO             PET3       <<<ESMX_Driver: leaving Initialize (phase=<none>) with current time: 2012 10 24 18  0  0   0
20260804 005130.724 INFO             PET3     ESMX_Driver: IInitRealize extro.
20260804 005130.724 INFO             PET3     <<<ESMX_Driver: leaving Initialize (phase=<none>) with current time: 2012 10 24 18  0  0   0
20260804 005130.724 INFO             PET3   ESMX_Driver: InitializeIPDv02p3 extro.
20260804 005130.724 INFO             PET3   ESMX_Driver: InitializeIPDv02p5 intro.
20260804 005130.724 INFO             PET3     >>>ESMX_Driver: entered Initialize (phase=<none>) with current time: 2012 10 24 18  0  0   0
20260804 005130.724 INFO             PET3     ESMX_Driver: InitializeIPDv02p5Data intro.
20260804 005130.725 INFO             PET3       >>>ESMX_Driver: entered Initialize (phase=<none>) with current time: 2012 10 24 18  0  0   0
20260804 005130.725 INFO             PET3       ESMX_Driver: InternalInitializeComplete intro.
20260804 005130.725 INFO             PET3         >>>ESMX_Driver: entered Initialize (phase=<none>) with current time: 2012 10 24 18  0  0   0
20260804 005130.725 INFO             PET3         <<<ESMX_Driver: leaving Initialize (phase=<none>) with current time: 2012 10 24 18  0  0   0
20260804 005130.725 INFO             PET3       ESMX_Driver: InternalInitializeComplete extro.
20260804 005130.726 INFO             PET3       ESMX_Driver: loopDataDependentInitialize intro.
20260804 005130.726 INFO             PET3         >>>ESMX_Driver: entered Initialize (phase=<none>) with current time: 2012 10 24 18  0  0   0
20260804 005130.727 INFO             PET3         <<<ESMX_Driver: leaving Initialize (phase=<none>) with current time: 2012 10 24 18  0  0   0
20260804 005130.727 INFO             PET3       ESMX_Driver: loopDataDependentInitialize extro.
20260804 005130.727 INFO             PET3       <<<ESMX_Driver: leaving Initialize (phase=<none>) with current time: 2012 10 24 18  0  0   0
20260804 005130.727 INFO             PET3     ESMX_Driver: InitializeIPDv02p5Data extro.
20260804 005130.727 INFO             PET3     <<<ESMX_Driver: leaving Initialize (phase=<none>) with current time: 2012 10 24 18  0  0   0
20260804 005130.727 INFO             PET3   ESMX_Driver: InitializeIPDv02p5 extro.
20260804 005130.727 INFO             PET3   <<<ESMX_Driver: leaving Initialize (phase=<none>) with current time: 2012 10 24 18  0  0   0
20260804 005130.727 INFO             PET3 ESMX_Driver: InitializeGeneric extro.
20260804 005130.727 INFO             PET3 ESMX_Driver: Run intro.
20260804 005130.727 INFO             PET3   >>>ESMX_Driver: entered Run (phase=RunPhase1) with current time: 2012 10 24 18  0  0   0
20260804 005130.728 INFO             PET3   Message from inside C component Advance() method
20260804 005130.728 INFO             PET3   <<<ESMX_Driver: leaving Run (phase=RunPhase1) with current time: 2012 10 24 19  0  0   0
20260804 005130.728 INFO             PET3 ESMX_Driver: Run extro.
20260804 005130.728 INFO             PET3 ESMX_Driver: Finalize intro.
20260804 005130.728 INFO             PET3   >>>ESMX_Driver: entered Finalize (phase=FinalizePhase1) with current time: 2012 10 24 19  0  0   0
20260804 005130.728 INFO             PET3   Calling Finalize phase 1 for modelComp: MDL
20260804 005130.729 INFO             PET3   Delete modelComp: MDL
20260804 005130.729 INFO             PET3   <<<ESMX_Driver: leaving Finalize (phase=FinalizePhase1) with current time: 2012 10 24 19  0  0   0
20260804 005130.729 INFO             PET3 ESMX_Driver: Finalize extro.
20260804 005130.729 INFO             PET3 =============================================
20260804 005130.729 INFO             PET3 ESMX (Earth System Model eXecutable) FINISHED
20260804 005130.729 INFO             PET3 =============================================
20260804 005130.729 INFO             PET3  Finalizing ESMF
