2026-05-12 23:16:17
20260513 043614.930 INFO             PET0 !!!!!!!!!!!!!!!!!!!!!!!!!!!!!!!!!!!!!!!!!!!!!!!!!!!!!!
20260513 043614.930 INFO             PET0 !!! THE ESMF_LOG IS SET TO OUTPUT ALL LOG MESSAGES !!!
20260513 043614.930 INFO             PET0 !!!     THIS MAY CAUSE SLOWDOWN IN PERFORMANCE     !!!
20260513 043614.930 INFO             PET0 !!! FOR PRODUCTION RUNS, USE:                      !!!
20260513 043614.930 INFO             PET0 !!!                   ESMF_LOGKIND_Multi_On_Error  !!!
20260513 043614.930 INFO             PET0 !!!!!!!!!!!!!!!!!!!!!!!!!!!!!!!!!!!!!!!!!!!!!!!!!!!!!!
20260513 043614.930 INFO             PET0 Running with ESMF Version   : v9.0.0b13
20260513 043614.930 INFO             PET0 ESMF library build date/time: "May 12 2026" "23:11:50"
20260513 043614.930 INFO             PET0 ESMF library build location : /discover/nobackup/projects/gmao/SIteam/ESMF_Testing/nvhpc_26.1_openmpi_O_develop/esmf
20260513 043614.930 INFO             PET0 ESMF_COMM                   : openmpi
20260513 043614.930 INFO             PET0 ESMF_MOAB                   : enabled
20260513 043614.930 INFO             PET0 ESMF_LAPACK                 : enabled
20260513 043614.930 INFO             PET0 ESMF_NETCDF                 : disabled
20260513 043614.930 INFO             PET0 ESMF_PNETCDF                : disabled
20260513 043614.930 INFO             PET0 ESMF_PIO                    : disabled
20260513 043614.930 INFO             PET0 ESMF_YAMLCPP                : enabled
20260513 043614.931 INFO             PET0 =============================================
20260513 043614.931 INFO             PET0 ESMX (Earth System Model eXecutable) STARTING
20260513 043614.931 INFO             PET0 =============================================
20260513 043614.932 DEBUG            PET0 Generic SetVM() is executing for: ESMX_Driver
20260513 043614.933 DEBUG            PET0 Generic SetVM() found no NUOPC Hint for: ESMX_Driver
20260513 043614.933 DEBUG            PET0 Generic SetVM() therefore is NOT calling ESMF_GridCompSetVMMaxPEs() for: ESMX_Driver
20260513 043614.937 INFO             PET0 =============================================
20260513 043614.937 INFO             PET0 ESMX (Earth System Model eXecutable) FINISHED
20260513 043614.937 INFO             PET0 =============================================
20260513 043614.937 INFO             PET0  Finalizing ESMF
20260513 043614.929 INFO             PET1 !!!!!!!!!!!!!!!!!!!!!!!!!!!!!!!!!!!!!!!!!!!!!!!!!!!!!!
20260513 043614.929 INFO             PET1 !!! THE ESMF_LOG IS SET TO OUTPUT ALL LOG MESSAGES !!!
20260513 043614.929 INFO             PET1 !!!     THIS MAY CAUSE SLOWDOWN IN PERFORMANCE     !!!
20260513 043614.929 INFO             PET1 !!! FOR PRODUCTION RUNS, USE:                      !!!
20260513 043614.929 INFO             PET1 !!!                   ESMF_LOGKIND_Multi_On_Error  !!!
20260513 043614.929 INFO             PET1 !!!!!!!!!!!!!!!!!!!!!!!!!!!!!!!!!!!!!!!!!!!!!!!!!!!!!!
20260513 043614.929 INFO             PET1 Running with ESMF Version   : v9.0.0b13
20260513 043614.929 INFO             PET1 ESMF library build date/time: "May 12 2026" "23:11:50"
20260513 043614.929 INFO             PET1 ESMF library build location : /discover/nobackup/projects/gmao/SIteam/ESMF_Testing/nvhpc_26.1_openmpi_O_develop/esmf
20260513 043614.929 INFO             PET1 ESMF_COMM                   : openmpi
20260513 043614.930 INFO             PET1 ESMF_MOAB                   : enabled
20260513 043614.930 INFO             PET1 ESMF_LAPACK                 : enabled
20260513 043614.930 INFO             PET1 ESMF_NETCDF                 : disabled
20260513 043614.930 INFO             PET1 ESMF_PNETCDF                : disabled
20260513 043614.930 INFO             PET1 ESMF_PIO                    : disabled
20260513 043614.930 INFO             PET1 ESMF_YAMLCPP                : enabled
20260513 043614.931 INFO             PET1 =============================================
20260513 043614.931 INFO             PET1 ESMX (Earth System Model eXecutable) STARTING
20260513 043614.931 INFO             PET1 =============================================
20260513 043614.932 DEBUG            PET1 Generic SetVM() is executing for: ESMX_Driver
20260513 043614.933 DEBUG            PET1 Generic SetVM() found no NUOPC Hint for: ESMX_Driver
20260513 043614.933 DEBUG            PET1 Generic SetVM() therefore is NOT calling ESMF_GridCompSetVMMaxPEs() for: ESMX_Driver
20260513 043614.937 INFO             PET1 =============================================
20260513 043614.937 INFO             PET1 ESMX (Earth System Model eXecutable) FINISHED
20260513 043614.937 INFO             PET1 =============================================
20260513 043614.937 INFO             PET1  Finalizing ESMF
20260513 043614.929 INFO             PET2 !!!!!!!!!!!!!!!!!!!!!!!!!!!!!!!!!!!!!!!!!!!!!!!!!!!!!!
20260513 043614.929 INFO             PET2 !!! THE ESMF_LOG IS SET TO OUTPUT ALL LOG MESSAGES !!!
20260513 043614.929 INFO             PET2 !!!     THIS MAY CAUSE SLOWDOWN IN PERFORMANCE     !!!
20260513 043614.929 INFO             PET2 !!! FOR PRODUCTION RUNS, USE:                      !!!
20260513 043614.929 INFO             PET2 !!!                   ESMF_LOGKIND_Multi_On_Error  !!!
20260513 043614.929 INFO             PET2 !!!!!!!!!!!!!!!!!!!!!!!!!!!!!!!!!!!!!!!!!!!!!!!!!!!!!!
20260513 043614.929 INFO             PET2 Running with ESMF Version   : v9.0.0b13
20260513 043614.929 INFO             PET2 ESMF library build date/time: "May 12 2026" "23:11:50"
20260513 043614.929 INFO             PET2 ESMF library build location : /discover/nobackup/projects/gmao/SIteam/ESMF_Testing/nvhpc_26.1_openmpi_O_develop/esmf
20260513 043614.929 INFO             PET2 ESMF_COMM                   : openmpi
20260513 043614.930 INFO             PET2 ESMF_MOAB                   : enabled
20260513 043614.930 INFO             PET2 ESMF_LAPACK                 : enabled
20260513 043614.930 INFO             PET2 ESMF_NETCDF                 : disabled
20260513 043614.930 INFO             PET2 ESMF_PNETCDF                : disabled
20260513 043614.930 INFO             PET2 ESMF_PIO                    : disabled
20260513 043614.930 INFO             PET2 ESMF_YAMLCPP                : enabled
20260513 043614.931 INFO             PET2 =============================================
20260513 043614.931 INFO             PET2 ESMX (Earth System Model eXecutable) STARTING
20260513 043614.931 INFO             PET2 =============================================
20260513 043614.932 DEBUG            PET2 Generic SetVM() is executing for: ESMX_Driver
20260513 043614.933 DEBUG            PET2 Generic SetVM() found no NUOPC Hint for: ESMX_Driver
20260513 043614.933 DEBUG            PET2 Generic SetVM() therefore is NOT calling ESMF_GridCompSetVMMaxPEs() for: ESMX_Driver
20260513 043614.937 INFO             PET2 =============================================
20260513 043614.937 INFO             PET2 ESMX (Earth System Model eXecutable) FINISHED
20260513 043614.937 INFO             PET2 =============================================
20260513 043614.937 INFO             PET2  Finalizing ESMF
20260513 043614.930 INFO             PET3 !!!!!!!!!!!!!!!!!!!!!!!!!!!!!!!!!!!!!!!!!!!!!!!!!!!!!!
20260513 043614.930 INFO             PET3 !!! THE ESMF_LOG IS SET TO OUTPUT ALL LOG MESSAGES !!!
20260513 043614.930 INFO             PET3 !!!     THIS MAY CAUSE SLOWDOWN IN PERFORMANCE     !!!
20260513 043614.930 INFO             PET3 !!! FOR PRODUCTION RUNS, USE:                      !!!
20260513 043614.930 INFO             PET3 !!!                   ESMF_LOGKIND_Multi_On_Error  !!!
20260513 043614.930 INFO             PET3 !!!!!!!!!!!!!!!!!!!!!!!!!!!!!!!!!!!!!!!!!!!!!!!!!!!!!!
20260513 043614.930 INFO             PET3 Running with ESMF Version   : v9.0.0b13
20260513 043614.930 INFO             PET3 ESMF library build date/time: "May 12 2026" "23:11:50"
20260513 043614.930 INFO             PET3 ESMF library build location : /discover/nobackup/projects/gmao/SIteam/ESMF_Testing/nvhpc_26.1_openmpi_O_develop/esmf
20260513 043614.930 INFO             PET3 ESMF_COMM                   : openmpi
20260513 043614.930 INFO             PET3 ESMF_MOAB                   : enabled
20260513 043614.930 INFO             PET3 ESMF_LAPACK                 : enabled
20260513 043614.930 INFO             PET3 ESMF_NETCDF                 : disabled
20260513 043614.930 INFO             PET3 ESMF_PNETCDF                : disabled
20260513 043614.930 INFO             PET3 ESMF_PIO                    : disabled
20260513 043614.930 INFO             PET3 ESMF_YAMLCPP                : enabled
20260513 043614.931 INFO             PET3 =============================================
20260513 043614.931 INFO             PET3 ESMX (Earth System Model eXecutable) STARTING
20260513 043614.931 INFO             PET3 =============================================
20260513 043614.932 DEBUG            PET3 Generic SetVM() is executing for: ESMX_Driver
20260513 043614.933 DEBUG            PET3 Generic SetVM() found no NUOPC Hint for: ESMX_Driver
20260513 043614.933 DEBUG            PET3 Generic SetVM() therefore is NOT calling ESMF_GridCompSetVMMaxPEs() for: ESMX_Driver
20260513 043614.937 INFO             PET3 =============================================
20260513 043614.937 INFO             PET3 ESMX (Earth System Model eXecutable) FINISHED
20260513 043614.937 INFO             PET3 =============================================
20260513 043614.937 INFO             PET3  Finalizing ESMF
