2026-06-02 23:18:43
20260603 004736.926 INFO             PET0 !!!!!!!!!!!!!!!!!!!!!!!!!!!!!!!!!!!!!!!!!!!!!!!!!!!!!!
20260603 004736.927 INFO             PET0 !!! THE ESMF_LOG IS SET TO OUTPUT ALL LOG MESSAGES !!!
20260603 004736.927 INFO             PET0 !!!     THIS MAY CAUSE SLOWDOWN IN PERFORMANCE     !!!
20260603 004736.927 INFO             PET0 !!! FOR PRODUCTION RUNS, USE:                      !!!
20260603 004736.927 INFO             PET0 !!!                   ESMF_LOGKIND_Multi_On_Error  !!!
20260603 004736.927 INFO             PET0 !!!!!!!!!!!!!!!!!!!!!!!!!!!!!!!!!!!!!!!!!!!!!!!!!!!!!!
20260603 004736.927 INFO             PET0 Running with ESMF Version   : develop+gf183dd1f0b
20260603 004736.927 INFO             PET0 ESMF library build date/time: "Jun  2 2026" "23:14:54"
20260603 004736.927 INFO             PET0 ESMF library build location : /discover/nobackup/projects/gmao/SIteam/ESMF_Testing/intel_2021.13.0-mvapich_mvapich_O_develop/esmf
20260603 004736.927 INFO             PET0 ESMF_COMM                   : mvapich
20260603 004736.927 INFO             PET0 ESMF_MOAB                   : enabled
20260603 004736.927 INFO             PET0 ESMF_LAPACK                 : enabled
20260603 004736.927 INFO             PET0 ESMF_NETCDF                 : disabled
20260603 004736.927 INFO             PET0 ESMF_PNETCDF                : disabled
20260603 004736.927 INFO             PET0 ESMF_PIO                    : disabled
20260603 004736.927 INFO             PET0 ESMF_YAMLCPP                : enabled
20260603 004736.928 INFO             PET0  NUMBER_OF_PROCESSORS           1
20260603 004736.928 INFO             PET0  PASS  Example ESMF_ClockEx, ESMF_ClockEx.F90, line 220
20260603 004736.928 INFO             PET0  Finalizing ESMF
