 
Installing ESMF:
 
mkdir -p /project/esmf/ESMF-Nightly-Testing-Izumi/intel_20.0.1_mpiuni_g_develop/esmf/DEFAULTINSTALLDIR/include
cp -f /project/esmf/ESMF-Nightly-Testing-Izumi/intel_20.0.1_mpiuni_g_develop/esmf/src/include/NUOPC.h /project/esmf/ESMF-Nightly-Testing-Izumi/intel_20.0.1_mpiuni_g_develop/esmf/DEFAULTINSTALLDIR/include
cp -f /project/esmf/ESMF-Nightly-Testing-Izumi/intel_20.0.1_mpiuni_g_develop/esmf/src/include/ESMC.h /project/esmf/ESMF-Nightly-Testing-Izumi/intel_20.0.1_mpiuni_g_develop/esmf/DEFAULTINSTALLDIR/include
cp -f /project/esmf/ESMF-Nightly-Testing-Izumi/intel_20.0.1_mpiuni_g_develop/esmf/src/include/ESMC_*.h /project/esmf/ESMF-Nightly-Testing-Izumi/intel_20.0.1_mpiuni_g_develop/esmf/DEFAULTINSTALLDIR/include
cp -f /project/esmf/ESMF-Nightly-Testing-Izumi/intel_20.0.1_mpiuni_g_develop/esmf/build_config/Linux.intel.default/ESMC_Conf.h /project/esmf/ESMF-Nightly-Testing-Izumi/intel_20.0.1_mpiuni_g_develop/esmf/DEFAULTINSTALLDIR/include
cp -fr /project/esmf/ESMF-Nightly-Testing-Izumi/intel_20.0.1_mpiuni_g_develop/esmf/src/addon/ESMX /project/esmf/ESMF-Nightly-Testing-Izumi/intel_20.0.1_mpiuni_g_develop/esmf/DEFAULTINSTALLDIR/include
mkdir -p /project/esmf/ESMF-Nightly-Testing-Izumi/intel_20.0.1_mpiuni_g_develop/esmf/DEFAULTINSTALLDIR/cmake
cp -f /project/esmf/ESMF-Nightly-Testing-Izumi/intel_20.0.1_mpiuni_g_develop/esmf/cmake/FindESMF.cmake /project/esmf/ESMF-Nightly-Testing-Izumi/intel_20.0.1_mpiuni_g_develop/esmf/DEFAULTINSTALLDIR/cmake
mkdir -p /project/esmf/ESMF-Nightly-Testing-Izumi/intel_20.0.1_mpiuni_g_develop/esmf/DEFAULTINSTALLDIR/mod/modg/Linux.intel.64.mpiuni.default
cp -f /project/esmf/ESMF-Nightly-Testing-Izumi/intel_20.0.1_mpiuni_g_develop/esmf/mod/modg/Linux.intel.64.mpiuni.default/*.mod /project/esmf/ESMF-Nightly-Testing-Izumi/intel_20.0.1_mpiuni_g_develop/esmf/DEFAULTINSTALLDIR/mod/modg/Linux.intel.64.mpiuni.default
mkdir -p /project/esmf/ESMF-Nightly-Testing-Izumi/intel_20.0.1_mpiuni_g_develop/esmf/DEFAULTINSTALLDIR/lib/libg/Linux.intel.64.mpiuni.default
cp -f /project/esmf/ESMF-Nightly-Testing-Izumi/intel_20.0.1_mpiuni_g_develop/esmf/lib/libg/Linux.intel.64.mpiuni.default/libesmf*.* /project/esmf/ESMF-Nightly-Testing-Izumi/intel_20.0.1_mpiuni_g_develop/esmf/DEFAULTINSTALLDIR/lib/libg/Linux.intel.64.mpiuni.default
cp -f /project/esmf/ESMF-Nightly-Testing-Izumi/intel_20.0.1_mpiuni_g_develop/esmf/lib/libg/Linux.intel.64.mpiuni.default/libpioc.* /project/esmf/ESMF-Nightly-Testing-Izumi/intel_20.0.1_mpiuni_g_develop/esmf/DEFAULTINSTALLDIR/lib/libg/Linux.intel.64.mpiuni.default
make ESMF_PRELOADDIR=/project/esmf/ESMF-Nightly-Testing-Izumi/intel_20.0.1_mpiuni_g_develop/esmf/DEFAULTINSTALLDIR/lib/libg/Linux.intel.64.mpiuni.default build_preload_script
make[1]: Entering directory '/project/esmf/ESMF-Nightly-Testing-Izumi/intel_20.0.1_mpiuni_g_develop/esmf'
chmod 755 /project/esmf/ESMF-Nightly-Testing-Izumi/intel_20.0.1_mpiuni_g_develop/esmf/DEFAULTINSTALLDIR/lib/libg/Linux.intel.64.mpiuni.default/preload.sh
make[1]: Leaving directory '/project/esmf/ESMF-Nightly-Testing-Izumi/intel_20.0.1_mpiuni_g_develop/esmf'
ranlib /project/esmf/ESMF-Nightly-Testing-Izumi/intel_20.0.1_mpiuni_g_develop/esmf/DEFAULTINSTALLDIR/lib/libg/Linux.intel.64.mpiuni.default/libesmf*.a
make install_apps
make[1]: Entering directory '/project/esmf/ESMF-Nightly-Testing-Izumi/intel_20.0.1_mpiuni_g_develop/esmf'
mkdir -p /project/esmf/ESMF-Nightly-Testing-Izumi/intel_20.0.1_mpiuni_g_develop/esmf/DEFAULTINSTALLDIR/bin/bing/Linux.intel.64.mpiuni.default
make build_apps ESMF_APPSDIR=/project/esmf/ESMF-Nightly-Testing-Izumi/intel_20.0.1_mpiuni_g_develop/esmf/DEFAULTINSTALLDIR/bin/bing/Linux.intel.64.mpiuni.default ESMF_LDIR=/project/esmf/ESMF-Nightly-Testing-Izumi/intel_20.0.1_mpiuni_g_develop/esmf/DEFAULTINSTALLDIR/lib/libg/Linux.intel.64.mpiuni.default ESMF_LIBDIR=/project/esmf/ESMF-Nightly-Testing-Izumi/intel_20.0.1_mpiuni_g_develop/esmf/DEFAULTINSTALLDIR/lib/libg/Linux.intel.64.mpiuni.default ESMF_MODDIR=/project/esmf/ESMF-Nightly-Testing-Izumi/intel_20.0.1_mpiuni_g_develop/esmf/DEFAULTINSTALLDIR/mod/modg/Linux.intel.64.mpiuni.default
make[2]: Entering directory '/project/esmf/ESMF-Nightly-Testing-Izumi/intel_20.0.1_mpiuni_g_develop/esmf'
cd /project/esmf/ESMF-Nightly-Testing-Izumi/intel_20.0.1_mpiuni_g_develop/esmf/src/apps; make ACTION=tree_build_apps tree
make[3]: Entering directory '/project/esmf/ESMF-Nightly-Testing-Izumi/intel_20.0.1_mpiuni_g_develop/esmf/src/apps'
tree_build_apps in: /project/esmf/ESMF-Nightly-Testing-Izumi/intel_20.0.1_mpiuni_g_develop/esmf/src/apps/ESMF_PrintInfo
make[4]: Entering directory '/project/esmf/ESMF-Nightly-Testing-Izumi/intel_20.0.1_mpiuni_g_develop/esmf/src/apps/ESMF_PrintInfo'
make chkdir_locobj
make[5]: Entering directory '/project/esmf/ESMF-Nightly-Testing-Izumi/intel_20.0.1_mpiuni_g_develop/esmf/src/apps/ESMF_PrintInfo'
Making directory /project/esmf/ESMF-Nightly-Testing-Izumi/intel_20.0.1_mpiuni_g_develop/esmf/obj/objg/Linux.intel.64.mpiuni.default/src/apps/ESMF_PrintInfo for apps output
make[5]: Leaving directory '/project/esmf/ESMF-Nightly-Testing-Izumi/intel_20.0.1_mpiuni_g_develop/esmf/src/apps/ESMF_PrintInfo'
ifort -c -g -traceback -check arg_temp_created,bounds,format,output_conversion,stack  -fPIC -debug minimal -assume realloc_lhs -m64 -mcmodel=small -pthread -threads  -qopenmp -I/project/esmf/ESMF-Nightly-Testing-Izumi/intel_20.0.1_mpiuni_g_develop/esmf/src/apps/ESMF_PrintInfo -I/project/esmf/ESMF-Nightly-Testing-Izumi/intel_20.0.1_mpiuni_g_develop/esmf/build_config/Linux.intel.default -I/project/esmf/ESMF-Nightly-Testing-Izumi/intel_20.0.1_mpiuni_g_develop/esmf/src/Infrastructure -I/project/esmf/ESMF-Nightly-Testing-Izumi/intel_20.0.1_mpiuni_g_develop/esmf/src/Superstructure -I/project/esmf/ESMF-Nightly-Testing-Izumi/intel_20.0.1_mpiuni_g_develop/esmf/DEFAULTINSTALLDIR/mod/modg/Linux.intel.64.mpiuni.default -I/project/esmf/ESMF-Nightly-Testing-Izumi/intel_20.0.1_mpiuni_g_develop/esmf/src/include -I/usr/local/netcdf-c-4.7.4-f-4.5.2-intel-cluster-20.0.1/include -I/usr/local/netcdf-c-4.7.4-f-4.5.2-intel-cluster-20.0.1/include  -DESMF_NO_INTEGER_1_BYTE -DESMF_NO_INTEGER_2_BYTE -DESMF_VERSION_STRING_GIT='"develop+g1082792c4b"' -DESMF_MPIUNI -I/project/esmf/ESMF-Nightly-Testing-Izumi/intel_20.0.1_mpiuni_g_develop/esmf/src/Infrastructure/stubs/mpiuni -DESMF_MOAB=1 -DESMF_LAPACK=1 -DESMF_LAPACK_INTERNAL=1 -DESMF_NO_ACC_SOFTWARE_STACK=1 -DESMF_PIO=1 -DESMF_NETCDF=1 -DYAML=ESMF_YAML -DESMF_YAMLCPP=1 -DESMF_NO_OPENACC -DESMF_TESTEXHAUSTIVE -DESMF_BOPT_g -DESMF_TESTPERFORMANCE -DESMF_TESTCOMPTUNNEL -DESMF_TESTWITHTHREADS -DSx86_64_small=1 -DESMF_OS_Linux=1 -DESMF_COMM=mpiuni -DESMF_DIR=/project/esmf/ESMF-Nightly-Testing-Izumi/intel_20.0.1_mpiuni_g_develop/esmf ESMF_PrintInfo.F90 -o /project/esmf/ESMF-Nightly-Testing-Izumi/intel_20.0.1_mpiuni_g_develop/esmf/obj/objg/Linux.intel.64.mpiuni.default/src/apps/ESMF_PrintInfo/ESMF_PrintInfo.o
make chkdir_apps
make[5]: Entering directory '/project/esmf/ESMF-Nightly-Testing-Izumi/intel_20.0.1_mpiuni_g_develop/esmf/src/apps/ESMF_PrintInfo'
make[5]: Leaving directory '/project/esmf/ESMF-Nightly-Testing-Izumi/intel_20.0.1_mpiuni_g_develop/esmf/src/apps/ESMF_PrintInfo'
ifort    -m64 -mcmodel=small -pthread -threads -cxxlib -Wl,--no-as-needed  -qopenmp -L/project/esmf/ESMF-Nightly-Testing-Izumi/intel_20.0.1_mpiuni_g_develop/esmf/DEFAULTINSTALLDIR/lib/libg/Linux.intel.64.mpiuni.default -L/usr/local/netcdf-c-4.7.4-f-4.5.2-intel-cluster-20.0.1/lib -L/usr/local/netcdf-c-4.7.4-f-4.5.2-intel-cluster-20.0.1/lib -L/usr/local/hdf5-1.12.0-intel-cluster-20.0.1/lib -L/usr/local/netcdf-c-4.7.4-f-4.5.2-intel-cluster-20.0.1/lib  -Wl,-rpath,/project/esmf/ESMF-Nightly-Testing-Izumi/intel_20.0.1_mpiuni_g_develop/esmf/DEFAULTINSTALLDIR/lib/libg/Linux.intel.64.mpiuni.default  -Wl,-rpath,/usr/local/netcdf-c-4.7.4-f-4.5.2-intel-cluster-20.0.1/lib -Wl,-rpath,/usr/local/netcdf-c-4.7.4-f-4.5.2-intel-cluster-20.0.1/lib -Wl,-rpath,/usr/local/hdf5-1.12.0-intel-cluster-20.0.1/lib -Wl,-rpath,/usr/local/netcdf-c-4.7.4-f-4.5.2-intel-cluster-20.0.1/lib -o /project/esmf/ESMF-Nightly-Testing-Izumi/intel_20.0.1_mpiuni_g_develop/esmf/DEFAULTINSTALLDIR/bin/bing/Linux.intel.64.mpiuni.default/ESMF_PrintInfo /project/esmf/ESMF-Nightly-Testing-Izumi/intel_20.0.1_mpiuni_g_develop/esmf/obj/objg/Linux.intel.64.mpiuni.default/src/apps/ESMF_PrintInfo/ESMF_PrintInfo.o -lesmf -lpioc -lnetcdf -lnetcdff -lnetcdf -lnetcdf -lm -lrt -ldl
make[4]: Leaving directory '/project/esmf/ESMF-Nightly-Testing-Izumi/intel_20.0.1_mpiuni_g_develop/esmf/src/apps/ESMF_PrintInfo'
tree_build_apps in: /project/esmf/ESMF-Nightly-Testing-Izumi/intel_20.0.1_mpiuni_g_develop/esmf/src/apps/ESMF_PrintInfoC
make[4]: Entering directory '/project/esmf/ESMF-Nightly-Testing-Izumi/intel_20.0.1_mpiuni_g_develop/esmf/src/apps/ESMF_PrintInfoC'
make chkdir_locobj
make[5]: Entering directory '/project/esmf/ESMF-Nightly-Testing-Izumi/intel_20.0.1_mpiuni_g_develop/esmf/src/apps/ESMF_PrintInfoC'
Making directory /project/esmf/ESMF-Nightly-Testing-Izumi/intel_20.0.1_mpiuni_g_develop/esmf/obj/objg/Linux.intel.64.mpiuni.default/src/apps/ESMF_PrintInfoC for apps output
make[5]: Leaving directory '/project/esmf/ESMF-Nightly-Testing-Izumi/intel_20.0.1_mpiuni_g_develop/esmf/src/apps/ESMF_PrintInfoC'
icc -c -std=c99 -g  -fPIC -debug minimal  -qopenmp -I/project/esmf/ESMF-Nightly-Testing-Izumi/intel_20.0.1_mpiuni_g_develop/esmf/src/apps/ESMF_PrintInfoC -I/project/esmf/ESMF-Nightly-Testing-Izumi/intel_20.0.1_mpiuni_g_develop/esmf/src/apps/ESMF_PrintInfoC/../include -I/project/esmf/ESMF-Nightly-Testing-Izumi/intel_20.0.1_mpiuni_g_develop/esmf/build_config/Linux.intel.default -I/project/esmf/ESMF-Nightly-Testing-Izumi/intel_20.0.1_mpiuni_g_develop/esmf/src/Infrastructure -I/project/esmf/ESMF-Nightly-Testing-Izumi/intel_20.0.1_mpiuni_g_develop/esmf/src/Superstructure  -I/project/esmf/ESMF-Nightly-Testing-Izumi/intel_20.0.1_mpiuni_g_develop/esmf/src/include   -DESMF_NO_INTEGER_1_BYTE -DESMF_NO_INTEGER_2_BYTE -DESMF_VERSION_STRING_GIT='"develop+g1082792c4b"' -DESMF_MPIUNI -I/project/esmf/ESMF-Nightly-Testing-Izumi/intel_20.0.1_mpiuni_g_develop/esmf/src/Infrastructure/stubs/mpiuni -DESMF_MOAB=1 -DESMF_LAPACK=1 -DESMF_LAPACK_INTERNAL=1 -DESMF_NO_ACC_SOFTWARE_STACK=1 -DESMF_PIO=1 -DESMF_NETCDF=1 -DYAML=ESMF_YAML -DESMF_YAMLCPP=1 -DESMF_NO_OPENACC -DESMF_TESTEXHAUSTIVE -DESMF_BOPT_g -DESMF_TESTPERFORMANCE -DESMF_TESTCOMPTUNNEL -DESMF_TESTWITHTHREADS -DSx86_64_small=1 -DESMF_OS_Linux=1 -DESMF_COMM=mpiuni -DESMF_DIR=/project/esmf/ESMF-Nightly-Testing-Izumi/intel_20.0.1_mpiuni_g_develop/esmf -D__SDIR__='"src/apps/ESMF_PrintInfoC"' -DESMF_CSTD=99 ESMF_PrintInfoC.c -o /project/esmf/ESMF-Nightly-Testing-Izumi/intel_20.0.1_mpiuni_g_develop/esmf/obj/objg/Linux.intel.64.mpiuni.default/src/apps/ESMF_PrintInfoC/ESMF_PrintInfoC.o
make chkdir_apps
make[5]: Entering directory '/project/esmf/ESMF-Nightly-Testing-Izumi/intel_20.0.1_mpiuni_g_develop/esmf/src/apps/ESMF_PrintInfoC'
make[5]: Leaving directory '/project/esmf/ESMF-Nightly-Testing-Izumi/intel_20.0.1_mpiuni_g_develop/esmf/src/apps/ESMF_PrintInfoC'
icc     -qopenmp -L/project/esmf/ESMF-Nightly-Testing-Izumi/intel_20.0.1_mpiuni_g_develop/esmf/DEFAULTINSTALLDIR/lib/libg/Linux.intel.64.mpiuni.default -L/usr/local/netcdf-c-4.7.4-f-4.5.2-intel-cluster-20.0.1/lib -L/usr/local/netcdf-c-4.7.4-f-4.5.2-intel-cluster-20.0.1/lib -L/usr/local/hdf5-1.12.0-intel-cluster-20.0.1/lib -L/usr/local/netcdf-c-4.7.4-f-4.5.2-intel-cluster-20.0.1/lib -L/usr/local/intel-cluster-20.0.1/compilers_and_libraries_2020.0.166/linux/compiler/lib/intel64_lin/ -L/project/esmf/ESMF-Nightly-Testing-Izumi/intel_20.0.1_mpiuni_g_develop/esmf/DEFAULTINSTALLDIR/lib/libg/Linux.intel.64.mpiuni.default -L/usr/local/netcdf-c-4.7.4-f-4.5.2-intel-cluster-20.0.1/lib -L/usr/local/netcdf-c-4.7.4-f-4.5.2-intel-cluster-20.0.1/lib -L/usr/local/hdf5-1.12.0-intel-cluster-20.0.1/lib -L/usr/local/netcdf-c-4.7.4-f-4.5.2-intel-cluster-20.0.1/lib  -Wl,-rpath,/project/esmf/ESMF-Nightly-Testing-Izumi/intel_20.0.1_mpiuni_g_develop/esmf/DEFAULTINSTALLDIR/lib/libg/Linux.intel.64.mpiuni.default -Wl,-rpath,/usr/local/netcdf-c-4.7.4-f-4.5.2-intel-cluster-20.0.1/lib -Wl,-rpath,/usr/local/netcdf-c-4.7.4-f-4.5.2-intel-cluster-20.0.1/lib -Wl,-rpath,/usr/local/hdf5-1.12.0-intel-cluster-20.0.1/lib -Wl,-rpath,/usr/local/netcdf-c-4.7.4-f-4.5.2-intel-cluster-20.0.1/lib -Wl,-rpath,/usr/local/intel-cluster-20.0.1/compilers_and_libraries_2020.0.166/linux/compiler/lib/intel64_lin/ -Wl,-rpath,/project/esmf/ESMF-Nightly-Testing-Izumi/intel_20.0.1_mpiuni_g_develop/esmf/DEFAULTINSTALLDIR/lib/libg/Linux.intel.64.mpiuni.default -Wl,-rpath,/usr/local/netcdf-c-4.7.4-f-4.5.2-intel-cluster-20.0.1/lib -Wl,-rpath,/usr/local/netcdf-c-4.7.4-f-4.5.2-intel-cluster-20.0.1/lib -Wl,-rpath,/usr/local/hdf5-1.12.0-intel-cluster-20.0.1/lib -Wl,-rpath,/usr/local/netcdf-c-4.7.4-f-4.5.2-intel-cluster-20.0.1/lib -o /project/esmf/ESMF-Nightly-Testing-Izumi/intel_20.0.1_mpiuni_g_develop/esmf/DEFAULTINSTALLDIR/bin/bing/Linux.intel.64.mpiuni.default/ESMF_PrintInfoC /project/esmf/ESMF-Nightly-Testing-Izumi/intel_20.0.1_mpiuni_g_develop/esmf/obj/objg/Linux.intel.64.mpiuni.default/src/apps/ESMF_PrintInfoC/ESMF_PrintInfoC.o -lesmf -lpioc -lnetcdf -lnetcdff -lnetcdf -lnetcdf -lm -lifport -lifcoremt -limf -lsvml -lm -lipgo -liomp5 -lintlc -lpthread -lsvml -ldl -lgcc -lgcc_s -lirc_s -ldl -lrt -ldl -lpioc -lnetcdf -lnetcdff -lnetcdf -lnetcdf -lm -lrt -ldl
make[4]: Leaving directory '/project/esmf/ESMF-Nightly-Testing-Izumi/intel_20.0.1_mpiuni_g_develop/esmf/src/apps/ESMF_PrintInfoC'
tree_build_apps in: /project/esmf/ESMF-Nightly-Testing-Izumi/intel_20.0.1_mpiuni_g_develop/esmf/src/apps/ESMF_RegridWeightGen
make[4]: Entering directory '/project/esmf/ESMF-Nightly-Testing-Izumi/intel_20.0.1_mpiuni_g_develop/esmf/src/apps/ESMF_RegridWeightGen'
make chkdir_locobj
make[5]: Entering directory '/project/esmf/ESMF-Nightly-Testing-Izumi/intel_20.0.1_mpiuni_g_develop/esmf/src/apps/ESMF_RegridWeightGen'
Making directory /project/esmf/ESMF-Nightly-Testing-Izumi/intel_20.0.1_mpiuni_g_develop/esmf/obj/objg/Linux.intel.64.mpiuni.default/src/apps/ESMF_RegridWeightGen for apps output
make[5]: Leaving directory '/project/esmf/ESMF-Nightly-Testing-Izumi/intel_20.0.1_mpiuni_g_develop/esmf/src/apps/ESMF_RegridWeightGen'
ifort -c -g -traceback -check arg_temp_created,bounds,format,output_conversion,stack  -fPIC -debug minimal -assume realloc_lhs -m64 -mcmodel=small -pthread -threads  -qopenmp -I/project/esmf/ESMF-Nightly-Testing-Izumi/intel_20.0.1_mpiuni_g_develop/esmf/src/apps/ESMF_RegridWeightGen -I/project/esmf/ESMF-Nightly-Testing-Izumi/intel_20.0.1_mpiuni_g_develop/esmf/build_config/Linux.intel.default -I/project/esmf/ESMF-Nightly-Testing-Izumi/intel_20.0.1_mpiuni_g_develop/esmf/src/Infrastructure -I/project/esmf/ESMF-Nightly-Testing-Izumi/intel_20.0.1_mpiuni_g_develop/esmf/src/Superstructure -I/project/esmf/ESMF-Nightly-Testing-Izumi/intel_20.0.1_mpiuni_g_develop/esmf/DEFAULTINSTALLDIR/mod/modg/Linux.intel.64.mpiuni.default -I/project/esmf/ESMF-Nightly-Testing-Izumi/intel_20.0.1_mpiuni_g_develop/esmf/src/include -I/usr/local/netcdf-c-4.7.4-f-4.5.2-intel-cluster-20.0.1/include -I/usr/local/netcdf-c-4.7.4-f-4.5.2-intel-cluster-20.0.1/include  -DESMF_NO_INTEGER_1_BYTE -DESMF_NO_INTEGER_2_BYTE -DESMF_VERSION_STRING_GIT='"develop+g1082792c4b"' -DESMF_MPIUNI -I/project/esmf/ESMF-Nightly-Testing-Izumi/intel_20.0.1_mpiuni_g_develop/esmf/src/Infrastructure/stubs/mpiuni -DESMF_MOAB=1 -DESMF_LAPACK=1 -DESMF_LAPACK_INTERNAL=1 -DESMF_NO_ACC_SOFTWARE_STACK=1 -DESMF_PIO=1 -DESMF_NETCDF=1 -DYAML=ESMF_YAML -DESMF_YAMLCPP=1 -DESMF_NO_OPENACC -DESMF_TESTEXHAUSTIVE -DESMF_BOPT_g -DESMF_TESTPERFORMANCE -DESMF_TESTCOMPTUNNEL -DESMF_TESTWITHTHREADS -DSx86_64_small=1 -DESMF_OS_Linux=1 -DESMF_COMM=mpiuni -DESMF_DIR=/project/esmf/ESMF-Nightly-Testing-Izumi/intel_20.0.1_mpiuni_g_develop/esmf ESMF_RegridWeightGen.F90 -o /project/esmf/ESMF-Nightly-Testing-Izumi/intel_20.0.1_mpiuni_g_develop/esmf/obj/objg/Linux.intel.64.mpiuni.default/src/apps/ESMF_RegridWeightGen/ESMF_RegridWeightGen.o
make chkdir_apps
make[5]: Entering directory '/project/esmf/ESMF-Nightly-Testing-Izumi/intel_20.0.1_mpiuni_g_develop/esmf/src/apps/ESMF_RegridWeightGen'
make[5]: Leaving directory '/project/esmf/ESMF-Nightly-Testing-Izumi/intel_20.0.1_mpiuni_g_develop/esmf/src/apps/ESMF_RegridWeightGen'
ifort    -m64 -mcmodel=small -pthread -threads -cxxlib -Wl,--no-as-needed  -qopenmp -L/project/esmf/ESMF-Nightly-Testing-Izumi/intel_20.0.1_mpiuni_g_develop/esmf/DEFAULTINSTALLDIR/lib/libg/Linux.intel.64.mpiuni.default -L/usr/local/netcdf-c-4.7.4-f-4.5.2-intel-cluster-20.0.1/lib -L/usr/local/netcdf-c-4.7.4-f-4.5.2-intel-cluster-20.0.1/lib -L/usr/local/hdf5-1.12.0-intel-cluster-20.0.1/lib -L/usr/local/netcdf-c-4.7.4-f-4.5.2-intel-cluster-20.0.1/lib  -Wl,-rpath,/project/esmf/ESMF-Nightly-Testing-Izumi/intel_20.0.1_mpiuni_g_develop/esmf/DEFAULTINSTALLDIR/lib/libg/Linux.intel.64.mpiuni.default  -Wl,-rpath,/usr/local/netcdf-c-4.7.4-f-4.5.2-intel-cluster-20.0.1/lib -Wl,-rpath,/usr/local/netcdf-c-4.7.4-f-4.5.2-intel-cluster-20.0.1/lib -Wl,-rpath,/usr/local/hdf5-1.12.0-intel-cluster-20.0.1/lib -Wl,-rpath,/usr/local/netcdf-c-4.7.4-f-4.5.2-intel-cluster-20.0.1/lib -o /project/esmf/ESMF-Nightly-Testing-Izumi/intel_20.0.1_mpiuni_g_develop/esmf/DEFAULTINSTALLDIR/bin/bing/Linux.intel.64.mpiuni.default/ESMF_RegridWeightGen /project/esmf/ESMF-Nightly-Testing-Izumi/intel_20.0.1_mpiuni_g_develop/esmf/obj/objg/Linux.intel.64.mpiuni.default/src/apps/ESMF_RegridWeightGen/ESMF_RegridWeightGen.o -lesmf -lpioc -lnetcdf -lnetcdff -lnetcdf -lnetcdf -lm -lrt -ldl
make[4]: Leaving directory '/project/esmf/ESMF-Nightly-Testing-Izumi/intel_20.0.1_mpiuni_g_develop/esmf/src/apps/ESMF_RegridWeightGen'
tree_build_apps in: /project/esmf/ESMF-Nightly-Testing-Izumi/intel_20.0.1_mpiuni_g_develop/esmf/src/apps/ESMF_WebServController
make[4]: Entering directory '/project/esmf/ESMF-Nightly-Testing-Izumi/intel_20.0.1_mpiuni_g_develop/esmf/src/apps/ESMF_WebServController'
make chkdir_locobj
make[5]: Entering directory '/project/esmf/ESMF-Nightly-Testing-Izumi/intel_20.0.1_mpiuni_g_develop/esmf/src/apps/ESMF_WebServController'
Making directory /project/esmf/ESMF-Nightly-Testing-Izumi/intel_20.0.1_mpiuni_g_develop/esmf/obj/objg/Linux.intel.64.mpiuni.default/src/apps/ESMF_WebServController for apps output
make[5]: Leaving directory '/project/esmf/ESMF-Nightly-Testing-Izumi/intel_20.0.1_mpiuni_g_develop/esmf/src/apps/ESMF_WebServController'
icpc -c -std=c++11 -g -traceback -Wcheck  -fPIC -debug minimal -m64 -mcmodel=small -pthread  -qopenmp -I/project/esmf/ESMF-Nightly-Testing-Izumi/intel_20.0.1_mpiuni_g_develop/esmf/src/apps/ESMF_WebServController -I/project/esmf/ESMF-Nightly-Testing-Izumi/intel_20.0.1_mpiuni_g_develop/esmf/src/apps/ESMF_WebServController/../include -I/project/esmf/ESMF-Nightly-Testing-Izumi/intel_20.0.1_mpiuni_g_develop/esmf/build_config/Linux.intel.default -I/project/esmf/ESMF-Nightly-Testing-Izumi/intel_20.0.1_mpiuni_g_develop/esmf/src/Infrastructure -I/project/esmf/ESMF-Nightly-Testing-Izumi/intel_20.0.1_mpiuni_g_develop/esmf/src/Superstructure -I/project/esmf/ESMF-Nightly-Testing-Izumi/intel_20.0.1_mpiuni_g_develop/esmf/src/Infrastructure/stubs/pthread  -I/project/esmf/ESMF-Nightly-Testing-Izumi/intel_20.0.1_mpiuni_g_develop/esmf/src/include  -I/usr/local/netcdf-c-4.7.4-f-4.5.2-intel-cluster-20.0.1/include -I/project/esmf/ESMF-Nightly-Testing-Izumi/intel_20.0.1_mpiuni_g_develop/esmf/src/prologue/yaml-cpp/include -DESMF_NO_INTEGER_1_BYTE -DESMF_NO_INTEGER_2_BYTE -DESMF_VERSION_STRING_GIT='"develop+g1082792c4b"' -DESMF_MPIUNI -I/project/esmf/ESMF-Nightly-Testing-Izumi/intel_20.0.1_mpiuni_g_develop/esmf/src/Infrastructure/stubs/mpiuni -DESMF_MOAB=1 -DESMF_LAPACK=1 -DESMF_LAPACK_INTERNAL=1 -DESMF_NO_ACC_SOFTWARE_STACK=1 -DESMF_PIO=1 -DESMF_NETCDF=1 -DYAML=ESMF_YAML -DESMF_YAMLCPP=1 -DESMF_NO_OPENACC -DESMF_TESTEXHAUSTIVE -DESMF_BOPT_g -DESMF_TESTPERFORMANCE -DESMF_TESTCOMPTUNNEL -DESMF_TESTWITHTHREADS -DSx86_64_small=1 -DESMF_OS_Linux=1 -DESMF_COMM=mpiuni -DESMF_DIR=/project/esmf/ESMF-Nightly-Testing-Izumi/intel_20.0.1_mpiuni_g_develop/esmf -D__SDIR__='"src/apps/ESMF_WebServController"' -DESMF_CXXSTD=11 ESMF_WebServController.C -o /project/esmf/ESMF-Nightly-Testing-Izumi/intel_20.0.1_mpiuni_g_develop/esmf/obj/objg/Linux.intel.64.mpiuni.default/src/apps/ESMF_WebServController/ESMF_WebServController.o
make chkdir_apps
make[5]: Entering directory '/project/esmf/ESMF-Nightly-Testing-Izumi/intel_20.0.1_mpiuni_g_develop/esmf/src/apps/ESMF_WebServController'
make[5]: Leaving directory '/project/esmf/ESMF-Nightly-Testing-Izumi/intel_20.0.1_mpiuni_g_develop/esmf/src/apps/ESMF_WebServController'
icpc    -m64 -mcmodel=small -pthread -Wl,--no-as-needed  -qopenmp -L/project/esmf/ESMF-Nightly-Testing-Izumi/intel_20.0.1_mpiuni_g_develop/esmf/DEFAULTINSTALLDIR/lib/libg/Linux.intel.64.mpiuni.default -L/usr/local/netcdf-c-4.7.4-f-4.5.2-intel-cluster-20.0.1/lib -L/usr/local/netcdf-c-4.7.4-f-4.5.2-intel-cluster-20.0.1/lib -L/usr/local/hdf5-1.12.0-intel-cluster-20.0.1/lib -L/usr/local/netcdf-c-4.7.4-f-4.5.2-intel-cluster-20.0.1/lib -L/usr/local/intel-cluster-20.0.1/compilers_and_libraries_2020.0.166/linux/compiler/lib/intel64_lin/ -Wl,-rpath,/project/esmf/ESMF-Nightly-Testing-Izumi/intel_20.0.1_mpiuni_g_develop/esmf/DEFAULTINSTALLDIR/lib/libg/Linux.intel.64.mpiuni.default  -Wl,-rpath,/usr/local/netcdf-c-4.7.4-f-4.5.2-intel-cluster-20.0.1/lib -Wl,-rpath,/usr/local/netcdf-c-4.7.4-f-4.5.2-intel-cluster-20.0.1/lib -Wl,-rpath,/usr/local/hdf5-1.12.0-intel-cluster-20.0.1/lib -Wl,-rpath,/usr/local/netcdf-c-4.7.4-f-4.5.2-intel-cluster-20.0.1/lib -Wl,-rpath,/usr/local/intel-cluster-20.0.1/compilers_and_libraries_2020.0.166/linux/compiler/lib/intel64_lin/ -o /project/esmf/ESMF-Nightly-Testing-Izumi/intel_20.0.1_mpiuni_g_develop/esmf/DEFAULTINSTALLDIR/bin/bing/Linux.intel.64.mpiuni.default/ESMF_WebServController /project/esmf/ESMF-Nightly-Testing-Izumi/intel_20.0.1_mpiuni_g_develop/esmf/obj/objg/Linux.intel.64.mpiuni.default/src/apps/ESMF_WebServController/ESMF_WebServController.o -lesmf -lpioc -lnetcdf -lnetcdff -lnetcdf -lnetcdf -lm -lifport -lifcoremt -limf -lsvml -lm -lipgo -liomp5 -lintlc -lpthread -lsvml -ldl -lgcc -lgcc_s -lirc_s -ldl -lrt -ldl
make[4]: Leaving directory '/project/esmf/ESMF-Nightly-Testing-Izumi/intel_20.0.1_mpiuni_g_develop/esmf/src/apps/ESMF_WebServController'
tree_build_apps in: /project/esmf/ESMF-Nightly-Testing-Izumi/intel_20.0.1_mpiuni_g_develop/esmf/src/apps/ESMF_Scrip2Unstruct
make[4]: Entering directory '/project/esmf/ESMF-Nightly-Testing-Izumi/intel_20.0.1_mpiuni_g_develop/esmf/src/apps/ESMF_Scrip2Unstruct'
make chkdir_locobj
make[5]: Entering directory '/project/esmf/ESMF-Nightly-Testing-Izumi/intel_20.0.1_mpiuni_g_develop/esmf/src/apps/ESMF_Scrip2Unstruct'
Making directory /project/esmf/ESMF-Nightly-Testing-Izumi/intel_20.0.1_mpiuni_g_develop/esmf/obj/objg/Linux.intel.64.mpiuni.default/src/apps/ESMF_Scrip2Unstruct for apps output
make[5]: Leaving directory '/project/esmf/ESMF-Nightly-Testing-Izumi/intel_20.0.1_mpiuni_g_develop/esmf/src/apps/ESMF_Scrip2Unstruct'
icpc -c -std=c++11 -g -traceback -Wcheck  -fPIC -debug minimal -m64 -mcmodel=small -pthread  -qopenmp -I/project/esmf/ESMF-Nightly-Testing-Izumi/intel_20.0.1_mpiuni_g_develop/esmf/src/apps/ESMF_Scrip2Unstruct -I/project/esmf/ESMF-Nightly-Testing-Izumi/intel_20.0.1_mpiuni_g_develop/esmf/src/apps/ESMF_Scrip2Unstruct/../include -I/project/esmf/ESMF-Nightly-Testing-Izumi/intel_20.0.1_mpiuni_g_develop/esmf/build_config/Linux.intel.default -I/project/esmf/ESMF-Nightly-Testing-Izumi/intel_20.0.1_mpiuni_g_develop/esmf/src/Infrastructure -I/project/esmf/ESMF-Nightly-Testing-Izumi/intel_20.0.1_mpiuni_g_develop/esmf/src/Superstructure -I/project/esmf/ESMF-Nightly-Testing-Izumi/intel_20.0.1_mpiuni_g_develop/esmf/src/Infrastructure/stubs/pthread  -I/project/esmf/ESMF-Nightly-Testing-Izumi/intel_20.0.1_mpiuni_g_develop/esmf/src/include  -I/usr/local/netcdf-c-4.7.4-f-4.5.2-intel-cluster-20.0.1/include -I/project/esmf/ESMF-Nightly-Testing-Izumi/intel_20.0.1_mpiuni_g_develop/esmf/src/prologue/yaml-cpp/include -DESMF_NO_INTEGER_1_BYTE -DESMF_NO_INTEGER_2_BYTE -DESMF_VERSION_STRING_GIT='"develop+g1082792c4b"' -DESMF_MPIUNI -I/project/esmf/ESMF-Nightly-Testing-Izumi/intel_20.0.1_mpiuni_g_develop/esmf/src/Infrastructure/stubs/mpiuni -DESMF_MOAB=1 -DESMF_LAPACK=1 -DESMF_LAPACK_INTERNAL=1 -DESMF_NO_ACC_SOFTWARE_STACK=1 -DESMF_PIO=1 -DESMF_NETCDF=1 -DYAML=ESMF_YAML -DESMF_YAMLCPP=1 -DESMF_NO_OPENACC -DESMF_TESTEXHAUSTIVE -DESMF_BOPT_g -DESMF_TESTPERFORMANCE -DESMF_TESTCOMPTUNNEL -DESMF_TESTWITHTHREADS -DSx86_64_small=1 -DESMF_OS_Linux=1 -DESMF_COMM=mpiuni -DESMF_DIR=/project/esmf/ESMF-Nightly-Testing-Izumi/intel_20.0.1_mpiuni_g_develop/esmf -D__SDIR__='"src/apps/ESMF_Scrip2Unstruct"' -DESMF_CXXSTD=11 ESMF_Scrip2Unstruct.C -o /project/esmf/ESMF-Nightly-Testing-Izumi/intel_20.0.1_mpiuni_g_develop/esmf/obj/objg/Linux.intel.64.mpiuni.default/src/apps/ESMF_Scrip2Unstruct/ESMF_Scrip2Unstruct.o
ESMF_Scrip2Unstruct.C(582): warning #2259: non-pointer conversion from "int" to "char" may lose significant bits
      units[i]=tolower(units[i]);
              ^

ESMF_Scrip2Unstruct.C(839): warning #2259: non-pointer conversion from "int" to "char" may lose significant bits
  	    units[i]=tolower(units[i]);
  	            ^

ESMF_Scrip2Unstruct.C(968): warning #2259: non-pointer conversion from "int" to "char" may lose significant bits
        units[i]=tolower(units[i]);
                ^

make chkdir_apps
make[5]: Entering directory '/project/esmf/ESMF-Nightly-Testing-Izumi/intel_20.0.1_mpiuni_g_develop/esmf/src/apps/ESMF_Scrip2Unstruct'
make[5]: Leaving directory '/project/esmf/ESMF-Nightly-Testing-Izumi/intel_20.0.1_mpiuni_g_develop/esmf/src/apps/ESMF_Scrip2Unstruct'
icpc    -m64 -mcmodel=small -pthread -Wl,--no-as-needed  -qopenmp -L/project/esmf/ESMF-Nightly-Testing-Izumi/intel_20.0.1_mpiuni_g_develop/esmf/DEFAULTINSTALLDIR/lib/libg/Linux.intel.64.mpiuni.default -L/usr/local/netcdf-c-4.7.4-f-4.5.2-intel-cluster-20.0.1/lib -L/usr/local/netcdf-c-4.7.4-f-4.5.2-intel-cluster-20.0.1/lib -L/usr/local/hdf5-1.12.0-intel-cluster-20.0.1/lib -L/usr/local/netcdf-c-4.7.4-f-4.5.2-intel-cluster-20.0.1/lib -L/usr/local/intel-cluster-20.0.1/compilers_and_libraries_2020.0.166/linux/compiler/lib/intel64_lin/ -Wl,-rpath,/project/esmf/ESMF-Nightly-Testing-Izumi/intel_20.0.1_mpiuni_g_develop/esmf/DEFAULTINSTALLDIR/lib/libg/Linux.intel.64.mpiuni.default  -Wl,-rpath,/usr/local/netcdf-c-4.7.4-f-4.5.2-intel-cluster-20.0.1/lib -Wl,-rpath,/usr/local/netcdf-c-4.7.4-f-4.5.2-intel-cluster-20.0.1/lib -Wl,-rpath,/usr/local/hdf5-1.12.0-intel-cluster-20.0.1/lib -Wl,-rpath,/usr/local/netcdf-c-4.7.4-f-4.5.2-intel-cluster-20.0.1/lib -Wl,-rpath,/usr/local/intel-cluster-20.0.1/compilers_and_libraries_2020.0.166/linux/compiler/lib/intel64_lin/ -o /project/esmf/ESMF-Nightly-Testing-Izumi/intel_20.0.1_mpiuni_g_develop/esmf/DEFAULTINSTALLDIR/bin/bing/Linux.intel.64.mpiuni.default/ESMF_Scrip2Unstruct /project/esmf/ESMF-Nightly-Testing-Izumi/intel_20.0.1_mpiuni_g_develop/esmf/obj/objg/Linux.intel.64.mpiuni.default/src/apps/ESMF_Scrip2Unstruct/ESMF_Scrip2Unstruct.o -lesmf -lpioc -lnetcdf -lnetcdff -lnetcdf -lnetcdf -lm -lifport -lifcoremt -limf -lsvml -lm -lipgo -liomp5 -lintlc -lpthread -lsvml -ldl -lgcc -lgcc_s -lirc_s -ldl -lrt -ldl
make[4]: Leaving directory '/project/esmf/ESMF-Nightly-Testing-Izumi/intel_20.0.1_mpiuni_g_develop/esmf/src/apps/ESMF_Scrip2Unstruct'
tree_build_apps in: /project/esmf/ESMF-Nightly-Testing-Izumi/intel_20.0.1_mpiuni_g_develop/esmf/src/apps/ESMF_Regrid
make[4]: Entering directory '/project/esmf/ESMF-Nightly-Testing-Izumi/intel_20.0.1_mpiuni_g_develop/esmf/src/apps/ESMF_Regrid'
make chkdir_locobj
make[5]: Entering directory '/project/esmf/ESMF-Nightly-Testing-Izumi/intel_20.0.1_mpiuni_g_develop/esmf/src/apps/ESMF_Regrid'
Making directory /project/esmf/ESMF-Nightly-Testing-Izumi/intel_20.0.1_mpiuni_g_develop/esmf/obj/objg/Linux.intel.64.mpiuni.default/src/apps/ESMF_Regrid for apps output
make[5]: Leaving directory '/project/esmf/ESMF-Nightly-Testing-Izumi/intel_20.0.1_mpiuni_g_develop/esmf/src/apps/ESMF_Regrid'
ifort -c -g -traceback -check arg_temp_created,bounds,format,output_conversion,stack  -fPIC -debug minimal -assume realloc_lhs -m64 -mcmodel=small -pthread -threads  -qopenmp -I/project/esmf/ESMF-Nightly-Testing-Izumi/intel_20.0.1_mpiuni_g_develop/esmf/src/apps/ESMF_Regrid -I/project/esmf/ESMF-Nightly-Testing-Izumi/intel_20.0.1_mpiuni_g_develop/esmf/build_config/Linux.intel.default -I/project/esmf/ESMF-Nightly-Testing-Izumi/intel_20.0.1_mpiuni_g_develop/esmf/src/Infrastructure -I/project/esmf/ESMF-Nightly-Testing-Izumi/intel_20.0.1_mpiuni_g_develop/esmf/src/Superstructure -I/project/esmf/ESMF-Nightly-Testing-Izumi/intel_20.0.1_mpiuni_g_develop/esmf/DEFAULTINSTALLDIR/mod/modg/Linux.intel.64.mpiuni.default -I/project/esmf/ESMF-Nightly-Testing-Izumi/intel_20.0.1_mpiuni_g_develop/esmf/src/include -I/usr/local/netcdf-c-4.7.4-f-4.5.2-intel-cluster-20.0.1/include -I/usr/local/netcdf-c-4.7.4-f-4.5.2-intel-cluster-20.0.1/include  -DESMF_NO_INTEGER_1_BYTE -DESMF_NO_INTEGER_2_BYTE -DESMF_VERSION_STRING_GIT='"develop+g1082792c4b"' -DESMF_MPIUNI -I/project/esmf/ESMF-Nightly-Testing-Izumi/intel_20.0.1_mpiuni_g_develop/esmf/src/Infrastructure/stubs/mpiuni -DESMF_MOAB=1 -DESMF_LAPACK=1 -DESMF_LAPACK_INTERNAL=1 -DESMF_NO_ACC_SOFTWARE_STACK=1 -DESMF_PIO=1 -DESMF_NETCDF=1 -DYAML=ESMF_YAML -DESMF_YAMLCPP=1 -DESMF_NO_OPENACC -DESMF_TESTEXHAUSTIVE -DESMF_BOPT_g -DESMF_TESTPERFORMANCE -DESMF_TESTCOMPTUNNEL -DESMF_TESTWITHTHREADS -DSx86_64_small=1 -DESMF_OS_Linux=1 -DESMF_COMM=mpiuni -DESMF_DIR=/project/esmf/ESMF-Nightly-Testing-Izumi/intel_20.0.1_mpiuni_g_develop/esmf ESMF_Regrid.F90 -o /project/esmf/ESMF-Nightly-Testing-Izumi/intel_20.0.1_mpiuni_g_develop/esmf/obj/objg/Linux.intel.64.mpiuni.default/src/apps/ESMF_Regrid/ESMF_Regrid.o
make chkdir_apps
make[5]: Entering directory '/project/esmf/ESMF-Nightly-Testing-Izumi/intel_20.0.1_mpiuni_g_develop/esmf/src/apps/ESMF_Regrid'
make[5]: Leaving directory '/project/esmf/ESMF-Nightly-Testing-Izumi/intel_20.0.1_mpiuni_g_develop/esmf/src/apps/ESMF_Regrid'
ifort    -m64 -mcmodel=small -pthread -threads -cxxlib -Wl,--no-as-needed  -qopenmp -L/project/esmf/ESMF-Nightly-Testing-Izumi/intel_20.0.1_mpiuni_g_develop/esmf/DEFAULTINSTALLDIR/lib/libg/Linux.intel.64.mpiuni.default -L/usr/local/netcdf-c-4.7.4-f-4.5.2-intel-cluster-20.0.1/lib -L/usr/local/netcdf-c-4.7.4-f-4.5.2-intel-cluster-20.0.1/lib -L/usr/local/hdf5-1.12.0-intel-cluster-20.0.1/lib -L/usr/local/netcdf-c-4.7.4-f-4.5.2-intel-cluster-20.0.1/lib  -Wl,-rpath,/project/esmf/ESMF-Nightly-Testing-Izumi/intel_20.0.1_mpiuni_g_develop/esmf/DEFAULTINSTALLDIR/lib/libg/Linux.intel.64.mpiuni.default  -Wl,-rpath,/usr/local/netcdf-c-4.7.4-f-4.5.2-intel-cluster-20.0.1/lib -Wl,-rpath,/usr/local/netcdf-c-4.7.4-f-4.5.2-intel-cluster-20.0.1/lib -Wl,-rpath,/usr/local/hdf5-1.12.0-intel-cluster-20.0.1/lib -Wl,-rpath,/usr/local/netcdf-c-4.7.4-f-4.5.2-intel-cluster-20.0.1/lib -o /project/esmf/ESMF-Nightly-Testing-Izumi/intel_20.0.1_mpiuni_g_develop/esmf/DEFAULTINSTALLDIR/bin/bing/Linux.intel.64.mpiuni.default/ESMF_Regrid /project/esmf/ESMF-Nightly-Testing-Izumi/intel_20.0.1_mpiuni_g_develop/esmf/obj/objg/Linux.intel.64.mpiuni.default/src/apps/ESMF_Regrid/ESMF_Regrid.o -lesmf -lpioc -lnetcdf -lnetcdff -lnetcdf -lnetcdf -lm -lrt -ldl
make[4]: Leaving directory '/project/esmf/ESMF-Nightly-Testing-Izumi/intel_20.0.1_mpiuni_g_develop/esmf/src/apps/ESMF_Regrid'
tree_build_apps in: /project/esmf/ESMF-Nightly-Testing-Izumi/intel_20.0.1_mpiuni_g_develop/esmf/src/apps/ESMX_Builder
make[4]: Entering directory '/project/esmf/ESMF-Nightly-Testing-Izumi/intel_20.0.1_mpiuni_g_develop/esmf/src/apps/ESMX_Builder'
make chkdir_apps
make[5]: Entering directory '/project/esmf/ESMF-Nightly-Testing-Izumi/intel_20.0.1_mpiuni_g_develop/esmf/src/apps/ESMX_Builder'
make[5]: Leaving directory '/project/esmf/ESMF-Nightly-Testing-Izumi/intel_20.0.1_mpiuni_g_develop/esmf/src/apps/ESMX_Builder'
cp -f ESMX_Builder.sh /project/esmf/ESMF-Nightly-Testing-Izumi/intel_20.0.1_mpiuni_g_develop/esmf/DEFAULTINSTALLDIR/bin/bing/Linux.intel.64.mpiuni.default/ESMX_Builder
make[4]: Leaving directory '/project/esmf/ESMF-Nightly-Testing-Izumi/intel_20.0.1_mpiuni_g_develop/esmf/src/apps/ESMX_Builder'
make[3]: Leaving directory '/project/esmf/ESMF-Nightly-Testing-Izumi/intel_20.0.1_mpiuni_g_develop/esmf/src/apps'
ESMF apps built successfully.
make[2]: Leaving directory '/project/esmf/ESMF-Nightly-Testing-Izumi/intel_20.0.1_mpiuni_g_develop/esmf'
make[1]: Leaving directory '/project/esmf/ESMF-Nightly-Testing-Izumi/intel_20.0.1_mpiuni_g_develop/esmf'
mkdir -p /project/esmf/ESMF-Nightly-Testing-Izumi/intel_20.0.1_mpiuni_g_develop/esmf/DEFAULTINSTALLDIR/doc
make install_info_mk
make[1]: Entering directory '/project/esmf/ESMF-Nightly-Testing-Izumi/intel_20.0.1_mpiuni_g_develop/esmf'
make info_mk ESMF_APPSDIR=/project/esmf/ESMF-Nightly-Testing-Izumi/intel_20.0.1_mpiuni_g_develop/esmf/DEFAULTINSTALLDIR/bin/bing/Linux.intel.64.mpiuni.default ESMF_LDIR=/project/esmf/ESMF-Nightly-Testing-Izumi/intel_20.0.1_mpiuni_g_develop/esmf/DEFAULTINSTALLDIR/lib/libg/Linux.intel.64.mpiuni.default ESMF_LIBDIR=/project/esmf/ESMF-Nightly-Testing-Izumi/intel_20.0.1_mpiuni_g_develop/esmf/DEFAULTINSTALLDIR/lib/libg/Linux.intel.64.mpiuni.default ESMF_ESMXDIR=/project/esmf/ESMF-Nightly-Testing-Izumi/intel_20.0.1_mpiuni_g_develop/esmf/DEFAULTINSTALLDIR/include/ESMX ESMF_CMAKEDIR=/project/esmf/ESMF-Nightly-Testing-Izumi/intel_20.0.1_mpiuni_g_develop/esmf/DEFAULTINSTALLDIR/cmake ESMF_MODDIR=/project/esmf/ESMF-Nightly-Testing-Izumi/intel_20.0.1_mpiuni_g_develop/esmf/DEFAULTINSTALLDIR/mod/modg/Linux.intel.64.mpiuni.default ESMF_INCDIR=/project/esmf/ESMF-Nightly-Testing-Izumi/intel_20.0.1_mpiuni_g_develop/esmf/DEFAULTINSTALLDIR/include
make[2]: Entering directory '/project/esmf/ESMF-Nightly-Testing-Izumi/intel_20.0.1_mpiuni_g_develop/esmf'
make[2]: Leaving directory '/project/esmf/ESMF-Nightly-Testing-Izumi/intel_20.0.1_mpiuni_g_develop/esmf'
make[1]: Leaving directory '/project/esmf/ESMF-Nightly-Testing-Izumi/intel_20.0.1_mpiuni_g_develop/esmf'
/project/esmf/ESMF-Nightly-Testing-Izumi/intel_20.0.1_mpiuni_g_develop/esmf/cmake/generate_config.py --esmfmkfile=/project/esmf/ESMF-Nightly-Testing-Izumi/intel_20.0.1_mpiuni_g_develop/esmf/DEFAULTINSTALLDIR/lib/libg/Linux.intel.64.mpiuni.default/esmf.mk --template=/project/esmf/ESMF-Nightly-Testing-Izumi/intel_20.0.1_mpiuni_g_develop/esmf/cmake/ESMFConfig.cmake.in --outputdir=/project/esmf/ESMF-Nightly-Testing-Izumi/intel_20.0.1_mpiuni_g_develop/esmf/DEFAULTINSTALLDIR/lib/libg/Linux.intel.64.mpiuni.default/cmake/ESMF
Successfully generated config: /project/esmf/ESMF-Nightly-Testing-Izumi/intel_20.0.1_mpiuni_g_develop/esmf/DEFAULTINSTALLDIR/lib/libg/Linux.intel.64.mpiuni.default/cmake/ESMF/ESMFConfig.cmake (MPI: FALSE, Imported Target: libesmf.so)
Successfully generated version handler: /project/esmf/ESMF-Nightly-Testing-Izumi/intel_20.0.1_mpiuni_g_develop/esmf/DEFAULTINSTALLDIR/lib/libg/Linux.intel.64.mpiuni.default/cmake/ESMF/ESMFConfigVersion.cmake
 
ESMF installation complete.
 
