2026-08-27 07:31:27
ABC: Model Advance at:  2012 10 24  8  0  0   0
ABC: Export Fields
ABC:                                    FIELD     COUNT      MEAN       MIN       MAX OKAY
ABC:                  sea_surface_temperature      5000  0.27E+03  0.27E+03  0.27E+03    T
ABC:       sea_surface_height_above_sea_level      5000  0.50E-17 -0.64E+00  0.64E+00    T
DEF: Model Advance at:  2012 10 24  8  0  0   0
DEF: Import Fields
DEF:                                    FIELD     COUNT      MEAN       MIN       MAX OKAY
DEF:                  sea_surface_temperature     20000  0.27E+03  0.27E+03  0.27E+03    T
DEF:       sea_surface_height_above_sea_level         0  0.00E+00  0.34E+39 -0.34E+39    T
ABC: Model Advance at:  2012 10 24  8 15  0   0
ABC: Export Fields
ABC:                                    FIELD     COUNT      MEAN       MIN       MAX OKAY
ABC:                  sea_surface_temperature      5000  0.27E+03  0.27E+03  0.27E+03    T
ABC:       sea_surface_height_above_sea_level      5000 -0.36E-17 -0.13E+01  0.13E+01    T
DEF: Model Advance at:  2012 10 24  8 15  0   0
DEF: Import Fields
DEF:                                    FIELD     COUNT      MEAN       MIN       MAX OKAY
DEF:                  sea_surface_temperature     20000  0.27E+03  0.27E+03  0.27E+03    T
DEF:       sea_surface_height_above_sea_level     20000 -0.28E-08 -0.64E+00  0.64E+00    T
ABC: Model Advance at:  2012 10 24  8 30  0   0
ABC: Export Fields
ABC:                                    FIELD     COUNT      MEAN       MIN       MAX OKAY
ABC:                  sea_surface_temperature      5000  0.27E+03  0.27E+03  0.27E+03    T
ABC:       sea_surface_height_above_sea_level      5000  0.79E-16 -0.19E+01  0.19E+01    T
DEF: Model Advance at:  2012 10 24  8 30  0   0
DEF: Import Fields
DEF:                                    FIELD     COUNT      MEAN       MIN       MAX OKAY
DEF:                  sea_surface_temperature     20000  0.27E+03  0.27E+03  0.27E+03    T
DEF:       sea_surface_height_above_sea_level     20000 -0.16E-07 -0.13E+01  0.13E+01    T
ABC: Model Advance at:  2012 10 24  8 45  0   0
ABC: Export Fields
ABC:                                    FIELD     COUNT      MEAN       MIN       MAX OKAY
ABC:                  sea_surface_temperature      5000  0.27E+03  0.27E+03  0.27E+03    T
ABC:       sea_surface_height_above_sea_level      5000  0.57E-16 -0.25E+01  0.25E+01    T
DEF: Model Advance at:  2012 10 24  8 45  0   0
DEF: Import Fields
DEF:                                    FIELD     COUNT      MEAN       MIN       MAX OKAY
DEF:                  sea_surface_temperature     20000  0.27E+03  0.27E+03  0.27E+03    T
DEF:       sea_surface_height_above_sea_level     20000  0.48E-07 -0.19E+01  0.19E+01    T
ABC: Model Advance at:  2012 10 24  9  0  0   0
ABC: Export Fields
ABC:                                    FIELD     COUNT      MEAN       MIN       MAX OKAY
ABC:                  sea_surface_temperature      5000  0.27E+03  0.26E+03  0.28E+03    T
ABC:       sea_surface_height_above_sea_level      5000 -0.21E-16 -0.30E+01  0.30E+01    T
DEF: Model Advance at:  2012 10 24  9  0  0   0
DEF: Import Fields
DEF:                                    FIELD     COUNT      MEAN       MIN       MAX OKAY
DEF:                  sea_surface_temperature     20000  0.27E+03  0.27E+03  0.27E+03    T
DEF:       sea_surface_height_above_sea_level     20000  0.14E-07 -0.25E+01  0.25E+01    T
ABC: Model Advance at:  2012 10 24  9 15  0   0
ABC: Export Fields
ABC:                                    FIELD     COUNT      MEAN       MIN       MAX OKAY
ABC:                  sea_surface_temperature      5000  0.27E+03  0.26E+03  0.28E+03    T
ABC:       sea_surface_height_above_sea_level      5000  0.14E-15 -0.35E+01  0.35E+01    T
DEF: Model Advance at:  2012 10 24  9 15  0   0
DEF: Import Fields
DEF:                                    FIELD     COUNT      MEAN       MIN       MAX OKAY
DEF:                  sea_surface_temperature     20000  0.27E+03  0.26E+03  0.28E+03    F
DEF:       sea_surface_height_above_sea_level     20000 -0.63E-07 -0.30E+01  0.30E+01    T
ABC: Model Advance at:  2012 10 24  9 30  0   0
ABC: Export Fields
ABC:                                    FIELD     COUNT      MEAN       MIN       MAX OKAY
ABC:                  sea_surface_temperature      5000  0.27E+03  0.26E+03  0.28E+03    T
ABC:       sea_surface_height_above_sea_level      5000 -0.64E-16 -0.39E+01  0.39E+01    T
DEF: Model Advance at:  2012 10 24  9 30  0   0
DEF: Import Fields
DEF:                                    FIELD     COUNT      MEAN       MIN       MAX OKAY
DEF:                  sea_surface_temperature     20000  0.27E+03  0.26E+03  0.28E+03    F
DEF:       sea_surface_height_above_sea_level     20000  0.89E-07 -0.35E+01  0.35E+01    T
ABC: Model Advance at:  2012 10 24  9 45  0   0
ABC: Export Fields
ABC:                                    FIELD     COUNT      MEAN       MIN       MAX OKAY
ABC:                  sea_surface_temperature      5000  0.27E+03  0.26E+03  0.28E+03    T
ABC:       sea_surface_height_above_sea_level      5000  0.00E+00 -0.43E+01  0.43E+01    T
DEF: Model Advance at:  2012 10 24  9 45  0   0
DEF: Import Fields
DEF:                                    FIELD     COUNT      MEAN       MIN       MAX OKAY
DEF:                  sea_surface_temperature     20000  0.27E+03  0.26E+03  0.28E+03    F
DEF:       sea_surface_height_above_sea_level     20000  0.12E-07 -0.39E+01  0.39E+01    T
ABC: Model Advance at:  2012 10 24 10  0  0   0
ABC: Export Fields
ABC:                                    FIELD     COUNT      MEAN       MIN       MAX OKAY
ABC:                  sea_surface_temperature      5000  0.27E+03  0.26E+03  0.28E+03    T
ABC:       sea_surface_height_above_sea_level      5000  0.57E-17 -0.46E+01  0.46E+01    T
DEF: Model Advance at:  2012 10 24 10  0  0   0
DEF: Import Fields
DEF:                                    FIELD     COUNT      MEAN       MIN       MAX OKAY
DEF:                  sea_surface_temperature     20000  0.27E+03  0.26E+03  0.28E+03    F
DEF:       sea_surface_height_above_sea_level     20000 -0.11E-06 -0.43E+01  0.43E+01    T
ABC: Model Advance at:  2012 10 24 10 15  0   0
ABC: Export Fields
ABC:                                    FIELD     COUNT      MEAN       MIN       MAX OKAY
ABC:                  sea_surface_temperature      5000  0.27E+03  0.26E+03  0.28E+03    T
ABC:       sea_surface_height_above_sea_level      5000  0.15E-15 -0.48E+01  0.48E+01    T
DEF: Model Advance at:  2012 10 24 10 15  0   0
DEF: Import Fields
DEF:                                    FIELD     COUNT      MEAN       MIN       MAX OKAY
DEF:                  sea_surface_temperature     20000  0.27E+03  0.26E+03  0.28E+03    F
DEF:       sea_surface_height_above_sea_level     20000 -0.11E-06 -0.46E+01  0.46E+01    T
ABC: Model Advance at:  2012 10 24 10 30  0   0
ABC: Export Fields
ABC:                                    FIELD     COUNT      MEAN       MIN       MAX OKAY
ABC:                  sea_surface_temperature      5000  0.27E+03  0.26E+03  0.28E+03    T
ABC:       sea_surface_height_above_sea_level      5000  0.65E-16 -0.49E+01  0.49E+01    T
DEF: Model Advance at:  2012 10 24 10 30  0   0
DEF: Import Fields
DEF:                                    FIELD     COUNT      MEAN       MIN       MAX OKAY
DEF:                  sea_surface_temperature     20000  0.27E+03  0.26E+03  0.28E+03    F
DEF:       sea_surface_height_above_sea_level     20000 -0.13E-07 -0.48E+01  0.48E+01    T
ABC: Model Advance at:  2012 10 24 10 45  0   0
ABC: Export Fields
ABC:                                    FIELD     COUNT      MEAN       MIN       MAX OKAY
ABC:                  sea_surface_temperature      5000  0.27E+03  0.26E+03  0.28E+03    T
ABC:       sea_surface_height_above_sea_level      5000  0.65E-16 -0.50E+01  0.50E+01    T
DEF: Model Advance at:  2012 10 24 10 45  0   0
DEF: Import Fields
DEF:                                    FIELD     COUNT      MEAN       MIN       MAX OKAY
DEF:                  sea_surface_temperature     20000  0.27E+03  0.26E+03  0.28E+03    F
DEF:       sea_surface_height_above_sea_level     20000  0.11E-06 -0.49E+01  0.49E+01    T
ABC: Model Advance at:  2012 10 24 11  0  0   0
ABC: Export Fields
ABC:                                    FIELD     COUNT      MEAN       MIN       MAX OKAY
ABC:                  sea_surface_temperature      5000  0.27E+03  0.26E+03  0.28E+03    T
ABC:       sea_surface_height_above_sea_level      5000  0.45E-16 -0.50E+01  0.50E+01    T
DEF: Model Advance at:  2012 10 24 11  0  0   0
DEF: Import Fields
DEF:                                    FIELD     COUNT      MEAN       MIN       MAX OKAY
DEF:                  sea_surface_temperature     20000  0.27E+03  0.26E+03  0.28E+03    F
DEF:       sea_surface_height_above_sea_level     20000 -0.35E-07 -0.50E+01  0.50E+01    T
ABC: Model Advance at:  2012 10 24 11 15  0   0
ABC: Export Fields
ABC:                                    FIELD     COUNT      MEAN       MIN       MAX OKAY
ABC:                  sea_surface_temperature      5000  0.27E+03  0.26E+03  0.28E+03    T
ABC:       sea_surface_height_above_sea_level      5000 -0.34E-16 -0.50E+01  0.50E+01    T
DEF: Model Advance at:  2012 10 24 11 15  0   0
DEF: Import Fields
DEF:                                    FIELD     COUNT      MEAN       MIN       MAX OKAY
DEF:                  sea_surface_temperature     20000  0.27E+03  0.26E+03  0.28E+03    F
DEF:       sea_surface_height_above_sea_level     20000 -0.85E-07 -0.50E+01  0.50E+01    T
ABC: Model Advance at:  2012 10 24 11 30  0   0
ABC: Export Fields
ABC:                                    FIELD     COUNT      MEAN       MIN       MAX OKAY
ABC:                  sea_surface_temperature      5000  0.27E+03  0.26E+03  0.28E+03    T
ABC:       sea_surface_height_above_sea_level      5000 -0.68E-16 -0.50E+01  0.50E+01    T
DEF: Model Advance at:  2012 10 24 11 30  0   0
DEF: Import Fields
DEF:                                    FIELD     COUNT      MEAN       MIN       MAX OKAY
DEF:                  sea_surface_temperature     20000  0.27E+03  0.26E+03  0.28E+03    F
DEF:       sea_surface_height_above_sea_level     20000 -0.25E-07 -0.50E+01  0.50E+01    T
ABC: Model Advance at:  2012 10 24 11 45  0   0
ABC: Export Fields
ABC:                                    FIELD     COUNT      MEAN       MIN       MAX OKAY
ABC:                  sea_surface_temperature      5000  0.27E+03  0.26E+03  0.28E+03    T
ABC:       sea_surface_height_above_sea_level      5000  0.37E-16 -0.50E+01  0.50E+01    T
DEF: Model Advance at:  2012 10 24 11 45  0   0
DEF: Import Fields
DEF:                                    FIELD     COUNT      MEAN       MIN       MAX OKAY
DEF:                  sea_surface_temperature     20000  0.27E+03  0.26E+03  0.28E+03    F
DEF:       sea_surface_height_above_sea_level     20000 -0.11E-06 -0.50E+01  0.50E+01    T
ABC: Model Advance at:  2012 10 24 12  0  0   0
ABC: Export Fields
ABC:                                    FIELD     COUNT      MEAN       MIN       MAX OKAY
ABC:                  sea_surface_temperature      5000  0.27E+03  0.26E+03  0.28E+03    T
ABC:       sea_surface_height_above_sea_level      5000  0.68E-16 -0.50E+01  0.50E+01    T
DEF: Model Advance at:  2012 10 24 12  0  0   0
DEF: Import Fields
DEF:                                    FIELD     COUNT      MEAN       MIN       MAX OKAY
DEF:                  sea_surface_temperature     20000  0.27E+03  0.26E+03  0.28E+03    F
DEF:       sea_surface_height_above_sea_level     20000  0.52E-07 -0.50E+01  0.50E+01    T
ABC: Model Advance at:  2012 10 24 12 15  0   0
ABC: Export Fields
ABC:                                    FIELD     COUNT      MEAN       MIN       MAX OKAY
ABC:                  sea_surface_temperature      5000  0.27E+03  0.26E+03  0.28E+03    T
ABC:       sea_surface_height_above_sea_level      5000 -0.54E-16 -0.50E+01  0.50E+01    T
DEF: Model Advance at:  2012 10 24 12 15  0   0
DEF: Import Fields
DEF:                                    FIELD     COUNT      MEAN       MIN       MAX OKAY
DEF:                  sea_surface_temperature     20000  0.27E+03  0.26E+03  0.28E+03    F
DEF:       sea_surface_height_above_sea_level     20000 -0.85E-07 -0.50E+01  0.50E+01    T
ABC: Model Advance at:  2012 10 24 12 30  0   0
ABC: Export Fields
ABC:                                    FIELD     COUNT      MEAN       MIN       MAX OKAY
ABC:                  sea_surface_temperature      5000  0.27E+03  0.26E+03  0.28E+03    T
ABC:       sea_surface_height_above_sea_level      5000 -0.13E-15 -0.50E+01  0.50E+01    T
DEF: Model Advance at:  2012 10 24 12 30  0   0
DEF: Import Fields
DEF:                                    FIELD     COUNT      MEAN       MIN       MAX OKAY
DEF:                  sea_surface_temperature     20000  0.27E+03  0.26E+03  0.28E+03    F
DEF:       sea_surface_height_above_sea_level     20000 -0.92E-07 -0.50E+01  0.50E+01    T
ABC: Model Advance at:  2012 10 24 12 45  0   0
ABC: Export Fields
ABC:                                    FIELD     COUNT      MEAN       MIN       MAX OKAY
ABC:                  sea_surface_temperature      5000  0.27E+03  0.26E+03  0.28E+03    T
ABC:       sea_surface_height_above_sea_level      5000  0.23E-16 -0.50E+01  0.50E+01    T
DEF: Model Advance at:  2012 10 24 12 45  0   0
DEF: Import Fields
DEF:                                    FIELD     COUNT      MEAN       MIN       MAX OKAY
DEF:                  sea_surface_temperature     20000  0.27E+03  0.26E+03  0.28E+03    F
DEF:       sea_surface_height_above_sea_level     20000 -0.56E-07 -0.50E+01  0.50E+01    T
ABC: Model Advance at:  2012 10 24 13  0  0   0
ABC: Export Fields
ABC:                                    FIELD     COUNT      MEAN       MIN       MAX OKAY
ABC:                  sea_surface_temperature      5000  0.27E+03  0.26E+03  0.28E+03    T
ABC:       sea_surface_height_above_sea_level      5000  0.65E-16 -0.50E+01  0.50E+01    T
DEF: Model Advance at:  2012 10 24 13  0  0   0
DEF: Import Fields
DEF:                                    FIELD     COUNT      MEAN       MIN       MAX OKAY
DEF:                  sea_surface_temperature     20000  0.27E+03  0.26E+03  0.28E+03    F
DEF:       sea_surface_height_above_sea_level     20000  0.11E-06 -0.50E+01  0.50E+01    T
ABC: Model Advance at:  2012 10 24 13 15  0   0
ABC: Export Fields
ABC:                                    FIELD     COUNT      MEAN       MIN       MAX OKAY
ABC:                  sea_surface_temperature      5000  0.27E+03  0.26E+03  0.28E+03    T
ABC:       sea_surface_height_above_sea_level      5000 -0.91E-16 -0.50E+01  0.50E+01    T
DEF: Model Advance at:  2012 10 24 13 15  0   0
DEF: Import Fields
DEF:                                    FIELD     COUNT      MEAN       MIN       MAX OKAY
DEF:                  sea_surface_temperature     20000  0.27E+03  0.26E+03  0.28E+03    F
DEF:       sea_surface_height_above_sea_level     20000  0.11E-06 -0.50E+01  0.50E+01    T
ABC: Model Advance at:  2012 10 24 13 30  0   0
ABC: Export Fields
ABC:                                    FIELD     COUNT      MEAN       MIN       MAX OKAY
ABC:                  sea_surface_temperature      5000  0.27E+03  0.26E+03  0.28E+03    T
ABC:       sea_surface_height_above_sea_level      5000  0.60E-16 -0.50E+01  0.50E+01    T
DEF: Model Advance at:  2012 10 24 13 30  0   0
DEF: Import Fields
DEF:                                    FIELD     COUNT      MEAN       MIN       MAX OKAY
DEF:                  sea_surface_temperature     20000  0.27E+03  0.26E+03  0.28E+03    F
DEF:       sea_surface_height_above_sea_level     20000 -0.37E-07 -0.50E+01  0.50E+01    T
ABC: Model Advance at:  2012 10 24 13 45  0   0
ABC: Export Fields
ABC:                                    FIELD     COUNT      MEAN       MIN       MAX OKAY
ABC:                  sea_surface_temperature      5000  0.27E+03  0.26E+03  0.28E+03    T
ABC:       sea_surface_height_above_sea_level      5000  0.14E-16 -0.50E+01  0.50E+01    T
DEF: Model Advance at:  2012 10 24 13 45  0   0
DEF: Import Fields
DEF:                                    FIELD     COUNT      MEAN       MIN       MAX OKAY
DEF:                  sea_surface_temperature     20000  0.27E+03  0.26E+03  0.28E+03    F
DEF:       sea_surface_height_above_sea_level     20000  0.25E-06 -0.50E+01  0.50E+01    T
ABC: Model Advance at:  2012 10 24 14  0  0   0
ABC: Export Fields
ABC:                                    FIELD     COUNT      MEAN       MIN       MAX OKAY
ABC:                  sea_surface_temperature      5000  0.27E+03  0.26E+03  0.28E+03    T
ABC:       sea_surface_height_above_sea_level      5000  0.45E-16 -0.50E+01  0.50E+01    T
DEF: Model Advance at:  2012 10 24 14  0  0   0
DEF: Import Fields
DEF:                                    FIELD     COUNT      MEAN       MIN       MAX OKAY
DEF:                  sea_surface_temperature     20000  0.27E+03  0.26E+03  0.28E+03    F
DEF:       sea_surface_height_above_sea_level     20000  0.00E+00 -0.50E+01  0.50E+01    T
ABC: Model Advance at:  2012 10 24 14 15  0   0
ABC: Export Fields
ABC:                                    FIELD     COUNT      MEAN       MIN       MAX OKAY
ABC:                  sea_surface_temperature      5000  0.27E+03  0.26E+03  0.28E+03    T
ABC:       sea_surface_height_above_sea_level      5000 -0.68E-16 -0.50E+01  0.50E+01    T
DEF: Model Advance at:  2012 10 24 14 15  0   0
DEF: Import Fields
DEF:                                    FIELD     COUNT      MEAN       MIN       MAX OKAY
DEF:                  sea_surface_temperature     20000  0.27E+03  0.26E+03  0.28E+03    F
DEF:       sea_surface_height_above_sea_level     20000 -0.69E-07 -0.50E+01  0.50E+01    T
ABC: Model Advance at:  2012 10 24 14 30  0   0
ABC: Export Fields
ABC:                                    FIELD     COUNT      MEAN       MIN       MAX OKAY
ABC:                  sea_surface_temperature      5000  0.27E+03  0.26E+03  0.28E+03    T
ABC:       sea_surface_height_above_sea_level      5000 -0.11E-15 -0.50E+01  0.50E+01    T
DEF: Model Advance at:  2012 10 24 14 30  0   0
DEF: Import Fields
DEF:                                    FIELD     COUNT      MEAN       MIN       MAX OKAY
DEF:                  sea_surface_temperature     20000  0.27E+03  0.26E+03  0.28E+03    F
DEF:       sea_surface_height_above_sea_level     20000  0.55E-07 -0.50E+01  0.50E+01    T
ABC: Model Advance at:  2012 10 24 14 45  0   0
ABC: Export Fields
ABC:                                    FIELD     COUNT      MEAN       MIN       MAX OKAY
ABC:                  sea_surface_temperature      5000  0.27E+03  0.26E+03  0.28E+03    T
ABC:       sea_surface_height_above_sea_level      5000 -0.17E-16 -0.50E+01  0.50E+01    T
DEF: Model Advance at:  2012 10 24 14 45  0   0
DEF: Import Fields
DEF:                                    FIELD     COUNT      MEAN       MIN       MAX OKAY
DEF:                  sea_surface_temperature     20000  0.27E+03  0.26E+03  0.28E+03    F
DEF:       sea_surface_height_above_sea_level     20000  0.46E-07 -0.50E+01  0.50E+01    T
ABC: Model Advance at:  2012 10 24 15  0  0   0
ABC: Export Fields
ABC:                                    FIELD     COUNT      MEAN       MIN       MAX OKAY
ABC:                  sea_surface_temperature      5000  0.27E+03  0.26E+03  0.28E+03    T
ABC:       sea_surface_height_above_sea_level      5000  0.60E-16 -0.50E+01  0.50E+01    T
DEF: Model Advance at:  2012 10 24 15  0  0   0
DEF: Import Fields
DEF:                                    FIELD     COUNT      MEAN       MIN       MAX OKAY
DEF:                  sea_surface_temperature     20000  0.27E+03  0.26E+03  0.28E+03    F
DEF:       sea_surface_height_above_sea_level     20000  0.92E-08 -0.50E+01  0.50E+01    T
ABC: Model Advance at:  2012 10 24 15 15  0   0
ABC: Export Fields
ABC:                                    FIELD     COUNT      MEAN       MIN       MAX OKAY
ABC:                  sea_surface_temperature      5000  0.27E+03  0.26E+03  0.28E+03    T
ABC:       sea_surface_height_above_sea_level      5000 -0.53E-16 -0.50E+01  0.50E+01    T
DEF: Model Advance at:  2012 10 24 15 15  0   0
DEF: Import Fields
DEF:                                    FIELD     COUNT      MEAN       MIN       MAX OKAY
DEF:                  sea_surface_temperature     20000  0.27E+03  0.26E+03  0.28E+03    F
DEF:       sea_surface_height_above_sea_level     20000 -0.42E-07 -0.50E+01  0.50E+01    T
ABC: Model Advance at:  2012 10 24 15 30  0   0
ABC: Export Fields
ABC:                                    FIELD     COUNT      MEAN       MIN       MAX OKAY
ABC:                  sea_surface_temperature      5000  0.27E+03  0.26E+03  0.28E+03    T
ABC:       sea_surface_height_above_sea_level      5000 -0.14E-16 -0.50E+01  0.50E+01    T
DEF: Model Advance at:  2012 10 24 15 30  0   0
DEF: Import Fields
DEF:                                    FIELD     COUNT      MEAN       MIN       MAX OKAY
DEF:                  sea_surface_temperature     20000  0.27E+03  0.26E+03  0.28E+03    F
DEF:       sea_surface_height_above_sea_level     20000  0.82E-07 -0.50E+01  0.50E+01    T
ABC: Model Advance at:  2012 10 24 15 45  0   0
ABC: Export Fields
ABC:                                    FIELD     COUNT      MEAN       MIN       MAX OKAY
ABC:                  sea_surface_temperature      5000  0.27E+03  0.26E+03  0.28E+03    T
ABC:       sea_surface_height_above_sea_level      5000  0.11E-16 -0.50E+01  0.50E+01    T
DEF: Model Advance at:  2012 10 24 15 45  0   0
DEF: Import Fields
DEF:                                    FIELD     COUNT      MEAN       MIN       MAX OKAY
DEF:                  sea_surface_temperature     20000  0.27E+03  0.26E+03  0.28E+03    F
DEF:       sea_surface_height_above_sea_level     20000  0.77E-07 -0.50E+01  0.50E+01    T
ABC: Model Advance at:  2012 10 24 16  0  0   0
ABC: Export Fields
ABC:                                    FIELD     COUNT      MEAN       MIN       MAX OKAY
ABC:                  sea_surface_temperature      5000  0.27E+03  0.26E+03  0.28E+03    T
ABC:       sea_surface_height_above_sea_level      5000 -0.21E-16 -0.50E+01  0.50E+01    T
DEF: Model Advance at:  2012 10 24 16  0  0   0
DEF: Import Fields
DEF:                                    FIELD     COUNT      MEAN       MIN       MAX OKAY
DEF:                  sea_surface_temperature     20000  0.27E+03  0.26E+03  0.28E+03    F
DEF:       sea_surface_height_above_sea_level     20000 -0.11E-06 -0.50E+01  0.50E+01    T
ABC: Model Advance at:  2012 10 24 16 15  0   0
ABC: Export Fields
ABC:                                    FIELD     COUNT      MEAN       MIN       MAX OKAY
ABC:                  sea_surface_temperature      5000  0.27E+03  0.26E+03  0.28E+03    T
ABC:       sea_surface_height_above_sea_level      5000  0.99E-16 -0.50E+01  0.50E+01    T
DEF: Model Advance at:  2012 10 24 16 15  0   0
DEF: Import Fields
DEF:                                    FIELD     COUNT      MEAN       MIN       MAX OKAY
DEF:                  sea_surface_temperature     20000  0.27E+03  0.26E+03  0.28E+03    F
DEF:       sea_surface_height_above_sea_level     20000 -0.12E-06 -0.50E+01  0.50E+01    T
ABC: Model Advance at:  2012 10 24 16 30  0   0
ABC: Export Fields
ABC:                                    FIELD     COUNT      MEAN       MIN       MAX OKAY
ABC:                  sea_surface_temperature      5000  0.27E+03  0.26E+03  0.28E+03    T
ABC:       sea_surface_height_above_sea_level      5000 -0.91E-16 -0.50E+01  0.50E+01    T
DEF: Model Advance at:  2012 10 24 16 30  0   0
DEF: Import Fields
DEF:                                    FIELD     COUNT      MEAN       MIN       MAX OKAY
DEF:                  sea_surface_temperature     20000  0.27E+03  0.26E+03  0.28E+03    F
DEF:       sea_surface_height_above_sea_level     20000 -0.46E-07 -0.50E+01  0.50E+01    T
ABC: Model Advance at:  2012 10 24 16 45  0   0
ABC: Export Fields
ABC:                                    FIELD     COUNT      MEAN       MIN       MAX OKAY
ABC:                  sea_surface_temperature      5000  0.27E+03  0.26E+03  0.28E+03    T
ABC:       sea_surface_height_above_sea_level      5000 -0.98E-16 -0.50E+01  0.50E+01    T
DEF: Model Advance at:  2012 10 24 16 45  0   0
DEF: Import Fields
DEF:                                    FIELD     COUNT      MEAN       MIN       MAX OKAY
DEF:                  sea_surface_temperature     20000  0.27E+03  0.26E+03  0.28E+03    F
DEF:       sea_surface_height_above_sea_level     20000 -0.59E-07 -0.50E+01  0.50E+01    T
ABC: Model Advance at:  2012 10 24 17  0  0   0
ABC: Export Fields
ABC:                                    FIELD     COUNT      MEAN       MIN       MAX OKAY
ABC:                  sea_surface_temperature      5000  0.27E+03  0.26E+03  0.28E+03    T
ABC:       sea_surface_height_above_sea_level      5000  0.97E-16 -0.50E+01  0.50E+01    T
DEF: Model Advance at:  2012 10 24 17  0  0   0
DEF: Import Fields
DEF:                                    FIELD     COUNT      MEAN       MIN       MAX OKAY
DEF:                  sea_surface_temperature     20000  0.27E+03  0.26E+03  0.28E+03    F
DEF:       sea_surface_height_above_sea_level     20000 -0.61E-07 -0.50E+01  0.50E+01    T
ABC: Model Advance at:  2012 10 24 17 15  0   0
ABC: Export Fields
ABC:                                    FIELD     COUNT      MEAN       MIN       MAX OKAY
ABC:                  sea_surface_temperature      5000  0.27E+03  0.26E+03  0.28E+03    T
ABC:       sea_surface_height_above_sea_level      5000  0.23E-15 -0.50E+01  0.50E+01    T
DEF: Model Advance at:  2012 10 24 17 15  0   0
DEF: Import Fields
DEF:                                    FIELD     COUNT      MEAN       MIN       MAX OKAY
DEF:                  sea_surface_temperature     20000  0.27E+03  0.26E+03  0.28E+03    F
DEF:       sea_surface_height_above_sea_level     20000 -0.17E-06 -0.50E+01  0.50E+01    T
ABC: Model Advance at:  2012 10 24 17 30  0   0
ABC: Export Fields
ABC:                                    FIELD     COUNT      MEAN       MIN       MAX OKAY
ABC:                  sea_surface_temperature      5000  0.27E+03  0.26E+03  0.28E+03    T
ABC:       sea_surface_height_above_sea_level      5000  0.85E-17 -0.50E+01  0.50E+01    T
DEF: Model Advance at:  2012 10 24 17 30  0   0
DEF: Import Fields
DEF:                                    FIELD     COUNT      MEAN       MIN       MAX OKAY
DEF:                  sea_surface_temperature     20000  0.27E+03  0.26E+03  0.28E+03    F
DEF:       sea_surface_height_above_sea_level     20000  0.19E-07 -0.50E+01  0.50E+01    T
ABC: Model Advance at:  2012 10 24 17 45  0   0
ABC: Export Fields
ABC:                                    FIELD     COUNT      MEAN       MIN       MAX OKAY
ABC:                  sea_surface_temperature      5000  0.27E+03  0.26E+03  0.28E+03    T
ABC:       sea_surface_height_above_sea_level      5000  0.16E-16 -0.50E+01  0.50E+01    T
DEF: Model Advance at:  2012 10 24 17 45  0   0
DEF: Import Fields
DEF:                                    FIELD     COUNT      MEAN       MIN       MAX OKAY
DEF:                  sea_surface_temperature     20000  0.27E+03  0.26E+03  0.28E+03    F
DEF:       sea_surface_height_above_sea_level     20000 -0.84E-07 -0.50E+01  0.50E+01    T
ABC: Model Advance at:  2012 10 24 18  0  0   0
ABC: Export Fields
ABC:                                    FIELD     COUNT      MEAN       MIN       MAX OKAY
ABC:                  sea_surface_temperature      5000  0.27E+03  0.26E+03  0.28E+03    T
ABC:       sea_surface_height_above_sea_level      5000 -0.34E-16 -0.50E+01  0.50E+01    T
DEF: Model Advance at:  2012 10 24 18  0  0   0
DEF: Import Fields
DEF:                                    FIELD     COUNT      MEAN       MIN       MAX OKAY
DEF:                  sea_surface_temperature     20000  0.27E+03  0.26E+03  0.28E+03    F
DEF:       sea_surface_height_above_sea_level     20000  0.13E-07 -0.50E+01  0.50E+01    T
ABC: Model Advance at:  2012 10 24 18 15  0   0
ABC: Export Fields
ABC:                                    FIELD     COUNT      MEAN       MIN       MAX OKAY
ABC:                  sea_surface_temperature      5000  0.27E+03  0.26E+03  0.28E+03    T
ABC:       sea_surface_height_above_sea_level      5000  0.90E-16 -0.50E+01  0.50E+01    T
DEF: Model Advance at:  2012 10 24 18 15  0   0
DEF: Import Fields
DEF:                                    FIELD     COUNT      MEAN       MIN       MAX OKAY
DEF:                  sea_surface_temperature     20000  0.27E+03  0.26E+03  0.28E+03    F
DEF:       sea_surface_height_above_sea_level     20000 -0.71E-07 -0.50E+01  0.50E+01    T
ABC: Model Advance at:  2012 10 24 18 30  0   0
ABC: Export Fields
ABC:                                    FIELD     COUNT      MEAN       MIN       MAX OKAY
ABC:                  sea_surface_temperature      5000  0.27E+03  0.26E+03  0.28E+03    T
ABC:       sea_surface_height_above_sea_level      5000  0.11E-15 -0.50E+01  0.50E+01    T
DEF: Model Advance at:  2012 10 24 18 30  0   0
DEF: Import Fields
DEF:                                    FIELD     COUNT      MEAN       MIN       MAX OKAY
DEF:                  sea_surface_temperature     20000  0.27E+03  0.26E+03  0.28E+03    F
DEF:       sea_surface_height_above_sea_level     20000  0.41E-07 -0.50E+01  0.50E+01    T
ABC: Model Advance at:  2012 10 24 18 45  0   0
ABC: Export Fields
ABC:                                    FIELD     COUNT      MEAN       MIN       MAX OKAY
ABC:                  sea_surface_temperature      5000  0.27E+03  0.26E+03  0.28E+03    T
ABC:       sea_surface_height_above_sea_level      5000  0.19E-15 -0.50E+01  0.50E+01    T
DEF: Model Advance at:  2012 10 24 18 45  0   0
DEF: Import Fields
DEF:                                    FIELD     COUNT      MEAN       MIN       MAX OKAY
DEF:                  sea_surface_temperature     20000  0.27E+03  0.26E+03  0.28E+03    F
DEF:       sea_surface_height_above_sea_level     20000  0.53E-07 -0.50E+01  0.50E+01    T
ABC: Model Advance at:  2012 10 24 19  0  0   0
ABC: Export Fields
ABC:                                    FIELD     COUNT      MEAN       MIN       MAX OKAY
ABC:                  sea_surface_temperature      5000  0.27E+03  0.26E+03  0.28E+03    T
ABC:       sea_surface_height_above_sea_level      5000 -0.11E-15 -0.50E+01  0.50E+01    T
DEF: Model Advance at:  2012 10 24 19  0  0   0
DEF: Import Fields
DEF:                                    FIELD     COUNT      MEAN       MIN       MAX OKAY
DEF:                  sea_surface_temperature     20000  0.27E+03  0.26E+03  0.28E+03    F
DEF:       sea_surface_height_above_sea_level     20000 -0.90E-07 -0.50E+01  0.50E+01    T
ABC: Model Advance at:  2012 10 24 19 15  0   0
ABC: Export Fields
ABC:                                    FIELD     COUNT      MEAN       MIN       MAX OKAY
ABC:                  sea_surface_temperature      5000  0.27E+03  0.26E+03  0.28E+03    T
ABC:       sea_surface_height_above_sea_level      5000 -0.25E-15 -0.50E+01  0.50E+01    T
DEF: Model Advance at:  2012 10 24 19 15  0   0
DEF: Import Fields
DEF:                                    FIELD     COUNT      MEAN       MIN       MAX OKAY
DEF:                  sea_surface_temperature     20000  0.27E+03  0.26E+03  0.28E+03    F
DEF:       sea_surface_height_above_sea_level     20000 -0.13E-06 -0.50E+01  0.50E+01    T
ABC: Model Advance at:  2012 10 24 19 30  0   0
ABC: Export Fields
ABC:                                    FIELD     COUNT      MEAN       MIN       MAX OKAY
ABC:                  sea_surface_temperature      5000  0.27E+03  0.26E+03  0.28E+03    T
ABC:       sea_surface_height_above_sea_level      5000  0.38E-16 -0.50E+01  0.50E+01    T
DEF: Model Advance at:  2012 10 24 19 30  0   0
DEF: Import Fields
DEF:                                    FIELD     COUNT      MEAN       MIN       MAX OKAY
DEF:                  sea_surface_temperature     20000  0.27E+03  0.26E+03  0.28E+03    F
DEF:       sea_surface_height_above_sea_level     20000 -0.59E-07 -0.50E+01  0.50E+01    T
ABC: Model Advance at:  2012 10 24 19 45  0   0
ABC: Export Fields
ABC:                                    FIELD     COUNT      MEAN       MIN       MAX OKAY
ABC:                  sea_surface_temperature      5000  0.27E+03  0.26E+03  0.28E+03    T
ABC:       sea_surface_height_above_sea_level      5000 -0.50E-16 -0.50E+01  0.50E+01    T
DEF: Model Advance at:  2012 10 24 19 45  0   0
DEF: Import Fields
DEF:                                    FIELD     COUNT      MEAN       MIN       MAX OKAY
DEF:                  sea_surface_temperature     20000  0.27E+03  0.26E+03  0.28E+03    F
DEF:       sea_surface_height_above_sea_level     20000  0.97E-07 -0.50E+01  0.50E+01    T
ABC: Model Advance at:  2012 10 24 20  0  0   0
ABC: Export Fields
ABC:                                    FIELD     COUNT      MEAN       MIN       MAX OKAY
ABC:                  sea_surface_temperature      5000  0.27E+03  0.26E+03  0.28E+03    T
ABC:       sea_surface_height_above_sea_level      5000  0.18E-15 -0.50E+01  0.50E+01    T
DEF: Model Advance at:  2012 10 24 20  0  0   0
DEF: Import Fields
DEF:                                    FIELD     COUNT      MEAN       MIN       MAX OKAY
DEF:                  sea_surface_temperature     20000  0.27E+03  0.26E+03  0.28E+03    F
DEF:       sea_surface_height_above_sea_level     20000  0.00E+00 -0.50E+01  0.50E+01    T
ABC: Model Advance at:  2012 10 24 20 15  0   0
ABC: Export Fields
ABC:                                    FIELD     COUNT      MEAN       MIN       MAX OKAY
ABC:                  sea_surface_temperature      5000  0.27E+03  0.26E+03  0.28E+03    T
ABC:       sea_surface_height_above_sea_level      5000  0.11E-15 -0.50E+01  0.50E+01    T
DEF: Model Advance at:  2012 10 24 20 15  0   0
DEF: Import Fields
DEF:                                    FIELD     COUNT      MEAN       MIN       MAX OKAY
DEF:                  sea_surface_temperature     20000  0.27E+03  0.26E+03  0.28E+03    F
DEF:       sea_surface_height_above_sea_level     20000 -0.52E-07 -0.50E+01  0.50E+01    T
ABC: Model Advance at:  2012 10 24 20 30  0   0
ABC: Export Fields
ABC:                                    FIELD     COUNT      MEAN       MIN       MAX OKAY
ABC:                  sea_surface_temperature      5000  0.27E+03  0.26E+03  0.28E+03    T
ABC:       sea_surface_height_above_sea_level      5000  0.81E-16 -0.50E+01  0.50E+01    T
DEF: Model Advance at:  2012 10 24 20 30  0   0
DEF: Import Fields
DEF:                                    FIELD     COUNT      MEAN       MIN       MAX OKAY
DEF:                  sea_surface_temperature     20000  0.27E+03  0.26E+03  0.28E+03    F
DEF:       sea_surface_height_above_sea_level     20000 -0.29E-07 -0.50E+01  0.50E+01    T
ABC: Model Advance at:  2012 10 24 20 45  0   0
ABC: Export Fields
ABC:                                    FIELD     COUNT      MEAN       MIN       MAX OKAY
ABC:                  sea_surface_temperature      5000  0.27E+03  0.26E+03  0.28E+03    T
ABC:       sea_surface_height_above_sea_level      5000 -0.12E-15 -0.50E+01  0.50E+01    T
DEF: Model Advance at:  2012 10 24 20 45  0   0
DEF: Import Fields
DEF:                                    FIELD     COUNT      MEAN       MIN       MAX OKAY
DEF:                  sea_surface_temperature     20000  0.27E+03  0.26E+03  0.28E+03    F
DEF:       sea_surface_height_above_sea_level     20000 -0.20E-06 -0.50E+01  0.50E+01    T
ABC: Model Advance at:  2012 10 24 21  0  0   0
ABC: Export Fields
ABC:                                    FIELD     COUNT      MEAN       MIN       MAX OKAY
ABC:                  sea_surface_temperature      5000  0.27E+03  0.26E+03  0.28E+03    T
ABC:       sea_surface_height_above_sea_level      5000  0.26E-15 -0.50E+01  0.50E+01    T
DEF: Model Advance at:  2012 10 24 21  0  0   0
DEF: Import Fields
DEF:                                    FIELD     COUNT      MEAN       MIN       MAX OKAY
DEF:                  sea_surface_temperature     20000  0.27E+03  0.26E+03  0.28E+03    F
DEF:       sea_surface_height_above_sea_level     20000 -0.13E-06 -0.50E+01  0.50E+01    T
ABC: Model Advance at:  2012 10 24 21 15  0   0
ABC: Export Fields
ABC:                                    FIELD     COUNT      MEAN       MIN       MAX OKAY
ABC:                  sea_surface_temperature      5000  0.27E+03  0.26E+03  0.28E+03    T
ABC:       sea_surface_height_above_sea_level      5000  0.14E-15 -0.50E+01  0.50E+01    T
DEF: Model Advance at:  2012 10 24 21 15  0   0
DEF: Import Fields
DEF:                                    FIELD     COUNT      MEAN       MIN       MAX OKAY
DEF:                  sea_surface_temperature     20000  0.27E+03  0.26E+03  0.28E+03    F
DEF:       sea_surface_height_above_sea_level     20000  0.69E-07 -0.50E+01  0.50E+01    T
ABC: Model Advance at:  2012 10 24 21 30  0   0
ABC: Export Fields
ABC:                                    FIELD     COUNT      MEAN       MIN       MAX OKAY
ABC:                  sea_surface_temperature      5000  0.27E+03  0.26E+03  0.28E+03    T
ABC:       sea_surface_height_above_sea_level      5000  0.43E-16 -0.50E+01  0.50E+01    T
DEF: Model Advance at:  2012 10 24 21 30  0   0
DEF: Import Fields
DEF:                                    FIELD     COUNT      MEAN       MIN       MAX OKAY
DEF:                  sea_surface_temperature     20000  0.27E+03  0.26E+03  0.28E+03    F
DEF:       sea_surface_height_above_sea_level     20000  0.12E-06 -0.50E+01  0.50E+01    T
ABC: Model Advance at:  2012 10 24 21 45  0   0
ABC: Export Fields
ABC:                                    FIELD     COUNT      MEAN       MIN       MAX OKAY
ABC:                  sea_surface_temperature      5000  0.27E+03  0.26E+03  0.28E+03    T
ABC:       sea_surface_height_above_sea_level      5000  0.14E-15 -0.50E+01  0.50E+01    T
DEF: Model Advance at:  2012 10 24 21 45  0   0
DEF: Import Fields
DEF:                                    FIELD     COUNT      MEAN       MIN       MAX OKAY
DEF:                  sea_surface_temperature     20000  0.27E+03  0.26E+03  0.28E+03    F
DEF:       sea_surface_height_above_sea_level     20000 -0.11E-06 -0.50E+01  0.50E+01    T
ABC: Model Advance at:  2012 10 24 22  0  0   0
ABC: Export Fields
ABC:                                    FIELD     COUNT      MEAN       MIN       MAX OKAY
ABC:                  sea_surface_temperature      5000  0.27E+03  0.26E+03  0.28E+03    T
ABC:       sea_surface_height_above_sea_level      5000  0.81E-16 -0.50E+01  0.50E+01    T
DEF: Model Advance at:  2012 10 24 22  0  0   0
DEF: Import Fields
DEF:                                    FIELD     COUNT      MEAN       MIN       MAX OKAY
DEF:                  sea_surface_temperature     20000  0.27E+03  0.26E+03  0.28E+03    F
DEF:       sea_surface_height_above_sea_level     20000  0.11E-06 -0.50E+01  0.50E+01    T
ABC: Model Advance at:  2012 10 24 22 15  0   0
ABC: Export Fields
ABC:                                    FIELD     COUNT      MEAN       MIN       MAX OKAY
ABC:                  sea_surface_temperature      5000  0.27E+03  0.26E+03  0.28E+03    T
ABC:       sea_surface_height_above_sea_level      5000  0.86E-16 -0.50E+01  0.50E+01    T
DEF: Model Advance at:  2012 10 24 22 15  0   0
DEF: Import Fields
DEF:                                    FIELD     COUNT      MEAN       MIN       MAX OKAY
DEF:                  sea_surface_temperature     20000  0.27E+03  0.26E+03  0.28E+03    F
DEF:       sea_surface_height_above_sea_level     20000 -0.15E-06 -0.50E+01  0.50E+01    T
ABC: Model Advance at:  2012 10 24 22 30  0   0
ABC: Export Fields
ABC:                                    FIELD     COUNT      MEAN       MIN       MAX OKAY
ABC:                  sea_surface_temperature      5000  0.27E+03  0.26E+03  0.28E+03    T
ABC:       sea_surface_height_above_sea_level      5000  0.36E-17 -0.50E+01  0.50E+01    T
DEF: Model Advance at:  2012 10 24 22 30  0   0
DEF: Import Fields
DEF:                                    FIELD     COUNT      MEAN       MIN       MAX OKAY
DEF:                  sea_surface_temperature     20000  0.27E+03  0.26E+03  0.28E+03    F
DEF:       sea_surface_height_above_sea_level     20000 -0.38E-07 -0.50E+01  0.50E+01    T
ABC: Model Advance at:  2012 10 24 22 45  0   0
ABC: Export Fields
ABC:                                    FIELD     COUNT      MEAN       MIN       MAX OKAY
ABC:                  sea_surface_temperature      5000  0.27E+03  0.26E+03  0.28E+03    T
ABC:       sea_surface_height_above_sea_level      5000  0.17E-16 -0.50E+01  0.50E+01    T
DEF: Model Advance at:  2012 10 24 22 45  0   0
DEF: Import Fields
DEF:                                    FIELD     COUNT      MEAN       MIN       MAX OKAY
DEF:                  sea_surface_temperature     20000  0.27E+03  0.26E+03  0.28E+03    F
DEF:       sea_surface_height_above_sea_level     20000  0.16E-07 -0.50E+01  0.50E+01    T
ABC: Model Advance at:  2012 10 24 23  0  0   0
ABC: Export Fields
ABC:                                    FIELD     COUNT      MEAN       MIN       MAX OKAY
ABC:                  sea_surface_temperature      5000  0.27E+03  0.26E+03  0.28E+03    T
ABC:       sea_surface_height_above_sea_level      5000 -0.45E-16 -0.50E+01  0.50E+01    T
DEF: Model Advance at:  2012 10 24 23  0  0   0
DEF: Import Fields
DEF:                                    FIELD     COUNT      MEAN       MIN       MAX OKAY
DEF:                  sea_surface_temperature     20000  0.27E+03  0.26E+03  0.28E+03    F
DEF:       sea_surface_height_above_sea_level     20000  0.44E-07 -0.50E+01  0.50E+01    T
ABC: Model Advance at:  2012 10 24 23 15  0   0
ABC: Export Fields
ABC:                                    FIELD     COUNT      MEAN       MIN       MAX OKAY
ABC:                  sea_surface_temperature      5000  0.27E+03  0.26E+03  0.28E+03    T
ABC:       sea_surface_height_above_sea_level      5000 -0.16E-16 -0.50E+01  0.50E+01    T
DEF: Model Advance at:  2012 10 24 23 15  0   0
DEF: Import Fields
DEF:                                    FIELD     COUNT      MEAN       MIN       MAX OKAY
DEF:                  sea_surface_temperature     20000  0.27E+03  0.26E+03  0.28E+03    F
DEF:       sea_surface_height_above_sea_level     20000 -0.15E-06 -0.50E+01  0.50E+01    T
ABC: Model Advance at:  2012 10 24 23 30  0   0
ABC: Export Fields
ABC:                                    FIELD     COUNT      MEAN       MIN       MAX OKAY
ABC:                  sea_surface_temperature      5000  0.27E+03  0.26E+03  0.28E+03    T
ABC:       sea_surface_height_above_sea_level      5000 -0.44E-16 -0.50E+01  0.50E+01    T
DEF: Model Advance at:  2012 10 24 23 30  0   0
DEF: Import Fields
DEF:                                    FIELD     COUNT      MEAN       MIN       MAX OKAY
DEF:                  sea_surface_temperature     20000  0.27E+03  0.26E+03  0.28E+03    F
DEF:       sea_surface_height_above_sea_level     20000 -0.25E-07 -0.50E+01  0.50E+01    T
ABC: Model Advance at:  2012 10 24 23 45  0   0
ABC: Export Fields
ABC:                                    FIELD     COUNT      MEAN       MIN       MAX OKAY
ABC:                  sea_surface_temperature      5000  0.27E+03  0.26E+03  0.28E+03    T
ABC:       sea_surface_height_above_sea_level      5000 -0.13E-16 -0.50E+01  0.50E+01    T
DEF: Model Advance at:  2012 10 24 23 45  0   0
DEF: Import Fields
DEF:                                    FIELD     COUNT      MEAN       MIN       MAX OKAY
DEF:                  sea_surface_temperature     20000  0.27E+03  0.26E+03  0.28E+03    F
DEF:       sea_surface_height_above_sea_level     20000  0.16E-07 -0.50E+01  0.50E+01    T
ABC: Model Advance at:  2012 10 25  0  0  0   0
ABC: Export Fields
ABC:                                    FIELD     COUNT      MEAN       MIN       MAX OKAY
ABC:                  sea_surface_temperature      5000  0.27E+03  0.26E+03  0.28E+03    T
ABC:       sea_surface_height_above_sea_level      5000  0.29E-16 -0.50E+01  0.50E+01    T
DEF: Model Advance at:  2012 10 25  0  0  0   0
DEF: Import Fields
DEF:                                    FIELD     COUNT      MEAN       MIN       MAX OKAY
DEF:                  sea_surface_temperature     20000  0.27E+03  0.26E+03  0.28E+03    F
DEF:       sea_surface_height_above_sea_level     20000 -0.55E-07 -0.50E+01  0.50E+01    T
ABC: Model Advance at:  2012 10 25  0 15  0   0
ABC: Export Fields
ABC:                                    FIELD     COUNT      MEAN       MIN       MAX OKAY
ABC:                  sea_surface_temperature      5000  0.27E+03  0.26E+03  0.28E+03    T
ABC:       sea_surface_height_above_sea_level      5000 -0.99E-17 -0.50E+01  0.50E+01    T
DEF: Model Advance at:  2012 10 25  0 15  0   0
DEF: Import Fields
DEF:                                    FIELD     COUNT      MEAN       MIN       MAX OKAY
DEF:                  sea_surface_temperature     20000  0.27E+03  0.26E+03  0.28E+03    F
DEF:       sea_surface_height_above_sea_level     20000 -0.80E-07 -0.50E+01  0.50E+01    T
ABC: Model Advance at:  2012 10 25  0 30  0   0
ABC: Export Fields
ABC:                                    FIELD     COUNT      MEAN       MIN       MAX OKAY
ABC:                  sea_surface_temperature      5000  0.27E+03  0.26E+03  0.28E+03    T
ABC:       sea_surface_height_above_sea_level      5000  0.29E-16 -0.50E+01  0.50E+01    T
DEF: Model Advance at:  2012 10 25  0 30  0   0
DEF: Import Fields
DEF:                                    FIELD     COUNT      MEAN       MIN       MAX OKAY
DEF:                  sea_surface_temperature     20000  0.27E+03  0.26E+03  0.28E+03    F
DEF:       sea_surface_height_above_sea_level     20000  0.20E-07 -0.50E+01  0.50E+01    T
ABC: Model Advance at:  2012 10 25  0 45  0   0
ABC: Export Fields
ABC:                                    FIELD     COUNT      MEAN       MIN       MAX OKAY
ABC:                  sea_surface_temperature      5000  0.27E+03  0.26E+03  0.28E+03    T
ABC:       sea_surface_height_above_sea_level      5000  0.48E-16 -0.50E+01  0.50E+01    T
DEF: Model Advance at:  2012 10 25  0 45  0   0
DEF: Import Fields
DEF:                                    FIELD     COUNT      MEAN       MIN       MAX OKAY
DEF:                  sea_surface_temperature     20000  0.27E+03  0.26E+03  0.28E+03    F
DEF:       sea_surface_height_above_sea_level     20000  0.44E-07 -0.50E+01  0.50E+01    T
ABC: Model Advance at:  2012 10 25  1  0  0   0
ABC: Export Fields
ABC:                                    FIELD     COUNT      MEAN       MIN       MAX OKAY
ABC:                  sea_surface_temperature      5000  0.27E+03  0.26E+03  0.28E+03    T
ABC:       sea_surface_height_above_sea_level      5000  0.73E-16 -0.50E+01  0.50E+01    T
DEF: Model Advance at:  2012 10 25  1  0  0   0
DEF: Import Fields
DEF:                                    FIELD     COUNT      MEAN       MIN       MAX OKAY
DEF:                  sea_surface_temperature     20000  0.27E+03  0.26E+03  0.28E+03    F
DEF:       sea_surface_height_above_sea_level     20000 -0.65E-08 -0.50E+01  0.50E+01    T
ABC: Model Advance at:  2012 10 25  1 15  0   0
ABC: Export Fields
ABC:                                    FIELD     COUNT      MEAN       MIN       MAX OKAY
ABC:                  sea_surface_temperature      5000  0.27E+03  0.26E+03  0.28E+03    T
ABC:       sea_surface_height_above_sea_level      5000  0.71E-17 -0.50E+01  0.50E+01    T
DEF: Model Advance at:  2012 10 25  1 15  0   0
DEF: Import Fields
DEF:                                    FIELD     COUNT      MEAN       MIN       MAX OKAY
DEF:                  sea_surface_temperature     20000  0.27E+03  0.26E+03  0.28E+03    F
DEF:       sea_surface_height_above_sea_level     20000  0.36E-07 -0.50E+01  0.50E+01    T
ABC: Model Advance at:  2012 10 25  1 30  0   0
ABC: Export Fields
ABC:                                    FIELD     COUNT      MEAN       MIN       MAX OKAY
ABC:                  sea_surface_temperature      5000  0.27E+03  0.26E+03  0.28E+03    T
ABC:       sea_surface_height_above_sea_level      5000  0.15E-16 -0.50E+01  0.50E+01    T
DEF: Model Advance at:  2012 10 25  1 30  0   0
DEF: Import Fields
DEF:                                    FIELD     COUNT      MEAN       MIN       MAX OKAY
DEF:                  sea_surface_temperature     20000  0.27E+03  0.26E+03  0.28E+03    F
DEF:       sea_surface_height_above_sea_level     20000  0.95E-07 -0.50E+01  0.50E+01    T
ABC: Model Advance at:  2012 10 25  1 45  0   0
ABC: Export Fields
ABC:                                    FIELD     COUNT      MEAN       MIN       MAX OKAY
ABC:                  sea_surface_temperature      5000  0.27E+03  0.26E+03  0.28E+03    T
ABC:       sea_surface_height_above_sea_level      5000  0.82E-16 -0.50E+01  0.50E+01    T
DEF: Model Advance at:  2012 10 25  1 45  0   0
DEF: Import Fields
DEF:                                    FIELD     COUNT      MEAN       MIN       MAX OKAY
DEF:                  sea_surface_temperature     20000  0.27E+03  0.26E+03  0.28E+03    F
DEF:       sea_surface_height_above_sea_level     20000 -0.23E-08 -0.50E+01  0.50E+01    T
ABC: Model Advance at:  2012 10 25  2  0  0   0
ABC: Export Fields
ABC:                                    FIELD     COUNT      MEAN       MIN       MAX OKAY
ABC:                  sea_surface_temperature      5000  0.27E+03  0.26E+03  0.28E+03    T
ABC:       sea_surface_height_above_sea_level      5000 -0.65E-16 -0.50E+01  0.50E+01    T
DEF: Model Advance at:  2012 10 25  2  0  0   0
DEF: Import Fields
DEF:                                    FIELD     COUNT      MEAN       MIN       MAX OKAY
DEF:                  sea_surface_temperature     20000  0.27E+03  0.26E+03  0.28E+03    F
DEF:       sea_surface_height_above_sea_level     20000  0.00E+00 -0.50E+01  0.50E+01    T
ABC: Model Advance at:  2012 10 25  2 15  0   0
ABC: Export Fields
ABC:                                    FIELD     COUNT      MEAN       MIN       MAX OKAY
ABC:                  sea_surface_temperature      5000  0.27E+03  0.26E+03  0.28E+03    T
ABC:       sea_surface_height_above_sea_level      5000 -0.24E-16 -0.50E+01  0.50E+01    T
DEF: Model Advance at:  2012 10 25  2 15  0   0
DEF: Import Fields
DEF:                                    FIELD     COUNT      MEAN       MIN       MAX OKAY
DEF:                  sea_surface_temperature     20000  0.27E+03  0.26E+03  0.28E+03    F
DEF:       sea_surface_height_above_sea_level     20000 -0.30E-07 -0.50E+01  0.50E+01    T
ABC: Model Advance at:  2012 10 25  2 30  0   0
ABC: Export Fields
ABC:                                    FIELD     COUNT      MEAN       MIN       MAX OKAY
ABC:                  sea_surface_temperature      5000  0.27E+03  0.26E+03  0.28E+03    T
ABC:       sea_surface_height_above_sea_level      5000  0.23E-16 -0.50E+01  0.50E+01    T
DEF: Model Advance at:  2012 10 25  2 30  0   0
DEF: Import Fields
DEF:                                    FIELD     COUNT      MEAN       MIN       MAX OKAY
DEF:                  sea_surface_temperature     20000  0.27E+03  0.26E+03  0.28E+03    F
DEF:       sea_surface_height_above_sea_level     20000 -0.60E-07 -0.50E+01  0.50E+01    T
ABC: Model Advance at:  2012 10 25  2 45  0   0
ABC: Export Fields
ABC:                                    FIELD     COUNT      MEAN       MIN       MAX OKAY
ABC:                  sea_surface_temperature      5000  0.27E+03  0.26E+03  0.28E+03    T
ABC:       sea_surface_height_above_sea_level      5000  0.78E-17 -0.50E+01  0.50E+01    T
DEF: Model Advance at:  2012 10 25  2 45  0   0
DEF: Import Fields
DEF:                                    FIELD     COUNT      MEAN       MIN       MAX OKAY
DEF:                  sea_surface_temperature     20000  0.27E+03  0.26E+03  0.28E+03    F
DEF:       sea_surface_height_above_sea_level     20000  0.12E-07 -0.50E+01  0.50E+01    T
ABC: Model Advance at:  2012 10 25  3  0  0   0
ABC: Export Fields
ABC:                                    FIELD     COUNT      MEAN       MIN       MAX OKAY
ABC:                  sea_surface_temperature      5000  0.27E+03  0.26E+03  0.28E+03    T
ABC:       sea_surface_height_above_sea_level      5000  0.55E-16 -0.50E+01  0.50E+01    T
DEF: Model Advance at:  2012 10 25  3  0  0   0
DEF: Import Fields
DEF:                                    FIELD     COUNT      MEAN       MIN       MAX OKAY
DEF:                  sea_surface_temperature     20000  0.27E+03  0.26E+03  0.28E+03    F
DEF:       sea_surface_height_above_sea_level     20000  0.76E-08 -0.50E+01  0.50E+01    T
ABC: Model Advance at:  2012 10 25  3 15  0   0
ABC: Export Fields
ABC:                                    FIELD     COUNT      MEAN       MIN       MAX OKAY
ABC:                  sea_surface_temperature      5000  0.27E+03  0.26E+03  0.28E+03    T
ABC:       sea_surface_height_above_sea_level      5000  0.28E-17 -0.50E+01  0.50E+01    T
DEF: Model Advance at:  2012 10 25  3 15  0   0
DEF: Import Fields
DEF:                                    FIELD     COUNT      MEAN       MIN       MAX OKAY
DEF:                  sea_surface_temperature     20000  0.27E+03  0.26E+03  0.28E+03    F
DEF:       sea_surface_height_above_sea_level     20000 -0.54E-07 -0.50E+01  0.50E+01    T
ABC: Model Advance at:  2012 10 25  3 30  0   0
ABC: Export Fields
ABC:                                    FIELD     COUNT      MEAN       MIN       MAX OKAY
ABC:                  sea_surface_temperature      5000  0.27E+03  0.26E+03  0.28E+03    T
ABC:       sea_surface_height_above_sea_level      5000 -0.48E-16 -0.50E+01  0.50E+01    T
DEF: Model Advance at:  2012 10 25  3 30  0   0
DEF: Import Fields
DEF:                                    FIELD     COUNT      MEAN       MIN       MAX OKAY
DEF:                  sea_surface_temperature     20000  0.27E+03  0.26E+03  0.28E+03    F
DEF:       sea_surface_height_above_sea_level     20000  0.97E-07 -0.50E+01  0.50E+01    T
ABC: Model Advance at:  2012 10 25  3 45  0   0
ABC: Export Fields
ABC:                                    FIELD     COUNT      MEAN       MIN       MAX OKAY
ABC:                  sea_surface_temperature      5000  0.27E+03  0.26E+03  0.28E+03    T
ABC:       sea_surface_height_above_sea_level      5000  0.45E-16 -0.50E+01  0.50E+01    T
DEF: Model Advance at:  2012 10 25  3 45  0   0
DEF: Import Fields
DEF:                                    FIELD     COUNT      MEAN       MIN       MAX OKAY
DEF:                  sea_surface_temperature     20000  0.27E+03  0.26E+03  0.28E+03    F
DEF:       sea_surface_height_above_sea_level     20000 -0.35E-07 -0.50E+01  0.50E+01    T
ABC: Model Advance at:  2012 10 25  4  0  0   0
ABC: Export Fields
ABC:                                    FIELD     COUNT      MEAN       MIN       MAX OKAY
ABC:                  sea_surface_temperature      5000  0.27E+03  0.26E+03  0.28E+03    T
ABC:       sea_surface_height_above_sea_level      5000  0.60E-16 -0.50E+01  0.50E+01    T
DEF: Model Advance at:  2012 10 25  4  0  0   0
DEF: Import Fields
DEF:                                    FIELD     COUNT      MEAN       MIN       MAX OKAY
DEF:                  sea_surface_temperature     20000  0.27E+03  0.26E+03  0.28E+03    F
DEF:       sea_surface_height_above_sea_level     20000  0.29E-09 -0.50E+01  0.50E+01    T
ABC: Model Advance at:  2012 10 25  4 15  0   0
ABC: Export Fields
ABC:                                    FIELD     COUNT      MEAN       MIN       MAX OKAY
ABC:                  sea_surface_temperature      5000  0.27E+03  0.26E+03  0.28E+03    T
ABC:       sea_surface_height_above_sea_level      5000  0.37E-16 -0.50E+01  0.50E+01    T
DEF: Model Advance at:  2012 10 25  4 15  0   0
DEF: Import Fields
DEF:                                    FIELD     COUNT      MEAN       MIN       MAX OKAY
DEF:                  sea_surface_temperature     20000  0.27E+03  0.26E+03  0.28E+03    F
DEF:       sea_surface_height_above_sea_level     20000 -0.57E-09 -0.50E+01  0.50E+01    T
ABC: Model Advance at:  2012 10 25  4 30  0   0
ABC: Export Fields
ABC:                                    FIELD     COUNT      MEAN       MIN       MAX OKAY
ABC:                  sea_surface_temperature      5000  0.27E+03  0.26E+03  0.28E+03    T
ABC:       sea_surface_height_above_sea_level      5000 -0.15E-16 -0.50E+01  0.50E+01    T
DEF: Model Advance at:  2012 10 25  4 30  0   0
DEF: Import Fields
DEF:                                    FIELD     COUNT      MEAN       MIN       MAX OKAY
DEF:                  sea_surface_temperature     20000  0.27E+03  0.26E+03  0.28E+03    F
DEF:       sea_surface_height_above_sea_level     20000  0.20E-07 -0.50E+01  0.50E+01    T
ABC: Model Advance at:  2012 10 25  4 45  0   0
ABC: Export Fields
ABC:                                    FIELD     COUNT      MEAN       MIN       MAX OKAY
ABC:                  sea_surface_temperature      5000  0.27E+03  0.26E+03  0.28E+03    T
ABC:       sea_surface_height_above_sea_level      5000  0.86E-16 -0.50E+01  0.50E+01    T
DEF: Model Advance at:  2012 10 25  4 45  0   0
DEF: Import Fields
DEF:                                    FIELD     COUNT      MEAN       MIN       MAX OKAY
DEF:                  sea_surface_temperature     20000  0.27E+03  0.26E+03  0.28E+03    F
DEF:       sea_surface_height_above_sea_level     20000  0.35E-07 -0.50E+01  0.50E+01    T
ABC: Model Advance at:  2012 10 25  5  0  0   0
ABC: Export Fields
ABC:                                    FIELD     COUNT      MEAN       MIN       MAX OKAY
ABC:                  sea_surface_temperature      5000  0.27E+03  0.26E+03  0.28E+03    T
ABC:       sea_surface_height_above_sea_level      5000 -0.44E-16 -0.50E+01  0.50E+01    T
DEF: Model Advance at:  2012 10 25  5  0  0   0
DEF: Import Fields
DEF:                                    FIELD     COUNT      MEAN       MIN       MAX OKAY
DEF:                  sea_surface_temperature     20000  0.27E+03  0.26E+03  0.28E+03    F
DEF:       sea_surface_height_above_sea_level     20000 -0.45E-07 -0.50E+01  0.50E+01    T
ABC: Model Advance at:  2012 10 25  5 15  0   0
ABC: Export Fields
ABC:                                    FIELD     COUNT      MEAN       MIN       MAX OKAY
ABC:                  sea_surface_temperature      5000  0.27E+03  0.26E+03  0.28E+03    T
ABC:       sea_surface_height_above_sea_level      5000  0.96E-17 -0.50E+01  0.50E+01    T
DEF: Model Advance at:  2012 10 25  5 15  0   0
DEF: Import Fields
DEF:                                    FIELD     COUNT      MEAN       MIN       MAX OKAY
DEF:                  sea_surface_temperature     20000  0.27E+03  0.26E+03  0.28E+03    F
DEF:       sea_surface_height_above_sea_level     20000  0.23E-07 -0.50E+01  0.50E+01    T
ABC: Model Advance at:  2012 10 25  5 30  0   0
ABC: Export Fields
ABC:                                    FIELD     COUNT      MEAN       MIN       MAX OKAY
ABC:                  sea_surface_temperature      5000  0.27E+03  0.26E+03  0.28E+03    T
ABC:       sea_surface_height_above_sea_level      5000 -0.19E-16 -0.50E+01  0.50E+01    T
DEF: Model Advance at:  2012 10 25  5 30  0   0
DEF: Import Fields
DEF:                                    FIELD     COUNT      MEAN       MIN       MAX OKAY
DEF:                  sea_surface_temperature     20000  0.27E+03  0.26E+03  0.28E+03    F
DEF:       sea_surface_height_above_sea_level     20000  0.89E-08 -0.50E+01  0.50E+01    T
ABC: Model Advance at:  2012 10 25  5 45  0   0
ABC: Export Fields
ABC:                                    FIELD     COUNT      MEAN       MIN       MAX OKAY
ABC:                  sea_surface_temperature      5000  0.27E+03  0.26E+03  0.28E+03    T
ABC:       sea_surface_height_above_sea_level      5000  0.99E-17 -0.50E+01  0.50E+01    T
DEF: Model Advance at:  2012 10 25  5 45  0   0
DEF: Import Fields
DEF:                                    FIELD     COUNT      MEAN       MIN       MAX OKAY
DEF:                  sea_surface_temperature     20000  0.27E+03  0.26E+03  0.28E+03    F
DEF:       sea_surface_height_above_sea_level     20000  0.57E-09 -0.50E+01  0.50E+01    T
ABC: Model Advance at:  2012 10 25  6  0  0   0
ABC: Export Fields
ABC:                                    FIELD     COUNT      MEAN       MIN       MAX OKAY
ABC:                  sea_surface_temperature      5000  0.27E+03  0.26E+03  0.28E+03    T
ABC:       sea_surface_height_above_sea_level      5000  0.73E-17 -0.50E+01  0.50E+01    T
DEF: Model Advance at:  2012 10 25  6  0  0   0
DEF: Import Fields
DEF:                                    FIELD     COUNT      MEAN       MIN       MAX OKAY
DEF:                  sea_surface_temperature     20000  0.27E+03  0.26E+03  0.28E+03    F
DEF:       sea_surface_height_above_sea_level     20000 -0.48E-08 -0.50E+01  0.50E+01    T
ABC: Model Advance at:  2012 10 25  6 15  0   0
ABC: Export Fields
ABC:                                    FIELD     COUNT      MEAN       MIN       MAX OKAY
ABC:                  sea_surface_temperature      5000  0.27E+03  0.26E+03  0.28E+03    T
ABC:       sea_surface_height_above_sea_level      5000  0.47E-17 -0.50E+01  0.50E+01    T
DEF: Model Advance at:  2012 10 25  6 15  0   0
DEF: Import Fields
DEF:                                    FIELD     COUNT      MEAN       MIN       MAX OKAY
DEF:                  sea_surface_temperature     20000  0.27E+03  0.26E+03  0.28E+03    F
DEF:       sea_surface_height_above_sea_level     20000  0.55E-09 -0.50E+01  0.50E+01    T
ABC: Model Advance at:  2012 10 25  6 30  0   0
ABC: Export Fields
ABC:                                    FIELD     COUNT      MEAN       MIN       MAX OKAY
ABC:                  sea_surface_temperature      5000  0.27E+03  0.26E+03  0.28E+03    T
ABC:       sea_surface_height_above_sea_level      5000 -0.15E-16 -0.50E+01  0.50E+01    T
DEF: Model Advance at:  2012 10 25  6 30  0   0
DEF: Import Fields
DEF:                                    FIELD     COUNT      MEAN       MIN       MAX OKAY
DEF:                  sea_surface_temperature     20000  0.27E+03  0.26E+03  0.28E+03    F
DEF:       sea_surface_height_above_sea_level     20000 -0.12E-08 -0.50E+01  0.50E+01    T
ABC: Model Advance at:  2012 10 25  6 45  0   0
ABC: Export Fields
ABC:                                    FIELD     COUNT      MEAN       MIN       MAX OKAY
ABC:                  sea_surface_temperature      5000  0.27E+03  0.26E+03  0.28E+03    T
ABC:       sea_surface_height_above_sea_level      5000  0.17E-16 -0.50E+01  0.50E+01    T
DEF: Model Advance at:  2012 10 25  6 45  0   0
DEF: Import Fields
DEF:                                    FIELD     COUNT      MEAN       MIN       MAX OKAY
DEF:                  sea_surface_temperature     20000  0.27E+03  0.26E+03  0.28E+03    F
DEF:       sea_surface_height_above_sea_level     20000  0.32E-08 -0.50E+01  0.50E+01    T
ABC: Model Advance at:  2012 10 25  7  0  0   0
ABC: Export Fields
ABC:                                    FIELD     COUNT      MEAN       MIN       MAX OKAY
ABC:                  sea_surface_temperature      5000  0.27E+03  0.26E+03  0.28E+03    T
ABC:       sea_surface_height_above_sea_level      5000  0.66E-17 -0.50E+01  0.50E+01    T
DEF: Model Advance at:  2012 10 25  7  0  0   0
DEF: Import Fields
DEF:                                    FIELD     COUNT      MEAN       MIN       MAX OKAY
DEF:                  sea_surface_temperature     20000  0.27E+03  0.26E+03  0.28E+03    F
DEF:       sea_surface_height_above_sea_level     20000 -0.58E-08 -0.50E+01  0.50E+01    T
ABC: Model Advance at:  2012 10 25  7 15  0   0
ABC: Export Fields
ABC:                                    FIELD     COUNT      MEAN       MIN       MAX OKAY
ABC:                  sea_surface_temperature      5000  0.27E+03  0.26E+03  0.28E+03    T
ABC:       sea_surface_height_above_sea_level      5000 -0.43E-18 -0.50E+01  0.50E+01    T
DEF: Model Advance at:  2012 10 25  7 15  0   0
DEF: Import Fields
DEF:                                    FIELD     COUNT      MEAN       MIN       MAX OKAY
DEF:                  sea_surface_temperature     20000  0.27E+03  0.26E+03  0.28E+03    F
DEF:       sea_surface_height_above_sea_level     20000  0.21E-08 -0.50E+01  0.50E+01    T
ABC: Model Advance at:  2012 10 25  7 30  0   0
ABC: Export Fields
ABC:                                    FIELD     COUNT      MEAN       MIN       MAX OKAY
ABC:                  sea_surface_temperature      5000  0.27E+03  0.26E+03  0.28E+03    T
ABC:       sea_surface_height_above_sea_level      5000 -0.20E-17 -0.50E+01  0.50E+01    T
DEF: Model Advance at:  2012 10 25  7 30  0   0
DEF: Import Fields
DEF:                                    FIELD     COUNT      MEAN       MIN       MAX OKAY
DEF:                  sea_surface_temperature     20000  0.27E+03  0.26E+03  0.28E+03    F
DEF:       sea_surface_height_above_sea_level     20000 -0.15E-08 -0.50E+01  0.50E+01    T
ABC: Model Advance at:  2012 10 25  7 45  0   0
ABC: Export Fields
ABC:                                    FIELD     COUNT      MEAN       MIN       MAX OKAY
ABC:                  sea_surface_temperature      5000  0.27E+03  0.26E+03  0.28E+03    T
ABC:       sea_surface_height_above_sea_level      5000  0.58E-18 -0.50E+01  0.50E+01    T
DEF: Model Advance at:  2012 10 25  7 45  0   0
DEF: Import Fields
DEF:                                    FIELD     COUNT      MEAN       MIN       MAX OKAY
DEF:                  sea_surface_temperature     20000  0.27E+03  0.26E+03  0.28E+03    F
DEF:       sea_surface_height_above_sea_level     20000  0.79E-09 -0.50E+01  0.50E+01    T
