2026-07-10 07:32:09
20260710 082138.284 INFO             PET0 !!!!!!!!!!!!!!!!!!!!!!!!!!!!!!!!!!!!!!!!!!!!!!!!!!!!!!
20260710 082138.284 INFO             PET0 !!! THE ESMF_LOG IS SET TO OUTPUT ALL LOG MESSAGES !!!
20260710 082138.284 INFO             PET0 !!!     THIS MAY CAUSE SLOWDOWN IN PERFORMANCE     !!!
20260710 082138.284 INFO             PET0 !!! FOR PRODUCTION RUNS, USE:                      !!!
20260710 082138.284 INFO             PET0 !!!                   ESMF_LOGKIND_Multi_On_Error  !!!
20260710 082138.284 INFO             PET0 !!!!!!!!!!!!!!!!!!!!!!!!!!!!!!!!!!!!!!!!!!!!!!!!!!!!!!
20260710 082138.284 INFO             PET0 Running with ESMF Version   : develop+gf1c7bb6d5f
20260710 082138.284 INFO             PET0 ESMF library build date/time: "Jul 10 2026" "07:29:37"
20260710 082138.284 INFO             PET0 ESMF library build location : /scratch3/NCEPDEV/stmp/Gerhard.Theurich/ESMF-Nightly-Testing-Hera/gfortran_13.2.0_openmpi_O_develop/esmf
20260710 082138.284 INFO             PET0 ESMF_COMM                   : openmpi
20260710 082138.284 INFO             PET0 ESMF_MOAB                   : enabled
20260710 082138.284 INFO             PET0 ESMF_LAPACK                 : enabled
20260710 082138.284 INFO             PET0 ESMF_NETCDF                 : disabled
20260710 082138.284 INFO             PET0 ESMF_PNETCDF                : disabled
20260710 082138.284 INFO             PET0 ESMF_PIO                    : disabled
20260710 082138.284 INFO             PET0 ESMF_YAMLCPP                : enabled
20260710 082138.285 INFO             PET0 =============================================
20260710 082138.285 INFO             PET0 ESMX (Earth System Model eXecutable) STARTING
20260710 082138.285 INFO             PET0 =============================================
20260710 082138.288 DEBUG            PET0 Generic SetVM() is executing for: ESMX_Driver
20260710 082138.288 DEBUG            PET0 Generic SetVM() found no NUOPC Hint for: ESMX_Driver
20260710 082138.288 DEBUG            PET0 Generic SetVM() therefore is NOT calling ESMF_GridCompSetVMMaxPEs() for: ESMX_Driver
20260710 082138.295 INFO             PET0 =============================================
20260710 082138.295 INFO             PET0 ESMX (Earth System Model eXecutable) FINISHED
20260710 082138.295 INFO             PET0 =============================================
20260710 082138.295 INFO             PET0  Finalizing ESMF
20260710 082138.283 INFO             PET1 !!!!!!!!!!!!!!!!!!!!!!!!!!!!!!!!!!!!!!!!!!!!!!!!!!!!!!
20260710 082138.284 INFO             PET1 !!! THE ESMF_LOG IS SET TO OUTPUT ALL LOG MESSAGES !!!
20260710 082138.284 INFO             PET1 !!!     THIS MAY CAUSE SLOWDOWN IN PERFORMANCE     !!!
20260710 082138.284 INFO             PET1 !!! FOR PRODUCTION RUNS, USE:                      !!!
20260710 082138.284 INFO             PET1 !!!                   ESMF_LOGKIND_Multi_On_Error  !!!
20260710 082138.284 INFO             PET1 !!!!!!!!!!!!!!!!!!!!!!!!!!!!!!!!!!!!!!!!!!!!!!!!!!!!!!
20260710 082138.284 INFO             PET1 Running with ESMF Version   : develop+gf1c7bb6d5f
20260710 082138.284 INFO             PET1 ESMF library build date/time: "Jul 10 2026" "07:29:37"
20260710 082138.284 INFO             PET1 ESMF library build location : /scratch3/NCEPDEV/stmp/Gerhard.Theurich/ESMF-Nightly-Testing-Hera/gfortran_13.2.0_openmpi_O_develop/esmf
20260710 082138.284 INFO             PET1 ESMF_COMM                   : openmpi
20260710 082138.284 INFO             PET1 ESMF_MOAB                   : enabled
20260710 082138.284 INFO             PET1 ESMF_LAPACK                 : enabled
20260710 082138.284 INFO             PET1 ESMF_NETCDF                 : disabled
20260710 082138.284 INFO             PET1 ESMF_PNETCDF                : disabled
20260710 082138.284 INFO             PET1 ESMF_PIO                    : disabled
20260710 082138.284 INFO             PET1 ESMF_YAMLCPP                : enabled
20260710 082138.285 INFO             PET1 =============================================
20260710 082138.285 INFO             PET1 ESMX (Earth System Model eXecutable) STARTING
20260710 082138.285 INFO             PET1 =============================================
20260710 082138.288 DEBUG            PET1 Generic SetVM() is executing for: ESMX_Driver
20260710 082138.288 DEBUG            PET1 Generic SetVM() found no NUOPC Hint for: ESMX_Driver
20260710 082138.288 DEBUG            PET1 Generic SetVM() therefore is NOT calling ESMF_GridCompSetVMMaxPEs() for: ESMX_Driver
20260710 082138.295 INFO             PET1 =============================================
20260710 082138.295 INFO             PET1 ESMX (Earth System Model eXecutable) FINISHED
20260710 082138.295 INFO             PET1 =============================================
20260710 082138.295 INFO             PET1  Finalizing ESMF
20260710 082138.283 INFO             PET2 !!!!!!!!!!!!!!!!!!!!!!!!!!!!!!!!!!!!!!!!!!!!!!!!!!!!!!
20260710 082138.283 INFO             PET2 !!! THE ESMF_LOG IS SET TO OUTPUT ALL LOG MESSAGES !!!
20260710 082138.283 INFO             PET2 !!!     THIS MAY CAUSE SLOWDOWN IN PERFORMANCE     !!!
20260710 082138.283 INFO             PET2 !!! FOR PRODUCTION RUNS, USE:                      !!!
20260710 082138.283 INFO             PET2 !!!                   ESMF_LOGKIND_Multi_On_Error  !!!
20260710 082138.283 INFO             PET2 !!!!!!!!!!!!!!!!!!!!!!!!!!!!!!!!!!!!!!!!!!!!!!!!!!!!!!
20260710 082138.283 INFO             PET2 Running with ESMF Version   : develop+gf1c7bb6d5f
20260710 082138.283 INFO             PET2 ESMF library build date/time: "Jul 10 2026" "07:29:37"
20260710 082138.283 INFO             PET2 ESMF library build location : /scratch3/NCEPDEV/stmp/Gerhard.Theurich/ESMF-Nightly-Testing-Hera/gfortran_13.2.0_openmpi_O_develop/esmf
20260710 082138.283 INFO             PET2 ESMF_COMM                   : openmpi
20260710 082138.284 INFO             PET2 ESMF_MOAB                   : enabled
20260710 082138.284 INFO             PET2 ESMF_LAPACK                 : enabled
20260710 082138.284 INFO             PET2 ESMF_NETCDF                 : disabled
20260710 082138.284 INFO             PET2 ESMF_PNETCDF                : disabled
20260710 082138.284 INFO             PET2 ESMF_PIO                    : disabled
20260710 082138.284 INFO             PET2 ESMF_YAMLCPP                : enabled
20260710 082138.285 INFO             PET2 =============================================
20260710 082138.285 INFO             PET2 ESMX (Earth System Model eXecutable) STARTING
20260710 082138.285 INFO             PET2 =============================================
20260710 082138.288 DEBUG            PET2 Generic SetVM() is executing for: ESMX_Driver
20260710 082138.288 DEBUG            PET2 Generic SetVM() found no NUOPC Hint for: ESMX_Driver
20260710 082138.288 DEBUG            PET2 Generic SetVM() therefore is NOT calling ESMF_GridCompSetVMMaxPEs() for: ESMX_Driver
20260710 082138.295 INFO             PET2 =============================================
20260710 082138.295 INFO             PET2 ESMX (Earth System Model eXecutable) FINISHED
20260710 082138.295 INFO             PET2 =============================================
20260710 082138.295 INFO             PET2  Finalizing ESMF
20260710 082138.283 INFO             PET3 !!!!!!!!!!!!!!!!!!!!!!!!!!!!!!!!!!!!!!!!!!!!!!!!!!!!!!
20260710 082138.283 INFO             PET3 !!! THE ESMF_LOG IS SET TO OUTPUT ALL LOG MESSAGES !!!
20260710 082138.283 INFO             PET3 !!!     THIS MAY CAUSE SLOWDOWN IN PERFORMANCE     !!!
20260710 082138.283 INFO             PET3 !!! FOR PRODUCTION RUNS, USE:                      !!!
20260710 082138.283 INFO             PET3 !!!                   ESMF_LOGKIND_Multi_On_Error  !!!
20260710 082138.283 INFO             PET3 !!!!!!!!!!!!!!!!!!!!!!!!!!!!!!!!!!!!!!!!!!!!!!!!!!!!!!
20260710 082138.283 INFO             PET3 Running with ESMF Version   : develop+gf1c7bb6d5f
20260710 082138.283 INFO             PET3 ESMF library build date/time: "Jul 10 2026" "07:29:37"
20260710 082138.283 INFO             PET3 ESMF library build location : /scratch3/NCEPDEV/stmp/Gerhard.Theurich/ESMF-Nightly-Testing-Hera/gfortran_13.2.0_openmpi_O_develop/esmf
20260710 082138.283 INFO             PET3 ESMF_COMM                   : openmpi
20260710 082138.283 INFO             PET3 ESMF_MOAB                   : enabled
20260710 082138.283 INFO             PET3 ESMF_LAPACK                 : enabled
20260710 082138.283 INFO             PET3 ESMF_NETCDF                 : disabled
20260710 082138.283 INFO             PET3 ESMF_PNETCDF                : disabled
20260710 082138.283 INFO             PET3 ESMF_PIO                    : disabled
20260710 082138.283 INFO             PET3 ESMF_YAMLCPP                : enabled
20260710 082138.285 INFO             PET3 =============================================
20260710 082138.285 INFO             PET3 ESMX (Earth System Model eXecutable) STARTING
20260710 082138.285 INFO             PET3 =============================================
20260710 082138.288 DEBUG            PET3 Generic SetVM() is executing for: ESMX_Driver
20260710 082138.288 DEBUG            PET3 Generic SetVM() found no NUOPC Hint for: ESMX_Driver
20260710 082138.288 DEBUG            PET3 Generic SetVM() therefore is NOT calling ESMF_GridCompSetVMMaxPEs() for: ESMX_Driver
20260710 082138.295 INFO             PET3 =============================================
20260710 082138.295 INFO             PET3 ESMX (Earth System Model eXecutable) FINISHED
20260710 082138.295 INFO             PET3 =============================================
20260710 082138.295 INFO             PET3  Finalizing ESMF
