2026-07-19 05:59:43
20260719 063938.957 INFO             PET0 !!!!!!!!!!!!!!!!!!!!!!!!!!!!!!!!!!!!!!!!!!!!!!!!!!!!!!
20260719 063938.968 INFO             PET0 !!! THE ESMF_LOG IS SET TO OUTPUT ALL LOG MESSAGES !!!
20260719 063938.968 INFO             PET0 !!!     THIS MAY CAUSE SLOWDOWN IN PERFORMANCE     !!!
20260719 063938.968 INFO             PET0 !!! FOR PRODUCTION RUNS, USE:                      !!!
20260719 063938.968 INFO             PET0 !!!                   ESMF_LOGKIND_Multi_On_Error  !!!
20260719 063938.968 INFO             PET0 !!!!!!!!!!!!!!!!!!!!!!!!!!!!!!!!!!!!!!!!!!!!!!!!!!!!!!
20260719 063938.968 INFO             PET0 Running with ESMF Version   : develop+g5ee87db4bf
20260719 063938.968 INFO             PET0 ESMF library build date/time: "Jul 19 2026" "05:58:23"
20260719 063938.968 INFO             PET0 ESMF library build location : /usr/local/esmf/esmf-testing/gfortran_14.2.0_mpich_g_develop/esmf
20260719 063938.968 INFO             PET0 ESMF_COMM                   : mpich
20260719 063938.968 INFO             PET0 ESMF_MOAB                   : enabled
20260719 063938.968 INFO             PET0 ESMF_LAPACK                 : enabled
20260719 063938.968 INFO             PET0 ESMF_NETCDF                 : enabled
20260719 063938.968 INFO             PET0 ESMF_PNETCDF                : disabled
20260719 063938.968 INFO             PET0 ESMF_PIO                    : enabled
20260719 063938.968 INFO             PET0 ESMF_YAMLCPP                : enabled
20260719 063938.971 INFO             PET0 =============================================
20260719 063938.971 INFO             PET0 ESMX (Earth System Model eXecutable) STARTING
20260719 063938.971 INFO             PET0 =============================================
20260719 063938.975 DEBUG            PET0 Generic SetVM() is executing for: ESMX_Driver
20260719 063938.984 DEBUG            PET0 Generic SetVM() found no NUOPC Hint for: ESMX_Driver
20260719 063938.984 DEBUG            PET0 Generic SetVM() therefore is NOT calling ESMF_GridCompSetVMMaxPEs() for: ESMX_Driver
20260719 063938.988 INFO             PET0 ESMX_Driver: InitializeGeneric intro.
20260719 063938.988 INFO             PET0   >>>ESMX_Driver: entered Initialize (phase=<none>) without valid internal Clock.
20260719 063938.988 INFO             PET0   ESMX_Driver: InitializeP0 intro.
20260719 063938.988 INFO             PET0     >>>ESMX_Driver: entered Initialize (phase=<none>) without valid internal Clock.
20260719 063938.988 INFO             PET0     <<<ESMX_Driver: leaving Initialize (phase=<none>) without valid internal Clock.
20260719 063938.988 INFO             PET0   ESMX_Driver: InitializeP0 extro.
20260719 063938.988 INFO             PET0   ESMX_Driver: InitializeIPDv02p1 intro.
20260719 063938.988 INFO             PET0     >>>ESMX_Driver: entered Initialize (phase=<none>) without valid internal Clock.
20260719 063939.000 INFO             PET0     ESMX_Driver - Creating model component MDL without petList.
20260719 063939.126 DEBUG            PET0     Generic SetVM() is executing for: MDL
20260719 063939.126 DEBUG            PET0     Generic SetVM() found no NUOPC Hint for: MDL
20260719 063939.126 DEBUG            PET0     Generic SetVM() therefore is NOT calling ESMF_GridCompSetVMMaxPEs() for: MDL
20260719 063939.172 INFO             PET0     ESMX_Driver: IInitAdvertise intro.
20260719 063939.172 INFO             PET0       >>>ESMX_Driver: entered Initialize (phase=<none>) with current time: 2012 10 24 18  0  0   0
20260719 063939.172 INFO             PET0       <<<ESMX_Driver: leaving Initialize (phase=<none>) with current time: 2012 10 24 18  0  0   0
20260719 063939.172 INFO             PET0     ESMX_Driver: IInitAdvertise extro.
20260719 063939.172 INFO             PET0     Message from inside C component Advertise() method
20260719 063939.173 INFO             PET0     ESMX_Driver: IInitAdvertiseFinish intro.
20260719 063939.173 INFO             PET0       >>>ESMX_Driver: entered Initialize (phase=<none>) with current time: 2012 10 24 18  0  0   0
20260719 063939.173 INFO             PET0       <<<ESMX_Driver: leaving Initialize (phase=<none>) with current time: 2012 10 24 18  0  0   0
20260719 063939.173 INFO             PET0     ESMX_Driver: IInitAdvertiseFinish extro.
20260719 063939.173 INFO             PET0     ESMX_Driver: IInitModifyCplLists intro.
20260719 063939.173 INFO             PET0       >>>ESMX_Driver: entered Initialize (phase=<none>) with current time: 2012 10 24 18  0  0   0
20260719 063939.173 INFO             PET0       <<<ESMX_Driver: leaving Initialize (phase=<none>) with current time: 2012 10 24 18  0  0   0
20260719 063939.173 INFO             PET0     ESMX_Driver: IInitModifyCplLists extro.
20260719 063939.173 INFO             PET0     <<<ESMX_Driver: leaving Initialize (phase=<none>) with current time: 2012 10 24 18  0  0   0
20260719 063939.173 INFO             PET0   ESMX_Driver: InitializeIPDv02p1 extro.
20260719 063939.173 INFO             PET0   ESMX_Driver: InitializeIPDv02p3 intro.
20260719 063939.173 INFO             PET0     >>>ESMX_Driver: entered Initialize (phase=<none>) with current time: 2012 10 24 18  0  0   0
20260719 063939.173 INFO             PET0     ESMX_Driver: IInitCheck intro.
20260719 063939.173 INFO             PET0       >>>ESMX_Driver: entered Initialize (phase=<none>) with current time: 2012 10 24 18  0  0   0
20260719 063939.173 INFO             PET0       <<<ESMX_Driver: leaving Initialize (phase=<none>) with current time: 2012 10 24 18  0  0   0
20260719 063939.173 INFO             PET0     ESMX_Driver: IInitCheck extro.
20260719 063939.173 INFO             PET0     ESMX_Driver: IInitRealize intro.
20260719 063939.173 INFO             PET0       >>>ESMX_Driver: entered Initialize (phase=<none>) with current time: 2012 10 24 18  0  0   0
20260719 063939.173 INFO             PET0       <<<ESMX_Driver: leaving Initialize (phase=<none>) with current time: 2012 10 24 18  0  0   0
20260719 063939.173 INFO             PET0     ESMX_Driver: IInitRealize extro.
20260719 063939.174 INFO             PET0     <<<ESMX_Driver: leaving Initialize (phase=<none>) with current time: 2012 10 24 18  0  0   0
20260719 063939.174 INFO             PET0   ESMX_Driver: InitializeIPDv02p3 extro.
20260719 063939.174 INFO             PET0   ESMX_Driver: InitializeIPDv02p5 intro.
20260719 063939.174 INFO             PET0     >>>ESMX_Driver: entered Initialize (phase=<none>) with current time: 2012 10 24 18  0  0   0
20260719 063939.176 INFO             PET0     ESMX_Driver: InitializeIPDv02p5Data intro.
20260719 063939.176 INFO             PET0       >>>ESMX_Driver: entered Initialize (phase=<none>) with current time: 2012 10 24 18  0  0   0
20260719 063939.176 INFO             PET0       ESMX_Driver: InternalInitializeComplete intro.
20260719 063939.176 INFO             PET0         >>>ESMX_Driver: entered Initialize (phase=<none>) with current time: 2012 10 24 18  0  0   0
20260719 063939.177 INFO             PET0         <<<ESMX_Driver: leaving Initialize (phase=<none>) with current time: 2012 10 24 18  0  0   0
20260719 063939.177 INFO             PET0       ESMX_Driver: InternalInitializeComplete extro.
20260719 063939.182 INFO             PET0       ESMX_Driver: loopDataDependentInitialize intro.
20260719 063939.182 INFO             PET0         >>>ESMX_Driver: entered Initialize (phase=<none>) with current time: 2012 10 24 18  0  0   0
20260719 063939.188 INFO             PET0         <<<ESMX_Driver: leaving Initialize (phase=<none>) with current time: 2012 10 24 18  0  0   0
20260719 063939.189 INFO             PET0       ESMX_Driver: loopDataDependentInitialize extro.
20260719 063939.189 INFO             PET0       <<<ESMX_Driver: leaving Initialize (phase=<none>) with current time: 2012 10 24 18  0  0   0
20260719 063939.189 INFO             PET0     ESMX_Driver: InitializeIPDv02p5Data extro.
20260719 063939.189 INFO             PET0     <<<ESMX_Driver: leaving Initialize (phase=<none>) with current time: 2012 10 24 18  0  0   0
20260719 063939.189 INFO             PET0   ESMX_Driver: InitializeIPDv02p5 extro.
20260719 063939.189 INFO             PET0   <<<ESMX_Driver: leaving Initialize (phase=<none>) with current time: 2012 10 24 18  0  0   0
20260719 063939.189 INFO             PET0 ESMX_Driver: InitializeGeneric extro.
20260719 063939.189 INFO             PET0 ESMX_Driver: Run intro.
20260719 063939.189 INFO             PET0   >>>ESMX_Driver: entered Run (phase=RunPhase1) with current time: 2012 10 24 18  0  0   0
20260719 063939.190 INFO             PET0   Message from inside C component Advance() method
20260719 063939.190 INFO             PET0   <<<ESMX_Driver: leaving Run (phase=RunPhase1) with current time: 2012 10 24 19  0  0   0
20260719 063939.190 INFO             PET0 ESMX_Driver: Run extro.
20260719 063939.190 INFO             PET0 ESMX_Driver: Finalize intro.
20260719 063939.190 INFO             PET0   >>>ESMX_Driver: entered Finalize (phase=FinalizePhase1) with current time: 2012 10 24 19  0  0   0
20260719 063939.190 INFO             PET0   Calling Finalize phase 1 for modelComp: MDL
20260719 063939.190 INFO             PET0   Delete modelComp: MDL
20260719 063939.190 INFO             PET0   <<<ESMX_Driver: leaving Finalize (phase=FinalizePhase1) with current time: 2012 10 24 19  0  0   0
20260719 063939.190 INFO             PET0 ESMX_Driver: Finalize extro.
20260719 063939.191 INFO             PET0 =============================================
20260719 063939.191 INFO             PET0 ESMX (Earth System Model eXecutable) FINISHED
20260719 063939.191 INFO             PET0 =============================================
20260719 063939.191 INFO             PET0  Finalizing ESMF
20260719 063938.957 INFO             PET1 !!!!!!!!!!!!!!!!!!!!!!!!!!!!!!!!!!!!!!!!!!!!!!!!!!!!!!
20260719 063938.968 INFO             PET1 !!! THE ESMF_LOG IS SET TO OUTPUT ALL LOG MESSAGES !!!
20260719 063938.968 INFO             PET1 !!!     THIS MAY CAUSE SLOWDOWN IN PERFORMANCE     !!!
20260719 063938.968 INFO             PET1 !!! FOR PRODUCTION RUNS, USE:                      !!!
20260719 063938.968 INFO             PET1 !!!                   ESMF_LOGKIND_Multi_On_Error  !!!
20260719 063938.968 INFO             PET1 !!!!!!!!!!!!!!!!!!!!!!!!!!!!!!!!!!!!!!!!!!!!!!!!!!!!!!
20260719 063938.968 INFO             PET1 Running with ESMF Version   : develop+g5ee87db4bf
20260719 063938.968 INFO             PET1 ESMF library build date/time: "Jul 19 2026" "05:58:23"
20260719 063938.968 INFO             PET1 ESMF library build location : /usr/local/esmf/esmf-testing/gfortran_14.2.0_mpich_g_develop/esmf
20260719 063938.968 INFO             PET1 ESMF_COMM                   : mpich
20260719 063938.968 INFO             PET1 ESMF_MOAB                   : enabled
20260719 063938.968 INFO             PET1 ESMF_LAPACK                 : enabled
20260719 063938.968 INFO             PET1 ESMF_NETCDF                 : enabled
20260719 063938.968 INFO             PET1 ESMF_PNETCDF                : disabled
20260719 063938.968 INFO             PET1 ESMF_PIO                    : enabled
20260719 063938.968 INFO             PET1 ESMF_YAMLCPP                : enabled
20260719 063938.971 INFO             PET1 =============================================
20260719 063938.971 INFO             PET1 ESMX (Earth System Model eXecutable) STARTING
20260719 063938.971 INFO             PET1 =============================================
20260719 063938.975 DEBUG            PET1 Generic SetVM() is executing for: ESMX_Driver
20260719 063938.984 DEBUG            PET1 Generic SetVM() found no NUOPC Hint for: ESMX_Driver
20260719 063938.984 DEBUG            PET1 Generic SetVM() therefore is NOT calling ESMF_GridCompSetVMMaxPEs() for: ESMX_Driver
20260719 063938.988 INFO             PET1 ESMX_Driver: InitializeGeneric intro.
20260719 063938.988 INFO             PET1   >>>ESMX_Driver: entered Initialize (phase=<none>) without valid internal Clock.
20260719 063938.988 INFO             PET1   ESMX_Driver: InitializeP0 intro.
20260719 063938.988 INFO             PET1     >>>ESMX_Driver: entered Initialize (phase=<none>) without valid internal Clock.
20260719 063938.988 INFO             PET1     <<<ESMX_Driver: leaving Initialize (phase=<none>) without valid internal Clock.
20260719 063938.988 INFO             PET1   ESMX_Driver: InitializeP0 extro.
20260719 063938.988 INFO             PET1   ESMX_Driver: InitializeIPDv02p1 intro.
20260719 063938.988 INFO             PET1     >>>ESMX_Driver: entered Initialize (phase=<none>) without valid internal Clock.
20260719 063939.000 INFO             PET1     ESMX_Driver - Creating model component MDL without petList.
20260719 063939.127 DEBUG            PET1     Generic SetVM() is executing for: MDL
20260719 063939.127 DEBUG            PET1     Generic SetVM() found no NUOPC Hint for: MDL
20260719 063939.127 DEBUG            PET1     Generic SetVM() therefore is NOT calling ESMF_GridCompSetVMMaxPEs() for: MDL
20260719 063939.172 INFO             PET1     ESMX_Driver: IInitAdvertise intro.
20260719 063939.172 INFO             PET1       >>>ESMX_Driver: entered Initialize (phase=<none>) with current time: 2012 10 24 18  0  0   0
20260719 063939.172 INFO             PET1       <<<ESMX_Driver: leaving Initialize (phase=<none>) with current time: 2012 10 24 18  0  0   0
20260719 063939.172 INFO             PET1     ESMX_Driver: IInitAdvertise extro.
20260719 063939.173 INFO             PET1     Message from inside C component Advertise() method
20260719 063939.173 INFO             PET1     ESMX_Driver: IInitAdvertiseFinish intro.
20260719 063939.173 INFO             PET1       >>>ESMX_Driver: entered Initialize (phase=<none>) with current time: 2012 10 24 18  0  0   0
20260719 063939.173 INFO             PET1       <<<ESMX_Driver: leaving Initialize (phase=<none>) with current time: 2012 10 24 18  0  0   0
20260719 063939.173 INFO             PET1     ESMX_Driver: IInitAdvertiseFinish extro.
20260719 063939.173 INFO             PET1     ESMX_Driver: IInitModifyCplLists intro.
20260719 063939.173 INFO             PET1       >>>ESMX_Driver: entered Initialize (phase=<none>) with current time: 2012 10 24 18  0  0   0
20260719 063939.173 INFO             PET1       <<<ESMX_Driver: leaving Initialize (phase=<none>) with current time: 2012 10 24 18  0  0   0
20260719 063939.173 INFO             PET1     ESMX_Driver: IInitModifyCplLists extro.
20260719 063939.173 INFO             PET1     <<<ESMX_Driver: leaving Initialize (phase=<none>) with current time: 2012 10 24 18  0  0   0
20260719 063939.173 INFO             PET1   ESMX_Driver: InitializeIPDv02p1 extro.
20260719 063939.173 INFO             PET1   ESMX_Driver: InitializeIPDv02p3 intro.
20260719 063939.173 INFO             PET1     >>>ESMX_Driver: entered Initialize (phase=<none>) with current time: 2012 10 24 18  0  0   0
20260719 063939.174 INFO             PET1     ESMX_Driver: IInitCheck intro.
20260719 063939.174 INFO             PET1       >>>ESMX_Driver: entered Initialize (phase=<none>) with current time: 2012 10 24 18  0  0   0
20260719 063939.174 INFO             PET1       <<<ESMX_Driver: leaving Initialize (phase=<none>) with current time: 2012 10 24 18  0  0   0
20260719 063939.174 INFO             PET1     ESMX_Driver: IInitCheck extro.
20260719 063939.174 INFO             PET1     ESMX_Driver: IInitRealize intro.
20260719 063939.174 INFO             PET1       >>>ESMX_Driver: entered Initialize (phase=<none>) with current time: 2012 10 24 18  0  0   0
20260719 063939.174 INFO             PET1       <<<ESMX_Driver: leaving Initialize (phase=<none>) with current time: 2012 10 24 18  0  0   0
20260719 063939.174 INFO             PET1     ESMX_Driver: IInitRealize extro.
20260719 063939.174 INFO             PET1     <<<ESMX_Driver: leaving Initialize (phase=<none>) with current time: 2012 10 24 18  0  0   0
20260719 063939.174 INFO             PET1   ESMX_Driver: InitializeIPDv02p3 extro.
20260719 063939.174 INFO             PET1   ESMX_Driver: InitializeIPDv02p5 intro.
20260719 063939.174 INFO             PET1     >>>ESMX_Driver: entered Initialize (phase=<none>) with current time: 2012 10 24 18  0  0   0
20260719 063939.174 INFO             PET1     ESMX_Driver: InitializeIPDv02p5Data intro.
20260719 063939.174 INFO             PET1       >>>ESMX_Driver: entered Initialize (phase=<none>) with current time: 2012 10 24 18  0  0   0
20260719 063939.174 INFO             PET1       ESMX_Driver: InternalInitializeComplete intro.
20260719 063939.174 INFO             PET1         >>>ESMX_Driver: entered Initialize (phase=<none>) with current time: 2012 10 24 18  0  0   0
20260719 063939.174 INFO             PET1         <<<ESMX_Driver: leaving Initialize (phase=<none>) with current time: 2012 10 24 18  0  0   0
20260719 063939.174 INFO             PET1       ESMX_Driver: InternalInitializeComplete extro.
20260719 063939.181 INFO             PET1       ESMX_Driver: loopDataDependentInitialize intro.
20260719 063939.181 INFO             PET1         >>>ESMX_Driver: entered Initialize (phase=<none>) with current time: 2012 10 24 18  0  0   0
20260719 063939.186 INFO             PET1         <<<ESMX_Driver: leaving Initialize (phase=<none>) with current time: 2012 10 24 18  0  0   0
20260719 063939.186 INFO             PET1       ESMX_Driver: loopDataDependentInitialize extro.
20260719 063939.186 INFO             PET1       <<<ESMX_Driver: leaving Initialize (phase=<none>) with current time: 2012 10 24 18  0  0   0
20260719 063939.186 INFO             PET1     ESMX_Driver: InitializeIPDv02p5Data extro.
20260719 063939.186 INFO             PET1     <<<ESMX_Driver: leaving Initialize (phase=<none>) with current time: 2012 10 24 18  0  0   0
20260719 063939.186 INFO             PET1   ESMX_Driver: InitializeIPDv02p5 extro.
20260719 063939.186 INFO             PET1   <<<ESMX_Driver: leaving Initialize (phase=<none>) with current time: 2012 10 24 18  0  0   0
20260719 063939.186 INFO             PET1 ESMX_Driver: InitializeGeneric extro.
20260719 063939.186 INFO             PET1 ESMX_Driver: Run intro.
20260719 063939.186 INFO             PET1   >>>ESMX_Driver: entered Run (phase=RunPhase1) with current time: 2012 10 24 18  0  0   0
20260719 063939.186 INFO             PET1   Message from inside C component Advance() method
20260719 063939.186 INFO             PET1   <<<ESMX_Driver: leaving Run (phase=RunPhase1) with current time: 2012 10 24 19  0  0   0
20260719 063939.186 INFO             PET1 ESMX_Driver: Run extro.
20260719 063939.186 INFO             PET1 ESMX_Driver: Finalize intro.
20260719 063939.186 INFO             PET1   >>>ESMX_Driver: entered Finalize (phase=FinalizePhase1) with current time: 2012 10 24 19  0  0   0
20260719 063939.186 INFO             PET1   Calling Finalize phase 1 for modelComp: MDL
20260719 063939.186 INFO             PET1   Delete modelComp: MDL
20260719 063939.186 INFO             PET1   <<<ESMX_Driver: leaving Finalize (phase=FinalizePhase1) with current time: 2012 10 24 19  0  0   0
20260719 063939.186 INFO             PET1 ESMX_Driver: Finalize extro.
20260719 063939.186 INFO             PET1 =============================================
20260719 063939.186 INFO             PET1 ESMX (Earth System Model eXecutable) FINISHED
20260719 063939.186 INFO             PET1 =============================================
20260719 063939.186 INFO             PET1  Finalizing ESMF
20260719 063938.949 INFO             PET2 !!!!!!!!!!!!!!!!!!!!!!!!!!!!!!!!!!!!!!!!!!!!!!!!!!!!!!
20260719 063938.961 INFO             PET2 !!! THE ESMF_LOG IS SET TO OUTPUT ALL LOG MESSAGES !!!
20260719 063938.961 INFO             PET2 !!!     THIS MAY CAUSE SLOWDOWN IN PERFORMANCE     !!!
20260719 063938.961 INFO             PET2 !!! FOR PRODUCTION RUNS, USE:                      !!!
20260719 063938.961 INFO             PET2 !!!                   ESMF_LOGKIND_Multi_On_Error  !!!
20260719 063938.961 INFO             PET2 !!!!!!!!!!!!!!!!!!!!!!!!!!!!!!!!!!!!!!!!!!!!!!!!!!!!!!
20260719 063938.961 INFO             PET2 Running with ESMF Version   : develop+g5ee87db4bf
20260719 063938.961 INFO             PET2 ESMF library build date/time: "Jul 19 2026" "05:58:23"
20260719 063938.961 INFO             PET2 ESMF library build location : /usr/local/esmf/esmf-testing/gfortran_14.2.0_mpich_g_develop/esmf
20260719 063938.961 INFO             PET2 ESMF_COMM                   : mpich
20260719 063938.961 INFO             PET2 ESMF_MOAB                   : enabled
20260719 063938.961 INFO             PET2 ESMF_LAPACK                 : enabled
20260719 063938.961 INFO             PET2 ESMF_NETCDF                 : enabled
20260719 063938.961 INFO             PET2 ESMF_PNETCDF                : disabled
20260719 063938.961 INFO             PET2 ESMF_PIO                    : enabled
20260719 063938.961 INFO             PET2 ESMF_YAMLCPP                : enabled
20260719 063938.970 INFO             PET2 =============================================
20260719 063938.970 INFO             PET2 ESMX (Earth System Model eXecutable) STARTING
20260719 063938.970 INFO             PET2 =============================================
20260719 063938.979 DEBUG            PET2 Generic SetVM() is executing for: ESMX_Driver
20260719 063938.985 DEBUG            PET2 Generic SetVM() found no NUOPC Hint for: ESMX_Driver
20260719 063938.985 DEBUG            PET2 Generic SetVM() therefore is NOT calling ESMF_GridCompSetVMMaxPEs() for: ESMX_Driver
20260719 063938.988 INFO             PET2 ESMX_Driver: InitializeGeneric intro.
20260719 063938.988 INFO             PET2   >>>ESMX_Driver: entered Initialize (phase=<none>) without valid internal Clock.
20260719 063938.988 INFO             PET2   ESMX_Driver: InitializeP0 intro.
20260719 063938.988 INFO             PET2     >>>ESMX_Driver: entered Initialize (phase=<none>) without valid internal Clock.
20260719 063938.988 INFO             PET2     <<<ESMX_Driver: leaving Initialize (phase=<none>) without valid internal Clock.
20260719 063938.988 INFO             PET2   ESMX_Driver: InitializeP0 extro.
20260719 063938.988 INFO             PET2   ESMX_Driver: InitializeIPDv02p1 intro.
20260719 063938.988 INFO             PET2     >>>ESMX_Driver: entered Initialize (phase=<none>) without valid internal Clock.
20260719 063939.000 INFO             PET2     ESMX_Driver - Creating model component MDL without petList.
20260719 063939.133 DEBUG            PET2     Generic SetVM() is executing for: MDL
20260719 063939.134 DEBUG            PET2     Generic SetVM() found no NUOPC Hint for: MDL
20260719 063939.134 DEBUG            PET2     Generic SetVM() therefore is NOT calling ESMF_GridCompSetVMMaxPEs() for: MDL
20260719 063939.175 INFO             PET2     ESMX_Driver: IInitAdvertise intro.
20260719 063939.175 INFO             PET2       >>>ESMX_Driver: entered Initialize (phase=<none>) with current time: 2012 10 24 18  0  0   0
20260719 063939.175 INFO             PET2       <<<ESMX_Driver: leaving Initialize (phase=<none>) with current time: 2012 10 24 18  0  0   0
20260719 063939.175 INFO             PET2     ESMX_Driver: IInitAdvertise extro.
20260719 063939.175 INFO             PET2     Message from inside C component Advertise() method
20260719 063939.175 INFO             PET2     ESMX_Driver: IInitAdvertiseFinish intro.
20260719 063939.175 INFO             PET2       >>>ESMX_Driver: entered Initialize (phase=<none>) with current time: 2012 10 24 18  0  0   0
20260719 063939.175 INFO             PET2       <<<ESMX_Driver: leaving Initialize (phase=<none>) with current time: 2012 10 24 18  0  0   0
20260719 063939.175 INFO             PET2     ESMX_Driver: IInitAdvertiseFinish extro.
20260719 063939.176 INFO             PET2     ESMX_Driver: IInitModifyCplLists intro.
20260719 063939.176 INFO             PET2       >>>ESMX_Driver: entered Initialize (phase=<none>) with current time: 2012 10 24 18  0  0   0
20260719 063939.176 INFO             PET2       <<<ESMX_Driver: leaving Initialize (phase=<none>) with current time: 2012 10 24 18  0  0   0
20260719 063939.176 INFO             PET2     ESMX_Driver: IInitModifyCplLists extro.
20260719 063939.176 INFO             PET2     <<<ESMX_Driver: leaving Initialize (phase=<none>) with current time: 2012 10 24 18  0  0   0
20260719 063939.176 INFO             PET2   ESMX_Driver: InitializeIPDv02p1 extro.
20260719 063939.176 INFO             PET2   ESMX_Driver: InitializeIPDv02p3 intro.
20260719 063939.176 INFO             PET2     >>>ESMX_Driver: entered Initialize (phase=<none>) with current time: 2012 10 24 18  0  0   0
20260719 063939.176 INFO             PET2     ESMX_Driver: IInitCheck intro.
20260719 063939.176 INFO             PET2       >>>ESMX_Driver: entered Initialize (phase=<none>) with current time: 2012 10 24 18  0  0   0
20260719 063939.176 INFO             PET2       <<<ESMX_Driver: leaving Initialize (phase=<none>) with current time: 2012 10 24 18  0  0   0
20260719 063939.176 INFO             PET2     ESMX_Driver: IInitCheck extro.
20260719 063939.176 INFO             PET2     ESMX_Driver: IInitRealize intro.
20260719 063939.176 INFO             PET2       >>>ESMX_Driver: entered Initialize (phase=<none>) with current time: 2012 10 24 18  0  0   0
20260719 063939.176 INFO             PET2       <<<ESMX_Driver: leaving Initialize (phase=<none>) with current time: 2012 10 24 18  0  0   0
20260719 063939.176 INFO             PET2     ESMX_Driver: IInitRealize extro.
20260719 063939.176 INFO             PET2     <<<ESMX_Driver: leaving Initialize (phase=<none>) with current time: 2012 10 24 18  0  0   0
20260719 063939.176 INFO             PET2   ESMX_Driver: InitializeIPDv02p3 extro.
20260719 063939.176 INFO             PET2   ESMX_Driver: InitializeIPDv02p5 intro.
20260719 063939.176 INFO             PET2     >>>ESMX_Driver: entered Initialize (phase=<none>) with current time: 2012 10 24 18  0  0   0
20260719 063939.177 INFO             PET2     ESMX_Driver: InitializeIPDv02p5Data intro.
20260719 063939.177 INFO             PET2       >>>ESMX_Driver: entered Initialize (phase=<none>) with current time: 2012 10 24 18  0  0   0
20260719 063939.177 INFO             PET2       ESMX_Driver: InternalInitializeComplete intro.
20260719 063939.177 INFO             PET2         >>>ESMX_Driver: entered Initialize (phase=<none>) with current time: 2012 10 24 18  0  0   0
20260719 063939.177 INFO             PET2         <<<ESMX_Driver: leaving Initialize (phase=<none>) with current time: 2012 10 24 18  0  0   0
20260719 063939.177 INFO             PET2       ESMX_Driver: InternalInitializeComplete extro.
20260719 063939.181 INFO             PET2       ESMX_Driver: loopDataDependentInitialize intro.
20260719 063939.181 INFO             PET2         >>>ESMX_Driver: entered Initialize (phase=<none>) with current time: 2012 10 24 18  0  0   0
20260719 063939.186 INFO             PET2         <<<ESMX_Driver: leaving Initialize (phase=<none>) with current time: 2012 10 24 18  0  0   0
20260719 063939.186 INFO             PET2       ESMX_Driver: loopDataDependentInitialize extro.
20260719 063939.186 INFO             PET2       <<<ESMX_Driver: leaving Initialize (phase=<none>) with current time: 2012 10 24 18  0  0   0
20260719 063939.186 INFO             PET2     ESMX_Driver: InitializeIPDv02p5Data extro.
20260719 063939.186 INFO             PET2     <<<ESMX_Driver: leaving Initialize (phase=<none>) with current time: 2012 10 24 18  0  0   0
20260719 063939.186 INFO             PET2   ESMX_Driver: InitializeIPDv02p5 extro.
20260719 063939.186 INFO             PET2   <<<ESMX_Driver: leaving Initialize (phase=<none>) with current time: 2012 10 24 18  0  0   0
20260719 063939.186 INFO             PET2 ESMX_Driver: InitializeGeneric extro.
20260719 063939.186 INFO             PET2 ESMX_Driver: Run intro.
20260719 063939.186 INFO             PET2   >>>ESMX_Driver: entered Run (phase=RunPhase1) with current time: 2012 10 24 18  0  0   0
20260719 063939.186 INFO             PET2   Message from inside C component Advance() method
20260719 063939.186 INFO             PET2   <<<ESMX_Driver: leaving Run (phase=RunPhase1) with current time: 2012 10 24 19  0  0   0
20260719 063939.186 INFO             PET2 ESMX_Driver: Run extro.
20260719 063939.186 INFO             PET2 ESMX_Driver: Finalize intro.
20260719 063939.186 INFO             PET2   >>>ESMX_Driver: entered Finalize (phase=FinalizePhase1) with current time: 2012 10 24 19  0  0   0
20260719 063939.186 INFO             PET2   Calling Finalize phase 1 for modelComp: MDL
20260719 063939.187 INFO             PET2   Delete modelComp: MDL
20260719 063939.187 INFO             PET2   <<<ESMX_Driver: leaving Finalize (phase=FinalizePhase1) with current time: 2012 10 24 19  0  0   0
20260719 063939.187 INFO             PET2 ESMX_Driver: Finalize extro.
20260719 063939.187 INFO             PET2 =============================================
20260719 063939.187 INFO             PET2 ESMX (Earth System Model eXecutable) FINISHED
20260719 063939.187 INFO             PET2 =============================================
20260719 063939.187 INFO             PET2  Finalizing ESMF
20260719 063938.949 INFO             PET3 !!!!!!!!!!!!!!!!!!!!!!!!!!!!!!!!!!!!!!!!!!!!!!!!!!!!!!
20260719 063938.961 INFO             PET3 !!! THE ESMF_LOG IS SET TO OUTPUT ALL LOG MESSAGES !!!
20260719 063938.961 INFO             PET3 !!!     THIS MAY CAUSE SLOWDOWN IN PERFORMANCE     !!!
20260719 063938.961 INFO             PET3 !!! FOR PRODUCTION RUNS, USE:                      !!!
20260719 063938.961 INFO             PET3 !!!                   ESMF_LOGKIND_Multi_On_Error  !!!
20260719 063938.961 INFO             PET3 !!!!!!!!!!!!!!!!!!!!!!!!!!!!!!!!!!!!!!!!!!!!!!!!!!!!!!
20260719 063938.961 INFO             PET3 Running with ESMF Version   : develop+g5ee87db4bf
20260719 063938.961 INFO             PET3 ESMF library build date/time: "Jul 19 2026" "05:58:23"
20260719 063938.961 INFO             PET3 ESMF library build location : /usr/local/esmf/esmf-testing/gfortran_14.2.0_mpich_g_develop/esmf
20260719 063938.961 INFO             PET3 ESMF_COMM                   : mpich
20260719 063938.961 INFO             PET3 ESMF_MOAB                   : enabled
20260719 063938.961 INFO             PET3 ESMF_LAPACK                 : enabled
20260719 063938.961 INFO             PET3 ESMF_NETCDF                 : enabled
20260719 063938.961 INFO             PET3 ESMF_PNETCDF                : disabled
20260719 063938.961 INFO             PET3 ESMF_PIO                    : enabled
20260719 063938.961 INFO             PET3 ESMF_YAMLCPP                : enabled
20260719 063938.970 INFO             PET3 =============================================
20260719 063938.970 INFO             PET3 ESMX (Earth System Model eXecutable) STARTING
20260719 063938.970 INFO             PET3 =============================================
20260719 063938.981 DEBUG            PET3 Generic SetVM() is executing for: ESMX_Driver
20260719 063938.985 DEBUG            PET3 Generic SetVM() found no NUOPC Hint for: ESMX_Driver
20260719 063938.985 DEBUG            PET3 Generic SetVM() therefore is NOT calling ESMF_GridCompSetVMMaxPEs() for: ESMX_Driver
20260719 063938.988 INFO             PET3 ESMX_Driver: InitializeGeneric intro.
20260719 063938.988 INFO             PET3   >>>ESMX_Driver: entered Initialize (phase=<none>) without valid internal Clock.
20260719 063938.988 INFO             PET3   ESMX_Driver: InitializeP0 intro.
20260719 063938.988 INFO             PET3     >>>ESMX_Driver: entered Initialize (phase=<none>) without valid internal Clock.
20260719 063938.988 INFO             PET3     <<<ESMX_Driver: leaving Initialize (phase=<none>) without valid internal Clock.
20260719 063938.988 INFO             PET3   ESMX_Driver: InitializeP0 extro.
20260719 063938.988 INFO             PET3   ESMX_Driver: InitializeIPDv02p1 intro.
20260719 063938.988 INFO             PET3     >>>ESMX_Driver: entered Initialize (phase=<none>) without valid internal Clock.
20260719 063939.000 INFO             PET3     ESMX_Driver - Creating model component MDL without petList.
20260719 063939.122 DEBUG            PET3     Generic SetVM() is executing for: MDL
20260719 063939.122 DEBUG            PET3     Generic SetVM() found no NUOPC Hint for: MDL
20260719 063939.122 DEBUG            PET3     Generic SetVM() therefore is NOT calling ESMF_GridCompSetVMMaxPEs() for: MDL
20260719 063939.175 INFO             PET3     ESMX_Driver: IInitAdvertise intro.
20260719 063939.175 INFO             PET3       >>>ESMX_Driver: entered Initialize (phase=<none>) with current time: 2012 10 24 18  0  0   0
20260719 063939.175 INFO             PET3       <<<ESMX_Driver: leaving Initialize (phase=<none>) with current time: 2012 10 24 18  0  0   0
20260719 063939.175 INFO             PET3     ESMX_Driver: IInitAdvertise extro.
20260719 063939.175 INFO             PET3     Message from inside C component Advertise() method
20260719 063939.175 INFO             PET3     ESMX_Driver: IInitAdvertiseFinish intro.
20260719 063939.175 INFO             PET3       >>>ESMX_Driver: entered Initialize (phase=<none>) with current time: 2012 10 24 18  0  0   0
20260719 063939.175 INFO             PET3       <<<ESMX_Driver: leaving Initialize (phase=<none>) with current time: 2012 10 24 18  0  0   0
20260719 063939.175 INFO             PET3     ESMX_Driver: IInitAdvertiseFinish extro.
20260719 063939.176 INFO             PET3     ESMX_Driver: IInitModifyCplLists intro.
20260719 063939.176 INFO             PET3       >>>ESMX_Driver: entered Initialize (phase=<none>) with current time: 2012 10 24 18  0  0   0
20260719 063939.176 INFO             PET3       <<<ESMX_Driver: leaving Initialize (phase=<none>) with current time: 2012 10 24 18  0  0   0
20260719 063939.176 INFO             PET3     ESMX_Driver: IInitModifyCplLists extro.
20260719 063939.176 INFO             PET3     <<<ESMX_Driver: leaving Initialize (phase=<none>) with current time: 2012 10 24 18  0  0   0
20260719 063939.176 INFO             PET3   ESMX_Driver: InitializeIPDv02p1 extro.
20260719 063939.176 INFO             PET3   ESMX_Driver: InitializeIPDv02p3 intro.
20260719 063939.176 INFO             PET3     >>>ESMX_Driver: entered Initialize (phase=<none>) with current time: 2012 10 24 18  0  0   0
20260719 063939.176 INFO             PET3     ESMX_Driver: IInitCheck intro.
20260719 063939.176 INFO             PET3       >>>ESMX_Driver: entered Initialize (phase=<none>) with current time: 2012 10 24 18  0  0   0
20260719 063939.176 INFO             PET3       <<<ESMX_Driver: leaving Initialize (phase=<none>) with current time: 2012 10 24 18  0  0   0
20260719 063939.176 INFO             PET3     ESMX_Driver: IInitCheck extro.
20260719 063939.176 INFO             PET3     ESMX_Driver: IInitRealize intro.
20260719 063939.176 INFO             PET3       >>>ESMX_Driver: entered Initialize (phase=<none>) with current time: 2012 10 24 18  0  0   0
20260719 063939.176 INFO             PET3       <<<ESMX_Driver: leaving Initialize (phase=<none>) with current time: 2012 10 24 18  0  0   0
20260719 063939.176 INFO             PET3     ESMX_Driver: IInitRealize extro.
20260719 063939.176 INFO             PET3     <<<ESMX_Driver: leaving Initialize (phase=<none>) with current time: 2012 10 24 18  0  0   0
20260719 063939.176 INFO             PET3   ESMX_Driver: InitializeIPDv02p3 extro.
20260719 063939.176 INFO             PET3   ESMX_Driver: InitializeIPDv02p5 intro.
20260719 063939.176 INFO             PET3     >>>ESMX_Driver: entered Initialize (phase=<none>) with current time: 2012 10 24 18  0  0   0
20260719 063939.177 INFO             PET3     ESMX_Driver: InitializeIPDv02p5Data intro.
20260719 063939.177 INFO             PET3       >>>ESMX_Driver: entered Initialize (phase=<none>) with current time: 2012 10 24 18  0  0   0
20260719 063939.177 INFO             PET3       ESMX_Driver: InternalInitializeComplete intro.
20260719 063939.177 INFO             PET3         >>>ESMX_Driver: entered Initialize (phase=<none>) with current time: 2012 10 24 18  0  0   0
20260719 063939.177 INFO             PET3         <<<ESMX_Driver: leaving Initialize (phase=<none>) with current time: 2012 10 24 18  0  0   0
20260719 063939.177 INFO             PET3       ESMX_Driver: InternalInitializeComplete extro.
20260719 063939.181 INFO             PET3       ESMX_Driver: loopDataDependentInitialize intro.
20260719 063939.181 INFO             PET3         >>>ESMX_Driver: entered Initialize (phase=<none>) with current time: 2012 10 24 18  0  0   0
20260719 063939.186 INFO             PET3         <<<ESMX_Driver: leaving Initialize (phase=<none>) with current time: 2012 10 24 18  0  0   0
20260719 063939.186 INFO             PET3       ESMX_Driver: loopDataDependentInitialize extro.
20260719 063939.186 INFO             PET3       <<<ESMX_Driver: leaving Initialize (phase=<none>) with current time: 2012 10 24 18  0  0   0
20260719 063939.186 INFO             PET3     ESMX_Driver: InitializeIPDv02p5Data extro.
20260719 063939.186 INFO             PET3     <<<ESMX_Driver: leaving Initialize (phase=<none>) with current time: 2012 10 24 18  0  0   0
20260719 063939.186 INFO             PET3   ESMX_Driver: InitializeIPDv02p5 extro.
20260719 063939.186 INFO             PET3   <<<ESMX_Driver: leaving Initialize (phase=<none>) with current time: 2012 10 24 18  0  0   0
20260719 063939.186 INFO             PET3 ESMX_Driver: InitializeGeneric extro.
20260719 063939.186 INFO             PET3 ESMX_Driver: Run intro.
20260719 063939.186 INFO             PET3   >>>ESMX_Driver: entered Run (phase=RunPhase1) with current time: 2012 10 24 18  0  0   0
20260719 063939.186 INFO             PET3   Message from inside C component Advance() method
20260719 063939.186 INFO             PET3   <<<ESMX_Driver: leaving Run (phase=RunPhase1) with current time: 2012 10 24 19  0  0   0
20260719 063939.186 INFO             PET3 ESMX_Driver: Run extro.
20260719 063939.186 INFO             PET3 ESMX_Driver: Finalize intro.
20260719 063939.186 INFO             PET3   >>>ESMX_Driver: entered Finalize (phase=FinalizePhase1) with current time: 2012 10 24 19  0  0   0
20260719 063939.186 INFO             PET3   Calling Finalize phase 1 for modelComp: MDL
20260719 063939.186 INFO             PET3   Delete modelComp: MDL
20260719 063939.186 INFO             PET3   <<<ESMX_Driver: leaving Finalize (phase=FinalizePhase1) with current time: 2012 10 24 19  0  0   0
20260719 063939.186 INFO             PET3 ESMX_Driver: Finalize extro.
20260719 063939.186 INFO             PET3 =============================================
20260719 063939.186 INFO             PET3 ESMX (Earth System Model eXecutable) FINISHED
20260719 063939.186 INFO             PET3 =============================================
20260719 063939.186 INFO             PET3  Finalizing ESMF
