2026-08-04 01:32:52
20260804 020634.280 INFO             PET0 !!!!!!!!!!!!!!!!!!!!!!!!!!!!!!!!!!!!!!!!!!!!!!!!!!!!!!
20260804 020634.280 INFO             PET0 !!! THE ESMF_LOG IS SET TO OUTPUT ALL LOG MESSAGES !!!
20260804 020634.280 INFO             PET0 !!!     THIS MAY CAUSE SLOWDOWN IN PERFORMANCE     !!!
20260804 020634.280 INFO             PET0 !!! FOR PRODUCTION RUNS, USE:                      !!!
20260804 020634.280 INFO             PET0 !!!                   ESMF_LOGKIND_Multi_On_Error  !!!
20260804 020634.280 INFO             PET0 !!!!!!!!!!!!!!!!!!!!!!!!!!!!!!!!!!!!!!!!!!!!!!!!!!!!!!
20260804 020634.280 INFO             PET0 Running with ESMF Version   : develop+g45870de0c5
20260804 020634.280 INFO             PET0 ESMF library build date/time: "Aug  4 2026" "01:31:03"
20260804 020634.280 INFO             PET0 ESMF library build location : /glade/derecho/scratch/sacks/esmf-testing/intel_2024.2.1-oneAPI_mpi_g_develop/esmf
20260804 020634.280 INFO             PET0 ESMF_COMM                   : mpi
20260804 020634.281 INFO             PET0 ESMF_MOAB                   : enabled
20260804 020634.281 INFO             PET0 ESMF_LAPACK                 : enabled
20260804 020634.281 INFO             PET0 ESMF_NETCDF                 : enabled
20260804 020634.281 INFO             PET0 ESMF_PNETCDF                : disabled
20260804 020634.281 INFO             PET0 ESMF_PIO                    : enabled
20260804 020634.281 INFO             PET0 ESMF_YAMLCPP                : enabled
20260804 020634.288 INFO             PET0  NUMBER_OF_PROCESSORS           1
20260804 020634.288 INFO             PET0  PASS  Example ESMF_XGridSparseMatEx, ESMF_XGridSparseMatEx.F90, line 642
20260804 020634.288 INFO             PET0  Finalizing ESMF
