2026-07-18 01:36:14
20260718 021120.825 INFO             PET0 !!!!!!!!!!!!!!!!!!!!!!!!!!!!!!!!!!!!!!!!!!!!!!!!!!!!!!
20260718 021120.825 INFO             PET0 !!! THE ESMF_LOG IS SET TO OUTPUT ALL LOG MESSAGES !!!
20260718 021120.825 INFO             PET0 !!!     THIS MAY CAUSE SLOWDOWN IN PERFORMANCE     !!!
20260718 021120.825 INFO             PET0 !!! FOR PRODUCTION RUNS, USE:                      !!!
20260718 021120.825 INFO             PET0 !!!                   ESMF_LOGKIND_Multi_On_Error  !!!
20260718 021120.825 INFO             PET0 !!!!!!!!!!!!!!!!!!!!!!!!!!!!!!!!!!!!!!!!!!!!!!!!!!!!!!
20260718 021120.825 INFO             PET0 Running with ESMF Version   : develop+g5ee87db4bf
20260718 021120.825 INFO             PET0 ESMF library build date/time: "Jul 18 2026" "01:34:28"
20260718 021120.825 INFO             PET0 ESMF library build location : /glade/derecho/scratch/sacks/esmf-testing/intel_2024.2.1-oneAPI_mpi_g_develop/esmf
20260718 021120.825 INFO             PET0 ESMF_COMM                   : mpi
20260718 021120.826 INFO             PET0 ESMF_MOAB                   : enabled
20260718 021120.826 INFO             PET0 ESMF_LAPACK                 : enabled
20260718 021120.826 INFO             PET0 ESMF_NETCDF                 : enabled
20260718 021120.826 INFO             PET0 ESMF_PNETCDF                : disabled
20260718 021120.826 INFO             PET0 ESMF_PIO                    : enabled
20260718 021120.826 INFO             PET0 ESMF_YAMLCPP                : enabled
20260718 021120.826 INFO             PET0 ESMF Tracing Enabled
20260718 021120.826 INFO             PET0 ESMF Profiling Enabled
20260718 021120.826 INFO             PET0 ESMF Trace/Profile clock: REALTIME
20260718 021120.830 INFO             PET0  NUMBER_OF_PROCESSORS           4
20260718 021120.830 INFO             PET0  PASS  Example ESMF_TraceEx, ESMF_TraceEx.F90, line 178
20260718 021120.830 INFO             PET0  Finalizing ESMF
20260718 021120.830 INFO             PET0 **************** Region Timings *******************
20260718 021120.830 INFO             PET0 Region              Count  Total (s)   Self (s)    Mean (s)    Min (s)     Max (s)
20260718 021120.830 INFO             PET0   [ESMF]            1      0.0017      0.0016      0.0017      0.0017      0.0017
20260718 021120.830 INFO             PET0     [test] Run 1    5      0.0000      0.0000      0.0000      0.0000      0.0000
20260718 021120.830 INFO             PET0     [test] Init 1   1      0.0000      0.0000      0.0000      0.0000      0.0000
20260718 021120.830 INFO             PET0     [test] Final 1  1      0.0000      0.0000      0.0000      0.0000      0.0000
20260718 021120.826 INFO             PET1 !!!!!!!!!!!!!!!!!!!!!!!!!!!!!!!!!!!!!!!!!!!!!!!!!!!!!!
20260718 021120.826 INFO             PET1 !!! THE ESMF_LOG IS SET TO OUTPUT ALL LOG MESSAGES !!!
20260718 021120.826 INFO             PET1 !!!     THIS MAY CAUSE SLOWDOWN IN PERFORMANCE     !!!
20260718 021120.826 INFO             PET1 !!! FOR PRODUCTION RUNS, USE:                      !!!
20260718 021120.826 INFO             PET1 !!!                   ESMF_LOGKIND_Multi_On_Error  !!!
20260718 021120.826 INFO             PET1 !!!!!!!!!!!!!!!!!!!!!!!!!!!!!!!!!!!!!!!!!!!!!!!!!!!!!!
20260718 021120.826 INFO             PET1 Running with ESMF Version   : develop+g5ee87db4bf
20260718 021120.826 INFO             PET1 ESMF library build date/time: "Jul 18 2026" "01:34:28"
20260718 021120.826 INFO             PET1 ESMF library build location : /glade/derecho/scratch/sacks/esmf-testing/intel_2024.2.1-oneAPI_mpi_g_develop/esmf
20260718 021120.826 INFO             PET1 ESMF_COMM                   : mpi
20260718 021120.826 INFO             PET1 ESMF_MOAB                   : enabled
20260718 021120.826 INFO             PET1 ESMF_LAPACK                 : enabled
20260718 021120.826 INFO             PET1 ESMF_NETCDF                 : enabled
20260718 021120.826 INFO             PET1 ESMF_PNETCDF                : disabled
20260718 021120.826 INFO             PET1 ESMF_PIO                    : enabled
20260718 021120.826 INFO             PET1 ESMF_YAMLCPP                : enabled
20260718 021120.826 INFO             PET1 ESMF Tracing Enabled
20260718 021120.826 INFO             PET1 ESMF Profiling Enabled
20260718 021120.826 INFO             PET1 ESMF Trace/Profile clock: REALTIME
20260718 021120.830 INFO             PET1  NUMBER_OF_PROCESSORS           4
20260718 021120.830 INFO             PET1  PASS  Example ESMF_TraceEx, ESMF_TraceEx.F90, line 178
20260718 021120.830 INFO             PET1  Finalizing ESMF
20260718 021120.830 INFO             PET1 **************** Region Timings *******************
20260718 021120.830 INFO             PET1 Region              Count  Total (s)   Self (s)    Mean (s)    Min (s)     Max (s)
20260718 021120.830 INFO             PET1   [ESMF]            1      0.0026      0.0025      0.0026      0.0026      0.0026
20260718 021120.830 INFO             PET1     [test] Init 1   1      0.0001      0.0001      0.0001      0.0001      0.0001
20260718 021120.830 INFO             PET1     [test] Run 1    5      0.0000      0.0000      0.0000      0.0000      0.0000
20260718 021120.830 INFO             PET1     [test] Final 1  1      0.0000      0.0000      0.0000      0.0000      0.0000
20260718 021120.825 INFO             PET2 !!!!!!!!!!!!!!!!!!!!!!!!!!!!!!!!!!!!!!!!!!!!!!!!!!!!!!
20260718 021120.825 INFO             PET2 !!! THE ESMF_LOG IS SET TO OUTPUT ALL LOG MESSAGES !!!
20260718 021120.825 INFO             PET2 !!!     THIS MAY CAUSE SLOWDOWN IN PERFORMANCE     !!!
20260718 021120.825 INFO             PET2 !!! FOR PRODUCTION RUNS, USE:                      !!!
20260718 021120.825 INFO             PET2 !!!                   ESMF_LOGKIND_Multi_On_Error  !!!
20260718 021120.825 INFO             PET2 !!!!!!!!!!!!!!!!!!!!!!!!!!!!!!!!!!!!!!!!!!!!!!!!!!!!!!
20260718 021120.825 INFO             PET2 Running with ESMF Version   : develop+g5ee87db4bf
20260718 021120.825 INFO             PET2 ESMF library build date/time: "Jul 18 2026" "01:34:28"
20260718 021120.825 INFO             PET2 ESMF library build location : /glade/derecho/scratch/sacks/esmf-testing/intel_2024.2.1-oneAPI_mpi_g_develop/esmf
20260718 021120.825 INFO             PET2 ESMF_COMM                   : mpi
20260718 021120.826 INFO             PET2 ESMF_MOAB                   : enabled
20260718 021120.826 INFO             PET2 ESMF_LAPACK                 : enabled
20260718 021120.826 INFO             PET2 ESMF_NETCDF                 : enabled
20260718 021120.826 INFO             PET2 ESMF_PNETCDF                : disabled
20260718 021120.826 INFO             PET2 ESMF_PIO                    : enabled
20260718 021120.826 INFO             PET2 ESMF_YAMLCPP                : enabled
20260718 021120.826 INFO             PET2 ESMF Tracing Enabled
20260718 021120.826 INFO             PET2 ESMF Profiling Enabled
20260718 021120.826 INFO             PET2 ESMF Trace/Profile clock: REALTIME
20260718 021120.830 INFO             PET2  NUMBER_OF_PROCESSORS           4
20260718 021120.830 INFO             PET2  PASS  Example ESMF_TraceEx, ESMF_TraceEx.F90, line 178
20260718 021120.830 INFO             PET2  Finalizing ESMF
20260718 021120.830 INFO             PET2 **************** Region Timings *******************
20260718 021120.830 INFO             PET2 Region              Count  Total (s)   Self (s)    Mean (s)    Min (s)     Max (s)
20260718 021120.830 INFO             PET2   [ESMF]            1      0.0024      0.0023      0.0024      0.0024      0.0024
20260718 021120.830 INFO             PET2     [test] Init 1   1      0.0001      0.0001      0.0001      0.0001      0.0001
20260718 021120.830 INFO             PET2     [test] Run 1    5      0.0000      0.0000      0.0000      0.0000      0.0000
20260718 021120.830 INFO             PET2     [test] Final 1  1      0.0000      0.0000      0.0000      0.0000      0.0000
20260718 021120.825 INFO             PET3 !!!!!!!!!!!!!!!!!!!!!!!!!!!!!!!!!!!!!!!!!!!!!!!!!!!!!!
20260718 021120.825 INFO             PET3 !!! THE ESMF_LOG IS SET TO OUTPUT ALL LOG MESSAGES !!!
20260718 021120.825 INFO             PET3 !!!     THIS MAY CAUSE SLOWDOWN IN PERFORMANCE     !!!
20260718 021120.825 INFO             PET3 !!! FOR PRODUCTION RUNS, USE:                      !!!
20260718 021120.825 INFO             PET3 !!!                   ESMF_LOGKIND_Multi_On_Error  !!!
20260718 021120.825 INFO             PET3 !!!!!!!!!!!!!!!!!!!!!!!!!!!!!!!!!!!!!!!!!!!!!!!!!!!!!!
20260718 021120.825 INFO             PET3 Running with ESMF Version   : develop+g5ee87db4bf
20260718 021120.825 INFO             PET3 ESMF library build date/time: "Jul 18 2026" "01:34:28"
20260718 021120.825 INFO             PET3 ESMF library build location : /glade/derecho/scratch/sacks/esmf-testing/intel_2024.2.1-oneAPI_mpi_g_develop/esmf
20260718 021120.825 INFO             PET3 ESMF_COMM                   : mpi
20260718 021120.826 INFO             PET3 ESMF_MOAB                   : enabled
20260718 021120.826 INFO             PET3 ESMF_LAPACK                 : enabled
20260718 021120.826 INFO             PET3 ESMF_NETCDF                 : enabled
20260718 021120.826 INFO             PET3 ESMF_PNETCDF                : disabled
20260718 021120.826 INFO             PET3 ESMF_PIO                    : enabled
20260718 021120.826 INFO             PET3 ESMF_YAMLCPP                : enabled
20260718 021120.826 INFO             PET3 ESMF Tracing Enabled
20260718 021120.826 INFO             PET3 ESMF Profiling Enabled
20260718 021120.826 INFO             PET3 ESMF Trace/Profile clock: REALTIME
20260718 021120.830 INFO             PET3  NUMBER_OF_PROCESSORS           4
20260718 021120.830 INFO             PET3  PASS  Example ESMF_TraceEx, ESMF_TraceEx.F90, line 178
20260718 021120.830 INFO             PET3  Finalizing ESMF
20260718 021120.830 INFO             PET3 **************** Region Timings *******************
20260718 021120.830 INFO             PET3 Region              Count  Total (s)   Self (s)    Mean (s)    Min (s)     Max (s)
20260718 021120.830 INFO             PET3   [ESMF]            1      0.0022      0.0021      0.0022      0.0022      0.0022
20260718 021120.830 INFO             PET3     [test] Init 1   1      0.0001      0.0001      0.0001      0.0001      0.0001
20260718 021120.830 INFO             PET3     [test] Run 1    5      0.0000      0.0000      0.0000      0.0000      0.0000
20260718 021120.830 INFO             PET3     [test] Final 1  1      0.0000      0.0000      0.0000      0.0000      0.0000
