2026-06-09 01:30:24
20260609 020248.968 INFO             PET0 !!!!!!!!!!!!!!!!!!!!!!!!!!!!!!!!!!!!!!!!!!!!!!!!!!!!!!
20260609 020248.968 INFO             PET0 !!! THE ESMF_LOG IS SET TO OUTPUT ALL LOG MESSAGES !!!
20260609 020248.968 INFO             PET0 !!!     THIS MAY CAUSE SLOWDOWN IN PERFORMANCE     !!!
20260609 020248.968 INFO             PET0 !!! FOR PRODUCTION RUNS, USE:                      !!!
20260609 020248.968 INFO             PET0 !!!                   ESMF_LOGKIND_Multi_On_Error  !!!
20260609 020248.968 INFO             PET0 !!!!!!!!!!!!!!!!!!!!!!!!!!!!!!!!!!!!!!!!!!!!!!!!!!!!!!
20260609 020248.968 INFO             PET0 Running with ESMF Version   : develop+gf183dd1f0b
20260609 020248.968 INFO             PET0 ESMF library build date/time: "Jun  9 2026" "01:28:40"
20260609 020248.968 INFO             PET0 ESMF library build location : /glade/derecho/scratch/sacks/esmf-testing/intel_2024.2.1-oneAPI_mpi_g_develop/esmf
20260609 020248.968 INFO             PET0 ESMF_COMM                   : mpi
20260609 020248.968 INFO             PET0 ESMF_MOAB                   : enabled
20260609 020248.968 INFO             PET0 ESMF_LAPACK                 : enabled
20260609 020248.968 INFO             PET0 ESMF_NETCDF                 : enabled
20260609 020248.968 INFO             PET0 ESMF_PNETCDF                : disabled
20260609 020248.968 INFO             PET0 ESMF_PIO                    : enabled
20260609 020248.968 INFO             PET0 ESMF_YAMLCPP                : enabled
20260609 020248.971 INFO             PET0 ESMF_FieldRedistStoreNF(): Just entered routine.
20260609 020248.973 INFO             PET0 ESMF_FieldRedistStoreNF(): Leaving routine.
20260609 020248.976 INFO             PET0 ESMF_FieldRedistStoreNF(): Just entered routine.
20260609 020248.978 INFO             PET0 ESMF_FieldRedistStoreNF(): Leaving routine.
20260609 020248.978 INFO             PET0 ESMF_FieldRedistStoreNF(): Just entered routine.
20260609 020248.979 INFO             PET0 ESMF_FieldRedistStoreNF(): Leaving routine.
20260609 020248.979 INFO             PET0  NUMBER_OF_PROCESSORS           4
20260609 020248.979 INFO             PET0  PASS  Example ESMF_FieldRedistEx, ESMF_FieldRedistEx.F90, line 521
20260609 020248.979 INFO             PET0  Finalizing ESMF
20260609 020248.967 INFO             PET1 !!!!!!!!!!!!!!!!!!!!!!!!!!!!!!!!!!!!!!!!!!!!!!!!!!!!!!
20260609 020248.967 INFO             PET1 !!! THE ESMF_LOG IS SET TO OUTPUT ALL LOG MESSAGES !!!
20260609 020248.967 INFO             PET1 !!!     THIS MAY CAUSE SLOWDOWN IN PERFORMANCE     !!!
20260609 020248.967 INFO             PET1 !!! FOR PRODUCTION RUNS, USE:                      !!!
20260609 020248.967 INFO             PET1 !!!                   ESMF_LOGKIND_Multi_On_Error  !!!
20260609 020248.967 INFO             PET1 !!!!!!!!!!!!!!!!!!!!!!!!!!!!!!!!!!!!!!!!!!!!!!!!!!!!!!
20260609 020248.967 INFO             PET1 Running with ESMF Version   : develop+gf183dd1f0b
20260609 020248.967 INFO             PET1 ESMF library build date/time: "Jun  9 2026" "01:28:40"
20260609 020248.967 INFO             PET1 ESMF library build location : /glade/derecho/scratch/sacks/esmf-testing/intel_2024.2.1-oneAPI_mpi_g_develop/esmf
20260609 020248.967 INFO             PET1 ESMF_COMM                   : mpi
20260609 020248.968 INFO             PET1 ESMF_MOAB                   : enabled
20260609 020248.968 INFO             PET1 ESMF_LAPACK                 : enabled
20260609 020248.968 INFO             PET1 ESMF_NETCDF                 : enabled
20260609 020248.968 INFO             PET1 ESMF_PNETCDF                : disabled
20260609 020248.968 INFO             PET1 ESMF_PIO                    : enabled
20260609 020248.968 INFO             PET1 ESMF_YAMLCPP                : enabled
20260609 020248.971 INFO             PET1 ESMF_FieldRedistStoreNF(): Just entered routine.
20260609 020248.973 INFO             PET1 ESMF_FieldRedistStoreNF(): Leaving routine.
20260609 020248.976 INFO             PET1 ESMF_FieldRedistStoreNF(): Just entered routine.
20260609 020248.978 INFO             PET1 ESMF_FieldRedistStoreNF(): Leaving routine.
20260609 020248.978 INFO             PET1 ESMF_FieldRedistStoreNF(): Just entered routine.
20260609 020248.979 INFO             PET1 ESMF_FieldRedistStoreNF(): Leaving routine.
20260609 020248.979 INFO             PET1  NUMBER_OF_PROCESSORS           4
20260609 020248.979 INFO             PET1  PASS  Example ESMF_FieldRedistEx, ESMF_FieldRedistEx.F90, line 521
20260609 020248.979 INFO             PET1  Finalizing ESMF
20260609 020248.967 INFO             PET2 !!!!!!!!!!!!!!!!!!!!!!!!!!!!!!!!!!!!!!!!!!!!!!!!!!!!!!
20260609 020248.967 INFO             PET2 !!! THE ESMF_LOG IS SET TO OUTPUT ALL LOG MESSAGES !!!
20260609 020248.967 INFO             PET2 !!!     THIS MAY CAUSE SLOWDOWN IN PERFORMANCE     !!!
20260609 020248.967 INFO             PET2 !!! FOR PRODUCTION RUNS, USE:                      !!!
20260609 020248.967 INFO             PET2 !!!                   ESMF_LOGKIND_Multi_On_Error  !!!
20260609 020248.967 INFO             PET2 !!!!!!!!!!!!!!!!!!!!!!!!!!!!!!!!!!!!!!!!!!!!!!!!!!!!!!
20260609 020248.967 INFO             PET2 Running with ESMF Version   : develop+gf183dd1f0b
20260609 020248.967 INFO             PET2 ESMF library build date/time: "Jun  9 2026" "01:28:40"
20260609 020248.967 INFO             PET2 ESMF library build location : /glade/derecho/scratch/sacks/esmf-testing/intel_2024.2.1-oneAPI_mpi_g_develop/esmf
20260609 020248.967 INFO             PET2 ESMF_COMM                   : mpi
20260609 020248.967 INFO             PET2 ESMF_MOAB                   : enabled
20260609 020248.967 INFO             PET2 ESMF_LAPACK                 : enabled
20260609 020248.967 INFO             PET2 ESMF_NETCDF                 : enabled
20260609 020248.967 INFO             PET2 ESMF_PNETCDF                : disabled
20260609 020248.967 INFO             PET2 ESMF_PIO                    : enabled
20260609 020248.967 INFO             PET2 ESMF_YAMLCPP                : enabled
20260609 020248.971 INFO             PET2 ESMF_FieldRedistStoreNF(): Just entered routine.
20260609 020248.973 INFO             PET2 ESMF_FieldRedistStoreNF(): Leaving routine.
20260609 020248.976 INFO             PET2 ESMF_FieldRedistStoreNF(): Just entered routine.
20260609 020248.978 INFO             PET2 ESMF_FieldRedistStoreNF(): Leaving routine.
20260609 020248.978 INFO             PET2 ESMF_FieldRedistStoreNF(): Just entered routine.
20260609 020248.979 INFO             PET2 ESMF_FieldRedistStoreNF(): Leaving routine.
20260609 020248.979 INFO             PET2  NUMBER_OF_PROCESSORS           4
20260609 020248.979 INFO             PET2  PASS  Example ESMF_FieldRedistEx, ESMF_FieldRedistEx.F90, line 521
20260609 020248.979 INFO             PET2  Finalizing ESMF
20260609 020248.968 INFO             PET3 !!!!!!!!!!!!!!!!!!!!!!!!!!!!!!!!!!!!!!!!!!!!!!!!!!!!!!
20260609 020248.968 INFO             PET3 !!! THE ESMF_LOG IS SET TO OUTPUT ALL LOG MESSAGES !!!
20260609 020248.968 INFO             PET3 !!!     THIS MAY CAUSE SLOWDOWN IN PERFORMANCE     !!!
20260609 020248.968 INFO             PET3 !!! FOR PRODUCTION RUNS, USE:                      !!!
20260609 020248.968 INFO             PET3 !!!                   ESMF_LOGKIND_Multi_On_Error  !!!
20260609 020248.968 INFO             PET3 !!!!!!!!!!!!!!!!!!!!!!!!!!!!!!!!!!!!!!!!!!!!!!!!!!!!!!
20260609 020248.968 INFO             PET3 Running with ESMF Version   : develop+gf183dd1f0b
20260609 020248.968 INFO             PET3 ESMF library build date/time: "Jun  9 2026" "01:28:40"
20260609 020248.968 INFO             PET3 ESMF library build location : /glade/derecho/scratch/sacks/esmf-testing/intel_2024.2.1-oneAPI_mpi_g_develop/esmf
20260609 020248.968 INFO             PET3 ESMF_COMM                   : mpi
20260609 020248.969 INFO             PET3 ESMF_MOAB                   : enabled
20260609 020248.969 INFO             PET3 ESMF_LAPACK                 : enabled
20260609 020248.969 INFO             PET3 ESMF_NETCDF                 : enabled
20260609 020248.969 INFO             PET3 ESMF_PNETCDF                : disabled
20260609 020248.969 INFO             PET3 ESMF_PIO                    : enabled
20260609 020248.969 INFO             PET3 ESMF_YAMLCPP                : enabled
20260609 020248.971 INFO             PET3 ESMF_FieldRedistStoreNF(): Just entered routine.
20260609 020248.973 INFO             PET3 ESMF_FieldRedistStoreNF(): Leaving routine.
20260609 020248.976 INFO             PET3 ESMF_FieldRedistStoreNF(): Just entered routine.
20260609 020248.978 INFO             PET3 ESMF_FieldRedistStoreNF(): Leaving routine.
20260609 020248.978 INFO             PET3 ESMF_FieldRedistStoreNF(): Just entered routine.
20260609 020248.979 INFO             PET3 ESMF_FieldRedistStoreNF(): Leaving routine.
20260609 020248.979 INFO             PET3  NUMBER_OF_PROCESSORS           4
20260609 020248.979 INFO             PET3  PASS  Example ESMF_FieldRedistEx, ESMF_FieldRedistEx.F90, line 521
20260609 020248.979 INFO             PET3  Finalizing ESMF
