2026-07-18 03:54:19
20260718 040639.094 INFO             PET0 !!!!!!!!!!!!!!!!!!!!!!!!!!!!!!!!!!!!!!!!!!!!!!!!!!!!!!
20260718 040639.094 INFO             PET0 !!! THE ESMF_LOG IS SET TO OUTPUT ALL LOG MESSAGES !!!
20260718 040639.094 INFO             PET0 !!!     THIS MAY CAUSE SLOWDOWN IN PERFORMANCE     !!!
20260718 040639.094 INFO             PET0 !!! FOR PRODUCTION RUNS, USE:                      !!!
20260718 040639.094 INFO             PET0 !!!                   ESMF_LOGKIND_Multi_On_Error  !!!
20260718 040639.094 INFO             PET0 !!!!!!!!!!!!!!!!!!!!!!!!!!!!!!!!!!!!!!!!!!!!!!!!!!!!!!
20260718 040639.094 INFO             PET0 Running with ESMF Version   : develop+g5ee87db4bf
20260718 040639.094 INFO             PET0 ESMF library build date/time: "Jul 18 2026" "03:53:31"
20260718 040639.094 INFO             PET0 ESMF library build location : /tmp/intel_2025.2.1_mpiuni_O_develop/esmf
20260718 040639.094 INFO             PET0 ESMF_COMM                   : mpiuni
20260718 040639.094 INFO             PET0 ESMF_MOAB                   : enabled
20260718 040639.094 INFO             PET0 ESMF_LAPACK                 : enabled
20260718 040639.094 INFO             PET0 ESMF_NETCDF                 : enabled
20260718 040639.094 INFO             PET0 ESMF_PNETCDF                : disabled
20260718 040639.094 INFO             PET0 ESMF_PIO                    : enabled
20260718 040639.094 INFO             PET0 ESMF_YAMLCPP                : enabled
20260718 040639.094 INFO             PET0 ESMF Tracing Enabled
20260718 040639.094 INFO             PET0 ESMF Profiling Enabled
20260718 040639.094 INFO             PET0 ESMF Trace/Profile clock: REALTIME
20260718 040639.094 INFO             PET0  NUMBER_OF_PROCESSORS           1
20260718 040639.094 INFO             PET0  PASS  Example ESMF_TraceUserEx, ESMF_TraceUserEx.F90, line 125
20260718 040639.094 INFO             PET0  Finalizing ESMF
20260718 040639.094 INFO             PET0 **************** Region Timings *******************
20260718 040639.094 INFO             PET0 Region                Count  Total (s)   Self (s)    Mean (s)    Min (s)     Max (s)
20260718 040639.095 INFO             PET0   [ESMF]              1      0.0001      0.0001      0.0001      0.0001      0.0001
20260718 040639.095 INFO             PET0     outer_region      1      0.0000      0.0000      0.0000      0.0000      0.0000
20260718 040639.095 INFO             PET0       inner_region_1  10     0.0000      0.0000      0.0000      0.0000      0.0000
20260718 040639.095 INFO             PET0       inner_region_2  10     0.0000      0.0000      0.0000      0.0000      0.0000
