2026-05-17 03:45:12
20260517 035735.870 INFO             PET0 !!!!!!!!!!!!!!!!!!!!!!!!!!!!!!!!!!!!!!!!!!!!!!!!!!!!!!
20260517 035735.871 INFO             PET0 !!! THE ESMF_LOG IS SET TO OUTPUT ALL LOG MESSAGES !!!
20260517 035735.871 INFO             PET0 !!!     THIS MAY CAUSE SLOWDOWN IN PERFORMANCE     !!!
20260517 035735.871 INFO             PET0 !!! FOR PRODUCTION RUNS, USE:                      !!!
20260517 035735.871 INFO             PET0 !!!                   ESMF_LOGKIND_Multi_On_Error  !!!
20260517 035735.871 INFO             PET0 !!!!!!!!!!!!!!!!!!!!!!!!!!!!!!!!!!!!!!!!!!!!!!!!!!!!!!
20260517 035735.871 INFO             PET0 Running with ESMF Version   : v9.0.0b13
20260517 035735.871 INFO             PET0 ESMF library build date/time: "May 17 2026" "03:44:24"
20260517 035735.871 INFO             PET0 ESMF library build location : /tmp/intel_2025.2.1_mpiuni_O_develop/esmf
20260517 035735.871 INFO             PET0 ESMF_COMM                   : mpiuni
20260517 035735.871 INFO             PET0 ESMF_MOAB                   : enabled
20260517 035735.871 INFO             PET0 ESMF_LAPACK                 : enabled
20260517 035735.871 INFO             PET0 ESMF_NETCDF                 : enabled
20260517 035735.871 INFO             PET0 ESMF_PNETCDF                : disabled
20260517 035735.871 INFO             PET0 ESMF_PIO                    : enabled
20260517 035735.871 INFO             PET0 ESMF_YAMLCPP                : enabled
20260517 035735.871 INFO             PET0  NUMBER_OF_PROCESSORS           1
20260517 035735.871 INFO             PET0  PASS  Example ESMF_TimeEx, ESMF_TimeEx.F90, line 141
20260517 035735.871 INFO             PET0  Finalizing ESMF
