2026-07-10 03:54:30
20260710 040715.896 INFO             PET0 !!!!!!!!!!!!!!!!!!!!!!!!!!!!!!!!!!!!!!!!!!!!!!!!!!!!!!
20260710 040715.897 INFO             PET0 !!! THE ESMF_LOG IS SET TO OUTPUT ALL LOG MESSAGES !!!
20260710 040715.897 INFO             PET0 !!!     THIS MAY CAUSE SLOWDOWN IN PERFORMANCE     !!!
20260710 040715.897 INFO             PET0 !!! FOR PRODUCTION RUNS, USE:                      !!!
20260710 040715.897 INFO             PET0 !!!                   ESMF_LOGKIND_Multi_On_Error  !!!
20260710 040715.897 INFO             PET0 !!!!!!!!!!!!!!!!!!!!!!!!!!!!!!!!!!!!!!!!!!!!!!!!!!!!!!
20260710 040715.897 INFO             PET0 Running with ESMF Version   : develop+gf1c7bb6d5f
20260710 040715.897 INFO             PET0 ESMF library build date/time: "Jul 10 2026" "03:53:42"
20260710 040715.897 INFO             PET0 ESMF library build location : /tmp/intel_2025.2.1_mpiuni_O_develop/esmf
20260710 040715.897 INFO             PET0 ESMF_COMM                   : mpiuni
20260710 040715.897 INFO             PET0 ESMF_MOAB                   : enabled
20260710 040715.897 INFO             PET0 ESMF_LAPACK                 : enabled
20260710 040715.897 INFO             PET0 ESMF_NETCDF                 : enabled
20260710 040715.897 INFO             PET0 ESMF_PNETCDF                : disabled
20260710 040715.897 INFO             PET0 ESMF_PIO                    : enabled
20260710 040715.897 INFO             PET0 ESMF_YAMLCPP                : enabled
20260710 040715.898 INFO             PET0  NUMBER_OF_PROCESSORS           1
20260710 040715.898 INFO             PET0  PASS  Example ESMF_AppMainEx, ESMF_AppMainEx.F90, line 486
20260710 040715.898 INFO             PET0  Finalizing ESMF
