2026-06-11 21:36:53
20260611 215558.520 INFO             PET0 !!!!!!!!!!!!!!!!!!!!!!!!!!!!!!!!!!!!!!!!!!!!!!!!!!!!!!
20260611 215558.520 INFO             PET0 !!! THE ESMF_LOG IS SET TO OUTPUT ALL LOG MESSAGES !!!
20260611 215558.520 INFO             PET0 !!!     THIS MAY CAUSE SLOWDOWN IN PERFORMANCE     !!!
20260611 215558.520 INFO             PET0 !!! FOR PRODUCTION RUNS, USE:                      !!!
20260611 215558.520 INFO             PET0 !!!                   ESMF_LOGKIND_Multi_On_Error  !!!
20260611 215558.520 INFO             PET0 !!!!!!!!!!!!!!!!!!!!!!!!!!!!!!!!!!!!!!!!!!!!!!!!!!!!!!
20260611 215558.520 INFO             PET0 Running with ESMF Version   : develop+g44805b02cc
20260611 215558.520 INFO             PET0 ESMF library build date/time: "Jun 11 2026" "21:35:44"
20260611 215558.520 INFO             PET0 ESMF library build location : /usr/local/esmf/esmf-testing/gfortranclang_14.2.0_17.0.0_openmpi_g_develop/esmf
20260611 215558.520 INFO             PET0 ESMF_COMM                   : openmpi
20260611 215558.520 INFO             PET0 ESMF_MOAB                   : enabled
20260611 215558.520 INFO             PET0 ESMF_LAPACK                 : enabled
20260611 215558.520 INFO             PET0 ESMF_NETCDF                 : enabled
20260611 215558.520 INFO             PET0 ESMF_PNETCDF                : disabled
20260611 215558.520 INFO             PET0 ESMF_PIO                    : enabled
20260611 215558.520 INFO             PET0 ESMF_YAMLCPP                : enabled
20260611 215558.520 INFO             PET0  NUMBER_OF_PROCESSORS           1
20260611 215558.520 INFO             PET0  PASS  Example CalendarEx, ESMF_CalendarEx.F90, line 217
20260611 215558.520 INFO             PET0  Finalizing ESMF
