2026-07-29 00:38:23
--- ESMCI::Array::print start ---
 Base name    = Array008
 Status: Base = Ready,  object = Ready
 Proxy        = no
 Root Info (Attributes):
{
  "ESMF": {
    "Instance": {
      "NamedAliasCount": 0
    }
  }
}Array typekind/rank: Real*8 / 2 
~ lower class' values ~
DistGrid dimCount = 2
deCount = 4
localDeCount = 1
~ local data in LocalArray for DE 0 ~
LocalArrayPrint: Array at address 0x143e0a1a0:
            rank = 2, typekind = 6, base_addr = 0x6000037400f0
            dim[0] = 3  dim[1] = 10  
  Real, *8, Dim 2, Data values:
--- ESMCI::Array::print start ---
 Base name    = Array008
( 1, 1) =  513.58
( 2, 1) =  613.58
 Status: Base = Ready,  object = Ready
 Proxy        = no
( 3, 1) =  713.58
( 1, 2) =  514.814
--- ESMCI::Array::print start ---
 Base name    = Array008
 Root Info (Attributes):
( 2, 2) =  614.814
( 3, 2) =  714.814
 Status: Base = Ready,  object = Ready
 Proxy        = no
( 1, 3) =  516.048
( 2, 3) =  616.048
{
  "ESMF": {
( 3, 3) =  716.048
( 1, 4) =  517.283
    "Instance": {
      "NamedAliasCount": 0
 Root Info (Attributes):
  skipping to end ...
( 3, 7) =  720.986
    }
  }
{
  "ESMF": {
( 1, 8) =  522.221
}Array typekind/rank: Real*8 / 2 
( 2, 8) =  622.221
    "Instance": {
      "NamedAliasCount": 0
( 3, 8) =  722.221
~ lower class' values ~
DistGrid dimCount = 2
( 1, 9) =  523.456
    }
  }
( 2, 9) =  623.456
( 3, 9) =  723.456
}deCount = 4
localDeCount = 1
( 1,10) =  524.69
( 2,10) =  624.69
Array typekind/rank: Real*8 / 2 
~ lower class' values ~
~ local data in LocalArray for DE 2 ~
LocalArrayPrint: Array at address 0x11c605360:
( 3,10) =  724.69
--- ESMCI::Array::print end ---
DistGrid dimCount = 2
deCount = 4
localDeCount = 1
            rank = 2, typekind = 6, base_addr = 0x600000fa44b0
            dim[0] = 3  dim[1] = 10  
~ local data in LocalArray for DE 1 ~
LocalArrayPrint: Array at address 0x11de055b0:
            rank = 2, typekind = 6, base_addr = 0x600003cf0000
            dim[0] = 3  dim[1] = 10  
  Real, *8, Dim 2, Data values:
( 1, 1) =  1.2345
( 2, 1) =  1.2345
( 3, 1) =  1.2345
( 1, 2) =  1.2345
( 2, 2) =  1.2345
  Real, *8, Dim 2, Data values:
( 1, 1) =  513.58
( 2, 1) =  613.58
( 3, 1) =  713.58
( 1, 2) =  514.814
( 2, 2) =  614.814
( 3, 2) =  714.814
( 1, 3) =  516.048
( 2, 3) =  616.048
( 3, 3) =  716.048
( 1, 4) =  517.283
( 3, 2) =  1.2345
( 1, 3) =  1.2345
( 2, 3) =  1.2345
( 3, 3) =  1.2345
( 1, 4) =  1.2345
  skipping to end ...
  skipping to end ...
( 3, 7) =  720.986
( 1, 8) =  522.221
( 2, 8) =  622.221
( 3, 8) =  722.221
( 1, 9) =  523.456
( 2, 9) =  623.456
( 3, 9) =  723.456
( 1,10) =  524.69
( 2,10) =  624.69
( 3,10) =  724.69
--- ESMCI::Array::print end ---
--- ESMCI::Array::print start ---
 Base name    = Array008
 Status: Base = Ready,  object = Ready
 Proxy        = no
 Root Info (Attributes):
( 3, 7) =  1.2345
( 1, 8) =  1.2345
( 2, 8) =  1.2345
( 3, 8) =  1.2345
 localPet =            2 myFarray2D2:    0.0000000000000000        0.0000000000000000        0.0000000000000000        0.0000000000000000        0.0000000000000000        0.0000000000000000        0.0000000000000000        0.0000000000000000        0.0000000000000000        0.0000000000000000        0.0000000000000000        0.0000000000000000        0.0000000000000000        0.0000000000000000        0.0000000000000000        0.0000000000000000        0.0000000000000000        0.0000000000000000        0.0000000000000000        0.0000000000000000        0.0000000000000000        0.0000000000000000        0.0000000000000000        0.0000000000000000        0.0000000000000000        0.0000000000000000        0.0000000000000000        0.0000000000000000        0.0000000000000000        0.0000000000000000     
--- ESMCI::Array::print start ---
 Base name    = Array008
 Status: Base = Ready,  object = Ready
 Proxy        = no
 Root Info (Attributes):
{
{
  "ESMF": {
    "Instance": {
      "NamedAliasCount": 0
    }
  }
}Array typekind/rank: Real*8 / 2 
( 1, 9) =  1.2345
( 2, 9) =  1.2345
( 3, 9) =  1.2345
( 1,10) =  1.2345
( 2,10) =  1.2345
( 3,10) =  1.2345
--- ESMCI::Array::print end ---
  "ESMF": {
    "Instance": {
~ lower class' values ~
DistGrid dimCount = 2
deCount = 4
 localPet =            1 myFarray2D2:    0.0000000000000000        0.0000000000000000        0.0000000000000000        0.0000000000000000        0.0000000000000000        0.0000000000000000        0.0000000000000000        0.0000000000000000        0.0000000000000000        0.0000000000000000        0.0000000000000000        0.0000000000000000        0.0000000000000000        0.0000000000000000        0.0000000000000000        0.0000000000000000        0.0000000000000000        0.0000000000000000        0.0000000000000000        0.0000000000000000        0.0000000000000000        0.0000000000000000        0.0000000000000000        0.0000000000000000        0.0000000000000000        0.0000000000000000        0.0000000000000000        0.0000000000000000        0.0000000000000000        0.0000000000000000     
      "NamedAliasCount": 0
    }
  }
localDeCount = 1
~ local data in LocalArray for DE 3 ~
LocalArrayPrint: Array at address 0x1558076c0:
--- ESMCI::Array::print start ---
 Base name    = Array008
}Array typekind/rank: Real*8 / 2 
 Status: Base = Ready,  object = Ready
            rank = 2, typekind = 6, base_addr = 0x6000002440f0
            dim[0] = 3  dim[1] = 10  
 Proxy        = no
~ lower class' values ~
 Root Info (Attributes):
DistGrid dimCount = 2
  Real, *8, Dim 2, Data values:
( 1, 1) =  513.58
{
  "ESMF": {
deCount = 4
localDeCount = 1
~ local data in LocalArray for DE 2 ~
( 2, 1) =  613.58
( 3, 1) =  713.58
    "Instance": {
LocalArrayPrint: Array at address 0x11c605360:
            rank = 2, typekind = 6, base_addr = 0x600000fa44b0
            dim[0] = 3  dim[1] = 10  
      "NamedAliasCount": 0
    }
  }
}( 1, 2) =  514.814
( 2, 2) =  614.814
( 3, 2) =  714.814
( 1, 3) =  516.048
  Real, *8, Dim 2, Data values:
Array typekind/rank: Real*8 / 2 
~ lower class' values ~
( 2, 3) =  616.048
( 3, 3) =  716.048
( 1, 1) =  513.58
( 2, 1) =  613.58
DistGrid dimCount = 2
deCount = 4
( 1, 4) =  517.283
  skipping to end ...
( 3, 1) =  713.58
( 1, 2) =  514.814
localDeCount = 1
( 3, 7) =  720.986
~ local data in LocalArray for DE 1 ~
LocalArrayPrint: Array at address 0x11de055b0:
( 1, 8) =  522.221
( 2, 8) =  622.221
( 2, 2) =  614.814
( 3, 2) =  714.814
            rank = 2, typekind = 6, base_addr = 0x600003cf0000
            dim[0] = 3  dim[1] = 10  
( 3, 8) =  722.221
( 1, 9) =  523.456
( 1, 3) =  516.048
( 2, 3) =  616.048
  Real, *8, Dim 2, Data values:
( 1, 1) =  1.2345
( 2, 9) =  623.456
( 3, 9) =  723.456
( 3, 3) =  716.048
( 1, 4) =  517.283
( 2, 1) =  1.2345
( 3, 1) =  1.2345
( 1, 2) =  1.2345
( 1,10) =  524.69
( 2,10) =  624.69
  skipping to end ...
( 2, 2) =  1.2345
( 3,10) =  724.69
( 3, 7) =  720.986
( 1, 8) =  522.221
( 3, 2) =  1.2345
--- ESMCI::Array::print end ---
( 1, 3) =  1.2345
( 2, 8) =  622.221
( 3, 8) =  722.221
( 2, 3) =  1.2345
( 3, 3) =  1.2345
( 1, 4) =  1.2345
 localPet =            3 myFarray2D2:    0.0000000000000000        0.0000000000000000        0.0000000000000000        0.0000000000000000        0.0000000000000000        0.0000000000000000        0.0000000000000000        0.0000000000000000        0.0000000000000000        0.0000000000000000        0.0000000000000000        0.0000000000000000        0.0000000000000000        0.0000000000000000        0.0000000000000000        0.0000000000000000        0.0000000000000000        0.0000000000000000        0.0000000000000000        0.0000000000000000        0.0000000000000000        0.0000000000000000        0.0000000000000000        0.0000000000000000        0.0000000000000000        0.0000000000000000        0.0000000000000000        0.0000000000000000        0.0000000000000000        0.0000000000000000     
--- ESMCI::Array::print start ---
 Base name    = Array008
( 1, 9) =  523.456
( 2, 9) =  623.456
( 3, 9) =  723.456
( 1,10) =  524.69
  skipping to end ...
( 3, 7) =  1.2345
 Status: Base = Ready,  object = Ready
 Proxy        = no
 Root Info (Attributes):
( 2,10) =  624.69
( 3,10) =  724.69
--- ESMCI::Array::print end ---
 localPet =            0 myFarray2D2:    513.57950000000005        613.57950000000005        713.57950000000005        514.81399999999996        614.81399999999996        714.81399999999996        516.04849999999999        616.04849999999999        716.04849999999999        517.28300000000002        617.28300000000002        717.28300000000002        518.51750000000004        618.51750000000004        718.51750000000004        519.75199999999995        619.75199999999995        719.75199999999995        520.98649999999998        620.98649999999998        720.98649999999998        522.22100000000000        622.22100000000000        722.22100000000000        523.45550000000003        623.45550000000003        723.45550000000003        524.69000000000005        624.69000000000005        724.69000000000005     
--- ESMCI::Array::print start ---
 Base name    = Array008
( 1, 8) =  1.2345
( 2, 8) =  1.2345
( 3, 8) =  1.2345
( 1, 9) =  1.2345
( 2, 9) =  1.2345
( 3, 9) =  1.2345
( 1,10) =  1.2345
( 2,10) =  1.2345
( 3,10) =  1.2345
{
  "ESMF": {
    "Instance": {
      "NamedAliasCount": 0
    }
  }
}Array typekind/rank: Real*8 / 2 
 Status: Base = Ready,  object = Ready
 Proxy        = no
 Root Info (Attributes):
{
  "ESMF": {
    "Instance": {
      "NamedAliasCount": 0
    }
--- ESMCI::Array::print end ---
~ lower class' values ~
DistGrid dimCount = 2
  }
}deCount = 4
localDeCount = 1
~ local data in LocalArray for DE 3 ~
LocalArrayPrint: Array at address 0x1558076c0:
            rank = 2, typekind = 6, base_addr = 0x6000002440f0
            dim[0] = 3  dim[1] = 10  
Array typekind/rank: Real*8 / 2 
~ lower class' values ~
DistGrid dimCount = 2
deCount = 4
localDeCount = 1
~ local data in LocalArray for DE 0 ~
LocalArrayPrint: Array at address 0x143e0a1a0:
            rank = 2, typekind = 6, base_addr = 0x6000037400f0
  Real, *8, Dim 2, Data values:
( 1, 1) =  5.4321
( 2, 1) =  5.4321
( 3, 1) =  5.4321
( 1, 2) =  5.4321
( 2, 2) =  5.4321
( 3, 2) =  5.4321
( 1, 3) =  5.4321
( 2, 3) =  5.4321
( 3, 3) =  5.4321
( 1, 4) =  5.4321
            dim[0] = 3  dim[1] = 10  
  Real, *8, Dim 2, Data values:
( 1, 1) =  513.58
( 2, 1) =  613.58
( 3, 1) =  713.58
( 1, 2) =  514.814
( 2, 2) =  614.814
( 3, 2) =  714.814
( 1, 3) =  516.048
  skipping to end ...
( 3, 7) =  5.4321
( 2, 3) =  616.048
( 3, 3) =  716.048
( 1, 4) =  517.283
( 1, 8) =  5.4321
( 2, 8) =  5.4321
  skipping to end ...
( 3, 7) =  720.986
( 1, 8) =  522.221
( 2, 8) =  622.221
( 3, 8) =  5.4321
( 1, 9) =  5.4321
( 2, 9) =  5.4321
( 3, 9) =  5.4321
( 3, 8) =  722.221
( 1,10) =  5.4321
( 1, 9) =  523.456
( 2,10) =  5.4321
( 3,10) =  5.4321
( 2, 9) =  623.456
( 3, 9) =  723.456
( 1,10) =  524.69
--- ESMCI::Array::print end ---
( 2,10) =  624.69
( 3,10) =  724.69
--- ESMCI::Array::print end ---
 localPet =            2 myFarray2D2:    0.0000000000000000        0.0000000000000000        0.0000000000000000        0.0000000000000000        0.0000000000000000        0.0000000000000000        0.0000000000000000        0.0000000000000000        0.0000000000000000        0.0000000000000000        0.0000000000000000        0.0000000000000000        0.0000000000000000        0.0000000000000000        0.0000000000000000        0.0000000000000000        0.0000000000000000        0.0000000000000000        0.0000000000000000        0.0000000000000000        0.0000000000000000        0.0000000000000000        0.0000000000000000        0.0000000000000000        0.0000000000000000        0.0000000000000000        0.0000000000000000        0.0000000000000000        0.0000000000000000        0.0000000000000000     
  PASS  Example ESMF_ArrayScatterGatherEx, ESMF_ArrayScatterGatherEx.F90, line 328
 localPet =            3 myFarray2D2:    0.0000000000000000        0.0000000000000000        0.0000000000000000        0.0000000000000000        0.0000000000000000        0.0000000000000000        0.0000000000000000        0.0000000000000000        0.0000000000000000        0.0000000000000000        0.0000000000000000        0.0000000000000000        0.0000000000000000        0.0000000000000000        0.0000000000000000        0.0000000000000000        0.0000000000000000        0.0000000000000000        0.0000000000000000        0.0000000000000000        0.0000000000000000        0.0000000000000000        0.0000000000000000        0.0000000000000000        0.0000000000000000        0.0000000000000000        0.0000000000000000        0.0000000000000000        0.0000000000000000        0.0000000000000000     
  PASS  Example ESMF_ArrayScatterGatherEx, ESMF_ArrayScatterGatherEx.F90, line 328
 localPet =            1 myFarray2D2:    0.0000000000000000        0.0000000000000000        0.0000000000000000        0.0000000000000000        0.0000000000000000        0.0000000000000000        0.0000000000000000        0.0000000000000000        0.0000000000000000        0.0000000000000000        0.0000000000000000        0.0000000000000000        0.0000000000000000        0.0000000000000000        0.0000000000000000        0.0000000000000000        0.0000000000000000        0.0000000000000000        0.0000000000000000        0.0000000000000000        0.0000000000000000        0.0000000000000000        0.0000000000000000        0.0000000000000000        0.0000000000000000        0.0000000000000000        0.0000000000000000        0.0000000000000000        0.0000000000000000        0.0000000000000000     
  PASS  Example ESMF_ArrayScatterGatherEx, ESMF_ArrayScatterGatherEx.F90, line 328
 localPet =            0 myFarray2D2:    5.4320998191833496        5.4320998191833496        5.4320998191833496        5.4320998191833496        5.4320998191833496        5.4320998191833496        5.4320998191833496        5.4320998191833496        5.4320998191833496        5.4320998191833496        5.4320998191833496        5.4320998191833496        5.4320998191833496        5.4320998191833496        5.4320998191833496        5.4320998191833496        5.4320998191833496        5.4320998191833496        5.4320998191833496        5.4320998191833496        5.4320998191833496        5.4320998191833496        5.4320998191833496        5.4320998191833496        5.4320998191833496        5.4320998191833496        5.4320998191833496        5.4320998191833496        5.4320998191833496        5.4320998191833496     
  PASS  Example ESMF_ArrayScatterGatherEx, ESMF_ArrayScatterGatherEx.F90, line 328
 PASS: ESMF_ArrayScatterGatherEx.F90
 PASS: ESMF_ArrayScatterGatherEx.F90
 PASS: ESMF_ArrayScatterGatherEx.F90
 PASS: ESMF_ArrayScatterGatherEx.F90
