2026-05-15 02:10:03
20260515 023322.082 INFO             PET0 !!!!!!!!!!!!!!!!!!!!!!!!!!!!!!!!!!!!!!!!!!!!!!!!!!!!!!
20260515 023322.083 INFO             PET0 !!! THE ESMF_LOG IS SET TO OUTPUT ALL LOG MESSAGES !!!
20260515 023322.083 INFO             PET0 !!!     THIS MAY CAUSE SLOWDOWN IN PERFORMANCE     !!!
20260515 023322.083 INFO             PET0 !!! FOR PRODUCTION RUNS, USE:                      !!!
20260515 023322.083 INFO             PET0 !!!                   ESMF_LOGKIND_Multi_On_Error  !!!
20260515 023322.083 INFO             PET0 !!!!!!!!!!!!!!!!!!!!!!!!!!!!!!!!!!!!!!!!!!!!!!!!!!!!!!
20260515 023322.083 INFO             PET0 Running with ESMF Version   : v9.0.0b13
20260515 023322.083 INFO             PET0 ESMF library build date/time: "May 15 2026" "02:08:55"
20260515 023322.083 INFO             PET0 ESMF library build location : /usr/local/esmf/esmf-testing/gfortran_14.2.0_mpich_O_develop/esmf
20260515 023322.083 INFO             PET0 ESMF_COMM                   : mpich
20260515 023322.083 INFO             PET0 ESMF_MOAB                   : enabled
20260515 023322.083 INFO             PET0 ESMF_LAPACK                 : enabled
20260515 023322.083 INFO             PET0 ESMF_NETCDF                 : enabled
20260515 023322.083 INFO             PET0 ESMF_PNETCDF                : disabled
20260515 023322.083 INFO             PET0 ESMF_PIO                    : enabled
20260515 023322.083 INFO             PET0 ESMF_YAMLCPP                : enabled
20260515 023322.084 INFO             PET0  NUMBER_OF_PROCESSORS           1
20260515 023322.084 INFO             PET0  PASS  Example ESMF_XGridSparseMatEx, ESMF_XGridSparseMatEx.F90, line 642
20260515 023322.084 INFO             PET0  Finalizing ESMF
