2026-07-24 05:44:41
 Application Example 1:
 Application Example 1:
 Application Example 1:
 Application Example 1:
 Comp Create returned, name = Atmosphere Physics
 Comp Create returned, name = Atmosphere Physics
 Comp Create returned, name = Atmosphere Physics
 Comp Create returned, name = Atmosphere Physics
 Comp Create returned, name = Atmosphere Dynamics
 Comp Create returned, name = Atmosphere Dynamics
 Comp Create returned, name = Atmosphere Dynamics
 Comp Create returned, name = Atmosphere Dynamics
 Comp Create returned, name = Atmosphere Coupler
 Comp Create returned, name = Atmosphere Coupler
 Comp Create returned, name = Atmosphere Coupler
 PHYS initialize routine called
 DYNM initialize routine called
 CPLR initialize routine called
 Comp Initialize complete
 PHYS run routine called
 CPLR run routine called
 DYNM run routine called
 PHYS run routine called
 CPLR run routine called
 DYNM run routine called
 PHYS run routine called
 CPLR run routine called
 DYNM run routine called
 PHYS run routine called
 CPLR run routine called
 DYNM run routine called
 Comp Run complete
 PHYS initialize routine called
 DYNM initialize routine called
 PHYS initialize routine called
 CPLR initialize routine called
 Comp Initialize complete
 PHYS run routine called
 CPLR run routine called
 DYNM run routine called
 PHYS run routine called
 CPLR run routine called
 DYNM initialize routine called
 DYNM run routine called
 PHYS run routine called
 CPLR run routine called
 DYNM run routine called
 CPLR initialize routine called
 Comp Initialize complete
 PHYS run routine called
 CPLR run routine called
 PHYS run routine called
 CPLR run routine called
 DYNM run routine called
 Comp Run complete
 DYNM run routine called
 PHYS run routine called
 PHYS finalize routine called
 CPLR run routine called
 DYNM run routine called
 PHYS run routine called
 CPLR run routine called
 DYNM run routine called
 PHYS run routine called
 DYNM finalize routine called
 CPLR run routine called
 DYNM run routine called
 CPLR finalize routine called
 Comp Finalize complete
 Comp Run complete
 PHYS finalize routine called
 DYNM finalize routine called
 CPLR finalize routine called
 Comp Finalize complete
 Comp Destroy returned
 Comp Destroy returned
 Application Example 1 finished
 Application Example 1 finished
  PASS  Example ESMF_AppMainEx, ESMF_AppMainEx.F90, line 486
  PASS  Example ESMF_AppMainEx, ESMF_AppMainEx.F90, line 486
 PHYS finalize routine called
 DYNM finalize routine called
 CPLR finalize routine called
 Comp Finalize complete
 Comp Destroy returned
 Application Example 1 finished
  PASS  Example ESMF_AppMainEx, ESMF_AppMainEx.F90, line 486
 Comp Create returned, name = Atmosphere Coupler
 PHYS initialize routine called
 DYNM initialize routine called
 CPLR initialize routine called
 Comp Initialize complete
[WARNING] yaksa: 10 leaked handle pool objects
 PASS: ESMF_AppMainEx.F90
[WARNING] yaksa: 10 leaked handle pool objects
 PASS: ESMF_AppMainEx.F90
 PHYS run routine called
[WARNING] yaksa: 10 leaked handle pool objects
 PASS: ESMF_AppMainEx.F90
 CPLR run routine called
 DYNM run routine called
 PHYS run routine called
 CPLR run routine called
 DYNM run routine called
 PHYS run routine called
 CPLR run routine called
 DYNM run routine called
 PHYS run routine called
 CPLR run routine called
 DYNM run routine called
 Comp Run complete
 PHYS finalize routine called
 DYNM finalize routine called
 CPLR finalize routine called
 Comp Finalize complete
 Comp Destroy returned
 Application Example 1 finished
  PASS  Example ESMF_AppMainEx, ESMF_AppMainEx.F90, line 486
[WARNING] yaksa: 10 leaked handle pool objects
 PASS: ESMF_AppMainEx.F90
