2026-05-29 01:34:26
20260529 020711.543 INFO             PET0 !!!!!!!!!!!!!!!!!!!!!!!!!!!!!!!!!!!!!!!!!!!!!!!!!!!!!!
20260529 020711.543 INFO             PET0 !!! THE ESMF_LOG IS SET TO OUTPUT ALL LOG MESSAGES !!!
20260529 020711.543 INFO             PET0 !!!     THIS MAY CAUSE SLOWDOWN IN PERFORMANCE     !!!
20260529 020711.543 INFO             PET0 !!! FOR PRODUCTION RUNS, USE:                      !!!
20260529 020711.543 INFO             PET0 !!!                   ESMF_LOGKIND_Multi_On_Error  !!!
20260529 020711.543 INFO             PET0 !!!!!!!!!!!!!!!!!!!!!!!!!!!!!!!!!!!!!!!!!!!!!!!!!!!!!!
20260529 020711.543 INFO             PET0 Running with ESMF Version   : develop+gf183dd1f0b
20260529 020711.543 INFO             PET0 ESMF library build date/time: "May 29 2026" "01:32:41"
20260529 020711.543 INFO             PET0 ESMF library build location : /glade/derecho/scratch/sacks/esmf-testing/intel_2024.2.1_mpi_g_develop/esmf
20260529 020711.543 INFO             PET0 ESMF_COMM                   : mpi
20260529 020711.544 INFO             PET0 ESMF_MOAB                   : enabled
20260529 020711.544 INFO             PET0 ESMF_LAPACK                 : enabled
20260529 020711.544 INFO             PET0 ESMF_NETCDF                 : enabled
20260529 020711.544 INFO             PET0 ESMF_PNETCDF                : disabled
20260529 020711.544 INFO             PET0 ESMF_PIO                    : enabled
20260529 020711.544 INFO             PET0 ESMF_YAMLCPP                : enabled
20260529 020711.544 INFO             PET0  NUMBER_OF_PROCESSORS           4
20260529 020711.544 INFO             PET0  PASS  Example ESMF_VMUserMpiCommMultiEx, ESMF_VMUserMpiCommMultiEx.F90, line 126
20260529 020711.544 INFO             PET0  Finalizing ESMF with endflag==ESMF_END_KEEPMPI
20260529 020711.543 INFO             PET0 !!!!!!!!!!!!!!!!!!!!!!!!!!!!!!!!!!!!!!!!!!!!!!!!!!!!!!
20260529 020711.543 INFO             PET0 !!! THE ESMF_LOG IS SET TO OUTPUT ALL LOG MESSAGES !!!
20260529 020711.543 INFO             PET0 !!!     THIS MAY CAUSE SLOWDOWN IN PERFORMANCE     !!!
20260529 020711.543 INFO             PET0 !!! FOR PRODUCTION RUNS, USE:                      !!!
20260529 020711.543 INFO             PET0 !!!                   ESMF_LOGKIND_Multi_On_Error  !!!
20260529 020711.544 INFO             PET0 !!!!!!!!!!!!!!!!!!!!!!!!!!!!!!!!!!!!!!!!!!!!!!!!!!!!!!
20260529 020711.544 INFO             PET0 Running with ESMF Version   : develop+gf183dd1f0b
20260529 020711.544 INFO             PET0 ESMF library build date/time: "May 29 2026" "01:32:41"
20260529 020711.544 INFO             PET0 ESMF library build location : /glade/derecho/scratch/sacks/esmf-testing/intel_2024.2.1_mpi_g_develop/esmf
20260529 020711.544 INFO             PET0 ESMF_COMM                   : mpi
20260529 020711.544 INFO             PET0 ESMF_MOAB                   : enabled
20260529 020711.544 INFO             PET0 ESMF_LAPACK                 : enabled
20260529 020711.544 INFO             PET0 ESMF_NETCDF                 : enabled
20260529 020711.544 INFO             PET0 ESMF_PNETCDF                : disabled
20260529 020711.544 INFO             PET0 ESMF_PIO                    : enabled
20260529 020711.544 INFO             PET0 ESMF_YAMLCPP                : enabled
20260529 020711.544 INFO             PET0  NUMBER_OF_PROCESSORS           4
20260529 020711.544 INFO             PET0  PASS  Example ESMF_VMUserMpiCommMultiEx, ESMF_VMUserMpiCommMultiEx.F90, line 154
20260529 020711.544 INFO             PET0  Finalizing ESMF with endflag==ESMF_END_KEEPMPI
20260529 020711.543 INFO             PET1 !!!!!!!!!!!!!!!!!!!!!!!!!!!!!!!!!!!!!!!!!!!!!!!!!!!!!!
20260529 020711.543 INFO             PET1 !!! THE ESMF_LOG IS SET TO OUTPUT ALL LOG MESSAGES !!!
20260529 020711.543 INFO             PET1 !!!     THIS MAY CAUSE SLOWDOWN IN PERFORMANCE     !!!
20260529 020711.543 INFO             PET1 !!! FOR PRODUCTION RUNS, USE:                      !!!
20260529 020711.543 INFO             PET1 !!!                   ESMF_LOGKIND_Multi_On_Error  !!!
20260529 020711.543 INFO             PET1 !!!!!!!!!!!!!!!!!!!!!!!!!!!!!!!!!!!!!!!!!!!!!!!!!!!!!!
20260529 020711.543 INFO             PET1 Running with ESMF Version   : develop+gf183dd1f0b
20260529 020711.543 INFO             PET1 ESMF library build date/time: "May 29 2026" "01:32:41"
20260529 020711.543 INFO             PET1 ESMF library build location : /glade/derecho/scratch/sacks/esmf-testing/intel_2024.2.1_mpi_g_develop/esmf
20260529 020711.543 INFO             PET1 ESMF_COMM                   : mpi
20260529 020711.544 INFO             PET1 ESMF_MOAB                   : enabled
20260529 020711.544 INFO             PET1 ESMF_LAPACK                 : enabled
20260529 020711.544 INFO             PET1 ESMF_NETCDF                 : enabled
20260529 020711.544 INFO             PET1 ESMF_PNETCDF                : disabled
20260529 020711.544 INFO             PET1 ESMF_PIO                    : enabled
20260529 020711.544 INFO             PET1 ESMF_YAMLCPP                : enabled
20260529 020711.544 INFO             PET1  NUMBER_OF_PROCESSORS           4
20260529 020711.544 INFO             PET1  PASS  Example ESMF_VMUserMpiCommMultiEx, ESMF_VMUserMpiCommMultiEx.F90, line 126
20260529 020711.544 INFO             PET1  Finalizing ESMF with endflag==ESMF_END_KEEPMPI
20260529 020711.544 INFO             PET1 !!!!!!!!!!!!!!!!!!!!!!!!!!!!!!!!!!!!!!!!!!!!!!!!!!!!!!
20260529 020711.544 INFO             PET1 !!! THE ESMF_LOG IS SET TO OUTPUT ALL LOG MESSAGES !!!
20260529 020711.544 INFO             PET1 !!!     THIS MAY CAUSE SLOWDOWN IN PERFORMANCE     !!!
20260529 020711.544 INFO             PET1 !!! FOR PRODUCTION RUNS, USE:                      !!!
20260529 020711.544 INFO             PET1 !!!                   ESMF_LOGKIND_Multi_On_Error  !!!
20260529 020711.544 INFO             PET1 !!!!!!!!!!!!!!!!!!!!!!!!!!!!!!!!!!!!!!!!!!!!!!!!!!!!!!
20260529 020711.544 INFO             PET1 Running with ESMF Version   : develop+gf183dd1f0b
20260529 020711.544 INFO             PET1 ESMF library build date/time: "May 29 2026" "01:32:41"
20260529 020711.544 INFO             PET1 ESMF library build location : /glade/derecho/scratch/sacks/esmf-testing/intel_2024.2.1_mpi_g_develop/esmf
20260529 020711.544 INFO             PET1 ESMF_COMM                   : mpi
20260529 020711.544 INFO             PET1 ESMF_MOAB                   : enabled
20260529 020711.544 INFO             PET1 ESMF_LAPACK                 : enabled
20260529 020711.544 INFO             PET1 ESMF_NETCDF                 : enabled
20260529 020711.544 INFO             PET1 ESMF_PNETCDF                : disabled
20260529 020711.544 INFO             PET1 ESMF_PIO                    : enabled
20260529 020711.544 INFO             PET1 ESMF_YAMLCPP                : enabled
20260529 020711.544 INFO             PET1  NUMBER_OF_PROCESSORS           4
20260529 020711.544 INFO             PET1  PASS  Example ESMF_VMUserMpiCommMultiEx, ESMF_VMUserMpiCommMultiEx.F90, line 154
20260529 020711.544 INFO             PET1  Finalizing ESMF with endflag==ESMF_END_KEEPMPI
