2026-06-12 15:11:54
20260612 162533.305 INFO             PET0 !!!!!!!!!!!!!!!!!!!!!!!!!!!!!!!!!!!!!!!!!!!!!!!!!!!!!!
20260612 162533.305 INFO             PET0 !!! THE ESMF_LOG IS SET TO OUTPUT ALL LOG MESSAGES !!!
20260612 162533.305 INFO             PET0 !!!     THIS MAY CAUSE SLOWDOWN IN PERFORMANCE     !!!
20260612 162533.305 INFO             PET0 !!! FOR PRODUCTION RUNS, USE:                      !!!
20260612 162533.305 INFO             PET0 !!!                   ESMF_LOGKIND_Multi_On_Error  !!!
20260612 162533.305 INFO             PET0 !!!!!!!!!!!!!!!!!!!!!!!!!!!!!!!!!!!!!!!!!!!!!!!!!!!!!!
20260612 162533.305 INFO             PET0 Running with ESMF Version   : fix/cmake-config+g81c96e3860
20260612 162533.305 INFO             PET0 ESMF library build date/time: "Jun 12 2026" "15:08:27"
20260612 162533.305 INFO             PET0 ESMF library build location : /gpfsm/dnb34/gtheuric/ESMF-Nightly-Testing/llvm_22.1.0_mpich_g_fix_cmake-config/esmf
20260612 162533.305 INFO             PET0 ESMF_COMM                   : mpich
20260612 162533.305 INFO             PET0 ESMF_MOAB                   : enabled
20260612 162533.305 INFO             PET0 ESMF_LAPACK                 : enabled
20260612 162533.305 INFO             PET0 ESMF_NETCDF                 : disabled
20260612 162533.305 INFO             PET0 ESMF_PNETCDF                : disabled
20260612 162533.305 INFO             PET0 ESMF_PIO                    : disabled
20260612 162533.305 INFO             PET0 ESMF_YAMLCPP                : enabled
20260612 162533.308 ERROR            PET0 ESMCI_Info.C:1289 Info::set(<json>) Cannot set value  - Error/Return Code 540 (ESMC_RC_CANNOT_SET) - Key '/myIntegerKey' already in map and force=false.
20260612 162533.308 ERROR            PET0 ESMCI_Info.C:1292 Info::set(<json>) Cannot set value  - Internal subroutine call returned Error
20260612 162533.308 ERROR            PET0 ESMCI_Info.C:1334 Info::set(<json>) Cannot set value  - Internal subroutine call returned Error
20260612 162533.308 ERROR            PET0 ESMCI_Info.C:1337 Info::set(<json>) Cannot set value  - Internal subroutine call returned Error
20260612 162533.308 ERROR            PET0 ESMCI_Info.C:1385 Info::set(<scalar>) Cannot set value  - Internal subroutine call returned Error
20260612 162533.308 ERROR            PET0 ESMC_InfoCDefGeneric.C:387 ESMC_InfoSetI4() Cannot set value  - Internal subroutine call returned Error
20260612 162533.308 ERROR            PET0 ESMF_Info.F90:2937 ESMF_InfoSetI4() Cannot set value  - Internal subroutine call returned Error
20260612 162533.310 INFO             PET0  NUMBER_OF_PROCESSORS 4
20260612 162533.310 INFO             PET0  PASS  Example ESMF_InfoTutorialEx, ./ESMF_InfoTutorialEx.F90, line 335
20260612 162533.310 INFO             PET0  Finalizing ESMF
20260612 162533.304 INFO             PET1 !!!!!!!!!!!!!!!!!!!!!!!!!!!!!!!!!!!!!!!!!!!!!!!!!!!!!!
20260612 162533.305 INFO             PET1 !!! THE ESMF_LOG IS SET TO OUTPUT ALL LOG MESSAGES !!!
20260612 162533.305 INFO             PET1 !!!     THIS MAY CAUSE SLOWDOWN IN PERFORMANCE     !!!
20260612 162533.305 INFO             PET1 !!! FOR PRODUCTION RUNS, USE:                      !!!
20260612 162533.305 INFO             PET1 !!!                   ESMF_LOGKIND_Multi_On_Error  !!!
20260612 162533.305 INFO             PET1 !!!!!!!!!!!!!!!!!!!!!!!!!!!!!!!!!!!!!!!!!!!!!!!!!!!!!!
20260612 162533.305 INFO             PET1 Running with ESMF Version   : fix/cmake-config+g81c96e3860
20260612 162533.305 INFO             PET1 ESMF library build date/time: "Jun 12 2026" "15:08:27"
20260612 162533.305 INFO             PET1 ESMF library build location : /gpfsm/dnb34/gtheuric/ESMF-Nightly-Testing/llvm_22.1.0_mpich_g_fix_cmake-config/esmf
20260612 162533.305 INFO             PET1 ESMF_COMM                   : mpich
20260612 162533.305 INFO             PET1 ESMF_MOAB                   : enabled
20260612 162533.305 INFO             PET1 ESMF_LAPACK                 : enabled
20260612 162533.305 INFO             PET1 ESMF_NETCDF                 : disabled
20260612 162533.305 INFO             PET1 ESMF_PNETCDF                : disabled
20260612 162533.305 INFO             PET1 ESMF_PIO                    : disabled
20260612 162533.305 INFO             PET1 ESMF_YAMLCPP                : enabled
20260612 162533.308 ERROR            PET1 ESMCI_Info.C:1289 Info::set(<json>) Cannot set value  - Error/Return Code 540 (ESMC_RC_CANNOT_SET) - Key '/myIntegerKey' already in map and force=false.
20260612 162533.308 ERROR            PET1 ESMCI_Info.C:1292 Info::set(<json>) Cannot set value  - Internal subroutine call returned Error
20260612 162533.308 ERROR            PET1 ESMCI_Info.C:1334 Info::set(<json>) Cannot set value  - Internal subroutine call returned Error
20260612 162533.308 ERROR            PET1 ESMCI_Info.C:1337 Info::set(<json>) Cannot set value  - Internal subroutine call returned Error
20260612 162533.308 ERROR            PET1 ESMCI_Info.C:1385 Info::set(<scalar>) Cannot set value  - Internal subroutine call returned Error
20260612 162533.308 ERROR            PET1 ESMC_InfoCDefGeneric.C:387 ESMC_InfoSetI4() Cannot set value  - Internal subroutine call returned Error
20260612 162533.308 ERROR            PET1 ESMF_Info.F90:2937 ESMF_InfoSetI4() Cannot set value  - Internal subroutine call returned Error
20260612 162533.310 INFO             PET1  NUMBER_OF_PROCESSORS 4
20260612 162533.310 INFO             PET1  PASS  Example ESMF_InfoTutorialEx, ./ESMF_InfoTutorialEx.F90, line 335
20260612 162533.310 INFO             PET1  Finalizing ESMF
20260612 162533.301 INFO             PET2 !!!!!!!!!!!!!!!!!!!!!!!!!!!!!!!!!!!!!!!!!!!!!!!!!!!!!!
20260612 162533.301 INFO             PET2 !!! THE ESMF_LOG IS SET TO OUTPUT ALL LOG MESSAGES !!!
20260612 162533.301 INFO             PET2 !!!     THIS MAY CAUSE SLOWDOWN IN PERFORMANCE     !!!
20260612 162533.301 INFO             PET2 !!! FOR PRODUCTION RUNS, USE:                      !!!
20260612 162533.301 INFO             PET2 !!!                   ESMF_LOGKIND_Multi_On_Error  !!!
20260612 162533.301 INFO             PET2 !!!!!!!!!!!!!!!!!!!!!!!!!!!!!!!!!!!!!!!!!!!!!!!!!!!!!!
20260612 162533.301 INFO             PET2 Running with ESMF Version   : fix/cmake-config+g81c96e3860
20260612 162533.301 INFO             PET2 ESMF library build date/time: "Jun 12 2026" "15:08:27"
20260612 162533.301 INFO             PET2 ESMF library build location : /gpfsm/dnb34/gtheuric/ESMF-Nightly-Testing/llvm_22.1.0_mpich_g_fix_cmake-config/esmf
20260612 162533.301 INFO             PET2 ESMF_COMM                   : mpich
20260612 162533.302 INFO             PET2 ESMF_MOAB                   : enabled
20260612 162533.302 INFO             PET2 ESMF_LAPACK                 : enabled
20260612 162533.302 INFO             PET2 ESMF_NETCDF                 : disabled
20260612 162533.302 INFO             PET2 ESMF_PNETCDF                : disabled
20260612 162533.302 INFO             PET2 ESMF_PIO                    : disabled
20260612 162533.302 INFO             PET2 ESMF_YAMLCPP                : enabled
20260612 162533.308 ERROR            PET2 ESMCI_Info.C:1289 Info::set(<json>) Cannot set value  - Error/Return Code 540 (ESMC_RC_CANNOT_SET) - Key '/myIntegerKey' already in map and force=false.
20260612 162533.308 ERROR            PET2 ESMCI_Info.C:1292 Info::set(<json>) Cannot set value  - Internal subroutine call returned Error
20260612 162533.308 ERROR            PET2 ESMCI_Info.C:1334 Info::set(<json>) Cannot set value  - Internal subroutine call returned Error
20260612 162533.308 ERROR            PET2 ESMCI_Info.C:1337 Info::set(<json>) Cannot set value  - Internal subroutine call returned Error
20260612 162533.308 ERROR            PET2 ESMCI_Info.C:1385 Info::set(<scalar>) Cannot set value  - Internal subroutine call returned Error
20260612 162533.308 ERROR            PET2 ESMC_InfoCDefGeneric.C:387 ESMC_InfoSetI4() Cannot set value  - Internal subroutine call returned Error
20260612 162533.308 ERROR            PET2 ESMF_Info.F90:2937 ESMF_InfoSetI4() Cannot set value  - Internal subroutine call returned Error
20260612 162533.310 INFO             PET2  NUMBER_OF_PROCESSORS 4
20260612 162533.310 INFO             PET2  PASS  Example ESMF_InfoTutorialEx, ./ESMF_InfoTutorialEx.F90, line 335
20260612 162533.310 INFO             PET2  Finalizing ESMF
20260612 162533.304 INFO             PET3 !!!!!!!!!!!!!!!!!!!!!!!!!!!!!!!!!!!!!!!!!!!!!!!!!!!!!!
20260612 162533.304 INFO             PET3 !!! THE ESMF_LOG IS SET TO OUTPUT ALL LOG MESSAGES !!!
20260612 162533.304 INFO             PET3 !!!     THIS MAY CAUSE SLOWDOWN IN PERFORMANCE     !!!
20260612 162533.304 INFO             PET3 !!! FOR PRODUCTION RUNS, USE:                      !!!
20260612 162533.304 INFO             PET3 !!!                   ESMF_LOGKIND_Multi_On_Error  !!!
20260612 162533.304 INFO             PET3 !!!!!!!!!!!!!!!!!!!!!!!!!!!!!!!!!!!!!!!!!!!!!!!!!!!!!!
20260612 162533.304 INFO             PET3 Running with ESMF Version   : fix/cmake-config+g81c96e3860
20260612 162533.304 INFO             PET3 ESMF library build date/time: "Jun 12 2026" "15:08:27"
20260612 162533.304 INFO             PET3 ESMF library build location : /gpfsm/dnb34/gtheuric/ESMF-Nightly-Testing/llvm_22.1.0_mpich_g_fix_cmake-config/esmf
20260612 162533.304 INFO             PET3 ESMF_COMM                   : mpich
20260612 162533.305 INFO             PET3 ESMF_MOAB                   : enabled
20260612 162533.305 INFO             PET3 ESMF_LAPACK                 : enabled
20260612 162533.305 INFO             PET3 ESMF_NETCDF                 : disabled
20260612 162533.305 INFO             PET3 ESMF_PNETCDF                : disabled
20260612 162533.305 INFO             PET3 ESMF_PIO                    : disabled
20260612 162533.305 INFO             PET3 ESMF_YAMLCPP                : enabled
20260612 162533.308 ERROR            PET3 ESMCI_Info.C:1289 Info::set(<json>) Cannot set value  - Error/Return Code 540 (ESMC_RC_CANNOT_SET) - Key '/myIntegerKey' already in map and force=false.
20260612 162533.308 ERROR            PET3 ESMCI_Info.C:1292 Info::set(<json>) Cannot set value  - Internal subroutine call returned Error
20260612 162533.308 ERROR            PET3 ESMCI_Info.C:1334 Info::set(<json>) Cannot set value  - Internal subroutine call returned Error
20260612 162533.308 ERROR            PET3 ESMCI_Info.C:1337 Info::set(<json>) Cannot set value  - Internal subroutine call returned Error
20260612 162533.308 ERROR            PET3 ESMCI_Info.C:1385 Info::set(<scalar>) Cannot set value  - Internal subroutine call returned Error
20260612 162533.308 ERROR            PET3 ESMC_InfoCDefGeneric.C:387 ESMC_InfoSetI4() Cannot set value  - Internal subroutine call returned Error
20260612 162533.308 ERROR            PET3 ESMF_Info.F90:2937 ESMF_InfoSetI4() Cannot set value  - Internal subroutine call returned Error
20260612 162533.310 INFO             PET3  NUMBER_OF_PROCESSORS 4
20260612 162533.310 INFO             PET3  PASS  Example ESMF_InfoTutorialEx, ./ESMF_InfoTutorialEx.F90, line 335
20260612 162533.310 INFO             PET3  Finalizing ESMF
