2026-06-12 10:55:35
[borgm060:31535:0:31535] Caught signal 8 (Floating point exception: floating-point overflow)
==== backtrace (tid:  31535) ====
 0 0x0000000000016910 __funlockfile()  ???:0
 1 0x000000000100c250 ESMCI::XXE::exec_psssDstRra<float, double, double>()  /gpfsm/dnb34/gtheuric/ESMF-Nightly-Testing/nag_7.2.28_openmpi_g_fix_cmake-config/esmf/src/Infrastructure/DELayout/src/ESMCI_DELayout.C:6568
 2 0x0000000000fb0d65 ESMCI::XXE::psssDstRra<float, double, double>()  /gpfsm/dnb34/gtheuric/ESMF-Nightly-Testing/nag_7.2.28_openmpi_g_fix_cmake-config/esmf/src/Infrastructure/DELayout/src/ESMCI_DELayout.C:6540
 3 0x0000000000f5b1b9 ESMCI::XXE::psssDstRra<float, double, int>()  /gpfsm/dnb34/gtheuric/ESMF-Nightly-Testing/nag_7.2.28_openmpi_g_fix_cmake-config/esmf/src/Infrastructure/DELayout/src/ESMCI_DELayout.C:6504
 4 0x0000000000f30180 ESMCI::XXE::psssDstRra<float, int, int>()  /gpfsm/dnb34/gtheuric/ESMF-Nightly-Testing/nag_7.2.28_openmpi_g_fix_cmake-config/esmf/src/Infrastructure/DELayout/src/ESMCI_DELayout.C:6464
 5 0x0000000000f23575 ESMCI::XXE::psssDstRra<int, int, int>()  /gpfsm/dnb34/gtheuric/ESMF-Nightly-Testing/nag_7.2.28_openmpi_g_fix_cmake-config/esmf/src/Infrastructure/DELayout/src/ESMCI_DELayout.C:6416
 6 0x0000000000f17161 ESMCI::XXE::exec()  /gpfsm/dnb34/gtheuric/ESMF-Nightly-Testing/nag_7.2.28_openmpi_g_fix_cmake-config/esmf/src/Infrastructure/DELayout/src/ESMCI_DELayout.C:4843
 7 0x0000000000f163be ESMCI::XXE::exec()  /gpfsm/dnb34/gtheuric/ESMF-Nightly-Testing/nag_7.2.28_openmpi_g_fix_cmake-config/esmf/src/Infrastructure/DELayout/src/ESMCI_DELayout.C:4411
 8 0x0000000000dfb86c ESMCI::sparseMatMulStoreEncodeXXE<ESMCI::SeqIndex<int>, ESMCI::SeqIndex<int> >()  /gpfsm/dnb34/gtheuric/ESMF-Nightly-Testing/nag_7.2.28_openmpi_g_fix_cmake-config/esmf/src/Infrastructure/Array/src/ESMCI_Array.C:11409
 9 0x0000000000dec6f0 ESMCI::Array::tSparseMatMulStore<int, int>()  /gpfsm/dnb34/gtheuric/ESMF-Nightly-Testing/nag_7.2.28_openmpi_g_fix_cmake-config/esmf/src/Infrastructure/Array/src/ESMCI_Array.C:9613
10 0x0000000000de7efb ESMCI::Array::sparseMatMulStore<int, int>()  /gpfsm/dnb34/gtheuric/ESMF-Nightly-Testing/nag_7.2.28_openmpi_g_fix_cmake-config/esmf/src/Infrastructure/Array/src/ESMCI_Array.C:8906
11 0x0000000000de293a ESMCI::Array::tRedistStore<int, int>()  /gpfsm/dnb34/gtheuric/ESMF-Nightly-Testing/nag_7.2.28_openmpi_g_fix_cmake-config/esmf/src/Infrastructure/Array/src/ESMCI_Array.C:6679
12 0x0000000000dd5efc ESMCI::Array::redistStore()  /gpfsm/dnb34/gtheuric/ESMF-Nightly-Testing/nag_7.2.28_openmpi_g_fix_cmake-config/esmf/src/Infrastructure/Array/src/ESMCI_Array.C:6122
13 0x0000000000da8833 ESMCI::ArrayBundle::redistStore()  /gpfsm/dnb34/gtheuric/ESMF-Nightly-Testing/nag_7.2.28_openmpi_g_fix_cmake-config/esmf/src/Infrastructure/ArrayBundle/src/ESMCI_ArrayBundle.C:1062
14 0x0000000000d9cdb2 c_esmc_arraybundlerediststorenf_()  /gpfsm/dnb34/gtheuric/ESMF-Nightly-Testing/nag_7.2.28_openmpi_g_fix_cmake-config/esmf/src/Infrastructure/ArrayBundle/interface/ESMCI_ArrayBundle_F.C:533
15 0x00000000015cb754 esmf_arraybundlemod_MP_esmf_arraybundlerediststorenf()  /gpfsm/dnb34/gtheuric/ESMF-Nightly-Testing/nag_7.2.28_openmpi_g_fix_cmake-config/esmf/src/Infrastructure/ArrayBundle/interface/ESMF_ArrayBundle.F90:2607
16 0x0000000001873a5e esmf_fieldbundlemod_MP_esmf_fieldbundlerediststorenf()  /gpfsm/dnb34/gtheuric/ESMF-Nightly-Testing/nag_7.2.28_openmpi_g_fix_cmake-config/esmf/src/Infrastructure/FieldBundle/src/ESMF_FieldBundle.F90:15228
17 0x000000000225bdd4 nuopc_connector_MP_fieldbundlecplstore()  /gpfsm/dnb34/gtheuric/ESMF-Nightly-Testing/nag_7.2.28_openmpi_g_fix_cmake-config/esmf/src/addon/NUOPC/src/NUOPC_Connector.F90:7908
18 0x000000000228a265 nuopc_connector_MP_initializeipdv05p6b()  /gpfsm/dnb34/gtheuric/ESMF-Nightly-Testing/nag_7.2.28_openmpi_g_fix_cmake-config/esmf/src/addon/NUOPC/src/NUOPC_Connector.F90:5536
19 0x00000000010f874f ESMCI::FTable::callVFuncPtr()  /gpfsm/dnb34/gtheuric/ESMF-Nightly-Testing/nag_7.2.28_openmpi_g_fix_cmake-config/esmf/src/Superstructure/Component/src/ESMCI_FTable.C:2192
20 0x00000000010f5822 ESMCI_FTableCallEntryPointVMHop()  /gpfsm/dnb34/gtheuric/ESMF-Nightly-Testing/nag_7.2.28_openmpi_g_fix_cmake-config/esmf/src/Superstructure/Component/src/ESMCI_FTable.C:849
21 0x0000000001550dc2 ESMCI::VMK::enter()  /gpfsm/dnb34/gtheuric/ESMF-Nightly-Testing/nag_7.2.28_openmpi_g_fix_cmake-config/esmf/src/Infrastructure/VM/src/ESMCI_VMKernel.C:2732
22 0x0000000001570441 ESMCI::VM::enter()  /gpfsm/dnb34/gtheuric/ESMF-Nightly-Testing/nag_7.2.28_openmpi_g_fix_cmake-config/esmf/src/Infrastructure/VM/src/ESMCI_VM.C:1365
23 0x00000000010f5cbb c_esmc_ftablecallentrypointvm_()  /gpfsm/dnb34/gtheuric/ESMF-Nightly-Testing/nag_7.2.28_openmpi_g_fix_cmake-config/esmf/src/Superstructure/Component/src/ESMCI_FTable.C:1006
24 0x0000000001823004 esmf_compmod_MP_esmf_compexecute()  /gpfsm/dnb34/gtheuric/ESMF-Nightly-Testing/nag_7.2.28_openmpi_g_fix_cmake-config/esmf/src/Superstructure/Component/src/ESMF_Comp.F90:1272
25 0x000000000183c382 esmf_cplcompmod_MP_esmf_cplcompinitialize()  /gpfsm/dnb34/gtheuric/ESMF-Nightly-Testing/nag_7.2.28_openmpi_g_fix_cmake-config/esmf/src/Superstructure/Component/src/ESMF_CplComp.F90:1209
26 0x00000000023acdc4 nuopc_driver_MP_loopconnectorcompss()  /gpfsm/dnb34/gtheuric/ESMF-Nightly-Testing/nag_7.2.28_openmpi_g_fix_cmake-config/esmf/src/addon/NUOPC/src/NUOPC_Driver.F90:3020
27 0x00000000023c4ee2 nuopc_driver_MP_initializeipdv02p3()  /gpfsm/dnb34/gtheuric/ESMF-Nightly-Testing/nag_7.2.28_openmpi_g_fix_cmake-config/esmf/src/addon/NUOPC/src/NUOPC_Driver.F90:2158
28 0x00000000023f4dd5 nuopc_driver_MP_initializegeneric()  /gpfsm/dnb34/gtheuric/ESMF-Nightly-Testing/nag_7.2.28_openmpi_g_fix_cmake-config/esmf/src/addon/NUOPC/src/NUOPC_Driver.F90:535
29 0x00000000010f874f ESMCI::FTable::callVFuncPtr()  /gpfsm/dnb34/gtheuric/ESMF-Nightly-Testing/nag_7.2.28_openmpi_g_fix_cmake-config/esmf/src/Superstructure/Component/src/ESMCI_FTable.C:2192
30 0x00000000010f5822 ESMCI_FTableCallEntryPointVMHop()  /gpfsm/dnb34/gtheuric/ESMF-Nightly-Testing/nag_7.2.28_openmpi_g_fix_cmake-config/esmf/src/Superstructure/Component/src/ESMCI_FTable.C:849
31 0x0000000001550dc2 ESMCI::VMK::enter()  /gpfsm/dnb34/gtheuric/ESMF-Nightly-Testing/nag_7.2.28_openmpi_g_fix_cmake-config/esmf/src/Infrastructure/VM/src/ESMCI_VMKernel.C:2732
32 0x0000000001570441 ESMCI::VM::enter()  /gpfsm/dnb34/gtheuric/ESMF-Nightly-Testing/nag_7.2.28_openmpi_g_fix_cmake-config/esmf/src/Infrastructure/VM/src/ESMCI_VM.C:1365
33 0x00000000010f5cbb c_esmc_ftablecallentrypointvm_()  /gpfsm/dnb34/gtheuric/ESMF-Nightly-Testing/nag_7.2.28_openmpi_g_fix_cmake-config/esmf/src/Superstructure/Component/src/ESMCI_FTable.C:1006
34 0x0000000001823004 esmf_compmod_MP_esmf_compexecute()  /gpfsm/dnb34/gtheuric/ESMF-Nightly-Testing/nag_7.2.28_openmpi_g_fix_cmake-config/esmf/src/Superstructure/Component/src/ESMF_Comp.F90:1272
35 0x0000000001b55d8a esmf_gridcompmod_MP_esmf_gridcompinitialize()  /gpfsm/dnb34/gtheuric/ESMF-Nightly-Testing/nag_7.2.28_openmpi_g_fix_cmake-config/esmf/src/Superstructure/Component/src/ESMF_GridComp.F90:1449
36 0x00000000004a5d06 esmapp_()  /gpfsm/dnb34/gtheuric/ESMF-Nightly-Testing/nag_7.2.28_openmpi_g_fix_cmake-config/nuopc-app-prototypes/AtmOcnTransferMeshProto/esmApp.F90:78
37 0x00000000004424f3 __NAGf90_cosmp_init()  ???:0
38 0x00000000004a58e3 main()  /gpfsm/dnb34/gtheuric/ESMF-Nightly-Testing/nag_7.2.28_openmpi_g_fix_cmake-config/nuopc-app-prototypes/AtmOcnTransferMeshProto/esmApp.F90:11
39 0x000000000003524d __libc_start_main()  ???:0
40 0x000000000041995a _start()  /home/abuild/rpmbuild/BUILD/glibc-2.31/csu/../sysdeps/x86_64/start.S:120
=================================
Runtime Error: *** Arithmetic exception: Code -6 - aborting
[borgm060:31535] *** Process received signal ***
[borgm060:31535] Signal: Aborted (6)
[borgm060:31535] Signal code:  (-6)
[borgm060:31535] [ 0] /lib64/libpthread.so.0(+0x16910)[0x7fd519aa3910]
[borgm060:31535] [ 1] /lib64/libc.so.6(gsignal+0x10d)[0x7fd518a53d2b]
[borgm060:31535] [ 2] /lib64/libc.so.6(abort+0x177)[0x7fd518a553e5]
[borgm060:31535] [ 3] /discover/nobackup/projects/gmao/SIteam/comp/SLES-15/nag/7.2.28/lib/NAG_Fortran/libf72rts.so.1(__NAGf90_signal_handler+0x9b)[0x7fd518cc708b]
[borgm060:31535] [ 4] /lib64/libpthread.so.0(+0x16910)[0x7fd519aa3910]
[borgm060:31535] [ 5] /gpfsm/dnb34/gtheuric/ESMF-Nightly-Testing/nag_7.2.28_openmpi_g_fix_cmake-config/esmf/DEFAULTINSTALLDIR/lib/libg/Linux.nag.64.openmpi.default/libesmf.so(_ZN5ESMCI3XXE15exec_psssDstRraIfddEEvPT_PiPT0_PT1_S4_ii+0xc6)[0x7fd51b949250]
[borgm060:31535] [ 6] /gpfsm/dnb34/gtheuric/ESMF-Nightly-Testing/nag_7.2.28_openmpi_g_fix_cmake-config/esmf/DEFAULTINSTALLDIR/lib/libg/Linux.nag.64.openmpi.default/libesmf.so(_ZN5ESMCI3XXE10psssDstRraIfddEEvPT_NS0_4TKIdEPiPT0_S4_PT1_S5_S4_iiiiiiiS5_S5_b+0x61f)[0x7fd51b8edd65]
[borgm060:31535] [ 7] /gpfsm/dnb34/gtheuric/ESMF-Nightly-Testing/nag_7.2.28_openmpi_g_fix_cmake-config/esmf/DEFAULTINSTALLDIR/lib/libg/Linux.nag.64.openmpi.default/libesmf.so(_ZN5ESMCI3XXE10psssDstRraIfdiEEvPT_NS0_4TKIdEPiPT0_S4_PT1_S5_S4_iiiiiiiS5_S5_b+0x59b)[0x7fd51b8981b9]
[borgm060:31535] [ 8] /gpfsm/dnb34/gtheuric/ESMF-Nightly-Testing/nag_7.2.28_openmpi_g_fix_cmake-config/esmf/DEFAULTINSTALLDIR/lib/libg/Linux.nag.64.openmpi.default/libesmf.so(_ZN5ESMCI3XXE10psssDstRraIfiiEEvPT_NS0_4TKIdEPiPT0_S4_PT1_S5_S4_iiiiiiiS5_S5_b+0x3c8)[0x7fd51b86d180]
[borgm060:31535] [ 9] /gpfsm/dnb34/gtheuric/ESMF-Nightly-Testing/nag_7.2.28_openmpi_g_fix_cmake-config/esmf/DEFAULTINSTALLDIR/lib/libg/Linux.nag.64.openmpi.default/libesmf.so(_ZN5ESMCI3XXE10psssDstRraIiiiEEvPT_NS0_4TKIdEPiPT0_S4_PT1_S5_S4_iiiiiiiS5_S5_b+0x194)[0x7fd51b860575]
[borgm060:31535] [10] /gpfsm/dnb34/gtheuric/ESMF-Nightly-Testing/nag_7.2.28_openmpi_g_fix_cmake-config/esmf/DEFAULTINSTALLDIR/lib/libg/Linux.nag.64.openmpi.default/libesmf.so(_ZN5ESMCI3XXE4execEiPPcPiiPbS4_PdiiS3_PNS0_10SuperVectPE+0x2279)[0x7fd51b854161]
[borgm060:31535] [11] /gpfsm/dnb34/gtheuric/ESMF-Nightly-Testing/nag_7.2.28_openmpi_g_fix_cmake-config/esmf/DEFAULTINSTALLDIR/lib/libg/Linux.nag.64.openmpi.default/libesmf.so(_ZN5ESMCI3XXE4execEiPPcPiiPbS4_PdiiS3_PNS0_10SuperVectPE+0x14d6)[0x7fd51b8533be]
[borgm060:31535] [12] /gpfsm/dnb34/gtheuric/ESMF-Nightly-Testing/nag_7.2.28_openmpi_g_fix_cmake-config/esmf/DEFAULTINSTALLDIR/lib/libg/Linux.nag.64.openmpi.default/libesmf.so(_ZN5ESMCI26sparseMatMulStoreEncodeXXEINS_8SeqIndexIiEES2_EEiPNS_2VMEPNS_8DELayoutES6_bii18ESMC_TypeKind_FlagS7_S7_RSt6vectorINS_11ArrayHelper13SendnbElementIT_T0_EESaISD_EERS8_INS9_13RecvnbElementISC_SB_EESaISI_EEPKiPPciPPNS_11RouteHandleEbPiST_+0x971)[0x7fd51b73886c]
[borgm060:31535] [13] /gpfsm/dnb34/gtheuric/ESMF-Nightly-Testing/nag_7.2.28_openmpi_g_fix_cmake-config/esmf/DEFAULTINSTALLDIR/lib/libg/Linux.nag.64.openmpi.default/libesmf.so(_ZN5ESMCI5Array18tSparseMatMulStoreIiiEEiPS0_S2_PPNS_11RouteHandleERKSt6vectorINS_12SparseMatrixIT_T0_EESaISA_EEbbPiSF_+0x1ca6)[0x7fd51b7296f0]
[borgm060:31535] [14] /gpfsm/dnb34/gtheuric/ESMF-Nightly-Testing/nag_7.2.28_openmpi_g_fix_cmake-config/esmf/DEFAULTINSTALLDIR/lib/libg/Linux.nag.64.openmpi.default/libesmf.so(_ZN5ESMCI5Array17sparseMatMulStoreIiiEEiPS0_S2_PPNS_11RouteHandleERKSt6vectorINS_12SparseMatrixIT_T0_EESaISA_EEbbPiSF_+0x2af)[0x7fd51b724efb]
[borgm060:31535] [15] /gpfsm/dnb34/gtheuric/ESMF-Nightly-Testing/nag_7.2.28_openmpi_g_fix_cmake-config/esmf/DEFAULTINSTALLDIR/lib/libg/Linux.nag.64.openmpi.default/libesmf.so(_ZN5ESMCI5Array12tRedistStoreIiiEEiPS0_S2_PPNS_11RouteHandleEPNS_10InterArrayIiEE18ESMC_TypeKind_FlagPvbPi+0x23f7)[0x7fd51b71f93a]
[borgm060:31535] [16] /gpfsm/dnb34/gtheuric/ESMF-Nightly-Testing/nag_7.2.28_openmpi_g_fix_cmake-config/esmf/DEFAULTINSTALLDIR/lib/libg/Linux.nag.64.openmpi.default/libesmf.so(_ZN5ESMCI5Array11redistStoreEPS0_S1_PPNS_11RouteHandleEPNS_10InterArrayIiEE18ESMC_TypeKind_FlagPvbPi+0x134)[0x7fd51b712efc]
[borgm060:31535] [17] /gpfsm/dnb34/gtheuric/ESMF-Nightly-Testing/nag_7.2.28_openmpi_g_fix_cmake-config/esmf/DEFAULTINSTALLDIR/lib/libg/Linux.nag.64.openmpi.default/libesmf.so(_ZN5ESMCI11ArrayBundle11redistStoreEPS0_S1_PPNS_11RouteHandleEP12ESMC_LogicaliPNS_10InterArrayIiEE18ESMC_TypeKind_FlagPv+0xce7)[0x7fd51b6e5833]
[borgm060:31535] [18] /gpfsm/dnb34/gtheuric/ESMF-Nightly-Testing/nag_7.2.28_openmpi_g_fix_cmake-config/esmf/DEFAULTINSTALLDIR/lib/libg/Linux.nag.64.openmpi.default/libesmf.so(c_esmc_arraybundlerediststorenf_+0x63)[0x7fd51b6d9db2]
[borgm060:31535] [19] /gpfsm/dnb34/gtheuric/ESMF-Nightly-Testing/nag_7.2.28_openmpi_g_fix_cmake-config/esmf/DEFAULTINSTALLDIR/lib/libg/Linux.nag.64.openmpi.default/libesmf.so(esmf_arraybundlemod_MP_esmf_arraybundlerediststorenf+0x80f)[0x7fd51bf08754]
[borgm060:31535] [20] /gpfsm/dnb34/gtheuric/ESMF-Nightly-Testing/nag_7.2.28_openmpi_g_fix_cmake-config/esmf/DEFAULTINSTALLDIR/lib/libg/Linux.nag.64.openmpi.default/libesmf.so(esmf_fieldbundlemod_MP_esmf_fieldbundlerediststorenf+0x5e1)[0x7fd51c1b0a5e]
[borgm060:31535] [21] /gpfsm/dnb34/gtheuric/ESMF-Nightly-Testing/nag_7.2.28_openmpi_g_fix_cmake-config/esmf/DEFAULTINSTALLDIR/lib/libg/Linux.nag.64.openmpi.default/libesmf.so(nuopc_connector_MP_fieldbundlecplstore+0x1666b)[0x7fd51cb98dd4]
[borgm060:31535] [22] /gpfsm/dnb34/gtheuric/ESMF-Nightly-Testing/nag_7.2.28_openmpi_g_fix_cmake-config/esmf/DEFAULTINSTALLDIR/lib/libg/Linux.nag.64.openmpi.default/libesmf.so(nuopc_connector_MP_initializeipdv05p6b+0xe67c)[0x7fd51cbc7265]
[borgm060:31535] [23] /gpfsm/dnb34/gtheuric/ESMF-Nightly-Testing/nag_7.2.28_openmpi_g_fix_cmake-config/esmf/DEFAULTINSTALLDIR/lib/libg/Linux.nag.64.openmpi.default/libesmf.so(_ZN5ESMCI6FTable12callVFuncPtrEPKcPNS_2VMEPi+0xc55)[0x7fd51ba3574f]
[borgm060:31535] [24] /gpfsm/dnb34/gtheuric/ESMF-Nightly-Testing/nag_7.2.28_openmpi_g_fix_cmake-config/esmf/DEFAULTINSTALLDIR/lib/libg/Linux.nag.64.openmpi.default/libesmf.so(ESMCI_FTableCallEntryPointVMHop+0x32e)[0x7fd51ba32822]
[borgm060:31535] [25] /gpfsm/dnb34/gtheuric/ESMF-Nightly-Testing/nag_7.2.28_openmpi_g_fix_cmake-config/esmf/DEFAULTINSTALLDIR/lib/libg/Linux.nag.64.openmpi.default/libesmf.so(_ZN5ESMCI3VMK5enterEPNS_7VMKPlanEPvS3_+0xe2)[0x7fd51be8ddc2]
[borgm060:31535] [26] /gpfsm/dnb34/gtheuric/ESMF-Nightly-Testing/nag_7.2.28_openmpi_g_fix_cmake-config/esmf/DEFAULTINSTALLDIR/lib/libg/Linux.nag.64.openmpi.default/libesmf.so(_ZN5ESMCI2VM5enterEPNS_6VMPlanEPvS3_+0xb7)[0x7fd51bead441]
[borgm060:31535] [27] /gpfsm/dnb34/gtheuric/ESMF-Nightly-Testing/nag_7.2.28_openmpi_g_fix_cmake-config/esmf/DEFAULTINSTALLDIR/lib/libg/Linux.nag.64.openmpi.default/libesmf.so(c_esmc_ftablecallentrypointvm_+0x35f)[0x7fd51ba32cbb]
[borgm060:31535] [28] /gpfsm/dnb34/gtheuric/ESMF-Nightly-Testing/nag_7.2.28_openmpi_g_fix_cmake-config/esmf/DEFAULTINSTALLDIR/lib/libg/Linux.nag.64.openmpi.default/libesmf.so(esmf_compmod_MP_esmf_compexecute+0xa6f)[0x7fd51c160004]
[borgm060:31535] [29] /gpfsm/dnb34/gtheuric/ESMF-Nightly-Testing/nag_7.2.28_openmpi_g_fix_cmake-config/esmf/DEFAULTINSTALLDIR/lib/libg/Linux.nag.64.openmpi.default/libesmf.so(esmf_cplcompmod_MP_esmf_cplcompinitialize+0x176)[0x7fd51c179382]
[borgm060:31535] *** End of error message ***
--------------------------------------------------------------------------
Primary job  terminated normally, but 1 process returned
a non-zero exit code. Per user-direction, the job has been aborted.
--------------------------------------------------------------------------
--------------------------------------------------------------------------
mpirun noticed that process rank 0 with PID 31535 on node borgm060 exited on signal 6 (Aborted).
--------------------------------------------------------------------------
