2026-07-14 04:23:47
20260714 045305.157 INFO             PET0 !!!!!!!!!!!!!!!!!!!!!!!!!!!!!!!!!!!!!!!!!!!!!!!!!!!!!!
20260714 045305.157 INFO             PET0 !!! THE ESMF_LOG IS SET TO OUTPUT ALL LOG MESSAGES !!!
20260714 045305.157 INFO             PET0 !!!     THIS MAY CAUSE SLOWDOWN IN PERFORMANCE     !!!
20260714 045305.157 INFO             PET0 !!! FOR PRODUCTION RUNS, USE:                      !!!
20260714 045305.157 INFO             PET0 !!!                   ESMF_LOGKIND_Multi_On_Error  !!!
20260714 045305.157 INFO             PET0 !!!!!!!!!!!!!!!!!!!!!!!!!!!!!!!!!!!!!!!!!!!!!!!!!!!!!!
20260714 045305.157 INFO             PET0 Running with ESMF Version   : develop+gf1c7bb6d5f
20260714 045305.157 INFO             PET0 ESMF library build date/time: "Jul 14 2026" "04:22:27"
20260714 045305.157 INFO             PET0 ESMF library build location : /tmp/gfortran_12.3.0_mpi_O_develop/esmf
20260714 045305.157 INFO             PET0 ESMF_COMM                   : mpi
20260714 045305.157 INFO             PET0 ESMF_MOAB                   : enabled
20260714 045305.157 INFO             PET0 ESMF_LAPACK                 : enabled
20260714 045305.157 INFO             PET0 ESMF_NETCDF                 : enabled
20260714 045305.157 INFO             PET0 ESMF_PNETCDF                : disabled
20260714 045305.157 INFO             PET0 ESMF_PIO                    : enabled
20260714 045305.157 INFO             PET0 ESMF_YAMLCPP                : enabled
20260714 045305.158 INFO             PET0 InternalState label: second named data block
20260714 045305.158 INFO             PET0 InternalState label: first named data block
20260714 045305.158 INFO             PET0 InternalState label: ESMF-default-localdata
20260714 045305.158 INFO             PET0  NUMBER_OF_PROCESSORS           4
20260714 045305.158 INFO             PET0  PASS  Example ESMF_InternalStateEx, ESMF_InternalStateEx.F90, line 218
20260714 045305.158 INFO             PET0  Finalizing ESMF
20260714 045305.157 INFO             PET1 !!!!!!!!!!!!!!!!!!!!!!!!!!!!!!!!!!!!!!!!!!!!!!!!!!!!!!
20260714 045305.157 INFO             PET1 !!! THE ESMF_LOG IS SET TO OUTPUT ALL LOG MESSAGES !!!
20260714 045305.157 INFO             PET1 !!!     THIS MAY CAUSE SLOWDOWN IN PERFORMANCE     !!!
20260714 045305.157 INFO             PET1 !!! FOR PRODUCTION RUNS, USE:                      !!!
20260714 045305.157 INFO             PET1 !!!                   ESMF_LOGKIND_Multi_On_Error  !!!
20260714 045305.157 INFO             PET1 !!!!!!!!!!!!!!!!!!!!!!!!!!!!!!!!!!!!!!!!!!!!!!!!!!!!!!
20260714 045305.157 INFO             PET1 Running with ESMF Version   : develop+gf1c7bb6d5f
20260714 045305.157 INFO             PET1 ESMF library build date/time: "Jul 14 2026" "04:22:27"
20260714 045305.157 INFO             PET1 ESMF library build location : /tmp/gfortran_12.3.0_mpi_O_develop/esmf
20260714 045305.157 INFO             PET1 ESMF_COMM                   : mpi
20260714 045305.157 INFO             PET1 ESMF_MOAB                   : enabled
20260714 045305.157 INFO             PET1 ESMF_LAPACK                 : enabled
20260714 045305.157 INFO             PET1 ESMF_NETCDF                 : enabled
20260714 045305.157 INFO             PET1 ESMF_PNETCDF                : disabled
20260714 045305.157 INFO             PET1 ESMF_PIO                    : enabled
20260714 045305.157 INFO             PET1 ESMF_YAMLCPP                : enabled
20260714 045305.158 INFO             PET1 InternalState label: second named data block
20260714 045305.158 INFO             PET1 InternalState label: first named data block
20260714 045305.158 INFO             PET1 InternalState label: ESMF-default-localdata
20260714 045305.158 INFO             PET1  NUMBER_OF_PROCESSORS           4
20260714 045305.158 INFO             PET1  PASS  Example ESMF_InternalStateEx, ESMF_InternalStateEx.F90, line 218
20260714 045305.158 INFO             PET1  Finalizing ESMF
20260714 045305.157 INFO             PET2 !!!!!!!!!!!!!!!!!!!!!!!!!!!!!!!!!!!!!!!!!!!!!!!!!!!!!!
20260714 045305.157 INFO             PET2 !!! THE ESMF_LOG IS SET TO OUTPUT ALL LOG MESSAGES !!!
20260714 045305.157 INFO             PET2 !!!     THIS MAY CAUSE SLOWDOWN IN PERFORMANCE     !!!
20260714 045305.157 INFO             PET2 !!! FOR PRODUCTION RUNS, USE:                      !!!
20260714 045305.157 INFO             PET2 !!!                   ESMF_LOGKIND_Multi_On_Error  !!!
20260714 045305.157 INFO             PET2 !!!!!!!!!!!!!!!!!!!!!!!!!!!!!!!!!!!!!!!!!!!!!!!!!!!!!!
20260714 045305.157 INFO             PET2 Running with ESMF Version   : develop+gf1c7bb6d5f
20260714 045305.157 INFO             PET2 ESMF library build date/time: "Jul 14 2026" "04:22:27"
20260714 045305.157 INFO             PET2 ESMF library build location : /tmp/gfortran_12.3.0_mpi_O_develop/esmf
20260714 045305.157 INFO             PET2 ESMF_COMM                   : mpi
20260714 045305.157 INFO             PET2 ESMF_MOAB                   : enabled
20260714 045305.157 INFO             PET2 ESMF_LAPACK                 : enabled
20260714 045305.157 INFO             PET2 ESMF_NETCDF                 : enabled
20260714 045305.157 INFO             PET2 ESMF_PNETCDF                : disabled
20260714 045305.157 INFO             PET2 ESMF_PIO                    : enabled
20260714 045305.157 INFO             PET2 ESMF_YAMLCPP                : enabled
20260714 045305.158 INFO             PET2 InternalState label: second named data block
20260714 045305.158 INFO             PET2 InternalState label: first named data block
20260714 045305.158 INFO             PET2 InternalState label: ESMF-default-localdata
20260714 045305.158 INFO             PET2  NUMBER_OF_PROCESSORS           4
20260714 045305.158 INFO             PET2  PASS  Example ESMF_InternalStateEx, ESMF_InternalStateEx.F90, line 218
20260714 045305.158 INFO             PET2  Finalizing ESMF
20260714 045305.157 INFO             PET3 !!!!!!!!!!!!!!!!!!!!!!!!!!!!!!!!!!!!!!!!!!!!!!!!!!!!!!
20260714 045305.157 INFO             PET3 !!! THE ESMF_LOG IS SET TO OUTPUT ALL LOG MESSAGES !!!
20260714 045305.157 INFO             PET3 !!!     THIS MAY CAUSE SLOWDOWN IN PERFORMANCE     !!!
20260714 045305.157 INFO             PET3 !!! FOR PRODUCTION RUNS, USE:                      !!!
20260714 045305.157 INFO             PET3 !!!                   ESMF_LOGKIND_Multi_On_Error  !!!
20260714 045305.157 INFO             PET3 !!!!!!!!!!!!!!!!!!!!!!!!!!!!!!!!!!!!!!!!!!!!!!!!!!!!!!
20260714 045305.157 INFO             PET3 Running with ESMF Version   : develop+gf1c7bb6d5f
20260714 045305.157 INFO             PET3 ESMF library build date/time: "Jul 14 2026" "04:22:27"
20260714 045305.157 INFO             PET3 ESMF library build location : /tmp/gfortran_12.3.0_mpi_O_develop/esmf
20260714 045305.157 INFO             PET3 ESMF_COMM                   : mpi
20260714 045305.157 INFO             PET3 ESMF_MOAB                   : enabled
20260714 045305.157 INFO             PET3 ESMF_LAPACK                 : enabled
20260714 045305.157 INFO             PET3 ESMF_NETCDF                 : enabled
20260714 045305.157 INFO             PET3 ESMF_PNETCDF                : disabled
20260714 045305.157 INFO             PET3 ESMF_PIO                    : enabled
20260714 045305.157 INFO             PET3 ESMF_YAMLCPP                : enabled
20260714 045305.158 INFO             PET3 InternalState label: second named data block
20260714 045305.158 INFO             PET3 InternalState label: first named data block
20260714 045305.158 INFO             PET3 InternalState label: ESMF-default-localdata
20260714 045305.158 INFO             PET3  NUMBER_OF_PROCESSORS           4
20260714 045305.158 INFO             PET3  PASS  Example ESMF_InternalStateEx, ESMF_InternalStateEx.F90, line 218
20260714 045305.158 INFO             PET3  Finalizing ESMF
