2026-07-02 03:44:20
20260702 041010.530 INFO             PET0 !!!!!!!!!!!!!!!!!!!!!!!!!!!!!!!!!!!!!!!!!!!!!!!!!!!!!!
20260702 041010.530 INFO             PET0 !!! THE ESMF_LOG IS SET TO OUTPUT ALL LOG MESSAGES !!!
20260702 041010.530 INFO             PET0 !!!     THIS MAY CAUSE SLOWDOWN IN PERFORMANCE     !!!
20260702 041010.530 INFO             PET0 !!! FOR PRODUCTION RUNS, USE:                      !!!
20260702 041010.530 INFO             PET0 !!!                   ESMF_LOGKIND_Multi_On_Error  !!!
20260702 041010.530 INFO             PET0 !!!!!!!!!!!!!!!!!!!!!!!!!!!!!!!!!!!!!!!!!!!!!!!!!!!!!!
20260702 041010.530 INFO             PET0 Running with ESMF Version   : develop+g97275e0470
20260702 041010.530 INFO             PET0 ESMF library build date/time: "Jul  2 2026" "03:43:00"
20260702 041010.530 INFO             PET0 ESMF library build location : /tmp/gfortran_12.3.0_mpi_O_develop/esmf
20260702 041010.530 INFO             PET0 ESMF_COMM                   : mpi
20260702 041010.530 INFO             PET0 ESMF_MOAB                   : enabled
20260702 041010.530 INFO             PET0 ESMF_LAPACK                 : enabled
20260702 041010.530 INFO             PET0 ESMF_NETCDF                 : enabled
20260702 041010.530 INFO             PET0 ESMF_PNETCDF                : disabled
20260702 041010.530 INFO             PET0 ESMF_PIO                    : enabled
20260702 041010.530 INFO             PET0 ESMF_YAMLCPP                : enabled
20260702 041010.531 INFO             PET0 ESMF Tracing Enabled
20260702 041010.531 INFO             PET0 ESMF Profiling Enabled
20260702 041010.531 INFO             PET0 ESMF Trace/Profile clock: REALTIME
20260702 041010.531 INFO             PET0  NUMBER_OF_PROCESSORS           4
20260702 041010.531 INFO             PET0  PASS  Example ESMF_TraceEx, ESMF_TraceEx.F90, line 178
20260702 041010.531 INFO             PET0  Finalizing ESMF
20260702 041010.531 INFO             PET0 **************** Region Timings *******************
20260702 041010.531 INFO             PET0 Region              Count  Total (s)   Self (s)    Mean (s)    Min (s)     Max (s)
20260702 041010.531 INFO             PET0   [ESMF]            1      0.0008      0.0008      0.0008      0.0008      0.0008
20260702 041010.532 INFO             PET0     [test] Run 1    5      0.0000      0.0000      0.0000      0.0000      0.0000
20260702 041010.532 INFO             PET0     [test] Init 1   1      0.0000      0.0000      0.0000      0.0000      0.0000
20260702 041010.532 INFO             PET0     [test] Final 1  1      0.0000      0.0000      0.0000      0.0000      0.0000
20260702 041010.530 INFO             PET1 !!!!!!!!!!!!!!!!!!!!!!!!!!!!!!!!!!!!!!!!!!!!!!!!!!!!!!
20260702 041010.530 INFO             PET1 !!! THE ESMF_LOG IS SET TO OUTPUT ALL LOG MESSAGES !!!
20260702 041010.530 INFO             PET1 !!!     THIS MAY CAUSE SLOWDOWN IN PERFORMANCE     !!!
20260702 041010.530 INFO             PET1 !!! FOR PRODUCTION RUNS, USE:                      !!!
20260702 041010.530 INFO             PET1 !!!                   ESMF_LOGKIND_Multi_On_Error  !!!
20260702 041010.530 INFO             PET1 !!!!!!!!!!!!!!!!!!!!!!!!!!!!!!!!!!!!!!!!!!!!!!!!!!!!!!
20260702 041010.530 INFO             PET1 Running with ESMF Version   : develop+g97275e0470
20260702 041010.530 INFO             PET1 ESMF library build date/time: "Jul  2 2026" "03:43:00"
20260702 041010.530 INFO             PET1 ESMF library build location : /tmp/gfortran_12.3.0_mpi_O_develop/esmf
20260702 041010.530 INFO             PET1 ESMF_COMM                   : mpi
20260702 041010.530 INFO             PET1 ESMF_MOAB                   : enabled
20260702 041010.530 INFO             PET1 ESMF_LAPACK                 : enabled
20260702 041010.530 INFO             PET1 ESMF_NETCDF                 : enabled
20260702 041010.530 INFO             PET1 ESMF_PNETCDF                : disabled
20260702 041010.530 INFO             PET1 ESMF_PIO                    : enabled
20260702 041010.530 INFO             PET1 ESMF_YAMLCPP                : enabled
20260702 041010.531 INFO             PET1 ESMF Tracing Enabled
20260702 041010.531 INFO             PET1 ESMF Profiling Enabled
20260702 041010.531 INFO             PET1 ESMF Trace/Profile clock: REALTIME
20260702 041010.531 INFO             PET1  NUMBER_OF_PROCESSORS           4
20260702 041010.531 INFO             PET1  PASS  Example ESMF_TraceEx, ESMF_TraceEx.F90, line 178
20260702 041010.531 INFO             PET1  Finalizing ESMF
20260702 041010.531 INFO             PET1 **************** Region Timings *******************
20260702 041010.531 INFO             PET1 Region              Count  Total (s)   Self (s)    Mean (s)    Min (s)     Max (s)
20260702 041010.532 INFO             PET1   [ESMF]            1      0.0009      0.0008      0.0009      0.0009      0.0009
20260702 041010.532 INFO             PET1     [test] Init 1   1      0.0000      0.0000      0.0000      0.0000      0.0000
20260702 041010.532 INFO             PET1     [test] Run 1    5      0.0000      0.0000      0.0000      0.0000      0.0000
20260702 041010.532 INFO             PET1     [test] Final 1  1      0.0000      0.0000      0.0000      0.0000      0.0000
20260702 041010.530 INFO             PET2 !!!!!!!!!!!!!!!!!!!!!!!!!!!!!!!!!!!!!!!!!!!!!!!!!!!!!!
20260702 041010.530 INFO             PET2 !!! THE ESMF_LOG IS SET TO OUTPUT ALL LOG MESSAGES !!!
20260702 041010.530 INFO             PET2 !!!     THIS MAY CAUSE SLOWDOWN IN PERFORMANCE     !!!
20260702 041010.530 INFO             PET2 !!! FOR PRODUCTION RUNS, USE:                      !!!
20260702 041010.530 INFO             PET2 !!!                   ESMF_LOGKIND_Multi_On_Error  !!!
20260702 041010.530 INFO             PET2 !!!!!!!!!!!!!!!!!!!!!!!!!!!!!!!!!!!!!!!!!!!!!!!!!!!!!!
20260702 041010.530 INFO             PET2 Running with ESMF Version   : develop+g97275e0470
20260702 041010.530 INFO             PET2 ESMF library build date/time: "Jul  2 2026" "03:43:00"
20260702 041010.530 INFO             PET2 ESMF library build location : /tmp/gfortran_12.3.0_mpi_O_develop/esmf
20260702 041010.530 INFO             PET2 ESMF_COMM                   : mpi
20260702 041010.530 INFO             PET2 ESMF_MOAB                   : enabled
20260702 041010.530 INFO             PET2 ESMF_LAPACK                 : enabled
20260702 041010.530 INFO             PET2 ESMF_NETCDF                 : enabled
20260702 041010.530 INFO             PET2 ESMF_PNETCDF                : disabled
20260702 041010.530 INFO             PET2 ESMF_PIO                    : enabled
20260702 041010.530 INFO             PET2 ESMF_YAMLCPP                : enabled
20260702 041010.531 INFO             PET2 ESMF Tracing Enabled
20260702 041010.531 INFO             PET2 ESMF Profiling Enabled
20260702 041010.531 INFO             PET2 ESMF Trace/Profile clock: REALTIME
20260702 041010.531 INFO             PET2  NUMBER_OF_PROCESSORS           4
20260702 041010.531 INFO             PET2  PASS  Example ESMF_TraceEx, ESMF_TraceEx.F90, line 178
20260702 041010.531 INFO             PET2  Finalizing ESMF
20260702 041010.531 INFO             PET2 **************** Region Timings *******************
20260702 041010.531 INFO             PET2 Region              Count  Total (s)   Self (s)    Mean (s)    Min (s)     Max (s)
20260702 041010.531 INFO             PET2   [ESMF]            1      0.0009      0.0008      0.0009      0.0009      0.0009
20260702 041010.532 INFO             PET2     [test] Run 1    5      0.0000      0.0000      0.0000      0.0000      0.0000
20260702 041010.532 INFO             PET2     [test] Init 1   1      0.0000      0.0000      0.0000      0.0000      0.0000
20260702 041010.532 INFO             PET2     [test] Final 1  1      0.0000      0.0000      0.0000      0.0000      0.0000
20260702 041010.530 INFO             PET3 !!!!!!!!!!!!!!!!!!!!!!!!!!!!!!!!!!!!!!!!!!!!!!!!!!!!!!
20260702 041010.530 INFO             PET3 !!! THE ESMF_LOG IS SET TO OUTPUT ALL LOG MESSAGES !!!
20260702 041010.530 INFO             PET3 !!!     THIS MAY CAUSE SLOWDOWN IN PERFORMANCE     !!!
20260702 041010.530 INFO             PET3 !!! FOR PRODUCTION RUNS, USE:                      !!!
20260702 041010.530 INFO             PET3 !!!                   ESMF_LOGKIND_Multi_On_Error  !!!
20260702 041010.530 INFO             PET3 !!!!!!!!!!!!!!!!!!!!!!!!!!!!!!!!!!!!!!!!!!!!!!!!!!!!!!
20260702 041010.530 INFO             PET3 Running with ESMF Version   : develop+g97275e0470
20260702 041010.530 INFO             PET3 ESMF library build date/time: "Jul  2 2026" "03:43:00"
20260702 041010.530 INFO             PET3 ESMF library build location : /tmp/gfortran_12.3.0_mpi_O_develop/esmf
20260702 041010.530 INFO             PET3 ESMF_COMM                   : mpi
20260702 041010.530 INFO             PET3 ESMF_MOAB                   : enabled
20260702 041010.530 INFO             PET3 ESMF_LAPACK                 : enabled
20260702 041010.530 INFO             PET3 ESMF_NETCDF                 : enabled
20260702 041010.530 INFO             PET3 ESMF_PNETCDF                : disabled
20260702 041010.530 INFO             PET3 ESMF_PIO                    : enabled
20260702 041010.530 INFO             PET3 ESMF_YAMLCPP                : enabled
20260702 041010.531 INFO             PET3 ESMF Tracing Enabled
20260702 041010.531 INFO             PET3 ESMF Profiling Enabled
20260702 041010.531 INFO             PET3 ESMF Trace/Profile clock: REALTIME
20260702 041010.531 INFO             PET3  NUMBER_OF_PROCESSORS           4
20260702 041010.531 INFO             PET3  PASS  Example ESMF_TraceEx, ESMF_TraceEx.F90, line 178
20260702 041010.531 INFO             PET3  Finalizing ESMF
20260702 041010.531 INFO             PET3 **************** Region Timings *******************
20260702 041010.531 INFO             PET3 Region              Count  Total (s)   Self (s)    Mean (s)    Min (s)     Max (s)
20260702 041010.532 INFO             PET3   [ESMF]            1      0.0009      0.0008      0.0009      0.0009      0.0009
20260702 041010.532 INFO             PET3     [test] Init 1   1      0.0000      0.0000      0.0000      0.0000      0.0000
20260702 041010.532 INFO             PET3     [test] Run 1    5      0.0000      0.0000      0.0000      0.0000      0.0000
20260702 041010.532 INFO             PET3     [test] Final 1  1      0.0000      0.0000      0.0000      0.0000      0.0000
