2026-05-22 03:45:01
20260522 041116.270 INFO             PET0 !!!!!!!!!!!!!!!!!!!!!!!!!!!!!!!!!!!!!!!!!!!!!!!!!!!!!!
20260522 041116.270 INFO             PET0 !!! THE ESMF_LOG IS SET TO OUTPUT ALL LOG MESSAGES !!!
20260522 041116.270 INFO             PET0 !!!     THIS MAY CAUSE SLOWDOWN IN PERFORMANCE     !!!
20260522 041116.270 INFO             PET0 !!! FOR PRODUCTION RUNS, USE:                      !!!
20260522 041116.270 INFO             PET0 !!!                   ESMF_LOGKIND_Multi_On_Error  !!!
20260522 041116.270 INFO             PET0 !!!!!!!!!!!!!!!!!!!!!!!!!!!!!!!!!!!!!!!!!!!!!!!!!!!!!!
20260522 041116.270 INFO             PET0 Running with ESMF Version   : develop+g3a22a06bd4
20260522 041116.270 INFO             PET0 ESMF library build date/time: "May 22 2026" "03:43:39"
20260522 041116.270 INFO             PET0 ESMF library build location : /tmp/gfortran_12.3.0_mpi_O_develop/esmf
20260522 041116.270 INFO             PET0 ESMF_COMM                   : mpi
20260522 041116.270 INFO             PET0 ESMF_MOAB                   : enabled
20260522 041116.270 INFO             PET0 ESMF_LAPACK                 : enabled
20260522 041116.270 INFO             PET0 ESMF_NETCDF                 : enabled
20260522 041116.270 INFO             PET0 ESMF_PNETCDF                : disabled
20260522 041116.270 INFO             PET0 ESMF_PIO                    : enabled
20260522 041116.270 INFO             PET0 ESMF_YAMLCPP                : enabled
20260522 041116.281 INFO             PET0  NUMBER_OF_PROCESSORS           4
20260522 041116.281 INFO             PET0  PASS  Example ESMF_ConfigOverviewEx, ESMF_ConfigOverviewEx.F90, line 638
20260522 041116.281 INFO             PET0  Finalizing ESMF
20260522 041116.270 INFO             PET1 !!!!!!!!!!!!!!!!!!!!!!!!!!!!!!!!!!!!!!!!!!!!!!!!!!!!!!
20260522 041116.270 INFO             PET1 !!! THE ESMF_LOG IS SET TO OUTPUT ALL LOG MESSAGES !!!
20260522 041116.270 INFO             PET1 !!!     THIS MAY CAUSE SLOWDOWN IN PERFORMANCE     !!!
20260522 041116.270 INFO             PET1 !!! FOR PRODUCTION RUNS, USE:                      !!!
20260522 041116.270 INFO             PET1 !!!                   ESMF_LOGKIND_Multi_On_Error  !!!
20260522 041116.270 INFO             PET1 !!!!!!!!!!!!!!!!!!!!!!!!!!!!!!!!!!!!!!!!!!!!!!!!!!!!!!
20260522 041116.270 INFO             PET1 Running with ESMF Version   : develop+g3a22a06bd4
20260522 041116.270 INFO             PET1 ESMF library build date/time: "May 22 2026" "03:43:39"
20260522 041116.270 INFO             PET1 ESMF library build location : /tmp/gfortran_12.3.0_mpi_O_develop/esmf
20260522 041116.270 INFO             PET1 ESMF_COMM                   : mpi
20260522 041116.270 INFO             PET1 ESMF_MOAB                   : enabled
20260522 041116.270 INFO             PET1 ESMF_LAPACK                 : enabled
20260522 041116.270 INFO             PET1 ESMF_NETCDF                 : enabled
20260522 041116.270 INFO             PET1 ESMF_PNETCDF                : disabled
20260522 041116.270 INFO             PET1 ESMF_PIO                    : enabled
20260522 041116.270 INFO             PET1 ESMF_YAMLCPP                : enabled
20260522 041116.280 INFO             PET1  NUMBER_OF_PROCESSORS           4
20260522 041116.280 INFO             PET1  PASS  Example ESMF_ConfigOverviewEx, ESMF_ConfigOverviewEx.F90, line 638
20260522 041116.280 INFO             PET1  Finalizing ESMF
20260522 041116.270 INFO             PET2 !!!!!!!!!!!!!!!!!!!!!!!!!!!!!!!!!!!!!!!!!!!!!!!!!!!!!!
20260522 041116.270 INFO             PET2 !!! THE ESMF_LOG IS SET TO OUTPUT ALL LOG MESSAGES !!!
20260522 041116.270 INFO             PET2 !!!     THIS MAY CAUSE SLOWDOWN IN PERFORMANCE     !!!
20260522 041116.270 INFO             PET2 !!! FOR PRODUCTION RUNS, USE:                      !!!
20260522 041116.270 INFO             PET2 !!!                   ESMF_LOGKIND_Multi_On_Error  !!!
20260522 041116.270 INFO             PET2 !!!!!!!!!!!!!!!!!!!!!!!!!!!!!!!!!!!!!!!!!!!!!!!!!!!!!!
20260522 041116.270 INFO             PET2 Running with ESMF Version   : develop+g3a22a06bd4
20260522 041116.270 INFO             PET2 ESMF library build date/time: "May 22 2026" "03:43:39"
20260522 041116.270 INFO             PET2 ESMF library build location : /tmp/gfortran_12.3.0_mpi_O_develop/esmf
20260522 041116.270 INFO             PET2 ESMF_COMM                   : mpi
20260522 041116.270 INFO             PET2 ESMF_MOAB                   : enabled
20260522 041116.270 INFO             PET2 ESMF_LAPACK                 : enabled
20260522 041116.270 INFO             PET2 ESMF_NETCDF                 : enabled
20260522 041116.270 INFO             PET2 ESMF_PNETCDF                : disabled
20260522 041116.270 INFO             PET2 ESMF_PIO                    : enabled
20260522 041116.270 INFO             PET2 ESMF_YAMLCPP                : enabled
20260522 041116.281 INFO             PET2  NUMBER_OF_PROCESSORS           4
20260522 041116.281 INFO             PET2  PASS  Example ESMF_ConfigOverviewEx, ESMF_ConfigOverviewEx.F90, line 638
20260522 041116.281 INFO             PET2  Finalizing ESMF
20260522 041116.270 INFO             PET3 !!!!!!!!!!!!!!!!!!!!!!!!!!!!!!!!!!!!!!!!!!!!!!!!!!!!!!
20260522 041116.270 INFO             PET3 !!! THE ESMF_LOG IS SET TO OUTPUT ALL LOG MESSAGES !!!
20260522 041116.270 INFO             PET3 !!!     THIS MAY CAUSE SLOWDOWN IN PERFORMANCE     !!!
20260522 041116.270 INFO             PET3 !!! FOR PRODUCTION RUNS, USE:                      !!!
20260522 041116.270 INFO             PET3 !!!                   ESMF_LOGKIND_Multi_On_Error  !!!
20260522 041116.270 INFO             PET3 !!!!!!!!!!!!!!!!!!!!!!!!!!!!!!!!!!!!!!!!!!!!!!!!!!!!!!
20260522 041116.270 INFO             PET3 Running with ESMF Version   : develop+g3a22a06bd4
20260522 041116.270 INFO             PET3 ESMF library build date/time: "May 22 2026" "03:43:39"
20260522 041116.270 INFO             PET3 ESMF library build location : /tmp/gfortran_12.3.0_mpi_O_develop/esmf
20260522 041116.270 INFO             PET3 ESMF_COMM                   : mpi
20260522 041116.270 INFO             PET3 ESMF_MOAB                   : enabled
20260522 041116.270 INFO             PET3 ESMF_LAPACK                 : enabled
20260522 041116.270 INFO             PET3 ESMF_NETCDF                 : enabled
20260522 041116.270 INFO             PET3 ESMF_PNETCDF                : disabled
20260522 041116.270 INFO             PET3 ESMF_PIO                    : enabled
20260522 041116.270 INFO             PET3 ESMF_YAMLCPP                : enabled
20260522 041116.280 INFO             PET3  NUMBER_OF_PROCESSORS           4
20260522 041116.280 INFO             PET3  PASS  Example ESMF_ConfigOverviewEx, ESMF_ConfigOverviewEx.F90, line 638
20260522 041116.280 INFO             PET3  Finalizing ESMF
