2025-07-08 03:31:32
ABC: Model Advance 2012 10 24  8  0  0   0
ABC: Import Fields
ABC:                     FIELD     COUNT      MEAN       MIN       MAX OKAY
ABC: Export Fields
ABC:                     FIELD     COUNT      MEAN       MIN       MAX
ABC:   sea_surface_temperature      2048  0.27E+03  0.27E+03  0.27E+03
DEF: Model Advance 2012 10 24  8  0  0   0
DEF: Import Fields
DEF:                     FIELD     COUNT      MEAN       MIN       MAX OKAY
DEF:   sea_surface_temperature      2048  0.27E+03  0.27E+03  0.27E+03    T
DEF: Export Fields
DEF:                     FIELD     COUNT      MEAN       MIN       MAX
ABC: Model Advance 2012 10 24  8 15  0   0
ABC: Import Fields
ABC:                     FIELD     COUNT      MEAN       MIN       MAX OKAY
ABC: Export Fields
ABC:                     FIELD     COUNT      MEAN       MIN       MAX
ABC:   sea_surface_temperature      2048  0.27E+03  0.27E+03  0.27E+03
DEF: Model Advance 2012 10 24  8 15  0   0
DEF: Import Fields
DEF:                     FIELD     COUNT      MEAN       MIN       MAX OKAY
DEF:   sea_surface_temperature      2048  0.27E+03  0.27E+03  0.27E+03    T
DEF: Export Fields
DEF:                     FIELD     COUNT      MEAN       MIN       MAX
ABC: Model Advance 2012 10 24  8 30  0   0
ABC: Import Fields
ABC:                     FIELD     COUNT      MEAN       MIN       MAX OKAY
ABC: Export Fields
ABC:                     FIELD     COUNT      MEAN       MIN       MAX
ABC:   sea_surface_temperature      2048  0.27E+03  0.27E+03  0.27E+03
DEF: Model Advance 2012 10 24  8 30  0   0
DEF: Import Fields
DEF:                     FIELD     COUNT      MEAN       MIN       MAX OKAY
DEF:   sea_surface_temperature      2048  0.27E+03  0.27E+03  0.27E+03    T
DEF: Export Fields
DEF:                     FIELD     COUNT      MEAN       MIN       MAX
ABC: Model Advance 2012 10 24  8 45  0   0
ABC: Import Fields
ABC:                     FIELD     COUNT      MEAN       MIN       MAX OKAY
ABC: Export Fields
ABC:                     FIELD     COUNT      MEAN       MIN       MAX
ABC:   sea_surface_temperature      2048  0.27E+03  0.27E+03  0.27E+03
DEF: Model Advance 2012 10 24  8 45  0   0
DEF: Import Fields
DEF:                     FIELD     COUNT      MEAN       MIN       MAX OKAY
DEF:   sea_surface_temperature      2048  0.27E+03  0.27E+03  0.27E+03    T
DEF: Export Fields
DEF:                     FIELD     COUNT      MEAN       MIN       MAX
ABC: Model Advance 2012 10 24  9  0  0   0
ABC: Import Fields
ABC:                     FIELD     COUNT      MEAN       MIN       MAX OKAY
ABC: Export Fields
ABC:                     FIELD     COUNT      MEAN       MIN       MAX
ABC:   sea_surface_temperature      2048  0.27E+03  0.27E+03  0.27E+03
DEF: Model Advance 2012 10 24  9  0  0   0
DEF: Import Fields
DEF:                     FIELD     COUNT      MEAN       MIN       MAX OKAY
DEF:   sea_surface_temperature      2048  0.27E+03  0.27E+03  0.27E+03    T
DEF: Export Fields
DEF:                     FIELD     COUNT      MEAN       MIN       MAX
ABC: Model Advance 2012 10 24  9 15  0   0
ABC: Import Fields
ABC:                     FIELD     COUNT      MEAN       MIN       MAX OKAY
ABC: Export Fields
ABC:                     FIELD     COUNT      MEAN       MIN       MAX
ABC:   sea_surface_temperature      2048  0.27E+03  0.27E+03  0.27E+03
DEF: Model Advance 2012 10 24  9 15  0   0
DEF: Import Fields
DEF:                     FIELD     COUNT      MEAN       MIN       MAX OKAY
DEF:   sea_surface_temperature      2048  0.27E+03  0.27E+03  0.27E+03    T
DEF: Export Fields
DEF:                     FIELD     COUNT      MEAN       MIN       MAX
ABC: Model Advance 2012 10 24  9 30  0   0
ABC: Import Fields
ABC:                     FIELD     COUNT      MEAN       MIN       MAX OKAY
ABC: Export Fields
ABC:                     FIELD     COUNT      MEAN       MIN       MAX
ABC:   sea_surface_temperature      2048  0.27E+03  0.27E+03  0.27E+03
DEF: Model Advance 2012 10 24  9 30  0   0
DEF: Import Fields
DEF:                     FIELD     COUNT      MEAN       MIN       MAX OKAY
DEF:   sea_surface_temperature      2048  0.27E+03  0.27E+03  0.27E+03    T
DEF: Export Fields
DEF:                     FIELD     COUNT      MEAN       MIN       MAX
ABC: Model Advance 2012 10 24  9 45  0   0
ABC: Import Fields
ABC:                     FIELD     COUNT      MEAN       MIN       MAX OKAY
ABC: Export Fields
ABC:                     FIELD     COUNT      MEAN       MIN       MAX
ABC:   sea_surface_temperature      2048  0.27E+03  0.27E+03  0.27E+03
DEF: Model Advance 2012 10 24  9 45  0   0
DEF: Import Fields
DEF:                     FIELD     COUNT      MEAN       MIN       MAX OKAY
DEF:   sea_surface_temperature      2048  0.27E+03  0.27E+03  0.27E+03    T
DEF: Export Fields
DEF:                     FIELD     COUNT      MEAN       MIN       MAX
ABC: Model Advance 2012 10 24 10  0  0   0
ABC: Import Fields
ABC:                     FIELD     COUNT      MEAN       MIN       MAX OKAY
ABC: Export Fields
ABC:                     FIELD     COUNT      MEAN       MIN       MAX
ABC:   sea_surface_temperature      2048  0.27E+03  0.27E+03  0.27E+03
DEF: Model Advance 2012 10 24 10  0  0   0
DEF: Import Fields
DEF:                     FIELD     COUNT      MEAN       MIN       MAX OKAY
DEF:   sea_surface_temperature      2048  0.27E+03  0.27E+03  0.27E+03    T
DEF: Export Fields
DEF:                     FIELD     COUNT      MEAN       MIN       MAX
ABC: Model Advance 2012 10 24 10 15  0   0
ABC: Import Fields
ABC:                     FIELD     COUNT      MEAN       MIN       MAX OKAY
ABC: Export Fields
ABC:                     FIELD     COUNT      MEAN       MIN       MAX
ABC:   sea_surface_temperature      2048  0.27E+03  0.27E+03  0.27E+03
DEF: Model Advance 2012 10 24 10 15  0   0
DEF: Import Fields
DEF:                     FIELD     COUNT      MEAN       MIN       MAX OKAY
DEF:   sea_surface_temperature      2048  0.27E+03  0.27E+03  0.27E+03    T
DEF: Export Fields
DEF:                     FIELD     COUNT      MEAN       MIN       MAX
ABC: Model Advance 2012 10 24 10 30  0   0
ABC: Import Fields
ABC:                     FIELD     COUNT      MEAN       MIN       MAX OKAY
ABC: Export Fields
ABC:                     FIELD     COUNT      MEAN       MIN       MAX
ABC:   sea_surface_temperature      2048  0.27E+03  0.27E+03  0.27E+03
DEF: Model Advance 2012 10 24 10 30  0   0
DEF: Import Fields
DEF:                     FIELD     COUNT      MEAN       MIN       MAX OKAY
DEF:   sea_surface_temperature      2048  0.27E+03  0.27E+03  0.27E+03    T
DEF: Export Fields
DEF:                     FIELD     COUNT      MEAN       MIN       MAX
ABC: Model Advance 2012 10 24 10 45  0   0
ABC: Import Fields
ABC:                     FIELD     COUNT      MEAN       MIN       MAX OKAY
ABC: Export Fields
ABC:                     FIELD     COUNT      MEAN       MIN       MAX
ABC:   sea_surface_temperature      2048  0.27E+03  0.27E+03  0.27E+03
DEF: Model Advance 2012 10 24 10 45  0   0
DEF: Import Fields
DEF:                     FIELD     COUNT      MEAN       MIN       MAX OKAY
DEF:   sea_surface_temperature      2048  0.27E+03  0.27E+03  0.27E+03    T
DEF: Export Fields
DEF:                     FIELD     COUNT      MEAN       MIN       MAX
ABC: Model Advance 2012 10 24 11  0  0   0
ABC: Import Fields
ABC:                     FIELD     COUNT      MEAN       MIN       MAX OKAY
ABC: Export Fields
ABC:                     FIELD     COUNT      MEAN       MIN       MAX
ABC:   sea_surface_temperature      2048  0.27E+03  0.27E+03  0.27E+03
DEF: Model Advance 2012 10 24 11  0  0   0
DEF: Import Fields
DEF:                     FIELD     COUNT      MEAN       MIN       MAX OKAY
DEF:   sea_surface_temperature      2048  0.27E+03  0.27E+03  0.27E+03    T
DEF: Export Fields
DEF:                     FIELD     COUNT      MEAN       MIN       MAX
ABC: Model Advance 2012 10 24 11 15  0   0
ABC: Import Fields
ABC:                     FIELD     COUNT      MEAN       MIN       MAX OKAY
ABC: Export Fields
ABC:                     FIELD     COUNT      MEAN       MIN       MAX
ABC:   sea_surface_temperature      2048  0.27E+03  0.27E+03  0.27E+03
DEF: Model Advance 2012 10 24 11 15  0   0
DEF: Import Fields
DEF:                     FIELD     COUNT      MEAN       MIN       MAX OKAY
DEF:   sea_surface_temperature      2048  0.27E+03  0.27E+03  0.27E+03    T
DEF: Export Fields
DEF:                     FIELD     COUNT      MEAN       MIN       MAX
ABC: Model Advance 2012 10 24 11 30  0   0
ABC: Import Fields
ABC:                     FIELD     COUNT      MEAN       MIN       MAX OKAY
ABC: Export Fields
ABC:                     FIELD     COUNT      MEAN       MIN       MAX
ABC:   sea_surface_temperature      2048  0.27E+03  0.27E+03  0.27E+03
DEF: Model Advance 2012 10 24 11 30  0   0
DEF: Import Fields
DEF:                     FIELD     COUNT      MEAN       MIN       MAX OKAY
DEF:   sea_surface_temperature      2048  0.27E+03  0.27E+03  0.27E+03    T
DEF: Export Fields
DEF:                     FIELD     COUNT      MEAN       MIN       MAX
ABC: Model Advance 2012 10 24 11 45  0   0
ABC: Import Fields
ABC:                     FIELD     COUNT      MEAN       MIN       MAX OKAY
ABC: Export Fields
ABC:                     FIELD     COUNT      MEAN       MIN       MAX
ABC:   sea_surface_temperature      2048  0.27E+03  0.27E+03  0.27E+03
DEF: Model Advance 2012 10 24 11 45  0   0
DEF: Import Fields
DEF:                     FIELD     COUNT      MEAN       MIN       MAX OKAY
DEF:   sea_surface_temperature      2048  0.27E+03  0.27E+03  0.27E+03    T
DEF: Export Fields
DEF:                     FIELD     COUNT      MEAN       MIN       MAX
ABC: Model Advance 2012 10 24 12  0  0   0
ABC: Import Fields
ABC:                     FIELD     COUNT      MEAN       MIN       MAX OKAY
ABC: Export Fields
ABC:                     FIELD     COUNT      MEAN       MIN       MAX
ABC:   sea_surface_temperature      2048  0.27E+03  0.27E+03  0.27E+03
DEF: Model Advance 2012 10 24 12  0  0   0
DEF: Import Fields
DEF:                     FIELD     COUNT      MEAN       MIN       MAX OKAY
DEF:   sea_surface_temperature      2048  0.27E+03  0.27E+03  0.27E+03    T
DEF: Export Fields
DEF:                     FIELD     COUNT      MEAN       MIN       MAX
ABC: Model Advance 2012 10 24 12 15  0   0
ABC: Import Fields
ABC:                     FIELD     COUNT      MEAN       MIN       MAX OKAY
ABC: Export Fields
ABC:                     FIELD     COUNT      MEAN       MIN       MAX
ABC:   sea_surface_temperature      2048  0.27E+03  0.27E+03  0.27E+03
DEF: Model Advance 2012 10 24 12 15  0   0
DEF: Import Fields
DEF:                     FIELD     COUNT      MEAN       MIN       MAX OKAY
DEF:   sea_surface_temperature      2048  0.27E+03  0.27E+03  0.27E+03    T
DEF: Export Fields
DEF:                     FIELD     COUNT      MEAN       MIN       MAX
ABC: Model Advance 2012 10 24 12 30  0   0
ABC: Import Fields
ABC:                     FIELD     COUNT      MEAN       MIN       MAX OKAY
ABC: Export Fields
ABC:                     FIELD     COUNT      MEAN       MIN       MAX
ABC:   sea_surface_temperature      2048  0.27E+03  0.27E+03  0.27E+03
DEF: Model Advance 2012 10 24 12 30  0   0
DEF: Import Fields
DEF:                     FIELD     COUNT      MEAN       MIN       MAX OKAY
DEF:   sea_surface_temperature      2048  0.27E+03  0.27E+03  0.27E+03    T
DEF: Export Fields
DEF:                     FIELD     COUNT      MEAN       MIN       MAX
ABC: Model Advance 2012 10 24 12 45  0   0
ABC: Import Fields
ABC:                     FIELD     COUNT      MEAN       MIN       MAX OKAY
ABC: Export Fields
ABC:                     FIELD     COUNT      MEAN       MIN       MAX
ABC:   sea_surface_temperature      2048  0.27E+03  0.27E+03  0.27E+03
DEF: Model Advance 2012 10 24 12 45  0   0
DEF: Import Fields
DEF:                     FIELD     COUNT      MEAN       MIN       MAX OKAY
DEF:   sea_surface_temperature      2048  0.27E+03  0.27E+03  0.27E+03    T
DEF: Export Fields
DEF:                     FIELD     COUNT      MEAN       MIN       MAX
ABC: Model Advance 2012 10 24 13  0  0   0
ABC: Import Fields
ABC:                     FIELD     COUNT      MEAN       MIN       MAX OKAY
ABC: Export Fields
ABC:                     FIELD     COUNT      MEAN       MIN       MAX
ABC:   sea_surface_temperature      2048  0.27E+03  0.27E+03  0.27E+03
DEF: Model Advance 2012 10 24 13  0  0   0
DEF: Import Fields
DEF:                     FIELD     COUNT      MEAN       MIN       MAX OKAY
DEF:   sea_surface_temperature      2048  0.27E+03  0.27E+03  0.27E+03    T
DEF: Export Fields
DEF:                     FIELD     COUNT      MEAN       MIN       MAX
ABC: Model Advance 2012 10 24 13 15  0   0
ABC: Import Fields
ABC:                     FIELD     COUNT      MEAN       MIN       MAX OKAY
ABC: Export Fields
ABC:                     FIELD     COUNT      MEAN       MIN       MAX
ABC:   sea_surface_temperature      2048  0.27E+03  0.27E+03  0.27E+03
DEF: Model Advance 2012 10 24 13 15  0   0
DEF: Import Fields
DEF:                     FIELD     COUNT      MEAN       MIN       MAX OKAY
DEF:   sea_surface_temperature      2048  0.27E+03  0.27E+03  0.27E+03    T
DEF: Export Fields
DEF:                     FIELD     COUNT      MEAN       MIN       MAX
ABC: Model Advance 2012 10 24 13 30  0   0
ABC: Import Fields
ABC:                     FIELD     COUNT      MEAN       MIN       MAX OKAY
ABC: Export Fields
ABC:                     FIELD     COUNT      MEAN       MIN       MAX
ABC:   sea_surface_temperature      2048  0.27E+03  0.27E+03  0.27E+03
DEF: Model Advance 2012 10 24 13 30  0   0
DEF: Import Fields
DEF:                     FIELD     COUNT      MEAN       MIN       MAX OKAY
DEF:   sea_surface_temperature      2048  0.27E+03  0.27E+03  0.27E+03    T
DEF: Export Fields
DEF:                     FIELD     COUNT      MEAN       MIN       MAX
ABC: Model Advance 2012 10 24 13 45  0   0
ABC: Import Fields
ABC:                     FIELD     COUNT      MEAN       MIN       MAX OKAY
ABC: Export Fields
ABC:                     FIELD     COUNT      MEAN       MIN       MAX
ABC:   sea_surface_temperature      2048  0.27E+03  0.27E+03  0.27E+03
DEF: Model Advance 2012 10 24 13 45  0   0
DEF: Import Fields
DEF:                     FIELD     COUNT      MEAN       MIN       MAX OKAY
DEF:   sea_surface_temperature      2048  0.27E+03  0.27E+03  0.27E+03    T
DEF: Export Fields
DEF:                     FIELD     COUNT      MEAN       MIN       MAX
ABC: Model Advance 2012 10 24 14  0  0   0
ABC: Import Fields
ABC:                     FIELD     COUNT      MEAN       MIN       MAX OKAY
ABC: Export Fields
ABC:                     FIELD     COUNT      MEAN       MIN       MAX
ABC:   sea_surface_temperature      2048  0.27E+03  0.27E+03  0.27E+03
DEF: Model Advance 2012 10 24 14  0  0   0
DEF: Import Fields
DEF:                     FIELD     COUNT      MEAN       MIN       MAX OKAY
DEF:   sea_surface_temperature      2048  0.27E+03  0.27E+03  0.27E+03    T
DEF: Export Fields
DEF:                     FIELD     COUNT      MEAN       MIN       MAX
ABC: Model Advance 2012 10 24 14 15  0   0
ABC: Import Fields
ABC:                     FIELD     COUNT      MEAN       MIN       MAX OKAY
ABC: Export Fields
ABC:                     FIELD     COUNT      MEAN       MIN       MAX
ABC:   sea_surface_temperature      2048  0.27E+03  0.27E+03  0.27E+03
DEF: Model Advance 2012 10 24 14 15  0   0
DEF: Import Fields
DEF:                     FIELD     COUNT      MEAN       MIN       MAX OKAY
DEF:   sea_surface_temperature      2048  0.27E+03  0.27E+03  0.27E+03    T
DEF: Export Fields
DEF:                     FIELD     COUNT      MEAN       MIN       MAX
ABC: Model Advance 2012 10 24 14 30  0   0
ABC: Import Fields
ABC:                     FIELD     COUNT      MEAN       MIN       MAX OKAY
ABC: Export Fields
ABC:                     FIELD     COUNT      MEAN       MIN       MAX
ABC:   sea_surface_temperature      2048  0.27E+03  0.27E+03  0.27E+03
DEF: Model Advance 2012 10 24 14 30  0   0
DEF: Import Fields
DEF:                     FIELD     COUNT      MEAN       MIN       MAX OKAY
DEF:   sea_surface_temperature      2048  0.27E+03  0.27E+03  0.27E+03    T
DEF: Export Fields
DEF:                     FIELD     COUNT      MEAN       MIN       MAX
ABC: Model Advance 2012 10 24 14 45  0   0
ABC: Import Fields
ABC:                     FIELD     COUNT      MEAN       MIN       MAX OKAY
ABC: Export Fields
ABC:                     FIELD     COUNT      MEAN       MIN       MAX
ABC:   sea_surface_temperature      2048  0.27E+03  0.27E+03  0.27E+03
DEF: Model Advance 2012 10 24 14 45  0   0
DEF: Import Fields
DEF:                     FIELD     COUNT      MEAN       MIN       MAX OKAY
DEF:   sea_surface_temperature      2048  0.27E+03  0.27E+03  0.27E+03    T
DEF: Export Fields
DEF:                     FIELD     COUNT      MEAN       MIN       MAX
ABC: Model Advance 2012 10 24 15  0  0   0
ABC: Import Fields
ABC:                     FIELD     COUNT      MEAN       MIN       MAX OKAY
ABC: Export Fields
ABC:                     FIELD     COUNT      MEAN       MIN       MAX
ABC:   sea_surface_temperature      2048  0.27E+03  0.27E+03  0.27E+03
DEF: Model Advance 2012 10 24 15  0  0   0
DEF: Import Fields
DEF:                     FIELD     COUNT      MEAN       MIN       MAX OKAY
DEF:   sea_surface_temperature      2048  0.27E+03  0.27E+03  0.27E+03    T
DEF: Export Fields
DEF:                     FIELD     COUNT      MEAN       MIN       MAX
ABC: Model Advance 2012 10 24 15 15  0   0
ABC: Import Fields
ABC:                     FIELD     COUNT      MEAN       MIN       MAX OKAY
ABC: Export Fields
ABC:                     FIELD     COUNT      MEAN       MIN       MAX
ABC:   sea_surface_temperature      2048  0.27E+03  0.27E+03  0.27E+03
DEF: Model Advance 2012 10 24 15 15  0   0
DEF: Import Fields
DEF:                     FIELD     COUNT      MEAN       MIN       MAX OKAY
DEF:   sea_surface_temperature      2048  0.27E+03  0.27E+03  0.27E+03    T
DEF: Export Fields
DEF:                     FIELD     COUNT      MEAN       MIN       MAX
ABC: Model Advance 2012 10 24 15 30  0   0
ABC: Import Fields
ABC:                     FIELD     COUNT      MEAN       MIN       MAX OKAY
ABC: Export Fields
ABC:                     FIELD     COUNT      MEAN       MIN       MAX
ABC:   sea_surface_temperature      2048  0.27E+03  0.27E+03  0.27E+03
DEF: Model Advance 2012 10 24 15 30  0   0
DEF: Import Fields
DEF:                     FIELD     COUNT      MEAN       MIN       MAX OKAY
DEF:   sea_surface_temperature      2048  0.27E+03  0.27E+03  0.27E+03    T
DEF: Export Fields
DEF:                     FIELD     COUNT      MEAN       MIN       MAX
ABC: Model Advance 2012 10 24 15 45  0   0
ABC: Import Fields
ABC:                     FIELD     COUNT      MEAN       MIN       MAX OKAY
ABC: Export Fields
ABC:                     FIELD     COUNT      MEAN       MIN       MAX
ABC:   sea_surface_temperature      2048  0.27E+03  0.27E+03  0.27E+03
DEF: Model Advance 2012 10 24 15 45  0   0
DEF: Import Fields
DEF:                     FIELD     COUNT      MEAN       MIN       MAX OKAY
DEF:   sea_surface_temperature      2048  0.27E+03  0.27E+03  0.27E+03    T
DEF: Export Fields
DEF:                     FIELD     COUNT      MEAN       MIN       MAX
ABC: Model Advance 2012 10 24 16  0  0   0
ABC: Import Fields
ABC:                     FIELD     COUNT      MEAN       MIN       MAX OKAY
ABC: Export Fields
ABC:                     FIELD     COUNT      MEAN       MIN       MAX
ABC:   sea_surface_temperature      2048  0.27E+03  0.27E+03  0.27E+03
DEF: Model Advance 2012 10 24 16  0  0   0
DEF: Import Fields
DEF:                     FIELD     COUNT      MEAN       MIN       MAX OKAY
DEF:   sea_surface_temperature      2048  0.27E+03  0.27E+03  0.27E+03    T
DEF: Export Fields
DEF:                     FIELD     COUNT      MEAN       MIN       MAX
ABC: Model Advance 2012 10 24 16 15  0   0
ABC: Import Fields
ABC:                     FIELD     COUNT      MEAN       MIN       MAX OKAY
ABC: Export Fields
ABC:                     FIELD     COUNT      MEAN       MIN       MAX
ABC:   sea_surface_temperature      2048  0.27E+03  0.27E+03  0.27E+03
DEF: Model Advance 2012 10 24 16 15  0   0
DEF: Import Fields
DEF:                     FIELD     COUNT      MEAN       MIN       MAX OKAY
DEF:   sea_surface_temperature      2048  0.27E+03  0.27E+03  0.27E+03    T
DEF: Export Fields
DEF:                     FIELD     COUNT      MEAN       MIN       MAX
ABC: Model Advance 2012 10 24 16 30  0   0
ABC: Import Fields
ABC:                     FIELD     COUNT      MEAN       MIN       MAX OKAY
ABC: Export Fields
ABC:                     FIELD     COUNT      MEAN       MIN       MAX
ABC:   sea_surface_temperature      2048  0.27E+03  0.27E+03  0.27E+03
DEF: Model Advance 2012 10 24 16 30  0   0
DEF: Import Fields
DEF:                     FIELD     COUNT      MEAN       MIN       MAX OKAY
DEF:   sea_surface_temperature      2048  0.27E+03  0.27E+03  0.27E+03    T
DEF: Export Fields
DEF:                     FIELD     COUNT      MEAN       MIN       MAX
ABC: Model Advance 2012 10 24 16 45  0   0
ABC: Import Fields
ABC:                     FIELD     COUNT      MEAN       MIN       MAX OKAY
ABC: Export Fields
ABC:                     FIELD     COUNT      MEAN       MIN       MAX
ABC:   sea_surface_temperature      2048  0.27E+03  0.27E+03  0.27E+03
DEF: Model Advance 2012 10 24 16 45  0   0
DEF: Import Fields
DEF:                     FIELD     COUNT      MEAN       MIN       MAX OKAY
DEF:   sea_surface_temperature      2048  0.27E+03  0.27E+03  0.27E+03    T
DEF: Export Fields
DEF:                     FIELD     COUNT      MEAN       MIN       MAX
ABC: Model Advance 2012 10 24 17  0  0   0
ABC: Import Fields
ABC:                     FIELD     COUNT      MEAN       MIN       MAX OKAY
ABC: Export Fields
ABC:                     FIELD     COUNT      MEAN       MIN       MAX
ABC:   sea_surface_temperature      2048  0.27E+03  0.27E+03  0.27E+03
DEF: Model Advance 2012 10 24 17  0  0   0
DEF: Import Fields
DEF:                     FIELD     COUNT      MEAN       MIN       MAX OKAY
DEF:   sea_surface_temperature      2048  0.27E+03  0.27E+03  0.27E+03    T
DEF: Export Fields
DEF:                     FIELD     COUNT      MEAN       MIN       MAX
ABC: Model Advance 2012 10 24 17 15  0   0
ABC: Import Fields
ABC:                     FIELD     COUNT      MEAN       MIN       MAX OKAY
ABC: Export Fields
ABC:                     FIELD     COUNT      MEAN       MIN       MAX
ABC:   sea_surface_temperature      2048  0.27E+03  0.27E+03  0.27E+03
DEF: Model Advance 2012 10 24 17 15  0   0
DEF: Import Fields
DEF:                     FIELD     COUNT      MEAN       MIN       MAX OKAY
DEF:   sea_surface_temperature      2048  0.27E+03  0.27E+03  0.27E+03    T
DEF: Export Fields
DEF:                     FIELD     COUNT      MEAN       MIN       MAX
ABC: Model Advance 2012 10 24 17 30  0   0
ABC: Import Fields
ABC:                     FIELD     COUNT      MEAN       MIN       MAX OKAY
ABC: Export Fields
ABC:                     FIELD     COUNT      MEAN       MIN       MAX
ABC:   sea_surface_temperature      2048  0.27E+03  0.27E+03  0.27E+03
DEF: Model Advance 2012 10 24 17 30  0   0
DEF: Import Fields
DEF:                     FIELD     COUNT      MEAN       MIN       MAX OKAY
DEF:   sea_surface_temperature      2048  0.27E+03  0.27E+03  0.27E+03    T
DEF: Export Fields
DEF:                     FIELD     COUNT      MEAN       MIN       MAX
ABC: Model Advance 2012 10 24 17 45  0   0
ABC: Import Fields
ABC:                     FIELD     COUNT      MEAN       MIN       MAX OKAY
ABC: Export Fields
ABC:                     FIELD     COUNT      MEAN       MIN       MAX
ABC:   sea_surface_temperature      2048  0.27E+03  0.27E+03  0.27E+03
DEF: Model Advance 2012 10 24 17 45  0   0
DEF: Import Fields
DEF:                     FIELD     COUNT      MEAN       MIN       MAX OKAY
DEF:   sea_surface_temperature      2048  0.27E+03  0.27E+03  0.27E+03    T
DEF: Export Fields
DEF:                     FIELD     COUNT      MEAN       MIN       MAX
ABC: Model Advance 2012 10 24 18  0  0   0
ABC: Import Fields
ABC:                     FIELD     COUNT      MEAN       MIN       MAX OKAY
ABC: Export Fields
ABC:                     FIELD     COUNT      MEAN       MIN       MAX
ABC:   sea_surface_temperature      2048  0.27E+03  0.27E+03  0.27E+03
DEF: Model Advance 2012 10 24 18  0  0   0
DEF: Import Fields
DEF:                     FIELD     COUNT      MEAN       MIN       MAX OKAY
DEF:   sea_surface_temperature      2048  0.27E+03  0.27E+03  0.27E+03    T
DEF: Export Fields
DEF:                     FIELD     COUNT      MEAN       MIN       MAX
ABC: Model Advance 2012 10 24 18 15  0   0
ABC: Import Fields
ABC:                     FIELD     COUNT      MEAN       MIN       MAX OKAY
ABC: Export Fields
ABC:                     FIELD     COUNT      MEAN       MIN       MAX
ABC:   sea_surface_temperature      2048  0.27E+03  0.27E+03  0.27E+03
DEF: Model Advance 2012 10 24 18 15  0   0
DEF: Import Fields
DEF:                     FIELD     COUNT      MEAN       MIN       MAX OKAY
DEF:   sea_surface_temperature      2048  0.27E+03  0.27E+03  0.27E+03    T
DEF: Export Fields
DEF:                     FIELD     COUNT      MEAN       MIN       MAX
ABC: Model Advance 2012 10 24 18 30  0   0
ABC: Import Fields
ABC:                     FIELD     COUNT      MEAN       MIN       MAX OKAY
ABC: Export Fields
ABC:                     FIELD     COUNT      MEAN       MIN       MAX
ABC:   sea_surface_temperature      2048  0.27E+03  0.27E+03  0.27E+03
DEF: Model Advance 2012 10 24 18 30  0   0
DEF: Import Fields
DEF:                     FIELD     COUNT      MEAN       MIN       MAX OKAY
DEF:   sea_surface_temperature      2048  0.27E+03  0.27E+03  0.27E+03    T
DEF: Export Fields
DEF:                     FIELD     COUNT      MEAN       MIN       MAX
ABC: Model Advance 2012 10 24 18 45  0   0
ABC: Import Fields
ABC:                     FIELD     COUNT      MEAN       MIN       MAX OKAY
ABC: Export Fields
ABC:                     FIELD     COUNT      MEAN       MIN       MAX
ABC:   sea_surface_temperature      2048  0.27E+03  0.27E+03  0.27E+03
DEF: Model Advance 2012 10 24 18 45  0   0
DEF: Import Fields
DEF:                     FIELD     COUNT      MEAN       MIN       MAX OKAY
DEF:   sea_surface_temperature      2048  0.27E+03  0.27E+03  0.27E+03    T
DEF: Export Fields
DEF:                     FIELD     COUNT      MEAN       MIN       MAX
ABC: Model Advance 2012 10 24 19  0  0   0
ABC: Import Fields
ABC:                     FIELD     COUNT      MEAN       MIN       MAX OKAY
ABC: Export Fields
ABC:                     FIELD     COUNT      MEAN       MIN       MAX
ABC:   sea_surface_temperature      2048  0.27E+03  0.27E+03  0.27E+03
DEF: Model Advance 2012 10 24 19  0  0   0
DEF: Import Fields
DEF:                     FIELD     COUNT      MEAN       MIN       MAX OKAY
DEF:   sea_surface_temperature      2048  0.27E+03  0.27E+03  0.27E+03    T
DEF: Export Fields
DEF:                     FIELD     COUNT      MEAN       MIN       MAX
ABC: Model Advance 2012 10 24 19 15  0   0
ABC: Import Fields
ABC:                     FIELD     COUNT      MEAN       MIN       MAX OKAY
ABC: Export Fields
ABC:                     FIELD     COUNT      MEAN       MIN       MAX
ABC:   sea_surface_temperature      2048  0.27E+03  0.27E+03  0.27E+03
DEF: Model Advance 2012 10 24 19 15  0   0
DEF: Import Fields
DEF:                     FIELD     COUNT      MEAN       MIN       MAX OKAY
DEF:   sea_surface_temperature      2048  0.27E+03  0.27E+03  0.27E+03    T
DEF: Export Fields
DEF:                     FIELD     COUNT      MEAN       MIN       MAX
ABC: Model Advance 2012 10 24 19 30  0   0
ABC: Import Fields
ABC:                     FIELD     COUNT      MEAN       MIN       MAX OKAY
ABC: Export Fields
ABC:                     FIELD     COUNT      MEAN       MIN       MAX
ABC:   sea_surface_temperature      2048  0.27E+03  0.27E+03  0.27E+03
DEF: Model Advance 2012 10 24 19 30  0   0
DEF: Import Fields
DEF:                     FIELD     COUNT      MEAN       MIN       MAX OKAY
DEF:   sea_surface_temperature      2048  0.27E+03  0.27E+03  0.27E+03    T
DEF: Export Fields
DEF:                     FIELD     COUNT      MEAN       MIN       MAX
ABC: Model Advance 2012 10 24 19 45  0   0
ABC: Import Fields
ABC:                     FIELD     COUNT      MEAN       MIN       MAX OKAY
ABC: Export Fields
ABC:                     FIELD     COUNT      MEAN       MIN       MAX
ABC:   sea_surface_temperature      2048  0.27E+03  0.27E+03  0.27E+03
DEF: Model Advance 2012 10 24 19 45  0   0
DEF: Import Fields
DEF:                     FIELD     COUNT      MEAN       MIN       MAX OKAY
DEF:   sea_surface_temperature      2048  0.27E+03  0.27E+03  0.27E+03    T
DEF: Export Fields
DEF:                     FIELD     COUNT      MEAN       MIN       MAX
