2026-08-03 22:48:38
[borgq115:82149:0:82149] Caught signal 8 (Floating point exception: floating-point overflow)
==== backtrace (tid:  82149) ====
 0 0x0000000000016910 __funlockfile()  ???:0
 1 0x000000000101218e ESMCI::XXE::exec_psssDstRra<float, double, double>()  /discover/nobackup/projects/gmao/SIteam/ESMF_Testing/nag_7.2.28_openmpi_g_develop/esmf/src/Infrastructure/DELayout/src/ESMCI_DELayout.C:6568
 2 0x0000000000fb6ca3 ESMCI::XXE::psssDstRra<float, double, double>()  /discover/nobackup/projects/gmao/SIteam/ESMF_Testing/nag_7.2.28_openmpi_g_develop/esmf/src/Infrastructure/DELayout/src/ESMCI_DELayout.C:6540
 3 0x0000000000f610f7 ESMCI::XXE::psssDstRra<float, double, int>()  /discover/nobackup/projects/gmao/SIteam/ESMF_Testing/nag_7.2.28_openmpi_g_develop/esmf/src/Infrastructure/DELayout/src/ESMCI_DELayout.C:6504
 4 0x0000000000f360be ESMCI::XXE::psssDstRra<float, int, int>()  /discover/nobackup/projects/gmao/SIteam/ESMF_Testing/nag_7.2.28_openmpi_g_develop/esmf/src/Infrastructure/DELayout/src/ESMCI_DELayout.C:6464
 5 0x0000000000f294b3 ESMCI::XXE::psssDstRra<int, int, int>()  /discover/nobackup/projects/gmao/SIteam/ESMF_Testing/nag_7.2.28_openmpi_g_develop/esmf/src/Infrastructure/DELayout/src/ESMCI_DELayout.C:6416
 6 0x0000000000f1d09f ESMCI::XXE::exec()  /discover/nobackup/projects/gmao/SIteam/ESMF_Testing/nag_7.2.28_openmpi_g_develop/esmf/src/Infrastructure/DELayout/src/ESMCI_DELayout.C:4843
 7 0x0000000000f1c2fc ESMCI::XXE::exec()  /discover/nobackup/projects/gmao/SIteam/ESMF_Testing/nag_7.2.28_openmpi_g_develop/esmf/src/Infrastructure/DELayout/src/ESMCI_DELayout.C:4411
 8 0x0000000000e017ae ESMCI::sparseMatMulStoreEncodeXXE<ESMCI::SeqIndex<int>, ESMCI::SeqIndex<int> >()  /discover/nobackup/projects/gmao/SIteam/ESMF_Testing/nag_7.2.28_openmpi_g_develop/esmf/src/Infrastructure/Array/src/ESMCI_Array.C:11409
 9 0x0000000000df2632 ESMCI::Array::tSparseMatMulStore<int, int>()  /discover/nobackup/projects/gmao/SIteam/ESMF_Testing/nag_7.2.28_openmpi_g_develop/esmf/src/Infrastructure/Array/src/ESMCI_Array.C:9613
10 0x0000000000dede3d ESMCI::Array::sparseMatMulStore<int, int>()  /discover/nobackup/projects/gmao/SIteam/ESMF_Testing/nag_7.2.28_openmpi_g_develop/esmf/src/Infrastructure/Array/src/ESMCI_Array.C:8906
11 0x0000000000de887c ESMCI::Array::tRedistStore<int, int>()  /discover/nobackup/projects/gmao/SIteam/ESMF_Testing/nag_7.2.28_openmpi_g_develop/esmf/src/Infrastructure/Array/src/ESMCI_Array.C:6679
12 0x0000000000ddbe3e ESMCI::Array::redistStore()  /discover/nobackup/projects/gmao/SIteam/ESMF_Testing/nag_7.2.28_openmpi_g_develop/esmf/src/Infrastructure/Array/src/ESMCI_Array.C:6122
13 0x0000000000dae775 ESMCI::ArrayBundle::redistStore()  /discover/nobackup/projects/gmao/SIteam/ESMF_Testing/nag_7.2.28_openmpi_g_develop/esmf/src/Infrastructure/ArrayBundle/src/ESMCI_ArrayBundle.C:1062
14 0x0000000000da2cf4 c_esmc_arraybundlerediststorenf_()  /discover/nobackup/projects/gmao/SIteam/ESMF_Testing/nag_7.2.28_openmpi_g_develop/esmf/src/Infrastructure/ArrayBundle/interface/ESMCI_ArrayBundle_F.C:533
15 0x00000000015d1cb2 esmf_arraybundlemod_MP_esmf_arraybundlerediststorenf()  /discover/nobackup/projects/gmao/SIteam/ESMF_Testing/nag_7.2.28_openmpi_g_develop/esmf/src/Infrastructure/ArrayBundle/interface/ESMF_ArrayBundle.F90:2607
16 0x00000000018859da esmf_fieldbundlemod_MP_esmf_fieldbundlerediststorenf()  /discover/nobackup/projects/gmao/SIteam/ESMF_Testing/nag_7.2.28_openmpi_g_develop/esmf/src/Infrastructure/FieldBundle/src/ESMF_FieldBundle.F90:15228
17 0x000000000226e4df nuopc_connector_MP_fieldbundlecplstore()  /discover/nobackup/projects/gmao/SIteam/ESMF_Testing/nag_7.2.28_openmpi_g_develop/esmf/src/addon/NUOPC/src/NUOPC_Connector.F90:7908
18 0x000000000229c970 nuopc_connector_MP_initializeipdv05p6b()  /discover/nobackup/projects/gmao/SIteam/ESMF_Testing/nag_7.2.28_openmpi_g_develop/esmf/src/addon/NUOPC/src/NUOPC_Connector.F90:5536
19 0x00000000010feb99 ESMCI::FTable::callVFuncPtr()  /discover/nobackup/projects/gmao/SIteam/ESMF_Testing/nag_7.2.28_openmpi_g_develop/esmf/src/Superstructure/Component/src/ESMCI_FTable.C:2192
20 0x00000000010fbc6c ESMCI_FTableCallEntryPointVMHop()  /discover/nobackup/projects/gmao/SIteam/ESMF_Testing/nag_7.2.28_openmpi_g_develop/esmf/src/Superstructure/Component/src/ESMCI_FTable.C:849
21 0x00000000015572e2 ESMCI::VMK::enter()  /discover/nobackup/projects/gmao/SIteam/ESMF_Testing/nag_7.2.28_openmpi_g_develop/esmf/src/Infrastructure/VM/src/ESMCI_VMKernel.C:2732
22 0x0000000001576961 ESMCI::VM::enter()  /discover/nobackup/projects/gmao/SIteam/ESMF_Testing/nag_7.2.28_openmpi_g_develop/esmf/src/Infrastructure/VM/src/ESMCI_VM.C:1365
23 0x00000000010fc105 c_esmc_ftablecallentrypointvm_()  /discover/nobackup/projects/gmao/SIteam/ESMF_Testing/nag_7.2.28_openmpi_g_develop/esmf/src/Superstructure/Component/src/ESMCI_FTable.C:1006
24 0x0000000001829609 esmf_compmod_MP_esmf_compexecute()  /discover/nobackup/projects/gmao/SIteam/ESMF_Testing/nag_7.2.28_openmpi_g_develop/esmf/src/Superstructure/Component/src/ESMF_Comp.F90:1272
25 0x0000000001842969 esmf_cplcompmod_MP_esmf_cplcompinitialize()  /discover/nobackup/projects/gmao/SIteam/ESMF_Testing/nag_7.2.28_openmpi_g_develop/esmf/src/Superstructure/Component/src/ESMF_CplComp.F90:1324
26 0x00000000023bf772 nuopc_driver_MP_loopconnectorcompss()  /discover/nobackup/projects/gmao/SIteam/ESMF_Testing/nag_7.2.28_openmpi_g_develop/esmf/src/addon/NUOPC/src/NUOPC_Driver.F90:2991
27 0x00000000023d7890 nuopc_driver_MP_initializeipdv02p3()  /discover/nobackup/projects/gmao/SIteam/ESMF_Testing/nag_7.2.28_openmpi_g_develop/esmf/src/addon/NUOPC/src/NUOPC_Driver.F90:2129
28 0x0000000002407bbc nuopc_driver_MP_initializegeneric()  /discover/nobackup/projects/gmao/SIteam/ESMF_Testing/nag_7.2.28_openmpi_g_develop/esmf/src/addon/NUOPC/src/NUOPC_Driver.F90:506
29 0x00000000010feb99 ESMCI::FTable::callVFuncPtr()  /discover/nobackup/projects/gmao/SIteam/ESMF_Testing/nag_7.2.28_openmpi_g_develop/esmf/src/Superstructure/Component/src/ESMCI_FTable.C:2192
30 0x00000000010fbc6c ESMCI_FTableCallEntryPointVMHop()  /discover/nobackup/projects/gmao/SIteam/ESMF_Testing/nag_7.2.28_openmpi_g_develop/esmf/src/Superstructure/Component/src/ESMCI_FTable.C:849
31 0x00000000015572e2 ESMCI::VMK::enter()  /discover/nobackup/projects/gmao/SIteam/ESMF_Testing/nag_7.2.28_openmpi_g_develop/esmf/src/Infrastructure/VM/src/ESMCI_VMKernel.C:2732
32 0x0000000001576961 ESMCI::VM::enter()  /discover/nobackup/projects/gmao/SIteam/ESMF_Testing/nag_7.2.28_openmpi_g_develop/esmf/src/Infrastructure/VM/src/ESMCI_VM.C:1365
33 0x00000000010fc105 c_esmc_ftablecallentrypointvm_()  /discover/nobackup/projects/gmao/SIteam/ESMF_Testing/nag_7.2.28_openmpi_g_develop/esmf/src/Superstructure/Component/src/ESMCI_FTable.C:1006
34 0x0000000001829609 esmf_compmod_MP_esmf_compexecute()  /discover/nobackup/projects/gmao/SIteam/ESMF_Testing/nag_7.2.28_openmpi_g_develop/esmf/src/Superstructure/Component/src/ESMF_Comp.F90:1272
35 0x0000000001b675bb esmf_gridcompmod_MP_esmf_gridcompinitialize()  /discover/nobackup/projects/gmao/SIteam/ESMF_Testing/nag_7.2.28_openmpi_g_develop/esmf/src/Superstructure/Component/src/ESMF_GridComp.F90:1564
36 0x00000000004a5d06 esmapp_()  /discover/nobackup/projects/gmao/SIteam/ESMF_Testing/nag_7.2.28_openmpi_g_develop/nuopc-app-prototypes/AtmOcnTransferMeshProto/esmApp.F90:78
37 0x00000000004424f3 __NAGf90_cosmp_init()  ???:0
38 0x00000000004a58e3 main()  /discover/nobackup/projects/gmao/SIteam/ESMF_Testing/nag_7.2.28_openmpi_g_develop/nuopc-app-prototypes/AtmOcnTransferMeshProto/esmApp.F90:11
39 0x000000000003524d __libc_start_main()  ???:0
40 0x000000000041995a _start()  /home/abuild/rpmbuild/BUILD/glibc-2.31/csu/../sysdeps/x86_64/start.S:120
=================================
Runtime Error: *** Arithmetic exception: Code -6 - aborting
[borgq115:82149] *** Process received signal ***
[borgq115:82149] Signal: Aborted (6)
[borgq115:82149] Signal code:  (-6)
[borgq115:82149] [ 0] /lib64/libpthread.so.0(+0x16910)[0x150407e43910]
[borgq115:82149] [ 1] /lib64/libc.so.6(gsignal+0x10d)[0x150406253d2b]
[borgq115:82149] [ 2] /lib64/libc.so.6(abort+0x177)[0x1504062553e5]
[borgq115:82149] [ 3] /discover/nobackup/projects/gmao/SIteam/comp/SLES-15/nag/7.2.28/lib/NAG_Fortran/libf72rts.so.1(__NAGf90_signal_handler+0x9b)[0x1504064c708b]
[borgq115:82149] [ 4] /lib64/libpthread.so.0(+0x16910)[0x150407e43910]
[borgq115:82149] [ 5] /discover/nobackup/projects/gmao/SIteam/ESMF_Testing/nag_7.2.28_openmpi_g_develop/esmf/DEFAULTINSTALLDIR/lib/libg/Linux.nag.64.openmpi.default/libesmf.so(_ZN5ESMCI3XXE15exec_psssDstRraIfddEEvPT_PiPT0_PT1_S4_ii+0xc6)[0x1504090dc18e]
[borgq115:82149] [ 6] /discover/nobackup/projects/gmao/SIteam/ESMF_Testing/nag_7.2.28_openmpi_g_develop/esmf/DEFAULTINSTALLDIR/lib/libg/Linux.nag.64.openmpi.default/libesmf.so(_ZN5ESMCI3XXE10psssDstRraIfddEEvPT_NS0_4TKIdEPiPT0_S4_PT1_S5_S4_iiiiiiiS5_S5_b+0x61f)[0x150409080ca3]
[borgq115:82149] [ 7] /discover/nobackup/projects/gmao/SIteam/ESMF_Testing/nag_7.2.28_openmpi_g_develop/esmf/DEFAULTINSTALLDIR/lib/libg/Linux.nag.64.openmpi.default/libesmf.so(_ZN5ESMCI3XXE10psssDstRraIfdiEEvPT_NS0_4TKIdEPiPT0_S4_PT1_S5_S4_iiiiiiiS5_S5_b+0x59b)[0x15040902b0f7]
[borgq115:82149] [ 8] /discover/nobackup/projects/gmao/SIteam/ESMF_Testing/nag_7.2.28_openmpi_g_develop/esmf/DEFAULTINSTALLDIR/lib/libg/Linux.nag.64.openmpi.default/libesmf.so(_ZN5ESMCI3XXE10psssDstRraIfiiEEvPT_NS0_4TKIdEPiPT0_S4_PT1_S5_S4_iiiiiiiS5_S5_b+0x3c8)[0x1504090000be]
[borgq115:82149] [ 9] /discover/nobackup/projects/gmao/SIteam/ESMF_Testing/nag_7.2.28_openmpi_g_develop/esmf/DEFAULTINSTALLDIR/lib/libg/Linux.nag.64.openmpi.default/libesmf.so(_ZN5ESMCI3XXE10psssDstRraIiiiEEvPT_NS0_4TKIdEPiPT0_S4_PT1_S5_S4_iiiiiiiS5_S5_b+0x194)[0x150408ff34b3]
[borgq115:82149] [10] /discover/nobackup/projects/gmao/SIteam/ESMF_Testing/nag_7.2.28_openmpi_g_develop/esmf/DEFAULTINSTALLDIR/lib/libg/Linux.nag.64.openmpi.default/libesmf.so(_ZN5ESMCI3XXE4execEiPPcPiiPbS4_PdiiS3_PNS0_10SuperVectPE+0x2279)[0x150408fe709f]
[borgq115:82149] [11] /discover/nobackup/projects/gmao/SIteam/ESMF_Testing/nag_7.2.28_openmpi_g_develop/esmf/DEFAULTINSTALLDIR/lib/libg/Linux.nag.64.openmpi.default/libesmf.so(_ZN5ESMCI3XXE4execEiPPcPiiPbS4_PdiiS3_PNS0_10SuperVectPE+0x14d6)[0x150408fe62fc]
[borgq115:82149] [12] /discover/nobackup/projects/gmao/SIteam/ESMF_Testing/nag_7.2.28_openmpi_g_develop/esmf/DEFAULTINSTALLDIR/lib/libg/Linux.nag.64.openmpi.default/libesmf.so(_ZN5ESMCI26sparseMatMulStoreEncodeXXEINS_8SeqIndexIiEES2_EEiPNS_2VMEPNS_8DELayoutES6_bii18ESMC_TypeKind_FlagS7_S7_RSt6vectorINS_11ArrayHelper13SendnbElementIT_T0_EESaISD_EERS8_INS9_13RecvnbElementISC_SB_EESaISI_EEPKiPPciPPNS_11RouteHandleEbPiST_+0x971)[0x150408ecb7ae]
[borgq115:82149] [13] /discover/nobackup/projects/gmao/SIteam/ESMF_Testing/nag_7.2.28_openmpi_g_develop/esmf/DEFAULTINSTALLDIR/lib/libg/Linux.nag.64.openmpi.default/libesmf.so(_ZN5ESMCI5Array18tSparseMatMulStoreIiiEEiPS0_S2_PPNS_11RouteHandleERKSt6vectorINS_12SparseMatrixIT_T0_EESaISA_EEbbPiSF_+0x1ca6)[0x150408ebc632]
[borgq115:82149] [14] /discover/nobackup/projects/gmao/SIteam/ESMF_Testing/nag_7.2.28_openmpi_g_develop/esmf/DEFAULTINSTALLDIR/lib/libg/Linux.nag.64.openmpi.default/libesmf.so(_ZN5ESMCI5Array17sparseMatMulStoreIiiEEiPS0_S2_PPNS_11RouteHandleERKSt6vectorINS_12SparseMatrixIT_T0_EESaISA_EEbbPiSF_+0x2af)[0x150408eb7e3d]
[borgq115:82149] [15] /discover/nobackup/projects/gmao/SIteam/ESMF_Testing/nag_7.2.28_openmpi_g_develop/esmf/DEFAULTINSTALLDIR/lib/libg/Linux.nag.64.openmpi.default/libesmf.so(_ZN5ESMCI5Array12tRedistStoreIiiEEiPS0_S2_PPNS_11RouteHandleEPNS_10InterArrayIiEE18ESMC_TypeKind_FlagPvbPi+0x23f7)[0x150408eb287c]
[borgq115:82149] [16] /discover/nobackup/projects/gmao/SIteam/ESMF_Testing/nag_7.2.28_openmpi_g_develop/esmf/DEFAULTINSTALLDIR/lib/libg/Linux.nag.64.openmpi.default/libesmf.so(_ZN5ESMCI5Array11redistStoreEPS0_S1_PPNS_11RouteHandleEPNS_10InterArrayIiEE18ESMC_TypeKind_FlagPvbPi+0x134)[0x150408ea5e3e]
[borgq115:82149] [17] /discover/nobackup/projects/gmao/SIteam/ESMF_Testing/nag_7.2.28_openmpi_g_develop/esmf/DEFAULTINSTALLDIR/lib/libg/Linux.nag.64.openmpi.default/libesmf.so(_ZN5ESMCI11ArrayBundle11redistStoreEPS0_S1_PPNS_11RouteHandleEP12ESMC_LogicaliPNS_10InterArrayIiEE18ESMC_TypeKind_FlagPv+0xce7)[0x150408e78775]
[borgq115:82149] [18] /discover/nobackup/projects/gmao/SIteam/ESMF_Testing/nag_7.2.28_openmpi_g_develop/esmf/DEFAULTINSTALLDIR/lib/libg/Linux.nag.64.openmpi.default/libesmf.so(c_esmc_arraybundlerediststorenf_+0x63)[0x150408e6ccf4]
[borgq115:82149] [19] /discover/nobackup/projects/gmao/SIteam/ESMF_Testing/nag_7.2.28_openmpi_g_develop/esmf/DEFAULTINSTALLDIR/lib/libg/Linux.nag.64.openmpi.default/libesmf.so(esmf_arraybundlemod_MP_esmf_arraybundlerediststorenf+0x80f)[0x15040969bcb2]
[borgq115:82149] [20] /discover/nobackup/projects/gmao/SIteam/ESMF_Testing/nag_7.2.28_openmpi_g_develop/esmf/DEFAULTINSTALLDIR/lib/libg/Linux.nag.64.openmpi.default/libesmf.so(esmf_fieldbundlemod_MP_esmf_fieldbundlerediststorenf+0x5e1)[0x15040994f9da]
[borgq115:82149] [21] /discover/nobackup/projects/gmao/SIteam/ESMF_Testing/nag_7.2.28_openmpi_g_develop/esmf/DEFAULTINSTALLDIR/lib/libg/Linux.nag.64.openmpi.default/libesmf.so(nuopc_connector_MP_fieldbundlecplstore+0x1666b)[0x15040a3384df]
[borgq115:82149] [22] /discover/nobackup/projects/gmao/SIteam/ESMF_Testing/nag_7.2.28_openmpi_g_develop/esmf/DEFAULTINSTALLDIR/lib/libg/Linux.nag.64.openmpi.default/libesmf.so(nuopc_connector_MP_initializeipdv05p6b+0xe67c)[0x15040a366970]
[borgq115:82149] [23] /discover/nobackup/projects/gmao/SIteam/ESMF_Testing/nag_7.2.28_openmpi_g_develop/esmf/DEFAULTINSTALLDIR/lib/libg/Linux.nag.64.openmpi.default/libesmf.so(_ZN5ESMCI6FTable12callVFuncPtrEPKcPNS_2VMEPi+0xc55)[0x1504091c8b99]
[borgq115:82149] [24] /discover/nobackup/projects/gmao/SIteam/ESMF_Testing/nag_7.2.28_openmpi_g_develop/esmf/DEFAULTINSTALLDIR/lib/libg/Linux.nag.64.openmpi.default/libesmf.so(ESMCI_FTableCallEntryPointVMHop+0x32e)[0x1504091c5c6c]
[borgq115:82149] [25] /discover/nobackup/projects/gmao/SIteam/ESMF_Testing/nag_7.2.28_openmpi_g_develop/esmf/DEFAULTINSTALLDIR/lib/libg/Linux.nag.64.openmpi.default/libesmf.so(_ZN5ESMCI3VMK5enterEPNS_7VMKPlanEPvS3_+0xe2)[0x1504096212e2]
[borgq115:82149] [26] /discover/nobackup/projects/gmao/SIteam/ESMF_Testing/nag_7.2.28_openmpi_g_develop/esmf/DEFAULTINSTALLDIR/lib/libg/Linux.nag.64.openmpi.default/libesmf.so(_ZN5ESMCI2VM5enterEPNS_6VMPlanEPvS3_+0xb7)[0x150409640961]
[borgq115:82149] [27] /discover/nobackup/projects/gmao/SIteam/ESMF_Testing/nag_7.2.28_openmpi_g_develop/esmf/DEFAULTINSTALLDIR/lib/libg/Linux.nag.64.openmpi.default/libesmf.so(c_esmc_ftablecallentrypointvm_+0x35f)[0x1504091c6105]
[borgq115:82149] [28] /discover/nobackup/projects/gmao/SIteam/ESMF_Testing/nag_7.2.28_openmpi_g_develop/esmf/DEFAULTINSTALLDIR/lib/libg/Linux.nag.64.openmpi.default/libesmf.so(esmf_compmod_MP_esmf_compexecute+0xa84)[0x1504098f3609]
[borgq115:82149] [29] /discover/nobackup/projects/gmao/SIteam/ESMF_Testing/nag_7.2.28_openmpi_g_develop/esmf/DEFAULTINSTALLDIR/lib/libg/Linux.nag.64.openmpi.default/libesmf.so(esmf_cplcompmod_MP_esmf_cplcompinitialize+0x176)[0x15040990c969]
[borgq115:82149] *** End of error message ***
--------------------------------------------------------------------------
Primary job  terminated normally, but 1 process returned
a non-zero exit code. Per user-direction, the job has been aborted.
--------------------------------------------------------------------------
--------------------------------------------------------------------------
mpirun noticed that process rank 0 with PID 82149 on node borgq115 exited on signal 6 (Aborted).
--------------------------------------------------------------------------
