2026-06-10 07:28:30
20260610 082333.323 INFO             PET0 !!!!!!!!!!!!!!!!!!!!!!!!!!!!!!!!!!!!!!!!!!!!!!!!!!!!!!
20260610 082333.324 INFO             PET0 !!! THE ESMF_LOG IS SET TO OUTPUT ALL LOG MESSAGES !!!
20260610 082333.324 INFO             PET0 !!!     THIS MAY CAUSE SLOWDOWN IN PERFORMANCE     !!!
20260610 082333.324 INFO             PET0 !!! FOR PRODUCTION RUNS, USE:                      !!!
20260610 082333.324 INFO             PET0 !!!                   ESMF_LOGKIND_Multi_On_Error  !!!
20260610 082333.324 INFO             PET0 !!!!!!!!!!!!!!!!!!!!!!!!!!!!!!!!!!!!!!!!!!!!!!!!!!!!!!
20260610 082333.324 INFO             PET0 Running with ESMF Version   : develop+ge382cba19b
20260610 082333.324 INFO             PET0 ESMF library build date/time: "Jun 10 2026" "07:25:44"
20260610 082333.324 INFO             PET0 ESMF library build location : /scratch3/NCEPDEV/stmp/Gerhard.Theurich/ESMF-Nightly-Testing-Hera/intel_2023.2.0_intelmpi_g_develop/esmf
20260610 082333.324 INFO             PET0 ESMF_COMM                   : intelmpi
20260610 082333.324 INFO             PET0 ESMF_MOAB                   : enabled
20260610 082333.324 INFO             PET0 ESMF_LAPACK                 : enabled
20260610 082333.324 INFO             PET0 ESMF_NETCDF                 : enabled
20260610 082333.324 INFO             PET0 ESMF_PNETCDF                : disabled
20260610 082333.324 INFO             PET0 ESMF_PIO                    : enabled
20260610 082333.324 INFO             PET0 ESMF_YAMLCPP                : enabled
20260610 082333.349 INFO             PET0 ESMF_FieldRedistStoreNF(): Just entered routine.
20260610 082334.634 INFO             PET0 ESMF_FieldRedistStoreNF(): Leaving routine.
20260610 082334.638 INFO             PET0  NUMBER_OF_PROCESSORS           4
20260610 082334.638 INFO             PET0  PASS  Example ESMF_RHandleFromRHandleEx, ESMF_RHandleFromRHandleEx.F90, line 660
20260610 082334.638 INFO             PET0  Finalizing ESMF
20260610 082333.324 INFO             PET1 !!!!!!!!!!!!!!!!!!!!!!!!!!!!!!!!!!!!!!!!!!!!!!!!!!!!!!
20260610 082333.324 INFO             PET1 !!! THE ESMF_LOG IS SET TO OUTPUT ALL LOG MESSAGES !!!
20260610 082333.324 INFO             PET1 !!!     THIS MAY CAUSE SLOWDOWN IN PERFORMANCE     !!!
20260610 082333.324 INFO             PET1 !!! FOR PRODUCTION RUNS, USE:                      !!!
20260610 082333.324 INFO             PET1 !!!                   ESMF_LOGKIND_Multi_On_Error  !!!
20260610 082333.324 INFO             PET1 !!!!!!!!!!!!!!!!!!!!!!!!!!!!!!!!!!!!!!!!!!!!!!!!!!!!!!
20260610 082333.324 INFO             PET1 Running with ESMF Version   : develop+ge382cba19b
20260610 082333.324 INFO             PET1 ESMF library build date/time: "Jun 10 2026" "07:25:44"
20260610 082333.324 INFO             PET1 ESMF library build location : /scratch3/NCEPDEV/stmp/Gerhard.Theurich/ESMF-Nightly-Testing-Hera/intel_2023.2.0_intelmpi_g_develop/esmf
20260610 082333.324 INFO             PET1 ESMF_COMM                   : intelmpi
20260610 082333.325 INFO             PET1 ESMF_MOAB                   : enabled
20260610 082333.325 INFO             PET1 ESMF_LAPACK                 : enabled
20260610 082333.325 INFO             PET1 ESMF_NETCDF                 : enabled
20260610 082333.325 INFO             PET1 ESMF_PNETCDF                : disabled
20260610 082333.325 INFO             PET1 ESMF_PIO                    : enabled
20260610 082333.325 INFO             PET1 ESMF_YAMLCPP                : enabled
20260610 082333.349 INFO             PET1 ESMF_FieldRedistStoreNF(): Just entered routine.
20260610 082334.634 INFO             PET1 ESMF_FieldRedistStoreNF(): Leaving routine.
20260610 082334.638 INFO             PET1  NUMBER_OF_PROCESSORS           4
20260610 082334.638 INFO             PET1  PASS  Example ESMF_RHandleFromRHandleEx, ESMF_RHandleFromRHandleEx.F90, line 660
20260610 082334.638 INFO             PET1  Finalizing ESMF
20260610 082333.323 INFO             PET2 !!!!!!!!!!!!!!!!!!!!!!!!!!!!!!!!!!!!!!!!!!!!!!!!!!!!!!
20260610 082333.324 INFO             PET2 !!! THE ESMF_LOG IS SET TO OUTPUT ALL LOG MESSAGES !!!
20260610 082333.324 INFO             PET2 !!!     THIS MAY CAUSE SLOWDOWN IN PERFORMANCE     !!!
20260610 082333.324 INFO             PET2 !!! FOR PRODUCTION RUNS, USE:                      !!!
20260610 082333.324 INFO             PET2 !!!                   ESMF_LOGKIND_Multi_On_Error  !!!
20260610 082333.324 INFO             PET2 !!!!!!!!!!!!!!!!!!!!!!!!!!!!!!!!!!!!!!!!!!!!!!!!!!!!!!
20260610 082333.324 INFO             PET2 Running with ESMF Version   : develop+ge382cba19b
20260610 082333.324 INFO             PET2 ESMF library build date/time: "Jun 10 2026" "07:25:44"
20260610 082333.324 INFO             PET2 ESMF library build location : /scratch3/NCEPDEV/stmp/Gerhard.Theurich/ESMF-Nightly-Testing-Hera/intel_2023.2.0_intelmpi_g_develop/esmf
20260610 082333.324 INFO             PET2 ESMF_COMM                   : intelmpi
20260610 082333.324 INFO             PET2 ESMF_MOAB                   : enabled
20260610 082333.324 INFO             PET2 ESMF_LAPACK                 : enabled
20260610 082333.324 INFO             PET2 ESMF_NETCDF                 : enabled
20260610 082333.324 INFO             PET2 ESMF_PNETCDF                : disabled
20260610 082333.324 INFO             PET2 ESMF_PIO                    : enabled
20260610 082333.324 INFO             PET2 ESMF_YAMLCPP                : enabled
20260610 082333.349 INFO             PET2 ESMF_FieldRedistStoreNF(): Just entered routine.
20260610 082334.634 INFO             PET2 ESMF_FieldRedistStoreNF(): Leaving routine.
20260610 082334.638 INFO             PET2  NUMBER_OF_PROCESSORS           4
20260610 082334.638 INFO             PET2  PASS  Example ESMF_RHandleFromRHandleEx, ESMF_RHandleFromRHandleEx.F90, line 660
20260610 082334.638 INFO             PET2  Finalizing ESMF
20260610 082333.324 INFO             PET3 !!!!!!!!!!!!!!!!!!!!!!!!!!!!!!!!!!!!!!!!!!!!!!!!!!!!!!
20260610 082333.324 INFO             PET3 !!! THE ESMF_LOG IS SET TO OUTPUT ALL LOG MESSAGES !!!
20260610 082333.324 INFO             PET3 !!!     THIS MAY CAUSE SLOWDOWN IN PERFORMANCE     !!!
20260610 082333.324 INFO             PET3 !!! FOR PRODUCTION RUNS, USE:                      !!!
20260610 082333.324 INFO             PET3 !!!                   ESMF_LOGKIND_Multi_On_Error  !!!
20260610 082333.324 INFO             PET3 !!!!!!!!!!!!!!!!!!!!!!!!!!!!!!!!!!!!!!!!!!!!!!!!!!!!!!
20260610 082333.324 INFO             PET3 Running with ESMF Version   : develop+ge382cba19b
20260610 082333.324 INFO             PET3 ESMF library build date/time: "Jun 10 2026" "07:25:44"
20260610 082333.324 INFO             PET3 ESMF library build location : /scratch3/NCEPDEV/stmp/Gerhard.Theurich/ESMF-Nightly-Testing-Hera/intel_2023.2.0_intelmpi_g_develop/esmf
20260610 082333.324 INFO             PET3 ESMF_COMM                   : intelmpi
20260610 082333.325 INFO             PET3 ESMF_MOAB                   : enabled
20260610 082333.325 INFO             PET3 ESMF_LAPACK                 : enabled
20260610 082333.325 INFO             PET3 ESMF_NETCDF                 : enabled
20260610 082333.325 INFO             PET3 ESMF_PNETCDF                : disabled
20260610 082333.325 INFO             PET3 ESMF_PIO                    : enabled
20260610 082333.325 INFO             PET3 ESMF_YAMLCPP                : enabled
20260610 082333.347 INFO             PET3 ESMF_FieldRedistStoreNF(): Just entered routine.
20260610 082334.634 INFO             PET3 ESMF_FieldRedistStoreNF(): Leaving routine.
20260610 082334.641 INFO             PET3  NUMBER_OF_PROCESSORS           4
20260610 082334.641 INFO             PET3  PASS  Example ESMF_RHandleFromRHandleEx, ESMF_RHandleFromRHandleEx.F90, line 660
20260610 082334.641 INFO             PET3  Finalizing ESMF
