2026-06-03 00:10:21
--- ESMCI::ArrayBundle::print start ---
ArrayBundle: MyArrayBundle
arrayCount = 3
--- ESMCI::ArrayBundle::print start ---
ArrayBundle: MyArrayBundle
arrayCount = 3
Container::print() multipmap:item=0 key=AonFly value=--- ESMCI::ArrayBundle::print start ---
ArrayBundle: MyArrayBundle
arrayCount = 3
Container::print() multipmap:item=0 key=AonFly value=0x55b361befd90
Container::print() multipmap:item=--- ESMCI::ArrayBundle::print start ---
ArrayBundle: MyArrayBundle
arrayCount = 3
Container::print() multipmap:item=0 key=AonFly value=0x55d839253d20
Container::print() multipmap:item=1 key=Array002 value=0x55d8392503f0
Container::print() multipmap:item=2 key=Array003 value=Container::print() multipmap:item=0 key=AonFly value=0x564e7ca15600
Container::print() multipmap:item=1 key=Array002 value=0x564e7c8eed30
Container::print() multipmap:item=2 key=Array003 value=0x564e7c8ef9b0
Container::print()      list:item=0 key=Array002 value=0x564e7c8eed30
Container::print()      list:item=1 key=Array003 value=0x564e7c8ef9b0
Container::print()      list:item=2 key=AonFly value=0x564e7ca15600
--- ESMCI::ArrayBundle::print end ---
0x55ff8d17c3a0
Container::print() multipmap:item=1 key=Array002 value=0x55ff8d065740
Container::print() multipmap:item=2 key=Array003 value=0x55ff8d0666c0
Container::print()      list:item=0 key=Array002 value=0x55ff8d065740
Container::print()      list:item=1 key=Array003 value=0x55ff8d0666c0
Container::print()      list:item=2 key=AonFly value=0x55ff8d17c3a0
--- ESMCI::ArrayBundle::print end ---
1 key=Array002 value=0x55b361bec3f0
Container::print() multipmap:item=2 key=Array003 value=0x55b361becf40
Container::print()      list:item=0 key=Array002 value=0x55b361bec3f0
Container::print()      list:item=1 key=Array003 value=0x55b361becf40
Container::print()      list:item=2 key=AonFly value=0x55b361befd90
--- ESMCI::ArrayBundle::print end ---
0x55d839250f00
Container::print()      list:item=0 key=Array002 value=0x55d8392503f0
Container::print()      list:item=1 key=Array003 value=0x55d839250f00
Container::print()      list:item=2 key=AonFly value=0x55d839253d20
--- ESMCI::ArrayBundle::print end ---
--- ESMCI::Array::print start ---
 Base name    = AonFly
 Status: Base = --- ESMCI::Array::print start ---
 Base name    = AonFly
 Status: Base = Ready,  object = Ready
 Proxy        = no--- ESMCI::Array::print start ---
 Base name    = AonFly
 Status: Base = Ready,  object = Ready
 Proxy        = no
 Root Info (Attributes):
--- ESMCI::Array::print start ---
 Base name    = AonFly
 Status: Base = Ready,  object = Ready
 Proxy        = no
 Root Info (Attributes):
Ready,  object = Ready
 Proxy        = no
 Root Info (Attributes):
{
  "ESMF": {
    "Instance": {
      "NamedAliasCount": 0
    }
  }
}
 Root Info (Attributes):
{
  "ESMF": {
    "Instance": {
      "NamedAliasCount": 0
    }
  }
}Array typekind/rank: Real*4 / 2 
~ lower class' values ~
DistGrid dimCount = 2
deCount = 6
localDeCount = 2
~ local data in LocalArray for DE 0 ~
LocalArrayPrint: Array at address 0x564e7ca14fa0:
{
  "ESMF": {
    "Instance": {
      "NamedAliasCount": 0
    }
  }
}Array typekind/rank: Real*4 / 2 
~ lower class' values ~
DistGrid dimCount = 2
deCount = 6
localDeCount = 2
~ local data in LocalArray for DE 1 ~
LocalArrayPrint: Array at address 0x55ff8d069930:
            rank = 2, typekind = 5, base_addr = 0x55ff8d06b910
            dim[0] = 2  dim[1] = 2  
  Real, *4, Dim 2, Data values:
{
  "ESMF": {
    "Instance": {
      "NamedAliasCount": 0
    }
  }
}Array typekind/rank: Real*4 / 2 
~ lower class' values ~
DistGrid dimCount = 2
deCount = 6
localDeCount = 1
~ local data in LocalArray for DE 2 ~
LocalArrayPrint: Array at address 0x55b361befa60:
            rank = 2, typekind = 5, base_addr = 0x55b361beae70
            dim[0] = 3  dim[1] = 2  
  Real, *4, Dim 2, Data values:
( 1, 1) =  4.39684e+20
( 2, 1) =  3.07431e-41
Array typekind/rank: Real*4 / 2 
~ lower class' values ~
DistGrid dimCount = 2
deCount = 6
localDeCount = 1
~ local data in LocalArray for DE 3 ~
LocalArrayPrint: Array at address 0x55d8392539f0:
            rank = 2, typekind = 5, base_addr = 0x55d83924f5d0
            dim[0] = 2  dim[1] = 2  
  Real, *4, Dim 2, Data values:
( 1, 1) =  0.000157446
( 2, 1) =  3.07949e-41
( 1, 2) =  0
( 2, 2) =  0
--- ESMCI::Array::print end ---
--- ESMCI::Array::print start ---
 Base name    = Array002
 Status: Base =             rank = 2, typekind = 5, base_addr = 0x564e7c8f1ce0
            dim[0] = 3  dim[1] = 2  
  Real, *4, Dim 2, Data values:
( 1, 1) =  5.95886e+36
( 2, 1) =  3.09603e-41
( 3, 1) =  0
( 1, 2) =  0
( 2, 2) =  3.66009e+36
( 3, 2) =  3.09603e-41
~ local data in LocalArray for DE 4 ~
LocalArrayPrint: Array at address 0x564e7ca152d0:
            rank = 2, typekind = 5, base_addr = 0x564e7c8e6560
            dim[0] = 3  dim[1] = 1  
  Real, *4, Dim 2, Data values:
( 1, 1) =  5.94054e+36
( 2, 1) =  3.09603e-41
( 3, 1) =  4.2039e-45
--- ESMCI::Array::print end ---
--- ESMCI::Array::print start ---
 Base name    = ( 1, 1) =  -4.14274e-31
( 2, 1) =  3.08496e-41
( 1, 2) =  2.8026e-45
( 2, 2) =  1.4013e-45
~ local data in LocalArray for DE 5 ~
LocalArrayPrint: Array at address 0x55ff8d17c070:
            rank = 2, typekind = 5, base_addr = 0x55ff8d069870
            dim[0] = 2  dim[1] = 1  
  Real, *4, Dim 2, Data values:
( 1, 1) =  -4.14753e-31
( 2, 1) =  3.08496e-41
--- ESMCI::Array::print end ---
--- ESMCI::Array::print start ---
 Base name    = Array002
 Status: Base = Ready,  object = Ready
 Proxy        = no
 Root Info (Attributes):
{
  "ESMF": {
    "Instance": {
      "NamedAliasCount": 0
    }
  }
}Array typekind/rank: Real*8 / 2 
~ lower class' values ~
DistGrid dimCount = 2
deCount = 6
localDeCount = 2
~ local data in LocalArray for DE 1 ~
LocalArrayPrint: Array at address 0x55ff8d0647b0:
            rank = 2, typekind = 6, base_addr = 0x55ff8d063fa0
            ( 3, 1) =  0
( 1, 2) =  0
( 2, 2) =  4.42896e-39
( 3, 2) =  0
--- ESMCI::Array::print end ---
--- ESMCI::Array::print start ---
 Base name    = Array002
 Status: Base = Ready,  object = Ready
 Proxy        = no
 Root Info (Attributes):
{
  "ESMF": {
    "Instance": {
      "NamedAliasCount": 0
    }
  }
}Array typekind/rank: Real*8 / 2 
~ lower class' values ~
DistGrid dimCount = 2
deCount = 6
localDeCount = 1
~ local data in LocalArray for DE 2 ~
LocalArrayPrint: Array at address 0x55b361beb670:
            rank = 2, typekind = 6, base_addr = 0x55b361beaef0
            dim[0] = 3  dim[1] = 2  
  Real, *8, Dim 2, Data values:
( 1, 1) =  4.65553e-310
( 2, 1) =  0
( 3, 1) =  4.24399e-314
( 1, 2) =  4.24399e-314
( 2, 2) =  2.122e-314
( 3, 2) =  2.122e-314
--- ESMCI::Array::print end ---
--- ESMCI::Array::print start ---
 Base name    = Array003
 Status: Base = Ready,  object = ReadyReady,  object = Ready
 Proxy        = no
 Root Info (Attributes):
{
  "ESMF": {
    "Instance": {
      "NamedAliasCount": 0
    }
  }
}Array typekind/rank: Real*8 / 2 
~ lower class' values ~
DistGrid dimCount = 2
deCount = 6
localDeCount = 1
~ local data in LocalArray for DE 3 ~
LocalArrayPrint: Array at address 0x55d83924f670:
            rank = 2, typekind = 6, base_addr = 0x55d839256960
            dim[0] = 2  dim[1] = 2  
  Real, *8, Dim 2, Data values:
( 1, 1) =  4.66335e-310
( 2, 1) =  0
( 1, 2) =  0
( 2, 2) =  0
--- ESMCI::Array::print end ---
--- ESMCI::Array::print start ---
 Base name    = Array003
 Status: Base = Ready,  object = Ready
 Proxy        = no
 Root Info (Attributes):
{
  "ESMF": {
    "Instance": {
      "NamedAliasCount": 0
    }
  }
}Array typekind/rank: Real*8 / 2 
~ lower class' values ~
DistGrid dimCount = 2
deCount = 6
localDeCount = 1
~ local data in LocalArray for DE 3 ~
LocalArrayPrint: Array at address 0x55d839250bd0:
            rank = 2, typekind = 6, base_addr = 0x55d83924ee70
            dim[0] = 2  dim[1] = 2  Array002
 Status: Base = Ready,  object = Ready
 Proxy        = no
 Root Info (Attributes):
{
  "ESMF": {
    "Instance": {
      "NamedAliasCount": 0
    }
  }
}Array typekind/rank: Real*8 / 2 
~ lower class' values ~
DistGrid dimCount = 2
deCount = 6
localDeCount = 2
~ local data in LocalArray for DE 0 ~
LocalArrayPrint: Array at address 0x564e7c8edb50:
            rank = 2, typekind = 6, base_addr = 0x564e7c8f7410
            dim[0] = 3  dim[1] = 2  
  Real, *8, Dim 2, Data values:
( 1, 1) =  4.68844e-310
( 2, 1) =  0
( 3, 1) =  4.24399e-314
( 1, 2) =  4.24399e-314
( 2, 2) =  2.122e-314
( 3, 2) =  2.122e-314
~ local data in LocalArray for DE 4 ~
LocalArrayPrint: Array at address 0x564e7c8ede80:
            rank = 2, typekind = 6, base_addr = 0x564e7c8f73e0
            dim[0] = 3  dim[1] = 1  
  Real, *8, Dim 2, Data values:
( 1, 1) =  4.68844e-310
( 2, 1) =  0
( 3, 1) =  0
--- ESMCI::Array::print end ---
--- ESMCI::Array::print start ---
 Base name    = Array003
 Status: Base = Ready,  object = dim[0] = 2  dim[1] = 2  
  Real, *8, Dim 2, Data values:
( 1, 1) =  4.67169e-310
( 2, 1) =  0
( 1, 2) =  0
( 2, 2) =  0
~ local data in LocalArray for DE 5 ~
LocalArrayPrint: Array at address 0x55ff8d0653f0:
            rank = 2, typekind = 6, base_addr = 0x55ff8d065720
            dim[0] = 2  dim[1] = 1  
  Real, *8, Dim 2, Data values:
( 1, 1) =  1.113e-310
( 2, 1) =  1.113e-310
--- ESMCI::Array::print end ---
--- ESMCI::Array::print start ---
 Base name    = Array003
 Status: Base = Ready,  object = Ready
 Proxy        = no
 Root Info (Attributes):
{
  "ESMF": {
    "Instance": {
      "NamedAliasCount": 0
    }
  }
}Array typekind/rank: Real*8 / 2 
~ lower class' values ~
DistGrid dimCount = 2
deCount = 6
localDeCount = 2
~ local data in LocalArray for DE 1 ~
LocalArrayPrint: Array at address 0x55ff8d066060:
            rank = 2, typekind = 6, base_addr = 0x55ff8d063f00
            dim[0] = 2  dim[1] = 2  
  Real, *8, Dim 2, Data values:
( 1, 1) =  4.67169e-310
( 2, 1) =  0

 Proxy        = no
 Root Info (Attributes):
{
  "ESMF": {
    "Instance": {
      "NamedAliasCount": 0
    }
  }
}Array typekind/rank: Real*8 / 2 
~ lower class' values ~
DistGrid dimCount = 2
deCount = 6
localDeCount = 1
~ local data in LocalArray for DE 2 ~
LocalArrayPrint: Array at address 0x55b361becc10:
            rank = 2, typekind = 6, base_addr = 0x55b361beaf90
            dim[0] = 3  dim[1] = 2  
  Real, *8, Dim 2, Data values:
( 1, 1) =  0
( 2, 1) =  0
( 3, 1) =  5.29584e+160
( 1, 2) =  6.0871e+247
( 2, 2) =  2.25703e-76
( 3, 2) =  1.0614e-313
--- ESMCI::Array::print end ---

  Real, *8, Dim 2, Data values:
( 1, 1) =  4.66335e-310
( 2, 1) =  0
( 1, 2) =  1.56155e-317
( 2, 2) =  0
--- ESMCI::Array::print end ---
Ready
 Proxy        = no
 Root Info (Attributes):
{
  "ESMF": {
    "Instance": {
      "NamedAliasCount": 0
    }
  }
}Array typekind/rank: Real*8 / 2 
~ lower class' values ~
DistGrid dimCount = 2
deCount = 6
localDeCount = 2
~ local data in LocalArray for DE 0 ~
LocalArrayPrint: Array at address 0x564e7c8ef310:
            rank = 2, typekind = 6, base_addr = 0x564e7c8ef640
            dim[0] = 3  dim[1] = 2  
  Real, *8, Dim 2, Data values:
( 1, 1) =  1.12714e-310
( 2, 1) =  1.12714e-310
( 3, 1) =  0
( 1, 2) =  0
( 2, 2) =  -nan
( 3, 2) =  0
~ local data in LocalArray for DE 4 ~
LocalArrayPrint: Array at address 0x564e7c8ef680:
            rank = 2, typekind = 6, base_addr = 0x564e7c8e8360
            dim[0] = 3  dim[1] = 1  
  Real, *8, Dim 2, Data values:
( 1, 1) =  4.68844e-310
( 2, 1) =  0
( 3, 1) =  1.56155e-317
--- ESMCI::Array::print end ---
( 1, 2) =  1.56155e-317
( 2, 2) =  0
~ local data in LocalArray for DE 5 ~
LocalArrayPrint: Array at address 0x55ff8d066390:
            rank = 2, typekind = 6, base_addr = 0x55ff8d063f80
            dim[0] = 2  dim[1] = 1  
  Real, *8, Dim 2, Data values:
( 1, 1) =  4.67169e-310
( 2, 1) =  2.122e-314
--- ESMCI::Array::print end ---
  PASS  Example ESMF_ArrayBundleEx, ./ESMF_ArrayBundleEx.F90, line 267
 PASS: ESMF_ArrayBundleEx.F90
  PASS  Example ESMF_ArrayBundleEx, ./ESMF_ArrayBundleEx.F90, line 267
 PASS: ESMF_ArrayBundleEx.F90
  PASS  Example ESMF_ArrayBundleEx, ./ESMF_ArrayBundleEx.F90, line 267
 PASS: ESMF_ArrayBundleEx.F90
  PASS  Example ESMF_ArrayBundleEx, ./ESMF_ArrayBundleEx.F90, line 267
 PASS: ESMF_ArrayBundleEx.F90
