2026-06-30 22:59:34
20260701 001042.687 INFO             PET0 !!!!!!!!!!!!!!!!!!!!!!!!!!!!!!!!!!!!!!!!!!!!!!!!!!!!!!
20260701 001042.687 INFO             PET0 !!! THE ESMF_LOG IS SET TO OUTPUT ALL LOG MESSAGES !!!
20260701 001042.687 INFO             PET0 !!!     THIS MAY CAUSE SLOWDOWN IN PERFORMANCE     !!!
20260701 001042.687 INFO             PET0 !!! FOR PRODUCTION RUNS, USE:                      !!!
20260701 001042.687 INFO             PET0 !!!                   ESMF_LOGKIND_Multi_On_Error  !!!
20260701 001042.687 INFO             PET0 !!!!!!!!!!!!!!!!!!!!!!!!!!!!!!!!!!!!!!!!!!!!!!!!!!!!!!
20260701 001042.687 INFO             PET0 Running with ESMF Version   : develop+g9d8ac26759
20260701 001042.687 INFO             PET0 ESMF library build date/time: "Jun 30 2026" "22:55:57"
20260701 001042.687 INFO             PET0 ESMF library build location : /discover/nobackup/projects/gmao/SIteam/ESMF_Testing/llvm_22.1.0_mpich_O_develop/esmf
20260701 001042.687 INFO             PET0 ESMF_COMM                   : mpich
20260701 001042.687 INFO             PET0 ESMF_MOAB                   : enabled
20260701 001042.687 INFO             PET0 ESMF_LAPACK                 : enabled
20260701 001042.687 INFO             PET0 ESMF_NETCDF                 : disabled
20260701 001042.687 INFO             PET0 ESMF_PNETCDF                : disabled
20260701 001042.687 INFO             PET0 ESMF_PIO                    : disabled
20260701 001042.687 INFO             PET0 ESMF_YAMLCPP                : enabled
20260701 001042.689 INFO             PET0  NUMBER_OF_PROCESSORS 4
20260701 001042.689 INFO             PET0  PASS  Example ESMF_FieldArbGridEx, ./ESMF_FieldArbGridEx.F90, line 243
20260701 001042.689 INFO             PET0  Finalizing ESMF
20260701 001042.686 INFO             PET1 !!!!!!!!!!!!!!!!!!!!!!!!!!!!!!!!!!!!!!!!!!!!!!!!!!!!!!
20260701 001042.686 INFO             PET1 !!! THE ESMF_LOG IS SET TO OUTPUT ALL LOG MESSAGES !!!
20260701 001042.686 INFO             PET1 !!!     THIS MAY CAUSE SLOWDOWN IN PERFORMANCE     !!!
20260701 001042.686 INFO             PET1 !!! FOR PRODUCTION RUNS, USE:                      !!!
20260701 001042.686 INFO             PET1 !!!                   ESMF_LOGKIND_Multi_On_Error  !!!
20260701 001042.686 INFO             PET1 !!!!!!!!!!!!!!!!!!!!!!!!!!!!!!!!!!!!!!!!!!!!!!!!!!!!!!
20260701 001042.686 INFO             PET1 Running with ESMF Version   : develop+g9d8ac26759
20260701 001042.687 INFO             PET1 ESMF library build date/time: "Jun 30 2026" "22:55:57"
20260701 001042.687 INFO             PET1 ESMF library build location : /discover/nobackup/projects/gmao/SIteam/ESMF_Testing/llvm_22.1.0_mpich_O_develop/esmf
20260701 001042.687 INFO             PET1 ESMF_COMM                   : mpich
20260701 001042.687 INFO             PET1 ESMF_MOAB                   : enabled
20260701 001042.687 INFO             PET1 ESMF_LAPACK                 : enabled
20260701 001042.687 INFO             PET1 ESMF_NETCDF                 : disabled
20260701 001042.687 INFO             PET1 ESMF_PNETCDF                : disabled
20260701 001042.687 INFO             PET1 ESMF_PIO                    : disabled
20260701 001042.687 INFO             PET1 ESMF_YAMLCPP                : enabled
20260701 001042.689 INFO             PET1  NUMBER_OF_PROCESSORS 4
20260701 001042.689 INFO             PET1  PASS  Example ESMF_FieldArbGridEx, ./ESMF_FieldArbGridEx.F90, line 243
20260701 001042.689 INFO             PET1  Finalizing ESMF
20260701 001042.686 INFO             PET2 !!!!!!!!!!!!!!!!!!!!!!!!!!!!!!!!!!!!!!!!!!!!!!!!!!!!!!
20260701 001042.686 INFO             PET2 !!! THE ESMF_LOG IS SET TO OUTPUT ALL LOG MESSAGES !!!
20260701 001042.686 INFO             PET2 !!!     THIS MAY CAUSE SLOWDOWN IN PERFORMANCE     !!!
20260701 001042.686 INFO             PET2 !!! FOR PRODUCTION RUNS, USE:                      !!!
20260701 001042.686 INFO             PET2 !!!                   ESMF_LOGKIND_Multi_On_Error  !!!
20260701 001042.686 INFO             PET2 !!!!!!!!!!!!!!!!!!!!!!!!!!!!!!!!!!!!!!!!!!!!!!!!!!!!!!
20260701 001042.686 INFO             PET2 Running with ESMF Version   : develop+g9d8ac26759
20260701 001042.686 INFO             PET2 ESMF library build date/time: "Jun 30 2026" "22:55:57"
20260701 001042.686 INFO             PET2 ESMF library build location : /discover/nobackup/projects/gmao/SIteam/ESMF_Testing/llvm_22.1.0_mpich_O_develop/esmf
20260701 001042.686 INFO             PET2 ESMF_COMM                   : mpich
20260701 001042.687 INFO             PET2 ESMF_MOAB                   : enabled
20260701 001042.687 INFO             PET2 ESMF_LAPACK                 : enabled
20260701 001042.687 INFO             PET2 ESMF_NETCDF                 : disabled
20260701 001042.687 INFO             PET2 ESMF_PNETCDF                : disabled
20260701 001042.687 INFO             PET2 ESMF_PIO                    : disabled
20260701 001042.687 INFO             PET2 ESMF_YAMLCPP                : enabled
20260701 001042.689 INFO             PET2  NUMBER_OF_PROCESSORS 4
20260701 001042.689 INFO             PET2  PASS  Example ESMF_FieldArbGridEx, ./ESMF_FieldArbGridEx.F90, line 243
20260701 001042.689 INFO             PET2  Finalizing ESMF
20260701 001042.687 INFO             PET3 !!!!!!!!!!!!!!!!!!!!!!!!!!!!!!!!!!!!!!!!!!!!!!!!!!!!!!
20260701 001042.687 INFO             PET3 !!! THE ESMF_LOG IS SET TO OUTPUT ALL LOG MESSAGES !!!
20260701 001042.687 INFO             PET3 !!!     THIS MAY CAUSE SLOWDOWN IN PERFORMANCE     !!!
20260701 001042.687 INFO             PET3 !!! FOR PRODUCTION RUNS, USE:                      !!!
20260701 001042.687 INFO             PET3 !!!                   ESMF_LOGKIND_Multi_On_Error  !!!
20260701 001042.687 INFO             PET3 !!!!!!!!!!!!!!!!!!!!!!!!!!!!!!!!!!!!!!!!!!!!!!!!!!!!!!
20260701 001042.687 INFO             PET3 Running with ESMF Version   : develop+g9d8ac26759
20260701 001042.687 INFO             PET3 ESMF library build date/time: "Jun 30 2026" "22:55:57"
20260701 001042.687 INFO             PET3 ESMF library build location : /discover/nobackup/projects/gmao/SIteam/ESMF_Testing/llvm_22.1.0_mpich_O_develop/esmf
20260701 001042.687 INFO             PET3 ESMF_COMM                   : mpich
20260701 001042.687 INFO             PET3 ESMF_MOAB                   : enabled
20260701 001042.687 INFO             PET3 ESMF_LAPACK                 : enabled
20260701 001042.687 INFO             PET3 ESMF_NETCDF                 : disabled
20260701 001042.687 INFO             PET3 ESMF_PNETCDF                : disabled
20260701 001042.687 INFO             PET3 ESMF_PIO                    : disabled
20260701 001042.687 INFO             PET3 ESMF_YAMLCPP                : enabled
20260701 001042.689 INFO             PET3  NUMBER_OF_PROCESSORS 4
20260701 001042.689 INFO             PET3  PASS  Example ESMF_FieldArbGridEx, ./ESMF_FieldArbGridEx.F90, line 243
20260701 001042.689 INFO             PET3  Finalizing ESMF
