2026-07-30 03:27:01
20260730 061710.104 INFO             PET0 !!!!!!!!!!!!!!!!!!!!!!!!!!!!!!!!!!!!!!!!!!!!!!!!!!!!!!
20260730 061710.104 INFO             PET0 !!! THE ESMF_LOG IS SET TO OUTPUT ALL LOG MESSAGES !!!
20260730 061710.104 INFO             PET0 !!!     THIS MAY CAUSE SLOWDOWN IN PERFORMANCE     !!!
20260730 061710.104 INFO             PET0 !!! FOR PRODUCTION RUNS, USE:                      !!!
20260730 061710.104 INFO             PET0 !!!                   ESMF_LOGKIND_Multi_On_Error  !!!
20260730 061710.104 INFO             PET0 !!!!!!!!!!!!!!!!!!!!!!!!!!!!!!!!!!!!!!!!!!!!!!!!!!!!!!
20260730 061710.104 INFO             PET0 Running with ESMF Version   : develop+g6f2cfc7ce0
20260730 061710.104 INFO             PET0 ESMF library build date/time: "Jul 30 2026" "03:23:23"
20260730 061710.104 INFO             PET0 ESMF library build location : /discover/nobackup/projects/gmao/SIteam/ESMF_Testing/llvm_22.1.0_mpich_O_develop/esmf
20260730 061710.104 INFO             PET0 ESMF_COMM                   : mpich
20260730 061710.105 INFO             PET0 ESMF_MOAB                   : enabled
20260730 061710.105 INFO             PET0 ESMF_LAPACK                 : enabled
20260730 061710.105 INFO             PET0 ESMF_NETCDF                 : disabled
20260730 061710.105 INFO             PET0 ESMF_PNETCDF                : disabled
20260730 061710.105 INFO             PET0 ESMF_PIO                    : disabled
20260730 061710.105 INFO             PET0 ESMF_YAMLCPP                : enabled
20260730 061710.109 INFO             PET0  NUMBER_OF_PROCESSORS 1
20260730 061710.109 INFO             PET0  PASS  Example ESMF_XGridSparseMatEx, ./ESMF_XGridSparseMatEx.F90, line 642
20260730 061710.109 INFO             PET0  Finalizing ESMF
