2026-05-08 03:51:43
20260508 041350.564 INFO             PET0 !!!!!!!!!!!!!!!!!!!!!!!!!!!!!!!!!!!!!!!!!!!!!!!!!!!!!!
20260508 041350.564 INFO             PET0 !!! THE ESMF_LOG IS SET TO OUTPUT ALL LOG MESSAGES !!!
20260508 041350.564 INFO             PET0 !!!     THIS MAY CAUSE SLOWDOWN IN PERFORMANCE     !!!
20260508 041350.564 INFO             PET0 !!! FOR PRODUCTION RUNS, USE:                      !!!
20260508 041350.564 INFO             PET0 !!!                   ESMF_LOGKIND_Multi_On_Error  !!!
20260508 041350.564 INFO             PET0 !!!!!!!!!!!!!!!!!!!!!!!!!!!!!!!!!!!!!!!!!!!!!!!!!!!!!!
20260508 041350.564 INFO             PET0 Running with ESMF Version   : develop+gede6e98f23
20260508 041350.564 INFO             PET0 ESMF library build date/time: "May  8 2026" "03:50:10"
20260508 041350.564 INFO             PET0 ESMF library build location : /tmp/intel_2023.2.0-classic_mpiuni_O_develop/esmf
20260508 041350.564 INFO             PET0 ESMF_COMM                   : mpiuni
20260508 041350.565 INFO             PET0 ESMF_MOAB                   : enabled
20260508 041350.565 INFO             PET0 ESMF_LAPACK                 : enabled
20260508 041350.565 INFO             PET0 ESMF_NETCDF                 : enabled
20260508 041350.565 INFO             PET0 ESMF_PNETCDF                : disabled
20260508 041350.565 INFO             PET0 ESMF_PIO                    : enabled
20260508 041350.565 INFO             PET0 ESMF_YAMLCPP                : enabled
20260508 041350.565 INFO             PET0  NUMBER_OF_PROCESSORS           1
20260508 041350.565 INFO             PET0  PASS  Example ESMF_AlarmEx, ESMF_AlarmEx.F90, line 244
20260508 041350.565 INFO             PET0  Finalizing ESMF
