2026-07-09 03:48:14
20260709 041012.560 INFO             PET0 !!!!!!!!!!!!!!!!!!!!!!!!!!!!!!!!!!!!!!!!!!!!!!!!!!!!!!
20260709 041012.560 INFO             PET0 !!! THE ESMF_LOG IS SET TO OUTPUT ALL LOG MESSAGES !!!
20260709 041012.560 INFO             PET0 !!!     THIS MAY CAUSE SLOWDOWN IN PERFORMANCE     !!!
20260709 041012.560 INFO             PET0 !!! FOR PRODUCTION RUNS, USE:                      !!!
20260709 041012.560 INFO             PET0 !!!                   ESMF_LOGKIND_Multi_On_Error  !!!
20260709 041012.560 INFO             PET0 !!!!!!!!!!!!!!!!!!!!!!!!!!!!!!!!!!!!!!!!!!!!!!!!!!!!!!
20260709 041012.560 INFO             PET0 Running with ESMF Version   : develop+gf1c7bb6d5f
20260709 041012.560 INFO             PET0 ESMF library build date/time: "Jul  9 2026" "03:46:44"
20260709 041012.560 INFO             PET0 ESMF library build location : /tmp/intel_2023.2.0-classic_mpiuni_O_develop/esmf
20260709 041012.560 INFO             PET0 ESMF_COMM                   : mpiuni
20260709 041012.560 INFO             PET0 ESMF_MOAB                   : enabled
20260709 041012.560 INFO             PET0 ESMF_LAPACK                 : enabled
20260709 041012.560 INFO             PET0 ESMF_NETCDF                 : enabled
20260709 041012.560 INFO             PET0 ESMF_PNETCDF                : disabled
20260709 041012.560 INFO             PET0 ESMF_PIO                    : enabled
20260709 041012.560 INFO             PET0 ESMF_YAMLCPP                : enabled
20260709 041012.563 INFO             PET0 ESMF_FieldRedistStoreNF(): Just entered routine.
20260709 041012.667 INFO             PET0 ESMF_FieldRedistStoreNF(): Leaving routine.
20260709 041012.671 INFO             PET0  NUMBER_OF_PROCESSORS           1
20260709 041012.671 INFO             PET0  PASS  Example ESMF_RHandleFromFileEx, ESMF_RHandleFromFileEx.F90, line 192
20260709 041012.671 INFO             PET0  Finalizing ESMF
