2026-07-16 20:06:29
20260716 203006.183 INFO             PET0 !!!!!!!!!!!!!!!!!!!!!!!!!!!!!!!!!!!!!!!!!!!!!!!!!!!!!!
20260716 203006.183 INFO             PET0 !!! THE ESMF_LOG IS SET TO OUTPUT ALL LOG MESSAGES !!!
20260716 203006.183 INFO             PET0 !!!     THIS MAY CAUSE SLOWDOWN IN PERFORMANCE     !!!
20260716 203006.183 INFO             PET0 !!! FOR PRODUCTION RUNS, USE:                      !!!
20260716 203006.183 INFO             PET0 !!!                   ESMF_LOGKIND_Multi_On_Error  !!!
20260716 203006.183 INFO             PET0 !!!!!!!!!!!!!!!!!!!!!!!!!!!!!!!!!!!!!!!!!!!!!!!!!!!!!!
20260716 203006.183 INFO             PET0 Running with ESMF Version   : feature/refresh-bmauer-c_dynmask_interface+ge07d076824
20260716 203006.183 INFO             PET0 ESMF library build date/time: "Jul 16 2026" "20:05:28"
20260716 203006.183 INFO             PET0 ESMF library build location : /usr/local/esmf/esmf-testing/nagclang_7.2.44_17.0.0_openmpi_O_feature_refresh-bmauer-c_dynmask_interface/esmf
20260716 203006.183 INFO             PET0 ESMF_COMM                   : openmpi
20260716 203006.183 INFO             PET0 ESMF_MOAB                   : enabled
20260716 203006.183 INFO             PET0 ESMF_LAPACK                 : enabled
20260716 203006.183 INFO             PET0 ESMF_NETCDF                 : enabled
20260716 203006.183 INFO             PET0 ESMF_PNETCDF                : disabled
20260716 203006.183 INFO             PET0 ESMF_PIO                    : enabled
20260716 203006.183 INFO             PET0 ESMF_YAMLCPP                : enabled
20260716 203006.184 INFO             PET0 ESMF Profiling Enabled
20260716 203006.184 INFO             PET0 ESMF Trace/Profile clock: REALTIME
20260716 203006.185 INFO             PET0 =============================================
20260716 203006.185 INFO             PET0 ESMX (Earth System Model eXecutable) STARTING
20260716 203006.185 INFO             PET0 =============================================
20260716 203006.192 DEBUG            PET0 Generic SetVM() is executing for: ESMX_Driver
20260716 203006.193 DEBUG            PET0 Generic SetVM() found no NUOPC Hint for: ESMX_Driver
20260716 203006.193 DEBUG            PET0 Generic SetVM() therefore is NOT calling ESMF_GridCompSetVMMaxPEs() for: ESMX_Driver
20260716 203006.196 INFO             PET0 ESMX_Driver: InitializeGeneric intro.
20260716 203006.196 INFO             PET0   ESMX_Driver: InitializeGeneric intro {IS}:--- StateLog() start -----------------
20260716 203006.196 INFO             PET0   ESMX_Driver: InitializeGeneric intro {IS}:State object is invalid! Not created or deleted!
20260716 203006.196 INFO             PET0   ESMX_Driver: InitializeGeneric intro {IS}:--- StateLog() end -------------------
20260716 203006.196 INFO             PET0   ESMX_Driver: InitializeGeneric intro {ES}:--- StateLog() start -----------------
20260716 203006.196 INFO             PET0   ESMX_Driver: InitializeGeneric intro {ES}:State object is invalid! Not created or deleted!
20260716 203006.196 INFO             PET0   ESMX_Driver: InitializeGeneric intro {ES}:--- StateLog() end -------------------
20260716 203006.196 INFO             PET0   >>>ESMX_Driver: entered Initialize (phase=<none>) without valid internal Clock.
20260716 203006.196 INFO             PET0   ESMX_Driver: InitializeP0 intro.
20260716 203006.196 INFO             PET0     ESMX_Driver: InitializeP0 intro {IS}:--- StateLog() start -----------------
20260716 203006.196 INFO             PET0     ESMX_Driver: InitializeP0 intro {IS}:State object is invalid! Not created or deleted!
20260716 203006.197 INFO             PET0     ESMX_Driver: InitializeP0 intro {IS}:--- StateLog() end -------------------
20260716 203006.197 INFO             PET0     ESMX_Driver: InitializeP0 intro {ES}:--- StateLog() start -----------------
20260716 203006.197 INFO             PET0     ESMX_Driver: InitializeP0 intro {ES}:State object is invalid! Not created or deleted!
20260716 203006.197 INFO             PET0     ESMX_Driver: InitializeP0 intro {ES}:--- StateLog() end -------------------
20260716 203006.197 INFO             PET0     >>>ESMX_Driver: entered Initialize (phase=<none>) without valid internal Clock.
20260716 203006.197 INFO             PET0     <<<ESMX_Driver: leaving Initialize (phase=<none>) without valid internal Clock.
20260716 203006.197 INFO             PET0     ESMX_Driver: InitializeP0 extro {IS}:--- StateLog() start -----------------
20260716 203006.197 INFO             PET0     ESMX_Driver: InitializeP0 extro {IS}:State object is invalid! Not created or deleted!
20260716 203006.197 INFO             PET0     ESMX_Driver: InitializeP0 extro {IS}:--- StateLog() end -------------------
20260716 203006.197 INFO             PET0     ESMX_Driver: InitializeP0 extro {ES}:--- StateLog() start -----------------
20260716 203006.197 INFO             PET0     ESMX_Driver: InitializeP0 extro {ES}:State object is invalid! Not created or deleted!
20260716 203006.197 INFO             PET0     ESMX_Driver: InitializeP0 extro {ES}:--- StateLog() end -------------------
20260716 203006.197 INFO             PET0   ESMX_Driver: InitializeP0 extro.
20260716 203006.197 INFO             PET0   ESMX_Driver: InitializeIPDv02p1 intro.
20260716 203006.197 INFO             PET0     ESMX_Driver: InitializeIPDv02p1 intro {IS}:--- StateLog() start -----------------
20260716 203006.197 INFO             PET0     ESMX_Driver: InitializeIPDv02p1 intro {IS}:State object is invalid! Not created or deleted!
20260716 203006.197 INFO             PET0     ESMX_Driver: InitializeIPDv02p1 intro {IS}:--- StateLog() end -------------------
20260716 203006.197 INFO             PET0     ESMX_Driver: InitializeIPDv02p1 intro {ES}:--- StateLog() start -----------------
20260716 203006.197 INFO             PET0     ESMX_Driver: InitializeIPDv02p1 intro {ES}:State object is invalid! Not created or deleted!
20260716 203006.197 INFO             PET0     ESMX_Driver: InitializeIPDv02p1 intro {ES}:--- StateLog() end -------------------
20260716 203006.197 INFO             PET0     >>>ESMX_Driver: entered Initialize (phase=<none>) without valid internal Clock.
20260716 203006.200 ERROR            PET0 src/addon/ESMX/Driver/ESMX_Driver.F90:206     Arguments are incompatible  - Must provide settings for component: ABC
20260716 203006.200 ERROR            PET0 ESMX_Driver:src/addon/NUOPC/src/NUOPC_Driver.F90:828     Arguments are incompatible  - Passing error in return code
20260716 203006.200 ERROR            PET0 ESMX_Driver:src/addon/NUOPC/src/NUOPC_Driver.F90:534     Arguments are incompatible  - Passing error in return code
20260716 203006.200 ERROR            PET0 src/addon/ESMX/ESMX_App.F90:359     Arguments are incompatible  - Passing error in return code
20260716 203006.200 INFO             PET0      Finalizing ESMF with endflag==ESMF_END_ABORT
20260716 203006.183 INFO             PET1 !!!!!!!!!!!!!!!!!!!!!!!!!!!!!!!!!!!!!!!!!!!!!!!!!!!!!!
20260716 203006.183 INFO             PET1 !!! THE ESMF_LOG IS SET TO OUTPUT ALL LOG MESSAGES !!!
20260716 203006.183 INFO             PET1 !!!     THIS MAY CAUSE SLOWDOWN IN PERFORMANCE     !!!
20260716 203006.183 INFO             PET1 !!! FOR PRODUCTION RUNS, USE:                      !!!
20260716 203006.183 INFO             PET1 !!!                   ESMF_LOGKIND_Multi_On_Error  !!!
20260716 203006.183 INFO             PET1 !!!!!!!!!!!!!!!!!!!!!!!!!!!!!!!!!!!!!!!!!!!!!!!!!!!!!!
20260716 203006.183 INFO             PET1 Running with ESMF Version   : feature/refresh-bmauer-c_dynmask_interface+ge07d076824
20260716 203006.183 INFO             PET1 ESMF library build date/time: "Jul 16 2026" "20:05:28"
20260716 203006.183 INFO             PET1 ESMF library build location : /usr/local/esmf/esmf-testing/nagclang_7.2.44_17.0.0_openmpi_O_feature_refresh-bmauer-c_dynmask_interface/esmf
20260716 203006.183 INFO             PET1 ESMF_COMM                   : openmpi
20260716 203006.183 INFO             PET1 ESMF_MOAB                   : enabled
20260716 203006.183 INFO             PET1 ESMF_LAPACK                 : enabled
20260716 203006.183 INFO             PET1 ESMF_NETCDF                 : enabled
20260716 203006.183 INFO             PET1 ESMF_PNETCDF                : disabled
20260716 203006.183 INFO             PET1 ESMF_PIO                    : enabled
20260716 203006.183 INFO             PET1 ESMF_YAMLCPP                : enabled
20260716 203006.184 INFO             PET1 ESMF Profiling Enabled
20260716 203006.184 INFO             PET1 ESMF Trace/Profile clock: REALTIME
20260716 203006.185 INFO             PET1 =============================================
20260716 203006.185 INFO             PET1 ESMX (Earth System Model eXecutable) STARTING
20260716 203006.185 INFO             PET1 =============================================
20260716 203006.192 DEBUG            PET1 Generic SetVM() is executing for: ESMX_Driver
20260716 203006.193 DEBUG            PET1 Generic SetVM() found no NUOPC Hint for: ESMX_Driver
20260716 203006.193 DEBUG            PET1 Generic SetVM() therefore is NOT calling ESMF_GridCompSetVMMaxPEs() for: ESMX_Driver
20260716 203006.196 INFO             PET1 ESMX_Driver: InitializeGeneric intro.
20260716 203006.196 INFO             PET1   ESMX_Driver: InitializeGeneric intro {IS}:--- StateLog() start -----------------
20260716 203006.196 INFO             PET1   ESMX_Driver: InitializeGeneric intro {IS}:State object is invalid! Not created or deleted!
20260716 203006.196 INFO             PET1   ESMX_Driver: InitializeGeneric intro {IS}:--- StateLog() end -------------------
20260716 203006.196 INFO             PET1   ESMX_Driver: InitializeGeneric intro {ES}:--- StateLog() start -----------------
20260716 203006.196 INFO             PET1   ESMX_Driver: InitializeGeneric intro {ES}:State object is invalid! Not created or deleted!
20260716 203006.196 INFO             PET1   ESMX_Driver: InitializeGeneric intro {ES}:--- StateLog() end -------------------
20260716 203006.196 INFO             PET1   >>>ESMX_Driver: entered Initialize (phase=<none>) without valid internal Clock.
20260716 203006.196 INFO             PET1   ESMX_Driver: InitializeP0 intro.
20260716 203006.196 INFO             PET1     ESMX_Driver: InitializeP0 intro {IS}:--- StateLog() start -----------------
20260716 203006.196 INFO             PET1     ESMX_Driver: InitializeP0 intro {IS}:State object is invalid! Not created or deleted!
20260716 203006.196 INFO             PET1     ESMX_Driver: InitializeP0 intro {IS}:--- StateLog() end -------------------
20260716 203006.197 INFO             PET1     ESMX_Driver: InitializeP0 intro {ES}:--- StateLog() start -----------------
20260716 203006.197 INFO             PET1     ESMX_Driver: InitializeP0 intro {ES}:State object is invalid! Not created or deleted!
20260716 203006.197 INFO             PET1     ESMX_Driver: InitializeP0 intro {ES}:--- StateLog() end -------------------
20260716 203006.197 INFO             PET1     >>>ESMX_Driver: entered Initialize (phase=<none>) without valid internal Clock.
20260716 203006.197 INFO             PET1     <<<ESMX_Driver: leaving Initialize (phase=<none>) without valid internal Clock.
20260716 203006.197 INFO             PET1     ESMX_Driver: InitializeP0 extro {IS}:--- StateLog() start -----------------
20260716 203006.197 INFO             PET1     ESMX_Driver: InitializeP0 extro {IS}:State object is invalid! Not created or deleted!
20260716 203006.197 INFO             PET1     ESMX_Driver: InitializeP0 extro {IS}:--- StateLog() end -------------------
20260716 203006.197 INFO             PET1     ESMX_Driver: InitializeP0 extro {ES}:--- StateLog() start -----------------
20260716 203006.197 INFO             PET1     ESMX_Driver: InitializeP0 extro {ES}:State object is invalid! Not created or deleted!
20260716 203006.197 INFO             PET1     ESMX_Driver: InitializeP0 extro {ES}:--- StateLog() end -------------------
20260716 203006.197 INFO             PET1   ESMX_Driver: InitializeP0 extro.
20260716 203006.197 INFO             PET1   ESMX_Driver: InitializeIPDv02p1 intro.
20260716 203006.197 INFO             PET1     ESMX_Driver: InitializeIPDv02p1 intro {IS}:--- StateLog() start -----------------
20260716 203006.197 INFO             PET1     ESMX_Driver: InitializeIPDv02p1 intro {IS}:State object is invalid! Not created or deleted!
20260716 203006.197 INFO             PET1     ESMX_Driver: InitializeIPDv02p1 intro {IS}:--- StateLog() end -------------------
20260716 203006.197 INFO             PET1     ESMX_Driver: InitializeIPDv02p1 intro {ES}:--- StateLog() start -----------------
20260716 203006.197 INFO             PET1     ESMX_Driver: InitializeIPDv02p1 intro {ES}:State object is invalid! Not created or deleted!
20260716 203006.197 INFO             PET1     ESMX_Driver: InitializeIPDv02p1 intro {ES}:--- StateLog() end -------------------
20260716 203006.197 INFO             PET1     >>>ESMX_Driver: entered Initialize (phase=<none>) without valid internal Clock.
20260716 203006.200 ERROR            PET1 src/addon/ESMX/Driver/ESMX_Driver.F90:206     Arguments are incompatible  - Must provide settings for component: ABC
20260716 203006.200 ERROR            PET1 ESMX_Driver:src/addon/NUOPC/src/NUOPC_Driver.F90:828     Arguments are incompatible  - Passing error in return code
20260716 203006.200 ERROR            PET1 ESMX_Driver:src/addon/NUOPC/src/NUOPC_Driver.F90:534     Arguments are incompatible  - Passing error in return code
20260716 203006.200 ERROR            PET1 src/addon/ESMX/ESMX_App.F90:359     Arguments are incompatible  - Passing error in return code
20260716 203006.200 INFO             PET1      Finalizing ESMF with endflag==ESMF_END_ABORT
20260716 203006.183 INFO             PET2 !!!!!!!!!!!!!!!!!!!!!!!!!!!!!!!!!!!!!!!!!!!!!!!!!!!!!!
20260716 203006.183 INFO             PET2 !!! THE ESMF_LOG IS SET TO OUTPUT ALL LOG MESSAGES !!!
20260716 203006.183 INFO             PET2 !!!     THIS MAY CAUSE SLOWDOWN IN PERFORMANCE     !!!
20260716 203006.183 INFO             PET2 !!! FOR PRODUCTION RUNS, USE:                      !!!
20260716 203006.183 INFO             PET2 !!!                   ESMF_LOGKIND_Multi_On_Error  !!!
20260716 203006.183 INFO             PET2 !!!!!!!!!!!!!!!!!!!!!!!!!!!!!!!!!!!!!!!!!!!!!!!!!!!!!!
20260716 203006.183 INFO             PET2 Running with ESMF Version   : feature/refresh-bmauer-c_dynmask_interface+ge07d076824
20260716 203006.183 INFO             PET2 ESMF library build date/time: "Jul 16 2026" "20:05:28"
20260716 203006.183 INFO             PET2 ESMF library build location : /usr/local/esmf/esmf-testing/nagclang_7.2.44_17.0.0_openmpi_O_feature_refresh-bmauer-c_dynmask_interface/esmf
20260716 203006.183 INFO             PET2 ESMF_COMM                   : openmpi
20260716 203006.183 INFO             PET2 ESMF_MOAB                   : enabled
20260716 203006.183 INFO             PET2 ESMF_LAPACK                 : enabled
20260716 203006.183 INFO             PET2 ESMF_NETCDF                 : enabled
20260716 203006.183 INFO             PET2 ESMF_PNETCDF                : disabled
20260716 203006.183 INFO             PET2 ESMF_PIO                    : enabled
20260716 203006.183 INFO             PET2 ESMF_YAMLCPP                : enabled
20260716 203006.184 INFO             PET2 ESMF Profiling Enabled
20260716 203006.184 INFO             PET2 ESMF Trace/Profile clock: REALTIME
20260716 203006.185 INFO             PET2 =============================================
20260716 203006.185 INFO             PET2 ESMX (Earth System Model eXecutable) STARTING
20260716 203006.185 INFO             PET2 =============================================
20260716 203006.192 DEBUG            PET2 Generic SetVM() is executing for: ESMX_Driver
20260716 203006.193 DEBUG            PET2 Generic SetVM() found no NUOPC Hint for: ESMX_Driver
20260716 203006.193 DEBUG            PET2 Generic SetVM() therefore is NOT calling ESMF_GridCompSetVMMaxPEs() for: ESMX_Driver
20260716 203006.196 INFO             PET2 ESMX_Driver: InitializeGeneric intro.
20260716 203006.196 INFO             PET2   ESMX_Driver: InitializeGeneric intro {IS}:--- StateLog() start -----------------
20260716 203006.196 INFO             PET2   ESMX_Driver: InitializeGeneric intro {IS}:State object is invalid! Not created or deleted!
20260716 203006.196 INFO             PET2   ESMX_Driver: InitializeGeneric intro {IS}:--- StateLog() end -------------------
20260716 203006.196 INFO             PET2   ESMX_Driver: InitializeGeneric intro {ES}:--- StateLog() start -----------------
20260716 203006.196 INFO             PET2   ESMX_Driver: InitializeGeneric intro {ES}:State object is invalid! Not created or deleted!
20260716 203006.196 INFO             PET2   ESMX_Driver: InitializeGeneric intro {ES}:--- StateLog() end -------------------
20260716 203006.196 INFO             PET2   >>>ESMX_Driver: entered Initialize (phase=<none>) without valid internal Clock.
20260716 203006.196 INFO             PET2   ESMX_Driver: InitializeP0 intro.
20260716 203006.196 INFO             PET2     ESMX_Driver: InitializeP0 intro {IS}:--- StateLog() start -----------------
20260716 203006.196 INFO             PET2     ESMX_Driver: InitializeP0 intro {IS}:State object is invalid! Not created or deleted!
20260716 203006.197 INFO             PET2     ESMX_Driver: InitializeP0 intro {IS}:--- StateLog() end -------------------
20260716 203006.197 INFO             PET2     ESMX_Driver: InitializeP0 intro {ES}:--- StateLog() start -----------------
20260716 203006.197 INFO             PET2     ESMX_Driver: InitializeP0 intro {ES}:State object is invalid! Not created or deleted!
20260716 203006.197 INFO             PET2     ESMX_Driver: InitializeP0 intro {ES}:--- StateLog() end -------------------
20260716 203006.197 INFO             PET2     >>>ESMX_Driver: entered Initialize (phase=<none>) without valid internal Clock.
20260716 203006.197 INFO             PET2     <<<ESMX_Driver: leaving Initialize (phase=<none>) without valid internal Clock.
20260716 203006.197 INFO             PET2     ESMX_Driver: InitializeP0 extro {IS}:--- StateLog() start -----------------
20260716 203006.197 INFO             PET2     ESMX_Driver: InitializeP0 extro {IS}:State object is invalid! Not created or deleted!
20260716 203006.197 INFO             PET2     ESMX_Driver: InitializeP0 extro {IS}:--- StateLog() end -------------------
20260716 203006.197 INFO             PET2     ESMX_Driver: InitializeP0 extro {ES}:--- StateLog() start -----------------
20260716 203006.197 INFO             PET2     ESMX_Driver: InitializeP0 extro {ES}:State object is invalid! Not created or deleted!
20260716 203006.197 INFO             PET2     ESMX_Driver: InitializeP0 extro {ES}:--- StateLog() end -------------------
20260716 203006.197 INFO             PET2   ESMX_Driver: InitializeP0 extro.
20260716 203006.197 INFO             PET2   ESMX_Driver: InitializeIPDv02p1 intro.
20260716 203006.197 INFO             PET2     ESMX_Driver: InitializeIPDv02p1 intro {IS}:--- StateLog() start -----------------
20260716 203006.197 INFO             PET2     ESMX_Driver: InitializeIPDv02p1 intro {IS}:State object is invalid! Not created or deleted!
20260716 203006.197 INFO             PET2     ESMX_Driver: InitializeIPDv02p1 intro {IS}:--- StateLog() end -------------------
20260716 203006.197 INFO             PET2     ESMX_Driver: InitializeIPDv02p1 intro {ES}:--- StateLog() start -----------------
20260716 203006.197 INFO             PET2     ESMX_Driver: InitializeIPDv02p1 intro {ES}:State object is invalid! Not created or deleted!
20260716 203006.197 INFO             PET2     ESMX_Driver: InitializeIPDv02p1 intro {ES}:--- StateLog() end -------------------
20260716 203006.197 INFO             PET2     >>>ESMX_Driver: entered Initialize (phase=<none>) without valid internal Clock.
20260716 203006.200 ERROR            PET2 src/addon/ESMX/Driver/ESMX_Driver.F90:206     Arguments are incompatible  - Must provide settings for component: ABC
20260716 203006.200 ERROR            PET2 ESMX_Driver:src/addon/NUOPC/src/NUOPC_Driver.F90:828     Arguments are incompatible  - Passing error in return code
20260716 203006.200 ERROR            PET2 ESMX_Driver:src/addon/NUOPC/src/NUOPC_Driver.F90:534     Arguments are incompatible  - Passing error in return code
20260716 203006.200 ERROR            PET2 src/addon/ESMX/ESMX_App.F90:359     Arguments are incompatible  - Passing error in return code
20260716 203006.200 INFO             PET2      Finalizing ESMF with endflag==ESMF_END_ABORT
20260716 203006.183 INFO             PET3 !!!!!!!!!!!!!!!!!!!!!!!!!!!!!!!!!!!!!!!!!!!!!!!!!!!!!!
20260716 203006.183 INFO             PET3 !!! THE ESMF_LOG IS SET TO OUTPUT ALL LOG MESSAGES !!!
20260716 203006.183 INFO             PET3 !!!     THIS MAY CAUSE SLOWDOWN IN PERFORMANCE     !!!
20260716 203006.183 INFO             PET3 !!! FOR PRODUCTION RUNS, USE:                      !!!
20260716 203006.183 INFO             PET3 !!!                   ESMF_LOGKIND_Multi_On_Error  !!!
20260716 203006.183 INFO             PET3 !!!!!!!!!!!!!!!!!!!!!!!!!!!!!!!!!!!!!!!!!!!!!!!!!!!!!!
20260716 203006.183 INFO             PET3 Running with ESMF Version   : feature/refresh-bmauer-c_dynmask_interface+ge07d076824
20260716 203006.183 INFO             PET3 ESMF library build date/time: "Jul 16 2026" "20:05:28"
20260716 203006.183 INFO             PET3 ESMF library build location : /usr/local/esmf/esmf-testing/nagclang_7.2.44_17.0.0_openmpi_O_feature_refresh-bmauer-c_dynmask_interface/esmf
20260716 203006.183 INFO             PET3 ESMF_COMM                   : openmpi
20260716 203006.183 INFO             PET3 ESMF_MOAB                   : enabled
20260716 203006.183 INFO             PET3 ESMF_LAPACK                 : enabled
20260716 203006.183 INFO             PET3 ESMF_NETCDF                 : enabled
20260716 203006.183 INFO             PET3 ESMF_PNETCDF                : disabled
20260716 203006.183 INFO             PET3 ESMF_PIO                    : enabled
20260716 203006.183 INFO             PET3 ESMF_YAMLCPP                : enabled
20260716 203006.184 INFO             PET3 ESMF Profiling Enabled
20260716 203006.184 INFO             PET3 ESMF Trace/Profile clock: REALTIME
20260716 203006.185 INFO             PET3 =============================================
20260716 203006.185 INFO             PET3 ESMX (Earth System Model eXecutable) STARTING
20260716 203006.185 INFO             PET3 =============================================
20260716 203006.192 DEBUG            PET3 Generic SetVM() is executing for: ESMX_Driver
20260716 203006.193 DEBUG            PET3 Generic SetVM() found no NUOPC Hint for: ESMX_Driver
20260716 203006.193 DEBUG            PET3 Generic SetVM() therefore is NOT calling ESMF_GridCompSetVMMaxPEs() for: ESMX_Driver
20260716 203006.196 INFO             PET3 ESMX_Driver: InitializeGeneric intro.
20260716 203006.196 INFO             PET3   ESMX_Driver: InitializeGeneric intro {IS}:--- StateLog() start -----------------
20260716 203006.196 INFO             PET3   ESMX_Driver: InitializeGeneric intro {IS}:State object is invalid! Not created or deleted!
20260716 203006.196 INFO             PET3   ESMX_Driver: InitializeGeneric intro {IS}:--- StateLog() end -------------------
20260716 203006.196 INFO             PET3   ESMX_Driver: InitializeGeneric intro {ES}:--- StateLog() start -----------------
20260716 203006.196 INFO             PET3   ESMX_Driver: InitializeGeneric intro {ES}:State object is invalid! Not created or deleted!
20260716 203006.196 INFO             PET3   ESMX_Driver: InitializeGeneric intro {ES}:--- StateLog() end -------------------
20260716 203006.196 INFO             PET3   >>>ESMX_Driver: entered Initialize (phase=<none>) without valid internal Clock.
20260716 203006.196 INFO             PET3   ESMX_Driver: InitializeP0 intro.
20260716 203006.196 INFO             PET3     ESMX_Driver: InitializeP0 intro {IS}:--- StateLog() start -----------------
20260716 203006.196 INFO             PET3     ESMX_Driver: InitializeP0 intro {IS}:State object is invalid! Not created or deleted!
20260716 203006.197 INFO             PET3     ESMX_Driver: InitializeP0 intro {IS}:--- StateLog() end -------------------
20260716 203006.197 INFO             PET3     ESMX_Driver: InitializeP0 intro {ES}:--- StateLog() start -----------------
20260716 203006.197 INFO             PET3     ESMX_Driver: InitializeP0 intro {ES}:State object is invalid! Not created or deleted!
20260716 203006.197 INFO             PET3     ESMX_Driver: InitializeP0 intro {ES}:--- StateLog() end -------------------
20260716 203006.197 INFO             PET3     >>>ESMX_Driver: entered Initialize (phase=<none>) without valid internal Clock.
20260716 203006.197 INFO             PET3     <<<ESMX_Driver: leaving Initialize (phase=<none>) without valid internal Clock.
20260716 203006.197 INFO             PET3     ESMX_Driver: InitializeP0 extro {IS}:--- StateLog() start -----------------
20260716 203006.197 INFO             PET3     ESMX_Driver: InitializeP0 extro {IS}:State object is invalid! Not created or deleted!
20260716 203006.197 INFO             PET3     ESMX_Driver: InitializeP0 extro {IS}:--- StateLog() end -------------------
20260716 203006.197 INFO             PET3     ESMX_Driver: InitializeP0 extro {ES}:--- StateLog() start -----------------
20260716 203006.197 INFO             PET3     ESMX_Driver: InitializeP0 extro {ES}:State object is invalid! Not created or deleted!
20260716 203006.197 INFO             PET3     ESMX_Driver: InitializeP0 extro {ES}:--- StateLog() end -------------------
20260716 203006.197 INFO             PET3   ESMX_Driver: InitializeP0 extro.
20260716 203006.197 INFO             PET3   ESMX_Driver: InitializeIPDv02p1 intro.
20260716 203006.197 INFO             PET3     ESMX_Driver: InitializeIPDv02p1 intro {IS}:--- StateLog() start -----------------
20260716 203006.197 INFO             PET3     ESMX_Driver: InitializeIPDv02p1 intro {IS}:State object is invalid! Not created or deleted!
20260716 203006.197 INFO             PET3     ESMX_Driver: InitializeIPDv02p1 intro {IS}:--- StateLog() end -------------------
20260716 203006.197 INFO             PET3     ESMX_Driver: InitializeIPDv02p1 intro {ES}:--- StateLog() start -----------------
20260716 203006.197 INFO             PET3     ESMX_Driver: InitializeIPDv02p1 intro {ES}:State object is invalid! Not created or deleted!
20260716 203006.197 INFO             PET3     ESMX_Driver: InitializeIPDv02p1 intro {ES}:--- StateLog() end -------------------
20260716 203006.197 INFO             PET3     >>>ESMX_Driver: entered Initialize (phase=<none>) without valid internal Clock.
20260716 203006.200 ERROR            PET3 src/addon/ESMX/Driver/ESMX_Driver.F90:206     Arguments are incompatible  - Must provide settings for component: ABC
20260716 203006.200 ERROR            PET3 ESMX_Driver:src/addon/NUOPC/src/NUOPC_Driver.F90:828     Arguments are incompatible  - Passing error in return code
20260716 203006.200 ERROR            PET3 ESMX_Driver:src/addon/NUOPC/src/NUOPC_Driver.F90:534     Arguments are incompatible  - Passing error in return code
20260716 203006.200 ERROR            PET3 src/addon/ESMX/ESMX_App.F90:359     Arguments are incompatible  - Passing error in return code
20260716 203006.200 INFO             PET3      Finalizing ESMF with endflag==ESMF_END_ABORT
