2026-05-27 01:38:39
20260527 021738.440 INFO             PET0 !!!!!!!!!!!!!!!!!!!!!!!!!!!!!!!!!!!!!!!!!!!!!!!!!!!!!!
20260527 021738.440 INFO             PET0 !!! THE ESMF_LOG IS SET TO OUTPUT ALL LOG MESSAGES !!!
20260527 021738.440 INFO             PET0 !!!     THIS MAY CAUSE SLOWDOWN IN PERFORMANCE     !!!
20260527 021738.440 INFO             PET0 !!! FOR PRODUCTION RUNS, USE:                      !!!
20260527 021738.440 INFO             PET0 !!!                   ESMF_LOGKIND_Multi_On_Error  !!!
20260527 021738.440 INFO             PET0 !!!!!!!!!!!!!!!!!!!!!!!!!!!!!!!!!!!!!!!!!!!!!!!!!!!!!!
20260527 021738.440 INFO             PET0 Running with ESMF Version   : develop+g681a42bf77
20260527 021738.440 INFO             PET0 ESMF library build date/time: "May 27 2026" "01:36:12"
20260527 021738.440 INFO             PET0 ESMF library build location : /glade/derecho/scratch/sacks/esmf-testing/gfortran_12.2.0_pio2.6.2_mpi_g_develop/esmf
20260527 021738.440 INFO             PET0 ESMF_COMM                   : mpi
20260527 021738.441 INFO             PET0 ESMF_MOAB                   : enabled
20260527 021738.441 INFO             PET0 ESMF_LAPACK                 : enabled
20260527 021738.441 INFO             PET0 ESMF_NETCDF                 : enabled
20260527 021738.441 INFO             PET0 ESMF_PNETCDF                : disabled
20260527 021738.441 INFO             PET0 ESMF_PIO                    : enabled
20260527 021738.441 INFO             PET0 ESMF_YAMLCPP                : enabled
20260527 021738.453 INFO             PET0 ESMF_FieldRedistStoreNF(): Just entered routine.
20260527 021738.714 INFO             PET0 ESMF_FieldRedistStoreNF(): Leaving routine.
20260527 021738.719 INFO             PET0  NUMBER_OF_PROCESSORS           4
20260527 021738.719 INFO             PET0  PASS  Example ESMF_RHandleFromRHandleEx, ESMF_RHandleFromRHandleEx.F90, line 660
20260527 021738.719 INFO             PET0  Finalizing ESMF
20260527 021738.440 INFO             PET1 !!!!!!!!!!!!!!!!!!!!!!!!!!!!!!!!!!!!!!!!!!!!!!!!!!!!!!
20260527 021738.440 INFO             PET1 !!! THE ESMF_LOG IS SET TO OUTPUT ALL LOG MESSAGES !!!
20260527 021738.440 INFO             PET1 !!!     THIS MAY CAUSE SLOWDOWN IN PERFORMANCE     !!!
20260527 021738.440 INFO             PET1 !!! FOR PRODUCTION RUNS, USE:                      !!!
20260527 021738.440 INFO             PET1 !!!                   ESMF_LOGKIND_Multi_On_Error  !!!
20260527 021738.440 INFO             PET1 !!!!!!!!!!!!!!!!!!!!!!!!!!!!!!!!!!!!!!!!!!!!!!!!!!!!!!
20260527 021738.440 INFO             PET1 Running with ESMF Version   : develop+g681a42bf77
20260527 021738.440 INFO             PET1 ESMF library build date/time: "May 27 2026" "01:36:12"
20260527 021738.440 INFO             PET1 ESMF library build location : /glade/derecho/scratch/sacks/esmf-testing/gfortran_12.2.0_pio2.6.2_mpi_g_develop/esmf
20260527 021738.440 INFO             PET1 ESMF_COMM                   : mpi
20260527 021738.441 INFO             PET1 ESMF_MOAB                   : enabled
20260527 021738.441 INFO             PET1 ESMF_LAPACK                 : enabled
20260527 021738.441 INFO             PET1 ESMF_NETCDF                 : enabled
20260527 021738.441 INFO             PET1 ESMF_PNETCDF                : disabled
20260527 021738.441 INFO             PET1 ESMF_PIO                    : enabled
20260527 021738.441 INFO             PET1 ESMF_YAMLCPP                : enabled
20260527 021738.453 INFO             PET1 ESMF_FieldRedistStoreNF(): Just entered routine.
20260527 021738.714 INFO             PET1 ESMF_FieldRedistStoreNF(): Leaving routine.
20260527 021738.719 INFO             PET1  NUMBER_OF_PROCESSORS           4
20260527 021738.719 INFO             PET1  PASS  Example ESMF_RHandleFromRHandleEx, ESMF_RHandleFromRHandleEx.F90, line 660
20260527 021738.719 INFO             PET1  Finalizing ESMF
20260527 021738.441 INFO             PET2 !!!!!!!!!!!!!!!!!!!!!!!!!!!!!!!!!!!!!!!!!!!!!!!!!!!!!!
20260527 021738.441 INFO             PET2 !!! THE ESMF_LOG IS SET TO OUTPUT ALL LOG MESSAGES !!!
20260527 021738.441 INFO             PET2 !!!     THIS MAY CAUSE SLOWDOWN IN PERFORMANCE     !!!
20260527 021738.441 INFO             PET2 !!! FOR PRODUCTION RUNS, USE:                      !!!
20260527 021738.441 INFO             PET2 !!!                   ESMF_LOGKIND_Multi_On_Error  !!!
20260527 021738.441 INFO             PET2 !!!!!!!!!!!!!!!!!!!!!!!!!!!!!!!!!!!!!!!!!!!!!!!!!!!!!!
20260527 021738.441 INFO             PET2 Running with ESMF Version   : develop+g681a42bf77
20260527 021738.441 INFO             PET2 ESMF library build date/time: "May 27 2026" "01:36:12"
20260527 021738.441 INFO             PET2 ESMF library build location : /glade/derecho/scratch/sacks/esmf-testing/gfortran_12.2.0_pio2.6.2_mpi_g_develop/esmf
20260527 021738.441 INFO             PET2 ESMF_COMM                   : mpi
20260527 021738.441 INFO             PET2 ESMF_MOAB                   : enabled
20260527 021738.441 INFO             PET2 ESMF_LAPACK                 : enabled
20260527 021738.441 INFO             PET2 ESMF_NETCDF                 : enabled
20260527 021738.441 INFO             PET2 ESMF_PNETCDF                : disabled
20260527 021738.441 INFO             PET2 ESMF_PIO                    : enabled
20260527 021738.441 INFO             PET2 ESMF_YAMLCPP                : enabled
20260527 021738.453 INFO             PET2 ESMF_FieldRedistStoreNF(): Just entered routine.
20260527 021738.714 INFO             PET2 ESMF_FieldRedistStoreNF(): Leaving routine.
20260527 021738.717 INFO             PET2  NUMBER_OF_PROCESSORS           4
20260527 021738.717 INFO             PET2  PASS  Example ESMF_RHandleFromRHandleEx, ESMF_RHandleFromRHandleEx.F90, line 660
20260527 021738.717 INFO             PET2  Finalizing ESMF
20260527 021738.440 INFO             PET3 !!!!!!!!!!!!!!!!!!!!!!!!!!!!!!!!!!!!!!!!!!!!!!!!!!!!!!
20260527 021738.440 INFO             PET3 !!! THE ESMF_LOG IS SET TO OUTPUT ALL LOG MESSAGES !!!
20260527 021738.440 INFO             PET3 !!!     THIS MAY CAUSE SLOWDOWN IN PERFORMANCE     !!!
20260527 021738.440 INFO             PET3 !!! FOR PRODUCTION RUNS, USE:                      !!!
20260527 021738.440 INFO             PET3 !!!                   ESMF_LOGKIND_Multi_On_Error  !!!
20260527 021738.440 INFO             PET3 !!!!!!!!!!!!!!!!!!!!!!!!!!!!!!!!!!!!!!!!!!!!!!!!!!!!!!
20260527 021738.440 INFO             PET3 Running with ESMF Version   : develop+g681a42bf77
20260527 021738.440 INFO             PET3 ESMF library build date/time: "May 27 2026" "01:36:12"
20260527 021738.440 INFO             PET3 ESMF library build location : /glade/derecho/scratch/sacks/esmf-testing/gfortran_12.2.0_pio2.6.2_mpi_g_develop/esmf
20260527 021738.440 INFO             PET3 ESMF_COMM                   : mpi
20260527 021738.441 INFO             PET3 ESMF_MOAB                   : enabled
20260527 021738.441 INFO             PET3 ESMF_LAPACK                 : enabled
20260527 021738.441 INFO             PET3 ESMF_NETCDF                 : enabled
20260527 021738.441 INFO             PET3 ESMF_PNETCDF                : disabled
20260527 021738.441 INFO             PET3 ESMF_PIO                    : enabled
20260527 021738.441 INFO             PET3 ESMF_YAMLCPP                : enabled
20260527 021738.452 INFO             PET3 ESMF_FieldRedistStoreNF(): Just entered routine.
20260527 021738.714 INFO             PET3 ESMF_FieldRedistStoreNF(): Leaving routine.
20260527 021738.720 INFO             PET3  NUMBER_OF_PROCESSORS           4
20260527 021738.720 INFO             PET3  PASS  Example ESMF_RHandleFromRHandleEx, ESMF_RHandleFromRHandleEx.F90, line 660
20260527 021738.720 INFO             PET3  Finalizing ESMF
