2026-06-14 01:45:19
20260614 022302.156 INFO             PET0 !!!!!!!!!!!!!!!!!!!!!!!!!!!!!!!!!!!!!!!!!!!!!!!!!!!!!!
20260614 022302.156 INFO             PET0 !!! THE ESMF_LOG IS SET TO OUTPUT ALL LOG MESSAGES !!!
20260614 022302.156 INFO             PET0 !!!     THIS MAY CAUSE SLOWDOWN IN PERFORMANCE     !!!
20260614 022302.156 INFO             PET0 !!! FOR PRODUCTION RUNS, USE:                      !!!
20260614 022302.156 INFO             PET0 !!!                   ESMF_LOGKIND_Multi_On_Error  !!!
20260614 022302.156 INFO             PET0 !!!!!!!!!!!!!!!!!!!!!!!!!!!!!!!!!!!!!!!!!!!!!!!!!!!!!!
20260614 022302.156 INFO             PET0 Running with ESMF Version   : v9.0.0b15
20260614 022302.156 INFO             PET0 ESMF library build date/time: "Jun 14 2026" "01:42:52"
20260614 022302.156 INFO             PET0 ESMF library build location : /glade/derecho/scratch/sacks/esmf-testing/gfortran_12.2.0_pio2.6.2_mpi_g_develop/esmf
20260614 022302.156 INFO             PET0 ESMF_COMM                   : mpi
20260614 022302.156 INFO             PET0 ESMF_MOAB                   : enabled
20260614 022302.156 INFO             PET0 ESMF_LAPACK                 : enabled
20260614 022302.156 INFO             PET0 ESMF_NETCDF                 : enabled
20260614 022302.156 INFO             PET0 ESMF_PNETCDF                : disabled
20260614 022302.156 INFO             PET0 ESMF_PIO                    : enabled
20260614 022302.156 INFO             PET0 ESMF_YAMLCPP                : enabled
20260614 022302.157 INFO             PET0  NUMBER_OF_PROCESSORS           1
20260614 022302.157 INFO             PET0  PASS  Example ESMF_AlarmEx, ESMF_AlarmEx.F90, line 244
20260614 022302.157 INFO             PET0  Finalizing ESMF
