2026-06-15 22:50:27
 Writing to stdout before ESM Initialize
 Writing to stdout before ESM Run
 ATM: localPet=   1   thread_num=   0   currentSsiPe=   3   num_threads=   1   
 max_threads=   1   num_procs= 126                                             
     
 OCN: localPet=   1   thread_num=   0   currentSsiPe=   3   num_threads=   1   
 max_threads=   1   num_procs= 126                                             
     
 OCN: localPet=   1   thread_num=   0   currentSsiPe=   3   num_threads=   1   
 max_threads=   1   num_procs= 126                                             
     
 OCN: localPet=   1   thread_num=   0   currentSsiPe=   3   num_threads=   1   
 max_threads=   1   num_procs= 126                                             
     
 ATM: localPet=   1   thread_num=   0   currentSsiPe=   3   num_threads=   1   
 max_threads=   1   num_procs= 126                                             
     
 OCN: localPet=   1   thread_num=   0   currentSsiPe=   3   num_threads=   1   
 max_threads=   1   num_procs= 126                                             
     
 OCN: localPet=   1   thread_num=   0   currentSsiPe=   3   num_threads=   1   
 max_threads=   1   num_procs= 126                                             
     
 OCN: localPet=   1   thread_num=   0   currentSsiPe=   3   num_threads=   1   
 max_threads=   1   num_procs= 126                                             
     
 ATM: localPet=   1   thread_num=   0   currentSsiPe=   3   num_threads=   1   
 max_threads=   1   num_procs= 126                                             
     
 OCN: localPet=   1   thread_num=   0   currentSsiPe=   3   num_threads=   1   
 max_threads=   1   num_procs= 126                                             
     
 OCN: localPet=   1   thread_num=   0   currentSsiPe=   3   num_threads=   1   
 max_threads=   1   num_procs= 126                                             
     
 OCN: localPet=   1   thread_num=   0   currentSsiPe=   3   num_threads=   1   
 max_threads=   1   num_procs= 126                                             
     
 ATM: localPet=   1   thread_num=   0   currentSsiPe=   3   num_threads=   1   
 max_threads=   1   num_procs= 126                                             
     
 OCN: localPet=   1   thread_num=   0   currentSsiPe=   3   num_threads=   1   
 max_threads=   1   num_procs= 126                                             
     
 OCN: localPet=   1   thread_num=   0   currentSsiPe=   3   num_threads=   1   
 max_threads=   1   num_procs= 126                                             
     
 OCN: localPet=   1   thread_num=   0   currentSsiPe=   3   num_threads=   1   
 max_threads=   1   num_procs= 126                                             
     
 Writing to stdout before ESM Finalize
 Writing to stdout before ESM Initialize
 Writing to stdout before ESM Run
 ATM: localPet=   0   thread_num=   0   currentSsiPe=   0   num_threads=   2   
 max_threads=   2   num_procs= 126                                             
     
 ATM: localPet=   0   thread_num=   1   currentSsiPe=   1   num_threads=   2   
 max_threads=   2   num_procs= 126                                             
     
 ATM: localPet=   0   thread_num=   0   currentSsiPe=   0   num_threads=   2   
 max_threads=   2   num_procs= 126                                             
     
 ATM: localPet=   0   thread_num=   1   currentSsiPe=   1   num_threads=   2   
 max_threads=   2   num_procs= 126                                             
     
 ATM: localPet=   0   thread_num=   1   currentSsiPe=   1   num_threads=   2   
 max_threads=   2   num_procs= 126                                             
     
 ATM: localPet=   0   thread_num=   0   currentSsiPe=   0   num_threads=   2   
 max_threads=   2   num_procs= 126                                             
     
 ATM: localPet=   0   thread_num=   1   currentSsiPe=   1   num_threads=   2   
 max_threads=   2   num_procs= 126                                             
     
 ATM: localPet=   0   thread_num=   0   currentSsiPe=   0   num_threads=   2   
 max_threads=   2   num_procs= 126                                             
     
 Writing to stdout before ESM Finalize
 Writing to stdout before ESM Initialize
 Writing to stdout before ESM Run
 Writing to stdout before ESM Finalize
 Writing to stdout before ESM Initialize
 Writing to stdout before ESM Run
 OCN: localPet=   0   thread_num=   0   currentSsiPe=   2   num_threads=   1   
 max_threads=   1   num_procs= 126                                             
     
 OCN: localPet=   0   thread_num=   0   currentSsiPe=   2   num_threads=   1   
 max_threads=   1   num_procs= 126                                             
     
 OCN: localPet=   0   thread_num=   0   currentSsiPe=   2   num_threads=   1   
 max_threads=   1   num_procs= 126                                             
     
 OCN: localPet=   0   thread_num=   0   currentSsiPe=   2   num_threads=   1   
 max_threads=   1   num_procs= 126                                             
     
 OCN: localPet=   0   thread_num=   0   currentSsiPe=   2   num_threads=   1   
 max_threads=   1   num_procs= 126                                             
     
 OCN: localPet=   0   thread_num=   0   currentSsiPe=   2   num_threads=   1   
 max_threads=   1   num_procs= 126                                             
     
 OCN: localPet=   0   thread_num=   0   currentSsiPe=   2   num_threads=   1   
 max_threads=   1   num_procs= 126                                             
     
 OCN: localPet=   0   thread_num=   0   currentSsiPe=   2   num_threads=   1   
 max_threads=   1   num_procs= 126                                             
     
 OCN: localPet=   0   thread_num=   0   currentSsiPe=   2   num_threads=   1   
 max_threads=   1   num_procs= 126                                             
     
 OCN: localPet=   0   thread_num=   0   currentSsiPe=   2   num_threads=   1   
 max_threads=   1   num_procs= 126                                             
     
 OCN: localPet=   0   thread_num=   0   currentSsiPe=   2   num_threads=   1   
 max_threads=   1   num_procs= 126                                             
     
 OCN: localPet=   0   thread_num=   0   currentSsiPe=   2   num_threads=   1   
 max_threads=   1   num_procs= 126                                             
     
 Writing to stdout before ESM Finalize
