2026-05-09 03:43:24
20260509 040812.305 INFO             PET0 !!!!!!!!!!!!!!!!!!!!!!!!!!!!!!!!!!!!!!!!!!!!!!!!!!!!!!
20260509 040812.305 INFO             PET0 !!! THE ESMF_LOG IS SET TO OUTPUT ALL LOG MESSAGES !!!
20260509 040812.305 INFO             PET0 !!!     THIS MAY CAUSE SLOWDOWN IN PERFORMANCE     !!!
20260509 040812.305 INFO             PET0 !!! FOR PRODUCTION RUNS, USE:                      !!!
20260509 040812.305 INFO             PET0 !!!                   ESMF_LOGKIND_Multi_On_Error  !!!
20260509 040812.305 INFO             PET0 !!!!!!!!!!!!!!!!!!!!!!!!!!!!!!!!!!!!!!!!!!!!!!!!!!!!!!
20260509 040812.305 INFO             PET0 Running with ESMF Version   : v9.0.0b13
20260509 040812.305 INFO             PET0 ESMF library build date/time: "May  9 2026" "03:42:09"
20260509 040812.305 INFO             PET0 ESMF library build location : /tmp/intel_2025.0.0_mpiuni_g_develop/esmf
20260509 040812.306 INFO             PET0 ESMF_COMM                   : mpiuni
20260509 040812.306 INFO             PET0 ESMF_MOAB                   : enabled
20260509 040812.306 INFO             PET0 ESMF_LAPACK                 : enabled
20260509 040812.306 INFO             PET0 ESMF_NETCDF                 : enabled
20260509 040812.306 INFO             PET0 ESMF_PNETCDF                : disabled
20260509 040812.306 INFO             PET0 ESMF_PIO                    : enabled
20260509 040812.306 INFO             PET0 ESMF_YAMLCPP                : enabled
20260509 040812.313 INFO             PET0 ESMF_FieldRedistStoreNF(): Just entered routine.
20260509 040813.040 INFO             PET0 ESMF_FieldRedistStoreNF(): Leaving routine.
20260509 040813.044 INFO             PET0  NUMBER_OF_PROCESSORS           1
20260509 040813.045 INFO             PET0  PASS  Example ESMF_RHandleFromFileEx, ESMF_RHandleFromFileEx.F90, line 192
20260509 040813.045 INFO             PET0  Finalizing ESMF
