2026-06-28 03:46:33
20260628 041112.930 INFO             PET0 !!!!!!!!!!!!!!!!!!!!!!!!!!!!!!!!!!!!!!!!!!!!!!!!!!!!!!
20260628 041112.930 INFO             PET0 !!! THE ESMF_LOG IS SET TO OUTPUT ALL LOG MESSAGES !!!
20260628 041112.930 INFO             PET0 !!!     THIS MAY CAUSE SLOWDOWN IN PERFORMANCE     !!!
20260628 041112.930 INFO             PET0 !!! FOR PRODUCTION RUNS, USE:                      !!!
20260628 041112.930 INFO             PET0 !!!                   ESMF_LOGKIND_Multi_On_Error  !!!
20260628 041112.930 INFO             PET0 !!!!!!!!!!!!!!!!!!!!!!!!!!!!!!!!!!!!!!!!!!!!!!!!!!!!!!
20260628 041112.930 INFO             PET0 Running with ESMF Version   : develop+g9d8ac26759
20260628 041112.930 INFO             PET0 ESMF library build date/time: "Jun 28 2026" "03:45:17"
20260628 041112.930 INFO             PET0 ESMF library build location : /tmp/intel_2025.0.0_mpiuni_g_develop/esmf
20260628 041112.930 INFO             PET0 ESMF_COMM                   : mpiuni
20260628 041112.930 INFO             PET0 ESMF_MOAB                   : enabled
20260628 041112.930 INFO             PET0 ESMF_LAPACK                 : enabled
20260628 041112.930 INFO             PET0 ESMF_NETCDF                 : enabled
20260628 041112.930 INFO             PET0 ESMF_PNETCDF                : disabled
20260628 041112.930 INFO             PET0 ESMF_PIO                    : enabled
20260628 041112.930 INFO             PET0 ESMF_YAMLCPP                : enabled
20260628 041112.930 INFO             PET0  NUMBER_OF_PROCESSORS           1
20260628 041112.930 INFO             PET0  PASS  Example ESMF_ArraySpecEx, ESMF_ArraySpecEx.F90, line 96
20260628 041112.930 INFO             PET0  Finalizing ESMF
