2026-05-15 03:47:51
20260515 043834.210 INFO             PET0 !!!!!!!!!!!!!!!!!!!!!!!!!!!!!!!!!!!!!!!!!!!!!!!!!!!!!!
20260515 043834.210 INFO             PET0 !!! THE ESMF_LOG IS SET TO OUTPUT ALL LOG MESSAGES !!!
20260515 043834.210 INFO             PET0 !!!     THIS MAY CAUSE SLOWDOWN IN PERFORMANCE     !!!
20260515 043834.210 INFO             PET0 !!! FOR PRODUCTION RUNS, USE:                      !!!
20260515 043834.210 INFO             PET0 !!!                   ESMF_LOGKIND_Multi_On_Error  !!!
20260515 043834.210 INFO             PET0 !!!!!!!!!!!!!!!!!!!!!!!!!!!!!!!!!!!!!!!!!!!!!!!!!!!!!!
20260515 043834.210 INFO             PET0 Running with ESMF Version   : v9.0.0b13
20260515 043834.210 INFO             PET0 ESMF library build date/time: "May 15 2026" "03:45:57"
20260515 043834.210 INFO             PET0 ESMF library build location : /tmp/cce_20.0.2_mpi_g_develop/esmf
20260515 043834.210 INFO             PET0 ESMF_COMM                   : mpi
20260515 043834.210 INFO             PET0 ESMF_MOAB                   : enabled
20260515 043834.210 INFO             PET0 ESMF_LAPACK                 : enabled
20260515 043834.210 INFO             PET0 ESMF_NETCDF                 : enabled
20260515 043834.210 INFO             PET0 ESMF_PNETCDF                : disabled
20260515 043834.210 INFO             PET0 ESMF_PIO                    : enabled
20260515 043834.210 INFO             PET0 ESMF_YAMLCPP                : enabled
20260515 043834.215 INFO             PET0 =============================================
20260515 043834.215 INFO             PET0 ESMX (Earth System Model eXecutable) STARTING
20260515 043834.215 INFO             PET0 =============================================
20260515 043834.223 DEBUG            PET0 Generic SetVM() is executing for: ESMX_Driver
20260515 043834.223 DEBUG            PET0 Generic SetVM() found no NUOPC Hint for: ESMX_Driver
20260515 043834.223 DEBUG            PET0 Generic SetVM() therefore is NOT calling ESMF_GridCompSetVMMaxPEs() for: ESMX_Driver
20260515 043834.229 INFO             PET0 ESMX_Driver: InitializeGeneric intro.
20260515 043834.229 INFO             PET0   >>>ESMX_Driver: entered Initialize (phase=<none>) without valid internal Clock.
20260515 043834.230 INFO             PET0   ESMX_Driver: InitializeP0 intro.
20260515 043834.230 INFO             PET0     >>>ESMX_Driver: entered Initialize (phase=<none>) without valid internal Clock.
20260515 043834.230 INFO             PET0     <<<ESMX_Driver: leaving Initialize (phase=<none>) without valid internal Clock.
20260515 043834.230 INFO             PET0   ESMX_Driver: InitializeP0 extro.
20260515 043834.230 INFO             PET0   ESMX_Driver: InitializeIPDv02p1 intro.
20260515 043834.230 INFO             PET0     >>>ESMX_Driver: entered Initialize (phase=<none>) without valid internal Clock.
20260515 043834.233 INFO             PET0     ESMX_Driver: IInitAdvertise intro.
20260515 043834.233 INFO             PET0       >>>ESMX_Driver: entered Initialize (phase=<none>) with current time: 2012 10 24  8  0  0   0
20260515 043834.233 INFO             PET0       <<<ESMX_Driver: leaving Initialize (phase=<none>) with current time: 2012 10 24  8  0  0   0
20260515 043834.233 INFO             PET0     ESMX_Driver: IInitAdvertise extro.
20260515 043834.233 INFO             PET0     ESMX_Driver: IInitAdvertiseFinish intro.
20260515 043834.233 INFO             PET0       >>>ESMX_Driver: entered Initialize (phase=<none>) with current time: 2012 10 24  8  0  0   0
20260515 043834.233 INFO             PET0       <<<ESMX_Driver: leaving Initialize (phase=<none>) with current time: 2012 10 24  8  0  0   0
20260515 043834.233 INFO             PET0     ESMX_Driver: IInitAdvertiseFinish extro.
20260515 043834.233 INFO             PET0     ESMX_Driver: IInitModifyCplLists intro.
20260515 043834.233 INFO             PET0       >>>ESMX_Driver: entered Initialize (phase=<none>) with current time: 2012 10 24  8  0  0   0
20260515 043834.234 INFO             PET0       <<<ESMX_Driver: leaving Initialize (phase=<none>) with current time: 2012 10 24  8  0  0   0
20260515 043834.234 INFO             PET0     ESMX_Driver: IInitModifyCplLists extro.
20260515 043834.234 INFO             PET0     <<<ESMX_Driver: leaving Initialize (phase=<none>) with current time: 2012 10 24  8  0  0   0
20260515 043834.234 INFO             PET0   ESMX_Driver: InitializeIPDv02p1 extro.
20260515 043834.234 INFO             PET0   ESMX_Driver: InitializeIPDv02p3 intro.
20260515 043834.234 INFO             PET0     >>>ESMX_Driver: entered Initialize (phase=<none>) with current time: 2012 10 24  8  0  0   0
20260515 043834.234 INFO             PET0     ESMX_Driver: IInitCheck intro.
20260515 043834.234 INFO             PET0       >>>ESMX_Driver: entered Initialize (phase=<none>) with current time: 2012 10 24  8  0  0   0
20260515 043834.234 INFO             PET0       <<<ESMX_Driver: leaving Initialize (phase=<none>) with current time: 2012 10 24  8  0  0   0
20260515 043834.234 INFO             PET0     ESMX_Driver: IInitCheck extro.
20260515 043834.234 INFO             PET0     ESMX_Driver: IInitRealize intro.
20260515 043834.234 INFO             PET0       >>>ESMX_Driver: entered Initialize (phase=<none>) with current time: 2012 10 24  8  0  0   0
20260515 043834.234 INFO             PET0       <<<ESMX_Driver: leaving Initialize (phase=<none>) with current time: 2012 10 24  8  0  0   0
20260515 043834.234 INFO             PET0     ESMX_Driver: IInitRealize extro.
20260515 043834.234 INFO             PET0     <<<ESMX_Driver: leaving Initialize (phase=<none>) with current time: 2012 10 24  8  0  0   0
20260515 043834.235 INFO             PET0   ESMX_Driver: InitializeIPDv02p3 extro.
20260515 043834.235 INFO             PET0   ESMX_Driver: InitializeIPDv02p5 intro.
20260515 043834.235 INFO             PET0     >>>ESMX_Driver: entered Initialize (phase=<none>) with current time: 2012 10 24  8  0  0   0
20260515 043834.235 INFO             PET0     ESMX_Driver: InitializeIPDv02p5Data intro.
20260515 043834.235 INFO             PET0       >>>ESMX_Driver: entered Initialize (phase=<none>) with current time: 2012 10 24  8  0  0   0
20260515 043834.235 INFO             PET0       ESMX_Driver: InternalInitializeComplete intro.
20260515 043834.235 INFO             PET0         >>>ESMX_Driver: entered Initialize (phase=<none>) with current time: 2012 10 24  8  0  0   0
20260515 043834.235 INFO             PET0         <<<ESMX_Driver: leaving Initialize (phase=<none>) with current time: 2012 10 24  8  0  0   0
20260515 043834.235 INFO             PET0       ESMX_Driver: InternalInitializeComplete extro.
20260515 043834.240 INFO             PET0       ESMX_Driver: loopDataDependentInitialize intro.
20260515 043834.240 INFO             PET0         >>>ESMX_Driver: entered Initialize (phase=<none>) with current time: 2012 10 24  8  0  0   0
20260515 043834.240 INFO             PET0         <<<ESMX_Driver: leaving Initialize (phase=<none>) with current time: 2012 10 24  8  0  0   0
20260515 043834.240 INFO             PET0       ESMX_Driver: loopDataDependentInitialize extro.
20260515 043834.240 INFO             PET0       <<<ESMX_Driver: leaving Initialize (phase=<none>) with current time: 2012 10 24  8  0  0   0
20260515 043834.240 INFO             PET0     ESMX_Driver: InitializeIPDv02p5Data extro.
20260515 043834.241 INFO             PET0     <<<ESMX_Driver: leaving Initialize (phase=<none>) with current time: 2012 10 24  8  0  0   0
20260515 043834.241 INFO             PET0   ESMX_Driver: InitializeIPDv02p5 extro.
20260515 043834.241 INFO             PET0   <<<ESMX_Driver: leaving Initialize (phase=<none>) with current time: 2012 10 24  8  0  0   0
20260515 043834.241 INFO             PET0 ESMX_Driver: InitializeGeneric extro.
20260515 043834.241 INFO             PET0 ESMX_Driver: Run intro.
20260515 043834.241 INFO             PET0   >>>ESMX_Driver: entered Run (phase=RunPhase1) with current time: 2012 10 24  8  0  0   0
20260515 043834.241 INFO             PET0   <<<ESMX_Driver: leaving Run (phase=RunPhase1) with current time: 2012 10 24  8  0  0   0
20260515 043834.241 INFO             PET0 ESMX_Driver: Run extro.
20260515 043834.241 INFO             PET0 ESMX_Driver: Finalize intro.
20260515 043834.241 INFO             PET0   >>>ESMX_Driver: entered Finalize (phase=FinalizePhase1) with current time: 2012 10 24  8  0  0   0
20260515 043834.241 INFO             PET0   <<<ESMX_Driver: leaving Finalize (phase=FinalizePhase1) with current time: 2012 10 24  8  0  0   0
20260515 043834.241 INFO             PET0 ESMX_Driver: Finalize extro.
20260515 043834.241 INFO             PET0 =============================================
20260515 043834.241 INFO             PET0 ESMX (Earth System Model eXecutable) FINISHED
20260515 043834.241 INFO             PET0 =============================================
20260515 043834.241 INFO             PET0  Finalizing ESMF
20260515 043834.210 INFO             PET1 !!!!!!!!!!!!!!!!!!!!!!!!!!!!!!!!!!!!!!!!!!!!!!!!!!!!!!
20260515 043834.210 INFO             PET1 !!! THE ESMF_LOG IS SET TO OUTPUT ALL LOG MESSAGES !!!
20260515 043834.210 INFO             PET1 !!!     THIS MAY CAUSE SLOWDOWN IN PERFORMANCE     !!!
20260515 043834.210 INFO             PET1 !!! FOR PRODUCTION RUNS, USE:                      !!!
20260515 043834.210 INFO             PET1 !!!                   ESMF_LOGKIND_Multi_On_Error  !!!
20260515 043834.210 INFO             PET1 !!!!!!!!!!!!!!!!!!!!!!!!!!!!!!!!!!!!!!!!!!!!!!!!!!!!!!
20260515 043834.210 INFO             PET1 Running with ESMF Version   : v9.0.0b13
20260515 043834.210 INFO             PET1 ESMF library build date/time: "May 15 2026" "03:45:57"
20260515 043834.210 INFO             PET1 ESMF library build location : /tmp/cce_20.0.2_mpi_g_develop/esmf
20260515 043834.210 INFO             PET1 ESMF_COMM                   : mpi
20260515 043834.210 INFO             PET1 ESMF_MOAB                   : enabled
20260515 043834.210 INFO             PET1 ESMF_LAPACK                 : enabled
20260515 043834.210 INFO             PET1 ESMF_NETCDF                 : enabled
20260515 043834.210 INFO             PET1 ESMF_PNETCDF                : disabled
20260515 043834.210 INFO             PET1 ESMF_PIO                    : enabled
20260515 043834.210 INFO             PET1 ESMF_YAMLCPP                : enabled
20260515 043834.216 INFO             PET1 =============================================
20260515 043834.216 INFO             PET1 ESMX (Earth System Model eXecutable) STARTING
20260515 043834.216 INFO             PET1 =============================================
20260515 043834.225 DEBUG            PET1 Generic SetVM() is executing for: ESMX_Driver
20260515 043834.225 DEBUG            PET1 Generic SetVM() found no NUOPC Hint for: ESMX_Driver
20260515 043834.225 DEBUG            PET1 Generic SetVM() therefore is NOT calling ESMF_GridCompSetVMMaxPEs() for: ESMX_Driver
20260515 043834.231 INFO             PET1 ESMX_Driver: InitializeGeneric intro.
20260515 043834.231 INFO             PET1   >>>ESMX_Driver: entered Initialize (phase=<none>) without valid internal Clock.
20260515 043834.231 INFO             PET1   ESMX_Driver: InitializeP0 intro.
20260515 043834.231 INFO             PET1     >>>ESMX_Driver: entered Initialize (phase=<none>) without valid internal Clock.
20260515 043834.231 INFO             PET1     <<<ESMX_Driver: leaving Initialize (phase=<none>) without valid internal Clock.
20260515 043834.231 INFO             PET1   ESMX_Driver: InitializeP0 extro.
20260515 043834.232 INFO             PET1   ESMX_Driver: InitializeIPDv02p1 intro.
20260515 043834.232 INFO             PET1     >>>ESMX_Driver: entered Initialize (phase=<none>) without valid internal Clock.
20260515 043834.236 INFO             PET1     ESMX_Driver: IInitAdvertise intro.
20260515 043834.236 INFO             PET1       >>>ESMX_Driver: entered Initialize (phase=<none>) with current time: 2012 10 24  8  0  0   0
20260515 043834.236 INFO             PET1       <<<ESMX_Driver: leaving Initialize (phase=<none>) with current time: 2012 10 24  8  0  0   0
20260515 043834.236 INFO             PET1     ESMX_Driver: IInitAdvertise extro.
20260515 043834.237 INFO             PET1     ESMX_Driver: IInitAdvertiseFinish intro.
20260515 043834.237 INFO             PET1       >>>ESMX_Driver: entered Initialize (phase=<none>) with current time: 2012 10 24  8  0  0   0
20260515 043834.237 INFO             PET1       <<<ESMX_Driver: leaving Initialize (phase=<none>) with current time: 2012 10 24  8  0  0   0
20260515 043834.237 INFO             PET1     ESMX_Driver: IInitAdvertiseFinish extro.
20260515 043834.237 INFO             PET1     ESMX_Driver: IInitModifyCplLists intro.
20260515 043834.237 INFO             PET1       >>>ESMX_Driver: entered Initialize (phase=<none>) with current time: 2012 10 24  8  0  0   0
20260515 043834.237 INFO             PET1       <<<ESMX_Driver: leaving Initialize (phase=<none>) with current time: 2012 10 24  8  0  0   0
20260515 043834.237 INFO             PET1     ESMX_Driver: IInitModifyCplLists extro.
20260515 043834.238 INFO             PET1     <<<ESMX_Driver: leaving Initialize (phase=<none>) with current time: 2012 10 24  8  0  0   0
20260515 043834.238 INFO             PET1   ESMX_Driver: InitializeIPDv02p1 extro.
20260515 043834.238 INFO             PET1   ESMX_Driver: InitializeIPDv02p3 intro.
20260515 043834.238 INFO             PET1     >>>ESMX_Driver: entered Initialize (phase=<none>) with current time: 2012 10 24  8  0  0   0
20260515 043834.238 INFO             PET1     ESMX_Driver: IInitCheck intro.
20260515 043834.238 INFO             PET1       >>>ESMX_Driver: entered Initialize (phase=<none>) with current time: 2012 10 24  8  0  0   0
20260515 043834.238 INFO             PET1       <<<ESMX_Driver: leaving Initialize (phase=<none>) with current time: 2012 10 24  8  0  0   0
20260515 043834.238 INFO             PET1     ESMX_Driver: IInitCheck extro.
20260515 043834.239 INFO             PET1     ESMX_Driver: IInitRealize intro.
20260515 043834.239 INFO             PET1       >>>ESMX_Driver: entered Initialize (phase=<none>) with current time: 2012 10 24  8  0  0   0
20260515 043834.239 INFO             PET1       <<<ESMX_Driver: leaving Initialize (phase=<none>) with current time: 2012 10 24  8  0  0   0
20260515 043834.239 INFO             PET1     ESMX_Driver: IInitRealize extro.
20260515 043834.239 INFO             PET1     <<<ESMX_Driver: leaving Initialize (phase=<none>) with current time: 2012 10 24  8  0  0   0
20260515 043834.239 INFO             PET1   ESMX_Driver: InitializeIPDv02p3 extro.
20260515 043834.239 INFO             PET1   ESMX_Driver: InitializeIPDv02p5 intro.
20260515 043834.239 INFO             PET1     >>>ESMX_Driver: entered Initialize (phase=<none>) with current time: 2012 10 24  8  0  0   0
20260515 043834.239 INFO             PET1     ESMX_Driver: InitializeIPDv02p5Data intro.
20260515 043834.239 INFO             PET1       >>>ESMX_Driver: entered Initialize (phase=<none>) with current time: 2012 10 24  8  0  0   0
20260515 043834.240 INFO             PET1       ESMX_Driver: InternalInitializeComplete intro.
20260515 043834.240 INFO             PET1         >>>ESMX_Driver: entered Initialize (phase=<none>) with current time: 2012 10 24  8  0  0   0
20260515 043834.240 INFO             PET1         <<<ESMX_Driver: leaving Initialize (phase=<none>) with current time: 2012 10 24  8  0  0   0
20260515 043834.240 INFO             PET1       ESMX_Driver: InternalInitializeComplete extro.
20260515 043834.240 INFO             PET1       ESMX_Driver: loopDataDependentInitialize intro.
20260515 043834.240 INFO             PET1         >>>ESMX_Driver: entered Initialize (phase=<none>) with current time: 2012 10 24  8  0  0   0
20260515 043834.240 INFO             PET1         <<<ESMX_Driver: leaving Initialize (phase=<none>) with current time: 2012 10 24  8  0  0   0
20260515 043834.240 INFO             PET1       ESMX_Driver: loopDataDependentInitialize extro.
20260515 043834.241 INFO             PET1       <<<ESMX_Driver: leaving Initialize (phase=<none>) with current time: 2012 10 24  8  0  0   0
20260515 043834.241 INFO             PET1     ESMX_Driver: InitializeIPDv02p5Data extro.
20260515 043834.241 INFO             PET1     <<<ESMX_Driver: leaving Initialize (phase=<none>) with current time: 2012 10 24  8  0  0   0
20260515 043834.241 INFO             PET1   ESMX_Driver: InitializeIPDv02p5 extro.
20260515 043834.241 INFO             PET1   <<<ESMX_Driver: leaving Initialize (phase=<none>) with current time: 2012 10 24  8  0  0   0
20260515 043834.241 INFO             PET1 ESMX_Driver: InitializeGeneric extro.
20260515 043834.241 INFO             PET1 ESMX_Driver: Run intro.
20260515 043834.241 INFO             PET1   >>>ESMX_Driver: entered Run (phase=RunPhase1) with current time: 2012 10 24  8  0  0   0
20260515 043834.241 INFO             PET1   <<<ESMX_Driver: leaving Run (phase=RunPhase1) with current time: 2012 10 24  8  0  0   0
20260515 043834.241 INFO             PET1 ESMX_Driver: Run extro.
20260515 043834.241 INFO             PET1 ESMX_Driver: Finalize intro.
20260515 043834.241 INFO             PET1   >>>ESMX_Driver: entered Finalize (phase=FinalizePhase1) with current time: 2012 10 24  8  0  0   0
20260515 043834.241 INFO             PET1   <<<ESMX_Driver: leaving Finalize (phase=FinalizePhase1) with current time: 2012 10 24  8  0  0   0
20260515 043834.241 INFO             PET1 ESMX_Driver: Finalize extro.
20260515 043834.242 INFO             PET1 =============================================
20260515 043834.242 INFO             PET1 ESMX (Earth System Model eXecutable) FINISHED
20260515 043834.242 INFO             PET1 =============================================
20260515 043834.242 INFO             PET1  Finalizing ESMF
20260515 043834.210 INFO             PET2 !!!!!!!!!!!!!!!!!!!!!!!!!!!!!!!!!!!!!!!!!!!!!!!!!!!!!!
20260515 043834.213 INFO             PET2 !!! THE ESMF_LOG IS SET TO OUTPUT ALL LOG MESSAGES !!!
20260515 043834.213 INFO             PET2 !!!     THIS MAY CAUSE SLOWDOWN IN PERFORMANCE     !!!
20260515 043834.213 INFO             PET2 !!! FOR PRODUCTION RUNS, USE:                      !!!
20260515 043834.213 INFO             PET2 !!!                   ESMF_LOGKIND_Multi_On_Error  !!!
20260515 043834.213 INFO             PET2 !!!!!!!!!!!!!!!!!!!!!!!!!!!!!!!!!!!!!!!!!!!!!!!!!!!!!!
20260515 043834.213 INFO             PET2 Running with ESMF Version   : v9.0.0b13
20260515 043834.213 INFO             PET2 ESMF library build date/time: "May 15 2026" "03:45:57"
20260515 043834.213 INFO             PET2 ESMF library build location : /tmp/cce_20.0.2_mpi_g_develop/esmf
20260515 043834.213 INFO             PET2 ESMF_COMM                   : mpi
20260515 043834.213 INFO             PET2 ESMF_MOAB                   : enabled
20260515 043834.213 INFO             PET2 ESMF_LAPACK                 : enabled
20260515 043834.213 INFO             PET2 ESMF_NETCDF                 : enabled
20260515 043834.213 INFO             PET2 ESMF_PNETCDF                : disabled
20260515 043834.213 INFO             PET2 ESMF_PIO                    : enabled
20260515 043834.213 INFO             PET2 ESMF_YAMLCPP                : enabled
20260515 043834.216 INFO             PET2 =============================================
20260515 043834.216 INFO             PET2 ESMX (Earth System Model eXecutable) STARTING
20260515 043834.216 INFO             PET2 =============================================
20260515 043834.225 DEBUG            PET2 Generic SetVM() is executing for: ESMX_Driver
20260515 043834.225 DEBUG            PET2 Generic SetVM() found no NUOPC Hint for: ESMX_Driver
20260515 043834.225 DEBUG            PET2 Generic SetVM() therefore is NOT calling ESMF_GridCompSetVMMaxPEs() for: ESMX_Driver
20260515 043834.231 INFO             PET2 ESMX_Driver: InitializeGeneric intro.
20260515 043834.231 INFO             PET2   >>>ESMX_Driver: entered Initialize (phase=<none>) without valid internal Clock.
20260515 043834.231 INFO             PET2   ESMX_Driver: InitializeP0 intro.
20260515 043834.231 INFO             PET2     >>>ESMX_Driver: entered Initialize (phase=<none>) without valid internal Clock.
20260515 043834.231 INFO             PET2     <<<ESMX_Driver: leaving Initialize (phase=<none>) without valid internal Clock.
20260515 043834.231 INFO             PET2   ESMX_Driver: InitializeP0 extro.
20260515 043834.232 INFO             PET2   ESMX_Driver: InitializeIPDv02p1 intro.
20260515 043834.232 INFO             PET2     >>>ESMX_Driver: entered Initialize (phase=<none>) without valid internal Clock.
20260515 043834.236 INFO             PET2     ESMX_Driver: IInitAdvertise intro.
20260515 043834.236 INFO             PET2       >>>ESMX_Driver: entered Initialize (phase=<none>) with current time: 2012 10 24  8  0  0   0
20260515 043834.236 INFO             PET2       <<<ESMX_Driver: leaving Initialize (phase=<none>) with current time: 2012 10 24  8  0  0   0
20260515 043834.236 INFO             PET2     ESMX_Driver: IInitAdvertise extro.
20260515 043834.236 INFO             PET2     ESMX_Driver: IInitAdvertiseFinish intro.
20260515 043834.236 INFO             PET2       >>>ESMX_Driver: entered Initialize (phase=<none>) with current time: 2012 10 24  8  0  0   0
20260515 043834.236 INFO             PET2       <<<ESMX_Driver: leaving Initialize (phase=<none>) with current time: 2012 10 24  8  0  0   0
20260515 043834.236 INFO             PET2     ESMX_Driver: IInitAdvertiseFinish extro.
20260515 043834.237 INFO             PET2     ESMX_Driver: IInitModifyCplLists intro.
20260515 043834.237 INFO             PET2       >>>ESMX_Driver: entered Initialize (phase=<none>) with current time: 2012 10 24  8  0  0   0
20260515 043834.237 INFO             PET2       <<<ESMX_Driver: leaving Initialize (phase=<none>) with current time: 2012 10 24  8  0  0   0
20260515 043834.237 INFO             PET2     ESMX_Driver: IInitModifyCplLists extro.
20260515 043834.237 INFO             PET2     <<<ESMX_Driver: leaving Initialize (phase=<none>) with current time: 2012 10 24  8  0  0   0
20260515 043834.237 INFO             PET2   ESMX_Driver: InitializeIPDv02p1 extro.
20260515 043834.237 INFO             PET2   ESMX_Driver: InitializeIPDv02p3 intro.
20260515 043834.237 INFO             PET2     >>>ESMX_Driver: entered Initialize (phase=<none>) with current time: 2012 10 24  8  0  0   0
20260515 043834.238 INFO             PET2     ESMX_Driver: IInitCheck intro.
20260515 043834.238 INFO             PET2       >>>ESMX_Driver: entered Initialize (phase=<none>) with current time: 2012 10 24  8  0  0   0
20260515 043834.238 INFO             PET2       <<<ESMX_Driver: leaving Initialize (phase=<none>) with current time: 2012 10 24  8  0  0   0
20260515 043834.238 INFO             PET2     ESMX_Driver: IInitCheck extro.
20260515 043834.238 INFO             PET2     ESMX_Driver: IInitRealize intro.
20260515 043834.238 INFO             PET2       >>>ESMX_Driver: entered Initialize (phase=<none>) with current time: 2012 10 24  8  0  0   0
20260515 043834.238 INFO             PET2       <<<ESMX_Driver: leaving Initialize (phase=<none>) with current time: 2012 10 24  8  0  0   0
20260515 043834.238 INFO             PET2     ESMX_Driver: IInitRealize extro.
20260515 043834.238 INFO             PET2     <<<ESMX_Driver: leaving Initialize (phase=<none>) with current time: 2012 10 24  8  0  0   0
20260515 043834.238 INFO             PET2   ESMX_Driver: InitializeIPDv02p3 extro.
20260515 043834.239 INFO             PET2   ESMX_Driver: InitializeIPDv02p5 intro.
20260515 043834.239 INFO             PET2     >>>ESMX_Driver: entered Initialize (phase=<none>) with current time: 2012 10 24  8  0  0   0
20260515 043834.239 INFO             PET2     ESMX_Driver: InitializeIPDv02p5Data intro.
20260515 043834.239 INFO             PET2       >>>ESMX_Driver: entered Initialize (phase=<none>) with current time: 2012 10 24  8  0  0   0
20260515 043834.239 INFO             PET2       ESMX_Driver: InternalInitializeComplete intro.
20260515 043834.239 INFO             PET2         >>>ESMX_Driver: entered Initialize (phase=<none>) with current time: 2012 10 24  8  0  0   0
20260515 043834.239 INFO             PET2         <<<ESMX_Driver: leaving Initialize (phase=<none>) with current time: 2012 10 24  8  0  0   0
20260515 043834.239 INFO             PET2       ESMX_Driver: InternalInitializeComplete extro.
20260515 043834.240 INFO             PET2       ESMX_Driver: loopDataDependentInitialize intro.
20260515 043834.240 INFO             PET2         >>>ESMX_Driver: entered Initialize (phase=<none>) with current time: 2012 10 24  8  0  0   0
20260515 043834.240 INFO             PET2         <<<ESMX_Driver: leaving Initialize (phase=<none>) with current time: 2012 10 24  8  0  0   0
20260515 043834.240 INFO             PET2       ESMX_Driver: loopDataDependentInitialize extro.
20260515 043834.241 INFO             PET2       <<<ESMX_Driver: leaving Initialize (phase=<none>) with current time: 2012 10 24  8  0  0   0
20260515 043834.241 INFO             PET2     ESMX_Driver: InitializeIPDv02p5Data extro.
20260515 043834.241 INFO             PET2     <<<ESMX_Driver: leaving Initialize (phase=<none>) with current time: 2012 10 24  8  0  0   0
20260515 043834.241 INFO             PET2   ESMX_Driver: InitializeIPDv02p5 extro.
20260515 043834.241 INFO             PET2   <<<ESMX_Driver: leaving Initialize (phase=<none>) with current time: 2012 10 24  8  0  0   0
20260515 043834.241 INFO             PET2 ESMX_Driver: InitializeGeneric extro.
20260515 043834.241 INFO             PET2 ESMX_Driver: Run intro.
20260515 043834.241 INFO             PET2   >>>ESMX_Driver: entered Run (phase=RunPhase1) with current time: 2012 10 24  8  0  0   0
20260515 043834.241 INFO             PET2   <<<ESMX_Driver: leaving Run (phase=RunPhase1) with current time: 2012 10 24  8  0  0   0
20260515 043834.241 INFO             PET2 ESMX_Driver: Run extro.
20260515 043834.241 INFO             PET2 ESMX_Driver: Finalize intro.
20260515 043834.241 INFO             PET2   >>>ESMX_Driver: entered Finalize (phase=FinalizePhase1) with current time: 2012 10 24  8  0  0   0
20260515 043834.241 INFO             PET2   <<<ESMX_Driver: leaving Finalize (phase=FinalizePhase1) with current time: 2012 10 24  8  0  0   0
20260515 043834.241 INFO             PET2 ESMX_Driver: Finalize extro.
20260515 043834.242 INFO             PET2 =============================================
20260515 043834.242 INFO             PET2 ESMX (Earth System Model eXecutable) FINISHED
20260515 043834.242 INFO             PET2 =============================================
20260515 043834.242 INFO             PET2  Finalizing ESMF
20260515 043834.210 INFO             PET3 !!!!!!!!!!!!!!!!!!!!!!!!!!!!!!!!!!!!!!!!!!!!!!!!!!!!!!
20260515 043834.210 INFO             PET3 !!! THE ESMF_LOG IS SET TO OUTPUT ALL LOG MESSAGES !!!
20260515 043834.210 INFO             PET3 !!!     THIS MAY CAUSE SLOWDOWN IN PERFORMANCE     !!!
20260515 043834.210 INFO             PET3 !!! FOR PRODUCTION RUNS, USE:                      !!!
20260515 043834.210 INFO             PET3 !!!                   ESMF_LOGKIND_Multi_On_Error  !!!
20260515 043834.210 INFO             PET3 !!!!!!!!!!!!!!!!!!!!!!!!!!!!!!!!!!!!!!!!!!!!!!!!!!!!!!
20260515 043834.210 INFO             PET3 Running with ESMF Version   : v9.0.0b13
20260515 043834.210 INFO             PET3 ESMF library build date/time: "May 15 2026" "03:45:57"
20260515 043834.210 INFO             PET3 ESMF library build location : /tmp/cce_20.0.2_mpi_g_develop/esmf
20260515 043834.210 INFO             PET3 ESMF_COMM                   : mpi
20260515 043834.210 INFO             PET3 ESMF_MOAB                   : enabled
20260515 043834.210 INFO             PET3 ESMF_LAPACK                 : enabled
20260515 043834.210 INFO             PET3 ESMF_NETCDF                 : enabled
20260515 043834.210 INFO             PET3 ESMF_PNETCDF                : disabled
20260515 043834.210 INFO             PET3 ESMF_PIO                    : enabled
20260515 043834.210 INFO             PET3 ESMF_YAMLCPP                : enabled
20260515 043834.215 INFO             PET3 =============================================
20260515 043834.215 INFO             PET3 ESMX (Earth System Model eXecutable) STARTING
20260515 043834.215 INFO             PET3 =============================================
20260515 043834.223 DEBUG            PET3 Generic SetVM() is executing for: ESMX_Driver
20260515 043834.224 DEBUG            PET3 Generic SetVM() found no NUOPC Hint for: ESMX_Driver
20260515 043834.224 DEBUG            PET3 Generic SetVM() therefore is NOT calling ESMF_GridCompSetVMMaxPEs() for: ESMX_Driver
20260515 043834.229 INFO             PET3 ESMX_Driver: InitializeGeneric intro.
20260515 043834.229 INFO             PET3   >>>ESMX_Driver: entered Initialize (phase=<none>) without valid internal Clock.
20260515 043834.229 INFO             PET3   ESMX_Driver: InitializeP0 intro.
20260515 043834.230 INFO             PET3     >>>ESMX_Driver: entered Initialize (phase=<none>) without valid internal Clock.
20260515 043834.230 INFO             PET3     <<<ESMX_Driver: leaving Initialize (phase=<none>) without valid internal Clock.
20260515 043834.230 INFO             PET3   ESMX_Driver: InitializeP0 extro.
20260515 043834.230 INFO             PET3   ESMX_Driver: InitializeIPDv02p1 intro.
20260515 043834.230 INFO             PET3     >>>ESMX_Driver: entered Initialize (phase=<none>) without valid internal Clock.
20260515 043834.233 INFO             PET3     ESMX_Driver: IInitAdvertise intro.
20260515 043834.233 INFO             PET3       >>>ESMX_Driver: entered Initialize (phase=<none>) with current time: 2012 10 24  8  0  0   0
20260515 043834.233 INFO             PET3       <<<ESMX_Driver: leaving Initialize (phase=<none>) with current time: 2012 10 24  8  0  0   0
20260515 043834.233 INFO             PET3     ESMX_Driver: IInitAdvertise extro.
20260515 043834.233 INFO             PET3     ESMX_Driver: IInitAdvertiseFinish intro.
20260515 043834.233 INFO             PET3       >>>ESMX_Driver: entered Initialize (phase=<none>) with current time: 2012 10 24  8  0  0   0
20260515 043834.233 INFO             PET3       <<<ESMX_Driver: leaving Initialize (phase=<none>) with current time: 2012 10 24  8  0  0   0
20260515 043834.233 INFO             PET3     ESMX_Driver: IInitAdvertiseFinish extro.
20260515 043834.233 INFO             PET3     ESMX_Driver: IInitModifyCplLists intro.
20260515 043834.234 INFO             PET3       >>>ESMX_Driver: entered Initialize (phase=<none>) with current time: 2012 10 24  8  0  0   0
20260515 043834.234 INFO             PET3       <<<ESMX_Driver: leaving Initialize (phase=<none>) with current time: 2012 10 24  8  0  0   0
20260515 043834.234 INFO             PET3     ESMX_Driver: IInitModifyCplLists extro.
20260515 043834.234 INFO             PET3     <<<ESMX_Driver: leaving Initialize (phase=<none>) with current time: 2012 10 24  8  0  0   0
20260515 043834.234 INFO             PET3   ESMX_Driver: InitializeIPDv02p1 extro.
20260515 043834.234 INFO             PET3   ESMX_Driver: InitializeIPDv02p3 intro.
20260515 043834.234 INFO             PET3     >>>ESMX_Driver: entered Initialize (phase=<none>) with current time: 2012 10 24  8  0  0   0
20260515 043834.234 INFO             PET3     ESMX_Driver: IInitCheck intro.
20260515 043834.234 INFO             PET3       >>>ESMX_Driver: entered Initialize (phase=<none>) with current time: 2012 10 24  8  0  0   0
20260515 043834.234 INFO             PET3       <<<ESMX_Driver: leaving Initialize (phase=<none>) with current time: 2012 10 24  8  0  0   0
20260515 043834.234 INFO             PET3     ESMX_Driver: IInitCheck extro.
20260515 043834.234 INFO             PET3     ESMX_Driver: IInitRealize intro.
20260515 043834.234 INFO             PET3       >>>ESMX_Driver: entered Initialize (phase=<none>) with current time: 2012 10 24  8  0  0   0
20260515 043834.235 INFO             PET3       <<<ESMX_Driver: leaving Initialize (phase=<none>) with current time: 2012 10 24  8  0  0   0
20260515 043834.235 INFO             PET3     ESMX_Driver: IInitRealize extro.
20260515 043834.235 INFO             PET3     <<<ESMX_Driver: leaving Initialize (phase=<none>) with current time: 2012 10 24  8  0  0   0
20260515 043834.235 INFO             PET3   ESMX_Driver: InitializeIPDv02p3 extro.
20260515 043834.235 INFO             PET3   ESMX_Driver: InitializeIPDv02p5 intro.
20260515 043834.235 INFO             PET3     >>>ESMX_Driver: entered Initialize (phase=<none>) with current time: 2012 10 24  8  0  0   0
20260515 043834.235 INFO             PET3     ESMX_Driver: InitializeIPDv02p5Data intro.
20260515 043834.235 INFO             PET3       >>>ESMX_Driver: entered Initialize (phase=<none>) with current time: 2012 10 24  8  0  0   0
20260515 043834.235 INFO             PET3       ESMX_Driver: InternalInitializeComplete intro.
20260515 043834.235 INFO             PET3         >>>ESMX_Driver: entered Initialize (phase=<none>) with current time: 2012 10 24  8  0  0   0
20260515 043834.235 INFO             PET3         <<<ESMX_Driver: leaving Initialize (phase=<none>) with current time: 2012 10 24  8  0  0   0
20260515 043834.235 INFO             PET3       ESMX_Driver: InternalInitializeComplete extro.
20260515 043834.240 INFO             PET3       ESMX_Driver: loopDataDependentInitialize intro.
20260515 043834.240 INFO             PET3         >>>ESMX_Driver: entered Initialize (phase=<none>) with current time: 2012 10 24  8  0  0   0
20260515 043834.240 INFO             PET3         <<<ESMX_Driver: leaving Initialize (phase=<none>) with current time: 2012 10 24  8  0  0   0
20260515 043834.240 INFO             PET3       ESMX_Driver: loopDataDependentInitialize extro.
20260515 043834.240 INFO             PET3       <<<ESMX_Driver: leaving Initialize (phase=<none>) with current time: 2012 10 24  8  0  0   0
20260515 043834.240 INFO             PET3     ESMX_Driver: InitializeIPDv02p5Data extro.
20260515 043834.241 INFO             PET3     <<<ESMX_Driver: leaving Initialize (phase=<none>) with current time: 2012 10 24  8  0  0   0
20260515 043834.241 INFO             PET3   ESMX_Driver: InitializeIPDv02p5 extro.
20260515 043834.241 INFO             PET3   <<<ESMX_Driver: leaving Initialize (phase=<none>) with current time: 2012 10 24  8  0  0   0
20260515 043834.241 INFO             PET3 ESMX_Driver: InitializeGeneric extro.
20260515 043834.241 INFO             PET3 ESMX_Driver: Run intro.
20260515 043834.241 INFO             PET3   >>>ESMX_Driver: entered Run (phase=RunPhase1) with current time: 2012 10 24  8  0  0   0
20260515 043834.241 INFO             PET3   <<<ESMX_Driver: leaving Run (phase=RunPhase1) with current time: 2012 10 24  8  0  0   0
20260515 043834.241 INFO             PET3 ESMX_Driver: Run extro.
20260515 043834.241 INFO             PET3 ESMX_Driver: Finalize intro.
20260515 043834.241 INFO             PET3   >>>ESMX_Driver: entered Finalize (phase=FinalizePhase1) with current time: 2012 10 24  8  0  0   0
20260515 043834.241 INFO             PET3   <<<ESMX_Driver: leaving Finalize (phase=FinalizePhase1) with current time: 2012 10 24  8  0  0   0
20260515 043834.241 INFO             PET3 ESMX_Driver: Finalize extro.
20260515 043834.241 INFO             PET3 =============================================
20260515 043834.241 INFO             PET3 ESMX (Earth System Model eXecutable) FINISHED
20260515 043834.241 INFO             PET3 =============================================
20260515 043834.241 INFO             PET3  Finalizing ESMF
