2026-06-24 03:11:18
20260624 042410.245 INFO             PET0 !!!!!!!!!!!!!!!!!!!!!!!!!!!!!!!!!!!!!!!!!!!!!!!!!!!!!!
20260624 042410.245 INFO             PET0 !!! THE ESMF_LOG IS SET TO OUTPUT ALL LOG MESSAGES !!!
20260624 042410.245 INFO             PET0 !!!     THIS MAY CAUSE SLOWDOWN IN PERFORMANCE     !!!
20260624 042410.245 INFO             PET0 !!! FOR PRODUCTION RUNS, USE:                      !!!
20260624 042410.245 INFO             PET0 !!!                   ESMF_LOGKIND_Multi_On_Error  !!!
20260624 042410.245 INFO             PET0 !!!!!!!!!!!!!!!!!!!!!!!!!!!!!!!!!!!!!!!!!!!!!!!!!!!!!!
20260624 042410.245 INFO             PET0 Running with ESMF Version   : develop+g380c18cfa6
20260624 042410.245 INFO             PET0 ESMF library build date/time: "Jun 24 2026" "03:07:50"
20260624 042410.245 INFO             PET0 ESMF library build location : /glade/derecho/scratch/sacks/esmf-testing/nvhpc_26.1_mpi_O_develop/esmf
20260624 042410.245 INFO             PET0 ESMF_COMM                   : mpi
20260624 042410.245 INFO             PET0 ESMF_MOAB                   : enabled
20260624 042410.245 INFO             PET0 ESMF_LAPACK                 : enabled
20260624 042410.245 INFO             PET0 ESMF_NETCDF                 : enabled
20260624 042410.245 INFO             PET0 ESMF_PNETCDF                : disabled
20260624 042410.245 INFO             PET0 ESMF_PIO                    : enabled
20260624 042410.245 INFO             PET0 ESMF_YAMLCPP                : enabled
20260624 042410.246 INFO             PET0 =============================================
20260624 042410.246 INFO             PET0 ESMX (Earth System Model eXecutable) STARTING
20260624 042410.246 INFO             PET0 =============================================
20260624 042410.248 DEBUG            PET0 Generic SetVM() is executing for: ESMX_Driver
20260624 042410.248 DEBUG            PET0 Generic SetVM() found no NUOPC Hint for: ESMX_Driver
20260624 042410.248 DEBUG            PET0 Generic SetVM() therefore is NOT calling ESMF_GridCompSetVMMaxPEs() for: ESMX_Driver
20260624 042410.249 INFO             PET0 ESMX_Driver: InitializeGeneric intro.
20260624 042410.250 INFO             PET0   >>>ESMX_Driver: entered Initialize (phase=<none>) without valid internal Clock.
20260624 042410.250 INFO             PET0   ESMX_Driver: InitializeP0 intro.
20260624 042410.250 INFO             PET0     >>>ESMX_Driver: entered Initialize (phase=<none>) without valid internal Clock.
20260624 042410.250 INFO             PET0     <<<ESMX_Driver: leaving Initialize (phase=<none>) without valid internal Clock.
20260624 042410.250 INFO             PET0   ESMX_Driver: InitializeP0 extro.
20260624 042410.250 INFO             PET0   ESMX_Driver: InitializeIPDv02p1 intro.
20260624 042410.250 INFO             PET0     >>>ESMX_Driver: entered Initialize (phase=<none>) without valid internal Clock.
20260624 042410.251 INFO             PET0     ESMX_Driver - Creating model component MDL without petList.
20260624 042410.251 DEBUG            PET0     Generic SetVM() is executing for: MDL
20260624 042410.251 DEBUG            PET0     Generic SetVM() found no NUOPC Hint for: MDL
20260624 042410.251 DEBUG            PET0     Generic SetVM() therefore is NOT calling ESMF_GridCompSetVMMaxPEs() for: MDL
20260624 042410.254 INFO             PET0     ESMX_Driver: IInitAdvertise intro.
20260624 042410.254 INFO             PET0       >>>ESMX_Driver: entered Initialize (phase=<none>) with current time: 2012 10 24 18  0  0   0
20260624 042410.254 INFO             PET0       <<<ESMX_Driver: leaving Initialize (phase=<none>) with current time: 2012 10 24 18  0  0   0
20260624 042410.254 INFO             PET0     ESMX_Driver: IInitAdvertise extro.
20260624 042410.254 INFO             PET0     Message from inside C component Advertise() method
20260624 042410.254 INFO             PET0     ESMX_Driver: IInitAdvertiseFinish intro.
20260624 042410.254 INFO             PET0       >>>ESMX_Driver: entered Initialize (phase=<none>) with current time: 2012 10 24 18  0  0   0
20260624 042410.254 INFO             PET0       <<<ESMX_Driver: leaving Initialize (phase=<none>) with current time: 2012 10 24 18  0  0   0
20260624 042410.254 INFO             PET0     ESMX_Driver: IInitAdvertiseFinish extro.
20260624 042410.254 INFO             PET0     ESMX_Driver: IInitModifyCplLists intro.
20260624 042410.254 INFO             PET0       >>>ESMX_Driver: entered Initialize (phase=<none>) with current time: 2012 10 24 18  0  0   0
20260624 042410.254 INFO             PET0       <<<ESMX_Driver: leaving Initialize (phase=<none>) with current time: 2012 10 24 18  0  0   0
20260624 042410.254 INFO             PET0     ESMX_Driver: IInitModifyCplLists extro.
20260624 042410.254 INFO             PET0     <<<ESMX_Driver: leaving Initialize (phase=<none>) with current time: 2012 10 24 18  0  0   0
20260624 042410.254 INFO             PET0   ESMX_Driver: InitializeIPDv02p1 extro.
20260624 042410.254 INFO             PET0   ESMX_Driver: InitializeIPDv02p3 intro.
20260624 042410.254 INFO             PET0     >>>ESMX_Driver: entered Initialize (phase=<none>) with current time: 2012 10 24 18  0  0   0
20260624 042410.255 INFO             PET0     ESMX_Driver: IInitCheck intro.
20260624 042410.255 INFO             PET0       >>>ESMX_Driver: entered Initialize (phase=<none>) with current time: 2012 10 24 18  0  0   0
20260624 042410.255 INFO             PET0       <<<ESMX_Driver: leaving Initialize (phase=<none>) with current time: 2012 10 24 18  0  0   0
20260624 042410.255 INFO             PET0     ESMX_Driver: IInitCheck extro.
20260624 042410.255 INFO             PET0     ESMX_Driver: IInitRealize intro.
20260624 042410.255 INFO             PET0       >>>ESMX_Driver: entered Initialize (phase=<none>) with current time: 2012 10 24 18  0  0   0
20260624 042410.255 INFO             PET0       <<<ESMX_Driver: leaving Initialize (phase=<none>) with current time: 2012 10 24 18  0  0   0
20260624 042410.255 INFO             PET0     ESMX_Driver: IInitRealize extro.
20260624 042410.255 INFO             PET0     <<<ESMX_Driver: leaving Initialize (phase=<none>) with current time: 2012 10 24 18  0  0   0
20260624 042410.255 INFO             PET0   ESMX_Driver: InitializeIPDv02p3 extro.
20260624 042410.255 INFO             PET0   ESMX_Driver: InitializeIPDv02p5 intro.
20260624 042410.255 INFO             PET0     >>>ESMX_Driver: entered Initialize (phase=<none>) with current time: 2012 10 24 18  0  0   0
20260624 042410.255 INFO             PET0     ESMX_Driver: InitializeIPDv02p5Data intro.
20260624 042410.255 INFO             PET0       >>>ESMX_Driver: entered Initialize (phase=<none>) with current time: 2012 10 24 18  0  0   0
20260624 042410.255 INFO             PET0       ESMX_Driver: InternalInitializeComplete intro.
20260624 042410.255 INFO             PET0         >>>ESMX_Driver: entered Initialize (phase=<none>) with current time: 2012 10 24 18  0  0   0
20260624 042410.255 INFO             PET0         <<<ESMX_Driver: leaving Initialize (phase=<none>) with current time: 2012 10 24 18  0  0   0
20260624 042410.255 INFO             PET0       ESMX_Driver: InternalInitializeComplete extro.
20260624 042410.255 INFO             PET0       ESMX_Driver: loopDataDependentInitialize intro.
20260624 042410.256 INFO             PET0         >>>ESMX_Driver: entered Initialize (phase=<none>) with current time: 2012 10 24 18  0  0   0
20260624 042410.256 INFO             PET0         <<<ESMX_Driver: leaving Initialize (phase=<none>) with current time: 2012 10 24 18  0  0   0
20260624 042410.256 INFO             PET0       ESMX_Driver: loopDataDependentInitialize extro.
20260624 042410.256 INFO             PET0       <<<ESMX_Driver: leaving Initialize (phase=<none>) with current time: 2012 10 24 18  0  0   0
20260624 042410.256 INFO             PET0     ESMX_Driver: InitializeIPDv02p5Data extro.
20260624 042410.256 INFO             PET0     <<<ESMX_Driver: leaving Initialize (phase=<none>) with current time: 2012 10 24 18  0  0   0
20260624 042410.256 INFO             PET0   ESMX_Driver: InitializeIPDv02p5 extro.
20260624 042410.256 INFO             PET0   <<<ESMX_Driver: leaving Initialize (phase=<none>) with current time: 2012 10 24 18  0  0   0
20260624 042410.256 INFO             PET0 ESMX_Driver: InitializeGeneric extro.
20260624 042410.256 INFO             PET0 ESMX_Driver: Run intro.
20260624 042410.256 INFO             PET0   >>>ESMX_Driver: entered Run (phase=RunPhase1) with current time: 2012 10 24 18  0  0   0
20260624 042410.256 INFO             PET0   Message from inside C component Advance() method
20260624 042410.256 INFO             PET0   <<<ESMX_Driver: leaving Run (phase=RunPhase1) with current time: 2012 10 24 19  0  0   0
20260624 042410.256 INFO             PET0 ESMX_Driver: Run extro.
20260624 042410.256 INFO             PET0 ESMX_Driver: Finalize intro.
20260624 042410.256 INFO             PET0   >>>ESMX_Driver: entered Finalize (phase=FinalizePhase1) with current time: 2012 10 24 19  0  0   0
20260624 042410.256 INFO             PET0   Calling Finalize phase 1 for modelComp: MDL
20260624 042410.256 INFO             PET0   Delete modelComp: MDL
20260624 042410.256 INFO             PET0   <<<ESMX_Driver: leaving Finalize (phase=FinalizePhase1) with current time: 2012 10 24 19  0  0   0
20260624 042410.256 INFO             PET0 ESMX_Driver: Finalize extro.
20260624 042410.256 INFO             PET0 =============================================
20260624 042410.256 INFO             PET0 ESMX (Earth System Model eXecutable) FINISHED
20260624 042410.256 INFO             PET0 =============================================
20260624 042410.256 INFO             PET0  Finalizing ESMF
20260624 042410.245 INFO             PET1 !!!!!!!!!!!!!!!!!!!!!!!!!!!!!!!!!!!!!!!!!!!!!!!!!!!!!!
20260624 042410.245 INFO             PET1 !!! THE ESMF_LOG IS SET TO OUTPUT ALL LOG MESSAGES !!!
20260624 042410.245 INFO             PET1 !!!     THIS MAY CAUSE SLOWDOWN IN PERFORMANCE     !!!
20260624 042410.245 INFO             PET1 !!! FOR PRODUCTION RUNS, USE:                      !!!
20260624 042410.245 INFO             PET1 !!!                   ESMF_LOGKIND_Multi_On_Error  !!!
20260624 042410.245 INFO             PET1 !!!!!!!!!!!!!!!!!!!!!!!!!!!!!!!!!!!!!!!!!!!!!!!!!!!!!!
20260624 042410.245 INFO             PET1 Running with ESMF Version   : develop+g380c18cfa6
20260624 042410.245 INFO             PET1 ESMF library build date/time: "Jun 24 2026" "03:07:50"
20260624 042410.245 INFO             PET1 ESMF library build location : /glade/derecho/scratch/sacks/esmf-testing/nvhpc_26.1_mpi_O_develop/esmf
20260624 042410.245 INFO             PET1 ESMF_COMM                   : mpi
20260624 042410.245 INFO             PET1 ESMF_MOAB                   : enabled
20260624 042410.245 INFO             PET1 ESMF_LAPACK                 : enabled
20260624 042410.245 INFO             PET1 ESMF_NETCDF                 : enabled
20260624 042410.245 INFO             PET1 ESMF_PNETCDF                : disabled
20260624 042410.245 INFO             PET1 ESMF_PIO                    : enabled
20260624 042410.245 INFO             PET1 ESMF_YAMLCPP                : enabled
20260624 042410.246 INFO             PET1 =============================================
20260624 042410.246 INFO             PET1 ESMX (Earth System Model eXecutable) STARTING
20260624 042410.246 INFO             PET1 =============================================
20260624 042410.248 DEBUG            PET1 Generic SetVM() is executing for: ESMX_Driver
20260624 042410.248 DEBUG            PET1 Generic SetVM() found no NUOPC Hint for: ESMX_Driver
20260624 042410.248 DEBUG            PET1 Generic SetVM() therefore is NOT calling ESMF_GridCompSetVMMaxPEs() for: ESMX_Driver
20260624 042410.249 INFO             PET1 ESMX_Driver: InitializeGeneric intro.
20260624 042410.250 INFO             PET1   >>>ESMX_Driver: entered Initialize (phase=<none>) without valid internal Clock.
20260624 042410.250 INFO             PET1   ESMX_Driver: InitializeP0 intro.
20260624 042410.250 INFO             PET1     >>>ESMX_Driver: entered Initialize (phase=<none>) without valid internal Clock.
20260624 042410.250 INFO             PET1     <<<ESMX_Driver: leaving Initialize (phase=<none>) without valid internal Clock.
20260624 042410.250 INFO             PET1   ESMX_Driver: InitializeP0 extro.
20260624 042410.250 INFO             PET1   ESMX_Driver: InitializeIPDv02p1 intro.
20260624 042410.250 INFO             PET1     >>>ESMX_Driver: entered Initialize (phase=<none>) without valid internal Clock.
20260624 042410.251 INFO             PET1     ESMX_Driver - Creating model component MDL without petList.
20260624 042410.251 DEBUG            PET1     Generic SetVM() is executing for: MDL
20260624 042410.251 DEBUG            PET1     Generic SetVM() found no NUOPC Hint for: MDL
20260624 042410.251 DEBUG            PET1     Generic SetVM() therefore is NOT calling ESMF_GridCompSetVMMaxPEs() for: MDL
20260624 042410.254 INFO             PET1     ESMX_Driver: IInitAdvertise intro.
20260624 042410.254 INFO             PET1       >>>ESMX_Driver: entered Initialize (phase=<none>) with current time: 2012 10 24 18  0  0   0
20260624 042410.254 INFO             PET1       <<<ESMX_Driver: leaving Initialize (phase=<none>) with current time: 2012 10 24 18  0  0   0
20260624 042410.254 INFO             PET1     ESMX_Driver: IInitAdvertise extro.
20260624 042410.254 INFO             PET1     Message from inside C component Advertise() method
20260624 042410.254 INFO             PET1     ESMX_Driver: IInitAdvertiseFinish intro.
20260624 042410.254 INFO             PET1       >>>ESMX_Driver: entered Initialize (phase=<none>) with current time: 2012 10 24 18  0  0   0
20260624 042410.254 INFO             PET1       <<<ESMX_Driver: leaving Initialize (phase=<none>) with current time: 2012 10 24 18  0  0   0
20260624 042410.254 INFO             PET1     ESMX_Driver: IInitAdvertiseFinish extro.
20260624 042410.254 INFO             PET1     ESMX_Driver: IInitModifyCplLists intro.
20260624 042410.254 INFO             PET1       >>>ESMX_Driver: entered Initialize (phase=<none>) with current time: 2012 10 24 18  0  0   0
20260624 042410.254 INFO             PET1       <<<ESMX_Driver: leaving Initialize (phase=<none>) with current time: 2012 10 24 18  0  0   0
20260624 042410.254 INFO             PET1     ESMX_Driver: IInitModifyCplLists extro.
20260624 042410.254 INFO             PET1     <<<ESMX_Driver: leaving Initialize (phase=<none>) with current time: 2012 10 24 18  0  0   0
20260624 042410.254 INFO             PET1   ESMX_Driver: InitializeIPDv02p1 extro.
20260624 042410.254 INFO             PET1   ESMX_Driver: InitializeIPDv02p3 intro.
20260624 042410.255 INFO             PET1     >>>ESMX_Driver: entered Initialize (phase=<none>) with current time: 2012 10 24 18  0  0   0
20260624 042410.255 INFO             PET1     ESMX_Driver: IInitCheck intro.
20260624 042410.255 INFO             PET1       >>>ESMX_Driver: entered Initialize (phase=<none>) with current time: 2012 10 24 18  0  0   0
20260624 042410.255 INFO             PET1       <<<ESMX_Driver: leaving Initialize (phase=<none>) with current time: 2012 10 24 18  0  0   0
20260624 042410.255 INFO             PET1     ESMX_Driver: IInitCheck extro.
20260624 042410.255 INFO             PET1     ESMX_Driver: IInitRealize intro.
20260624 042410.255 INFO             PET1       >>>ESMX_Driver: entered Initialize (phase=<none>) with current time: 2012 10 24 18  0  0   0
20260624 042410.255 INFO             PET1       <<<ESMX_Driver: leaving Initialize (phase=<none>) with current time: 2012 10 24 18  0  0   0
20260624 042410.255 INFO             PET1     ESMX_Driver: IInitRealize extro.
20260624 042410.255 INFO             PET1     <<<ESMX_Driver: leaving Initialize (phase=<none>) with current time: 2012 10 24 18  0  0   0
20260624 042410.255 INFO             PET1   ESMX_Driver: InitializeIPDv02p3 extro.
20260624 042410.255 INFO             PET1   ESMX_Driver: InitializeIPDv02p5 intro.
20260624 042410.255 INFO             PET1     >>>ESMX_Driver: entered Initialize (phase=<none>) with current time: 2012 10 24 18  0  0   0
20260624 042410.255 INFO             PET1     ESMX_Driver: InitializeIPDv02p5Data intro.
20260624 042410.255 INFO             PET1       >>>ESMX_Driver: entered Initialize (phase=<none>) with current time: 2012 10 24 18  0  0   0
20260624 042410.255 INFO             PET1       ESMX_Driver: InternalInitializeComplete intro.
20260624 042410.255 INFO             PET1         >>>ESMX_Driver: entered Initialize (phase=<none>) with current time: 2012 10 24 18  0  0   0
20260624 042410.255 INFO             PET1         <<<ESMX_Driver: leaving Initialize (phase=<none>) with current time: 2012 10 24 18  0  0   0
20260624 042410.255 INFO             PET1       ESMX_Driver: InternalInitializeComplete extro.
20260624 042410.255 INFO             PET1       ESMX_Driver: loopDataDependentInitialize intro.
20260624 042410.256 INFO             PET1         >>>ESMX_Driver: entered Initialize (phase=<none>) with current time: 2012 10 24 18  0  0   0
20260624 042410.256 INFO             PET1         <<<ESMX_Driver: leaving Initialize (phase=<none>) with current time: 2012 10 24 18  0  0   0
20260624 042410.256 INFO             PET1       ESMX_Driver: loopDataDependentInitialize extro.
20260624 042410.256 INFO             PET1       <<<ESMX_Driver: leaving Initialize (phase=<none>) with current time: 2012 10 24 18  0  0   0
20260624 042410.256 INFO             PET1     ESMX_Driver: InitializeIPDv02p5Data extro.
20260624 042410.256 INFO             PET1     <<<ESMX_Driver: leaving Initialize (phase=<none>) with current time: 2012 10 24 18  0  0   0
20260624 042410.256 INFO             PET1   ESMX_Driver: InitializeIPDv02p5 extro.
20260624 042410.256 INFO             PET1   <<<ESMX_Driver: leaving Initialize (phase=<none>) with current time: 2012 10 24 18  0  0   0
20260624 042410.256 INFO             PET1 ESMX_Driver: InitializeGeneric extro.
20260624 042410.256 INFO             PET1 ESMX_Driver: Run intro.
20260624 042410.256 INFO             PET1   >>>ESMX_Driver: entered Run (phase=RunPhase1) with current time: 2012 10 24 18  0  0   0
20260624 042410.256 INFO             PET1   Message from inside C component Advance() method
20260624 042410.256 INFO             PET1   <<<ESMX_Driver: leaving Run (phase=RunPhase1) with current time: 2012 10 24 19  0  0   0
20260624 042410.256 INFO             PET1 ESMX_Driver: Run extro.
20260624 042410.256 INFO             PET1 ESMX_Driver: Finalize intro.
20260624 042410.256 INFO             PET1   >>>ESMX_Driver: entered Finalize (phase=FinalizePhase1) with current time: 2012 10 24 19  0  0   0
20260624 042410.256 INFO             PET1   Calling Finalize phase 1 for modelComp: MDL
20260624 042410.256 INFO             PET1   Delete modelComp: MDL
20260624 042410.256 INFO             PET1   <<<ESMX_Driver: leaving Finalize (phase=FinalizePhase1) with current time: 2012 10 24 19  0  0   0
20260624 042410.256 INFO             PET1 ESMX_Driver: Finalize extro.
20260624 042410.256 INFO             PET1 =============================================
20260624 042410.256 INFO             PET1 ESMX (Earth System Model eXecutable) FINISHED
20260624 042410.256 INFO             PET1 =============================================
20260624 042410.256 INFO             PET1  Finalizing ESMF
20260624 042410.245 INFO             PET2 !!!!!!!!!!!!!!!!!!!!!!!!!!!!!!!!!!!!!!!!!!!!!!!!!!!!!!
20260624 042410.245 INFO             PET2 !!! THE ESMF_LOG IS SET TO OUTPUT ALL LOG MESSAGES !!!
20260624 042410.245 INFO             PET2 !!!     THIS MAY CAUSE SLOWDOWN IN PERFORMANCE     !!!
20260624 042410.245 INFO             PET2 !!! FOR PRODUCTION RUNS, USE:                      !!!
20260624 042410.245 INFO             PET2 !!!                   ESMF_LOGKIND_Multi_On_Error  !!!
20260624 042410.245 INFO             PET2 !!!!!!!!!!!!!!!!!!!!!!!!!!!!!!!!!!!!!!!!!!!!!!!!!!!!!!
20260624 042410.245 INFO             PET2 Running with ESMF Version   : develop+g380c18cfa6
20260624 042410.245 INFO             PET2 ESMF library build date/time: "Jun 24 2026" "03:07:50"
20260624 042410.245 INFO             PET2 ESMF library build location : /glade/derecho/scratch/sacks/esmf-testing/nvhpc_26.1_mpi_O_develop/esmf
20260624 042410.245 INFO             PET2 ESMF_COMM                   : mpi
20260624 042410.245 INFO             PET2 ESMF_MOAB                   : enabled
20260624 042410.245 INFO             PET2 ESMF_LAPACK                 : enabled
20260624 042410.246 INFO             PET2 ESMF_NETCDF                 : enabled
20260624 042410.246 INFO             PET2 ESMF_PNETCDF                : disabled
20260624 042410.246 INFO             PET2 ESMF_PIO                    : enabled
20260624 042410.246 INFO             PET2 ESMF_YAMLCPP                : enabled
20260624 042410.246 INFO             PET2 =============================================
20260624 042410.246 INFO             PET2 ESMX (Earth System Model eXecutable) STARTING
20260624 042410.246 INFO             PET2 =============================================
20260624 042410.248 DEBUG            PET2 Generic SetVM() is executing for: ESMX_Driver
20260624 042410.248 DEBUG            PET2 Generic SetVM() found no NUOPC Hint for: ESMX_Driver
20260624 042410.248 DEBUG            PET2 Generic SetVM() therefore is NOT calling ESMF_GridCompSetVMMaxPEs() for: ESMX_Driver
20260624 042410.249 INFO             PET2 ESMX_Driver: InitializeGeneric intro.
20260624 042410.250 INFO             PET2   >>>ESMX_Driver: entered Initialize (phase=<none>) without valid internal Clock.
20260624 042410.250 INFO             PET2   ESMX_Driver: InitializeP0 intro.
20260624 042410.250 INFO             PET2     >>>ESMX_Driver: entered Initialize (phase=<none>) without valid internal Clock.
20260624 042410.250 INFO             PET2     <<<ESMX_Driver: leaving Initialize (phase=<none>) without valid internal Clock.
20260624 042410.250 INFO             PET2   ESMX_Driver: InitializeP0 extro.
20260624 042410.250 INFO             PET2   ESMX_Driver: InitializeIPDv02p1 intro.
20260624 042410.250 INFO             PET2     >>>ESMX_Driver: entered Initialize (phase=<none>) without valid internal Clock.
20260624 042410.251 INFO             PET2     ESMX_Driver - Creating model component MDL without petList.
20260624 042410.251 DEBUG            PET2     Generic SetVM() is executing for: MDL
20260624 042410.251 DEBUG            PET2     Generic SetVM() found no NUOPC Hint for: MDL
20260624 042410.251 DEBUG            PET2     Generic SetVM() therefore is NOT calling ESMF_GridCompSetVMMaxPEs() for: MDL
20260624 042410.254 INFO             PET2     ESMX_Driver: IInitAdvertise intro.
20260624 042410.254 INFO             PET2       >>>ESMX_Driver: entered Initialize (phase=<none>) with current time: 2012 10 24 18  0  0   0
20260624 042410.254 INFO             PET2       <<<ESMX_Driver: leaving Initialize (phase=<none>) with current time: 2012 10 24 18  0  0   0
20260624 042410.254 INFO             PET2     ESMX_Driver: IInitAdvertise extro.
20260624 042410.254 INFO             PET2     Message from inside C component Advertise() method
20260624 042410.254 INFO             PET2     ESMX_Driver: IInitAdvertiseFinish intro.
20260624 042410.254 INFO             PET2       >>>ESMX_Driver: entered Initialize (phase=<none>) with current time: 2012 10 24 18  0  0   0
20260624 042410.254 INFO             PET2       <<<ESMX_Driver: leaving Initialize (phase=<none>) with current time: 2012 10 24 18  0  0   0
20260624 042410.254 INFO             PET2     ESMX_Driver: IInitAdvertiseFinish extro.
20260624 042410.254 INFO             PET2     ESMX_Driver: IInitModifyCplLists intro.
20260624 042410.254 INFO             PET2       >>>ESMX_Driver: entered Initialize (phase=<none>) with current time: 2012 10 24 18  0  0   0
20260624 042410.254 INFO             PET2       <<<ESMX_Driver: leaving Initialize (phase=<none>) with current time: 2012 10 24 18  0  0   0
20260624 042410.254 INFO             PET2     ESMX_Driver: IInitModifyCplLists extro.
20260624 042410.254 INFO             PET2     <<<ESMX_Driver: leaving Initialize (phase=<none>) with current time: 2012 10 24 18  0  0   0
20260624 042410.254 INFO             PET2   ESMX_Driver: InitializeIPDv02p1 extro.
20260624 042410.254 INFO             PET2   ESMX_Driver: InitializeIPDv02p3 intro.
20260624 042410.254 INFO             PET2     >>>ESMX_Driver: entered Initialize (phase=<none>) with current time: 2012 10 24 18  0  0   0
20260624 042410.255 INFO             PET2     ESMX_Driver: IInitCheck intro.
20260624 042410.255 INFO             PET2       >>>ESMX_Driver: entered Initialize (phase=<none>) with current time: 2012 10 24 18  0  0   0
20260624 042410.255 INFO             PET2       <<<ESMX_Driver: leaving Initialize (phase=<none>) with current time: 2012 10 24 18  0  0   0
20260624 042410.255 INFO             PET2     ESMX_Driver: IInitCheck extro.
20260624 042410.255 INFO             PET2     ESMX_Driver: IInitRealize intro.
20260624 042410.255 INFO             PET2       >>>ESMX_Driver: entered Initialize (phase=<none>) with current time: 2012 10 24 18  0  0   0
20260624 042410.255 INFO             PET2       <<<ESMX_Driver: leaving Initialize (phase=<none>) with current time: 2012 10 24 18  0  0   0
20260624 042410.255 INFO             PET2     ESMX_Driver: IInitRealize extro.
20260624 042410.255 INFO             PET2     <<<ESMX_Driver: leaving Initialize (phase=<none>) with current time: 2012 10 24 18  0  0   0
20260624 042410.255 INFO             PET2   ESMX_Driver: InitializeIPDv02p3 extro.
20260624 042410.255 INFO             PET2   ESMX_Driver: InitializeIPDv02p5 intro.
20260624 042410.255 INFO             PET2     >>>ESMX_Driver: entered Initialize (phase=<none>) with current time: 2012 10 24 18  0  0   0
20260624 042410.255 INFO             PET2     ESMX_Driver: InitializeIPDv02p5Data intro.
20260624 042410.255 INFO             PET2       >>>ESMX_Driver: entered Initialize (phase=<none>) with current time: 2012 10 24 18  0  0   0
20260624 042410.255 INFO             PET2       ESMX_Driver: InternalInitializeComplete intro.
20260624 042410.255 INFO             PET2         >>>ESMX_Driver: entered Initialize (phase=<none>) with current time: 2012 10 24 18  0  0   0
20260624 042410.255 INFO             PET2         <<<ESMX_Driver: leaving Initialize (phase=<none>) with current time: 2012 10 24 18  0  0   0
20260624 042410.255 INFO             PET2       ESMX_Driver: InternalInitializeComplete extro.
20260624 042410.255 INFO             PET2       ESMX_Driver: loopDataDependentInitialize intro.
20260624 042410.256 INFO             PET2         >>>ESMX_Driver: entered Initialize (phase=<none>) with current time: 2012 10 24 18  0  0   0
20260624 042410.256 INFO             PET2         <<<ESMX_Driver: leaving Initialize (phase=<none>) with current time: 2012 10 24 18  0  0   0
20260624 042410.256 INFO             PET2       ESMX_Driver: loopDataDependentInitialize extro.
20260624 042410.256 INFO             PET2       <<<ESMX_Driver: leaving Initialize (phase=<none>) with current time: 2012 10 24 18  0  0   0
20260624 042410.256 INFO             PET2     ESMX_Driver: InitializeIPDv02p5Data extro.
20260624 042410.256 INFO             PET2     <<<ESMX_Driver: leaving Initialize (phase=<none>) with current time: 2012 10 24 18  0  0   0
20260624 042410.256 INFO             PET2   ESMX_Driver: InitializeIPDv02p5 extro.
20260624 042410.256 INFO             PET2   <<<ESMX_Driver: leaving Initialize (phase=<none>) with current time: 2012 10 24 18  0  0   0
20260624 042410.256 INFO             PET2 ESMX_Driver: InitializeGeneric extro.
20260624 042410.256 INFO             PET2 ESMX_Driver: Run intro.
20260624 042410.256 INFO             PET2   >>>ESMX_Driver: entered Run (phase=RunPhase1) with current time: 2012 10 24 18  0  0   0
20260624 042410.256 INFO             PET2   Message from inside C component Advance() method
20260624 042410.256 INFO             PET2   <<<ESMX_Driver: leaving Run (phase=RunPhase1) with current time: 2012 10 24 19  0  0   0
20260624 042410.256 INFO             PET2 ESMX_Driver: Run extro.
20260624 042410.256 INFO             PET2 ESMX_Driver: Finalize intro.
20260624 042410.256 INFO             PET2   >>>ESMX_Driver: entered Finalize (phase=FinalizePhase1) with current time: 2012 10 24 19  0  0   0
20260624 042410.256 INFO             PET2   Calling Finalize phase 1 for modelComp: MDL
20260624 042410.256 INFO             PET2   Delete modelComp: MDL
20260624 042410.256 INFO             PET2   <<<ESMX_Driver: leaving Finalize (phase=FinalizePhase1) with current time: 2012 10 24 19  0  0   0
20260624 042410.256 INFO             PET2 ESMX_Driver: Finalize extro.
20260624 042410.256 INFO             PET2 =============================================
20260624 042410.256 INFO             PET2 ESMX (Earth System Model eXecutable) FINISHED
20260624 042410.256 INFO             PET2 =============================================
20260624 042410.256 INFO             PET2  Finalizing ESMF
20260624 042410.245 INFO             PET3 !!!!!!!!!!!!!!!!!!!!!!!!!!!!!!!!!!!!!!!!!!!!!!!!!!!!!!
20260624 042410.245 INFO             PET3 !!! THE ESMF_LOG IS SET TO OUTPUT ALL LOG MESSAGES !!!
20260624 042410.245 INFO             PET3 !!!     THIS MAY CAUSE SLOWDOWN IN PERFORMANCE     !!!
20260624 042410.245 INFO             PET3 !!! FOR PRODUCTION RUNS, USE:                      !!!
20260624 042410.245 INFO             PET3 !!!                   ESMF_LOGKIND_Multi_On_Error  !!!
20260624 042410.245 INFO             PET3 !!!!!!!!!!!!!!!!!!!!!!!!!!!!!!!!!!!!!!!!!!!!!!!!!!!!!!
20260624 042410.245 INFO             PET3 Running with ESMF Version   : develop+g380c18cfa6
20260624 042410.245 INFO             PET3 ESMF library build date/time: "Jun 24 2026" "03:07:50"
20260624 042410.245 INFO             PET3 ESMF library build location : /glade/derecho/scratch/sacks/esmf-testing/nvhpc_26.1_mpi_O_develop/esmf
20260624 042410.245 INFO             PET3 ESMF_COMM                   : mpi
20260624 042410.246 INFO             PET3 ESMF_MOAB                   : enabled
20260624 042410.246 INFO             PET3 ESMF_LAPACK                 : enabled
20260624 042410.246 INFO             PET3 ESMF_NETCDF                 : enabled
20260624 042410.246 INFO             PET3 ESMF_PNETCDF                : disabled
20260624 042410.246 INFO             PET3 ESMF_PIO                    : enabled
20260624 042410.246 INFO             PET3 ESMF_YAMLCPP                : enabled
20260624 042410.246 INFO             PET3 =============================================
20260624 042410.246 INFO             PET3 ESMX (Earth System Model eXecutable) STARTING
20260624 042410.246 INFO             PET3 =============================================
20260624 042410.248 DEBUG            PET3 Generic SetVM() is executing for: ESMX_Driver
20260624 042410.248 DEBUG            PET3 Generic SetVM() found no NUOPC Hint for: ESMX_Driver
20260624 042410.248 DEBUG            PET3 Generic SetVM() therefore is NOT calling ESMF_GridCompSetVMMaxPEs() for: ESMX_Driver
20260624 042410.249 INFO             PET3 ESMX_Driver: InitializeGeneric intro.
20260624 042410.250 INFO             PET3   >>>ESMX_Driver: entered Initialize (phase=<none>) without valid internal Clock.
20260624 042410.250 INFO             PET3   ESMX_Driver: InitializeP0 intro.
20260624 042410.250 INFO             PET3     >>>ESMX_Driver: entered Initialize (phase=<none>) without valid internal Clock.
20260624 042410.250 INFO             PET3     <<<ESMX_Driver: leaving Initialize (phase=<none>) without valid internal Clock.
20260624 042410.250 INFO             PET3   ESMX_Driver: InitializeP0 extro.
20260624 042410.250 INFO             PET3   ESMX_Driver: InitializeIPDv02p1 intro.
20260624 042410.250 INFO             PET3     >>>ESMX_Driver: entered Initialize (phase=<none>) without valid internal Clock.
20260624 042410.251 INFO             PET3     ESMX_Driver - Creating model component MDL without petList.
20260624 042410.251 DEBUG            PET3     Generic SetVM() is executing for: MDL
20260624 042410.251 DEBUG            PET3     Generic SetVM() found no NUOPC Hint for: MDL
20260624 042410.251 DEBUG            PET3     Generic SetVM() therefore is NOT calling ESMF_GridCompSetVMMaxPEs() for: MDL
20260624 042410.254 INFO             PET3     ESMX_Driver: IInitAdvertise intro.
20260624 042410.254 INFO             PET3       >>>ESMX_Driver: entered Initialize (phase=<none>) with current time: 2012 10 24 18  0  0   0
20260624 042410.254 INFO             PET3       <<<ESMX_Driver: leaving Initialize (phase=<none>) with current time: 2012 10 24 18  0  0   0
20260624 042410.254 INFO             PET3     ESMX_Driver: IInitAdvertise extro.
20260624 042410.254 INFO             PET3     Message from inside C component Advertise() method
20260624 042410.254 INFO             PET3     ESMX_Driver: IInitAdvertiseFinish intro.
20260624 042410.254 INFO             PET3       >>>ESMX_Driver: entered Initialize (phase=<none>) with current time: 2012 10 24 18  0  0   0
20260624 042410.254 INFO             PET3       <<<ESMX_Driver: leaving Initialize (phase=<none>) with current time: 2012 10 24 18  0  0   0
20260624 042410.254 INFO             PET3     ESMX_Driver: IInitAdvertiseFinish extro.
20260624 042410.254 INFO             PET3     ESMX_Driver: IInitModifyCplLists intro.
20260624 042410.254 INFO             PET3       >>>ESMX_Driver: entered Initialize (phase=<none>) with current time: 2012 10 24 18  0  0   0
20260624 042410.254 INFO             PET3       <<<ESMX_Driver: leaving Initialize (phase=<none>) with current time: 2012 10 24 18  0  0   0
20260624 042410.254 INFO             PET3     ESMX_Driver: IInitModifyCplLists extro.
20260624 042410.254 INFO             PET3     <<<ESMX_Driver: leaving Initialize (phase=<none>) with current time: 2012 10 24 18  0  0   0
20260624 042410.254 INFO             PET3   ESMX_Driver: InitializeIPDv02p1 extro.
20260624 042410.254 INFO             PET3   ESMX_Driver: InitializeIPDv02p3 intro.
20260624 042410.255 INFO             PET3     >>>ESMX_Driver: entered Initialize (phase=<none>) with current time: 2012 10 24 18  0  0   0
20260624 042410.255 INFO             PET3     ESMX_Driver: IInitCheck intro.
20260624 042410.255 INFO             PET3       >>>ESMX_Driver: entered Initialize (phase=<none>) with current time: 2012 10 24 18  0  0   0
20260624 042410.255 INFO             PET3       <<<ESMX_Driver: leaving Initialize (phase=<none>) with current time: 2012 10 24 18  0  0   0
20260624 042410.255 INFO             PET3     ESMX_Driver: IInitCheck extro.
20260624 042410.255 INFO             PET3     ESMX_Driver: IInitRealize intro.
20260624 042410.255 INFO             PET3       >>>ESMX_Driver: entered Initialize (phase=<none>) with current time: 2012 10 24 18  0  0   0
20260624 042410.255 INFO             PET3       <<<ESMX_Driver: leaving Initialize (phase=<none>) with current time: 2012 10 24 18  0  0   0
20260624 042410.255 INFO             PET3     ESMX_Driver: IInitRealize extro.
20260624 042410.255 INFO             PET3     <<<ESMX_Driver: leaving Initialize (phase=<none>) with current time: 2012 10 24 18  0  0   0
20260624 042410.255 INFO             PET3   ESMX_Driver: InitializeIPDv02p3 extro.
20260624 042410.255 INFO             PET3   ESMX_Driver: InitializeIPDv02p5 intro.
20260624 042410.255 INFO             PET3     >>>ESMX_Driver: entered Initialize (phase=<none>) with current time: 2012 10 24 18  0  0   0
20260624 042410.255 INFO             PET3     ESMX_Driver: InitializeIPDv02p5Data intro.
20260624 042410.255 INFO             PET3       >>>ESMX_Driver: entered Initialize (phase=<none>) with current time: 2012 10 24 18  0  0   0
20260624 042410.255 INFO             PET3       ESMX_Driver: InternalInitializeComplete intro.
20260624 042410.255 INFO             PET3         >>>ESMX_Driver: entered Initialize (phase=<none>) with current time: 2012 10 24 18  0  0   0
20260624 042410.255 INFO             PET3         <<<ESMX_Driver: leaving Initialize (phase=<none>) with current time: 2012 10 24 18  0  0   0
20260624 042410.255 INFO             PET3       ESMX_Driver: InternalInitializeComplete extro.
20260624 042410.255 INFO             PET3       ESMX_Driver: loopDataDependentInitialize intro.
20260624 042410.256 INFO             PET3         >>>ESMX_Driver: entered Initialize (phase=<none>) with current time: 2012 10 24 18  0  0   0
20260624 042410.256 INFO             PET3         <<<ESMX_Driver: leaving Initialize (phase=<none>) with current time: 2012 10 24 18  0  0   0
20260624 042410.256 INFO             PET3       ESMX_Driver: loopDataDependentInitialize extro.
20260624 042410.256 INFO             PET3       <<<ESMX_Driver: leaving Initialize (phase=<none>) with current time: 2012 10 24 18  0  0   0
20260624 042410.256 INFO             PET3     ESMX_Driver: InitializeIPDv02p5Data extro.
20260624 042410.256 INFO             PET3     <<<ESMX_Driver: leaving Initialize (phase=<none>) with current time: 2012 10 24 18  0  0   0
20260624 042410.256 INFO             PET3   ESMX_Driver: InitializeIPDv02p5 extro.
20260624 042410.256 INFO             PET3   <<<ESMX_Driver: leaving Initialize (phase=<none>) with current time: 2012 10 24 18  0  0   0
20260624 042410.256 INFO             PET3 ESMX_Driver: InitializeGeneric extro.
20260624 042410.256 INFO             PET3 ESMX_Driver: Run intro.
20260624 042410.256 INFO             PET3   >>>ESMX_Driver: entered Run (phase=RunPhase1) with current time: 2012 10 24 18  0  0   0
20260624 042410.256 INFO             PET3   Message from inside C component Advance() method
20260624 042410.256 INFO             PET3   <<<ESMX_Driver: leaving Run (phase=RunPhase1) with current time: 2012 10 24 19  0  0   0
20260624 042410.256 INFO             PET3 ESMX_Driver: Run extro.
20260624 042410.256 INFO             PET3 ESMX_Driver: Finalize intro.
20260624 042410.256 INFO             PET3   >>>ESMX_Driver: entered Finalize (phase=FinalizePhase1) with current time: 2012 10 24 19  0  0   0
20260624 042410.256 INFO             PET3   Calling Finalize phase 1 for modelComp: MDL
20260624 042410.256 INFO             PET3   Delete modelComp: MDL
20260624 042410.257 INFO             PET3   <<<ESMX_Driver: leaving Finalize (phase=FinalizePhase1) with current time: 2012 10 24 19  0  0   0
20260624 042410.257 INFO             PET3 ESMX_Driver: Finalize extro.
20260624 042410.257 INFO             PET3 =============================================
20260624 042410.257 INFO             PET3 ESMX (Earth System Model eXecutable) FINISHED
20260624 042410.257 INFO             PET3 =============================================
20260624 042410.257 INFO             PET3  Finalizing ESMF
