2026-08-06 04:45:26
20260806 053459.600 INFO             PET0 !!!!!!!!!!!!!!!!!!!!!!!!!!!!!!!!!!!!!!!!!!!!!!!!!!!!!!
20260806 053459.600 INFO             PET0 !!! THE ESMF_LOG IS SET TO OUTPUT ALL LOG MESSAGES !!!
20260806 053459.600 INFO             PET0 !!!     THIS MAY CAUSE SLOWDOWN IN PERFORMANCE     !!!
20260806 053459.600 INFO             PET0 !!! FOR PRODUCTION RUNS, USE:                      !!!
20260806 053459.600 INFO             PET0 !!!                   ESMF_LOGKIND_Multi_On_Error  !!!
20260806 053459.600 INFO             PET0 !!!!!!!!!!!!!!!!!!!!!!!!!!!!!!!!!!!!!!!!!!!!!!!!!!!!!!
20260806 053459.600 INFO             PET0 Running with ESMF Version   : develop+g432bc4507e
20260806 053459.600 INFO             PET0 ESMF library build date/time: "Aug  6 2026" "04:42:57"
20260806 053459.600 INFO             PET0 ESMF library build location : /tmp/nvhpc_25.5_mpiuni_g_develop/esmf
20260806 053459.600 INFO             PET0 ESMF_COMM                   : mpiuni
20260806 053459.600 INFO             PET0 ESMF_MOAB                   : enabled
20260806 053459.600 INFO             PET0 ESMF_LAPACK                 : enabled
20260806 053459.600 INFO             PET0 ESMF_NETCDF                 : enabled
20260806 053459.600 INFO             PET0 ESMF_PNETCDF                : disabled
20260806 053459.600 INFO             PET0 ESMF_PIO                    : enabled
20260806 053459.600 INFO             PET0 ESMF_YAMLCPP                : enabled
20260806 053459.622 INFO             PET0  NUMBER_OF_PROCESSORS            1
20260806 053459.622 INFO             PET0  PASS  Example ESMF_NUOPCBasicModelEx, ESMF_NUOPCBasicModelEx.F90, line 339
20260806 053459.622 INFO             PET0  Finalizing ESMF
