2026-08-14 05:04:34
20260814 055427.236 INFO             PET0 !!!!!!!!!!!!!!!!!!!!!!!!!!!!!!!!!!!!!!!!!!!!!!!!!!!!!!
20260814 055427.236 INFO             PET0 !!! THE ESMF_LOG IS SET TO OUTPUT ALL LOG MESSAGES !!!
20260814 055427.236 INFO             PET0 !!!     THIS MAY CAUSE SLOWDOWN IN PERFORMANCE     !!!
20260814 055427.236 INFO             PET0 !!! FOR PRODUCTION RUNS, USE:                      !!!
20260814 055427.236 INFO             PET0 !!!                   ESMF_LOGKIND_Multi_On_Error  !!!
20260814 055427.236 INFO             PET0 !!!!!!!!!!!!!!!!!!!!!!!!!!!!!!!!!!!!!!!!!!!!!!!!!!!!!!
20260814 055427.236 INFO             PET0 Running with ESMF Version   : develop+g17f2be238d
20260814 055427.236 INFO             PET0 ESMF library build date/time: "Aug 14 2026" "05:02:04"
20260814 055427.236 INFO             PET0 ESMF library build location : /tmp/nvhpc_25.5_mpiuni_g_develop/esmf
20260814 055427.236 INFO             PET0 ESMF_COMM                   : mpiuni
20260814 055427.236 INFO             PET0 ESMF_MOAB                   : enabled
20260814 055427.236 INFO             PET0 ESMF_LAPACK                 : enabled
20260814 055427.236 INFO             PET0 ESMF_NETCDF                 : enabled
20260814 055427.236 INFO             PET0 ESMF_PNETCDF                : disabled
20260814 055427.236 INFO             PET0 ESMF_PIO                    : enabled
20260814 055427.236 INFO             PET0 ESMF_YAMLCPP                : enabled
20260814 055427.244 INFO             PET0 ESMF_FieldRedistStoreNF(): Just entered routine.
20260814 055428.101 INFO             PET0 ESMF_FieldRedistStoreNF(): Leaving routine.
20260814 055428.106 INFO             PET0  NUMBER_OF_PROCESSORS            1
20260814 055428.106 INFO             PET0  PASS  Example ESMF_RHandleFromFileEx, ESMF_RHandleFromFileEx.F90, line 192
20260814 055428.106 INFO             PET0  Finalizing ESMF
