2026-07-02 15:28:30
20260702 155501.341 INFO             PET0 !!!!!!!!!!!!!!!!!!!!!!!!!!!!!!!!!!!!!!!!!!!!!!!!!!!!!!
20260702 155501.341 INFO             PET0 !!! THE ESMF_LOG IS SET TO OUTPUT ALL LOG MESSAGES !!!
20260702 155501.341 INFO             PET0 !!!     THIS MAY CAUSE SLOWDOWN IN PERFORMANCE     !!!
20260702 155501.341 INFO             PET0 !!! FOR PRODUCTION RUNS, USE:                      !!!
20260702 155501.341 INFO             PET0 !!!                   ESMF_LOGKIND_Multi_On_Error  !!!
20260702 155501.341 INFO             PET0 !!!!!!!!!!!!!!!!!!!!!!!!!!!!!!!!!!!!!!!!!!!!!!!!!!!!!!
20260702 155501.341 INFO             PET0 Running with ESMF Version   : feature/intel-update+gf55a8a3a41
20260702 155501.341 INFO             PET0 ESMF library build date/time: "Jul  2 2026" "15:26:43"
20260702 155501.341 INFO             PET0 ESMF library build location : /project/esmf/ESMF-Nightly-Testing-Izumi/intel_20.0.1_mpiuni_O_feature_intel-update/esmf
20260702 155501.341 INFO             PET0 ESMF_COMM                   : mpiuni
20260702 155501.345 INFO             PET0 ESMF_MOAB                   : enabled
20260702 155501.345 INFO             PET0 ESMF_LAPACK                 : enabled
20260702 155501.345 INFO             PET0 ESMF_NETCDF                 : enabled
20260702 155501.345 INFO             PET0 ESMF_PNETCDF                : disabled
20260702 155501.345 INFO             PET0 ESMF_PIO                    : enabled
20260702 155501.345 INFO             PET0 ESMF_YAMLCPP                : enabled
20260702 155501.363 INFO             PET0  NUMBER_OF_PROCESSORS           1
20260702 155501.365 INFO             PET0  PASS  Example ESMF_RHandleReusabilityEx, ESMF_RHandleReusabilityEx.F90, line 582
20260702 155501.365 INFO             PET0  Finalizing ESMF
