2026-07-11 07:48:39
20260711 090223.170 INFO             PET0 !!!!!!!!!!!!!!!!!!!!!!!!!!!!!!!!!!!!!!!!!!!!!!!!!!!!!!
20260711 090223.170 INFO             PET0 !!! THE ESMF_LOG IS SET TO OUTPUT ALL LOG MESSAGES !!!
20260711 090223.170 INFO             PET0 !!!     THIS MAY CAUSE SLOWDOWN IN PERFORMANCE     !!!
20260711 090223.170 INFO             PET0 !!! FOR PRODUCTION RUNS, USE:                      !!!
20260711 090223.170 INFO             PET0 !!!                   ESMF_LOGKIND_Multi_On_Error  !!!
20260711 090223.170 INFO             PET0 !!!!!!!!!!!!!!!!!!!!!!!!!!!!!!!!!!!!!!!!!!!!!!!!!!!!!!
20260711 090223.170 INFO             PET0 Running with ESMF Version   : develop+gf1c7bb6d5f
20260711 090223.170 INFO             PET0 ESMF library build date/time: "Jul 11 2026" "07:44:20"
20260711 090223.170 INFO             PET0 ESMF library build location : /scratch3/NCEPDEV/stmp/Gerhard.Theurich/ESMF-Nightly-Testing-Hera/nvhpc_24.1_openmpi_O_develop/esmf
20260711 090223.170 INFO             PET0 ESMF_COMM                   : openmpi
20260711 090223.171 INFO             PET0 ESMF_MOAB                   : enabled
20260711 090223.171 INFO             PET0 ESMF_LAPACK                 : enabled
20260711 090223.171 INFO             PET0 ESMF_NETCDF                 : disabled
20260711 090223.171 INFO             PET0 ESMF_PNETCDF                : disabled
20260711 090223.171 INFO             PET0 ESMF_PIO                    : disabled
20260711 090223.171 INFO             PET0 ESMF_YAMLCPP                : enabled
20260711 090223.180 INFO             PET0 ESMF_FieldRedistStoreNF(): Just entered routine.
20260711 090223.293 INFO             PET0 ESMF_FieldRedistStoreNF(): Leaving routine.
20260711 090223.300 INFO             PET0  NUMBER_OF_PROCESSORS            4
20260711 090223.300 INFO             PET0  PASS  Example ESMF_RHandleFromRHandleEx, ESMF_RHandleFromRHandleEx.F90, line 660
20260711 090223.300 INFO             PET0  Finalizing ESMF
20260711 090223.168 INFO             PET1 !!!!!!!!!!!!!!!!!!!!!!!!!!!!!!!!!!!!!!!!!!!!!!!!!!!!!!
20260711 090223.168 INFO             PET1 !!! THE ESMF_LOG IS SET TO OUTPUT ALL LOG MESSAGES !!!
20260711 090223.168 INFO             PET1 !!!     THIS MAY CAUSE SLOWDOWN IN PERFORMANCE     !!!
20260711 090223.168 INFO             PET1 !!! FOR PRODUCTION RUNS, USE:                      !!!
20260711 090223.168 INFO             PET1 !!!                   ESMF_LOGKIND_Multi_On_Error  !!!
20260711 090223.168 INFO             PET1 !!!!!!!!!!!!!!!!!!!!!!!!!!!!!!!!!!!!!!!!!!!!!!!!!!!!!!
20260711 090223.168 INFO             PET1 Running with ESMF Version   : develop+gf1c7bb6d5f
20260711 090223.168 INFO             PET1 ESMF library build date/time: "Jul 11 2026" "07:44:20"
20260711 090223.168 INFO             PET1 ESMF library build location : /scratch3/NCEPDEV/stmp/Gerhard.Theurich/ESMF-Nightly-Testing-Hera/nvhpc_24.1_openmpi_O_develop/esmf
20260711 090223.168 INFO             PET1 ESMF_COMM                   : openmpi
20260711 090223.169 INFO             PET1 ESMF_MOAB                   : enabled
20260711 090223.169 INFO             PET1 ESMF_LAPACK                 : enabled
20260711 090223.169 INFO             PET1 ESMF_NETCDF                 : disabled
20260711 090223.169 INFO             PET1 ESMF_PNETCDF                : disabled
20260711 090223.169 INFO             PET1 ESMF_PIO                    : disabled
20260711 090223.169 INFO             PET1 ESMF_YAMLCPP                : enabled
20260711 090223.180 INFO             PET1 ESMF_FieldRedistStoreNF(): Just entered routine.
20260711 090223.293 INFO             PET1 ESMF_FieldRedistStoreNF(): Leaving routine.
20260711 090223.300 INFO             PET1  NUMBER_OF_PROCESSORS            4
20260711 090223.300 INFO             PET1  PASS  Example ESMF_RHandleFromRHandleEx, ESMF_RHandleFromRHandleEx.F90, line 660
20260711 090223.300 INFO             PET1  Finalizing ESMF
20260711 090223.168 INFO             PET2 !!!!!!!!!!!!!!!!!!!!!!!!!!!!!!!!!!!!!!!!!!!!!!!!!!!!!!
20260711 090223.169 INFO             PET2 !!! THE ESMF_LOG IS SET TO OUTPUT ALL LOG MESSAGES !!!
20260711 090223.169 INFO             PET2 !!!     THIS MAY CAUSE SLOWDOWN IN PERFORMANCE     !!!
20260711 090223.169 INFO             PET2 !!! FOR PRODUCTION RUNS, USE:                      !!!
20260711 090223.169 INFO             PET2 !!!                   ESMF_LOGKIND_Multi_On_Error  !!!
20260711 090223.169 INFO             PET2 !!!!!!!!!!!!!!!!!!!!!!!!!!!!!!!!!!!!!!!!!!!!!!!!!!!!!!
20260711 090223.169 INFO             PET2 Running with ESMF Version   : develop+gf1c7bb6d5f
20260711 090223.169 INFO             PET2 ESMF library build date/time: "Jul 11 2026" "07:44:20"
20260711 090223.169 INFO             PET2 ESMF library build location : /scratch3/NCEPDEV/stmp/Gerhard.Theurich/ESMF-Nightly-Testing-Hera/nvhpc_24.1_openmpi_O_develop/esmf
20260711 090223.169 INFO             PET2 ESMF_COMM                   : openmpi
20260711 090223.169 INFO             PET2 ESMF_MOAB                   : enabled
20260711 090223.169 INFO             PET2 ESMF_LAPACK                 : enabled
20260711 090223.169 INFO             PET2 ESMF_NETCDF                 : disabled
20260711 090223.169 INFO             PET2 ESMF_PNETCDF                : disabled
20260711 090223.169 INFO             PET2 ESMF_PIO                    : disabled
20260711 090223.169 INFO             PET2 ESMF_YAMLCPP                : enabled
20260711 090223.180 INFO             PET2 ESMF_FieldRedistStoreNF(): Just entered routine.
20260711 090223.293 INFO             PET2 ESMF_FieldRedistStoreNF(): Leaving routine.
20260711 090223.297 INFO             PET2  NUMBER_OF_PROCESSORS            4
20260711 090223.297 INFO             PET2  PASS  Example ESMF_RHandleFromRHandleEx, ESMF_RHandleFromRHandleEx.F90, line 660
20260711 090223.297 INFO             PET2  Finalizing ESMF
20260711 090223.167 INFO             PET3 !!!!!!!!!!!!!!!!!!!!!!!!!!!!!!!!!!!!!!!!!!!!!!!!!!!!!!
20260711 090223.167 INFO             PET3 !!! THE ESMF_LOG IS SET TO OUTPUT ALL LOG MESSAGES !!!
20260711 090223.167 INFO             PET3 !!!     THIS MAY CAUSE SLOWDOWN IN PERFORMANCE     !!!
20260711 090223.167 INFO             PET3 !!! FOR PRODUCTION RUNS, USE:                      !!!
20260711 090223.167 INFO             PET3 !!!                   ESMF_LOGKIND_Multi_On_Error  !!!
20260711 090223.167 INFO             PET3 !!!!!!!!!!!!!!!!!!!!!!!!!!!!!!!!!!!!!!!!!!!!!!!!!!!!!!
20260711 090223.167 INFO             PET3 Running with ESMF Version   : develop+gf1c7bb6d5f
20260711 090223.167 INFO             PET3 ESMF library build date/time: "Jul 11 2026" "07:44:20"
20260711 090223.167 INFO             PET3 ESMF library build location : /scratch3/NCEPDEV/stmp/Gerhard.Theurich/ESMF-Nightly-Testing-Hera/nvhpc_24.1_openmpi_O_develop/esmf
20260711 090223.167 INFO             PET3 ESMF_COMM                   : openmpi
20260711 090223.167 INFO             PET3 ESMF_MOAB                   : enabled
20260711 090223.167 INFO             PET3 ESMF_LAPACK                 : enabled
20260711 090223.167 INFO             PET3 ESMF_NETCDF                 : disabled
20260711 090223.167 INFO             PET3 ESMF_PNETCDF                : disabled
20260711 090223.167 INFO             PET3 ESMF_PIO                    : disabled
20260711 090223.167 INFO             PET3 ESMF_YAMLCPP                : enabled
20260711 090223.180 INFO             PET3 ESMF_FieldRedistStoreNF(): Just entered routine.
20260711 090223.293 INFO             PET3 ESMF_FieldRedistStoreNF(): Leaving routine.
20260711 090223.300 INFO             PET3  NUMBER_OF_PROCESSORS            4
20260711 090223.301 INFO             PET3  PASS  Example ESMF_RHandleFromRHandleEx, ESMF_RHandleFromRHandleEx.F90, line 660
20260711 090223.301 INFO             PET3  Finalizing ESMF
