2026-05-07 07:47:14
    12.45000000000000         12.45000000000000         12.45000000000000      
    12.45000000000000         12.45000000000000         12.45000000000000      
    12.45000000000000         12.45000000000000         12.45000000000000      
    12.45000000000000         12.45000000000000         12.45000000000000      
    12.45000000000000         12.45000000000000         12.45000000000000      
    12.45000000000000         12.45000000000000         12.45000000000000      
    12.45000000000000         12.45000000000000         12.45000000000000      
    12.45000000000000         12.45000000000000         12.45000000000000      
    12.45000000000000         12.45000000000000         12.45000000000000      
    12.45000000000000         12.45000000000000         12.45000000000000      
    12.45000000000000         12.45000000000000         12.45000000000000      
    12.45000000000000         12.45000000000000         12.45000000000000      
    12.45000000000000         12.45000000000000         12.45000000000000      
    12.45000000000000         12.45000000000000         12.45000000000000      
    12.45000000000000         12.45000000000000         12.45000000000000      
    12.45000000000000         12.45000000000000         12.45000000000000      
    12.45000000000000         12.45000000000000         12.45000000000000      
    12.45000000000000         12.45000000000000         12.45000000000000      
    12.45000000000000         12.45000000000000         12.45000000000000      
    12.45000000000000         12.45000000000000         12.45000000000000      
    12.45000000000000         12.45000000000000         12.45000000000000      
    12.45000000000000         12.45000000000000         12.45000000000000      
    12.45000000000000         12.45000000000000         12.45000000000000      
    12.45000000000000         12.45000000000000         12.45000000000000      
    12.45000000000000         12.45000000000000         12.45000000000000      
    12.45000000000000         12.45000000000000         12.45000000000000      
    12.45000000000000         12.45000000000000         12.45000000000000      
    12.45000000000000         12.45000000000000         12.45000000000000      
    12.45000000000000         12.45000000000000         12.45000000000000      
    12.45000000000000         12.45000000000000         12.45000000000000      
    12.45000000000000         12.45000000000000         12.45000000000000      
    12.45000000000000         12.45000000000000         12.45000000000000      
    12.45000000000000         12.45000000000000         12.45000000000000      
    12.45000000000000         12.45000000000000         12.45000000000000      
    12.45000000000000         12.45000000000000         12.45000000000000      
    12.45000000000000         12.45000000000000         12.45000000000000      
    12.45000000000000         12.45000000000000         12.45000000000000      
    12.45000000000000         12.45000000000000         12.45000000000000      
    12.45000000000000         12.45000000000000         12.45000000000000      
    12.45000000000000         12.45000000000000         12.45000000000000      
    12.45000000000000         12.45000000000000         12.45000000000000      
    12.45000000000000         12.45000000000000         12.45000000000000      
    12.45000000000000         12.45000000000000         12.45000000000000      
    12.45000000000000         12.45000000000000         12.45000000000000      
    12.45000000000000         12.45000000000000         12.45000000000000      
    12.45000000000000         12.45000000000000         12.45000000000000      
    12.45000000000000         12.45000000000000         12.45000000000000      
    12.45000000000000         12.45000000000000         12.45000000000000      
    12.45000000000000         12.45000000000000         12.45000000000000      
    12.45000000000000         12.45000000000000         12.45000000000000      
    12.45000000000000         12.45000000000000         12.45000000000000      
    12.45000000000000         12.45000000000000         12.45000000000000      
    12.45000000000000         12.45000000000000         12.45000000000000      
    12.45000000000000         12.45000000000000         12.45000000000000      
    12.45000000000000         12.45000000000000         12.45000000000000      
    12.45000000000000         12.45000000000000         12.45000000000000      
    12.45000000000000         12.45000000000000         12.45000000000000      
    12.45000000000000         12.45000000000000         12.45000000000000      
    12.45000000000000         12.45000000000000         12.45000000000000      
    12.45000000000000         12.45000000000000         12.45000000000000      
    12.45000000000000         12.45000000000000         12.45000000000000      
    12.45000000000000         12.45000000000000         12.45000000000000      
    12.45000000000000         12.45000000000000         12.45000000000000      
    12.45000000000000     
    12.45000000000000         12.45000000000000         12.45000000000000      
    12.45000000000000         12.45000000000000         12.45000000000000      
    12.45000000000000         12.45000000000000         12.45000000000000      
    12.45000000000000         12.45000000000000         12.45000000000000      
    12.45000000000000         12.45000000000000         12.45000000000000      
    12.45000000000000         12.45000000000000         12.45000000000000      
    12.45000000000000         12.45000000000000         12.45000000000000      
    12.45000000000000         12.45000000000000         12.45000000000000      
    12.45000000000000         12.45000000000000         12.45000000000000      
    12.45000000000000         12.45000000000000         12.45000000000000      
    12.45000000000000         12.45000000000000         12.45000000000000      
    12.45000000000000         12.45000000000000         12.45000000000000      
    12.45000000000000         12.45000000000000         12.45000000000000      
    12.45000000000000         12.45000000000000         12.45000000000000      
    12.45000000000000         12.45000000000000         12.45000000000000      
    12.45000000000000         12.45000000000000         12.45000000000000      
    12.45000000000000         12.45000000000000         12.45000000000000      
    12.45000000000000         12.45000000000000         12.45000000000000      
    12.45000000000000         12.45000000000000         12.45000000000000      
    12.45000000000000         12.45000000000000         12.45000000000000      
    12.45000000000000         12.45000000000000         12.45000000000000      
    12.45000000000000         12.45000000000000         12.45000000000000      
    12.45000000000000         12.45000000000000         12.45000000000000      
    12.45000000000000         12.45000000000000         12.45000000000000      
    12.45000000000000         12.45000000000000         12.45000000000000      
    12.45000000000000         12.45000000000000         12.45000000000000      
    12.45000000000000         12.45000000000000         12.45000000000000      
    12.45000000000000         12.45000000000000         12.45000000000000      
    12.45000000000000         12.45000000000000         12.45000000000000      
    12.45000000000000         12.45000000000000         12.45000000000000      
    12.45000000000000         12.45000000000000         12.45000000000000      
    12.45000000000000         12.45000000000000         12.45000000000000      
    12.45000000000000         12.45000000000000         12.45000000000000      
    12.45000000000000         12.45000000000000         12.45000000000000      
    12.45000000000000         12.45000000000000         12.45000000000000      
    12.45000000000000         12.45000000000000         12.45000000000000      
    12.45000000000000         12.45000000000000         12.45000000000000      
    12.45000000000000         12.45000000000000         12.45000000000000      
    12.45000000000000         12.45000000000000         12.45000000000000      
    12.45000000000000         12.45000000000000         12.45000000000000      
    12.45000000000000         12.45000000000000         12.45000000000000      
    12.45000000000000         12.45000000000000         12.45000000000000      
    12.45000000000000         12.45000000000000         12.45000000000000      
    12.45000000000000         12.45000000000000         12.45000000000000      
    12.45000000000000         12.45000000000000         12.45000000000000      
    12.45000000000000         12.45000000000000         12.45000000000000      
    12.45000000000000         12.45000000000000         12.45000000000000      
    12.45000000000000         12.45000000000000         12.45000000000000      
    12.45000000000000         12.45000000000000         12.45000000000000      
    12.45000000000000         12.45000000000000         12.45000000000000      
    12.45000000000000         12.45000000000000         12.45000000000000      
    12.45000000000000         12.45000000000000         12.45000000000000      
    12.45000000000000         12.45000000000000         12.45000000000000      
    12.45000000000000         12.45000000000000         12.45000000000000      
    12.45000000000000         12.45000000000000         12.45000000000000      
    12.45000000000000         12.45000000000000         12.45000000000000      
    12.45000000000000         12.45000000000000         12.45000000000000      
    12.45000000000000         12.45000000000000         12.45000000000000      
    12.45000000000000         12.45000000000000         12.45000000000000      
    12.45000000000000         12.45000000000000         12.45000000000000      
    12.45000000000000         12.45000000000000         12.45000000000000      
    12.45000000000000         12.45000000000000         12.45000000000000      
    12.45000000000000         12.45000000000000         12.45000000000000      
    12.45000000000000         12.45000000000000         12.45000000000000      
    12.45000000000000         12.45000000000000         12.45000000000000      
    12.45000000000000         12.45000000000000         12.45000000000000      
    12.45000000000000         12.45000000000000         12.45000000000000      
    12.45000000000000         12.45000000000000         12.45000000000000      
    12.45000000000000         12.45000000000000         12.45000000000000      
    12.45000000000000         12.45000000000000         12.45000000000000      
    12.45000000000000         12.45000000000000         12.45000000000000      
    12.45000000000000         12.45000000000000         12.45000000000000      
    12.45000000000000         12.45000000000000         12.45000000000000      
    12.45000000000000         12.45000000000000         12.45000000000000      
    12.45000000000000         12.45000000000000         12.45000000000000      
    12.45000000000000         12.45000000000000         12.45000000000000      
    12.45000000000000         12.45000000000000         12.45000000000000      
    12.45000000000000         12.45000000000000         12.45000000000000      
    12.45000000000000         12.45000000000000         12.45000000000000      
    12.45000000000000         12.45000000000000         12.45000000000000      
    12.45000000000000         12.45000000000000         12.45000000000000      
    12.45000000000000         12.45000000000000         12.45000000000000      
    12.45000000000000         12.45000000000000         12.45000000000000      
    12.45000000000000         12.45000000000000         12.45000000000000      
    12.45000000000000         12.45000000000000         12.45000000000000      
    12.45000000000000         12.45000000000000         12.45000000000000      
    12.45000000000000         12.45000000000000         12.45000000000000      
    12.45000000000000         12.45000000000000         12.45000000000000      
    12.45000000000000         12.45000000000000         12.45000000000000      
    12.45000000000000         12.45000000000000         12.45000000000000      
    12.45000000000000         12.45000000000000         12.45000000000000      
    12.45000000000000         12.45000000000000         12.45000000000000      
    12.45000000000000         12.45000000000000         12.45000000000000      
    12.45000000000000         12.45000000000000         12.45000000000000      
    12.45000000000000         12.45000000000000         12.45000000000000      
    12.45000000000000     
    23.67000000000000         23.67000000000000         23.67000000000000      
    23.67000000000000         23.67000000000000         23.67000000000000      
    23.67000000000000         23.67000000000000         23.67000000000000      
    23.67000000000000         23.67000000000000         23.67000000000000      
    23.67000000000000         23.67000000000000         23.67000000000000      
    23.67000000000000         23.67000000000000         23.67000000000000      
    23.67000000000000         23.67000000000000         23.67000000000000      
    23.67000000000000         23.67000000000000         23.67000000000000      
    23.67000000000000         23.67000000000000         23.67000000000000      
    23.67000000000000         23.67000000000000         23.67000000000000      
    23.67000000000000         23.67000000000000         23.67000000000000      
    23.67000000000000         23.67000000000000         23.67000000000000      
    23.67000000000000         23.67000000000000         23.67000000000000      
    23.67000000000000         23.67000000000000         23.67000000000000      
    23.67000000000000         23.67000000000000         23.67000000000000      
    23.67000000000000         23.67000000000000         23.67000000000000      
    23.67000000000000         23.67000000000000         23.67000000000000      
    23.67000000000000         23.67000000000000         23.670000000    12.45000000000000         12.45000000000000         12.45000000000000      
    12.45000000000000         12.45000000000000         12.45000000000000      
    12.45000000000000         12.45000000000000         12.45000000000000      
    12.45000000000000         12.45000000000000         12.45000000000000      
    12.45000000000000     
    12.45000000000000         12.45000000000000         12.45000000000000      
    12.45000000000000         12.45000000000000         12.45000000000000      
    12.45000000000000         12.45000000000000         12.45000000000000      
    12.45000000000000         12.45000000000000         12.45000000000000      
    12.45000000000000         12.45000000000000         12.45000000000000      
    12.45000000000000         12.45000000000000         12.45000000000000      
    12.45000000000000         12.45000000000000         12.45000000000000      
    12.45000000000000         12.45000000000000         12.45000000000000      
    12.45000000000000         12.45000000000000         12.45000000000000      
    12.45000000000000         12.45000000000000         12.45000000000000      
    12.45000000000000         12.45000000000000         12.45000000000000      
    12.45000000000000         12.45000000000000         12.45000000000000      
    12.45000000000000         12.45000000000000         12.45000000000000      
    12.45000000000000         12.45000000000000         12.45000000000000      
    12.45000000000000         12.45000000000000         12.45000000000000      
    12.45000000000000         12.45000000000000         12.45000000000000      
    12.45000000000000         12.45000000000000         12.45000000000000      
    12.45000000000000         12.45000000000000         12.45000000000000      
    12.45000000000000         12.45000000000000         12.45000000000000      
    12.45000000000000         12.45000000000000         12.45000000000000      
    12.45000000000000         12.45000000000000         12.45000000000000      
    12.45000000000000         12.45000000000000         12.45000000000000      
    12.45000000000000         12.45000000000000         12.45000000000000      
    12.45000000000000         12.45000000000000         12.45000000000000      
    12.45000000000000         12.45000000000000         12.45000000000000      
    12.45000000000000         12.45000000000000         12.45000000000000      
    12.45000000000000         12.45000000000000         12.45000000000000      
    12.45000000000000         12.45000000000000         12.45000000000000      
    12.45000000000000         12.45000000000000         12.45000000000000      
    12.45000000000000         12.45000000000000         12.45000000000000      
    12.45000000000000         12.45000000000000         12.45000000000000      
    12.45000000000000         12.45000000000000         12.45000000000000      
    12.45000000000000         12.45000000000000         12.45000000000000      
    12.45000000000000     
    23.67000000000000         23.67000000000000         23.67000000000000      
    23.67000000000000         23.67000000000000         23.67000000000000      
    23.67000000000000         23.67000000000000         23.67000000000000      
    23.67000000000000         23.67000000000000         23.67000000000000      
    23.67000000000000         23.67000000000000         23.67000000000000      
    23.67000000000000         23.67000000000000         23.67000000000000      
    23.67000000000000         23.67000000000000         23.67000000000000      
    23.67000000000000         23.67000000000000         23.67000000000000      
    23.67000000000000         23.67000000000000         23.67000000000000      
    23.67000000000000         23.67000000000000         23.67000000000000      
    23.67000000000000         23.67000000000000         23.67000000000000      
    23.67000000000000         23.67000000000000         23.67000000000000      
    23.67000000000000         23.67000000000000         23.67000000000000      
    23.67000000000000         23.67000000    12.45000000000000         12.45000000000000         12.45000000000000      
    12.45000000000000         12.45000000000000         12.45000000000000      
    12.45000000000000         12.45000000000000         12.45000000000000      
    12.45000000000000     
    12.45000000000000         12.45000000000000         12.45000000000000      
    12.45000000000000         12.45000000000000         12.45000000000000      
    12.45000000000000         12.45000000000000         12.45000000000000      
    12.45000000000000         12.45000000000000         12.45000000000000      
    12.45000000000000         12.45000000000000         12.45000000000000      
    12.45000000000000         12.45000000000000         12.45000000000000      
    12.45000000000000         12.45000000000000         12.45000000000000      
    12.45000000000000         12.45000000000000         12.45000000000000      
    12.45000000000000         12.45000000000000         12.45000000000000      
    12.45000000000000         12.45000000000000         12.45000000000000      
    12.45000000000000         12.45000000000000         12.45000000000000      
    12.45000000000000         12.45000000000000         12.45000000000000      
    12.45000000000000         12.45000000000000         12.45000000000000      
    12.45000000000000         12.45000000000000         12.45000000000000      
    12.45000000000000         12.45000000000000         12.45000000000000      
    12.45000000000000         12.45000000000000         12.45000000000000      
    12.45000000000000         12.45000000000000         12.45000000000000      
    12.45000000000000         12.45000000000000         12.45000000000000      
    12.45000000000000         12.45000000000000         12.45000000000000      
    12.45000000000000         12.45000000000000         12.45000000000000      
    12.45000000000000         12.45000000000000         12.45000000000000      
    12.45000000000000         12.45000000000000         12.45000000000000      
    12.45000000000000         12.45000000000000         12.45000000000000      
    12.45000000000000         12.45000000000000         12.45000000000000      
    12.45000000000000         12.45000000000000         12.45000000000000      
    12.45000000000000         12.45000000000000         12.45000000000000      
    12.45000000000000         12.45000000000000         12.45000000000000      
    12.45000000000000         12.45000000000000         12.45000000000000      
    12.45000000000000         12.45000000000000         12.45000000000000      
    12.45000000000000         12.45000000000000         12.45000000000000      
    12.45000000000000         12.45000000000000         12.45000000000000      
    12.45000000000000         12.45000000000000         12.45000000000000      
    12.45000000000000         12.45000000000000         12.45000000000000      
    12.45000000000000     
    23.67000000000000         23.67000000000000         23.67000000000000      
    23.67000000000000         23.67000000000000         23.67000000000000      
    23.67000000000000         23.67000000000000         23.67000000000000      
    23.67000000000000         23.67000000000000         23.67000000000000      
    23.67000000000000         23.67000000000000         23.67000000000000      
    23.67000000000000         23.67000000000000         23.67000000000000      
    23.67000000000000         23.67000000000000         23.67000000000000      
    23.67000000000000         23.67000000000000         23.67000000000000      
    23.67000000000000         23.67000000000000         23.67000000000000      
    23.67000000000000         23.67000000000000         23.67000000000000      
    23.67000000000000         23.67000000000000         23.67000000000000      
    23.67000000000000         23.67000000000000         23.67000000000000      
    23.67000000000000         23.67000000000000         23.67000000000000      
    23.67000000000000         23.67000000000000         23.67000000000000      
    23.67000000000000         23.67000000    12.45000000000000     
    12.45000000000000         12.45000000000000         12.45000000000000      
    12.45000000000000         12.45000000000000         12.45000000000000      
    12.45000000000000         12.45000000000000         12.45000000000000      
    12.45000000000000         12.45000000000000         12.45000000000000      
    12.45000000000000         12.45000000000000         12.45000000000000      
    12.45000000000000         12.45000000000000         12.45000000000000      
    12.45000000000000         12.45000000000000         12.45000000000000      
    12.45000000000000         12.45000000000000         12.45000000000000      
    12.45000000000000         12.45000000000000         12.45000000000000      
    12.45000000000000         12.45000000000000         12.45000000000000      
    12.45000000000000         12.45000000000000         12.45000000000000      
    12.45000000000000         12.45000000000000         12.45000000000000      
    12.45000000000000         12.45000000000000         12.45000000000000      
    12.45000000000000         12.45000000000000         12.45000000000000      
    12.45000000000000         12.45000000000000         12.45000000000000      
    12.45000000000000         12.45000000000000         12.45000000000000      
    12.45000000000000         12.45000000000000         12.45000000000000      
    12.45000000000000         12.45000000000000         12.45000000000000      
    12.45000000000000         12.45000000000000         12.45000000000000      
    12.45000000000000         12.45000000000000         12.45000000000000      
    12.45000000000000         12.45000000000000         12.45000000000000      
    12.45000000000000         12.45000000000000         12.45000000000000      
    12.45000000000000         12.45000000000000         12.45000000000000      
    12.45000000000000         12.45000000000000         12.45000000000000      
    12.45000000000000         12.45000000000000         12.45000000000000      
    12.45000000000000         12.45000000000000         12.45000000000000      
    12.45000000000000         12.45000000000000         12.45000000000000      
    12.45000000000000         12.45000000000000         12.45000000000000      
    12.45000000000000         12.45000000000000         12.45000000000000      
    12.45000000000000         12.45000000000000         12.45000000000000      
    12.45000000000000         12.45000000000000         12.45000000000000      
    12.45000000000000         12.45000000000000         12.45000000000000      
    12.45000000000000         12.45000000000000         12.45000000000000      
    12.45000000000000     
    23.67000000000000         23.67000000000000         23.67000000000000      
    23.67000000000000         23.67000000000000         23.67000000000000      
    23.67000000000000         23.67000000000000         23.67000000000000      
    23.67000000000000         23.67000000000000         23.67000000000000      
    23.67000000000000         23.67000000000000         23.67000000000000      
    23.67000000000000         23.67000000000000         23.67000000000000      
    23.67000000000000         23.67000000000000         23.67000000000000      
    23.67000000000000         23.67000000000000         23.67000000000000      
    23.67000000000000         23.67000000000000         23.67000000000000      
    23.67000000000000         23.67000000000000         23.67000000000000      
    23.67000000000000         23.67000000000000         23.67000000000000      
    23.67000000000000         23.67000000000000         23.67000000000000      
    23.67000000000000         23.67000000000000         23.67000000000000      
    23.67000000000000         23.67000000000000         23.67000000000000      
    23.67000000000000         23.67000000000000         23.67000000000000      
    23.67000000000000         23.67000000000000         23.67000000000000      
    23.67000000000000         23.67000000000000         23.67000000000000      
    23.67000000000000         23.6700000000000      
    23.67000000000000         23.67000000000000         23.67000000000000      
    23.67000000000000         23.67000000000000         23.67000000000000      
    23.67000000000000         23.67000000000000         23.67000000000000      
    23.67000000000000         23.67000000000000         23.67000000000000      
    23.67000000000000         23.67000000000000         23.67000000000000      
    23.67000000000000         23.67000000000000         23.67000000000000      
    23.67000000000000         23.67000000000000         23.67000000000000      
    23.67000000000000         23.67000000000000         23.67000000000000      
    23.67000000000000         23.67000000000000         23.67000000000000      
    23.67000000000000         23.67000000000000         23.67000000000000      
    23.67000000000000         23.67000000000000         23.67000000000000      
    23.67000000000000         23.67000000000000         23.67000000000000      
    23.67000000000000         23.67000000000000         23.67000000000000      
    23.67000000000000         23.67000000000000         23.67000000000000      
    23.67000000000000         23.67000000000000         23.67000000000000      
    23.67000000000000     
    23.67000000000000         23.67000000000000         23.67000000000000      
    23.67000000000000         23.67000000000000         23.67000000000000      
    23.67000000000000         23.67000000000000         23.67000000000000      
    23.67000000000000         23.67000000000000         23.67000000000000      
    23.67000000000000         23.67000000000000         23.67000000000000      
    23.67000000000000         23.67000000000000         23.67000000000000      
    23.67000000000000         23.67000000000000         23.67000000000000      
    23.67000000000000         23.67000000000000         23.67000000000000      
    23.67000000000000         23.67000000000000         23.67000000000000      
    23.67000000000000         23.67000000000000         23.67000000000000      
    23.67000000000000         23.67000000000000         23.67000000000000      
    23.67000000000000         23.67000000000000         23.67000000000000      
    23.67000000000000         23.67000000000000         23.67000000000000      
    23.67000000000000         23.67000000000000         23.67000000000000      
    23.67000000000000         23.67000000000000         23.67000000000000      
    23.67000000000000         23.67000000000000         23.67000000000000      
    23.67000000000000         23.67000000000000         23.67000000000000      
    23.67000000000000         23.67000000000000         23.67000000000000      
    23.67000000000000         23.67000000000000         23.67000000000000      
    23.67000000000000         23.67000000000000         23.67000000000000      
    23.67000000000000         23.67000000000000         23.67000000000000      
    23.67000000000000         23.67000000000000         23.67000000000000      
    23.67000000000000         23.67000000000000         23.67000000000000      
    23.67000000000000         23.67000000000000         23.67000000000000      
    23.67000000000000         23.67000000000000         23.67000000000000      
    23.67000000000000         23.67000000000000         23.67000000000000      
    23.67000000000000         23.67000000000000         23.67000000000000      
    23.67000000000000         23.67000000000000         23.67000000000000      
    23.67000000000000         23.67000000000000         23.67000000000000      
    23.67000000000000         23.67000000000000         23.67000000000000      
    23.67000000000000         23.67000000000000         23.67000000000000      
    23.67000000000000         23.67000000000000         23.67000000000000      
    23.67000000000000         23.67000000000000         23.67000000000000      
    23.67000000000000     
    56.81000000000000         56.81000000000000         56.81000000000000      
    56.81000000000000         56.81000000000000         56.81000000000000      
    56.81000000000000        000000         23.67000000000000      
    23.67000000000000         23.67000000000000         23.67000000000000      
    23.67000000000000         23.67000000000000         23.67000000000000      
    23.67000000000000         23.67000000000000         23.67000000000000      
    23.67000000000000         23.67000000000000         23.67000000000000      
    23.67000000000000         23.67000000000000         23.67000000000000      
    23.67000000000000         23.67000000000000         23.67000000000000      
    23.67000000000000         23.67000000000000         23.67000000000000      
    23.67000000000000         23.67000000000000         23.67000000000000      
    23.67000000000000         23.67000000000000         23.67000000000000      
    23.67000000000000         23.67000000000000         23.67000000000000      
    23.67000000000000         23.67000000000000         23.67000000000000      
    23.67000000000000         23.67000000000000         23.67000000000000      
    23.67000000000000         23.67000000000000         23.67000000000000      
    23.67000000000000         23.67000000000000         23.67000000000000      
    23.67000000000000         23.67000000000000         23.67000000000000      
    23.67000000000000         23.67000000000000         23.67000000000000      
    23.67000000000000         23.67000000000000         23.67000000000000      
    23.67000000000000         23.67000000000000         23.67000000000000      
    23.67000000000000         23.67000000000000         23.67000000000000      
    23.67000000000000     
    23.67000000000000         23.67000000000000         23.67000000000000      
    23.67000000000000         23.67000000000000         23.67000000000000      
    23.67000000000000         23.67000000000000         23.67000000000000      
    23.67000000000000         23.67000000000000         23.67000000000000      
    23.67000000000000         23.67000000000000         23.67000000000000      
    23.67000000000000         23.67000000000000         23.67000000000000      
    23.67000000000000         23.67000000000000         23.67000000000000      
    23.67000000000000         23.67000000000000         23.67000000000000      
    23.67000000000000         23.67000000000000         23.67000000000000      
    23.67000000000000         23.67000000000000         23.67000000000000      
    23.67000000000000         23.67000000000000         23.67000000000000      
    23.67000000000000         23.67000000000000         23.67000000000000      
    23.67000000000000         23.67000000000000         23.67000000000000      
    23.67000000000000         23.67000000000000         23.67000000000000      
    23.67000000000000         23.67000000000000         23.67000000000000      
    23.67000000000000         23.67000000000000         23.67000000000000      
    23.67000000000000         23.67000000000000         23.67000000000000      
    23.67000000000000         23.67000000000000         23.67000000000000      
    23.67000000000000         23.67000000000000         23.67000000000000      
    23.67000000000000         23.67000000000000         23.67000000000000      
    23.67000000000000         23.67000000000000         23.67000000000000      
    23.67000000000000         23.67000000000000         23.67000000000000      
    23.67000000000000         23.67000000000000         23.67000000000000      
    23.67000000000000         23.67000000000000         23.67000000000000      
    23.67000000000000         23.67000000000000         23.67000000000000      
    23.67000000000000         23.67000000000000         23.67000000000000      
    23.67000000000000         23.67000000000000         23.67000000000000      
    23.67000000000000         23.67000000000000         23.67000000000000      
    23.67000000000000         23.67000000000000         23.67000000000000      
    23.67000000000000         23.67000000000000         23.67000000000000      
    23.67000000000000         23.67000000000000         23.67000000000000      
    23.67000000000000        000000         23.67000000000000      
    23.67000000000000         23.67000000000000         23.67000000000000      
    23.67000000000000         23.67000000000000         23.67000000000000      
    23.67000000000000         23.67000000000000         23.67000000000000      
    23.67000000000000         23.67000000000000         23.67000000000000      
    23.67000000000000         23.67000000000000         23.67000000000000      
    23.67000000000000         23.67000000000000         23.67000000000000      
    23.67000000000000         23.67000000000000         23.67000000000000      
    23.67000000000000         23.67000000000000         23.67000000000000      
    23.67000000000000         23.67000000000000         23.67000000000000      
    23.67000000000000         23.67000000000000         23.67000000000000      
    23.67000000000000         23.67000000000000         23.67000000000000      
    23.67000000000000         23.67000000000000         23.67000000000000      
    23.67000000000000         23.67000000000000         23.67000000000000      
    23.67000000000000         23.67000000000000         23.67000000000000      
    23.67000000000000         23.67000000000000         23.67000000000000      
    23.67000000000000         23.67000000000000         23.67000000000000      
    23.67000000000000         23.67000000000000         23.67000000000000      
    23.67000000000000         23.67000000000000         23.67000000000000      
    23.67000000000000     
    23.67000000000000         23.67000000000000         23.67000000000000      
    23.67000000000000         23.67000000000000         23.67000000000000      
    23.67000000000000         23.67000000000000         23.67000000000000      
    23.67000000000000         23.67000000000000         23.67000000000000      
    23.67000000000000         23.67000000000000         23.67000000000000      
    23.67000000000000         23.67000000000000         23.67000000000000      
    23.67000000000000         23.67000000000000         23.67000000000000      
    23.67000000000000         23.67000000000000         23.67000000000000      
    23.67000000000000         23.67000000000000         23.67000000000000      
    23.67000000000000         23.67000000000000         23.67000000000000      
    23.67000000000000         23.67000000000000         23.67000000000000      
    23.67000000000000         23.67000000000000         23.67000000000000      
    23.67000000000000         23.67000000000000         23.67000000000000      
    23.67000000000000         23.67000000000000         23.67000000000000      
    23.67000000000000         23.67000000000000         23.67000000000000      
    23.67000000000000         23.67000000000000         23.67000000000000      
    23.67000000000000         23.67000000000000         23.67000000000000      
    23.67000000000000         23.67000000000000         23.67000000000000      
    23.67000000000000         23.67000000000000         23.67000000000000      
    23.67000000000000         23.67000000000000         23.67000000000000      
    23.67000000000000         23.67000000000000         23.67000000000000      
    23.67000000000000         23.67000000000000         23.67000000000000      
    23.67000000000000         23.67000000000000         23.67000000000000      
    23.67000000000000         23.67000000000000         23.67000000000000      
    23.67000000000000         23.67000000000000         23.67000000000000      
    23.67000000000000         23.67000000000000         23.67000000000000      
    23.67000000000000         23.67000000000000         23.67000000000000      
    23.67000000000000         23.67000000000000         23.67000000000000      
    23.67000000000000         23.67000000000000         23.67000000000000      
    23.67000000000000         23.67000000000000         23.67000000000000      
    23.67000000000000         23.67000000000000         23.67000000000000      
    23.67000000000000         23.67000000000000         23.67000000000000      
    23.67000000000000        000000         23.67000000000000      
    23.67000000000000         23.67000000000000         23.67000000000000      
    23.67000000000000         23.67000000000000         23.67000000000000      
    23.67000000000000         23.67000000000000         23.67000000000000      
    23.67000000000000         23.67000000000000         23.67000000000000      
    23.67000000000000         23.67000000000000         23.67000000000000      
    23.67000000000000         23.67000000000000         23.67000000000000      
    23.67000000000000         23.67000000000000         23.67000000000000      
    23.67000000000000         23.67000000000000         23.67000000000000      
    23.67000000000000         23.67000000000000         23.67000000000000      
    23.67000000000000         23.67000000000000         23.67000000000000      
    23.67000000000000         23.67000000000000         23.67000000000000      
    23.67000000000000         23.67000000000000         23.67000000000000      
    23.67000000000000         23.67000000000000         23.67000000000000      
    23.67000000000000         23.67000000000000         23.67000000000000      
    23.67000000000000         23.67000000000000         23.67000000000000      
    23.67000000000000     
    23.67000000000000         23.67000000000000         23.67000000000000      
    23.67000000000000         23.67000000000000         23.67000000000000      
    23.67000000000000         23.67000000000000         23.67000000000000      
    23.67000000000000         23.67000000000000         23.67000000000000      
    23.67000000000000         23.67000000000000         23.67000000000000      
    23.67000000000000         23.67000000000000         23.67000000000000      
    23.67000000000000         23.67000000000000         23.67000000000000      
    23.67000000000000         23.67000000000000         23.67000000000000      
    23.67000000000000         23.67000000000000         23.67000000000000      
    23.67000000000000         23.67000000000000         23.67000000000000      
    23.67000000000000         23.67000000000000         23.67000000000000      
    23.67000000000000         23.67000000000000         23.67000000000000      
    23.67000000000000         23.67000000000000         23.67000000000000      
    23.67000000000000         23.67000000000000         23.67000000000000      
    23.67000000000000         23.67000000000000         23.67000000000000      
    23.67000000000000         23.67000000000000         23.67000000000000      
    23.67000000000000         23.67000000000000         23.67000000000000      
    23.67000000000000         23.67000000000000         23.67000000000000      
    23.67000000000000         23.67000000000000         23.67000000000000      
    23.67000000000000         23.67000000000000         23.67000000000000      
    23.67000000000000         23.67000000000000         23.67000000000000      
    23.67000000000000         23.67000000000000         23.67000000000000      
    23.67000000000000         23.67000000000000         23.67000000000000      
    23.67000000000000         23.67000000000000         23.67000000000000      
    23.67000000000000         23.67000000000000         23.67000000000000      
    23.67000000000000         23.67000000000000         23.67000000000000      
    23.67000000000000         23.67000000000000         23.67000000000000      
    23.67000000000000         23.67000000000000         23.67000000000000      
    23.67000000000000         23.67000000000000         23.67000000000000      
    23.67000000000000         23.67000000000000         23.67000000000000      
    23.67000000000000         23.67000000000000         23.67000000000000      
    23.67000000000000         23.67000000000000         23.67000000000000      
    23.67000000000000         23.67000000000000         23.67000000000000      
    23.67000000000000     
    56.81000000000000         56.81000000000000         56.81000000000000      
    56.81000000000000         56.81000000000000         56.81000000000000      
   56.81000000000000         56.81000000000000      
    56.81000000000000         56.81000000000000         56.81000000000000      
    56.81000000000000         56.81000000000000         56.81000000000000      
    56.81000000000000         56.81000000000000         56.81000000000000      
    56.81000000000000         56.81000000000000         56.81000000000000      
    56.81000000000000         56.81000000000000         56.81000000000000      
    56.81000000000000         56.81000000000000         56.81000000000000      
    56.81000000000000         56.81000000000000         56.81000000000000      
    56.81000000000000         56.81000000000000         56.81000000000000      
    56.81000000000000         56.81000000000000         56.81000000000000      
    56.81000000000000         56.81000000000000         56.81000000000000      
    56.81000000000000         56.81000000000000         56.81000000000000      
    56.81000000000000         56.81000000000000         56.81000000000000      
    56.81000000000000         56.81000000000000         56.81000000000000      
    56.81000000000000         56.81000000000000         56.81000000000000      
    56.81000000000000         56.81000000000000         56.81000000000000      
    56.81000000000000         56.81000000000000         56.81000000000000      
    56.81000000000000         56.81000000000000         56.81000000000000      
    56.81000000000000         56.81000000000000         56.81000000000000      
    56.81000000000000         56.81000000000000         56.81000000000000      
    56.81000000000000         56.81000000000000         56.81000000000000      
    56.81000000000000         56.81000000000000         56.81000000000000      
    56.81000000000000         56.81000000000000         56.81000000000000      
    56.81000000000000         56.81000000000000         56.81000000000000      
    56.81000000000000         56.81000000000000         56.81000000000000      
    56.81000000000000         56.81000000000000         56.81000000000000      
    56.81000000000000         56.81000000000000         56.81000000000000      
    56.81000000000000         56.81000000000000         56.81000000000000      
    56.81000000000000         56.81000000000000         56.81000000000000      
    56.81000000000000         56.81000000000000         56.81000000000000      
    56.81000000000000         56.81000000000000         56.81000000000000      
    56.81000000000000     
    56.81000000000000         56.81000000000000         56.81000000000000      
    56.81000000000000         56.81000000000000         56.81000000000000      
    56.81000000000000         56.81000000000000         56.81000000000000      
    56.81000000000000         56.81000000000000         56.81000000000000      
    56.81000000000000         56.81000000000000         56.81000000000000      
    56.81000000000000         56.81000000000000         56.81000000000000      
    56.81000000000000         56.81000000000000         56.81000000000000      
    56.81000000000000         56.81000000000000         56.81000000000000      
    56.81000000000000         56.81000000000000         56.81000000000000      
    56.81000000000000         56.81000000000000         56.81000000000000      
    56.81000000000000         56.81000000000000         56.81000000000000      
    56.81000000000000         56.81000000000000         56.81000000000000      
    56.81000000000000         56.81000000000000         56.81000000000000      
    56.81000000000000         56.81000000000000         56.81000000000000      
    56.81000000000000         56.81000000000000         56.81000000000000      
    56.81000000000000         56.81000000000000         56.81000000000000      
    56.81000000000000         56.81000000000000         56.81000000000000      
    56.81000000000000         56.81000000000000         56.81000000000000      
    56.81000000000000         56.81000000000000         56.81000000000000      
    56.81000000000000         56.81000000000000         56.81000000000000      
    56.8100000000 23.67000000000000         23.67000000000000      
    23.67000000000000         23.67000000000000         23.67000000000000      
    23.67000000000000     
    56.81000000000000         56.81000000000000         56.81000000000000      
    56.81000000000000         56.81000000000000         56.81000000000000      
    56.81000000000000         56.81000000000000         56.81000000000000      
    56.81000000000000         56.81000000000000         56.81000000000000      
 23.67000000000000         23.67000000000000      
    23.67000000000000     
    56.81000000000000         56.81000000000000         56.81000000000000      
    56.81000000000000         56.81000000000000         56.81000000000000      
    56.81000000000000         56.81000000000000         56.81000000000000      
    56.81000000000000         56.81000000000000         56.81000000000000      
    56.81000000000000         56.81000000000000         56.81000000000000      
    56.81000000000000         56.81000000000000         56.81000000000000      
    56.81000000000000         56.81000000000000         56.81000000000000      
    56.81000000000000         56.81000000000000         56.81000000000000      
    56.81000000000000         56.81000000000000         56.81000000000000      
    56.81000000000000         56.81000000000000         56.81000000000000      
    56.81000000000000         56.81000000000000         56.81000000000000      
    56.81000000000000         56.81000000000000         56.81000000000000      
    56.81000000000000         56.81000000000000         56.81000000000000      
    56.81000000000000         56.81000000000000         56.81000000000000      
    56.81000000000000         56.81000000000000         56.81000000000000      
    56.81000000000000         56.81000000000000         56.81000000000000      
    56.81000000000000         56.81000000000000         56.81000000000000      
    56.81000000000000         56.81000000000000         56.81000000000000      
    56.81000000000000         56.81000000000000         56.81000000000000      
    56.81000000000000         56.81000000000000         56.81000000000000      
    56.81000000000000         56.81000000000000         56.81000000000000      
    56.81000000000000         56.81000000000000         56.81000000000000      
    56.81000000000000         56.81000000000000         56.81000000000000      
    56.81000000000000         56.81000000000000         56.81000000000000      
    56.81000000000000         56.81000000000000         56.81000000000000      
    56.81000000000000         56.81000000000000         56.81000000000000      
    56.81000000000000         56.81000000000000         56.81000000000000      
    56.81000000000000         56.81000000000000         56.81000000000000      
    56.81000000000000         56.81000000000000         56.81000000000000      
    56.81000000000000         56.81000000000000         56.81000000000000      
    56.81000000000000         56.81000000000000         56.81000000000000      
    56.81000000000000         56.81000000000000         56.81000000000000      
    56.81000000000000         56.81000000000000         56.81000000000000      
    56.81000000000000     
    56.81000000000000         56.81000000000000         56.81000000000000      
    56.81000000000000         56.81000000000000         56.81000000000000      
    56.81000000000000         56.81000000000000         56.81000000000000      
    56.81000000000000         56.81000000000000         56.81000000000000      
    56.81000000000000         56.81000000000000         56.81000000000000      
    56.81000000000000         56.81000000000000         56.81000000000000      
    56.81000000000000         56.81000000000000         56.81000000000000      
    56.81000000000000         56.81000000000000         56.81000000000000      
    56.81000000000000         56.81000000000000         56.81000000000000      
    56.81000000000000         56.81000000000000         56.81000000000000      
    56.81000000000000         56.81000000000000         56.81000000000000      
    56.81000000000000         56.81000000000000         56.81000000000000      
    56.81000000000000         56.81000000000000         56.81000000000000      
    56.81000000000000         56.81000000000000         56.81000000000000      
    56.81000000000000         56.81000000000000         56.81000000000000      
    56.81000000000000         56.81000000000000         56.81000000000000      
    56.81000000000000         56.81000000000000         56.81000000000  56.81000000000000         56.81000000000000         56.81000000000000      
    56.81000000000000         56.81000000000000         56.81000000000000      
    56.81000000000000         56.81000000000000         56.81000000000000      
    56.81000000000000         56.81000000000000         56.81000000000000      
    56.81000000000000         56.81000000000000         56.81000000000000      
    56.81000000000000         56.81000000000000         56.81000000000000      
    56.81000000000000         56.81000000000000         56.81000000000000      
    56.81000000000000         56.81000000000000         56.81000000000000      
    56.81000000000000         56.81000000000000         56.81000000000000      
    56.81000000000000         56.81000000000000         56.81000000000000      
    56.81000000000000         56.81000000000000         56.81000000000000      
    56.81000000000000         56.81000000000000         56.81000000000000      
    56.81000000000000         56.81000000000000         56.81000000000000      
    56.81000000000000         56.81000000000000         56.81000000000000      
    56.81000000000000         56.81000000000000         56.81000000000000      
    56.81000000000000         56.81000000000000         56.81000000000000      
    56.81000000000000         56.81000000000000         56.81000000000000      
    56.81000000000000         56.81000000000000         56.81000000000000      
    56.81000000000000         56.81000000000000         56.81000000000000      
    56.81000000000000         56.81000000000000         56.81000000000000      
    56.81000000000000         56.81000000000000         56.81000000000000      
    56.81000000000000         56.81000000000000         56.81000000000000      
    56.81000000000000         56.81000000000000         56.81000000000000      
    56.81000000000000         56.81000000000000         56.81000000000000      
    56.81000000000000         56.81000000000000         56.81000000000000      
    56.81000000000000         56.81000000000000         56.81000000000000      
    56.81000000000000         56.81000000000000         56.81000000000000      
    56.81000000000000         56.81000000000000         56.81000000000000      
    56.81000000000000         56.81000000000000         56.81000000000000      
    56.81000000000000         56.81000000000000         56.81000000000000      
    56.81000000000000         56.81000000000000         56.81000000000000      
    56.81000000000000     
    56.81000000000000         56.81000000000000         56.81000000000000      
    56.81000000000000         56.81000000000000         56.81000000000000      
    56.81000000000000         56.81000000000000         56.81000000000000      
    56.81000000000000         56.81000000000000         56.81000000000000      
    56.81000000000000         56.81000000000000         56.81000000000000      
    56.81000000000000         56.81000000000000         56.81000000000000      
    56.81000000000000         56.81000000000000         56.81000000000000      
    56.81000000000000         56.81000000000000         56.81000000000000      
    56.81000000000000         56.81000000000000         56.81000000000000      
    56.81000000000000         56.81000000000000         56.81000000000000      
    56.81000000000000         56.81000000000000         56.81000000000000      
    56.81000000000000         56.81000000000000         56.81000000000000      
    56.81000000000000         56.81000000000000         56.81000000000000      
    56.81000000000000         56.81000000000000         56.81000000000000      
    56.81000000000000         56.81000000000000         56.81000000000000      
    56.81000000000000         56.81000000000000         56.81000000000000      
    56.81000000000000         56.81000000000000         56.81000000000000      
    56.81000000000000         56.81000000000000         56.81000000000000      
    56.81000000000000         56.81000000000000         56.81000000000000      
    56.81000000000000         56.81000000000000         56.810000000000000         56.81000000000000         56.81000000000000      
    56.81000000000000         56.81000000000000         56.81000000000000      
    56.81000000000000         56.81000000000000         56.81000000000000      
    56.81000000000000         56.81000000000000         56.81000000000000      
    56.81000000000000         56.81000000000000         56.81000000000000      
    56.81000000000000         56.81000000000000         56.81000000000000      
    56.81000000000000         56.81000000000000         56.81000000000000      
    56.81000000000000         56.81000000000000         56.81000000000000      
    56.81000000000000         56.81000000000000         56.81000000000000      
    56.81000000000000         56.81000000000000         56.81000000000000      
    56.81000000000000         56.81000000000000         56.81000000000000      
    56.81000000000000         56.81000000000000         56.81000000000000      
    56.81000000000000         56.81000000000000         56.81000000000000      
    56.81000000000000     
    56.81000000000000         56.81000000000000         56.81000000000000      
    56.81000000000000         56.81000000000000         56.81000000000000      
    56.81000000000000         56.81000000000000         56.81000000000000      
    56.81000000000000         56.81000000000000         56.81000000000000      
    56.81000000000000         56.81000000000000         56.81000000000000      
    56.81000000000000         56.81000000000000         56.81000000000000      
    56.81000000000000         56.81000000000000         56.81000000000000      
    56.81000000000000         56.81000000000000         56.81000000000000      
    56.81000000000000         56.81000000000000         56.81000000000000      
    56.81000000000000         56.81000000000000         56.81000000000000      
    56.81000000000000         56.81000000000000         56.81000000000000      
    56.81000000000000         56.81000000000000         56.81000000000000      
    56.81000000000000         56.81000000000000         56.81000000000000      
    56.81000000000000         56.81000000000000         56.81000000000000      
    56.81000000000000         56.81000000000000         56.81000000000000      
    56.81000000000000         56.81000000000000         56.81000000000000      
000      
    56.81000000000000         56.81000000000000         56.81000000000000      
    56.81000000000000         56.81000000000000         56.81000000000000      
    56.81000000000000         56.81000000000000         56.81000000000000      
    56.81000000000000         56.81000000000000         56.81000000000000      
    56.81000000000000         56.81000000000000         56.81000000000000      
    56.81000000000000         56.81000000000000         56.81000000000000      
    56.81000000000000         56.81000000000000         56.81000000000000      
    56.81000000000000         56.81000000000000         56.81000000000000      
    56.81000000000000         56.81000000000000         56.81000000000000      
    56.81000000000000         56.81000000000000         56.81000000000000      
    56.81000000000000         56.81000000000000         56.81000000000000      
    56.81000000000000         56.81000000000000         56.81000000000000      
    56.81000000000000         56.81000000000000         56.81000000000000      
    56.81000000000000         56.81000000000000         56.81000000000000      
    56.81000000000000         56.81000000000000         56.81000000000000      
    56.81000000000000         56.81000000000000         56.81000000000000      
    56.81000000000000     
000      
    56.81000000000000         56.81000000000000         56.81000000000000      
    56.81000000000000         56.81000000000000         56.81000000000000      
    56.81000000000000         56.81000000000000         56.81000000000000      
    56.81000000000000         56.81000000000000         56.81000000000000      
    56.81000000000000         56.81000000000000         56.81000000000000      
    56.81000000000000         56.81000000000000         56.81000000000000      
    56.81000000000000         56.81000000000000         56.81000000000000      
    56.81000000000000         56.81000000000000         56.81000000000000      
    56.81000000000000         56.81000000000000         56.81000000000000      
    56.81000000000000         56.81000000000000         56.81000000000000      
    56.81000000000000         56.81000000000000         56.81000000000000      
    56.81000000000000         56.81000000000000         56.81000000000000      
    56.81000000000000         56.81000000000000         56.81000000000000      
    56.81000000000000     
  PASS  Example ESMF_ArrayFarrayEx, ESMF_ArrayFarrayEx.F90, line 288
    56.81000000000000         56.81000000000000         56.81000000000000      
    56.81000000000000         56.81000000000000         56.81000000000000      
    56.81000000000000         56.81000000000000         56.81000000000000      
    56.81000000000000         56.81000000000000         56.81000000000000      
    56.81000000000000         56.81000000000000         56.81000000000000      
    56.81000000000000         56.81000000000000         56.81000000000000      
    56.81000000000000         56.81000000000000         56.81000000000000      
    56.81000000000000         56.81000000000000         56.81000000000000      
    56.81000000000000         56.81000000000000         56.81000000000000      
  PASS  Example ESMF_ArrayFarrayEx, ESMF_ArrayFarrayEx.F90, line 288
  PASS  Example ESMF_ArrayFarrayEx, ESMF_ArrayFarrayEx.F90, line 288
    56.81000000000000         56.81000000000000         56.81000000000000      
    56.81000000000000         56.81000000000000         56.81000000000000      
    56.81000000000000         56.81000000000000         56.81000000000000      
    56.81000000000000         56.81000000000000         56.81000000000000      
    56.81000000000000     
    56.81000000000000         56.81000000000000         56.81000000000000      
    56.81000000000000         56.81000000000000         56.81000000000000      
    56.81000000000000         56.81000000000000         56.81000000000000      
    56.81000000000000         56.81000000000000         56.81000000000000      
    56.81000000000000         56.81000000000000         56.81000000000000      
    56.81000000000000         56.81000000000000         56.81000000000000      
    56.81000000000000         56.81000000000000         56.81000000000000      
    56.81000000000000         56.81000000000000         56.81000000000000      
    56.81000000000000         56.81000000000000         56.81000000000000      
    56.81000000000000         56.81000000000000         56.81000000000000      
    56.81000000000000         56.81000000000000         56.81000000000000      
    56.81000000000000         56.81000000000000         56.81000000000000      
    56.81000000000000         56.81000000000000         56.81000000000000      
    56.81000000000000         56.81000000000000         56.81000000000000      
    56.81000000000000         56.81000000000000         56.81000000000000      
    56.81000000000000         56.81000000000000         56.81000000000000      
    56.81000000000000         56.81000000000000         56.81000000000000      
    56.81000000000000         56.81000000000000         56.81000000000000      
    56.81000000000000         56.81000000000000         56.81000000000000      
    56.81000000000000         56.81000000000000         56.81000000000000      
    56.81000000000000         56.81000000000000         56.81000000000000      
    56.81000000000000         56.81000000000000         56.81000000000000      
    56.81000000000000         56.81000000000000         56.81000000000000      
    56.81000000000000         56.81000000000000         56.81000000000000      
    56.81000000000000         56.81000000000000         56.81000000000000      
    56.81000000000000         56.81000000000000         56.81000000000000      
    56.81000000000000         56.81000000000000         56.81000000000000      
    56.81000000000000         56.81000000000000         56.81000000000000      
    56.81000000000000         56.81000000000000         56.81000000000000      
    56.81000000000000         56.81000000000000         56.81000000000000      
    56.81000000000000         56.81000000000000         56.81000000000000      
    56.81000000000000         56.81000000000000         56.81000000000000      
    56.81000000000000         56.81000000000000         56.81000000000000      
    56.81000000000000     
  PASS  Example ESMF_ArrayFarrayEx, ESMF_ArrayFarrayEx.F90, line 288
 PASS: ESMF_ArrayFarrayEx.F90
 PASS: ESMF_ArrayFarrayEx.F90
 PASS: ESMF_ArrayFarrayEx.F90
 PASS: ESMF_ArrayFarrayEx.F90
