2026-05-24 07:44:49
20260524 084703.235 INFO             PET0 !!!!!!!!!!!!!!!!!!!!!!!!!!!!!!!!!!!!!!!!!!!!!!!!!!!!!!
20260524 084703.235 INFO             PET0 !!! THE ESMF_LOG IS SET TO OUTPUT ALL LOG MESSAGES !!!
20260524 084703.235 INFO             PET0 !!!     THIS MAY CAUSE SLOWDOWN IN PERFORMANCE     !!!
20260524 084703.235 INFO             PET0 !!! FOR PRODUCTION RUNS, USE:                      !!!
20260524 084703.235 INFO             PET0 !!!                   ESMF_LOGKIND_Multi_On_Error  !!!
20260524 084703.235 INFO             PET0 !!!!!!!!!!!!!!!!!!!!!!!!!!!!!!!!!!!!!!!!!!!!!!!!!!!!!!
20260524 084703.235 INFO             PET0 Running with ESMF Version   : develop+g681a42bf77
20260524 084703.235 INFO             PET0 ESMF library build date/time: "May 24 2026" "07:40:44"
20260524 084703.235 INFO             PET0 ESMF library build location : /scratch3/NCEPDEV/stmp/Gerhard.Theurich/ESMF-Nightly-Testing-Hera/nvhpc_24.1_openmpi_O_develop/esmf
20260524 084703.235 INFO             PET0 ESMF_COMM                   : openmpi
20260524 084703.236 INFO             PET0 ESMF_MOAB                   : enabled
20260524 084703.236 INFO             PET0 ESMF_LAPACK                 : enabled
20260524 084703.236 INFO             PET0 ESMF_NETCDF                 : disabled
20260524 084703.236 INFO             PET0 ESMF_PNETCDF                : disabled
20260524 084703.236 INFO             PET0 ESMF_PIO                    : disabled
20260524 084703.236 INFO             PET0 ESMF_YAMLCPP                : enabled
20260524 084703.238 INFO             PET0  NUMBER_OF_PROCESSORS            1
20260524 084703.238 INFO             PET0  PASS  Example ESMF_TimeEx, ESMF_TimeEx.F90, line 141
20260524 084703.238 INFO             PET0  Finalizing ESMF
