2026-06-19 07:45:21
20260619 085920.796 INFO             PET0 !!!!!!!!!!!!!!!!!!!!!!!!!!!!!!!!!!!!!!!!!!!!!!!!!!!!!!
20260619 085920.796 INFO             PET0 !!! THE ESMF_LOG IS SET TO OUTPUT ALL LOG MESSAGES !!!
20260619 085920.796 INFO             PET0 !!!     THIS MAY CAUSE SLOWDOWN IN PERFORMANCE     !!!
20260619 085920.796 INFO             PET0 !!! FOR PRODUCTION RUNS, USE:                      !!!
20260619 085920.796 INFO             PET0 !!!                   ESMF_LOGKIND_Multi_On_Error  !!!
20260619 085920.796 INFO             PET0 !!!!!!!!!!!!!!!!!!!!!!!!!!!!!!!!!!!!!!!!!!!!!!!!!!!!!!
20260619 085920.796 INFO             PET0 Running with ESMF Version   : develop+g1c84b61425
20260619 085920.796 INFO             PET0 ESMF library build date/time: "Jun 19 2026" "07:40:58"
20260619 085920.796 INFO             PET0 ESMF library build location : /scratch3/NCEPDEV/stmp/Gerhard.Theurich/ESMF-Nightly-Testing-Hera/nvhpc_24.1_openmpi_O_develop/esmf
20260619 085920.796 INFO             PET0 ESMF_COMM                   : openmpi
20260619 085920.796 INFO             PET0 ESMF_MOAB                   : enabled
20260619 085920.796 INFO             PET0 ESMF_LAPACK                 : enabled
20260619 085920.796 INFO             PET0 ESMF_NETCDF                 : disabled
20260619 085920.796 INFO             PET0 ESMF_PNETCDF                : disabled
20260619 085920.796 INFO             PET0 ESMF_PIO                    : disabled
20260619 085920.796 INFO             PET0 ESMF_YAMLCPP                : enabled
20260619 085920.800 INFO             PET0  NUMBER_OF_PROCESSORS            4
20260619 085920.800 INFO             PET0  PASS  Example ESMF_SCompEx, ESMF_SCompEx.F90, line 385
20260619 085920.800 INFO             PET0  Finalizing ESMF
20260619 085920.796 INFO             PET1 !!!!!!!!!!!!!!!!!!!!!!!!!!!!!!!!!!!!!!!!!!!!!!!!!!!!!!
20260619 085920.796 INFO             PET1 !!! THE ESMF_LOG IS SET TO OUTPUT ALL LOG MESSAGES !!!
20260619 085920.796 INFO             PET1 !!!     THIS MAY CAUSE SLOWDOWN IN PERFORMANCE     !!!
20260619 085920.796 INFO             PET1 !!! FOR PRODUCTION RUNS, USE:                      !!!
20260619 085920.796 INFO             PET1 !!!                   ESMF_LOGKIND_Multi_On_Error  !!!
20260619 085920.796 INFO             PET1 !!!!!!!!!!!!!!!!!!!!!!!!!!!!!!!!!!!!!!!!!!!!!!!!!!!!!!
20260619 085920.796 INFO             PET1 Running with ESMF Version   : develop+g1c84b61425
20260619 085920.796 INFO             PET1 ESMF library build date/time: "Jun 19 2026" "07:40:58"
20260619 085920.796 INFO             PET1 ESMF library build location : /scratch3/NCEPDEV/stmp/Gerhard.Theurich/ESMF-Nightly-Testing-Hera/nvhpc_24.1_openmpi_O_develop/esmf
20260619 085920.796 INFO             PET1 ESMF_COMM                   : openmpi
20260619 085920.797 INFO             PET1 ESMF_MOAB                   : enabled
20260619 085920.797 INFO             PET1 ESMF_LAPACK                 : enabled
20260619 085920.797 INFO             PET1 ESMF_NETCDF                 : disabled
20260619 085920.797 INFO             PET1 ESMF_PNETCDF                : disabled
20260619 085920.797 INFO             PET1 ESMF_PIO                    : disabled
20260619 085920.797 INFO             PET1 ESMF_YAMLCPP                : enabled
20260619 085920.800 INFO             PET1  NUMBER_OF_PROCESSORS            4
20260619 085920.800 INFO             PET1  PASS  Example ESMF_SCompEx, ESMF_SCompEx.F90, line 385
20260619 085920.800 INFO             PET1  Finalizing ESMF
20260619 085920.795 INFO             PET2 !!!!!!!!!!!!!!!!!!!!!!!!!!!!!!!!!!!!!!!!!!!!!!!!!!!!!!
20260619 085920.795 INFO             PET2 !!! THE ESMF_LOG IS SET TO OUTPUT ALL LOG MESSAGES !!!
20260619 085920.795 INFO             PET2 !!!     THIS MAY CAUSE SLOWDOWN IN PERFORMANCE     !!!
20260619 085920.795 INFO             PET2 !!! FOR PRODUCTION RUNS, USE:                      !!!
20260619 085920.795 INFO             PET2 !!!                   ESMF_LOGKIND_Multi_On_Error  !!!
20260619 085920.795 INFO             PET2 !!!!!!!!!!!!!!!!!!!!!!!!!!!!!!!!!!!!!!!!!!!!!!!!!!!!!!
20260619 085920.795 INFO             PET2 Running with ESMF Version   : develop+g1c84b61425
20260619 085920.795 INFO             PET2 ESMF library build date/time: "Jun 19 2026" "07:40:58"
20260619 085920.795 INFO             PET2 ESMF library build location : /scratch3/NCEPDEV/stmp/Gerhard.Theurich/ESMF-Nightly-Testing-Hera/nvhpc_24.1_openmpi_O_develop/esmf
20260619 085920.796 INFO             PET2 ESMF_COMM                   : openmpi
20260619 085920.796 INFO             PET2 ESMF_MOAB                   : enabled
20260619 085920.796 INFO             PET2 ESMF_LAPACK                 : enabled
20260619 085920.796 INFO             PET2 ESMF_NETCDF                 : disabled
20260619 085920.796 INFO             PET2 ESMF_PNETCDF                : disabled
20260619 085920.796 INFO             PET2 ESMF_PIO                    : disabled
20260619 085920.796 INFO             PET2 ESMF_YAMLCPP                : enabled
20260619 085920.800 INFO             PET2  NUMBER_OF_PROCESSORS            4
20260619 085920.800 INFO             PET2  PASS  Example ESMF_SCompEx, ESMF_SCompEx.F90, line 385
20260619 085920.800 INFO             PET2  Finalizing ESMF
20260619 085920.796 INFO             PET3 !!!!!!!!!!!!!!!!!!!!!!!!!!!!!!!!!!!!!!!!!!!!!!!!!!!!!!
20260619 085920.796 INFO             PET3 !!! THE ESMF_LOG IS SET TO OUTPUT ALL LOG MESSAGES !!!
20260619 085920.796 INFO             PET3 !!!     THIS MAY CAUSE SLOWDOWN IN PERFORMANCE     !!!
20260619 085920.796 INFO             PET3 !!! FOR PRODUCTION RUNS, USE:                      !!!
20260619 085920.796 INFO             PET3 !!!                   ESMF_LOGKIND_Multi_On_Error  !!!
20260619 085920.796 INFO             PET3 !!!!!!!!!!!!!!!!!!!!!!!!!!!!!!!!!!!!!!!!!!!!!!!!!!!!!!
20260619 085920.796 INFO             PET3 Running with ESMF Version   : develop+g1c84b61425
20260619 085920.796 INFO             PET3 ESMF library build date/time: "Jun 19 2026" "07:40:58"
20260619 085920.796 INFO             PET3 ESMF library build location : /scratch3/NCEPDEV/stmp/Gerhard.Theurich/ESMF-Nightly-Testing-Hera/nvhpc_24.1_openmpi_O_develop/esmf
20260619 085920.796 INFO             PET3 ESMF_COMM                   : openmpi
20260619 085920.797 INFO             PET3 ESMF_MOAB                   : enabled
20260619 085920.797 INFO             PET3 ESMF_LAPACK                 : enabled
20260619 085920.797 INFO             PET3 ESMF_NETCDF                 : disabled
20260619 085920.797 INFO             PET3 ESMF_PNETCDF                : disabled
20260619 085920.797 INFO             PET3 ESMF_PIO                    : disabled
20260619 085920.797 INFO             PET3 ESMF_YAMLCPP                : enabled
20260619 085920.800 INFO             PET3  NUMBER_OF_PROCESSORS            4
20260619 085920.800 INFO             PET3  PASS  Example ESMF_SCompEx, ESMF_SCompEx.F90, line 385
20260619 085920.800 INFO             PET3  Finalizing ESMF
