2026-08-27 07:48:53
20260827 090224.786 INFO             PET0 !!!!!!!!!!!!!!!!!!!!!!!!!!!!!!!!!!!!!!!!!!!!!!!!!!!!!!
20260827 090224.786 INFO             PET0 !!! THE ESMF_LOG IS SET TO OUTPUT ALL LOG MESSAGES !!!
20260827 090224.786 INFO             PET0 !!!     THIS MAY CAUSE SLOWDOWN IN PERFORMANCE     !!!
20260827 090224.786 INFO             PET0 !!! FOR PRODUCTION RUNS, USE:                      !!!
20260827 090224.786 INFO             PET0 !!!                   ESMF_LOGKIND_Multi_On_Error  !!!
20260827 090224.786 INFO             PET0 !!!!!!!!!!!!!!!!!!!!!!!!!!!!!!!!!!!!!!!!!!!!!!!!!!!!!!
20260827 090224.786 INFO             PET0 Running with ESMF Version   : develop+g1082792c4b
20260827 090224.786 INFO             PET0 ESMF library build date/time: "Aug 27 2026" "07:44:39"
20260827 090224.786 INFO             PET0 ESMF library build location : /scratch3/NCEPDEV/stmp/Gerhard.Theurich/ESMF-Nightly-Testing-Hera/nvhpc_24.1_openmpi_O_develop/esmf
20260827 090224.786 INFO             PET0 ESMF_COMM                   : openmpi
20260827 090224.788 INFO             PET0 ESMF_MOAB                   : enabled
20260827 090224.788 INFO             PET0 ESMF_LAPACK                 : enabled
20260827 090224.788 INFO             PET0 ESMF_NETCDF                 : disabled
20260827 090224.788 INFO             PET0 ESMF_PNETCDF                : disabled
20260827 090224.788 INFO             PET0 ESMF_PIO                    : disabled
20260827 090224.788 INFO             PET0 ESMF_YAMLCPP                : enabled
20260827 090224.789 INFO             PET0  NUMBER_OF_PROCESSORS            4
20260827 090224.789 INFO             PET0  PASS  Example ESMF_VMUserMpiCommMultiEx, ESMF_VMUserMpiCommMultiEx.F90, line 126
20260827 090224.789 INFO             PET0  Finalizing ESMF with endflag==ESMF_END_KEEPMPI
20260827 090224.786 INFO             PET0 !!!!!!!!!!!!!!!!!!!!!!!!!!!!!!!!!!!!!!!!!!!!!!!!!!!!!!
20260827 090224.786 INFO             PET0 !!! THE ESMF_LOG IS SET TO OUTPUT ALL LOG MESSAGES !!!
20260827 090224.786 INFO             PET0 !!!     THIS MAY CAUSE SLOWDOWN IN PERFORMANCE     !!!
20260827 090224.786 INFO             PET0 !!! FOR PRODUCTION RUNS, USE:                      !!!
20260827 090224.786 INFO             PET0 !!!                   ESMF_LOGKIND_Multi_On_Error  !!!
20260827 090224.786 INFO             PET0 !!!!!!!!!!!!!!!!!!!!!!!!!!!!!!!!!!!!!!!!!!!!!!!!!!!!!!
20260827 090224.786 INFO             PET0 Running with ESMF Version   : develop+g1082792c4b
20260827 090224.786 INFO             PET0 ESMF library build date/time: "Aug 27 2026" "07:44:39"
20260827 090224.786 INFO             PET0 ESMF library build location : /scratch3/NCEPDEV/stmp/Gerhard.Theurich/ESMF-Nightly-Testing-Hera/nvhpc_24.1_openmpi_O_develop/esmf
20260827 090224.786 INFO             PET0 ESMF_COMM                   : openmpi
20260827 090224.787 INFO             PET0 ESMF_MOAB                   : enabled
20260827 090224.787 INFO             PET0 ESMF_LAPACK                 : enabled
20260827 090224.787 INFO             PET0 ESMF_NETCDF                 : disabled
20260827 090224.787 INFO             PET0 ESMF_PNETCDF                : disabled
20260827 090224.787 INFO             PET0 ESMF_PIO                    : disabled
20260827 090224.787 INFO             PET0 ESMF_YAMLCPP                : enabled
20260827 090224.787 INFO             PET0  NUMBER_OF_PROCESSORS            4
20260827 090224.787 INFO             PET0  PASS  Example ESMF_VMUserMpiCommMultiEx, ESMF_VMUserMpiCommMultiEx.F90, line 154
20260827 090224.787 INFO             PET0  Finalizing ESMF with endflag==ESMF_END_KEEPMPI
20260827 090224.785 INFO             PET1 !!!!!!!!!!!!!!!!!!!!!!!!!!!!!!!!!!!!!!!!!!!!!!!!!!!!!!
20260827 090224.786 INFO             PET1 !!! THE ESMF_LOG IS SET TO OUTPUT ALL LOG MESSAGES !!!
20260827 090224.786 INFO             PET1 !!!     THIS MAY CAUSE SLOWDOWN IN PERFORMANCE     !!!
20260827 090224.786 INFO             PET1 !!! FOR PRODUCTION RUNS, USE:                      !!!
20260827 090224.786 INFO             PET1 !!!                   ESMF_LOGKIND_Multi_On_Error  !!!
20260827 090224.786 INFO             PET1 !!!!!!!!!!!!!!!!!!!!!!!!!!!!!!!!!!!!!!!!!!!!!!!!!!!!!!
20260827 090224.786 INFO             PET1 Running with ESMF Version   : develop+g1082792c4b
20260827 090224.786 INFO             PET1 ESMF library build date/time: "Aug 27 2026" "07:44:39"
20260827 090224.786 INFO             PET1 ESMF library build location : /scratch3/NCEPDEV/stmp/Gerhard.Theurich/ESMF-Nightly-Testing-Hera/nvhpc_24.1_openmpi_O_develop/esmf
20260827 090224.786 INFO             PET1 ESMF_COMM                   : openmpi
20260827 090224.786 INFO             PET1 ESMF_MOAB                   : enabled
20260827 090224.786 INFO             PET1 ESMF_LAPACK                 : enabled
20260827 090224.786 INFO             PET1 ESMF_NETCDF                 : disabled
20260827 090224.786 INFO             PET1 ESMF_PNETCDF                : disabled
20260827 090224.786 INFO             PET1 ESMF_PIO                    : disabled
20260827 090224.786 INFO             PET1 ESMF_YAMLCPP                : enabled
20260827 090224.789 INFO             PET1  NUMBER_OF_PROCESSORS            4
20260827 090224.789 INFO             PET1  PASS  Example ESMF_VMUserMpiCommMultiEx, ESMF_VMUserMpiCommMultiEx.F90, line 126
20260827 090224.789 INFO             PET1  Finalizing ESMF with endflag==ESMF_END_KEEPMPI
20260827 090224.785 INFO             PET1 !!!!!!!!!!!!!!!!!!!!!!!!!!!!!!!!!!!!!!!!!!!!!!!!!!!!!!
20260827 090224.786 INFO             PET1 !!! THE ESMF_LOG IS SET TO OUTPUT ALL LOG MESSAGES !!!
20260827 090224.786 INFO             PET1 !!!     THIS MAY CAUSE SLOWDOWN IN PERFORMANCE     !!!
20260827 090224.786 INFO             PET1 !!! FOR PRODUCTION RUNS, USE:                      !!!
20260827 090224.786 INFO             PET1 !!!                   ESMF_LOGKIND_Multi_On_Error  !!!
20260827 090224.786 INFO             PET1 !!!!!!!!!!!!!!!!!!!!!!!!!!!!!!!!!!!!!!!!!!!!!!!!!!!!!!
20260827 090224.786 INFO             PET1 Running with ESMF Version   : develop+g1082792c4b
20260827 090224.786 INFO             PET1 ESMF library build date/time: "Aug 27 2026" "07:44:39"
20260827 090224.786 INFO             PET1 ESMF library build location : /scratch3/NCEPDEV/stmp/Gerhard.Theurich/ESMF-Nightly-Testing-Hera/nvhpc_24.1_openmpi_O_develop/esmf
20260827 090224.786 INFO             PET1 ESMF_COMM                   : openmpi
20260827 090224.786 INFO             PET1 ESMF_MOAB                   : enabled
20260827 090224.786 INFO             PET1 ESMF_LAPACK                 : enabled
20260827 090224.786 INFO             PET1 ESMF_NETCDF                 : disabled
20260827 090224.786 INFO             PET1 ESMF_PNETCDF                : disabled
20260827 090224.786 INFO             PET1 ESMF_PIO                    : disabled
20260827 090224.786 INFO             PET1 ESMF_YAMLCPP                : enabled
20260827 090224.787 INFO             PET1  NUMBER_OF_PROCESSORS            4
20260827 090224.787 INFO             PET1  PASS  Example ESMF_VMUserMpiCommMultiEx, ESMF_VMUserMpiCommMultiEx.F90, line 154
20260827 090224.787 INFO             PET1  Finalizing ESMF with endflag==ESMF_END_KEEPMPI
