2026-06-16 07:28:37
20260616 081444.685 INFO             PET0 !!!!!!!!!!!!!!!!!!!!!!!!!!!!!!!!!!!!!!!!!!!!!!!!!!!!!!
20260616 081444.685 INFO             PET0 !!! THE ESMF_LOG IS SET TO OUTPUT ALL LOG MESSAGES !!!
20260616 081444.685 INFO             PET0 !!!     THIS MAY CAUSE SLOWDOWN IN PERFORMANCE     !!!
20260616 081444.685 INFO             PET0 !!! FOR PRODUCTION RUNS, USE:                      !!!
20260616 081444.685 INFO             PET0 !!!                   ESMF_LOGKIND_Multi_On_Error  !!!
20260616 081444.685 INFO             PET0 !!!!!!!!!!!!!!!!!!!!!!!!!!!!!!!!!!!!!!!!!!!!!!!!!!!!!!
20260616 081444.685 INFO             PET0 Running with ESMF Version   : develop+g2ad1b7a070
20260616 081444.685 INFO             PET0 ESMF library build date/time: "Jun 16 2026" "07:25:45"
20260616 081444.685 INFO             PET0 ESMF library build location : /scratch3/NCEPDEV/stmp/Gerhard.Theurich/ESMF-Nightly-Testing-Hera/gfortran_13.2.0_openmpi_g_develop/esmf
20260616 081444.685 INFO             PET0 ESMF_COMM                   : openmpi
20260616 081444.686 INFO             PET0 ESMF_MOAB                   : enabled
20260616 081444.686 INFO             PET0 ESMF_LAPACK                 : enabled
20260616 081444.686 INFO             PET0 ESMF_NETCDF                 : disabled
20260616 081444.686 INFO             PET0 ESMF_PNETCDF                : disabled
20260616 081444.686 INFO             PET0 ESMF_PIO                    : disabled
20260616 081444.686 INFO             PET0 ESMF_YAMLCPP                : enabled
20260616 081444.843 INFO             PET0  NUMBER_OF_PROCESSORS           4
20260616 081444.843 INFO             PET0  PASS  Example ESMF_RHandleReusabilityEx, ESMF_RHandleReusabilityEx.F90, line 582
20260616 081444.843 INFO             PET0  Finalizing ESMF
20260616 081444.686 INFO             PET1 !!!!!!!!!!!!!!!!!!!!!!!!!!!!!!!!!!!!!!!!!!!!!!!!!!!!!!
20260616 081444.686 INFO             PET1 !!! THE ESMF_LOG IS SET TO OUTPUT ALL LOG MESSAGES !!!
20260616 081444.686 INFO             PET1 !!!     THIS MAY CAUSE SLOWDOWN IN PERFORMANCE     !!!
20260616 081444.686 INFO             PET1 !!! FOR PRODUCTION RUNS, USE:                      !!!
20260616 081444.686 INFO             PET1 !!!                   ESMF_LOGKIND_Multi_On_Error  !!!
20260616 081444.686 INFO             PET1 !!!!!!!!!!!!!!!!!!!!!!!!!!!!!!!!!!!!!!!!!!!!!!!!!!!!!!
20260616 081444.686 INFO             PET1 Running with ESMF Version   : develop+g2ad1b7a070
20260616 081444.686 INFO             PET1 ESMF library build date/time: "Jun 16 2026" "07:25:45"
20260616 081444.686 INFO             PET1 ESMF library build location : /scratch3/NCEPDEV/stmp/Gerhard.Theurich/ESMF-Nightly-Testing-Hera/gfortran_13.2.0_openmpi_g_develop/esmf
20260616 081444.686 INFO             PET1 ESMF_COMM                   : openmpi
20260616 081444.686 INFO             PET1 ESMF_MOAB                   : enabled
20260616 081444.686 INFO             PET1 ESMF_LAPACK                 : enabled
20260616 081444.686 INFO             PET1 ESMF_NETCDF                 : disabled
20260616 081444.686 INFO             PET1 ESMF_PNETCDF                : disabled
20260616 081444.686 INFO             PET1 ESMF_PIO                    : disabled
20260616 081444.686 INFO             PET1 ESMF_YAMLCPP                : enabled
20260616 081444.843 INFO             PET1  NUMBER_OF_PROCESSORS           4
20260616 081444.843 INFO             PET1  PASS  Example ESMF_RHandleReusabilityEx, ESMF_RHandleReusabilityEx.F90, line 582
20260616 081444.843 INFO             PET1  Finalizing ESMF
20260616 081444.685 INFO             PET2 !!!!!!!!!!!!!!!!!!!!!!!!!!!!!!!!!!!!!!!!!!!!!!!!!!!!!!
20260616 081444.685 INFO             PET2 !!! THE ESMF_LOG IS SET TO OUTPUT ALL LOG MESSAGES !!!
20260616 081444.685 INFO             PET2 !!!     THIS MAY CAUSE SLOWDOWN IN PERFORMANCE     !!!
20260616 081444.685 INFO             PET2 !!! FOR PRODUCTION RUNS, USE:                      !!!
20260616 081444.685 INFO             PET2 !!!                   ESMF_LOGKIND_Multi_On_Error  !!!
20260616 081444.685 INFO             PET2 !!!!!!!!!!!!!!!!!!!!!!!!!!!!!!!!!!!!!!!!!!!!!!!!!!!!!!
20260616 081444.685 INFO             PET2 Running with ESMF Version   : develop+g2ad1b7a070
20260616 081444.685 INFO             PET2 ESMF library build date/time: "Jun 16 2026" "07:25:45"
20260616 081444.685 INFO             PET2 ESMF library build location : /scratch3/NCEPDEV/stmp/Gerhard.Theurich/ESMF-Nightly-Testing-Hera/gfortran_13.2.0_openmpi_g_develop/esmf
20260616 081444.685 INFO             PET2 ESMF_COMM                   : openmpi
20260616 081444.686 INFO             PET2 ESMF_MOAB                   : enabled
20260616 081444.686 INFO             PET2 ESMF_LAPACK                 : enabled
20260616 081444.686 INFO             PET2 ESMF_NETCDF                 : disabled
20260616 081444.686 INFO             PET2 ESMF_PNETCDF                : disabled
20260616 081444.686 INFO             PET2 ESMF_PIO                    : disabled
20260616 081444.686 INFO             PET2 ESMF_YAMLCPP                : enabled
20260616 081444.843 INFO             PET2  NUMBER_OF_PROCESSORS           4
20260616 081444.843 INFO             PET2  PASS  Example ESMF_RHandleReusabilityEx, ESMF_RHandleReusabilityEx.F90, line 582
20260616 081444.843 INFO             PET2  Finalizing ESMF
20260616 081444.686 INFO             PET3 !!!!!!!!!!!!!!!!!!!!!!!!!!!!!!!!!!!!!!!!!!!!!!!!!!!!!!
20260616 081444.686 INFO             PET3 !!! THE ESMF_LOG IS SET TO OUTPUT ALL LOG MESSAGES !!!
20260616 081444.686 INFO             PET3 !!!     THIS MAY CAUSE SLOWDOWN IN PERFORMANCE     !!!
20260616 081444.686 INFO             PET3 !!! FOR PRODUCTION RUNS, USE:                      !!!
20260616 081444.686 INFO             PET3 !!!                   ESMF_LOGKIND_Multi_On_Error  !!!
20260616 081444.686 INFO             PET3 !!!!!!!!!!!!!!!!!!!!!!!!!!!!!!!!!!!!!!!!!!!!!!!!!!!!!!
20260616 081444.686 INFO             PET3 Running with ESMF Version   : develop+g2ad1b7a070
20260616 081444.686 INFO             PET3 ESMF library build date/time: "Jun 16 2026" "07:25:45"
20260616 081444.686 INFO             PET3 ESMF library build location : /scratch3/NCEPDEV/stmp/Gerhard.Theurich/ESMF-Nightly-Testing-Hera/gfortran_13.2.0_openmpi_g_develop/esmf
20260616 081444.686 INFO             PET3 ESMF_COMM                   : openmpi
20260616 081444.686 INFO             PET3 ESMF_MOAB                   : enabled
20260616 081444.686 INFO             PET3 ESMF_LAPACK                 : enabled
20260616 081444.686 INFO             PET3 ESMF_NETCDF                 : disabled
20260616 081444.686 INFO             PET3 ESMF_PNETCDF                : disabled
20260616 081444.686 INFO             PET3 ESMF_PIO                    : disabled
20260616 081444.686 INFO             PET3 ESMF_YAMLCPP                : enabled
20260616 081444.843 INFO             PET3  NUMBER_OF_PROCESSORS           4
20260616 081444.843 INFO             PET3  PASS  Example ESMF_RHandleReusabilityEx, ESMF_RHandleReusabilityEx.F90, line 582
20260616 081444.843 INFO             PET3  Finalizing ESMF
