2026-08-25 07:30:52
20260825 082102.301 INFO             PET0 !!!!!!!!!!!!!!!!!!!!!!!!!!!!!!!!!!!!!!!!!!!!!!!!!!!!!!
20260825 082102.302 INFO             PET0 !!! THE ESMF_LOG IS SET TO OUTPUT ALL LOG MESSAGES !!!
20260825 082102.302 INFO             PET0 !!!     THIS MAY CAUSE SLOWDOWN IN PERFORMANCE     !!!
20260825 082102.302 INFO             PET0 !!! FOR PRODUCTION RUNS, USE:                      !!!
20260825 082102.302 INFO             PET0 !!!                   ESMF_LOGKIND_Multi_On_Error  !!!
20260825 082102.302 INFO             PET0 !!!!!!!!!!!!!!!!!!!!!!!!!!!!!!!!!!!!!!!!!!!!!!!!!!!!!!
20260825 082102.302 INFO             PET0 Running with ESMF Version   : develop+g69803b91dc
20260825 082102.302 INFO             PET0 ESMF library build date/time: "Aug 25 2026" "07:28:00"
20260825 082102.302 INFO             PET0 ESMF library build location : /scratch3/NCEPDEV/stmp/Gerhard.Theurich/ESMF-Nightly-Testing-Hera/gfortran_13.2.0_openmpi_g_develop/esmf
20260825 082102.302 INFO             PET0 ESMF_COMM                   : openmpi
20260825 082102.302 INFO             PET0 ESMF_MOAB                   : enabled
20260825 082102.302 INFO             PET0 ESMF_LAPACK                 : enabled
20260825 082102.302 INFO             PET0 ESMF_NETCDF                 : disabled
20260825 082102.302 INFO             PET0 ESMF_PNETCDF                : disabled
20260825 082102.302 INFO             PET0 ESMF_PIO                    : disabled
20260825 082102.302 INFO             PET0 ESMF_YAMLCPP                : enabled
20260825 082102.306 INFO             PET0 ESMF_FieldRedistStoreNF(): Just entered routine.
20260825 082102.309 INFO             PET0 ESMF_FieldRedistStoreNF(): Leaving routine.
20260825 082102.316 INFO             PET0 ESMF_FieldRedistStoreNF(): Just entered routine.
20260825 082102.318 INFO             PET0 ESMF_FieldRedistStoreNF(): Leaving routine.
20260825 082102.318 INFO             PET0 ESMF_FieldRedistStoreNF(): Just entered routine.
20260825 082102.320 INFO             PET0 ESMF_FieldRedistStoreNF(): Leaving routine.
20260825 082102.320 INFO             PET0  NUMBER_OF_PROCESSORS           4
20260825 082102.320 INFO             PET0  PASS  Example ESMF_FieldRedistEx, ESMF_FieldRedistEx.F90, line 521
20260825 082102.320 INFO             PET0  Finalizing ESMF
20260825 082102.302 INFO             PET1 !!!!!!!!!!!!!!!!!!!!!!!!!!!!!!!!!!!!!!!!!!!!!!!!!!!!!!
20260825 082102.302 INFO             PET1 !!! THE ESMF_LOG IS SET TO OUTPUT ALL LOG MESSAGES !!!
20260825 082102.302 INFO             PET1 !!!     THIS MAY CAUSE SLOWDOWN IN PERFORMANCE     !!!
20260825 082102.302 INFO             PET1 !!! FOR PRODUCTION RUNS, USE:                      !!!
20260825 082102.302 INFO             PET1 !!!                   ESMF_LOGKIND_Multi_On_Error  !!!
20260825 082102.302 INFO             PET1 !!!!!!!!!!!!!!!!!!!!!!!!!!!!!!!!!!!!!!!!!!!!!!!!!!!!!!
20260825 082102.302 INFO             PET1 Running with ESMF Version   : develop+g69803b91dc
20260825 082102.302 INFO             PET1 ESMF library build date/time: "Aug 25 2026" "07:28:00"
20260825 082102.302 INFO             PET1 ESMF library build location : /scratch3/NCEPDEV/stmp/Gerhard.Theurich/ESMF-Nightly-Testing-Hera/gfortran_13.2.0_openmpi_g_develop/esmf
20260825 082102.302 INFO             PET1 ESMF_COMM                   : openmpi
20260825 082102.303 INFO             PET1 ESMF_MOAB                   : enabled
20260825 082102.303 INFO             PET1 ESMF_LAPACK                 : enabled
20260825 082102.303 INFO             PET1 ESMF_NETCDF                 : disabled
20260825 082102.303 INFO             PET1 ESMF_PNETCDF                : disabled
20260825 082102.303 INFO             PET1 ESMF_PIO                    : disabled
20260825 082102.303 INFO             PET1 ESMF_YAMLCPP                : enabled
20260825 082102.306 INFO             PET1 ESMF_FieldRedistStoreNF(): Just entered routine.
20260825 082102.309 INFO             PET1 ESMF_FieldRedistStoreNF(): Leaving routine.
20260825 082102.316 INFO             PET1 ESMF_FieldRedistStoreNF(): Just entered routine.
20260825 082102.318 INFO             PET1 ESMF_FieldRedistStoreNF(): Leaving routine.
20260825 082102.318 INFO             PET1 ESMF_FieldRedistStoreNF(): Just entered routine.
20260825 082102.320 INFO             PET1 ESMF_FieldRedistStoreNF(): Leaving routine.
20260825 082102.320 INFO             PET1  NUMBER_OF_PROCESSORS           4
20260825 082102.320 INFO             PET1  PASS  Example ESMF_FieldRedistEx, ESMF_FieldRedistEx.F90, line 521
20260825 082102.320 INFO             PET1  Finalizing ESMF
20260825 082102.302 INFO             PET2 !!!!!!!!!!!!!!!!!!!!!!!!!!!!!!!!!!!!!!!!!!!!!!!!!!!!!!
20260825 082102.303 INFO             PET2 !!! THE ESMF_LOG IS SET TO OUTPUT ALL LOG MESSAGES !!!
20260825 082102.303 INFO             PET2 !!!     THIS MAY CAUSE SLOWDOWN IN PERFORMANCE     !!!
20260825 082102.303 INFO             PET2 !!! FOR PRODUCTION RUNS, USE:                      !!!
20260825 082102.303 INFO             PET2 !!!                   ESMF_LOGKIND_Multi_On_Error  !!!
20260825 082102.303 INFO             PET2 !!!!!!!!!!!!!!!!!!!!!!!!!!!!!!!!!!!!!!!!!!!!!!!!!!!!!!
20260825 082102.303 INFO             PET2 Running with ESMF Version   : develop+g69803b91dc
20260825 082102.303 INFO             PET2 ESMF library build date/time: "Aug 25 2026" "07:28:00"
20260825 082102.303 INFO             PET2 ESMF library build location : /scratch3/NCEPDEV/stmp/Gerhard.Theurich/ESMF-Nightly-Testing-Hera/gfortran_13.2.0_openmpi_g_develop/esmf
20260825 082102.303 INFO             PET2 ESMF_COMM                   : openmpi
20260825 082102.303 INFO             PET2 ESMF_MOAB                   : enabled
20260825 082102.303 INFO             PET2 ESMF_LAPACK                 : enabled
20260825 082102.303 INFO             PET2 ESMF_NETCDF                 : disabled
20260825 082102.303 INFO             PET2 ESMF_PNETCDF                : disabled
20260825 082102.303 INFO             PET2 ESMF_PIO                    : disabled
20260825 082102.303 INFO             PET2 ESMF_YAMLCPP                : enabled
20260825 082102.306 INFO             PET2 ESMF_FieldRedistStoreNF(): Just entered routine.
20260825 082102.309 INFO             PET2 ESMF_FieldRedistStoreNF(): Leaving routine.
20260825 082102.316 INFO             PET2 ESMF_FieldRedistStoreNF(): Just entered routine.
20260825 082102.318 INFO             PET2 ESMF_FieldRedistStoreNF(): Leaving routine.
20260825 082102.318 INFO             PET2 ESMF_FieldRedistStoreNF(): Just entered routine.
20260825 082102.320 INFO             PET2 ESMF_FieldRedistStoreNF(): Leaving routine.
20260825 082102.320 INFO             PET2  NUMBER_OF_PROCESSORS           4
20260825 082102.320 INFO             PET2  PASS  Example ESMF_FieldRedistEx, ESMF_FieldRedistEx.F90, line 521
20260825 082102.320 INFO             PET2  Finalizing ESMF
20260825 082102.302 INFO             PET3 !!!!!!!!!!!!!!!!!!!!!!!!!!!!!!!!!!!!!!!!!!!!!!!!!!!!!!
20260825 082102.302 INFO             PET3 !!! THE ESMF_LOG IS SET TO OUTPUT ALL LOG MESSAGES !!!
20260825 082102.302 INFO             PET3 !!!     THIS MAY CAUSE SLOWDOWN IN PERFORMANCE     !!!
20260825 082102.302 INFO             PET3 !!! FOR PRODUCTION RUNS, USE:                      !!!
20260825 082102.302 INFO             PET3 !!!                   ESMF_LOGKIND_Multi_On_Error  !!!
20260825 082102.302 INFO             PET3 !!!!!!!!!!!!!!!!!!!!!!!!!!!!!!!!!!!!!!!!!!!!!!!!!!!!!!
20260825 082102.302 INFO             PET3 Running with ESMF Version   : develop+g69803b91dc
20260825 082102.302 INFO             PET3 ESMF library build date/time: "Aug 25 2026" "07:28:00"
20260825 082102.302 INFO             PET3 ESMF library build location : /scratch3/NCEPDEV/stmp/Gerhard.Theurich/ESMF-Nightly-Testing-Hera/gfortran_13.2.0_openmpi_g_develop/esmf
20260825 082102.302 INFO             PET3 ESMF_COMM                   : openmpi
20260825 082102.302 INFO             PET3 ESMF_MOAB                   : enabled
20260825 082102.302 INFO             PET3 ESMF_LAPACK                 : enabled
20260825 082102.302 INFO             PET3 ESMF_NETCDF                 : disabled
20260825 082102.302 INFO             PET3 ESMF_PNETCDF                : disabled
20260825 082102.302 INFO             PET3 ESMF_PIO                    : disabled
20260825 082102.302 INFO             PET3 ESMF_YAMLCPP                : enabled
20260825 082102.306 INFO             PET3 ESMF_FieldRedistStoreNF(): Just entered routine.
20260825 082102.309 INFO             PET3 ESMF_FieldRedistStoreNF(): Leaving routine.
20260825 082102.316 INFO             PET3 ESMF_FieldRedistStoreNF(): Just entered routine.
20260825 082102.318 INFO             PET3 ESMF_FieldRedistStoreNF(): Leaving routine.
20260825 082102.318 INFO             PET3 ESMF_FieldRedistStoreNF(): Just entered routine.
20260825 082102.320 INFO             PET3 ESMF_FieldRedistStoreNF(): Leaving routine.
20260825 082102.320 INFO             PET3  NUMBER_OF_PROCESSORS           4
20260825 082102.320 INFO             PET3  PASS  Example ESMF_FieldRedistEx, ESMF_FieldRedistEx.F90, line 521
20260825 082102.320 INFO             PET3  Finalizing ESMF
