2026-06-27 07:29:15
20260627 081904.691 INFO             PET0 !!!!!!!!!!!!!!!!!!!!!!!!!!!!!!!!!!!!!!!!!!!!!!!!!!!!!!
20260627 081904.691 INFO             PET0 !!! THE ESMF_LOG IS SET TO OUTPUT ALL LOG MESSAGES !!!
20260627 081904.691 INFO             PET0 !!!     THIS MAY CAUSE SLOWDOWN IN PERFORMANCE     !!!
20260627 081904.691 INFO             PET0 !!! FOR PRODUCTION RUNS, USE:                      !!!
20260627 081904.691 INFO             PET0 !!!                   ESMF_LOGKIND_Multi_On_Error  !!!
20260627 081904.691 INFO             PET0 !!!!!!!!!!!!!!!!!!!!!!!!!!!!!!!!!!!!!!!!!!!!!!!!!!!!!!
20260627 081904.691 INFO             PET0 Running with ESMF Version   : develop+g9d8ac26759
20260627 081904.692 INFO             PET0 ESMF library build date/time: "Jun 27 2026" "07:26:18"
20260627 081904.692 INFO             PET0 ESMF library build location : /scratch3/NCEPDEV/stmp/Gerhard.Theurich/ESMF-Nightly-Testing-Hera/gfortran_13.2.0_openmpi_g_develop/esmf
20260627 081904.692 INFO             PET0 ESMF_COMM                   : openmpi
20260627 081904.692 INFO             PET0 ESMF_MOAB                   : enabled
20260627 081904.692 INFO             PET0 ESMF_LAPACK                 : enabled
20260627 081904.692 INFO             PET0 ESMF_NETCDF                 : disabled
20260627 081904.692 INFO             PET0 ESMF_PNETCDF                : disabled
20260627 081904.692 INFO             PET0 ESMF_PIO                    : disabled
20260627 081904.692 INFO             PET0 ESMF_YAMLCPP                : enabled
20260627 081906.088 INFO             PET0  NUMBER_OF_PROCESSORS           4
20260627 081906.088 INFO             PET0  PASS  Example ESMF_FieldBundleHaloEx, ESMF_FieldBundleHaloEx.F90, line 319
20260627 081906.088 INFO             PET0  Finalizing ESMF
20260627 081904.692 INFO             PET1 !!!!!!!!!!!!!!!!!!!!!!!!!!!!!!!!!!!!!!!!!!!!!!!!!!!!!!
20260627 081904.692 INFO             PET1 !!! THE ESMF_LOG IS SET TO OUTPUT ALL LOG MESSAGES !!!
20260627 081904.692 INFO             PET1 !!!     THIS MAY CAUSE SLOWDOWN IN PERFORMANCE     !!!
20260627 081904.692 INFO             PET1 !!! FOR PRODUCTION RUNS, USE:                      !!!
20260627 081904.692 INFO             PET1 !!!                   ESMF_LOGKIND_Multi_On_Error  !!!
20260627 081904.692 INFO             PET1 !!!!!!!!!!!!!!!!!!!!!!!!!!!!!!!!!!!!!!!!!!!!!!!!!!!!!!
20260627 081904.692 INFO             PET1 Running with ESMF Version   : develop+g9d8ac26759
20260627 081904.692 INFO             PET1 ESMF library build date/time: "Jun 27 2026" "07:26:18"
20260627 081904.692 INFO             PET1 ESMF library build location : /scratch3/NCEPDEV/stmp/Gerhard.Theurich/ESMF-Nightly-Testing-Hera/gfortran_13.2.0_openmpi_g_develop/esmf
20260627 081904.692 INFO             PET1 ESMF_COMM                   : openmpi
20260627 081904.693 INFO             PET1 ESMF_MOAB                   : enabled
20260627 081904.693 INFO             PET1 ESMF_LAPACK                 : enabled
20260627 081904.693 INFO             PET1 ESMF_NETCDF                 : disabled
20260627 081904.693 INFO             PET1 ESMF_PNETCDF                : disabled
20260627 081904.693 INFO             PET1 ESMF_PIO                    : disabled
20260627 081904.693 INFO             PET1 ESMF_YAMLCPP                : enabled
20260627 081906.088 INFO             PET1  NUMBER_OF_PROCESSORS           4
20260627 081906.088 INFO             PET1  PASS  Example ESMF_FieldBundleHaloEx, ESMF_FieldBundleHaloEx.F90, line 319
20260627 081906.088 INFO             PET1  Finalizing ESMF
20260627 081904.692 INFO             PET2 !!!!!!!!!!!!!!!!!!!!!!!!!!!!!!!!!!!!!!!!!!!!!!!!!!!!!!
20260627 081904.692 INFO             PET2 !!! THE ESMF_LOG IS SET TO OUTPUT ALL LOG MESSAGES !!!
20260627 081904.692 INFO             PET2 !!!     THIS MAY CAUSE SLOWDOWN IN PERFORMANCE     !!!
20260627 081904.692 INFO             PET2 !!! FOR PRODUCTION RUNS, USE:                      !!!
20260627 081904.692 INFO             PET2 !!!                   ESMF_LOGKIND_Multi_On_Error  !!!
20260627 081904.692 INFO             PET2 !!!!!!!!!!!!!!!!!!!!!!!!!!!!!!!!!!!!!!!!!!!!!!!!!!!!!!
20260627 081904.692 INFO             PET2 Running with ESMF Version   : develop+g9d8ac26759
20260627 081904.692 INFO             PET2 ESMF library build date/time: "Jun 27 2026" "07:26:18"
20260627 081904.692 INFO             PET2 ESMF library build location : /scratch3/NCEPDEV/stmp/Gerhard.Theurich/ESMF-Nightly-Testing-Hera/gfortran_13.2.0_openmpi_g_develop/esmf
20260627 081904.692 INFO             PET2 ESMF_COMM                   : openmpi
20260627 081904.692 INFO             PET2 ESMF_MOAB                   : enabled
20260627 081904.692 INFO             PET2 ESMF_LAPACK                 : enabled
20260627 081904.692 INFO             PET2 ESMF_NETCDF                 : disabled
20260627 081904.692 INFO             PET2 ESMF_PNETCDF                : disabled
20260627 081904.692 INFO             PET2 ESMF_PIO                    : disabled
20260627 081904.692 INFO             PET2 ESMF_YAMLCPP                : enabled
20260627 081906.088 INFO             PET2  NUMBER_OF_PROCESSORS           4
20260627 081906.088 INFO             PET2  PASS  Example ESMF_FieldBundleHaloEx, ESMF_FieldBundleHaloEx.F90, line 319
20260627 081906.088 INFO             PET2  Finalizing ESMF
20260627 081904.692 INFO             PET3 !!!!!!!!!!!!!!!!!!!!!!!!!!!!!!!!!!!!!!!!!!!!!!!!!!!!!!
20260627 081904.692 INFO             PET3 !!! THE ESMF_LOG IS SET TO OUTPUT ALL LOG MESSAGES !!!
20260627 081904.692 INFO             PET3 !!!     THIS MAY CAUSE SLOWDOWN IN PERFORMANCE     !!!
20260627 081904.692 INFO             PET3 !!! FOR PRODUCTION RUNS, USE:                      !!!
20260627 081904.692 INFO             PET3 !!!                   ESMF_LOGKIND_Multi_On_Error  !!!
20260627 081904.692 INFO             PET3 !!!!!!!!!!!!!!!!!!!!!!!!!!!!!!!!!!!!!!!!!!!!!!!!!!!!!!
20260627 081904.692 INFO             PET3 Running with ESMF Version   : develop+g9d8ac26759
20260627 081904.692 INFO             PET3 ESMF library build date/time: "Jun 27 2026" "07:26:18"
20260627 081904.692 INFO             PET3 ESMF library build location : /scratch3/NCEPDEV/stmp/Gerhard.Theurich/ESMF-Nightly-Testing-Hera/gfortran_13.2.0_openmpi_g_develop/esmf
20260627 081904.692 INFO             PET3 ESMF_COMM                   : openmpi
20260627 081904.693 INFO             PET3 ESMF_MOAB                   : enabled
20260627 081904.693 INFO             PET3 ESMF_LAPACK                 : enabled
20260627 081904.693 INFO             PET3 ESMF_NETCDF                 : disabled
20260627 081904.693 INFO             PET3 ESMF_PNETCDF                : disabled
20260627 081904.693 INFO             PET3 ESMF_PIO                    : disabled
20260627 081904.693 INFO             PET3 ESMF_YAMLCPP                : enabled
20260627 081906.088 INFO             PET3  NUMBER_OF_PROCESSORS           4
20260627 081906.088 INFO             PET3  PASS  Example ESMF_FieldBundleHaloEx, ESMF_FieldBundleHaloEx.F90, line 319
20260627 081906.088 INFO             PET3  Finalizing ESMF
