 
Installing ESMF:
 
mkdir -p /usr/local/esmf/esmf-testing/gfortranclang_14.2.0_17.0.0_mpich_g_develop/esmf/DEFAULTINSTALLDIR/include
cp -f /usr/local/esmf/esmf-testing/gfortranclang_14.2.0_17.0.0_mpich_g_develop/esmf/src/include/NUOPC.h /usr/local/esmf/esmf-testing/gfortranclang_14.2.0_17.0.0_mpich_g_develop/esmf/DEFAULTINSTALLDIR/include
cp -f /usr/local/esmf/esmf-testing/gfortranclang_14.2.0_17.0.0_mpich_g_develop/esmf/src/include/ESMC.h /usr/local/esmf/esmf-testing/gfortranclang_14.2.0_17.0.0_mpich_g_develop/esmf/DEFAULTINSTALLDIR/include
cp -f /usr/local/esmf/esmf-testing/gfortranclang_14.2.0_17.0.0_mpich_g_develop/esmf/src/include/ESMC_*.h /usr/local/esmf/esmf-testing/gfortranclang_14.2.0_17.0.0_mpich_g_develop/esmf/DEFAULTINSTALLDIR/include
cp -f /usr/local/esmf/esmf-testing/gfortranclang_14.2.0_17.0.0_mpich_g_develop/esmf/build_config/Darwin.gfortranclang.default/ESMC_Conf.h /usr/local/esmf/esmf-testing/gfortranclang_14.2.0_17.0.0_mpich_g_develop/esmf/DEFAULTINSTALLDIR/include
cp -fr /usr/local/esmf/esmf-testing/gfortranclang_14.2.0_17.0.0_mpich_g_develop/esmf/src/addon/ESMX /usr/local/esmf/esmf-testing/gfortranclang_14.2.0_17.0.0_mpich_g_develop/esmf/DEFAULTINSTALLDIR/include
mkdir -p /usr/local/esmf/esmf-testing/gfortranclang_14.2.0_17.0.0_mpich_g_develop/esmf/DEFAULTINSTALLDIR/cmake
cp -f /usr/local/esmf/esmf-testing/gfortranclang_14.2.0_17.0.0_mpich_g_develop/esmf/cmake/FindESMF.cmake /usr/local/esmf/esmf-testing/gfortranclang_14.2.0_17.0.0_mpich_g_develop/esmf/DEFAULTINSTALLDIR/cmake
mkdir -p /usr/local/esmf/esmf-testing/gfortranclang_14.2.0_17.0.0_mpich_g_develop/esmf/DEFAULTINSTALLDIR/mod/modg/Darwin.gfortranclang.64.mpich.default
cp -f /usr/local/esmf/esmf-testing/gfortranclang_14.2.0_17.0.0_mpich_g_develop/esmf/mod/modg/Darwin.gfortranclang.64.mpich.default/*.mod /usr/local/esmf/esmf-testing/gfortranclang_14.2.0_17.0.0_mpich_g_develop/esmf/DEFAULTINSTALLDIR/mod/modg/Darwin.gfortranclang.64.mpich.default
mkdir -p /usr/local/esmf/esmf-testing/gfortranclang_14.2.0_17.0.0_mpich_g_develop/esmf/DEFAULTINSTALLDIR/lib/libg/Darwin.gfortranclang.64.mpich.default
cp -f /usr/local/esmf/esmf-testing/gfortranclang_14.2.0_17.0.0_mpich_g_develop/esmf/lib/libg/Darwin.gfortranclang.64.mpich.default/libesmf*.* /usr/local/esmf/esmf-testing/gfortranclang_14.2.0_17.0.0_mpich_g_develop/esmf/DEFAULTINSTALLDIR/lib/libg/Darwin.gfortranclang.64.mpich.default
cp -f /usr/local/esmf/esmf-testing/gfortranclang_14.2.0_17.0.0_mpich_g_develop/esmf/lib/libg/Darwin.gfortranclang.64.mpich.default/libpioc.* /usr/local/esmf/esmf-testing/gfortranclang_14.2.0_17.0.0_mpich_g_develop/esmf/DEFAULTINSTALLDIR/lib/libg/Darwin.gfortranclang.64.mpich.default
make ESMF_PRELOADDIR=/usr/local/esmf/esmf-testing/gfortranclang_14.2.0_17.0.0_mpich_g_develop/esmf/DEFAULTINSTALLDIR/lib/libg/Darwin.gfortranclang.64.mpich.default build_preload_script
make[1]: Entering directory '/usr/local/esmf/esmf-testing/gfortranclang_14.2.0_17.0.0_mpich_g_develop/esmf'
chmod 755 /usr/local/esmf/esmf-testing/gfortranclang_14.2.0_17.0.0_mpich_g_develop/esmf/DEFAULTINSTALLDIR/lib/libg/Darwin.gfortranclang.64.mpich.default/preload.sh
make[1]: Leaving directory '/usr/local/esmf/esmf-testing/gfortranclang_14.2.0_17.0.0_mpich_g_develop/esmf'
ranlib /usr/local/esmf/esmf-testing/gfortranclang_14.2.0_17.0.0_mpich_g_develop/esmf/DEFAULTINSTALLDIR/lib/libg/Darwin.gfortranclang.64.mpich.default/libesmf*.a
make install_apps
make[1]: Entering directory '/usr/local/esmf/esmf-testing/gfortranclang_14.2.0_17.0.0_mpich_g_develop/esmf'
mkdir -p /usr/local/esmf/esmf-testing/gfortranclang_14.2.0_17.0.0_mpich_g_develop/esmf/DEFAULTINSTALLDIR/bin/bing/Darwin.gfortranclang.64.mpich.default
make build_apps ESMF_APPSDIR=/usr/local/esmf/esmf-testing/gfortranclang_14.2.0_17.0.0_mpich_g_develop/esmf/DEFAULTINSTALLDIR/bin/bing/Darwin.gfortranclang.64.mpich.default ESMF_LDIR=/usr/local/esmf/esmf-testing/gfortranclang_14.2.0_17.0.0_mpich_g_develop/esmf/DEFAULTINSTALLDIR/lib/libg/Darwin.gfortranclang.64.mpich.default ESMF_LIBDIR=/usr/local/esmf/esmf-testing/gfortranclang_14.2.0_17.0.0_mpich_g_develop/esmf/DEFAULTINSTALLDIR/lib/libg/Darwin.gfortranclang.64.mpich.default ESMF_MODDIR=/usr/local/esmf/esmf-testing/gfortranclang_14.2.0_17.0.0_mpich_g_develop/esmf/DEFAULTINSTALLDIR/mod/modg/Darwin.gfortranclang.64.mpich.default
make[2]: Entering directory '/usr/local/esmf/esmf-testing/gfortranclang_14.2.0_17.0.0_mpich_g_develop/esmf'
cd /usr/local/esmf/esmf-testing/gfortranclang_14.2.0_17.0.0_mpich_g_develop/esmf/src/apps; make ACTION=tree_build_apps tree
make[3]: Entering directory '/usr/local/esmf/esmf-testing/gfortranclang_14.2.0_17.0.0_mpich_g_develop/esmf/src/apps'
tree_build_apps in: /usr/local/esmf/esmf-testing/gfortranclang_14.2.0_17.0.0_mpich_g_develop/esmf/src/apps/ESMF_PrintInfo
make[4]: Entering directory '/usr/local/esmf/esmf-testing/gfortranclang_14.2.0_17.0.0_mpich_g_develop/esmf/src/apps/ESMF_PrintInfo'
make chkdir_locobj
make[5]: Entering directory '/usr/local/esmf/esmf-testing/gfortranclang_14.2.0_17.0.0_mpich_g_develop/esmf/src/apps/ESMF_PrintInfo'
Making directory /usr/local/esmf/esmf-testing/gfortranclang_14.2.0_17.0.0_mpich_g_develop/esmf/obj/objg/Darwin.gfortranclang.64.mpich.default/src/apps/ESMF_PrintInfo for apps output
make[5]: Leaving directory '/usr/local/esmf/esmf-testing/gfortranclang_14.2.0_17.0.0_mpich_g_develop/esmf/src/apps/ESMF_PrintInfo'
mpif90 -c -g -Wall -Wextra -Wconversion -Wno-unused -Wno-unused-dummy-argument -fimplicit-none -fcheck=all,no-pointer  -fPIC -pthread -frecursive -ffree-line-length-none -fno-backtrace -I/usr/local/esmf/esmf-testing/gfortranclang_14.2.0_17.0.0_mpich_g_develop/esmf/src/apps/ESMF_PrintInfo -I/usr/local/esmf/esmf-testing/gfortranclang_14.2.0_17.0.0_mpich_g_develop/esmf/build_config/Darwin.gfortranclang.default -I/usr/local/esmf/esmf-testing/gfortranclang_14.2.0_17.0.0_mpich_g_develop/esmf/src/Infrastructure -I/usr/local/esmf/esmf-testing/gfortranclang_14.2.0_17.0.0_mpich_g_develop/esmf/src/Superstructure -I/usr/local/esmf/esmf-testing/gfortranclang_14.2.0_17.0.0_mpich_g_develop/esmf/DEFAULTINSTALLDIR/mod/modg/Darwin.gfortranclang.64.mpich.default -I/usr/local/esmf/esmf-testing/gfortranclang_14.2.0_17.0.0_mpich_g_develop/esmf/src/include -I/usr/local/esmf/spack/opt/spack/darwin-m1/netcdf-c-4.9.2-ldj2txzcjjcdr2sou7zsz6lylgkmqcr4/include -I/usr/local/esmf/spack/opt/spack/darwin-m1/netcdf-fortran-4.6.2-ye4ptq7z3gjeh5unfivwpdkfgsbqjkll/include  -DESMF_NO_INTEGER_1_BYTE -DESMF_NO_INTEGER_2_BYTE -DESMF_VERSION_STRING_GIT='"develop+g1082792c4b"' -DESMF_LOWERCASE_SINGLEUNDERSCORE -DESMF_MOAB=1 -DESMF_LAPACK=1 -DESMF_LAPACK_INTERNAL=1 -DESMF_NO_ACC_SOFTWARE_STACK=1 -DESMF_PIO=1 -DESMF_NETCDF=1 -DYAML=ESMF_YAML -DESMF_YAMLCPP=1 -DESMF_NO_OPENMP -DESMF_NO_OPENACC -DESMF_TESTEXHAUSTIVE -DESMF_BOPT_g -DESMF_TESTPERFORMANCE -DESMF_TESTCOMPTUNNEL -DESMF_TESTWITHTHREADS -DS64=1 -DESMF_OS_Darwin=1 -DESMF_COMM=mpich -DESMF_DIR=/usr/local/esmf/esmf-testing/gfortranclang_14.2.0_17.0.0_mpich_g_develop/esmf ESMF_PrintInfo.F90 -o /usr/local/esmf/esmf-testing/gfortranclang_14.2.0_17.0.0_mpich_g_develop/esmf/obj/objg/Darwin.gfortranclang.64.mpich.default/src/apps/ESMF_PrintInfo/ESMF_PrintInfo.o
make chkdir_apps
make[5]: Entering directory '/usr/local/esmf/esmf-testing/gfortranclang_14.2.0_17.0.0_mpich_g_develop/esmf/src/apps/ESMF_PrintInfo'
make[5]: Leaving directory '/usr/local/esmf/esmf-testing/gfortranclang_14.2.0_17.0.0_mpich_g_develop/esmf/src/apps/ESMF_PrintInfo'
mpicxx   -pthread -L/usr/local/esmf/esmf-testing/gfortranclang_14.2.0_17.0.0_mpich_g_develop/esmf/DEFAULTINSTALLDIR/lib/libg/Darwin.gfortranclang.64.mpich.default -L/usr/local/esmf/spack/opt/spack/darwin-m1/netcdf-c-4.9.2-ldj2txzcjjcdr2sou7zsz6lylgkmqcr4/lib -L/usr/local/esmf/spack/opt/spack/darwin-m1/netcdf-fortran-4.6.2-ye4ptq7z3gjeh5unfivwpdkfgsbqjkll/lib -L/usr/local/esmf/spack/opt/spack/darwin-m1/gcc-14.2.0-qqymykmrplffv57mi6bq7jls5ndk3ymq/lib/gcc/aarch64-apple-darwin24.5.0/14.2.0/../../../ -L./ -Wl,-rpath,/usr/local/esmf/esmf-testing/gfortranclang_14.2.0_17.0.0_mpich_g_develop/esmf/DEFAULTINSTALLDIR/lib/libg/Darwin.gfortranclang.64.mpich.default  -Wl,-rpath,/usr/local/esmf/spack/opt/spack/darwin-m1/netcdf-c-4.9.2-ldj2txzcjjcdr2sou7zsz6lylgkmqcr4/lib -Wl,-rpath,/usr/local/esmf/spack/opt/spack/darwin-m1/netcdf-fortran-4.6.2-ye4ptq7z3gjeh5unfivwpdkfgsbqjkll/lib -Wl,-rpath,/usr/local/esmf/spack/opt/spack/darwin-m1/gcc-14.2.0-qqymykmrplffv57mi6bq7jls5ndk3ymq/lib/gcc/aarch64-apple-darwin24.5.0/14.2.0/../../../ -o /usr/local/esmf/esmf-testing/gfortranclang_14.2.0_17.0.0_mpich_g_develop/esmf/DEFAULTINSTALLDIR/bin/bing/Darwin.gfortranclang.64.mpich.default/ESMF_PrintInfo /usr/local/esmf/esmf-testing/gfortranclang_14.2.0_17.0.0_mpich_g_develop/esmf/obj/objg/Darwin.gfortranclang.64.mpich.default/src/apps/ESMF_PrintInfo/ESMF_PrintInfo.o -lesmf -lpioc -lnetcdf -lnetcdff -lnetcdf -lnetcdf -lm -lmpifort -lm -lc++ -lgfortran
ld: warning: ignoring duplicate libraries: '-lc++', '-lm', '-lnetcdf'
make[4]: Leaving directory '/usr/local/esmf/esmf-testing/gfortranclang_14.2.0_17.0.0_mpich_g_develop/esmf/src/apps/ESMF_PrintInfo'
tree_build_apps in: /usr/local/esmf/esmf-testing/gfortranclang_14.2.0_17.0.0_mpich_g_develop/esmf/src/apps/ESMF_PrintInfoC
make[4]: Entering directory '/usr/local/esmf/esmf-testing/gfortranclang_14.2.0_17.0.0_mpich_g_develop/esmf/src/apps/ESMF_PrintInfoC'
make chkdir_locobj
make[5]: Entering directory '/usr/local/esmf/esmf-testing/gfortranclang_14.2.0_17.0.0_mpich_g_develop/esmf/src/apps/ESMF_PrintInfoC'
Making directory /usr/local/esmf/esmf-testing/gfortranclang_14.2.0_17.0.0_mpich_g_develop/esmf/obj/objg/Darwin.gfortranclang.64.mpich.default/src/apps/ESMF_PrintInfoC for apps output
make[5]: Leaving directory '/usr/local/esmf/esmf-testing/gfortranclang_14.2.0_17.0.0_mpich_g_develop/esmf/src/apps/ESMF_PrintInfoC'
mpicc -c -std=c99 -g  -fPIC -pthread -I/usr/local/esmf/esmf-testing/gfortranclang_14.2.0_17.0.0_mpich_g_develop/esmf/src/apps/ESMF_PrintInfoC -I/usr/local/esmf/esmf-testing/gfortranclang_14.2.0_17.0.0_mpich_g_develop/esmf/src/apps/ESMF_PrintInfoC/../include -I/usr/local/esmf/esmf-testing/gfortranclang_14.2.0_17.0.0_mpich_g_develop/esmf/build_config/Darwin.gfortranclang.default -I/usr/local/esmf/esmf-testing/gfortranclang_14.2.0_17.0.0_mpich_g_develop/esmf/src/Infrastructure -I/usr/local/esmf/esmf-testing/gfortranclang_14.2.0_17.0.0_mpich_g_develop/esmf/src/Superstructure -I/usr/local/esmf/esmf-testing/gfortranclang_14.2.0_17.0.0_mpich_g_develop/esmf/src/include   -DESMF_NO_INTEGER_1_BYTE -DESMF_NO_INTEGER_2_BYTE -DESMF_VERSION_STRING_GIT='"develop+g1082792c4b"' -DESMF_LOWERCASE_SINGLEUNDERSCORE -DESMF_MOAB=1 -DESMF_LAPACK=1 -DESMF_LAPACK_INTERNAL=1 -DESMF_NO_ACC_SOFTWARE_STACK=1 -DESMF_PIO=1 -DESMF_NETCDF=1 -DYAML=ESMF_YAML -DESMF_YAMLCPP=1 -DESMF_NO_OPENMP -DESMF_NO_OPENACC -DESMF_TESTEXHAUSTIVE -DESMF_BOPT_g -DESMF_TESTPERFORMANCE -DESMF_TESTCOMPTUNNEL -DESMF_TESTWITHTHREADS -DS64=1 -DESMF_OS_Darwin=1 -DESMF_COMM=mpich -DESMF_DIR=/usr/local/esmf/esmf-testing/gfortranclang_14.2.0_17.0.0_mpich_g_develop/esmf -D__SDIR__='"src/apps/ESMF_PrintInfoC"' -DESMF_CSTD=99 ESMF_PrintInfoC.c -o /usr/local/esmf/esmf-testing/gfortranclang_14.2.0_17.0.0_mpich_g_develop/esmf/obj/objg/Darwin.gfortranclang.64.mpich.default/src/apps/ESMF_PrintInfoC/ESMF_PrintInfoC.o
make chkdir_apps
make[5]: Entering directory '/usr/local/esmf/esmf-testing/gfortranclang_14.2.0_17.0.0_mpich_g_develop/esmf/src/apps/ESMF_PrintInfoC'
make[5]: Leaving directory '/usr/local/esmf/esmf-testing/gfortranclang_14.2.0_17.0.0_mpich_g_develop/esmf/src/apps/ESMF_PrintInfoC'
mpicxx   -pthread -L/usr/local/esmf/esmf-testing/gfortranclang_14.2.0_17.0.0_mpich_g_develop/esmf/DEFAULTINSTALLDIR/lib/libg/Darwin.gfortranclang.64.mpich.default -L/usr/local/esmf/spack/opt/spack/darwin-m1/netcdf-c-4.9.2-ldj2txzcjjcdr2sou7zsz6lylgkmqcr4/lib -L/usr/local/esmf/spack/opt/spack/darwin-m1/netcdf-fortran-4.6.2-ye4ptq7z3gjeh5unfivwpdkfgsbqjkll/lib -L/usr/local/esmf/spack/opt/spack/darwin-m1/gcc-14.2.0-qqymykmrplffv57mi6bq7jls5ndk3ymq/lib/gcc/aarch64-apple-darwin24.5.0/14.2.0/../../../ -L/usr/local/esmf/esmf-testing/gfortranclang_14.2.0_17.0.0_mpich_g_develop/esmf/DEFAULTINSTALLDIR/lib/libg/Darwin.gfortranclang.64.mpich.default -L/usr/local/esmf/spack/opt/spack/darwin-m1/netcdf-c-4.9.2-ldj2txzcjjcdr2sou7zsz6lylgkmqcr4/lib -L/usr/local/esmf/spack/opt/spack/darwin-m1/netcdf-fortran-4.6.2-ye4ptq7z3gjeh5unfivwpdkfgsbqjkll/lib -L/usr/local/esmf/spack/opt/spack/darwin-m1/gcc-14.2.0-qqymykmrplffv57mi6bq7jls5ndk3ymq/lib/gcc/aarch64-apple-darwin24.5.0/14.2.0/../../../ -L./ -Wl,-rpath,/usr/local/esmf/esmf-testing/gfortranclang_14.2.0_17.0.0_mpich_g_develop/esmf/DEFAULTINSTALLDIR/lib/libg/Darwin.gfortranclang.64.mpich.default -Wl,-rpath,/usr/local/esmf/spack/opt/spack/darwin-m1/netcdf-c-4.9.2-ldj2txzcjjcdr2sou7zsz6lylgkmqcr4/lib -Wl,-rpath,/usr/local/esmf/spack/opt/spack/darwin-m1/netcdf-fortran-4.6.2-ye4ptq7z3gjeh5unfivwpdkfgsbqjkll/lib -Wl,-rpath,/usr/local/esmf/spack/opt/spack/darwin-m1/gcc-14.2.0-qqymykmrplffv57mi6bq7jls5ndk3ymq/lib/gcc/aarch64-apple-darwin24.5.0/14.2.0/../../../ -Wl,-rpath,/usr/local/esmf/esmf-testing/gfortranclang_14.2.0_17.0.0_mpich_g_develop/esmf/DEFAULTINSTALLDIR/lib/libg/Darwin.gfortranclang.64.mpich.default -Wl,-rpath,/usr/local/esmf/spack/opt/spack/darwin-m1/netcdf-c-4.9.2-ldj2txzcjjcdr2sou7zsz6lylgkmqcr4/lib -Wl,-rpath,/usr/local/esmf/spack/opt/spack/darwin-m1/netcdf-fortran-4.6.2-ye4ptq7z3gjeh5unfivwpdkfgsbqjkll/lib -Wl,-rpath,/usr/local/esmf/spack/opt/spack/darwin-m1/gcc-14.2.0-qqymykmrplffv57mi6bq7jls5ndk3ymq/lib/gcc/aarch64-apple-darwin24.5.0/14.2.0/../../../ -Wl,-rpath,./ -o /usr/local/esmf/esmf-testing/gfortranclang_14.2.0_17.0.0_mpich_g_develop/esmf/DEFAULTINSTALLDIR/bin/bing/Darwin.gfortranclang.64.mpich.default/ESMF_PrintInfoC /usr/local/esmf/esmf-testing/gfortranclang_14.2.0_17.0.0_mpich_g_develop/esmf/obj/objg/Darwin.gfortranclang.64.mpich.default/src/apps/ESMF_PrintInfoC/ESMF_PrintInfoC.o -lesmf -lpioc -lnetcdf -lnetcdff -lnetcdf -lnetcdf -lm -lmpifort -lgfortran -lpioc -lnetcdf -lnetcdff -lnetcdf -lnetcdf -lm -lmpifort -lm -lc++ -lgfortran
ld: warning: duplicate -rpath '/usr/local/esmf/esmf-testing/gfortranclang_14.2.0_17.0.0_mpich_g_develop/esmf/DEFAULTINSTALLDIR/lib/libg/Darwin.gfortranclang.64.mpich.default' ignored
ld: warning: duplicate -rpath '/usr/local/esmf/spack/opt/spack/darwin-m1/netcdf-c-4.9.2-ldj2txzcjjcdr2sou7zsz6lylgkmqcr4/lib' ignored
ld: warning: duplicate -rpath '/usr/local/esmf/spack/opt/spack/darwin-m1/netcdf-fortran-4.6.2-ye4ptq7z3gjeh5unfivwpdkfgsbqjkll/lib' ignored
ld: warning: duplicate -rpath '/usr/local/esmf/spack/opt/spack/darwin-m1/gcc-14.2.0-qqymykmrplffv57mi6bq7jls5ndk3ymq/lib/gcc/aarch64-apple-darwin24.5.0/14.2.0/../../../' ignored
ld: warning: ignoring duplicate libraries: '-lc++', '-lgfortran', '-lm', '-lmpifort', '-lnetcdf', '-lnetcdff', '-lpioc'
make[4]: Leaving directory '/usr/local/esmf/esmf-testing/gfortranclang_14.2.0_17.0.0_mpich_g_develop/esmf/src/apps/ESMF_PrintInfoC'
tree_build_apps in: /usr/local/esmf/esmf-testing/gfortranclang_14.2.0_17.0.0_mpich_g_develop/esmf/src/apps/ESMF_RegridWeightGen
make[4]: Entering directory '/usr/local/esmf/esmf-testing/gfortranclang_14.2.0_17.0.0_mpich_g_develop/esmf/src/apps/ESMF_RegridWeightGen'
make chkdir_locobj
make[5]: Entering directory '/usr/local/esmf/esmf-testing/gfortranclang_14.2.0_17.0.0_mpich_g_develop/esmf/src/apps/ESMF_RegridWeightGen'
Making directory /usr/local/esmf/esmf-testing/gfortranclang_14.2.0_17.0.0_mpich_g_develop/esmf/obj/objg/Darwin.gfortranclang.64.mpich.default/src/apps/ESMF_RegridWeightGen for apps output
make[5]: Leaving directory '/usr/local/esmf/esmf-testing/gfortranclang_14.2.0_17.0.0_mpich_g_develop/esmf/src/apps/ESMF_RegridWeightGen'
mpif90 -c -g -Wall -Wextra -Wconversion -Wno-unused -Wno-unused-dummy-argument -fimplicit-none -fcheck=all,no-pointer  -fPIC -pthread -frecursive -ffree-line-length-none -fno-backtrace -I/usr/local/esmf/esmf-testing/gfortranclang_14.2.0_17.0.0_mpich_g_develop/esmf/src/apps/ESMF_RegridWeightGen -I/usr/local/esmf/esmf-testing/gfortranclang_14.2.0_17.0.0_mpich_g_develop/esmf/build_config/Darwin.gfortranclang.default -I/usr/local/esmf/esmf-testing/gfortranclang_14.2.0_17.0.0_mpich_g_develop/esmf/src/Infrastructure -I/usr/local/esmf/esmf-testing/gfortranclang_14.2.0_17.0.0_mpich_g_develop/esmf/src/Superstructure -I/usr/local/esmf/esmf-testing/gfortranclang_14.2.0_17.0.0_mpich_g_develop/esmf/DEFAULTINSTALLDIR/mod/modg/Darwin.gfortranclang.64.mpich.default -I/usr/local/esmf/esmf-testing/gfortranclang_14.2.0_17.0.0_mpich_g_develop/esmf/src/include -I/usr/local/esmf/spack/opt/spack/darwin-m1/netcdf-c-4.9.2-ldj2txzcjjcdr2sou7zsz6lylgkmqcr4/include -I/usr/local/esmf/spack/opt/spack/darwin-m1/netcdf-fortran-4.6.2-ye4ptq7z3gjeh5unfivwpdkfgsbqjkll/include  -DESMF_NO_INTEGER_1_BYTE -DESMF_NO_INTEGER_2_BYTE -DESMF_VERSION_STRING_GIT='"develop+g1082792c4b"' -DESMF_LOWERCASE_SINGLEUNDERSCORE -DESMF_MOAB=1 -DESMF_LAPACK=1 -DESMF_LAPACK_INTERNAL=1 -DESMF_NO_ACC_SOFTWARE_STACK=1 -DESMF_PIO=1 -DESMF_NETCDF=1 -DYAML=ESMF_YAML -DESMF_YAMLCPP=1 -DESMF_NO_OPENMP -DESMF_NO_OPENACC -DESMF_TESTEXHAUSTIVE -DESMF_BOPT_g -DESMF_TESTPERFORMANCE -DESMF_TESTCOMPTUNNEL -DESMF_TESTWITHTHREADS -DS64=1 -DESMF_OS_Darwin=1 -DESMF_COMM=mpich -DESMF_DIR=/usr/local/esmf/esmf-testing/gfortranclang_14.2.0_17.0.0_mpich_g_develop/esmf ESMF_RegridWeightGen.F90 -o /usr/local/esmf/esmf-testing/gfortranclang_14.2.0_17.0.0_mpich_g_develop/esmf/obj/objg/Darwin.gfortranclang.64.mpich.default/src/apps/ESMF_RegridWeightGen/ESMF_RegridWeightGen.o
make chkdir_apps
make[5]: Entering directory '/usr/local/esmf/esmf-testing/gfortranclang_14.2.0_17.0.0_mpich_g_develop/esmf/src/apps/ESMF_RegridWeightGen'
make[5]: Leaving directory '/usr/local/esmf/esmf-testing/gfortranclang_14.2.0_17.0.0_mpich_g_develop/esmf/src/apps/ESMF_RegridWeightGen'
mpicxx   -pthread -L/usr/local/esmf/esmf-testing/gfortranclang_14.2.0_17.0.0_mpich_g_develop/esmf/DEFAULTINSTALLDIR/lib/libg/Darwin.gfortranclang.64.mpich.default -L/usr/local/esmf/spack/opt/spack/darwin-m1/netcdf-c-4.9.2-ldj2txzcjjcdr2sou7zsz6lylgkmqcr4/lib -L/usr/local/esmf/spack/opt/spack/darwin-m1/netcdf-fortran-4.6.2-ye4ptq7z3gjeh5unfivwpdkfgsbqjkll/lib -L/usr/local/esmf/spack/opt/spack/darwin-m1/gcc-14.2.0-qqymykmrplffv57mi6bq7jls5ndk3ymq/lib/gcc/aarch64-apple-darwin24.5.0/14.2.0/../../../ -L./ -Wl,-rpath,/usr/local/esmf/esmf-testing/gfortranclang_14.2.0_17.0.0_mpich_g_develop/esmf/DEFAULTINSTALLDIR/lib/libg/Darwin.gfortranclang.64.mpich.default  -Wl,-rpath,/usr/local/esmf/spack/opt/spack/darwin-m1/netcdf-c-4.9.2-ldj2txzcjjcdr2sou7zsz6lylgkmqcr4/lib -Wl,-rpath,/usr/local/esmf/spack/opt/spack/darwin-m1/netcdf-fortran-4.6.2-ye4ptq7z3gjeh5unfivwpdkfgsbqjkll/lib -Wl,-rpath,/usr/local/esmf/spack/opt/spack/darwin-m1/gcc-14.2.0-qqymykmrplffv57mi6bq7jls5ndk3ymq/lib/gcc/aarch64-apple-darwin24.5.0/14.2.0/../../../ -o /usr/local/esmf/esmf-testing/gfortranclang_14.2.0_17.0.0_mpich_g_develop/esmf/DEFAULTINSTALLDIR/bin/bing/Darwin.gfortranclang.64.mpich.default/ESMF_RegridWeightGen /usr/local/esmf/esmf-testing/gfortranclang_14.2.0_17.0.0_mpich_g_develop/esmf/obj/objg/Darwin.gfortranclang.64.mpich.default/src/apps/ESMF_RegridWeightGen/ESMF_RegridWeightGen.o -lesmf -lpioc -lnetcdf -lnetcdff -lnetcdf -lnetcdf -lm -lmpifort -lm -lc++ -lgfortran
ld: warning: ignoring duplicate libraries: '-lc++', '-lm', '-lnetcdf'
make[4]: Leaving directory '/usr/local/esmf/esmf-testing/gfortranclang_14.2.0_17.0.0_mpich_g_develop/esmf/src/apps/ESMF_RegridWeightGen'
tree_build_apps in: /usr/local/esmf/esmf-testing/gfortranclang_14.2.0_17.0.0_mpich_g_develop/esmf/src/apps/ESMF_WebServController
make[4]: Entering directory '/usr/local/esmf/esmf-testing/gfortranclang_14.2.0_17.0.0_mpich_g_develop/esmf/src/apps/ESMF_WebServController'
make chkdir_locobj
make[5]: Entering directory '/usr/local/esmf/esmf-testing/gfortranclang_14.2.0_17.0.0_mpich_g_develop/esmf/src/apps/ESMF_WebServController'
Making directory /usr/local/esmf/esmf-testing/gfortranclang_14.2.0_17.0.0_mpich_g_develop/esmf/obj/objg/Darwin.gfortranclang.64.mpich.default/src/apps/ESMF_WebServController for apps output
make[5]: Leaving directory '/usr/local/esmf/esmf-testing/gfortranclang_14.2.0_17.0.0_mpich_g_develop/esmf/src/apps/ESMF_WebServController'
mpicxx -c -std=c++11 -g -Wall -Wextra -Wno-unused  -fPIC -x c++ -mmacosx-version-min=10.7 -stdlib=libc++ -pthread -I/usr/local/esmf/esmf-testing/gfortranclang_14.2.0_17.0.0_mpich_g_develop/esmf/src/apps/ESMF_WebServController -I/usr/local/esmf/esmf-testing/gfortranclang_14.2.0_17.0.0_mpich_g_develop/esmf/src/apps/ESMF_WebServController/../include -I/usr/local/esmf/esmf-testing/gfortranclang_14.2.0_17.0.0_mpich_g_develop/esmf/build_config/Darwin.gfortranclang.default -I/usr/local/esmf/esmf-testing/gfortranclang_14.2.0_17.0.0_mpich_g_develop/esmf/src/Infrastructure -I/usr/local/esmf/esmf-testing/gfortranclang_14.2.0_17.0.0_mpich_g_develop/esmf/src/Superstructure -I/usr/local/esmf/esmf-testing/gfortranclang_14.2.0_17.0.0_mpich_g_develop/esmf/src/Infrastructure/stubs/pthread -I/usr/local/esmf/esmf-testing/gfortranclang_14.2.0_17.0.0_mpich_g_develop/esmf/src/include  -I/usr/local/esmf/spack/opt/spack/darwin-m1/netcdf-c-4.9.2-ldj2txzcjjcdr2sou7zsz6lylgkmqcr4/include -I/usr/local/esmf/esmf-testing/gfortranclang_14.2.0_17.0.0_mpich_g_develop/esmf/src/prologue/yaml-cpp/include -DESMF_NO_INTEGER_1_BYTE -DESMF_NO_INTEGER_2_BYTE -DESMF_VERSION_STRING_GIT='"develop+g1082792c4b"' -DESMF_LOWERCASE_SINGLEUNDERSCORE -DESMF_MOAB=1 -DESMF_LAPACK=1 -DESMF_LAPACK_INTERNAL=1 -DESMF_NO_ACC_SOFTWARE_STACK=1 -DESMF_PIO=1 -DESMF_NETCDF=1 -DYAML=ESMF_YAML -DESMF_YAMLCPP=1 -DESMF_NO_OPENMP -DESMF_NO_OPENACC -DESMF_TESTEXHAUSTIVE -DESMF_BOPT_g -DESMF_TESTPERFORMANCE -DESMF_TESTCOMPTUNNEL -DESMF_TESTWITHTHREADS -DS64=1 -DESMF_OS_Darwin=1 -DESMF_COMM=mpich -DESMF_DIR=/usr/local/esmf/esmf-testing/gfortranclang_14.2.0_17.0.0_mpich_g_develop/esmf -D__SDIR__='"src/apps/ESMF_WebServController"' -DESMF_CXXSTD=11 ESMF_WebServController.C -o /usr/local/esmf/esmf-testing/gfortranclang_14.2.0_17.0.0_mpich_g_develop/esmf/obj/objg/Darwin.gfortranclang.64.mpich.default/src/apps/ESMF_WebServController/ESMF_WebServController.o
ESMF_WebServController.C:69:4: warning: 'sprintf' is deprecated: This function is provided for compatibility reasons only.  Due to security concerns inherent in the design of sprintf(3), it is highly recommended that you use snprintf(3) instead. [-Wdeprecated-declarations]
   69 |    sprintf(datestr, "%s %d, %d @ %d:%02d:%02d %s",
      |    ^
/Library/Developer/CommandLineTools/SDKs/MacOSX.sdk/usr/include/_stdio.h:278:1: note: 'sprintf' has been explicitly marked deprecated here
  278 | __deprecated_msg("This function is provided for compatibility reasons only.  Due to security concerns inherent in the design of sprintf(3), it is highly recommended that you use snprintf(3) instead.")
      | ^
/Library/Developer/CommandLineTools/SDKs/MacOSX.sdk/usr/include/sys/cdefs.h:218:48: note: expanded from macro '__deprecated_msg'
  218 |         #define __deprecated_msg(_msg) __attribute__((__deprecated__(_msg)))
      |                                                       ^
1 warning generated.
make chkdir_apps
make[5]: Entering directory '/usr/local/esmf/esmf-testing/gfortranclang_14.2.0_17.0.0_mpich_g_develop/esmf/src/apps/ESMF_WebServController'
make[5]: Leaving directory '/usr/local/esmf/esmf-testing/gfortranclang_14.2.0_17.0.0_mpich_g_develop/esmf/src/apps/ESMF_WebServController'
mpicxx   -pthread -L/usr/local/esmf/esmf-testing/gfortranclang_14.2.0_17.0.0_mpich_g_develop/esmf/DEFAULTINSTALLDIR/lib/libg/Darwin.gfortranclang.64.mpich.default -L/usr/local/esmf/spack/opt/spack/darwin-m1/netcdf-c-4.9.2-ldj2txzcjjcdr2sou7zsz6lylgkmqcr4/lib -L/usr/local/esmf/spack/opt/spack/darwin-m1/netcdf-fortran-4.6.2-ye4ptq7z3gjeh5unfivwpdkfgsbqjkll/lib -L/usr/local/esmf/spack/opt/spack/darwin-m1/gcc-14.2.0-qqymykmrplffv57mi6bq7jls5ndk3ymq/lib/gcc/aarch64-apple-darwin24.5.0/14.2.0/../../../ -Wl,-rpath,/usr/local/esmf/esmf-testing/gfortranclang_14.2.0_17.0.0_mpich_g_develop/esmf/DEFAULTINSTALLDIR/lib/libg/Darwin.gfortranclang.64.mpich.default  -Wl,-rpath,/usr/local/esmf/spack/opt/spack/darwin-m1/netcdf-c-4.9.2-ldj2txzcjjcdr2sou7zsz6lylgkmqcr4/lib -Wl,-rpath,/usr/local/esmf/spack/opt/spack/darwin-m1/netcdf-fortran-4.6.2-ye4ptq7z3gjeh5unfivwpdkfgsbqjkll/lib -Wl,-rpath,/usr/local/esmf/spack/opt/spack/darwin-m1/gcc-14.2.0-qqymykmrplffv57mi6bq7jls5ndk3ymq/lib/gcc/aarch64-apple-darwin24.5.0/14.2.0/../../../ -o /usr/local/esmf/esmf-testing/gfortranclang_14.2.0_17.0.0_mpich_g_develop/esmf/DEFAULTINSTALLDIR/bin/bing/Darwin.gfortranclang.64.mpich.default/ESMF_WebServController /usr/local/esmf/esmf-testing/gfortranclang_14.2.0_17.0.0_mpich_g_develop/esmf/obj/objg/Darwin.gfortranclang.64.mpich.default/src/apps/ESMF_WebServController/ESMF_WebServController.o -lesmf -lpioc -lnetcdf -lnetcdff -lnetcdf -lnetcdf -lm -lmpifort -lgfortran
ld: warning: ignoring duplicate libraries: '-lnetcdf'
make[4]: Leaving directory '/usr/local/esmf/esmf-testing/gfortranclang_14.2.0_17.0.0_mpich_g_develop/esmf/src/apps/ESMF_WebServController'
tree_build_apps in: /usr/local/esmf/esmf-testing/gfortranclang_14.2.0_17.0.0_mpich_g_develop/esmf/src/apps/ESMF_Scrip2Unstruct
make[4]: Entering directory '/usr/local/esmf/esmf-testing/gfortranclang_14.2.0_17.0.0_mpich_g_develop/esmf/src/apps/ESMF_Scrip2Unstruct'
make chkdir_locobj
make[5]: Entering directory '/usr/local/esmf/esmf-testing/gfortranclang_14.2.0_17.0.0_mpich_g_develop/esmf/src/apps/ESMF_Scrip2Unstruct'
Making directory /usr/local/esmf/esmf-testing/gfortranclang_14.2.0_17.0.0_mpich_g_develop/esmf/obj/objg/Darwin.gfortranclang.64.mpich.default/src/apps/ESMF_Scrip2Unstruct for apps output
make[5]: Leaving directory '/usr/local/esmf/esmf-testing/gfortranclang_14.2.0_17.0.0_mpich_g_develop/esmf/src/apps/ESMF_Scrip2Unstruct'
mpicxx -c -std=c++11 -g -Wall -Wextra -Wno-unused  -fPIC -x c++ -mmacosx-version-min=10.7 -stdlib=libc++ -pthread -I/usr/local/esmf/esmf-testing/gfortranclang_14.2.0_17.0.0_mpich_g_develop/esmf/src/apps/ESMF_Scrip2Unstruct -I/usr/local/esmf/esmf-testing/gfortranclang_14.2.0_17.0.0_mpich_g_develop/esmf/src/apps/ESMF_Scrip2Unstruct/../include -I/usr/local/esmf/esmf-testing/gfortranclang_14.2.0_17.0.0_mpich_g_develop/esmf/build_config/Darwin.gfortranclang.default -I/usr/local/esmf/esmf-testing/gfortranclang_14.2.0_17.0.0_mpich_g_develop/esmf/src/Infrastructure -I/usr/local/esmf/esmf-testing/gfortranclang_14.2.0_17.0.0_mpich_g_develop/esmf/src/Superstructure -I/usr/local/esmf/esmf-testing/gfortranclang_14.2.0_17.0.0_mpich_g_develop/esmf/src/Infrastructure/stubs/pthread -I/usr/local/esmf/esmf-testing/gfortranclang_14.2.0_17.0.0_mpich_g_develop/esmf/src/include  -I/usr/local/esmf/spack/opt/spack/darwin-m1/netcdf-c-4.9.2-ldj2txzcjjcdr2sou7zsz6lylgkmqcr4/include -I/usr/local/esmf/esmf-testing/gfortranclang_14.2.0_17.0.0_mpich_g_develop/esmf/src/prologue/yaml-cpp/include -DESMF_NO_INTEGER_1_BYTE -DESMF_NO_INTEGER_2_BYTE -DESMF_VERSION_STRING_GIT='"develop+g1082792c4b"' -DESMF_LOWERCASE_SINGLEUNDERSCORE -DESMF_MOAB=1 -DESMF_LAPACK=1 -DESMF_LAPACK_INTERNAL=1 -DESMF_NO_ACC_SOFTWARE_STACK=1 -DESMF_PIO=1 -DESMF_NETCDF=1 -DYAML=ESMF_YAML -DESMF_YAMLCPP=1 -DESMF_NO_OPENMP -DESMF_NO_OPENACC -DESMF_TESTEXHAUSTIVE -DESMF_BOPT_g -DESMF_TESTPERFORMANCE -DESMF_TESTCOMPTUNNEL -DESMF_TESTWITHTHREADS -DS64=1 -DESMF_OS_Darwin=1 -DESMF_COMM=mpich -DESMF_DIR=/usr/local/esmf/esmf-testing/gfortranclang_14.2.0_17.0.0_mpich_g_develop/esmf -D__SDIR__='"src/apps/ESMF_Scrip2Unstruct"' -DESMF_CXXSTD=11 ESMF_Scrip2Unstruct.C -o /usr/local/esmf/esmf-testing/gfortranclang_14.2.0_17.0.0_mpich_g_develop/esmf/obj/objg/Darwin.gfortranclang.64.mpich.default/src/apps/ESMF_Scrip2Unstruct/ESMF_Scrip2Unstruct.o
ESMF_Scrip2Unstruct.C:69:42: warning: unused parameter 'orig_grid_dims' [-Wunused-parameter]
   69 |                 int orig_grid_rank, int *orig_grid_dims)
      |                                          ^
ESMF_Scrip2Unstruct.C:581:14: warning: comparison of integers of different signs: 'int' and 'size_t' (aka 'unsigned long') [-Wsign-compare]
  581 |   for (i=0; i<len; i++) {
      |             ~^~~~
ESMF_Scrip2Unstruct.C:592:19: warning: comparison of integers of different signs: 'int' and 'size_t' (aka 'unsigned long') [-Wsign-compare]
  592 |     for (i = 0; i < gcdim*gsdim; i++) {
      |                 ~ ^ ~~~~~~~~~~~
ESMF_Scrip2Unstruct.C:598:17: warning: comparison of integers of different signs: 'int' and 'size_t' (aka 'unsigned long') [-Wsign-compare]
  598 |   for (i = 0; i < gcdim*gsdim; i++) {
      |               ~ ^ ~~~~~~~~~~~
ESMF_Scrip2Unstruct.C:666:14: warning: comparison of integers of different signs: 'int' and 'size_t' (aka 'unsigned long') [-Wsign-compare]
  666 |   for (i=0; i<gcdim*gsdim; i++) {
      |             ~^~~~~~~~~~~~
ESMF_Scrip2Unstruct.C:693:14: warning: comparison of integers of different signs: 'int' and 'size_t' (aka 'unsigned long') [-Wsign-compare]
  693 |   for (i=0; i<gsdim; i++) {
      |             ~^~~~~~
ESMF_Scrip2Unstruct.C:698:16: warning: comparison of integers of different signs: 'int' and 'size_t' (aka 'unsigned long') [-Wsign-compare]
  698 |     for (j=1; j<gcdim; j++) {
      |               ~^~~~~~
ESMF_Scrip2Unstruct.C:724:20: warning: comparison of integers of different signs: 'int' and 'size_t' (aka 'unsigned long') [-Wsign-compare]
  724 |     for (j=count; j<gcdim; j++) {
      |                   ~^~~~~~
ESMF_Scrip2Unstruct.C:838:15: warning: comparison of integers of different signs: 'int' and 'size_t' (aka 'unsigned long') [-Wsign-compare]
  838 |           for (i=0; i<len; i++) {
      |                     ~^~~~
ESMF_Scrip2Unstruct.C:849:17: warning: comparison of integers of different signs: 'int' and 'size_t' (aka 'unsigned long') [-Wsign-compare]
  849 |             for (i=0; i<gsdim; i++) {
      |                       ~^~~~~~
ESMF_Scrip2Unstruct.C:856:17: warning: comparison of integers of different signs: 'int' and 'size_t' (aka 'unsigned long') [-Wsign-compare]
  856 |             for (i=0; i<gsdim; i++) {
      |                       ~^~~~~~
ESMF_Scrip2Unstruct.C:869:17: warning: comparison of integers of different signs: 'int' and 'size_t' (aka 'unsigned long') [-Wsign-compare]
  869 |             for (i=0; i<gsdim; i++) {
      |                       ~^~~~~~
ESMF_Scrip2Unstruct.C:875:17: warning: comparison of integers of different signs: 'int' and 'size_t' (aka 'unsigned long') [-Wsign-compare]
  875 |             for (i=0; i<gsdim; i++) {
      |                       ~^~~~~~
ESMF_Scrip2Unstruct.C:946:16: warning: comparison of integers of different signs: 'int' and 'size_t' (aka 'unsigned long') [-Wsign-compare]
  946 |     for (i=0; i<gsdim; i++) {
      |               ~^~~~~~
ESMF_Scrip2Unstruct.C:957:16: warning: comparison of integers of different signs: 'int' and 'size_t' (aka 'unsigned long') [-Wsign-compare]
  957 |     for (i=0; i<gsdim; i++) {
      |               ~^~~~~~
ESMF_Scrip2Unstruct.C:967:16: warning: comparison of integers of different signs: 'int' and 'size_t' (aka 'unsigned long') [-Wsign-compare]
  967 |     for (i=0; i<len; i++) {
      |               ~^~~~
ESMF_Scrip2Unstruct.C:976:18: warning: comparison of integers of different signs: 'int' and 'size_t' (aka 'unsigned long') [-Wsign-compare]
  976 |       for (i=0; i<gsdim*2; i++) {
      |                 ~^~~~~~~~
ESMF_Scrip2Unstruct.C:992:20: warning: comparison of integers of different signs: 'int' and 'size_t' (aka 'unsigned long') [-Wsign-compare]
  992 |     for (i=0,k=0; i<gsdim; i++) {
      |                   ~^~~~~~
ESMF_Scrip2Unstruct.C:993:18: warning: comparison of integers of different signs: 'int' and 'size_t' (aka 'unsigned long') [-Wsign-compare]
  993 |       for (j=0; j<gcdim; j++,k++) {
      |                 ~^~~~~~
ESMF_Scrip2Unstruct.C:1082:17: warning: comparison of integers of different signs: 'int' and 'size_t' (aka 'unsigned long') [-Wsign-compare]
 1082 |             for (j=0; j<gsdim;j++) {
      |                       ~^~~~~~
ESMF_Scrip2Unstruct.C:1089:18: warning: comparison of integers of different signs: 'int' and 'size_t' (aka 'unsigned long') [-Wsign-compare]
 1089 |             for (j=0;  j<gsdim;j++) {
      |                        ~^~~~~~
21 warnings generated.
make chkdir_apps
make[5]: Entering directory '/usr/local/esmf/esmf-testing/gfortranclang_14.2.0_17.0.0_mpich_g_develop/esmf/src/apps/ESMF_Scrip2Unstruct'
make[5]: Leaving directory '/usr/local/esmf/esmf-testing/gfortranclang_14.2.0_17.0.0_mpich_g_develop/esmf/src/apps/ESMF_Scrip2Unstruct'
mpicxx   -pthread -L/usr/local/esmf/esmf-testing/gfortranclang_14.2.0_17.0.0_mpich_g_develop/esmf/DEFAULTINSTALLDIR/lib/libg/Darwin.gfortranclang.64.mpich.default -L/usr/local/esmf/spack/opt/spack/darwin-m1/netcdf-c-4.9.2-ldj2txzcjjcdr2sou7zsz6lylgkmqcr4/lib -L/usr/local/esmf/spack/opt/spack/darwin-m1/netcdf-fortran-4.6.2-ye4ptq7z3gjeh5unfivwpdkfgsbqjkll/lib -L/usr/local/esmf/spack/opt/spack/darwin-m1/gcc-14.2.0-qqymykmrplffv57mi6bq7jls5ndk3ymq/lib/gcc/aarch64-apple-darwin24.5.0/14.2.0/../../../ -Wl,-rpath,/usr/local/esmf/esmf-testing/gfortranclang_14.2.0_17.0.0_mpich_g_develop/esmf/DEFAULTINSTALLDIR/lib/libg/Darwin.gfortranclang.64.mpich.default  -Wl,-rpath,/usr/local/esmf/spack/opt/spack/darwin-m1/netcdf-c-4.9.2-ldj2txzcjjcdr2sou7zsz6lylgkmqcr4/lib -Wl,-rpath,/usr/local/esmf/spack/opt/spack/darwin-m1/netcdf-fortran-4.6.2-ye4ptq7z3gjeh5unfivwpdkfgsbqjkll/lib -Wl,-rpath,/usr/local/esmf/spack/opt/spack/darwin-m1/gcc-14.2.0-qqymykmrplffv57mi6bq7jls5ndk3ymq/lib/gcc/aarch64-apple-darwin24.5.0/14.2.0/../../../ -o /usr/local/esmf/esmf-testing/gfortranclang_14.2.0_17.0.0_mpich_g_develop/esmf/DEFAULTINSTALLDIR/bin/bing/Darwin.gfortranclang.64.mpich.default/ESMF_Scrip2Unstruct /usr/local/esmf/esmf-testing/gfortranclang_14.2.0_17.0.0_mpich_g_develop/esmf/obj/objg/Darwin.gfortranclang.64.mpich.default/src/apps/ESMF_Scrip2Unstruct/ESMF_Scrip2Unstruct.o -lesmf -lpioc -lnetcdf -lnetcdff -lnetcdf -lnetcdf -lm -lmpifort -lgfortran
ld: warning: ignoring duplicate libraries: '-lnetcdf'
make[4]: Leaving directory '/usr/local/esmf/esmf-testing/gfortranclang_14.2.0_17.0.0_mpich_g_develop/esmf/src/apps/ESMF_Scrip2Unstruct'
tree_build_apps in: /usr/local/esmf/esmf-testing/gfortranclang_14.2.0_17.0.0_mpich_g_develop/esmf/src/apps/ESMF_Regrid
make[4]: Entering directory '/usr/local/esmf/esmf-testing/gfortranclang_14.2.0_17.0.0_mpich_g_develop/esmf/src/apps/ESMF_Regrid'
make chkdir_locobj
make[5]: Entering directory '/usr/local/esmf/esmf-testing/gfortranclang_14.2.0_17.0.0_mpich_g_develop/esmf/src/apps/ESMF_Regrid'
Making directory /usr/local/esmf/esmf-testing/gfortranclang_14.2.0_17.0.0_mpich_g_develop/esmf/obj/objg/Darwin.gfortranclang.64.mpich.default/src/apps/ESMF_Regrid for apps output
make[5]: Leaving directory '/usr/local/esmf/esmf-testing/gfortranclang_14.2.0_17.0.0_mpich_g_develop/esmf/src/apps/ESMF_Regrid'
mpif90 -c -g -Wall -Wextra -Wconversion -Wno-unused -Wno-unused-dummy-argument -fimplicit-none -fcheck=all,no-pointer  -fPIC -pthread -frecursive -ffree-line-length-none -fno-backtrace -I/usr/local/esmf/esmf-testing/gfortranclang_14.2.0_17.0.0_mpich_g_develop/esmf/src/apps/ESMF_Regrid -I/usr/local/esmf/esmf-testing/gfortranclang_14.2.0_17.0.0_mpich_g_develop/esmf/build_config/Darwin.gfortranclang.default -I/usr/local/esmf/esmf-testing/gfortranclang_14.2.0_17.0.0_mpich_g_develop/esmf/src/Infrastructure -I/usr/local/esmf/esmf-testing/gfortranclang_14.2.0_17.0.0_mpich_g_develop/esmf/src/Superstructure -I/usr/local/esmf/esmf-testing/gfortranclang_14.2.0_17.0.0_mpich_g_develop/esmf/DEFAULTINSTALLDIR/mod/modg/Darwin.gfortranclang.64.mpich.default -I/usr/local/esmf/esmf-testing/gfortranclang_14.2.0_17.0.0_mpich_g_develop/esmf/src/include -I/usr/local/esmf/spack/opt/spack/darwin-m1/netcdf-c-4.9.2-ldj2txzcjjcdr2sou7zsz6lylgkmqcr4/include -I/usr/local/esmf/spack/opt/spack/darwin-m1/netcdf-fortran-4.6.2-ye4ptq7z3gjeh5unfivwpdkfgsbqjkll/include  -DESMF_NO_INTEGER_1_BYTE -DESMF_NO_INTEGER_2_BYTE -DESMF_VERSION_STRING_GIT='"develop+g1082792c4b"' -DESMF_LOWERCASE_SINGLEUNDERSCORE -DESMF_MOAB=1 -DESMF_LAPACK=1 -DESMF_LAPACK_INTERNAL=1 -DESMF_NO_ACC_SOFTWARE_STACK=1 -DESMF_PIO=1 -DESMF_NETCDF=1 -DYAML=ESMF_YAML -DESMF_YAMLCPP=1 -DESMF_NO_OPENMP -DESMF_NO_OPENACC -DESMF_TESTEXHAUSTIVE -DESMF_BOPT_g -DESMF_TESTPERFORMANCE -DESMF_TESTCOMPTUNNEL -DESMF_TESTWITHTHREADS -DS64=1 -DESMF_OS_Darwin=1 -DESMF_COMM=mpich -DESMF_DIR=/usr/local/esmf/esmf-testing/gfortranclang_14.2.0_17.0.0_mpich_g_develop/esmf ESMF_Regrid.F90 -o /usr/local/esmf/esmf-testing/gfortranclang_14.2.0_17.0.0_mpich_g_develop/esmf/obj/objg/Darwin.gfortranclang.64.mpich.default/src/apps/ESMF_Regrid/ESMF_Regrid.o
make chkdir_apps
make[5]: Entering directory '/usr/local/esmf/esmf-testing/gfortranclang_14.2.0_17.0.0_mpich_g_develop/esmf/src/apps/ESMF_Regrid'
make[5]: Leaving directory '/usr/local/esmf/esmf-testing/gfortranclang_14.2.0_17.0.0_mpich_g_develop/esmf/src/apps/ESMF_Regrid'
mpicxx   -pthread -L/usr/local/esmf/esmf-testing/gfortranclang_14.2.0_17.0.0_mpich_g_develop/esmf/DEFAULTINSTALLDIR/lib/libg/Darwin.gfortranclang.64.mpich.default -L/usr/local/esmf/spack/opt/spack/darwin-m1/netcdf-c-4.9.2-ldj2txzcjjcdr2sou7zsz6lylgkmqcr4/lib -L/usr/local/esmf/spack/opt/spack/darwin-m1/netcdf-fortran-4.6.2-ye4ptq7z3gjeh5unfivwpdkfgsbqjkll/lib -L/usr/local/esmf/spack/opt/spack/darwin-m1/gcc-14.2.0-qqymykmrplffv57mi6bq7jls5ndk3ymq/lib/gcc/aarch64-apple-darwin24.5.0/14.2.0/../../../ -L./ -Wl,-rpath,/usr/local/esmf/esmf-testing/gfortranclang_14.2.0_17.0.0_mpich_g_develop/esmf/DEFAULTINSTALLDIR/lib/libg/Darwin.gfortranclang.64.mpich.default  -Wl,-rpath,/usr/local/esmf/spack/opt/spack/darwin-m1/netcdf-c-4.9.2-ldj2txzcjjcdr2sou7zsz6lylgkmqcr4/lib -Wl,-rpath,/usr/local/esmf/spack/opt/spack/darwin-m1/netcdf-fortran-4.6.2-ye4ptq7z3gjeh5unfivwpdkfgsbqjkll/lib -Wl,-rpath,/usr/local/esmf/spack/opt/spack/darwin-m1/gcc-14.2.0-qqymykmrplffv57mi6bq7jls5ndk3ymq/lib/gcc/aarch64-apple-darwin24.5.0/14.2.0/../../../ -o /usr/local/esmf/esmf-testing/gfortranclang_14.2.0_17.0.0_mpich_g_develop/esmf/DEFAULTINSTALLDIR/bin/bing/Darwin.gfortranclang.64.mpich.default/ESMF_Regrid /usr/local/esmf/esmf-testing/gfortranclang_14.2.0_17.0.0_mpich_g_develop/esmf/obj/objg/Darwin.gfortranclang.64.mpich.default/src/apps/ESMF_Regrid/ESMF_Regrid.o -lesmf -lpioc -lnetcdf -lnetcdff -lnetcdf -lnetcdf -lm -lmpifort -lm -lc++ -lgfortran
ld: warning: ignoring duplicate libraries: '-lc++', '-lm', '-lnetcdf'
make[4]: Leaving directory '/usr/local/esmf/esmf-testing/gfortranclang_14.2.0_17.0.0_mpich_g_develop/esmf/src/apps/ESMF_Regrid'
tree_build_apps in: /usr/local/esmf/esmf-testing/gfortranclang_14.2.0_17.0.0_mpich_g_develop/esmf/src/apps/ESMX_Builder
make[4]: Entering directory '/usr/local/esmf/esmf-testing/gfortranclang_14.2.0_17.0.0_mpich_g_develop/esmf/src/apps/ESMX_Builder'
make chkdir_apps
make[5]: Entering directory '/usr/local/esmf/esmf-testing/gfortranclang_14.2.0_17.0.0_mpich_g_develop/esmf/src/apps/ESMX_Builder'
make[5]: Leaving directory '/usr/local/esmf/esmf-testing/gfortranclang_14.2.0_17.0.0_mpich_g_develop/esmf/src/apps/ESMX_Builder'
cp -f ESMX_Builder.sh /usr/local/esmf/esmf-testing/gfortranclang_14.2.0_17.0.0_mpich_g_develop/esmf/DEFAULTINSTALLDIR/bin/bing/Darwin.gfortranclang.64.mpich.default/ESMX_Builder
make[4]: Leaving directory '/usr/local/esmf/esmf-testing/gfortranclang_14.2.0_17.0.0_mpich_g_develop/esmf/src/apps/ESMX_Builder'
make[3]: Leaving directory '/usr/local/esmf/esmf-testing/gfortranclang_14.2.0_17.0.0_mpich_g_develop/esmf/src/apps'
ESMF apps built successfully.
make[2]: Leaving directory '/usr/local/esmf/esmf-testing/gfortranclang_14.2.0_17.0.0_mpich_g_develop/esmf'
make[1]: Leaving directory '/usr/local/esmf/esmf-testing/gfortranclang_14.2.0_17.0.0_mpich_g_develop/esmf'
mkdir -p /usr/local/esmf/esmf-testing/gfortranclang_14.2.0_17.0.0_mpich_g_develop/esmf/DEFAULTINSTALLDIR/doc
make install_info_mk
make[1]: Entering directory '/usr/local/esmf/esmf-testing/gfortranclang_14.2.0_17.0.0_mpich_g_develop/esmf'
make info_mk ESMF_APPSDIR=/usr/local/esmf/esmf-testing/gfortranclang_14.2.0_17.0.0_mpich_g_develop/esmf/DEFAULTINSTALLDIR/bin/bing/Darwin.gfortranclang.64.mpich.default ESMF_LDIR=/usr/local/esmf/esmf-testing/gfortranclang_14.2.0_17.0.0_mpich_g_develop/esmf/DEFAULTINSTALLDIR/lib/libg/Darwin.gfortranclang.64.mpich.default ESMF_LIBDIR=/usr/local/esmf/esmf-testing/gfortranclang_14.2.0_17.0.0_mpich_g_develop/esmf/DEFAULTINSTALLDIR/lib/libg/Darwin.gfortranclang.64.mpich.default ESMF_ESMXDIR=/usr/local/esmf/esmf-testing/gfortranclang_14.2.0_17.0.0_mpich_g_develop/esmf/DEFAULTINSTALLDIR/include/ESMX ESMF_CMAKEDIR=/usr/local/esmf/esmf-testing/gfortranclang_14.2.0_17.0.0_mpich_g_develop/esmf/DEFAULTINSTALLDIR/cmake ESMF_MODDIR=/usr/local/esmf/esmf-testing/gfortranclang_14.2.0_17.0.0_mpich_g_develop/esmf/DEFAULTINSTALLDIR/mod/modg/Darwin.gfortranclang.64.mpich.default ESMF_INCDIR=/usr/local/esmf/esmf-testing/gfortranclang_14.2.0_17.0.0_mpich_g_develop/esmf/DEFAULTINSTALLDIR/include
make[2]: Entering directory '/usr/local/esmf/esmf-testing/gfortranclang_14.2.0_17.0.0_mpich_g_develop/esmf'
make[2]: Leaving directory '/usr/local/esmf/esmf-testing/gfortranclang_14.2.0_17.0.0_mpich_g_develop/esmf'
make[1]: Leaving directory '/usr/local/esmf/esmf-testing/gfortranclang_14.2.0_17.0.0_mpich_g_develop/esmf'
/usr/local/esmf/esmf-testing/gfortranclang_14.2.0_17.0.0_mpich_g_develop/esmf/cmake/generate_config.py --esmfmkfile=/usr/local/esmf/esmf-testing/gfortranclang_14.2.0_17.0.0_mpich_g_develop/esmf/DEFAULTINSTALLDIR/lib/libg/Darwin.gfortranclang.64.mpich.default/esmf.mk --template=/usr/local/esmf/esmf-testing/gfortranclang_14.2.0_17.0.0_mpich_g_develop/esmf/cmake/ESMFConfig.cmake.in --outputdir=/usr/local/esmf/esmf-testing/gfortranclang_14.2.0_17.0.0_mpich_g_develop/esmf/DEFAULTINSTALLDIR/lib/libg/Darwin.gfortranclang.64.mpich.default/cmake/ESMF
Successfully generated config: /usr/local/esmf/esmf-testing/gfortranclang_14.2.0_17.0.0_mpich_g_develop/esmf/DEFAULTINSTALLDIR/lib/libg/Darwin.gfortranclang.64.mpich.default/cmake/ESMF/ESMFConfig.cmake (MPI: TRUE, Imported Target: libesmf.dylib)
Successfully generated version handler: /usr/local/esmf/esmf-testing/gfortranclang_14.2.0_17.0.0_mpich_g_develop/esmf/DEFAULTINSTALLDIR/lib/libg/Darwin.gfortranclang.64.mpich.default/cmake/ESMF/ESMFConfigVersion.cmake
 
ESMF installation complete.
 
