2026-05-29 19:32:40
20260529 194610.055 INFO             PET0 !!!!!!!!!!!!!!!!!!!!!!!!!!!!!!!!!!!!!!!!!!!!!!!!!!!!!!
20260529 194610.056 INFO             PET0 !!! THE ESMF_LOG IS SET TO OUTPUT ALL LOG MESSAGES !!!
20260529 194610.056 INFO             PET0 !!!     THIS MAY CAUSE SLOWDOWN IN PERFORMANCE     !!!
20260529 194610.056 INFO             PET0 !!! FOR PRODUCTION RUNS, USE:                      !!!
20260529 194610.056 INFO             PET0 !!!                   ESMF_LOGKIND_Multi_On_Error  !!!
20260529 194610.056 INFO             PET0 !!!!!!!!!!!!!!!!!!!!!!!!!!!!!!!!!!!!!!!!!!!!!!!!!!!!!!
20260529 194610.056 INFO             PET0 Running with ESMF Version   : develop+gf183dd1f0b
20260529 194610.056 INFO             PET0 ESMF library build date/time: "May 29 2026" "19:31:50"
20260529 194610.056 INFO             PET0 ESMF library build location : /usr/local/esmf/esmf-testing/nagclang_7.2.44_17.0.0_mpiuni_g_develop/esmf
20260529 194610.056 INFO             PET0 ESMF_COMM                   : mpiuni
20260529 194610.056 INFO             PET0 ESMF_MOAB                   : enabled
20260529 194610.056 INFO             PET0 ESMF_LAPACK                 : enabled
20260529 194610.056 INFO             PET0 ESMF_NETCDF                 : enabled
20260529 194610.056 INFO             PET0 ESMF_PNETCDF                : disabled
20260529 194610.056 INFO             PET0 ESMF_PIO                    : enabled
20260529 194610.056 INFO             PET0 ESMF_YAMLCPP                : enabled
20260529 194610.056 INFO             PET0  NUMBER_OF_PROCESSORS 1
20260529 194610.056 INFO             PET0  PASS  Example ESMF_VMUserMpiEx, ESMF_VMUserMpiEx.F90, line 100
20260529 194610.056 INFO             PET0  Finalizing ESMF with endflag==ESMF_END_KEEPMPI
