2026-07-25 19:38:42
20260725 195503.244 INFO             PET0 !!!!!!!!!!!!!!!!!!!!!!!!!!!!!!!!!!!!!!!!!!!!!!!!!!!!!!
20260725 195503.245 INFO             PET0 !!! THE ESMF_LOG IS SET TO OUTPUT ALL LOG MESSAGES !!!
20260725 195503.245 INFO             PET0 !!!     THIS MAY CAUSE SLOWDOWN IN PERFORMANCE     !!!
20260725 195503.245 INFO             PET0 !!! FOR PRODUCTION RUNS, USE:                      !!!
20260725 195503.245 INFO             PET0 !!!                   ESMF_LOGKIND_Multi_On_Error  !!!
20260725 195503.245 INFO             PET0 !!!!!!!!!!!!!!!!!!!!!!!!!!!!!!!!!!!!!!!!!!!!!!!!!!!!!!
20260725 195503.245 INFO             PET0 Running with ESMF Version   : develop+g6f2cfc7ce0
20260725 195503.245 INFO             PET0 ESMF library build date/time: "Jul 25 2026" "19:37:38"
20260725 195503.245 INFO             PET0 ESMF library build location : /usr/local/esmf/esmf-testing/nagclang_7.2.44_17.0.0_mpiuni_g_develop/esmf
20260725 195503.245 INFO             PET0 ESMF_COMM                   : mpiuni
20260725 195503.245 INFO             PET0 ESMF_MOAB                   : enabled
20260725 195503.245 INFO             PET0 ESMF_LAPACK                 : enabled
20260725 195503.245 INFO             PET0 ESMF_NETCDF                 : enabled
20260725 195503.245 INFO             PET0 ESMF_PNETCDF                : disabled
20260725 195503.245 INFO             PET0 ESMF_PIO                    : enabled
20260725 195503.245 INFO             PET0 ESMF_YAMLCPP                : enabled
20260725 195503.248 INFO             PET0  NUMBER_OF_PROCESSORS 1
20260725 195503.248 INFO             PET0  PASS  Example ESMF_CplEx, ESMF_CplEx.F90, line 457
20260725 195503.248 INFO             PET0  Finalizing ESMF
