2026-05-20 19:32:47
20260520 194712.788 INFO             PET0 !!!!!!!!!!!!!!!!!!!!!!!!!!!!!!!!!!!!!!!!!!!!!!!!!!!!!!
20260520 194712.789 INFO             PET0 !!! THE ESMF_LOG IS SET TO OUTPUT ALL LOG MESSAGES !!!
20260520 194712.789 INFO             PET0 !!!     THIS MAY CAUSE SLOWDOWN IN PERFORMANCE     !!!
20260520 194712.789 INFO             PET0 !!! FOR PRODUCTION RUNS, USE:                      !!!
20260520 194712.789 INFO             PET0 !!!                   ESMF_LOGKIND_Multi_On_Error  !!!
20260520 194712.789 INFO             PET0 !!!!!!!!!!!!!!!!!!!!!!!!!!!!!!!!!!!!!!!!!!!!!!!!!!!!!!
20260520 194712.789 INFO             PET0 Running with ESMF Version   : develop+g3a22a06bd4
20260520 194712.789 INFO             PET0 ESMF library build date/time: "May 20 2026" "19:31:56"
20260520 194712.789 INFO             PET0 ESMF library build location : /usr/local/esmf/esmf-testing/nagclang_7.2.44_17.0.0_mpiuni_g_develop/esmf
20260520 194712.789 INFO             PET0 ESMF_COMM                   : mpiuni
20260520 194712.789 INFO             PET0 ESMF_MOAB                   : enabled
20260520 194712.789 INFO             PET0 ESMF_LAPACK                 : enabled
20260520 194712.789 INFO             PET0 ESMF_NETCDF                 : enabled
20260520 194712.789 INFO             PET0 ESMF_PNETCDF                : disabled
20260520 194712.789 INFO             PET0 ESMF_PIO                    : enabled
20260520 194712.789 INFO             PET0 ESMF_YAMLCPP                : enabled
20260520 194712.789 INFO             PET0 InternalState label: second named data block
20260520 194712.789 INFO             PET0 InternalState label: first named data block
20260520 194712.789 INFO             PET0 InternalState label: ESMF-default-localdata
20260520 194712.789 INFO             PET0  NUMBER_OF_PROCESSORS 1
20260520 194712.789 INFO             PET0  PASS  Example ESMF_InternalStateEx, ESMF_InternalStateEx.F90, line 218
20260520 194712.789 INFO             PET0  Finalizing ESMF
