2026-06-21 19:34:05
20260621 194839.407 INFO             PET0 !!!!!!!!!!!!!!!!!!!!!!!!!!!!!!!!!!!!!!!!!!!!!!!!!!!!!!
20260621 194839.407 INFO             PET0 !!! THE ESMF_LOG IS SET TO OUTPUT ALL LOG MESSAGES !!!
20260621 194839.407 INFO             PET0 !!!     THIS MAY CAUSE SLOWDOWN IN PERFORMANCE     !!!
20260621 194839.407 INFO             PET0 !!! FOR PRODUCTION RUNS, USE:                      !!!
20260621 194839.407 INFO             PET0 !!!                   ESMF_LOGKIND_Multi_On_Error  !!!
20260621 194839.407 INFO             PET0 !!!!!!!!!!!!!!!!!!!!!!!!!!!!!!!!!!!!!!!!!!!!!!!!!!!!!!
20260621 194839.407 INFO             PET0 Running with ESMF Version   : develop+gb44f36ed28
20260621 194839.407 INFO             PET0 ESMF library build date/time: "Jun 21 2026" "19:33:13"
20260621 194839.407 INFO             PET0 ESMF library build location : /usr/local/esmf/esmf-testing/nagclang_7.2.44_17.0.0_mpiuni_g_develop/esmf
20260621 194839.407 INFO             PET0 ESMF_COMM                   : mpiuni
20260621 194839.407 INFO             PET0 ESMF_MOAB                   : enabled
20260621 194839.407 INFO             PET0 ESMF_LAPACK                 : enabled
20260621 194839.407 INFO             PET0 ESMF_NETCDF                 : enabled
20260621 194839.407 INFO             PET0 ESMF_PNETCDF                : disabled
20260621 194839.407 INFO             PET0 ESMF_PIO                    : enabled
20260621 194839.407 INFO             PET0 ESMF_YAMLCPP                : enabled
20260621 194839.411 INFO             PET0  NUMBER_OF_PROCESSORS 1
20260621 194839.411 INFO             PET0  PASS  Example ESMF_AppMainEx, ESMF_AppMainEx.F90, line 486
20260621 194839.411 INFO             PET0  Finalizing ESMF
