2026-07-12 03:13:01
20260712 040231.354 INFO             PET0 !!!!!!!!!!!!!!!!!!!!!!!!!!!!!!!!!!!!!!!!!!!!!!!!!!!!!!
20260712 040231.354 INFO             PET0 !!! THE ESMF_LOG IS SET TO OUTPUT ALL LOG MESSAGES !!!
20260712 040231.354 INFO             PET0 !!!     THIS MAY CAUSE SLOWDOWN IN PERFORMANCE     !!!
20260712 040231.354 INFO             PET0 !!! FOR PRODUCTION RUNS, USE:                      !!!
20260712 040231.354 INFO             PET0 !!!                   ESMF_LOGKIND_Multi_On_Error  !!!
20260712 040231.354 INFO             PET0 !!!!!!!!!!!!!!!!!!!!!!!!!!!!!!!!!!!!!!!!!!!!!!!!!!!!!!
20260712 040231.354 INFO             PET0 Running with ESMF Version   : feature/refresh-bmauer-c_dynmask_interface+ge07d076824
20260712 040231.354 INFO             PET0 ESMF library build date/time: "Jul 12 2026" "03:09:34"
20260712 040231.354 INFO             PET0 ESMF library build location : /glade/derecho/scratch/sacks/esmf-testing/nvhpc_26.1_mpi_O_feature_refresh-bmauer-c_dynmask_interface/esmf
20260712 040231.354 INFO             PET0 ESMF_COMM                   : mpi
20260712 040231.354 INFO             PET0 ESMF_MOAB                   : enabled
20260712 040231.354 INFO             PET0 ESMF_LAPACK                 : enabled
20260712 040231.354 INFO             PET0 ESMF_NETCDF                 : enabled
20260712 040231.354 INFO             PET0 ESMF_PNETCDF                : disabled
20260712 040231.354 INFO             PET0 ESMF_PIO                    : enabled
20260712 040231.354 INFO             PET0 ESMF_YAMLCPP                : enabled
20260712 040231.355 INFO             PET0  NUMBER_OF_PROCESSORS            1
20260712 040231.355 INFO             PET0  PASS  Example ESMF_TimeEx, ESMF_TimeEx.F90, line 141
20260712 040231.355 INFO             PET0  Finalizing ESMF
