2026-06-27 08:19:23
[gs6101-Dagobah:59408] *** Process received signal ***
[gs6101-Dagobah:59408] Signal: Bus error: 10 (10)
[gs6101-Dagobah:59408] Signal code: Invalid address alignment (1)
[gs6101-Dagobah:59408] Failing at address: 0x16f104000
[gs6101-Dagobah:59410] *** Process received signal ***
[gs6101-Dagobah:59410] Signal: Bus error: 10 (10)
[gs6101-Dagobah:59410] Signal code: Invalid address alignment (1)
[gs6101-Dagobah:59410] Failing at address: 0x16d654000
[gs6101-Dagobah:59410] [ 0] [gs6101-Dagobah:59409] *** Process received signal ***
[gs6101-Dagobah:59409] Signal: Bus error: 10 (10)
[gs6101-Dagobah:59409] Signal code: Invalid address alignment (1)
[gs6101-Dagobah:59409] Failing at address: 0x16cfe4000
[gs6101-Dagobah:59409] [ 0] 0   libsystem_platform.dylib            0x000000018321f744 _sigtramp + 56
[gs6101-Dagobah:59409] [ 1] [gs6101-Dagobah:59408] [ 0] 0   libsystem_platform.dylib            0x000000018321f744 _sigtramp + 56
[gs6101-Dagobah:59408] [ 1] 0   libsystem_platform.dylib            0x000000018321f744 _sigtramp + 56
[gs6101-Dagobah:59410] [ 1] 0   libflang_rt.runtime.dylib           0x0000000103b06c94 _ZN7Fortran7runtime8AdjustLRILb0EEEvRNS0_10DescriptorERKS2_PKci + 428
[gs6101-Dagobah:59410] [ 2] [gs6101-Dagobah:59411] *** Process received signal ***
[gs6101-Dagobah:59411] Signal: Bus error: 10 (10)
[gs6101-Dagobah:59411] Signal code: Invalid address alignment (1)
[gs6101-Dagobah:59411] Failing at address: 0x16b530000
[gs6101-Dagobah:59411] [ 0] 0   libsystem_platform.dylib            0x000000018321f744 _sigtramp + 56
[gs6101-Dagobah:59411] [ 1] 0   libflang_rt.runtime.dylib           0x0000000105cc2c94 _ZN7Fortran7runtime8AdjustLRILb0EEEvRNS0_10DescriptorERKS2_PKci + 428
[gs6101-Dagobah:59411] [ 2] [gs6101-Dagobah:59413] *** Process received signal ***
[gs6101-Dagobah:59413] Signal: Bus error: 10 (10)
[gs6101-Dagobah:59413] Signal code: Invalid address alignment (1)
[gs6101-Dagobah:59413] Failing at address: 0x16f614000
[gs6101-Dagobah:59413] [ 0] 0   libsystem_platform.dylib            0x000000018321f744 _sigtramp + 56
[gs6101-Dagobah:59413] [ 1] 0   libflang_rt.runtime.dylib           0x0000000101a4ec94 _ZN7Fortran7runtime8AdjustLRILb0EEEvRNS0_10DescriptorERKS2_PKci + 428
[gs6101-Dagobah:59413] [ 2] [gs6101-Dagobah:59412] *** Process received signal ***
[gs6101-Dagobah:59412] Signal: Bus error: 10 (10)
[gs6101-Dagobah:59412] Signal code: Invalid address alignment (1)
[gs6101-Dagobah:59412] Failing at address: 0x16f048000
[gs6101-Dagobah:59412] [ 0] 0   libsystem_platform.dylib            0x000000018321f744 _sigtramp + 56
[gs6101-Dagobah:59412] [ 1] 0   libflang_rt.runtime.dylib           0x0000000101f3ec94 _ZN7Fortran7runtime8AdjustLRILb0EEEvRNS0_10DescriptorERKS2_PKci + 428
[gs6101-Dagobah:59408] [ 2] 0   libflang_rt.runtime.dylib           0x0000000104076c94 _ZN7Fortran7runtime8AdjustLRILb0EEEvRNS0_10DescriptorERKS2_PKci + 428
[gs6101-Dagobah:59409] [ 2] 0   libflang_rt.runtime.dylib           0x0000000101ffac94 _ZN7Fortran7runtime8AdjustLRILb0EEEvRNS0_10DescriptorERKS2_PKci + 428
[gs6101-Dagobah:59412] [ 2] 0   libesmf.dylib                       0x00000001074f38d4 _QMesmf_logerrmodPesmf_logwrite + 3140
[gs6101-Dagobah:59409] [ 3] 0   libesmf.dylib                       0x0000000104f3b8d4 _QMesmf_logerrmodPesmf_logwrite + 3140
[gs6101-Dagobah:59413] [ 3] 0   libesmf.dylib                       0x00000001053bb8d4 _QMesmf_logerrmodPesmf_logwrite + 3140
[gs6101-Dagobah:59408] [ 3] 0   libesmf.dylib                       0x0000000106ff38d4 _QMesmf_logerrmodPesmf_logwrite + 3140
[gs6101-Dagobah:59410] [ 3] 0   libesmf.dylib                       0x000000010579b8d4 _QMesmf_logerrmodPesmf_logwrite + 3140
[gs6101-Dagobah:59412] [ 3] 0   libesmf.dylib                       0x00000001091af8d4 _QMesmf_logerrmodPesmf_logwrite + 3140
[gs6101-Dagobah:59411] [ 3] 0   libesmf.dylib                       0x00000001074ea8ec f_esmf_logwrite1_ + 96
[gs6101-Dagobah:59409] [ 4] 0   libesmf.dylib                       0x0000000106fea8ec f_esmf_logwrite1_ + 96
[gs6101-Dagobah:59410] [ 4] 0   libesmf.dylib                       0x0000000104f328ec f_esmf_logwrite1_ + 96
[gs6101-Dagobah:59413] [ 4] 0   libesmf.dylib                       0x00000001057928ec f_esmf_logwrite1_ + 96
[gs6101-Dagobah:59412] [ 4] 0   libesmf.dylib                       0x00000001053b28ec f_esmf_logwrite1_ + 96
[gs6101-Dagobah:59408] [ 4] 0   libesmf.dylib                       0x00000001091a68ec f_esmf_logwrite1_ + 96
[gs6101-Dagobah:59411] [ 4] 0   libesmf.dylib                       0x000000010681d370 _ZN5ESMCI6LogErr5WriteERKNSt3__112basic_stringIcNS1_11char_traitsIcEENS1_9allocatorIcEEEEiiS9_S9_ + 200
[gs6101-Dagobah:59409] [ 5] 0   libesmf.dylib                       0x0000000104265370 _ZN5ESMCI6LogErr5WriteERKNSt3__112basic_stringIcNS1_11char_traitsIcEENS1_9allocatorIcEEEEiiS9_S9_ + 200
[gs6101-Dagobah:59413] [ 5] 0   libesmf.dylib                       0x000000010631d370 _ZN5ESMCI6LogErr5WriteERKNSt3__112basic_stringIcNS1_11char_traitsIcEENS1_9allocatorIcEEEEiiS9_S9_ + 200
[gs6101-Dagobah:59410] [ 5] 0   libesmf.dylib                       0x00000001046e5370 _ZN5ESMCI6LogErr5WriteERKNSt3__112basic_stringIcNS1_11char_traitsIcEENS1_9allocatorIcEEEEiiS9_S9_ + 200
[gs6101-Dagobah:59408] [ 5] 0   libesmf.dylib                       0x0000000104ac5370 _ZN5ESMCI6LogErr5WriteERKNSt3__112basic_stringIcNS1_11char_traitsIcEENS1_9allocatorIcEEEEiiS9_S9_ + 200
[gs6101-Dagobah:59412] [ 5] 0   libesmf.dylib                       0x00000001084d9370 _ZN5ESMCI6LogErr5WriteERKNSt3__112basic_stringIcNS1_11char_traitsIcEENS1_9allocatorIcEEEEiiS9_S9_ + 200
[gs6101-Dagobah:59411] [ 5] 0   libesmf.dylib                       0x000000010817d4e0 _ZN5ESMCI11ServiceLoopEPNS_4CompEPNS_5StateES3_PPNS_5ClockEPi + 420
[gs6101-Dagobah:59411] [ 6] 0   libesmf.dylib                       0x0000000103f094e0 _ZN5ESMCI11ServiceLoopEPNS_4CompEPNS_5StateES3_PPNS_5ClockEPi + 420
[gs6101-Dagobah:59413] [ 6] 0   libesmf.dylib                       0x00000001064c14e0 _ZN5ESMCI11ServiceLoopEPNS_4CompEPNS_5StateES3_PPNS_5ClockEPi + 420
[gs6101-Dagobah:59409] [ 6] 0   libesmf.dylib                       0x0000000105fc14e0 _ZN5ESMCI11ServiceLoopEPNS_4CompEPNS_5StateES3_PPNS_5ClockEPi + 420
[gs6101-Dagobah:59410] [ 6] 0   libesmf.dylib                       0x00000001043894e0 _ZN5ESMCI11ServiceLoopEPNS_4CompEPNS_5StateES3_PPNS_5ClockEPi + 420
[gs6101-Dagobah:59408] [ 6] 0   libesmf.dylib                       0x00000001047694e0 _ZN5ESMCI11ServiceLoopEPNS_4CompEPNS_5StateES3_PPNS_5ClockEPi + 420
[gs6101-Dagobah:59412] [ 6] 0   libesmf.dylib                       0x00000001083db574 _ZN5ESMCI6FTable12callVFuncPtrEPKcPNS_2VMEPi + 3172
[gs6101-Dagobah:59411] [ 7] 0   libesmf.dylib                       0x000000010671f574 _ZN5ESMCI6FTable12callVFuncPtrEPKcPNS_2VMEPi + 3172
[gs6101-Dagobah:59409] [ 7] 0   libesmf.dylib                       0x0000000104167574 _ZN5ESMCI6FTable12callVFuncPtrEPKcPNS_2VMEPi + 3172
[gs6101-Dagobah:59413] [ 7] 0   libesmf.dylib                       0x000000010621f574 _ZN5ESMCI6FTable12callVFuncPtrEPKcPNS_2VMEPi + 3172
[gs6101-Dagobah:59410] [ 7] 0   libesmf.dylib                       0x00000001049c7574 _ZN5ESMCI6FTable12callVFuncPtrEPKcPNS_2VMEPi + 3172
[gs6101-Dagobah:59412] [ 7] 0   libesmf.dylib                       0x00000001045e7574 _ZN5ESMCI6FTable12callVFuncPtrEPKcPNS_2VMEPi + 3172
[gs6101-Dagobah:59408] [ 7] 0   libesmf.dylib                       0x00000001083da7e8 ESMCI_FTableCallEntryPointVMHop + 700
[gs6101-Dagobah:59411] [ 8] 0   libesmf.dylib                       0x00000001041667e8 ESMCI_FTableCallEntryPointVMHop + 700
[gs6101-Dagobah:59413] [ 8] 0   libesmf.dylib                       0x000000010621e7e8 ESMCI_FTableCallEntryPointVMHop + 700
[gs6101-Dagobah:59410] [ 8] 0   libesmf.dylib                       0x000000010671e7e8 ESMCI_FTableCallEntryPointVMHop + 700
[gs6101-Dagobah:59409] [ 8] 0   libesmf.dylib                       0x00000001049c67e8 ESMCI_FTableCallEntryPointVMHop + 700
[gs6101-Dagobah:59412] [ 8] 0   libesmf.dylib                       0x00000001045e67e8 ESMCI_FTableCallEntryPointVMHop + 700
[gs6101-Dagobah:59408] [ 8] 0   libesmf.dylib                       0x000000010881b770 _ZN5ESMCI3VMK5enterEPNS_7VMKPlanEPvS3_ + 264
[gs6101-Dagobah:59411] [ 9] 0   libesmf.dylib                       0x0000000104e07770 _ZN5ESMCI3VMK5enterEPNS_7VMKPlanEPvS3_ + 264
[gs6101-Dagobah:59412] [ 9] 0   libesmf.dylib                       0x00000001045a7770 _ZN5ESMCI3VMK5enterEPNS_7VMKPlanEPvS3_ + 264
[gs6101-Dagobah:59413] [ 9] 0   libesmf.dylib                       0x000000010665f770 _ZN5ESMCI3VMK5enterEPNS_7VMKPlanEPvS3_ + 264
[gs6101-Dagobah:59410] [ 9] 0   libesmf.dylib                       0x0000000106b5f770 _ZN5ESMCI3VMK5enterEPNS_7VMKPlanEPvS3_ + 264
[gs6101-Dagobah:59409] [ 9] 0   libesmf.dylib                       0x0000000104a27770 _ZN5ESMCI3VMK5enterEPNS_7VMKPlanEPvS3_ + 264
[gs6101-Dagobah:59408] [ 9] 0   libesmf.dylib                       0x0000000108804198 _ZN5ESMCI2VM5enterEPNS_6VMPlanEPvS3_ + 260
[gs6101-Dagobah:59411] [10] 0   libesmf.dylib                       0x0000000104df0198 _ZN5ESMCI2VM5enterEPNS_6VMPlanEPvS3_ + 260
[gs6101-Dagobah:59412] [10] 0   libesmf.dylib                       0x0000000106b48198 _ZN5ESMCI2VM5enterEPNS_6VMPlanEPvS3_ + 260
[gs6101-Dagobah:59409] [10] 0   libesmf.dylib                       0x0000000106648198 _ZN5ESMCI2VM5enterEPNS_6VMPlanEPvS3_ + 260
[gs6101-Dagobah:59410] [10] 0   libesmf.dylib                       0x0000000104590198 _ZN5ESMCI2VM5enterEPNS_6VMPlanEPvS3_ + 260
[gs6101-Dagobah:59413] [10] 0   libesmf.dylib                       0x0000000104a10198 _ZN5ESMCI2VM5enterEPNS_6VMPlanEPvS3_ + 260
[gs6101-Dagobah:59408] [10] 0   libesmf.dylib                       0x00000001083db9b0 c_esmc_ftablecallentrypointvm_ + 980
[gs6101-Dagobah:59411] [11] 0   libesmf.dylib                       0x00000001045e79b0 c_esmc_ftablecallentrypointvm_ + 980
[gs6101-Dagobah:59408] [11] 0   libesmf.dylib                       0x00000001049c79b0 c_esmc_ftablecallentrypointvm_ + 980
[gs6101-Dagobah:59412] [11] 0   libesmf.dylib                       0x000000010621f9b0 c_esmc_ftablecallentrypointvm_ + 980
[gs6101-Dagobah:59410] [11] 0   libesmf.dylib                       0x00000001041679b0 c_esmc_ftablecallentrypointvm_ + 980
[gs6101-Dagobah:59413] [11] 0   libesmf.dylib                       0x000000010671f9b0 c_esmc_ftablecallentrypointvm_ + 980
[gs6101-Dagobah:59409] [11] 0   libesmf.dylib                       0x00000001069d1f48 _QMesmf_compmodPesmf_compexecute + 4488
[gs6101-Dagobah:59410] [12] 0   libesmf.dylib                       0x0000000104d99f48 _QMesmf_compmodPesmf_compexecute + 4488
[gs6101-Dagobah:59408] [12] 0   libesmf.dylib                       0x0000000106ed1f48 _QMesmf_compmodPesmf_compexecute + 4488
[gs6101-Dagobah:59409] [12] 0   libesmf.dylib                       0x0000000105179f48 _QMesmf_compmodPesmf_compexecute + 4488
[gs6101-Dagobah:59412] [12] 0   libesmf.dylib                       0x0000000104919f48 _QMesmf_compmodPesmf_compexecute + 4488
[gs6101-Dagobah:59413] [12] 0   libesmf.dylib                       0x0000000108b8df48 _QMesmf_compmodPesmf_compexecute + 4488
[gs6101-Dagobah:59411] [12] 0   libesmf.dylib                       0x00000001049602b4 _QMesmf_cplcompmodPesmf_cplcompserviceloop + 764
[gs6101-Dagobah:59413] [13] 0   libesmf.dylib                       0x0000000108bd42b4 _QMesmf_cplcompmodPesmf_cplcompserviceloop + 764
[gs6101-Dagobah:59411] [13] 0   libesmf.dylib                       0x00000001051c02b4 _QMesmf_cplcompmodPesmf_cplcompserviceloop + 764
[gs6101-Dagobah:59412] [13] 0   ESMF_CompTunnelEx                   0x00000001048d1708 _QQmain + 2292
[gs6101-Dagobah:59411] [14] 0   ESMF_CompTunnelEx                   0x00000001048d1e48 main + 20
[gs6101-Dagobah:59411] 0   ESMF_CompTunnelEx                   0x0000000100db9708 _QQmain + 2292
[gs6101-Dagobah:59412] [14] 0   ESMF_CompTunnelEx                   0x0000000100db9e48 main + 20
[15] 0   dyld                                0x0000000182e57e00 start + 6992
[gs6101-Dagobah:59411] *** End of error message ***
0   ESMF_CompTunnelEx                   0x00000001007ed708 _QQmain + 2292
[gs6101-Dagobah:59413] [14] 0   ESMF_CompTunnelEx                   0x00000001007ede48 main + 20
[gs6101-Dagobah:59413] [15] 0   dyld                                0x0000000182e57e00 start + 6992
0   libesmf.dylib                       0x0000000106e64ee8 _QMesmf_gridcompmodPesmf_gridcompserviceloop + 748
[gs6101-Dagobah:59410] [13] 0   ESMF_CompTunnelEx                   0x00000001027ad618 _QQmain + 2052
[gs6101-Dagobah:59410] [14] 0   ESMF_CompTunnelEx                   0x00000001027ade48 main + 20
[gs6101-Dagobah:59410] [15] 0   libesmf.dylib                       0x000000010522cee8 _QMesmf_gridcompmodPesmf_gridcompserviceloop + 748
[gs6101-Dagobah:59408] [13] 0   ESMF_CompTunnelEx                   0x0000000100cfd618 _QQmain + 2052
[gs6101-Dagobah:59408] [14] 0   ESMF_CompTunnelEx                   0x0000000100cfde48 main + 20
[gs6101-Dagobah:59408] [15] 0   libesmf.dylib                       0x0000000107364ee8 _QMesmf_gridcompmodPesmf_gridcompserviceloop + 748
[gs6101-Dagobah:59409] [13] 0   ESMF_CompTunnelEx                   0x0000000102e1d618 _QQmain + 2052
[gs6101-Dagobah:59409] [14] 0   ESMF_CompTunnelEx                   0x0000000102e1de48 main + 20
[gs6101-Dagobah:59409] [15] [gs6101-Dagobah:59412] [15] 0   dyld                                0x0000000182e57e00 start + 6992
[gs6101-Dagobah:59412] *** End of error message ***
[gs6101-Dagobah:59413] *** End of error message ***
0   dyld                                0x0000000182e57e00 start + 6992
[gs6101-Dagobah:59410] *** End of error message ***
0   dyld                                0x0000000182e57e00 start + 6992
[gs6101-Dagobah:59409] *** End of error message ***
0   dyld                                0x0000000182e57e00 start + 6992
[gs6101-Dagobah:59408] *** End of error message ***
--------------------------------------------------------------------------
prterun noticed that process rank 5 with PID 59413 on node gs6101-Dagobah exited on
signal 10 (Bus error: 10).
--------------------------------------------------------------------------
