2026-06-24 08:54:36
 localPET= 0  localDE= 0 : array( 1 , 1 )= 0.
 localPET= 0  localDE= 0 : array( 1 , 2 )= 0.
 localPET= 0  localDE= 0 : array( 2 , 1 )= 0.
 localPET= 0  localDE= 0 : array( 2 , 2 )= 0.
 localPET= 0  localDE= 0 : array( 3 , 1 )= 0.
 localPET= 0  localDE= 0 : array( 3 , 2 )= 0.
 localPET= 0  localDE= 1 : array( 1 , 1 )= 0.
 localPET= 0  localDE= 1 : array( 2 , 1 )= 0.
 localPET= 0  localDE= 1 : array( 3 , 1 )= 0.
 localPET= 3  localDE= 0 : array( 1 , 1 )= 0.
 localPET= 3  localDE= 0 : array( 1 , 2 )= 0.
 localPET= 3  localDE= 0 : array( 2 , 1 )= 0.
 localPET= 3  localDE= 0 : array( 2 , 2 )= 0.
 localPET= 2  localDE= 0 : array( 1 , 1 )= 0.
 localPET= 2  localDE= 0 : array( 1 , 2 )= 0.
 localPET= 2  localDE= 0 : array( 2 , 1 )= 0.
 localPET= 2  localDE= 0 : array( 2 , 2 )= 0.
 localPET= 2  localDE= 0 : array( 3 , 1 )= 0.
 localPET= 2  localDE= 0 : array( 3 , 2 )= 0.
 localPET= 1  localDE= 0 : array( 1 , 1 )= 0.
 localPET= 1  localDE= 0 : array( 1 , 2 )= 0.
 localPET= 1  localDE= 0 : array( 2 , 1 )= 0.
 localPET= 1  localDE= 0 : array( 2 , 2 )= 0.
 localPET= 1  localDE= 1 : array( 1 , 1 )= 0.
 localPET= 1  localDE= 1 : array( 2 , 1 )= 0.
 localPet:  2 DE  2  [ 1 3 ]
 localPet:  1 DE  1  [ 1 2 ]
 localPet:  1 DE  5  [ 1 2 ]
 localPet:  0 DE  0  [ 1 3 ]
 localPet:  0 DE  4  [ 1 3 ]
 localPet:  3 DE  3  [ 1 2 ]
  PASS  Example ESMF_ArrayEx, ./ESMF_ArrayEx.F90, line 1901
 PASS: ESMF_ArrayEx.F90
  PASS  Example ESMF_ArrayEx, ./ESMF_ArrayEx.F90, line 1901
 PASS: ESMF_ArrayEx.F90
  PASS  Example ESMF_ArrayEx, ./ESMF_ArrayEx.F90, line 1901
 PASS: ESMF_ArrayEx.F90
  PASS  Example ESMF_ArrayEx, ./ESMF_ArrayEx.F90, line 1901
 PASS: ESMF_ArrayEx.F90
