2026-06-24 08:54:36
20260624 095737.709 INFO             PET0 !!!!!!!!!!!!!!!!!!!!!!!!!!!!!!!!!!!!!!!!!!!!!!!!!!!!!!
20260624 095737.709 INFO             PET0 !!! THE ESMF_LOG IS SET TO OUTPUT ALL LOG MESSAGES !!!
20260624 095737.709 INFO             PET0 !!!     THIS MAY CAUSE SLOWDOWN IN PERFORMANCE     !!!
20260624 095737.709 INFO             PET0 !!! FOR PRODUCTION RUNS, USE:                      !!!
20260624 095737.709 INFO             PET0 !!!                   ESMF_LOGKIND_Multi_On_Error  !!!
20260624 095737.709 INFO             PET0 !!!!!!!!!!!!!!!!!!!!!!!!!!!!!!!!!!!!!!!!!!!!!!!!!!!!!!
20260624 095737.709 INFO             PET0 Running with ESMF Version   : feature/darwin-work+g272b6381db
20260624 095737.709 INFO             PET0 ESMF library build date/time: "Jun 24 2026" "08:49:53"
20260624 095737.709 INFO             PET0 ESMF library build location : /Users/mathomp4/ESMF_Testing/llvm_22.1_openmpi_g_feature_darwin-work/esmf
20260624 095737.709 INFO             PET0 ESMF_COMM                   : openmpi
20260624 095737.709 INFO             PET0 ESMF_MOAB                   : enabled
20260624 095737.709 INFO             PET0 ESMF_LAPACK                 : enabled
20260624 095737.709 INFO             PET0 ESMF_NETCDF                 : disabled
20260624 095737.709 INFO             PET0 ESMF_PNETCDF                : disabled
20260624 095737.709 INFO             PET0 ESMF_PIO                    : disabled
20260624 095737.709 INFO             PET0 ESMF_YAMLCPP                : enabled
20260624 095737.711 INFO             PET0 ESMF Tracing Enabled
20260624 095737.711 INFO             PET0 ESMF Profiling Enabled
20260624 095737.713 INFO             PET0 ESMF Trace/Profile clock: REALTIME
20260624 095737.721 INFO             PET0  NUMBER_OF_PROCESSORS 4
20260624 095737.721 INFO             PET0  PASS  Example ESMF_TraceEx, ./ESMF_TraceEx.F90, line 178
20260624 095737.721 INFO             PET0  Finalizing ESMF
20260624 095737.721 INFO             PET0 **************** Region Timings *******************
20260624 095737.721 INFO             PET0 Region              Count  Total (s)   Self (s)    Mean (s)    Min (s)     Max (s)
20260624 095737.721 INFO             PET0   [ESMF]            1      0.0023      0.0023      0.0023      0.0023      0.0023
20260624 095737.721 INFO             PET0     [test] Run 1    5      0.0000      0.0000      0.0000      0.0000      0.0000
20260624 095737.721 INFO             PET0     [test] Init 1   1      0.0000      0.0000      0.0000      0.0000      0.0000
20260624 095737.721 INFO             PET0     [test] Final 1  1      0.0000      0.0000      0.0000      0.0000      0.0000
20260624 095737.709 INFO             PET1 !!!!!!!!!!!!!!!!!!!!!!!!!!!!!!!!!!!!!!!!!!!!!!!!!!!!!!
20260624 095737.709 INFO             PET1 !!! THE ESMF_LOG IS SET TO OUTPUT ALL LOG MESSAGES !!!
20260624 095737.709 INFO             PET1 !!!     THIS MAY CAUSE SLOWDOWN IN PERFORMANCE     !!!
20260624 095737.709 INFO             PET1 !!! FOR PRODUCTION RUNS, USE:                      !!!
20260624 095737.709 INFO             PET1 !!!                   ESMF_LOGKIND_Multi_On_Error  !!!
20260624 095737.709 INFO             PET1 !!!!!!!!!!!!!!!!!!!!!!!!!!!!!!!!!!!!!!!!!!!!!!!!!!!!!!
20260624 095737.709 INFO             PET1 Running with ESMF Version   : feature/darwin-work+g272b6381db
20260624 095737.709 INFO             PET1 ESMF library build date/time: "Jun 24 2026" "08:49:53"
20260624 095737.709 INFO             PET1 ESMF library build location : /Users/mathomp4/ESMF_Testing/llvm_22.1_openmpi_g_feature_darwin-work/esmf
20260624 095737.709 INFO             PET1 ESMF_COMM                   : openmpi
20260624 095737.709 INFO             PET1 ESMF_MOAB                   : enabled
20260624 095737.709 INFO             PET1 ESMF_LAPACK                 : enabled
20260624 095737.709 INFO             PET1 ESMF_NETCDF                 : disabled
20260624 095737.709 INFO             PET1 ESMF_PNETCDF                : disabled
20260624 095737.709 INFO             PET1 ESMF_PIO                    : disabled
20260624 095737.709 INFO             PET1 ESMF_YAMLCPP                : enabled
20260624 095737.711 INFO             PET1 ESMF Tracing Enabled
20260624 095737.711 INFO             PET1 ESMF Profiling Enabled
20260624 095737.713 INFO             PET1 ESMF Trace/Profile clock: REALTIME
20260624 095737.721 INFO             PET1  NUMBER_OF_PROCESSORS 4
20260624 095737.721 INFO             PET1  PASS  Example ESMF_TraceEx, ./ESMF_TraceEx.F90, line 178
20260624 095737.721 INFO             PET1  Finalizing ESMF
20260624 095737.721 INFO             PET1 **************** Region Timings *******************
20260624 095737.721 INFO             PET1 Region              Count  Total (s)   Self (s)    Mean (s)    Min (s)     Max (s)
20260624 095737.721 INFO             PET1   [ESMF]            1      0.0025      0.0025      0.0025      0.0025      0.0025
20260624 095737.721 INFO             PET1     [test] Init 1   1      0.0000      0.0000      0.0000      0.0000      0.0000
20260624 095737.721 INFO             PET1     [test] Run 1    5      0.0000      0.0000      0.0000      0.0000      0.0000
20260624 095737.721 INFO             PET1     [test] Final 1  1      0.0000      0.0000      0.0000      0.0000      0.0000
20260624 095737.709 INFO             PET2 !!!!!!!!!!!!!!!!!!!!!!!!!!!!!!!!!!!!!!!!!!!!!!!!!!!!!!
20260624 095737.709 INFO             PET2 !!! THE ESMF_LOG IS SET TO OUTPUT ALL LOG MESSAGES !!!
20260624 095737.709 INFO             PET2 !!!     THIS MAY CAUSE SLOWDOWN IN PERFORMANCE     !!!
20260624 095737.709 INFO             PET2 !!! FOR PRODUCTION RUNS, USE:                      !!!
20260624 095737.709 INFO             PET2 !!!                   ESMF_LOGKIND_Multi_On_Error  !!!
20260624 095737.709 INFO             PET2 !!!!!!!!!!!!!!!!!!!!!!!!!!!!!!!!!!!!!!!!!!!!!!!!!!!!!!
20260624 095737.709 INFO             PET2 Running with ESMF Version   : feature/darwin-work+g272b6381db
20260624 095737.709 INFO             PET2 ESMF library build date/time: "Jun 24 2026" "08:49:53"
20260624 095737.709 INFO             PET2 ESMF library build location : /Users/mathomp4/ESMF_Testing/llvm_22.1_openmpi_g_feature_darwin-work/esmf
20260624 095737.709 INFO             PET2 ESMF_COMM                   : openmpi
20260624 095737.709 INFO             PET2 ESMF_MOAB                   : enabled
20260624 095737.709 INFO             PET2 ESMF_LAPACK                 : enabled
20260624 095737.709 INFO             PET2 ESMF_NETCDF                 : disabled
20260624 095737.709 INFO             PET2 ESMF_PNETCDF                : disabled
20260624 095737.709 INFO             PET2 ESMF_PIO                    : disabled
20260624 095737.709 INFO             PET2 ESMF_YAMLCPP                : enabled
20260624 095737.711 INFO             PET2 ESMF Tracing Enabled
20260624 095737.711 INFO             PET2 ESMF Profiling Enabled
20260624 095737.713 INFO             PET2 ESMF Trace/Profile clock: REALTIME
20260624 095737.721 INFO             PET2  NUMBER_OF_PROCESSORS 4
20260624 095737.721 INFO             PET2  PASS  Example ESMF_TraceEx, ./ESMF_TraceEx.F90, line 178
20260624 095737.721 INFO             PET2  Finalizing ESMF
20260624 095737.721 INFO             PET2 **************** Region Timings *******************
20260624 095737.721 INFO             PET2 Region              Count  Total (s)   Self (s)    Mean (s)    Min (s)     Max (s)
20260624 095737.721 INFO             PET2   [ESMF]            1      0.0026      0.0025      0.0026      0.0026      0.0026
20260624 095737.721 INFO             PET2     [test] Run 1    5      0.0000      0.0000      0.0000      0.0000      0.0000
20260624 095737.721 INFO             PET2     [test] Init 1   1      0.0000      0.0000      0.0000      0.0000      0.0000
20260624 095737.721 INFO             PET2     [test] Final 1  1      0.0000      0.0000      0.0000      0.0000      0.0000
20260624 095737.709 INFO             PET3 !!!!!!!!!!!!!!!!!!!!!!!!!!!!!!!!!!!!!!!!!!!!!!!!!!!!!!
20260624 095737.709 INFO             PET3 !!! THE ESMF_LOG IS SET TO OUTPUT ALL LOG MESSAGES !!!
20260624 095737.709 INFO             PET3 !!!     THIS MAY CAUSE SLOWDOWN IN PERFORMANCE     !!!
20260624 095737.709 INFO             PET3 !!! FOR PRODUCTION RUNS, USE:                      !!!
20260624 095737.709 INFO             PET3 !!!                   ESMF_LOGKIND_Multi_On_Error  !!!
20260624 095737.709 INFO             PET3 !!!!!!!!!!!!!!!!!!!!!!!!!!!!!!!!!!!!!!!!!!!!!!!!!!!!!!
20260624 095737.709 INFO             PET3 Running with ESMF Version   : feature/darwin-work+g272b6381db
20260624 095737.709 INFO             PET3 ESMF library build date/time: "Jun 24 2026" "08:49:53"
20260624 095737.709 INFO             PET3 ESMF library build location : /Users/mathomp4/ESMF_Testing/llvm_22.1_openmpi_g_feature_darwin-work/esmf
20260624 095737.709 INFO             PET3 ESMF_COMM                   : openmpi
20260624 095737.709 INFO             PET3 ESMF_MOAB                   : enabled
20260624 095737.709 INFO             PET3 ESMF_LAPACK                 : enabled
20260624 095737.709 INFO             PET3 ESMF_NETCDF                 : disabled
20260624 095737.709 INFO             PET3 ESMF_PNETCDF                : disabled
20260624 095737.709 INFO             PET3 ESMF_PIO                    : disabled
20260624 095737.709 INFO             PET3 ESMF_YAMLCPP                : enabled
20260624 095737.711 INFO             PET3 ESMF Tracing Enabled
20260624 095737.711 INFO             PET3 ESMF Profiling Enabled
20260624 095737.713 INFO             PET3 ESMF Trace/Profile clock: REALTIME
20260624 095737.721 INFO             PET3  NUMBER_OF_PROCESSORS 4
20260624 095737.721 INFO             PET3  PASS  Example ESMF_TraceEx, ./ESMF_TraceEx.F90, line 178
20260624 095737.721 INFO             PET3  Finalizing ESMF
20260624 095737.721 INFO             PET3 **************** Region Timings *******************
20260624 095737.721 INFO             PET3 Region              Count  Total (s)   Self (s)    Mean (s)    Min (s)     Max (s)
20260624 095737.721 INFO             PET3   [ESMF]            1      0.0026      0.0025      0.0026      0.0026      0.0026
20260624 095737.721 INFO             PET3     [test] Run 1    5      0.0000      0.0000      0.0000      0.0000      0.0000
20260624 095737.721 INFO             PET3     [test] Init 1   1      0.0000      0.0000      0.0000      0.0000      0.0000
20260624 095737.721 INFO             PET3     [test] Final 1  1      0.0000      0.0000      0.0000      0.0000      0.0000
