2026-07-05 03:30:41
20260705 034916.362 INFO             PET0 !!!!!!!!!!!!!!!!!!!!!!!!!!!!!!!!!!!!!!!!!!!!!!!!!!!!!!
20260705 034916.362 INFO             PET0 !!! THE ESMF_LOG IS SET TO OUTPUT ALL LOG MESSAGES !!!
20260705 034916.362 INFO             PET0 !!!     THIS MAY CAUSE SLOWDOWN IN PERFORMANCE     !!!
20260705 034916.362 INFO             PET0 !!! FOR PRODUCTION RUNS, USE:                      !!!
20260705 034916.362 INFO             PET0 !!!                   ESMF_LOGKIND_Multi_On_Error  !!!
20260705 034916.362 INFO             PET0 !!!!!!!!!!!!!!!!!!!!!!!!!!!!!!!!!!!!!!!!!!!!!!!!!!!!!!
20260705 034916.362 INFO             PET0 Running with ESMF Version   : develop+g9764fd2b2f
20260705 034916.362 INFO             PET0 ESMF library build date/time: "Jul  5 2026" "03:29:33"
20260705 034916.362 INFO             PET0 ESMF library build location : /usr/local/esmf/esmf-testing/gfortran_14.2.0_openmpi_g_develop/esmf
20260705 034916.362 INFO             PET0 ESMF_COMM                   : openmpi
20260705 034916.362 INFO             PET0 ESMF_MOAB                   : enabled
20260705 034916.362 INFO             PET0 ESMF_LAPACK                 : enabled
20260705 034916.362 INFO             PET0 ESMF_NETCDF                 : enabled
20260705 034916.362 INFO             PET0 ESMF_PNETCDF                : disabled
20260705 034916.362 INFO             PET0 ESMF_PIO                    : enabled
20260705 034916.362 INFO             PET0 ESMF_YAMLCPP                : enabled
20260705 034916.362 INFO             PET0  NUMBER_OF_PROCESSORS           1
20260705 034916.362 INFO             PET0  PASS  Example CalendarEx, ESMF_CalendarEx.F90, line 217
20260705 034916.362 INFO             PET0  Finalizing ESMF
