2026-07-22 04:50:08
--- ESMCI::Array::print start ---
 Base name    = Array002
 Status: Base = Ready,  object = Ready
--- ESMCI::Array::print start ---
 Base name    = Array002
 Status: Base = Ready,  object = Ready
 Proxy        = no
 Root Info (Attributes):
--- ESMCI::Array::print start ---
 Base name    = Array002
 Status: Base = Ready,  object = Ready
 Proxy        = no
 Root Info (Attributes):
 Proxy        = no
 Root Info (Attributes):
--- ESMCI::Array::print start ---
{
  "ESMF": {
    "Instance": {
      "NamedAliasCount": 0
    }
  }
} Base name    = Array002
 Status: Base = Ready,  object = Ready
 Proxy        = no
 Root Info (Attributes):
{
  "ESMF": {
    "Instance": {
      "NamedAliasCount": 0
    }
  }
}Array typekind/rank: Real*8 / 2 
~ lower class' values ~
DistGrid dimCount = 2
{
  "ESMF": {
    "Instance": {
      "NamedAliasCount": 0
    }
  }
}Array typekind/rank: Real*8 / 2 
~ lower class' values ~
DistGrid dimCount = 2
deCount = 4
localDeCount = 1
~ local data in LocalArray for DE 2 ~
LocalArrayPrint: Array at address 0x137809c30:
            rank = 2, typekind = 6, base_addr = 0x600000b0fc40
            dim[0] = 2  dim[1] = 2  
  Real, *8, Dim 2, Data values:
( 1, 1) =  102
( 2, 1) =  102
( 1, 2) =  102
( 2, 2) =  102
--- ESMCI::Array::print end ---
--- ESMCI::Array::print start ---
 Base name    = Array003
 Status: Base = Ready,  object = Ready
 Proxy        = no
 Root Info (Attributes):
{
  "ESMF": {
    "Instance": {
      "NamedAliasCount": 0
    }
  }
}Array typekind/rank: Real*8 / 2 
~ lower class' values ~
DistGrid dimCount = 2
deCount = 4
localDeCount = 1
~ local data in LocalArray for DE 2 ~
LocalArrayPrint: Array at address 0x137809f60:
            rank = 2, typekind = 6, base_addr = 0x600000b0fc60
            dim[0] = 2  dim[1] = 2  
  Real, *8, Dim 2, Data values:
Array typekind/rank: Real*8 / 2 
~ lower class' values ~
DistGrid dimCount = 2
deCount = 4
localDeCount = 1
~ local data in LocalArray for DE 1 ~
LocalArrayPrint: Array at address 0x13071da10:
            rank = 2, typekind = 6, base_addr = 0x600000186660
            dim[0] = 2  dim[1] = 2  
  Real, *8, Dim 2, Data values:
( 1, 1) =  101
( 2, 1) =  101
( 1, 2) =  101
( 2, 2) =  101
--- ESMCI::Array::print end ---
--- ESMCI::Array::print start ---
 Base name    = Array003
 Status: Base = Ready,  object = Ready
 Proxy        = no
 Root Info (Attributes):
{
  "ESMF": {
    "Instance": {
      "NamedAliasCount": 0
    }
  }
}Array typekind/rank: Real*8 / 2 
~ lower class' values ~
DistGrid dimCount = 2
deCount = 4
localDeCount = 1
~ local data in LocalArray for DE 1 ~
LocalArrayPrint: Array at address 0x13071dd40:
            rank = 2, typekind = 6, base_addr = 0x600000186680
            dim[0] = 2  dim[1] = 2  
  Real, *8, Dim 2, Data values:
{
  "ESMF": {
    "Instance": {
      "NamedAliasCount": 0
    }
  }
}Array typekind/rank: Real*8 / 2 
~ lower class' values ~
DistGrid dimCount = 2
deCount = 4
localDeCount = 1
~ local data in LocalArray for DE 3 ~
LocalArrayPrint: Array at address 0x10fa04920:
            rank = 2, typekind = 6, base_addr = 0x600002888100
            dim[0] = 2  dim[1] = 2  
  Real, *8, Dim 2, Data values:
( 1, 1) =  103
( 2, 1) =  103
( 1, 2) =  103
( 2, 2) =  103
--- ESMCI::Array::print end ---
--- ESMCI::Array::print start ---
 Base name    = Array003
 Status: Base = Ready,  object = Ready
 Proxy        = no
 Root Info (Attributes):
{
  "ESMF": {
    "Instance": {
      "NamedAliasCount": 0
    }
  }
}Array typekind/rank: Real*8 / 2 
~ lower class' values ~
DistGrid dimCount = 2
deCount = 4
localDeCount = 1
~ local data in LocalArray for DE 3 ~
LocalArrayPrint: Array at address 0x10fa04c50:
            rank = 2, typekind = 6, base_addr = 0x600002888120
            dim[0] = 2  dim[1] = 2  
  Real, *8, Dim 2, Data values:
( 1, 1) =  203
( 1, 1) =  201
( 2, 1) =  201
( 1, 2) =  201
( 2, 2) =  201
--- ESMCI::Array::print end ---
--- ESMCI::Array::print start ---
 Base name    = Array004
 Status: Base = Ready,  object = Ready
 Proxy        = no
deCount = 4
localDeCount = 1
~ local data in LocalArray for DE 0 ~
LocalArrayPrint: Array at address 0x13ae09420:
            rank = 2, typekind = 6, base_addr = 0x600002deb220
            dim[0] = 2  dim[1] = 2  
  Real, *8, Dim 2, Data values:
( 1, 1) =  100
( 2, 1) =  100
( 2, 1) =  203
( 1, 2) =  203
( 2, 2) =  203
--- ESMCI::Array::print end ---
--- ESMCI::Array::print start ---
 Base name    = Array004
 Status: Base = Ready,  object = Ready
 Proxy        = no
 Root Info (Attributes):
{
  "ESMF": {
( 1, 1) =  202
( 2, 1) =  202
( 1, 2) =  202
 Root Info (Attributes):
{
  "ESMF": {
    "Instance": {
( 1, 2) =  100
( 2, 2) =  100
    "Instance": {
      "NamedAliasCount": 0
      "NamedAliasCount": 0
--- ESMCI::Array::print end ---
    }
( 2, 2) =  202
    }
--- ESMCI::Array::print start ---
  }
}--- ESMCI::Array::print end ---
  }
 Base name    = Array003
--- ESMCI::Array::print start ---
Array typekind/rank: Real*8 / 2 
 Status: Base = Ready,  object = Ready
}Array typekind/rank: Real*8 / 2 
~ lower class' values ~
 Proxy        = no
 Root Info (Attributes):
DistGrid dimCount = 2
deCount = 4
 Base name    = Array004
~ lower class' values ~
DistGrid dimCount = 2
 Status: Base = Ready,  object = Ready
deCount = 4
{
localDeCount = 1
localDeCount = 1
  "ESMF": {
    "Instance": {
~ local data in LocalArray for DE 3 ~
LocalArrayPrint: Array at address 0x10fa04f80:
 Proxy        = no
 Root Info (Attributes):
~ local data in LocalArray for DE 1 ~
LocalArrayPrint: Array at address 0x13071e070:
      "NamedAliasCount": 0
    }
            rank = 2, typekind = 6, base_addr = 0x6000006ac280
            dim[0] = 4  dim[1] = 4  
            rank = 2, typekind = 6, base_addr = 0x600002f85000
            dim[0] = 4  dim[1] = 4  
  Real, *8, Dim 2, Data values:
  }
}  Real, *8, Dim 2, Data values:
( 0, 0) =  300
{
Array typekind/rank: Real*8 / 2 
~ lower class' values ~
( 1, 0) =  301
( 2, 0) =  301
( 0, 0) =  301
( 1, 0) =  301
( 2, 0) =  301
  "ESMF": {
DistGrid dimCount = 2
( 3, 0) =  303
( 0, 1) =  302
    "Instance": {
deCount = 4
localDeCount = 1
( 3, 0) =  301
( 0, 1) =  300
      "NamedAliasCount": 0
( 1, 1) =  303
( 2, 1) =  303
( 1, 1) =  301
~ local data in LocalArray for DE 0 ~
    }
( 3, 1) =  303
LocalArrayPrint: Array at address 0x13ae09750:
( 2, 1) =  301
( 3, 1) =  301
( 0, 2) =  302
( 1, 2) =  303
            rank = 2, typekind = 6, base_addr = 0x600002deb240
            dim[0] = 2  dim[1] = 2  
( 0, 2) =  300
  }
}( 2, 2) =  303
  Real, *8, Dim 2, Data values:
( 1, 1) =  200
( 1, 2) =  301
( 2, 2) =  301
( 3, 2) =  303
Array typekind/rank: Real*8 / 2 
( 2, 1) =  200
( 0, 3) =  303
( 1, 3) =  303
( 3, 2) =  301
( 0, 3) =  302
( 1, 2) =  200
~ lower class' values ~
( 2, 2) =  200
DistGrid dimCount = 2
( 2, 3) =  303
( 3, 3) =  303
( 1, 3) =  303
( 2, 3) =  303
--- ESMCI::Array::print end ---
--- ESMCI::Array::print start ---
deCount = 4
--- ESMCI::Array::print end ---
--- ESMCI::Array::print start ---
( 3, 3) =  301
--- ESMCI::Array::print end ---
 Base name    = Array004
 Status: Base = Ready,  object = Ready
localDeCount = 1
 Base name    = Array005
 Status: Base = Ready,  object = Ready
--- ESMCI::Array::print start ---
 Base name    = Array005
 Proxy        = no
 Root Info (Attributes):
~ local data in LocalArray for DE 2 ~
 Proxy        = no
 Root Info (Attributes):
 Status: Base = Ready,  object = Ready
 Proxy        = no
{
LocalArrayPrint: Array at address 0x13780a290:
  "ESMF": {
{
  "ESMF": {
    "Instance": {
 Root Info (Attributes):
{
      "NamedAliasCount": 0
    }
  "ESMF": {
    "Instance": {
      "NamedAliasCount": 0
    }
            rank = 2, typekind = 6, base_addr = 0x600002535f00
            dim[0] = 4  dim[1] = 4  
  }
}    "Instance": {
      "NamedAliasCount": 0
    }
  }
}Array typekind/rank: Real*8 / 2 
~ lower class' values ~
  Real, *8, Dim 2, Data values:
  }
}Array typekind/rank: Real*8 / 2 
~ lower class' values ~
DistGrid dimCount = 2
deCount = 4
( 0, 0) =  302
Array typekind/rank: Real*8 / 2 
~ lower class' values ~
DistGrid dimCount = 2
deCount = 4
localDeCount = 1
localDeCount = 1
~ local data in LocalArray for DE 0 ~
~ local data in LocalArray for DE 3 ~
( 1, 0) =  300
DistGrid dimCount = 2
deCount = 4
LocalArrayPrint: Array at address 0x13ae09a80:
LocalArrayPrint: Array at address 0x10fa052b0:
            rank = 2, typekind = 6, base_addr = 0x6000006ac380
( 2, 0) =  300
            rank = 2, typekind = 6, base_addr = 0x6000003c9180
            dim[0] = 4  dim[1] = 4  
localDeCount = 1
~ local data in LocalArray for DE 1 ~
            dim[0] = 4  dim[1] = 4  
  Real, *8, Dim 2, Data values:
  Real, *8, Dim 2, Data values:
LocalArrayPrint: Array at address 0x13071e3a0:
            rank = 2, typekind = 6, base_addr = 0x600002f85100
( 3, 0) =  301
( 0, 1) =  302
( 0, 0) =  300
( 1, 0) =  300
( 2, 0) =  300
            dim[0] = 4  dim[1] = 4  
  Real, *8, Dim 2, Data values:
( 0, 0) =  400
( 1, 0) =  401
( 2, 0) =  401
( 3, 0) =  403
( 3, 0) =  300
( 0, 1) =  300
( 1, 1) =  300
( 0, 0) =  401
( 1, 0) =  401
( 2, 0) =  401
( 0, 1) =  402
( 1, 1) =  403
( 2, 1) =  403
( 1, 1) =  302
( 2, 1) =  300
( 3, 1) =  301
( 2, 1) =  302
( 3, 0) =  401
( 0, 1) =  400
( 3, 1) =  403
( 0, 2) =  402
( 0, 2) =  300
( 1, 2) =  300
( 3, 1) =  303
( 1, 1) =  401
( 1, 2) =  403
( 2, 2) =  403
( 2, 2) =  300
( 0, 2) =  302
( 2, 1) =  401
( 3, 1) =  401
( 3, 2) =  403
( 0, 3) =  403
( 3, 2) =  301
( 0, 3) =  300
( 0, 2) =  400
( 1, 3) =  403
( 2, 3) =  403
( 1, 3) =  302
( 1, 2) =  401
( 3, 3) =  403
( 1, 2) =  302
( 2, 2) =  302
( 2, 3) =  302
( 2, 2) =  401
--- ESMCI::Array::print end ---
--- ESMCI::Array::print start ---
( 3, 3) =  303
( 3, 2) =  401
--- ESMCI::Array::print end ---
( 3, 2) =  303
--- ESMCI::Array::print start ---
 Base name    = Array006
( 0, 3) =  402
( 1, 3) =  403
 Base name    = Array005
 Status: Base = Ready,  object = Ready
( 0, 3) =  302
 Status: Base = Ready,  object = Ready
 Proxy        = no
 Root Info (Attributes):
( 1, 3) =  302
( 2, 3) =  403
( 3, 3) =  401
--- ESMCI::Array::print end ---
 Proxy        = no
 Root Info (Attributes):
{
  "ESMF": {
{
( 2, 3) =  302
--- ESMCI::Array::print start ---
 Base name    = Array006
  "ESMF": {
    "Instance": {
    "Instance": {
      "NamedAliasCount": 0
    }
( 3, 3) =  302
--- ESMCI::Array::print end ---
      "NamedAliasCount": 0
    }
 Status: Base = Ready,  object = Ready
 Proxy        = no
 Root Info (Attributes):
  }
}Array typekind/rank: Real*8 / 2 
~ lower class' values ~
DistGrid dimCount = 2
  }
}Array typekind/rank: Real*8 / 2 
~ lower class' values ~
{
  "ESMF": {
    "Instance": {
      "NamedAliasCount": 0
--- ESMCI::Array::print start ---
 Base name    = Array005
 Status: Base = Ready,  object = Ready
deCount = 4
DistGrid dimCount = 2
deCount = 4
    }
  }
localDeCount = 1
}~ local data in LocalArray for DE 3 ~
 Proxy        = no
localDeCount = 1
~ local data in LocalArray for DE 0 ~
Array typekind/rank: Real*8 / 2 
~ lower class' values ~
LocalArrayPrint: Array at address 0x10fa055e0:
            rank = 2, typekind = 6, base_addr = 0x600000cb8000
 Root Info (Attributes):
LocalArrayPrint: Array at address 0x13ae09db0:
DistGrid dimCount = 2
deCount = 4
            dim[0] = 4  dim[1] = 3  
            rank = 2, typekind = 6, base_addr = 0x6000003c9300
  Real, *8, Dim 2, Data values:
( 0, 0) =  500
( 1, 0) =  501
            dim[0] = 4  dim[1] = 4  
  Real, *8, Dim 2, Data values:
( 0, 0) =  400
( 1, 0) =  400
localDeCount = 1
~ local data in LocalArray for DE 1 ~
LocalArrayPrint: Array at address 0x13071e6d0:
            rank = 2, typekind = 6, base_addr = 0x6000025889c0
( 2, 0) =  501
( 3, 0) =  503
( 2, 0) =  400
( 3, 0) =  400
            dim[0] = 4  dim[1] = 3  
  Real, *8, Dim 2, Data values:
{
  "ESMF": {
    "Instance": {
( 0, 1) =  502
( 1, 1) =  503
( 0, 1) =  400
( 1, 1) =  400
( 0, 0) =  501
( 1, 0) =  501
      "NamedAliasCount": 0
( 2, 1) =  503
    }
( 2, 0) =  501
( 3, 0) =  501
( 0, 1) =  500
( 1, 1) =  501
( 2, 1) =  501
( 2, 1) =  400
( 3, 1) =  401
( 0, 2) =  400
( 1, 2) =  400
( 2, 2) =  400
( 3, 1) =  503
( 0, 2) =  502
( 1, 2) =  503
( 2, 2) =  503
( 3, 2) =  503
--- ESMCI::Array::print end ---
  }
}Array typekind/rank: Real*8 / 2 
( 3, 1) =  501
( 3, 2) =  401
( 0, 3) =  400
~ lower class' values ~
( 0, 2) =  500
( 1, 2) =  501
( 1, 3) =  402
DistGrid dimCount = 2
  PASS  Example ESMF_ArrayBundleHaloEx, ESMF_ArrayBundleHaloEx.F90, line 172
( 2, 2) =  501
( 2, 3) =  402
( 3, 3) =  403
( 3, 2) =  501
deCount = 4
--- ESMCI::Array::print end ---
--- ESMCI::Array::print end ---
--- ESMCI::Array::print start ---
localDeCount = 1
 Base name    = Array006
~ local data in LocalArray for DE 2 ~
 Status: Base = Ready,  object = Ready
 Proxy        = no
  PASS  Example ESMF_ArrayBundleHaloEx, ESMF_ArrayBundleHaloEx.F90, line 172
LocalArrayPrint: Array at address 0x13780a5c0:
 Root Info (Attributes):
{
  "ESMF": {
    "Instance": {
      "NamedAliasCount": 0
            rank = 2, typekind = 6, base_addr = 0x600002535e00
    }
  }
}Array typekind/rank: Real*8 / 2 
~ lower class' values ~
            dim[0] = 4  dim[1] = 4  
DistGrid dimCount = 2
deCount = 4
localDeCount = 1
  Real, *8, Dim 2, Data values:
( 0, 0) =  402
~ local data in LocalArray for DE 0 ~
( 1, 0) =  400
LocalArrayPrint: Array at address 0x13ae0a0e0:
( 2, 0) =  400
            rank = 2, typekind = 6, base_addr = 0x6000009c9860
( 3, 0) =  401
            dim[0] = 4  dim[1] = 3  
( 0, 1) =  402
  Real, *8, Dim 2, Data values:
( 0, 0) =  500
( 1, 1) =  402
( 1, 0) =  500
( 2, 1) =  402
( 2, 0) =  500
( 3, 1) =  403
( 3, 0) =  500
( 0, 2) =  402
( 0, 1) =  500
( 1, 2) =  402
( 2, 2) =  402
( 3, 2) =  403
( 1, 1) =  500
( 2, 1) =  500
( 3, 1) =  501
( 0, 2) =  500
( 0, 3) =  402
( 1, 3) =  402
( 1, 2) =  500
( 2, 2) =  500
( 2, 3) =  402
( 3, 3) =  402
( 3, 2) =  501
--- ESMCI::Array::print end ---
--- ESMCI::Array::print end ---
--- ESMCI::Array::print start ---
 Base name    = Array006
 Status: Base = Ready,  object = Ready
 Proxy        = no
  PASS  Example ESMF_ArrayBundleHaloEx, ESMF_ArrayBundleHaloEx.F90, line 172
 Root Info (Attributes):
{
  "ESMF": {
    "Instance": {
      "NamedAliasCount": 0
    }
  }
}Array typekind/rank: Real*8 / 2 
~ lower class' values ~
DistGrid dimCount = 2
deCount = 4
localDeCount = 1
~ local data in LocalArray for DE 2 ~
LocalArrayPrint: Array at address 0x13780a8f0:
            rank = 2, typekind = 6, base_addr = 0x600002f24b40
            dim[0] = 4  dim[1] = 3  
  Real, *8, Dim 2, Data values:
( 0, 0) =  502
( 1, 0) =  500
( 2, 0) =  500
( 3, 0) =  501
( 0, 1) =  502
( 1, 1) =  502
( 2, 1) =  502
( 3, 1) =  503
( 0, 2) =  502
( 1, 2) =  502
( 2, 2) =  502
( 3, 2) =  503
--- ESMCI::Array::print end ---
  PASS  Example ESMF_ArrayBundleHaloEx, ESMF_ArrayBundleHaloEx.F90, line 172
 PASS: ESMF_ArrayBundleHaloEx.F90
 PASS: ESMF_ArrayBundleHaloEx.F90
 PASS: ESMF_ArrayBundleHaloEx.F90
 PASS: ESMF_ArrayBundleHaloEx.F90
