2026-06-07 01:31:00
20260607 014928.018 INFO             PET0 !!!!!!!!!!!!!!!!!!!!!!!!!!!!!!!!!!!!!!!!!!!!!!!!!!!!!!
20260607 014928.018 INFO             PET0 !!! THE ESMF_LOG IS SET TO OUTPUT ALL LOG MESSAGES !!!
20260607 014928.018 INFO             PET0 !!!     THIS MAY CAUSE SLOWDOWN IN PERFORMANCE     !!!
20260607 014928.018 INFO             PET0 !!! FOR PRODUCTION RUNS, USE:                      !!!
20260607 014928.018 INFO             PET0 !!!                   ESMF_LOGKIND_Multi_On_Error  !!!
20260607 014928.018 INFO             PET0 !!!!!!!!!!!!!!!!!!!!!!!!!!!!!!!!!!!!!!!!!!!!!!!!!!!!!!
20260607 014928.018 INFO             PET0 Running with ESMF Version   : develop+gf183dd1f0b
20260607 014928.018 INFO             PET0 ESMF library build date/time: "Jun  7 2026" "01:29:52"
20260607 014928.018 INFO             PET0 ESMF library build location : /usr/local/esmf/esmf-testing/gfortran_14.2.0_openmpi_g_develop/esmf
20260607 014928.018 INFO             PET0 ESMF_COMM                   : openmpi
20260607 014928.018 INFO             PET0 ESMF_MOAB                   : enabled
20260607 014928.018 INFO             PET0 ESMF_LAPACK                 : enabled
20260607 014928.018 INFO             PET0 ESMF_NETCDF                 : enabled
20260607 014928.018 INFO             PET0 ESMF_PNETCDF                : disabled
20260607 014928.018 INFO             PET0 ESMF_PIO                    : enabled
20260607 014928.018 INFO             PET0 ESMF_YAMLCPP                : enabled
20260607 014928.018 INFO             PET0  NUMBER_OF_PROCESSORS           1
20260607 014928.018 INFO             PET0  PASS  Example ESMF_TimeIntervalEx, ESMF_TimeIntervalEx.F90, line 176
20260607 014928.018 INFO             PET0  Finalizing ESMF
