2026-06-14 01:32:48
20260614 015208.853 INFO             PET0 !!!!!!!!!!!!!!!!!!!!!!!!!!!!!!!!!!!!!!!!!!!!!!!!!!!!!!
20260614 015208.853 INFO             PET0 !!! THE ESMF_LOG IS SET TO OUTPUT ALL LOG MESSAGES !!!
20260614 015208.853 INFO             PET0 !!!     THIS MAY CAUSE SLOWDOWN IN PERFORMANCE     !!!
20260614 015208.853 INFO             PET0 !!! FOR PRODUCTION RUNS, USE:                      !!!
20260614 015208.853 INFO             PET0 !!!                   ESMF_LOGKIND_Multi_On_Error  !!!
20260614 015208.853 INFO             PET0 !!!!!!!!!!!!!!!!!!!!!!!!!!!!!!!!!!!!!!!!!!!!!!!!!!!!!!
20260614 015208.853 INFO             PET0 Running with ESMF Version   : v9.0.0b15
20260614 015208.853 INFO             PET0 ESMF library build date/time: "Jun 14 2026" "01:31:40"
20260614 015208.853 INFO             PET0 ESMF library build location : /usr/local/esmf/esmf-testing/gfortran_14.2.0_openmpi_g_develop/esmf
20260614 015208.853 INFO             PET0 ESMF_COMM                   : openmpi
20260614 015208.853 INFO             PET0 ESMF_MOAB                   : enabled
20260614 015208.853 INFO             PET0 ESMF_LAPACK                 : enabled
20260614 015208.853 INFO             PET0 ESMF_NETCDF                 : enabled
20260614 015208.853 INFO             PET0 ESMF_PNETCDF                : disabled
20260614 015208.853 INFO             PET0 ESMF_PIO                    : enabled
20260614 015208.853 INFO             PET0 ESMF_YAMLCPP                : enabled
20260614 015208.856 INFO             PET0  NUMBER_OF_PROCESSORS           4
20260614 015208.856 INFO             PET0  PASS  Example ESMF_FieldCreateEx, ESMF_FieldCreateEx.F90, line 1058
20260614 015208.856 INFO             PET0  Finalizing ESMF
20260614 015208.853 INFO             PET1 !!!!!!!!!!!!!!!!!!!!!!!!!!!!!!!!!!!!!!!!!!!!!!!!!!!!!!
20260614 015208.853 INFO             PET1 !!! THE ESMF_LOG IS SET TO OUTPUT ALL LOG MESSAGES !!!
20260614 015208.853 INFO             PET1 !!!     THIS MAY CAUSE SLOWDOWN IN PERFORMANCE     !!!
20260614 015208.853 INFO             PET1 !!! FOR PRODUCTION RUNS, USE:                      !!!
20260614 015208.853 INFO             PET1 !!!                   ESMF_LOGKIND_Multi_On_Error  !!!
20260614 015208.853 INFO             PET1 !!!!!!!!!!!!!!!!!!!!!!!!!!!!!!!!!!!!!!!!!!!!!!!!!!!!!!
20260614 015208.853 INFO             PET1 Running with ESMF Version   : v9.0.0b15
20260614 015208.853 INFO             PET1 ESMF library build date/time: "Jun 14 2026" "01:31:40"
20260614 015208.853 INFO             PET1 ESMF library build location : /usr/local/esmf/esmf-testing/gfortran_14.2.0_openmpi_g_develop/esmf
20260614 015208.853 INFO             PET1 ESMF_COMM                   : openmpi
20260614 015208.853 INFO             PET1 ESMF_MOAB                   : enabled
20260614 015208.853 INFO             PET1 ESMF_LAPACK                 : enabled
20260614 015208.853 INFO             PET1 ESMF_NETCDF                 : enabled
20260614 015208.853 INFO             PET1 ESMF_PNETCDF                : disabled
20260614 015208.853 INFO             PET1 ESMF_PIO                    : enabled
20260614 015208.853 INFO             PET1 ESMF_YAMLCPP                : enabled
20260614 015208.856 INFO             PET1  NUMBER_OF_PROCESSORS           4
20260614 015208.856 INFO             PET1  PASS  Example ESMF_FieldCreateEx, ESMF_FieldCreateEx.F90, line 1058
20260614 015208.856 INFO             PET1  Finalizing ESMF
20260614 015208.853 INFO             PET2 !!!!!!!!!!!!!!!!!!!!!!!!!!!!!!!!!!!!!!!!!!!!!!!!!!!!!!
20260614 015208.853 INFO             PET2 !!! THE ESMF_LOG IS SET TO OUTPUT ALL LOG MESSAGES !!!
20260614 015208.853 INFO             PET2 !!!     THIS MAY CAUSE SLOWDOWN IN PERFORMANCE     !!!
20260614 015208.853 INFO             PET2 !!! FOR PRODUCTION RUNS, USE:                      !!!
20260614 015208.853 INFO             PET2 !!!                   ESMF_LOGKIND_Multi_On_Error  !!!
20260614 015208.853 INFO             PET2 !!!!!!!!!!!!!!!!!!!!!!!!!!!!!!!!!!!!!!!!!!!!!!!!!!!!!!
20260614 015208.853 INFO             PET2 Running with ESMF Version   : v9.0.0b15
20260614 015208.853 INFO             PET2 ESMF library build date/time: "Jun 14 2026" "01:31:40"
20260614 015208.853 INFO             PET2 ESMF library build location : /usr/local/esmf/esmf-testing/gfortran_14.2.0_openmpi_g_develop/esmf
20260614 015208.853 INFO             PET2 ESMF_COMM                   : openmpi
20260614 015208.853 INFO             PET2 ESMF_MOAB                   : enabled
20260614 015208.853 INFO             PET2 ESMF_LAPACK                 : enabled
20260614 015208.853 INFO             PET2 ESMF_NETCDF                 : enabled
20260614 015208.853 INFO             PET2 ESMF_PNETCDF                : disabled
20260614 015208.853 INFO             PET2 ESMF_PIO                    : enabled
20260614 015208.853 INFO             PET2 ESMF_YAMLCPP                : enabled
20260614 015208.856 INFO             PET2  NUMBER_OF_PROCESSORS           4
20260614 015208.856 INFO             PET2  PASS  Example ESMF_FieldCreateEx, ESMF_FieldCreateEx.F90, line 1058
20260614 015208.856 INFO             PET2  Finalizing ESMF
20260614 015208.853 INFO             PET3 !!!!!!!!!!!!!!!!!!!!!!!!!!!!!!!!!!!!!!!!!!!!!!!!!!!!!!
20260614 015208.853 INFO             PET3 !!! THE ESMF_LOG IS SET TO OUTPUT ALL LOG MESSAGES !!!
20260614 015208.853 INFO             PET3 !!!     THIS MAY CAUSE SLOWDOWN IN PERFORMANCE     !!!
20260614 015208.853 INFO             PET3 !!! FOR PRODUCTION RUNS, USE:                      !!!
20260614 015208.853 INFO             PET3 !!!                   ESMF_LOGKIND_Multi_On_Error  !!!
20260614 015208.853 INFO             PET3 !!!!!!!!!!!!!!!!!!!!!!!!!!!!!!!!!!!!!!!!!!!!!!!!!!!!!!
20260614 015208.853 INFO             PET3 Running with ESMF Version   : v9.0.0b15
20260614 015208.853 INFO             PET3 ESMF library build date/time: "Jun 14 2026" "01:31:40"
20260614 015208.853 INFO             PET3 ESMF library build location : /usr/local/esmf/esmf-testing/gfortran_14.2.0_openmpi_g_develop/esmf
20260614 015208.853 INFO             PET3 ESMF_COMM                   : openmpi
20260614 015208.853 INFO             PET3 ESMF_MOAB                   : enabled
20260614 015208.853 INFO             PET3 ESMF_LAPACK                 : enabled
20260614 015208.853 INFO             PET3 ESMF_NETCDF                 : enabled
20260614 015208.853 INFO             PET3 ESMF_PNETCDF                : disabled
20260614 015208.853 INFO             PET3 ESMF_PIO                    : enabled
20260614 015208.853 INFO             PET3 ESMF_YAMLCPP                : enabled
20260614 015208.856 INFO             PET3  NUMBER_OF_PROCESSORS           4
20260614 015208.856 INFO             PET3  PASS  Example ESMF_FieldCreateEx, ESMF_FieldCreateEx.F90, line 1058
20260614 015208.856 INFO             PET3  Finalizing ESMF
