2026-06-21 05:12:52
20260621 052712.397 INFO             PET0 !!!!!!!!!!!!!!!!!!!!!!!!!!!!!!!!!!!!!!!!!!!!!!!!!!!!!!
20260621 052712.397 INFO             PET0 !!! THE ESMF_LOG IS SET TO OUTPUT ALL LOG MESSAGES !!!
20260621 052712.397 INFO             PET0 !!!     THIS MAY CAUSE SLOWDOWN IN PERFORMANCE     !!!
20260621 052712.397 INFO             PET0 !!! FOR PRODUCTION RUNS, USE:                      !!!
20260621 052712.397 INFO             PET0 !!!                   ESMF_LOGKIND_Multi_On_Error  !!!
20260621 052712.397 INFO             PET0 !!!!!!!!!!!!!!!!!!!!!!!!!!!!!!!!!!!!!!!!!!!!!!!!!!!!!!
20260621 052712.397 INFO             PET0 Running with ESMF Version   : feature/refresh-bmauer-c_dynmask_interface+gd740766d08
20260621 052712.397 INFO             PET0 ESMF library build date/time: "Jun 21 2026" "05:11:51"
20260621 052712.397 INFO             PET0 ESMF library build location : /usr/local/esmf/esmf-testing/gfortran_14.2.0_mpiuni_O_feature_refresh-bmauer-c_dynmask_interface/esmf
20260621 052712.397 INFO             PET0 ESMF_COMM                   : mpiuni
20260621 052712.397 INFO             PET0 ESMF_MOAB                   : enabled
20260621 052712.397 INFO             PET0 ESMF_LAPACK                 : enabled
20260621 052712.397 INFO             PET0 ESMF_NETCDF                 : enabled
20260621 052712.397 INFO             PET0 ESMF_PNETCDF                : disabled
20260621 052712.397 INFO             PET0 ESMF_PIO                    : enabled
20260621 052712.397 INFO             PET0 ESMF_YAMLCPP                : enabled
20260621 052712.405 INFO             PET0  NUMBER_OF_PROCESSORS           1
20260621 052712.405 INFO             PET0  PASS  Example ESMF_NUOPCBasicModelEx, ESMF_NUOPCBasicModelEx.F90, line 339
20260621 052712.405 INFO             PET0  Finalizing ESMF
