2026-07-17 07:33:54
20260717 074817.144 INFO             PET0 !!!!!!!!!!!!!!!!!!!!!!!!!!!!!!!!!!!!!!!!!!!!!!!!!!!!!!
20260717 074817.145 INFO             PET0 !!! THE ESMF_LOG IS SET TO OUTPUT ALL LOG MESSAGES !!!
20260717 074817.145 INFO             PET0 !!!     THIS MAY CAUSE SLOWDOWN IN PERFORMANCE     !!!
20260717 074817.145 INFO             PET0 !!! FOR PRODUCTION RUNS, USE:                      !!!
20260717 074817.145 INFO             PET0 !!!                   ESMF_LOGKIND_Multi_On_Error  !!!
20260717 074817.145 INFO             PET0 !!!!!!!!!!!!!!!!!!!!!!!!!!!!!!!!!!!!!!!!!!!!!!!!!!!!!!
20260717 074817.145 INFO             PET0 Running with ESMF Version   : feature/refresh-bmauer-c_dynmask_interface+ge07d076824
20260717 074817.145 INFO             PET0 ESMF library build date/time: "Jul 17 2026" "07:32:45"
20260717 074817.145 INFO             PET0 ESMF library build location : /usr/local/esmf/esmf-testing/gfortran_14.2.0_mpiuni_O_feature_refresh-bmauer-c_dynmask_interface/esmf
20260717 074817.145 INFO             PET0 ESMF_COMM                   : mpiuni
20260717 074817.145 INFO             PET0 ESMF_MOAB                   : enabled
20260717 074817.145 INFO             PET0 ESMF_LAPACK                 : enabled
20260717 074817.145 INFO             PET0 ESMF_NETCDF                 : enabled
20260717 074817.145 INFO             PET0 ESMF_PNETCDF                : disabled
20260717 074817.145 INFO             PET0 ESMF_PIO                    : enabled
20260717 074817.145 INFO             PET0 ESMF_YAMLCPP                : enabled
20260717 074817.145 INFO             PET0  NUMBER_OF_PROCESSORS           1
20260717 074817.145 INFO             PET0  PASS  Example ESMF_VMGetMPICommunicatorEx, ESMF_VMGetMPICommunicatorEx.F90, line 94
20260717 074817.145 INFO             PET0  Finalizing ESMF
