2026-08-25 23:14:12
20260826 074217.886 INFO             PET0 !!!!!!!!!!!!!!!!!!!!!!!!!!!!!!!!!!!!!!!!!!!!!!!!!!!!!!
20260826 074217.886 INFO             PET0 !!! THE ESMF_LOG IS SET TO OUTPUT ALL LOG MESSAGES !!!
20260826 074217.886 INFO             PET0 !!!     THIS MAY CAUSE SLOWDOWN IN PERFORMANCE     !!!
20260826 074217.886 INFO             PET0 !!! FOR PRODUCTION RUNS, USE:                      !!!
20260826 074217.886 INFO             PET0 !!!                   ESMF_LOGKIND_Multi_On_Error  !!!
20260826 074217.886 INFO             PET0 !!!!!!!!!!!!!!!!!!!!!!!!!!!!!!!!!!!!!!!!!!!!!!!!!!!!!!
20260826 074217.886 INFO             PET0 Running with ESMF Version   : develop+g1082792c4b
20260826 074217.886 INFO             PET0 ESMF library build date/time: "Aug 25 2026" "23:11:47"
20260826 074217.886 INFO             PET0 ESMF library build location : /discover/nobackup/projects/gmao/SIteam/ESMF_Testing/nag_7.2.28_openmpi_O_develop/esmf
20260826 074217.886 INFO             PET0 ESMF_COMM                   : openmpi
20260826 074217.886 INFO             PET0 ESMF_MOAB                   : enabled
20260826 074217.886 INFO             PET0 ESMF_LAPACK                 : enabled
20260826 074217.886 INFO             PET0 ESMF_NETCDF                 : enabled
20260826 074217.886 INFO             PET0 ESMF_PNETCDF                : disabled
20260826 074217.886 INFO             PET0 ESMF_PIO                    : enabled
20260826 074217.886 INFO             PET0 ESMF_YAMLCPP                : enabled
20260826 074217.891 INFO             PET0 =============================================
20260826 074217.891 INFO             PET0 ESMX (Earth System Model eXecutable) STARTING
20260826 074217.891 INFO             PET0 =============================================
20260826 074217.901 DEBUG            PET0 Generic SetVM() is executing for: ESMX_Driver
20260826 074217.902 DEBUG            PET0 Generic SetVM() found no NUOPC Hint for: ESMX_Driver
20260826 074217.902 DEBUG            PET0 Generic SetVM() therefore is NOT calling ESMF_GridCompSetVMMaxPEs() for: ESMX_Driver
20260826 074217.915 INFO             PET0 =============================================
20260826 074217.915 INFO             PET0 ESMX (Earth System Model eXecutable) FINISHED
20260826 074217.915 INFO             PET0 =============================================
20260826 074217.915 INFO             PET0  Finalizing ESMF
20260826 074217.886 INFO             PET1 !!!!!!!!!!!!!!!!!!!!!!!!!!!!!!!!!!!!!!!!!!!!!!!!!!!!!!
20260826 074217.886 INFO             PET1 !!! THE ESMF_LOG IS SET TO OUTPUT ALL LOG MESSAGES !!!
20260826 074217.886 INFO             PET1 !!!     THIS MAY CAUSE SLOWDOWN IN PERFORMANCE     !!!
20260826 074217.886 INFO             PET1 !!! FOR PRODUCTION RUNS, USE:                      !!!
20260826 074217.886 INFO             PET1 !!!                   ESMF_LOGKIND_Multi_On_Error  !!!
20260826 074217.886 INFO             PET1 !!!!!!!!!!!!!!!!!!!!!!!!!!!!!!!!!!!!!!!!!!!!!!!!!!!!!!
20260826 074217.886 INFO             PET1 Running with ESMF Version   : develop+g1082792c4b
20260826 074217.886 INFO             PET1 ESMF library build date/time: "Aug 25 2026" "23:11:47"
20260826 074217.886 INFO             PET1 ESMF library build location : /discover/nobackup/projects/gmao/SIteam/ESMF_Testing/nag_7.2.28_openmpi_O_develop/esmf
20260826 074217.886 INFO             PET1 ESMF_COMM                   : openmpi
20260826 074217.886 INFO             PET1 ESMF_MOAB                   : enabled
20260826 074217.886 INFO             PET1 ESMF_LAPACK                 : enabled
20260826 074217.886 INFO             PET1 ESMF_NETCDF                 : enabled
20260826 074217.886 INFO             PET1 ESMF_PNETCDF                : disabled
20260826 074217.886 INFO             PET1 ESMF_PIO                    : enabled
20260826 074217.886 INFO             PET1 ESMF_YAMLCPP                : enabled
20260826 074217.891 INFO             PET1 =============================================
20260826 074217.891 INFO             PET1 ESMX (Earth System Model eXecutable) STARTING
20260826 074217.891 INFO             PET1 =============================================
20260826 074217.901 DEBUG            PET1 Generic SetVM() is executing for: ESMX_Driver
20260826 074217.902 DEBUG            PET1 Generic SetVM() found no NUOPC Hint for: ESMX_Driver
20260826 074217.902 DEBUG            PET1 Generic SetVM() therefore is NOT calling ESMF_GridCompSetVMMaxPEs() for: ESMX_Driver
20260826 074217.915 INFO             PET1 =============================================
20260826 074217.915 INFO             PET1 ESMX (Earth System Model eXecutable) FINISHED
20260826 074217.915 INFO             PET1 =============================================
20260826 074217.915 INFO             PET1  Finalizing ESMF
20260826 074217.886 INFO             PET2 !!!!!!!!!!!!!!!!!!!!!!!!!!!!!!!!!!!!!!!!!!!!!!!!!!!!!!
20260826 074217.887 INFO             PET2 !!! THE ESMF_LOG IS SET TO OUTPUT ALL LOG MESSAGES !!!
20260826 074217.887 INFO             PET2 !!!     THIS MAY CAUSE SLOWDOWN IN PERFORMANCE     !!!
20260826 074217.887 INFO             PET2 !!! FOR PRODUCTION RUNS, USE:                      !!!
20260826 074217.887 INFO             PET2 !!!                   ESMF_LOGKIND_Multi_On_Error  !!!
20260826 074217.887 INFO             PET2 !!!!!!!!!!!!!!!!!!!!!!!!!!!!!!!!!!!!!!!!!!!!!!!!!!!!!!
20260826 074217.887 INFO             PET2 Running with ESMF Version   : develop+g1082792c4b
20260826 074217.887 INFO             PET2 ESMF library build date/time: "Aug 25 2026" "23:11:47"
20260826 074217.887 INFO             PET2 ESMF library build location : /discover/nobackup/projects/gmao/SIteam/ESMF_Testing/nag_7.2.28_openmpi_O_develop/esmf
20260826 074217.887 INFO             PET2 ESMF_COMM                   : openmpi
20260826 074217.887 INFO             PET2 ESMF_MOAB                   : enabled
20260826 074217.887 INFO             PET2 ESMF_LAPACK                 : enabled
20260826 074217.887 INFO             PET2 ESMF_NETCDF                 : enabled
20260826 074217.887 INFO             PET2 ESMF_PNETCDF                : disabled
20260826 074217.887 INFO             PET2 ESMF_PIO                    : enabled
20260826 074217.887 INFO             PET2 ESMF_YAMLCPP                : enabled
20260826 074217.891 INFO             PET2 =============================================
20260826 074217.891 INFO             PET2 ESMX (Earth System Model eXecutable) STARTING
20260826 074217.891 INFO             PET2 =============================================
20260826 074217.901 DEBUG            PET2 Generic SetVM() is executing for: ESMX_Driver
20260826 074217.902 DEBUG            PET2 Generic SetVM() found no NUOPC Hint for: ESMX_Driver
20260826 074217.902 DEBUG            PET2 Generic SetVM() therefore is NOT calling ESMF_GridCompSetVMMaxPEs() for: ESMX_Driver
20260826 074217.915 INFO             PET2 =============================================
20260826 074217.915 INFO             PET2 ESMX (Earth System Model eXecutable) FINISHED
20260826 074217.915 INFO             PET2 =============================================
20260826 074217.915 INFO             PET2  Finalizing ESMF
20260826 074217.887 INFO             PET3 !!!!!!!!!!!!!!!!!!!!!!!!!!!!!!!!!!!!!!!!!!!!!!!!!!!!!!
20260826 074217.887 INFO             PET3 !!! THE ESMF_LOG IS SET TO OUTPUT ALL LOG MESSAGES !!!
20260826 074217.887 INFO             PET3 !!!     THIS MAY CAUSE SLOWDOWN IN PERFORMANCE     !!!
20260826 074217.887 INFO             PET3 !!! FOR PRODUCTION RUNS, USE:                      !!!
20260826 074217.887 INFO             PET3 !!!                   ESMF_LOGKIND_Multi_On_Error  !!!
20260826 074217.887 INFO             PET3 !!!!!!!!!!!!!!!!!!!!!!!!!!!!!!!!!!!!!!!!!!!!!!!!!!!!!!
20260826 074217.887 INFO             PET3 Running with ESMF Version   : develop+g1082792c4b
20260826 074217.887 INFO             PET3 ESMF library build date/time: "Aug 25 2026" "23:11:47"
20260826 074217.887 INFO             PET3 ESMF library build location : /discover/nobackup/projects/gmao/SIteam/ESMF_Testing/nag_7.2.28_openmpi_O_develop/esmf
20260826 074217.887 INFO             PET3 ESMF_COMM                   : openmpi
20260826 074217.887 INFO             PET3 ESMF_MOAB                   : enabled
20260826 074217.887 INFO             PET3 ESMF_LAPACK                 : enabled
20260826 074217.887 INFO             PET3 ESMF_NETCDF                 : enabled
20260826 074217.887 INFO             PET3 ESMF_PNETCDF                : disabled
20260826 074217.887 INFO             PET3 ESMF_PIO                    : enabled
20260826 074217.887 INFO             PET3 ESMF_YAMLCPP                : enabled
20260826 074217.891 INFO             PET3 =============================================
20260826 074217.891 INFO             PET3 ESMX (Earth System Model eXecutable) STARTING
20260826 074217.891 INFO             PET3 =============================================
20260826 074217.901 DEBUG            PET3 Generic SetVM() is executing for: ESMX_Driver
20260826 074217.902 DEBUG            PET3 Generic SetVM() found no NUOPC Hint for: ESMX_Driver
20260826 074217.902 DEBUG            PET3 Generic SetVM() therefore is NOT calling ESMF_GridCompSetVMMaxPEs() for: ESMX_Driver
20260826 074217.915 INFO             PET3 =============================================
20260826 074217.915 INFO             PET3 ESMX (Earth System Model eXecutable) FINISHED
20260826 074217.915 INFO             PET3 =============================================
20260826 074217.915 INFO             PET3  Finalizing ESMF
