2026-05-18 23:00:56
20260519 014450.645 INFO             PET0 !!!!!!!!!!!!!!!!!!!!!!!!!!!!!!!!!!!!!!!!!!!!!!!!!!!!!!
20260519 014450.645 INFO             PET0 !!! THE ESMF_LOG IS SET TO OUTPUT ALL LOG MESSAGES !!!
20260519 014450.645 INFO             PET0 !!!     THIS MAY CAUSE SLOWDOWN IN PERFORMANCE     !!!
20260519 014450.645 INFO             PET0 !!! FOR PRODUCTION RUNS, USE:                      !!!
20260519 014450.645 INFO             PET0 !!!                   ESMF_LOGKIND_Multi_On_Error  !!!
20260519 014450.645 INFO             PET0 !!!!!!!!!!!!!!!!!!!!!!!!!!!!!!!!!!!!!!!!!!!!!!!!!!!!!!
20260519 014450.645 INFO             PET0 Running with ESMF Version   : v9.0.0b13
20260519 014450.645 INFO             PET0 ESMF library build date/time: "May 18 2026" "22:57:43"
20260519 014450.645 INFO             PET0 ESMF library build location : /discover/nobackup/projects/gmao/SIteam/ESMF_Testing/intel_2021.13.0-mvapich_mvapich_g_develop/esmf
20260519 014450.645 INFO             PET0 ESMF_COMM                   : mvapich
20260519 014450.645 INFO             PET0 ESMF_MOAB                   : enabled
20260519 014450.645 INFO             PET0 ESMF_LAPACK                 : enabled
20260519 014450.645 INFO             PET0 ESMF_NETCDF                 : disabled
20260519 014450.645 INFO             PET0 ESMF_PNETCDF                : disabled
20260519 014450.645 INFO             PET0 ESMF_PIO                    : disabled
20260519 014450.645 INFO             PET0 ESMF_YAMLCPP                : enabled
20260519 014457.751 INFO             PET0  NUMBER_OF_PROCESSORS           4
20260519 014457.751 INFO             PET0  PASS  Example ESMF_FieldSphereRegridEx, ESMF_FieldSphereRegridEx.F90, line 407
20260519 014457.751 INFO             PET0  Finalizing ESMF
20260519 014450.645 INFO             PET1 !!!!!!!!!!!!!!!!!!!!!!!!!!!!!!!!!!!!!!!!!!!!!!!!!!!!!!
20260519 014450.645 INFO             PET1 !!! THE ESMF_LOG IS SET TO OUTPUT ALL LOG MESSAGES !!!
20260519 014450.645 INFO             PET1 !!!     THIS MAY CAUSE SLOWDOWN IN PERFORMANCE     !!!
20260519 014450.645 INFO             PET1 !!! FOR PRODUCTION RUNS, USE:                      !!!
20260519 014450.645 INFO             PET1 !!!                   ESMF_LOGKIND_Multi_On_Error  !!!
20260519 014450.645 INFO             PET1 !!!!!!!!!!!!!!!!!!!!!!!!!!!!!!!!!!!!!!!!!!!!!!!!!!!!!!
20260519 014450.645 INFO             PET1 Running with ESMF Version   : v9.0.0b13
20260519 014450.645 INFO             PET1 ESMF library build date/time: "May 18 2026" "22:57:43"
20260519 014450.645 INFO             PET1 ESMF library build location : /discover/nobackup/projects/gmao/SIteam/ESMF_Testing/intel_2021.13.0-mvapich_mvapich_g_develop/esmf
20260519 014450.645 INFO             PET1 ESMF_COMM                   : mvapich
20260519 014450.645 INFO             PET1 ESMF_MOAB                   : enabled
20260519 014450.645 INFO             PET1 ESMF_LAPACK                 : enabled
20260519 014450.645 INFO             PET1 ESMF_NETCDF                 : disabled
20260519 014450.645 INFO             PET1 ESMF_PNETCDF                : disabled
20260519 014450.645 INFO             PET1 ESMF_PIO                    : disabled
20260519 014450.645 INFO             PET1 ESMF_YAMLCPP                : enabled
20260519 014457.751 INFO             PET1  NUMBER_OF_PROCESSORS           4
20260519 014457.751 INFO             PET1  PASS  Example ESMF_FieldSphereRegridEx, ESMF_FieldSphereRegridEx.F90, line 407
20260519 014457.751 INFO             PET1  Finalizing ESMF
20260519 014450.645 INFO             PET2 !!!!!!!!!!!!!!!!!!!!!!!!!!!!!!!!!!!!!!!!!!!!!!!!!!!!!!
20260519 014450.645 INFO             PET2 !!! THE ESMF_LOG IS SET TO OUTPUT ALL LOG MESSAGES !!!
20260519 014450.645 INFO             PET2 !!!     THIS MAY CAUSE SLOWDOWN IN PERFORMANCE     !!!
20260519 014450.645 INFO             PET2 !!! FOR PRODUCTION RUNS, USE:                      !!!
20260519 014450.645 INFO             PET2 !!!                   ESMF_LOGKIND_Multi_On_Error  !!!
20260519 014450.645 INFO             PET2 !!!!!!!!!!!!!!!!!!!!!!!!!!!!!!!!!!!!!!!!!!!!!!!!!!!!!!
20260519 014450.645 INFO             PET2 Running with ESMF Version   : v9.0.0b13
20260519 014450.645 INFO             PET2 ESMF library build date/time: "May 18 2026" "22:57:43"
20260519 014450.645 INFO             PET2 ESMF library build location : /discover/nobackup/projects/gmao/SIteam/ESMF_Testing/intel_2021.13.0-mvapich_mvapich_g_develop/esmf
20260519 014450.645 INFO             PET2 ESMF_COMM                   : mvapich
20260519 014450.645 INFO             PET2 ESMF_MOAB                   : enabled
20260519 014450.645 INFO             PET2 ESMF_LAPACK                 : enabled
20260519 014450.645 INFO             PET2 ESMF_NETCDF                 : disabled
20260519 014450.645 INFO             PET2 ESMF_PNETCDF                : disabled
20260519 014450.645 INFO             PET2 ESMF_PIO                    : disabled
20260519 014450.645 INFO             PET2 ESMF_YAMLCPP                : enabled
20260519 014457.751 INFO             PET2  NUMBER_OF_PROCESSORS           4
20260519 014457.752 INFO             PET2  PASS  Example ESMF_FieldSphereRegridEx, ESMF_FieldSphereRegridEx.F90, line 407
20260519 014457.752 INFO             PET2  Finalizing ESMF
20260519 014450.645 INFO             PET3 !!!!!!!!!!!!!!!!!!!!!!!!!!!!!!!!!!!!!!!!!!!!!!!!!!!!!!
20260519 014450.645 INFO             PET3 !!! THE ESMF_LOG IS SET TO OUTPUT ALL LOG MESSAGES !!!
20260519 014450.645 INFO             PET3 !!!     THIS MAY CAUSE SLOWDOWN IN PERFORMANCE     !!!
20260519 014450.645 INFO             PET3 !!! FOR PRODUCTION RUNS, USE:                      !!!
20260519 014450.645 INFO             PET3 !!!                   ESMF_LOGKIND_Multi_On_Error  !!!
20260519 014450.645 INFO             PET3 !!!!!!!!!!!!!!!!!!!!!!!!!!!!!!!!!!!!!!!!!!!!!!!!!!!!!!
20260519 014450.645 INFO             PET3 Running with ESMF Version   : v9.0.0b13
20260519 014450.645 INFO             PET3 ESMF library build date/time: "May 18 2026" "22:57:43"
20260519 014450.645 INFO             PET3 ESMF library build location : /discover/nobackup/projects/gmao/SIteam/ESMF_Testing/intel_2021.13.0-mvapich_mvapich_g_develop/esmf
20260519 014450.645 INFO             PET3 ESMF_COMM                   : mvapich
20260519 014450.645 INFO             PET3 ESMF_MOAB                   : enabled
20260519 014450.645 INFO             PET3 ESMF_LAPACK                 : enabled
20260519 014450.645 INFO             PET3 ESMF_NETCDF                 : disabled
20260519 014450.645 INFO             PET3 ESMF_PNETCDF                : disabled
20260519 014450.645 INFO             PET3 ESMF_PIO                    : disabled
20260519 014450.645 INFO             PET3 ESMF_YAMLCPP                : enabled
20260519 014457.751 INFO             PET3  NUMBER_OF_PROCESSORS           4
20260519 014457.751 INFO             PET3  PASS  Example ESMF_FieldSphereRegridEx, ESMF_FieldSphereRegridEx.F90, line 407
20260519 014457.751 INFO             PET3  Finalizing ESMF
