2026-05-05 23:16:15
20260506 012311.330 INFO             PET0 !!!!!!!!!!!!!!!!!!!!!!!!!!!!!!!!!!!!!!!!!!!!!!!!!!!!!!
20260506 012311.331 INFO             PET0 !!! THE ESMF_LOG IS SET TO OUTPUT ALL LOG MESSAGES !!!
20260506 012311.331 INFO             PET0 !!!     THIS MAY CAUSE SLOWDOWN IN PERFORMANCE     !!!
20260506 012311.331 INFO             PET0 !!! FOR PRODUCTION RUNS, USE:                      !!!
20260506 012311.331 INFO             PET0 !!!                   ESMF_LOGKIND_Multi_On_Error  !!!
20260506 012311.331 INFO             PET0 !!!!!!!!!!!!!!!!!!!!!!!!!!!!!!!!!!!!!!!!!!!!!!!!!!!!!!
20260506 012311.331 INFO             PET0 Running with ESMF Version   : develop+g0ae3009ebf
20260506 012311.331 INFO             PET0 ESMF library build date/time: "May  5 2026" "23:12:53"
20260506 012311.331 INFO             PET0 ESMF library build location : /discover/nobackup/projects/gmao/SIteam/ESMF_Testing/intel_2021.13.0-mvapich_mvapich_g_develop/esmf
20260506 012311.331 INFO             PET0 ESMF_COMM                   : mvapich
20260506 012311.331 INFO             PET0 ESMF_MOAB                   : enabled
20260506 012311.331 INFO             PET0 ESMF_LAPACK                 : enabled
20260506 012311.331 INFO             PET0 ESMF_NETCDF                 : disabled
20260506 012311.331 INFO             PET0 ESMF_PNETCDF                : disabled
20260506 012311.331 INFO             PET0 ESMF_PIO                    : disabled
20260506 012311.331 INFO             PET0 ESMF_YAMLCPP                : enabled
20260506 012311.333 INFO             PET0  NUMBER_OF_PROCESSORS           1
20260506 012311.333 INFO             PET0  PASS  Example ESMF_AlarmEx, ESMF_AlarmEx.F90, line 244
20260506 012311.333 INFO             PET0  Finalizing ESMF
