2026-05-24 23:26:06
20260525 023028.709 INFO             PET0 !!!!!!!!!!!!!!!!!!!!!!!!!!!!!!!!!!!!!!!!!!!!!!!!!!!!!!
20260525 023028.710 INFO             PET0 !!! THE ESMF_LOG IS SET TO OUTPUT ALL LOG MESSAGES !!!
20260525 023028.710 INFO             PET0 !!!     THIS MAY CAUSE SLOWDOWN IN PERFORMANCE     !!!
20260525 023028.710 INFO             PET0 !!! FOR PRODUCTION RUNS, USE:                      !!!
20260525 023028.710 INFO             PET0 !!!                   ESMF_LOGKIND_Multi_On_Error  !!!
20260525 023028.710 INFO             PET0 !!!!!!!!!!!!!!!!!!!!!!!!!!!!!!!!!!!!!!!!!!!!!!!!!!!!!!
20260525 023028.710 INFO             PET0 Running with ESMF Version   : develop+g681a42bf77
20260525 023028.710 INFO             PET0 ESMF library build date/time: "May 24 2026" "23:22:45"
20260525 023028.710 INFO             PET0 ESMF library build location : /discover/nobackup/projects/gmao/SIteam/ESMF_Testing/intel_2021.13.0-mvapich_mvapich_g_develop/esmf
20260525 023028.710 INFO             PET0 ESMF_COMM                   : mvapich
20260525 023028.710 INFO             PET0 ESMF_MOAB                   : enabled
20260525 023028.710 INFO             PET0 ESMF_LAPACK                 : enabled
20260525 023028.710 INFO             PET0 ESMF_NETCDF                 : disabled
20260525 023028.710 INFO             PET0 ESMF_PNETCDF                : disabled
20260525 023028.710 INFO             PET0 ESMF_PIO                    : disabled
20260525 023028.710 INFO             PET0 ESMF_YAMLCPP                : enabled
20260525 023028.729 INFO             PET0  NUMBER_OF_PROCESSORS           1
20260525 023028.729 INFO             PET0  PASS  Example ESMF_XGridSparseMatEx, ESMF_XGridSparseMatEx.F90, line 642
20260525 023028.729 INFO             PET0  Finalizing ESMF
