2026-05-31 19:22:19
20260531 202638.741 INFO             PET0 !!!!!!!!!!!!!!!!!!!!!!!!!!!!!!!!!!!!!!!!!!!!!!!!!!!!!!
20260531 202638.747 INFO             PET0 !!! THE ESMF_LOG IS SET TO OUTPUT ALL LOG MESSAGES !!!
20260531 202638.747 INFO             PET0 !!!     THIS MAY CAUSE SLOWDOWN IN PERFORMANCE     !!!
20260531 202638.747 INFO             PET0 !!! FOR PRODUCTION RUNS, USE:                      !!!
20260531 202638.747 INFO             PET0 !!!                   ESMF_LOGKIND_Multi_On_Error  !!!
20260531 202638.747 INFO             PET0 !!!!!!!!!!!!!!!!!!!!!!!!!!!!!!!!!!!!!!!!!!!!!!!!!!!!!!
20260531 202638.747 INFO             PET0 Running with ESMF Version   : develop+gf183dd1f0b
20260531 202638.747 INFO             PET0 ESMF library build date/time: "May 31 2026" "19:19:34"
20260531 202638.747 INFO             PET0 ESMF library build location : /Users/sacks/projects/scratch/esmf-testing/gfortranclang_12.2.0_14.0.0_openmpi_g_develop/esmf
20260531 202638.747 INFO             PET0 ESMF_COMM                   : openmpi
20260531 202638.748 INFO             PET0 ESMF_MOAB                   : enabled
20260531 202638.748 INFO             PET0 ESMF_LAPACK                 : enabled
20260531 202638.748 INFO             PET0 ESMF_NETCDF                 : enabled
20260531 202638.748 INFO             PET0 ESMF_PNETCDF                : disabled
20260531 202638.748 INFO             PET0 ESMF_PIO                    : enabled
20260531 202638.748 INFO             PET0 ESMF_YAMLCPP                : enabled
20260531 202638.749 INFO             PET0 =============================================
20260531 202638.749 INFO             PET0 ESMX (Earth System Model eXecutable) STARTING
20260531 202638.749 INFO             PET0 =============================================
20260531 202638.754 DEBUG            PET0 Generic SetVM() is executing for: ESMX_Driver
20260531 202638.755 DEBUG            PET0 Generic SetVM() found no NUOPC Hint for: ESMX_Driver
20260531 202638.755 DEBUG            PET0 Generic SetVM() therefore is NOT calling ESMF_GridCompSetVMMaxPEs() for: ESMX_Driver
20260531 202638.758 INFO             PET0 ESMX_Driver: InitializeGeneric intro.
20260531 202638.758 INFO             PET0   >>>ESMX_Driver: entered Initialize (phase=<none>) without valid internal Clock.
20260531 202638.758 INFO             PET0   ESMX_Driver: InitializeP0 intro.
20260531 202638.758 INFO             PET0     >>>ESMX_Driver: entered Initialize (phase=<none>) without valid internal Clock.
20260531 202638.759 INFO             PET0     <<<ESMX_Driver: leaving Initialize (phase=<none>) without valid internal Clock.
20260531 202638.759 INFO             PET0   ESMX_Driver: InitializeP0 extro.
20260531 202638.759 INFO             PET0   ESMX_Driver: InitializeIPDv02p1 intro.
20260531 202638.759 INFO             PET0     >>>ESMX_Driver: entered Initialize (phase=<none>) without valid internal Clock.
20260531 202638.761 INFO             PET0     ESMX_Driver - Creating model component MDL without petList.
20260531 202638.966 DEBUG            PET0     Generic SetVM() is executing for: MDL
20260531 202638.966 DEBUG            PET0     Generic SetVM() found no NUOPC Hint for: MDL
20260531 202638.966 DEBUG            PET0     Generic SetVM() therefore is NOT calling ESMF_GridCompSetVMMaxPEs() for: MDL
20260531 202638.980 INFO             PET0     ESMX_Driver: IInitAdvertise intro.
20260531 202638.981 INFO             PET0       >>>ESMX_Driver: entered Initialize (phase=<none>) with current time: 2012 10 24 18  0  0   0
20260531 202638.981 INFO             PET0       <<<ESMX_Driver: leaving Initialize (phase=<none>) with current time: 2012 10 24 18  0  0   0
20260531 202638.981 INFO             PET0     ESMX_Driver: IInitAdvertise extro.
20260531 202638.981 INFO             PET0     Message from inside C component Advertise() method
20260531 202639.394 INFO             PET0     include("/Users/sacks/projects/scratch/esmf-testing/gfortranclang_12.2.0_14.0.0_openmpi_g_develop/nuopc-app-prototypes/ESMX_SingleModelInJuliaProto/SiMoCoJulia/simocojulia_model.jl")
20260531 202639.989 INFO             PET0     path to C library: /Users/sacks/projects/scratch/esmf-testing/gfortranclang_12.2.0_14.0.0_openmpi_g_develop/nuopc-app-prototypes/ESMX_SingleModelInJuliaProto/build/SiMoCoJulia/libSiMoCoJulia.dylib
20260531 202639.989 INFO             PET0     ESMX_Driver: IInitAdvertiseFinish intro.
20260531 202639.989 INFO             PET0       >>>ESMX_Driver: entered Initialize (phase=<none>) with current time: 2012 10 24 18  0  0   0
20260531 202639.990 INFO             PET0       <<<ESMX_Driver: leaving Initialize (phase=<none>) with current time: 2012 10 24 18  0  0   0
20260531 202639.990 INFO             PET0     ESMX_Driver: IInitAdvertiseFinish extro.
20260531 202639.990 INFO             PET0     ESMX_Driver: IInitModifyCplLists intro.
20260531 202639.990 INFO             PET0       >>>ESMX_Driver: entered Initialize (phase=<none>) with current time: 2012 10 24 18  0  0   0
20260531 202639.990 INFO             PET0       <<<ESMX_Driver: leaving Initialize (phase=<none>) with current time: 2012 10 24 18  0  0   0
20260531 202639.990 INFO             PET0     ESMX_Driver: IInitModifyCplLists extro.
20260531 202639.990 INFO             PET0     <<<ESMX_Driver: leaving Initialize (phase=<none>) with current time: 2012 10 24 18  0  0   0
20260531 202639.990 INFO             PET0   ESMX_Driver: InitializeIPDv02p1 extro.
20260531 202639.990 INFO             PET0   ESMX_Driver: InitializeIPDv02p3 intro.
20260531 202639.990 INFO             PET0     >>>ESMX_Driver: entered Initialize (phase=<none>) with current time: 2012 10 24 18  0  0   0
20260531 202639.990 INFO             PET0     ESMX_Driver: IInitCheck intro.
20260531 202639.991 INFO             PET0       >>>ESMX_Driver: entered Initialize (phase=<none>) with current time: 2012 10 24 18  0  0   0
20260531 202639.991 INFO             PET0       <<<ESMX_Driver: leaving Initialize (phase=<none>) with current time: 2012 10 24 18  0  0   0
20260531 202639.991 INFO             PET0     ESMX_Driver: IInitCheck extro.
20260531 202639.992 INFO             PET0     ESMX_Driver: IInitRealize intro.
20260531 202639.992 INFO             PET0       >>>ESMX_Driver: entered Initialize (phase=<none>) with current time: 2012 10 24 18  0  0   0
20260531 202639.992 INFO             PET0       <<<ESMX_Driver: leaving Initialize (phase=<none>) with current time: 2012 10 24 18  0  0   0
20260531 202639.992 INFO             PET0     ESMX_Driver: IInitRealize extro.
20260531 202639.993 INFO             PET0     <<<ESMX_Driver: leaving Initialize (phase=<none>) with current time: 2012 10 24 18  0  0   0
20260531 202639.993 INFO             PET0   ESMX_Driver: InitializeIPDv02p3 extro.
20260531 202639.993 INFO             PET0   ESMX_Driver: InitializeIPDv02p5 intro.
20260531 202639.993 INFO             PET0     >>>ESMX_Driver: entered Initialize (phase=<none>) with current time: 2012 10 24 18  0  0   0
20260531 202639.993 INFO             PET0     ESMX_Driver: InitializeIPDv02p5Data intro.
20260531 202639.993 INFO             PET0       >>>ESMX_Driver: entered Initialize (phase=<none>) with current time: 2012 10 24 18  0  0   0
20260531 202639.994 INFO             PET0       ESMX_Driver: InternalInitializeComplete intro.
20260531 202639.994 INFO             PET0         >>>ESMX_Driver: entered Initialize (phase=<none>) with current time: 2012 10 24 18  0  0   0
20260531 202639.994 INFO             PET0         <<<ESMX_Driver: leaving Initialize (phase=<none>) with current time: 2012 10 24 18  0  0   0
20260531 202639.994 INFO             PET0       ESMX_Driver: InternalInitializeComplete extro.
20260531 202639.995 INFO             PET0       ESMX_Driver: loopDataDependentInitialize intro.
20260531 202639.995 INFO             PET0         >>>ESMX_Driver: entered Initialize (phase=<none>) with current time: 2012 10 24 18  0  0   0
20260531 202639.995 INFO             PET0         <<<ESMX_Driver: leaving Initialize (phase=<none>) with current time: 2012 10 24 18  0  0   0
20260531 202639.995 INFO             PET0       ESMX_Driver: loopDataDependentInitialize extro.
20260531 202639.995 INFO             PET0       <<<ESMX_Driver: leaving Initialize (phase=<none>) with current time: 2012 10 24 18  0  0   0
20260531 202639.995 INFO             PET0     ESMX_Driver: InitializeIPDv02p5Data extro.
20260531 202639.995 INFO             PET0     <<<ESMX_Driver: leaving Initialize (phase=<none>) with current time: 2012 10 24 18  0  0   0
20260531 202639.995 INFO             PET0   ESMX_Driver: InitializeIPDv02p5 extro.
20260531 202639.995 INFO             PET0   <<<ESMX_Driver: leaving Initialize (phase=<none>) with current time: 2012 10 24 18  0  0   0
20260531 202639.995 INFO             PET0 ESMX_Driver: InitializeGeneric extro.
20260531 202639.995 INFO             PET0 ESMX_Driver: Run intro.
20260531 202639.995 INFO             PET0   >>>ESMX_Driver: entered Run (phase=RunPhase1) with current time: 2012 10 24 18  0  0   0
20260531 202639.996 INFO             PET0   Message from inside C component Advance() method
20260531 202640.069 INFO             PET0   model_state times_called: 1
20260531 202640.069 INFO             PET0   Message from inside C component Advance() method
20260531 202640.069 INFO             PET0   model_state times_called: 2
20260531 202640.070 INFO             PET0   Message from inside C component Advance() method
20260531 202640.071 INFO             PET0   model_state times_called: 3
20260531 202640.071 INFO             PET0   Message from inside C component Advance() method
20260531 202640.071 INFO             PET0   model_state times_called: 4
20260531 202640.071 INFO             PET0   <<<ESMX_Driver: leaving Run (phase=RunPhase1) with current time: 2012 10 24 19  0  0   0
20260531 202640.071 INFO             PET0 ESMX_Driver: Run extro.
20260531 202640.072 INFO             PET0 ESMX_Driver: Finalize intro.
20260531 202640.072 INFO             PET0   >>>ESMX_Driver: entered Finalize (phase=FinalizePhase1) with current time: 2012 10 24 19  0  0   0
20260531 202640.073 INFO             PET0   Calling Finalize phase 1 for modelComp: MDL
20260531 202640.073 INFO             PET0   Message from inside C component Finalize() method
20260531 202640.073 INFO             PET0   Delete modelComp: MDL
20260531 202640.073 INFO             PET0   <<<ESMX_Driver: leaving Finalize (phase=FinalizePhase1) with current time: 2012 10 24 19  0  0   0
20260531 202640.073 INFO             PET0 ESMX_Driver: Finalize extro.
20260531 202640.073 INFO             PET0 =============================================
20260531 202640.073 INFO             PET0 ESMX (Earth System Model eXecutable) FINISHED
20260531 202640.073 INFO             PET0 =============================================
20260531 202640.073 INFO             PET0  Finalizing ESMF
20260531 202638.741 INFO             PET1 !!!!!!!!!!!!!!!!!!!!!!!!!!!!!!!!!!!!!!!!!!!!!!!!!!!!!!
20260531 202638.747 INFO             PET1 !!! THE ESMF_LOG IS SET TO OUTPUT ALL LOG MESSAGES !!!
20260531 202638.747 INFO             PET1 !!!     THIS MAY CAUSE SLOWDOWN IN PERFORMANCE     !!!
20260531 202638.747 INFO             PET1 !!! FOR PRODUCTION RUNS, USE:                      !!!
20260531 202638.747 INFO             PET1 !!!                   ESMF_LOGKIND_Multi_On_Error  !!!
20260531 202638.747 INFO             PET1 !!!!!!!!!!!!!!!!!!!!!!!!!!!!!!!!!!!!!!!!!!!!!!!!!!!!!!
20260531 202638.747 INFO             PET1 Running with ESMF Version   : develop+gf183dd1f0b
20260531 202638.747 INFO             PET1 ESMF library build date/time: "May 31 2026" "19:19:34"
20260531 202638.747 INFO             PET1 ESMF library build location : /Users/sacks/projects/scratch/esmf-testing/gfortranclang_12.2.0_14.0.0_openmpi_g_develop/esmf
20260531 202638.747 INFO             PET1 ESMF_COMM                   : openmpi
20260531 202638.748 INFO             PET1 ESMF_MOAB                   : enabled
20260531 202638.748 INFO             PET1 ESMF_LAPACK                 : enabled
20260531 202638.748 INFO             PET1 ESMF_NETCDF                 : enabled
20260531 202638.748 INFO             PET1 ESMF_PNETCDF                : disabled
20260531 202638.748 INFO             PET1 ESMF_PIO                    : enabled
20260531 202638.748 INFO             PET1 ESMF_YAMLCPP                : enabled
20260531 202638.749 INFO             PET1 =============================================
20260531 202638.749 INFO             PET1 ESMX (Earth System Model eXecutable) STARTING
20260531 202638.749 INFO             PET1 =============================================
20260531 202638.754 DEBUG            PET1 Generic SetVM() is executing for: ESMX_Driver
20260531 202638.755 DEBUG            PET1 Generic SetVM() found no NUOPC Hint for: ESMX_Driver
20260531 202638.755 DEBUG            PET1 Generic SetVM() therefore is NOT calling ESMF_GridCompSetVMMaxPEs() for: ESMX_Driver
20260531 202638.758 INFO             PET1 ESMX_Driver: InitializeGeneric intro.
20260531 202638.758 INFO             PET1   >>>ESMX_Driver: entered Initialize (phase=<none>) without valid internal Clock.
20260531 202638.758 INFO             PET1   ESMX_Driver: InitializeP0 intro.
20260531 202638.759 INFO             PET1     >>>ESMX_Driver: entered Initialize (phase=<none>) without valid internal Clock.
20260531 202638.759 INFO             PET1     <<<ESMX_Driver: leaving Initialize (phase=<none>) without valid internal Clock.
20260531 202638.759 INFO             PET1   ESMX_Driver: InitializeP0 extro.
20260531 202638.759 INFO             PET1   ESMX_Driver: InitializeIPDv02p1 intro.
20260531 202638.759 INFO             PET1     >>>ESMX_Driver: entered Initialize (phase=<none>) without valid internal Clock.
20260531 202638.761 INFO             PET1     ESMX_Driver - Creating model component MDL without petList.
20260531 202638.963 DEBUG            PET1     Generic SetVM() is executing for: MDL
20260531 202638.963 DEBUG            PET1     Generic SetVM() found no NUOPC Hint for: MDL
20260531 202638.963 DEBUG            PET1     Generic SetVM() therefore is NOT calling ESMF_GridCompSetVMMaxPEs() for: MDL
20260531 202638.981 INFO             PET1     ESMX_Driver: IInitAdvertise intro.
20260531 202638.982 INFO             PET1       >>>ESMX_Driver: entered Initialize (phase=<none>) with current time: 2012 10 24 18  0  0   0
20260531 202638.982 INFO             PET1       <<<ESMX_Driver: leaving Initialize (phase=<none>) with current time: 2012 10 24 18  0  0   0
20260531 202638.982 INFO             PET1     ESMX_Driver: IInitAdvertise extro.
20260531 202638.982 INFO             PET1     Message from inside C component Advertise() method
20260531 202639.436 INFO             PET1     include("/Users/sacks/projects/scratch/esmf-testing/gfortranclang_12.2.0_14.0.0_openmpi_g_develop/nuopc-app-prototypes/ESMX_SingleModelInJuliaProto/SiMoCoJulia/simocojulia_model.jl")
20260531 202639.989 INFO             PET1     path to C library: /Users/sacks/projects/scratch/esmf-testing/gfortranclang_12.2.0_14.0.0_openmpi_g_develop/nuopc-app-prototypes/ESMX_SingleModelInJuliaProto/build/SiMoCoJulia/libSiMoCoJulia.dylib
20260531 202639.989 INFO             PET1     ESMX_Driver: IInitAdvertiseFinish intro.
20260531 202639.990 INFO             PET1       >>>ESMX_Driver: entered Initialize (phase=<none>) with current time: 2012 10 24 18  0  0   0
20260531 202639.990 INFO             PET1       <<<ESMX_Driver: leaving Initialize (phase=<none>) with current time: 2012 10 24 18  0  0   0
20260531 202639.990 INFO             PET1     ESMX_Driver: IInitAdvertiseFinish extro.
20260531 202639.990 INFO             PET1     ESMX_Driver: IInitModifyCplLists intro.
20260531 202639.990 INFO             PET1       >>>ESMX_Driver: entered Initialize (phase=<none>) with current time: 2012 10 24 18  0  0   0
20260531 202639.990 INFO             PET1       <<<ESMX_Driver: leaving Initialize (phase=<none>) with current time: 2012 10 24 18  0  0   0
20260531 202639.990 INFO             PET1     ESMX_Driver: IInitModifyCplLists extro.
20260531 202639.990 INFO             PET1     <<<ESMX_Driver: leaving Initialize (phase=<none>) with current time: 2012 10 24 18  0  0   0
20260531 202639.990 INFO             PET1   ESMX_Driver: InitializeIPDv02p1 extro.
20260531 202639.990 INFO             PET1   ESMX_Driver: InitializeIPDv02p3 intro.
20260531 202639.990 INFO             PET1     >>>ESMX_Driver: entered Initialize (phase=<none>) with current time: 2012 10 24 18  0  0   0
20260531 202639.990 INFO             PET1     ESMX_Driver: IInitCheck intro.
20260531 202639.990 INFO             PET1       >>>ESMX_Driver: entered Initialize (phase=<none>) with current time: 2012 10 24 18  0  0   0
20260531 202639.990 INFO             PET1       <<<ESMX_Driver: leaving Initialize (phase=<none>) with current time: 2012 10 24 18  0  0   0
20260531 202639.990 INFO             PET1     ESMX_Driver: IInitCheck extro.
20260531 202639.991 INFO             PET1     ESMX_Driver: IInitRealize intro.
20260531 202639.991 INFO             PET1       >>>ESMX_Driver: entered Initialize (phase=<none>) with current time: 2012 10 24 18  0  0   0
20260531 202639.991 INFO             PET1       <<<ESMX_Driver: leaving Initialize (phase=<none>) with current time: 2012 10 24 18  0  0   0
20260531 202639.991 INFO             PET1     ESMX_Driver: IInitRealize extro.
20260531 202639.991 INFO             PET1     <<<ESMX_Driver: leaving Initialize (phase=<none>) with current time: 2012 10 24 18  0  0   0
20260531 202639.991 INFO             PET1   ESMX_Driver: InitializeIPDv02p3 extro.
20260531 202639.991 INFO             PET1   ESMX_Driver: InitializeIPDv02p5 intro.
20260531 202639.991 INFO             PET1     >>>ESMX_Driver: entered Initialize (phase=<none>) with current time: 2012 10 24 18  0  0   0
20260531 202639.991 INFO             PET1     ESMX_Driver: InitializeIPDv02p5Data intro.
20260531 202639.991 INFO             PET1       >>>ESMX_Driver: entered Initialize (phase=<none>) with current time: 2012 10 24 18  0  0   0
20260531 202639.991 INFO             PET1       ESMX_Driver: InternalInitializeComplete intro.
20260531 202639.992 INFO             PET1         >>>ESMX_Driver: entered Initialize (phase=<none>) with current time: 2012 10 24 18  0  0   0
20260531 202639.992 INFO             PET1         <<<ESMX_Driver: leaving Initialize (phase=<none>) with current time: 2012 10 24 18  0  0   0
20260531 202639.992 INFO             PET1       ESMX_Driver: InternalInitializeComplete extro.
20260531 202639.995 INFO             PET1       ESMX_Driver: loopDataDependentInitialize intro.
20260531 202639.995 INFO             PET1         >>>ESMX_Driver: entered Initialize (phase=<none>) with current time: 2012 10 24 18  0  0   0
20260531 202639.995 INFO             PET1         <<<ESMX_Driver: leaving Initialize (phase=<none>) with current time: 2012 10 24 18  0  0   0
20260531 202639.995 INFO             PET1       ESMX_Driver: loopDataDependentInitialize extro.
20260531 202639.995 INFO             PET1       <<<ESMX_Driver: leaving Initialize (phase=<none>) with current time: 2012 10 24 18  0  0   0
20260531 202639.995 INFO             PET1     ESMX_Driver: InitializeIPDv02p5Data extro.
20260531 202639.995 INFO             PET1     <<<ESMX_Driver: leaving Initialize (phase=<none>) with current time: 2012 10 24 18  0  0   0
20260531 202639.995 INFO             PET1   ESMX_Driver: InitializeIPDv02p5 extro.
20260531 202639.995 INFO             PET1   <<<ESMX_Driver: leaving Initialize (phase=<none>) with current time: 2012 10 24 18  0  0   0
20260531 202639.995 INFO             PET1 ESMX_Driver: InitializeGeneric extro.
20260531 202639.995 INFO             PET1 ESMX_Driver: Run intro.
20260531 202639.995 INFO             PET1   >>>ESMX_Driver: entered Run (phase=RunPhase1) with current time: 2012 10 24 18  0  0   0
20260531 202639.996 INFO             PET1   Message from inside C component Advance() method
20260531 202640.069 INFO             PET1   model_state times_called: 1
20260531 202640.069 INFO             PET1   Message from inside C component Advance() method
20260531 202640.069 INFO             PET1   model_state times_called: 2
20260531 202640.070 INFO             PET1   Message from inside C component Advance() method
20260531 202640.070 INFO             PET1   model_state times_called: 3
20260531 202640.070 INFO             PET1   Message from inside C component Advance() method
20260531 202640.070 INFO             PET1   model_state times_called: 4
20260531 202640.070 INFO             PET1   <<<ESMX_Driver: leaving Run (phase=RunPhase1) with current time: 2012 10 24 19  0  0   0
20260531 202640.070 INFO             PET1 ESMX_Driver: Run extro.
20260531 202640.070 INFO             PET1 ESMX_Driver: Finalize intro.
20260531 202640.070 INFO             PET1   >>>ESMX_Driver: entered Finalize (phase=FinalizePhase1) with current time: 2012 10 24 19  0  0   0
20260531 202640.071 INFO             PET1   Calling Finalize phase 1 for modelComp: MDL
20260531 202640.071 INFO             PET1   Message from inside C component Finalize() method
20260531 202640.072 INFO             PET1   Delete modelComp: MDL
20260531 202640.072 INFO             PET1   <<<ESMX_Driver: leaving Finalize (phase=FinalizePhase1) with current time: 2012 10 24 19  0  0   0
20260531 202640.072 INFO             PET1 ESMX_Driver: Finalize extro.
20260531 202640.072 INFO             PET1 =============================================
20260531 202640.072 INFO             PET1 ESMX (Earth System Model eXecutable) FINISHED
20260531 202640.072 INFO             PET1 =============================================
20260531 202640.072 INFO             PET1  Finalizing ESMF
20260531 202638.741 INFO             PET2 !!!!!!!!!!!!!!!!!!!!!!!!!!!!!!!!!!!!!!!!!!!!!!!!!!!!!!
20260531 202638.748 INFO             PET2 !!! THE ESMF_LOG IS SET TO OUTPUT ALL LOG MESSAGES !!!
20260531 202638.748 INFO             PET2 !!!     THIS MAY CAUSE SLOWDOWN IN PERFORMANCE     !!!
20260531 202638.748 INFO             PET2 !!! FOR PRODUCTION RUNS, USE:                      !!!
20260531 202638.748 INFO             PET2 !!!                   ESMF_LOGKIND_Multi_On_Error  !!!
20260531 202638.748 INFO             PET2 !!!!!!!!!!!!!!!!!!!!!!!!!!!!!!!!!!!!!!!!!!!!!!!!!!!!!!
20260531 202638.748 INFO             PET2 Running with ESMF Version   : develop+gf183dd1f0b
20260531 202638.748 INFO             PET2 ESMF library build date/time: "May 31 2026" "19:19:34"
20260531 202638.748 INFO             PET2 ESMF library build location : /Users/sacks/projects/scratch/esmf-testing/gfortranclang_12.2.0_14.0.0_openmpi_g_develop/esmf
20260531 202638.748 INFO             PET2 ESMF_COMM                   : openmpi
20260531 202638.748 INFO             PET2 ESMF_MOAB                   : enabled
20260531 202638.748 INFO             PET2 ESMF_LAPACK                 : enabled
20260531 202638.748 INFO             PET2 ESMF_NETCDF                 : enabled
20260531 202638.748 INFO             PET2 ESMF_PNETCDF                : disabled
20260531 202638.748 INFO             PET2 ESMF_PIO                    : enabled
20260531 202638.748 INFO             PET2 ESMF_YAMLCPP                : enabled
20260531 202638.749 INFO             PET2 =============================================
20260531 202638.749 INFO             PET2 ESMX (Earth System Model eXecutable) STARTING
20260531 202638.749 INFO             PET2 =============================================
20260531 202638.755 DEBUG            PET2 Generic SetVM() is executing for: ESMX_Driver
20260531 202638.755 DEBUG            PET2 Generic SetVM() found no NUOPC Hint for: ESMX_Driver
20260531 202638.755 DEBUG            PET2 Generic SetVM() therefore is NOT calling ESMF_GridCompSetVMMaxPEs() for: ESMX_Driver
20260531 202638.758 INFO             PET2 ESMX_Driver: InitializeGeneric intro.
20260531 202638.758 INFO             PET2   >>>ESMX_Driver: entered Initialize (phase=<none>) without valid internal Clock.
20260531 202638.758 INFO             PET2   ESMX_Driver: InitializeP0 intro.
20260531 202638.758 INFO             PET2     >>>ESMX_Driver: entered Initialize (phase=<none>) without valid internal Clock.
20260531 202638.758 INFO             PET2     <<<ESMX_Driver: leaving Initialize (phase=<none>) without valid internal Clock.
20260531 202638.758 INFO             PET2   ESMX_Driver: InitializeP0 extro.
20260531 202638.759 INFO             PET2   ESMX_Driver: InitializeIPDv02p1 intro.
20260531 202638.759 INFO             PET2     >>>ESMX_Driver: entered Initialize (phase=<none>) without valid internal Clock.
20260531 202638.761 INFO             PET2     ESMX_Driver - Creating model component MDL without petList.
20260531 202638.963 DEBUG            PET2     Generic SetVM() is executing for: MDL
20260531 202638.963 DEBUG            PET2     Generic SetVM() found no NUOPC Hint for: MDL
20260531 202638.963 DEBUG            PET2     Generic SetVM() therefore is NOT calling ESMF_GridCompSetVMMaxPEs() for: MDL
20260531 202638.981 INFO             PET2     ESMX_Driver: IInitAdvertise intro.
20260531 202638.981 INFO             PET2       >>>ESMX_Driver: entered Initialize (phase=<none>) with current time: 2012 10 24 18  0  0   0
20260531 202638.981 INFO             PET2       <<<ESMX_Driver: leaving Initialize (phase=<none>) with current time: 2012 10 24 18  0  0   0
20260531 202638.981 INFO             PET2     ESMX_Driver: IInitAdvertise extro.
20260531 202638.982 INFO             PET2     Message from inside C component Advertise() method
20260531 202639.394 INFO             PET2     include("/Users/sacks/projects/scratch/esmf-testing/gfortranclang_12.2.0_14.0.0_openmpi_g_develop/nuopc-app-prototypes/ESMX_SingleModelInJuliaProto/SiMoCoJulia/simocojulia_model.jl")
20260531 202639.989 INFO             PET2     path to C library: /Users/sacks/projects/scratch/esmf-testing/gfortranclang_12.2.0_14.0.0_openmpi_g_develop/nuopc-app-prototypes/ESMX_SingleModelInJuliaProto/build/SiMoCoJulia/libSiMoCoJulia.dylib
20260531 202639.989 INFO             PET2     ESMX_Driver: IInitAdvertiseFinish intro.
20260531 202639.990 INFO             PET2       >>>ESMX_Driver: entered Initialize (phase=<none>) with current time: 2012 10 24 18  0  0   0
20260531 202639.990 INFO             PET2       <<<ESMX_Driver: leaving Initialize (phase=<none>) with current time: 2012 10 24 18  0  0   0
20260531 202639.990 INFO             PET2     ESMX_Driver: IInitAdvertiseFinish extro.
20260531 202639.990 INFO             PET2     ESMX_Driver: IInitModifyCplLists intro.
20260531 202639.990 INFO             PET2       >>>ESMX_Driver: entered Initialize (phase=<none>) with current time: 2012 10 24 18  0  0   0
20260531 202639.990 INFO             PET2       <<<ESMX_Driver: leaving Initialize (phase=<none>) with current time: 2012 10 24 18  0  0   0
20260531 202639.990 INFO             PET2     ESMX_Driver: IInitModifyCplLists extro.
20260531 202639.990 INFO             PET2     <<<ESMX_Driver: leaving Initialize (phase=<none>) with current time: 2012 10 24 18  0  0   0
20260531 202639.990 INFO             PET2   ESMX_Driver: InitializeIPDv02p1 extro.
20260531 202639.990 INFO             PET2   ESMX_Driver: InitializeIPDv02p3 intro.
20260531 202639.990 INFO             PET2     >>>ESMX_Driver: entered Initialize (phase=<none>) with current time: 2012 10 24 18  0  0   0
20260531 202639.990 INFO             PET2     ESMX_Driver: IInitCheck intro.
20260531 202639.990 INFO             PET2       >>>ESMX_Driver: entered Initialize (phase=<none>) with current time: 2012 10 24 18  0  0   0
20260531 202639.991 INFO             PET2       <<<ESMX_Driver: leaving Initialize (phase=<none>) with current time: 2012 10 24 18  0  0   0
20260531 202639.991 INFO             PET2     ESMX_Driver: IInitCheck extro.
20260531 202639.991 INFO             PET2     ESMX_Driver: IInitRealize intro.
20260531 202639.991 INFO             PET2       >>>ESMX_Driver: entered Initialize (phase=<none>) with current time: 2012 10 24 18  0  0   0
20260531 202639.991 INFO             PET2       <<<ESMX_Driver: leaving Initialize (phase=<none>) with current time: 2012 10 24 18  0  0   0
20260531 202639.991 INFO             PET2     ESMX_Driver: IInitRealize extro.
20260531 202639.991 INFO             PET2     <<<ESMX_Driver: leaving Initialize (phase=<none>) with current time: 2012 10 24 18  0  0   0
20260531 202639.991 INFO             PET2   ESMX_Driver: InitializeIPDv02p3 extro.
20260531 202639.991 INFO             PET2   ESMX_Driver: InitializeIPDv02p5 intro.
20260531 202639.991 INFO             PET2     >>>ESMX_Driver: entered Initialize (phase=<none>) with current time: 2012 10 24 18  0  0   0
20260531 202639.991 INFO             PET2     ESMX_Driver: InitializeIPDv02p5Data intro.
20260531 202639.991 INFO             PET2       >>>ESMX_Driver: entered Initialize (phase=<none>) with current time: 2012 10 24 18  0  0   0
20260531 202639.991 INFO             PET2       ESMX_Driver: InternalInitializeComplete intro.
20260531 202639.992 INFO             PET2         >>>ESMX_Driver: entered Initialize (phase=<none>) with current time: 2012 10 24 18  0  0   0
20260531 202639.992 INFO             PET2         <<<ESMX_Driver: leaving Initialize (phase=<none>) with current time: 2012 10 24 18  0  0   0
20260531 202639.992 INFO             PET2       ESMX_Driver: InternalInitializeComplete extro.
20260531 202639.995 INFO             PET2       ESMX_Driver: loopDataDependentInitialize intro.
20260531 202639.995 INFO             PET2         >>>ESMX_Driver: entered Initialize (phase=<none>) with current time: 2012 10 24 18  0  0   0
20260531 202639.995 INFO             PET2         <<<ESMX_Driver: leaving Initialize (phase=<none>) with current time: 2012 10 24 18  0  0   0
20260531 202639.995 INFO             PET2       ESMX_Driver: loopDataDependentInitialize extro.
20260531 202639.995 INFO             PET2       <<<ESMX_Driver: leaving Initialize (phase=<none>) with current time: 2012 10 24 18  0  0   0
20260531 202639.995 INFO             PET2     ESMX_Driver: InitializeIPDv02p5Data extro.
20260531 202639.995 INFO             PET2     <<<ESMX_Driver: leaving Initialize (phase=<none>) with current time: 2012 10 24 18  0  0   0
20260531 202639.995 INFO             PET2   ESMX_Driver: InitializeIPDv02p5 extro.
20260531 202639.995 INFO             PET2   <<<ESMX_Driver: leaving Initialize (phase=<none>) with current time: 2012 10 24 18  0  0   0
20260531 202639.995 INFO             PET2 ESMX_Driver: InitializeGeneric extro.
20260531 202639.995 INFO             PET2 ESMX_Driver: Run intro.
20260531 202639.995 INFO             PET2   >>>ESMX_Driver: entered Run (phase=RunPhase1) with current time: 2012 10 24 18  0  0   0
20260531 202639.996 INFO             PET2   Message from inside C component Advance() method
20260531 202640.063 INFO             PET2   model_state times_called: 1
20260531 202640.064 INFO             PET2   Message from inside C component Advance() method
20260531 202640.064 INFO             PET2   model_state times_called: 2
20260531 202640.065 INFO             PET2   Message from inside C component Advance() method
20260531 202640.065 INFO             PET2   model_state times_called: 3
20260531 202640.065 INFO             PET2   Message from inside C component Advance() method
20260531 202640.065 INFO             PET2   model_state times_called: 4
20260531 202640.065 INFO             PET2   <<<ESMX_Driver: leaving Run (phase=RunPhase1) with current time: 2012 10 24 19  0  0   0
20260531 202640.065 INFO             PET2 ESMX_Driver: Run extro.
20260531 202640.070 INFO             PET2 ESMX_Driver: Finalize intro.
20260531 202640.070 INFO             PET2   >>>ESMX_Driver: entered Finalize (phase=FinalizePhase1) with current time: 2012 10 24 19  0  0   0
20260531 202640.070 INFO             PET2   Calling Finalize phase 1 for modelComp: MDL
20260531 202640.070 INFO             PET2   Message from inside C component Finalize() method
20260531 202640.071 INFO             PET2   Delete modelComp: MDL
20260531 202640.071 INFO             PET2   <<<ESMX_Driver: leaving Finalize (phase=FinalizePhase1) with current time: 2012 10 24 19  0  0   0
20260531 202640.071 INFO             PET2 ESMX_Driver: Finalize extro.
20260531 202640.071 INFO             PET2 =============================================
20260531 202640.071 INFO             PET2 ESMX (Earth System Model eXecutable) FINISHED
20260531 202640.073 INFO             PET2 =============================================
20260531 202640.073 INFO             PET2  Finalizing ESMF
20260531 202638.742 INFO             PET3 !!!!!!!!!!!!!!!!!!!!!!!!!!!!!!!!!!!!!!!!!!!!!!!!!!!!!!
20260531 202638.747 INFO             PET3 !!! THE ESMF_LOG IS SET TO OUTPUT ALL LOG MESSAGES !!!
20260531 202638.747 INFO             PET3 !!!     THIS MAY CAUSE SLOWDOWN IN PERFORMANCE     !!!
20260531 202638.747 INFO             PET3 !!! FOR PRODUCTION RUNS, USE:                      !!!
20260531 202638.747 INFO             PET3 !!!                   ESMF_LOGKIND_Multi_On_Error  !!!
20260531 202638.747 INFO             PET3 !!!!!!!!!!!!!!!!!!!!!!!!!!!!!!!!!!!!!!!!!!!!!!!!!!!!!!
20260531 202638.747 INFO             PET3 Running with ESMF Version   : develop+gf183dd1f0b
20260531 202638.747 INFO             PET3 ESMF library build date/time: "May 31 2026" "19:19:34"
20260531 202638.747 INFO             PET3 ESMF library build location : /Users/sacks/projects/scratch/esmf-testing/gfortranclang_12.2.0_14.0.0_openmpi_g_develop/esmf
20260531 202638.747 INFO             PET3 ESMF_COMM                   : openmpi
20260531 202638.748 INFO             PET3 ESMF_MOAB                   : enabled
20260531 202638.748 INFO             PET3 ESMF_LAPACK                 : enabled
20260531 202638.748 INFO             PET3 ESMF_NETCDF                 : enabled
20260531 202638.748 INFO             PET3 ESMF_PNETCDF                : disabled
20260531 202638.748 INFO             PET3 ESMF_PIO                    : enabled
20260531 202638.748 INFO             PET3 ESMF_YAMLCPP                : enabled
20260531 202638.749 INFO             PET3 =============================================
20260531 202638.749 INFO             PET3 ESMX (Earth System Model eXecutable) STARTING
20260531 202638.749 INFO             PET3 =============================================
20260531 202638.754 DEBUG            PET3 Generic SetVM() is executing for: ESMX_Driver
20260531 202638.755 DEBUG            PET3 Generic SetVM() found no NUOPC Hint for: ESMX_Driver
20260531 202638.755 DEBUG            PET3 Generic SetVM() therefore is NOT calling ESMF_GridCompSetVMMaxPEs() for: ESMX_Driver
20260531 202638.758 INFO             PET3 ESMX_Driver: InitializeGeneric intro.
20260531 202638.758 INFO             PET3   >>>ESMX_Driver: entered Initialize (phase=<none>) without valid internal Clock.
20260531 202638.758 INFO             PET3   ESMX_Driver: InitializeP0 intro.
20260531 202638.758 INFO             PET3     >>>ESMX_Driver: entered Initialize (phase=<none>) without valid internal Clock.
20260531 202638.758 INFO             PET3     <<<ESMX_Driver: leaving Initialize (phase=<none>) without valid internal Clock.
20260531 202638.759 INFO             PET3   ESMX_Driver: InitializeP0 extro.
20260531 202638.759 INFO             PET3   ESMX_Driver: InitializeIPDv02p1 intro.
20260531 202638.759 INFO             PET3     >>>ESMX_Driver: entered Initialize (phase=<none>) without valid internal Clock.
20260531 202638.761 INFO             PET3     ESMX_Driver - Creating model component MDL without petList.
20260531 202638.963 DEBUG            PET3     Generic SetVM() is executing for: MDL
20260531 202638.963 DEBUG            PET3     Generic SetVM() found no NUOPC Hint for: MDL
20260531 202638.963 DEBUG            PET3     Generic SetVM() therefore is NOT calling ESMF_GridCompSetVMMaxPEs() for: MDL
20260531 202638.981 INFO             PET3     ESMX_Driver: IInitAdvertise intro.
20260531 202638.982 INFO             PET3       >>>ESMX_Driver: entered Initialize (phase=<none>) with current time: 2012 10 24 18  0  0   0
20260531 202638.982 INFO             PET3       <<<ESMX_Driver: leaving Initialize (phase=<none>) with current time: 2012 10 24 18  0  0   0
20260531 202638.982 INFO             PET3     ESMX_Driver: IInitAdvertise extro.
20260531 202638.982 INFO             PET3     Message from inside C component Advertise() method
20260531 202639.396 INFO             PET3     include("/Users/sacks/projects/scratch/esmf-testing/gfortranclang_12.2.0_14.0.0_openmpi_g_develop/nuopc-app-prototypes/ESMX_SingleModelInJuliaProto/SiMoCoJulia/simocojulia_model.jl")
20260531 202639.989 INFO             PET3     path to C library: /Users/sacks/projects/scratch/esmf-testing/gfortranclang_12.2.0_14.0.0_openmpi_g_develop/nuopc-app-prototypes/ESMX_SingleModelInJuliaProto/build/SiMoCoJulia/libSiMoCoJulia.dylib
20260531 202639.989 INFO             PET3     ESMX_Driver: IInitAdvertiseFinish intro.
20260531 202639.990 INFO             PET3       >>>ESMX_Driver: entered Initialize (phase=<none>) with current time: 2012 10 24 18  0  0   0
20260531 202639.990 INFO             PET3       <<<ESMX_Driver: leaving Initialize (phase=<none>) with current time: 2012 10 24 18  0  0   0
20260531 202639.990 INFO             PET3     ESMX_Driver: IInitAdvertiseFinish extro.
20260531 202639.990 INFO             PET3     ESMX_Driver: IInitModifyCplLists intro.
20260531 202639.990 INFO             PET3       >>>ESMX_Driver: entered Initialize (phase=<none>) with current time: 2012 10 24 18  0  0   0
20260531 202639.990 INFO             PET3       <<<ESMX_Driver: leaving Initialize (phase=<none>) with current time: 2012 10 24 18  0  0   0
20260531 202639.990 INFO             PET3     ESMX_Driver: IInitModifyCplLists extro.
20260531 202639.990 INFO             PET3     <<<ESMX_Driver: leaving Initialize (phase=<none>) with current time: 2012 10 24 18  0  0   0
20260531 202639.990 INFO             PET3   ESMX_Driver: InitializeIPDv02p1 extro.
20260531 202639.990 INFO             PET3   ESMX_Driver: InitializeIPDv02p3 intro.
20260531 202639.990 INFO             PET3     >>>ESMX_Driver: entered Initialize (phase=<none>) with current time: 2012 10 24 18  0  0   0
20260531 202639.990 INFO             PET3     ESMX_Driver: IInitCheck intro.
20260531 202639.990 INFO             PET3       >>>ESMX_Driver: entered Initialize (phase=<none>) with current time: 2012 10 24 18  0  0   0
20260531 202639.990 INFO             PET3       <<<ESMX_Driver: leaving Initialize (phase=<none>) with current time: 2012 10 24 18  0  0   0
20260531 202639.990 INFO             PET3     ESMX_Driver: IInitCheck extro.
20260531 202639.991 INFO             PET3     ESMX_Driver: IInitRealize intro.
20260531 202639.991 INFO             PET3       >>>ESMX_Driver: entered Initialize (phase=<none>) with current time: 2012 10 24 18  0  0   0
20260531 202639.991 INFO             PET3       <<<ESMX_Driver: leaving Initialize (phase=<none>) with current time: 2012 10 24 18  0  0   0
20260531 202639.991 INFO             PET3     ESMX_Driver: IInitRealize extro.
20260531 202639.991 INFO             PET3     <<<ESMX_Driver: leaving Initialize (phase=<none>) with current time: 2012 10 24 18  0  0   0
20260531 202639.991 INFO             PET3   ESMX_Driver: InitializeIPDv02p3 extro.
20260531 202639.991 INFO             PET3   ESMX_Driver: InitializeIPDv02p5 intro.
20260531 202639.991 INFO             PET3     >>>ESMX_Driver: entered Initialize (phase=<none>) with current time: 2012 10 24 18  0  0   0
20260531 202639.991 INFO             PET3     ESMX_Driver: InitializeIPDv02p5Data intro.
20260531 202639.991 INFO             PET3       >>>ESMX_Driver: entered Initialize (phase=<none>) with current time: 2012 10 24 18  0  0   0
20260531 202639.991 INFO             PET3       ESMX_Driver: InternalInitializeComplete intro.
20260531 202639.992 INFO             PET3         >>>ESMX_Driver: entered Initialize (phase=<none>) with current time: 2012 10 24 18  0  0   0
20260531 202639.992 INFO             PET3         <<<ESMX_Driver: leaving Initialize (phase=<none>) with current time: 2012 10 24 18  0  0   0
20260531 202639.992 INFO             PET3       ESMX_Driver: InternalInitializeComplete extro.
20260531 202639.995 INFO             PET3       ESMX_Driver: loopDataDependentInitialize intro.
20260531 202639.995 INFO             PET3         >>>ESMX_Driver: entered Initialize (phase=<none>) with current time: 2012 10 24 18  0  0   0
20260531 202639.995 INFO             PET3         <<<ESMX_Driver: leaving Initialize (phase=<none>) with current time: 2012 10 24 18  0  0   0
20260531 202639.995 INFO             PET3       ESMX_Driver: loopDataDependentInitialize extro.
20260531 202639.995 INFO             PET3       <<<ESMX_Driver: leaving Initialize (phase=<none>) with current time: 2012 10 24 18  0  0   0
20260531 202639.995 INFO             PET3     ESMX_Driver: InitializeIPDv02p5Data extro.
20260531 202639.995 INFO             PET3     <<<ESMX_Driver: leaving Initialize (phase=<none>) with current time: 2012 10 24 18  0  0   0
20260531 202639.995 INFO             PET3   ESMX_Driver: InitializeIPDv02p5 extro.
20260531 202639.995 INFO             PET3   <<<ESMX_Driver: leaving Initialize (phase=<none>) with current time: 2012 10 24 18  0  0   0
20260531 202639.995 INFO             PET3 ESMX_Driver: InitializeGeneric extro.
20260531 202639.995 INFO             PET3 ESMX_Driver: Run intro.
20260531 202639.995 INFO             PET3   >>>ESMX_Driver: entered Run (phase=RunPhase1) with current time: 2012 10 24 18  0  0   0
20260531 202639.996 INFO             PET3   Message from inside C component Advance() method
20260531 202640.064 INFO             PET3   model_state times_called: 1
20260531 202640.065 INFO             PET3   Message from inside C component Advance() method
20260531 202640.065 INFO             PET3   model_state times_called: 2
20260531 202640.065 INFO             PET3   Message from inside C component Advance() method
20260531 202640.065 INFO             PET3   model_state times_called: 3
20260531 202640.066 INFO             PET3   Message from inside C component Advance() method
20260531 202640.066 INFO             PET3   model_state times_called: 4
20260531 202640.066 INFO             PET3   <<<ESMX_Driver: leaving Run (phase=RunPhase1) with current time: 2012 10 24 19  0  0   0
20260531 202640.066 INFO             PET3 ESMX_Driver: Run extro.
20260531 202640.067 INFO             PET3 ESMX_Driver: Finalize intro.
20260531 202640.067 INFO             PET3   >>>ESMX_Driver: entered Finalize (phase=FinalizePhase1) with current time: 2012 10 24 19  0  0   0
20260531 202640.067 INFO             PET3   Calling Finalize phase 1 for modelComp: MDL
20260531 202640.071 INFO             PET3   Message from inside C component Finalize() method
20260531 202640.072 INFO             PET3   Delete modelComp: MDL
20260531 202640.072 INFO             PET3   <<<ESMX_Driver: leaving Finalize (phase=FinalizePhase1) with current time: 2012 10 24 19  0  0   0
20260531 202640.072 INFO             PET3 ESMX_Driver: Finalize extro.
20260531 202640.072 INFO             PET3 =============================================
20260531 202640.072 INFO             PET3 ESMX (Earth System Model eXecutable) FINISHED
20260531 202640.072 INFO             PET3 =============================================
20260531 202640.072 INFO             PET3  Finalizing ESMF
