2026-07-11 01:02:25
20260711 023639.482 INFO             PET0 !!!!!!!!!!!!!!!!!!!!!!!!!!!!!!!!!!!!!!!!!!!!!!!!!!!!!!
20260711 023639.483 INFO             PET0 !!! THE ESMF_LOG IS SET TO OUTPUT ALL LOG MESSAGES !!!
20260711 023639.483 INFO             PET0 !!!     THIS MAY CAUSE SLOWDOWN IN PERFORMANCE     !!!
20260711 023639.483 INFO             PET0 !!! FOR PRODUCTION RUNS, USE:                      !!!
20260711 023639.483 INFO             PET0 !!!                   ESMF_LOGKIND_Multi_On_Error  !!!
20260711 023639.483 INFO             PET0 !!!!!!!!!!!!!!!!!!!!!!!!!!!!!!!!!!!!!!!!!!!!!!!!!!!!!!
20260711 023639.483 INFO             PET0 Running with ESMF Version   : develop+gf1c7bb6d5f
20260711 023639.483 INFO             PET0 ESMF library build date/time: "Jul 11 2026" "00:56:48"
20260711 023639.483 INFO             PET0 ESMF library build location : /project/esmf/ESMF-Nightly-Testing-Bighorn/gfortran_8.2.0_mpiuni_O_develop/esmf
20260711 023639.483 INFO             PET0 ESMF_COMM                   : mpiuni
20260711 023639.483 INFO             PET0 ESMF_MOAB                   : enabled
20260711 023639.483 INFO             PET0 ESMF_LAPACK                 : enabled
20260711 023639.483 INFO             PET0 ESMF_NETCDF                 : enabled
20260711 023639.483 INFO             PET0 ESMF_PNETCDF                : disabled
20260711 023639.483 INFO             PET0 ESMF_PIO                    : enabled
20260711 023639.483 INFO             PET0 ESMF_YAMLCPP                : enabled
20260711 023639.483 INFO             PET0  NUMBER_OF_PROCESSORS           1
20260711 023639.483 INFO             PET0  PASS  Example ESMF_VMUserMpiCommMultiEx, ESMF_VMUserMpiCommMultiEx.F90, line 126
20260711 023639.483 INFO             PET0  Finalizing ESMF with endflag==ESMF_END_KEEPMPI
