2026-07-29 00:35:21
20260729 010511.599 INFO             PET0 !!!!!!!!!!!!!!!!!!!!!!!!!!!!!!!!!!!!!!!!!!!!!!!!!!!!!!
20260729 010511.599 INFO             PET0 !!! THE ESMF_LOG IS SET TO OUTPUT ALL LOG MESSAGES !!!
20260729 010511.599 INFO             PET0 !!!     THIS MAY CAUSE SLOWDOWN IN PERFORMANCE     !!!
20260729 010511.599 INFO             PET0 !!! FOR PRODUCTION RUNS, USE:                      !!!
20260729 010511.599 INFO             PET0 !!!                   ESMF_LOGKIND_Multi_On_Error  !!!
20260729 010511.599 INFO             PET0 !!!!!!!!!!!!!!!!!!!!!!!!!!!!!!!!!!!!!!!!!!!!!!!!!!!!!!
20260729 010511.599 INFO             PET0 Running with ESMF Version   : develop+g6f2cfc7ce0
20260729 010511.599 INFO             PET0 ESMF library build date/time: "Jul 29 2026" "00:33:22"
20260729 010511.599 INFO             PET0 ESMF library build location : /project/esmf/ESMF-Nightly-Testing-Bighorn/gfortran_8.2.0_mpiuni_O_develop/esmf
20260729 010511.599 INFO             PET0 ESMF_COMM                   : mpiuni
20260729 010511.599 INFO             PET0 ESMF_MOAB                   : enabled
20260729 010511.599 INFO             PET0 ESMF_LAPACK                 : enabled
20260729 010511.599 INFO             PET0 ESMF_NETCDF                 : enabled
20260729 010511.599 INFO             PET0 ESMF_PNETCDF                : disabled
20260729 010511.599 INFO             PET0 ESMF_PIO                    : enabled
20260729 010511.599 INFO             PET0 ESMF_YAMLCPP                : enabled
20260729 010511.600 INFO             PET0  NUMBER_OF_PROCESSORS           1
20260729 010511.600 INFO             PET0  PASS  Example ESMF_InfoGetFromHostEx, ESMF_InfoGetFromHostEx.F90, line 112
20260729 010511.600 INFO             PET0  Finalizing ESMF
