2026-08-07 01:00:30
20260807 023108.536 INFO             PET0 !!!!!!!!!!!!!!!!!!!!!!!!!!!!!!!!!!!!!!!!!!!!!!!!!!!!!!
20260807 023108.536 INFO             PET0 !!! THE ESMF_LOG IS SET TO OUTPUT ALL LOG MESSAGES !!!
20260807 023108.536 INFO             PET0 !!!     THIS MAY CAUSE SLOWDOWN IN PERFORMANCE     !!!
20260807 023108.536 INFO             PET0 !!! FOR PRODUCTION RUNS, USE:                      !!!
20260807 023108.536 INFO             PET0 !!!                   ESMF_LOGKIND_Multi_On_Error  !!!
20260807 023108.536 INFO             PET0 !!!!!!!!!!!!!!!!!!!!!!!!!!!!!!!!!!!!!!!!!!!!!!!!!!!!!!
20260807 023108.536 INFO             PET0 Running with ESMF Version   : develop+g432bc4507e
20260807 023108.536 INFO             PET0 ESMF library build date/time: "Aug  7 2026" "00:55:13"
20260807 023108.536 INFO             PET0 ESMF library build location : /project/esmf/ESMF-Nightly-Testing-Bighorn/gfortran_8.2.0_mpiuni_O_develop/esmf
20260807 023108.536 INFO             PET0 ESMF_COMM                   : mpiuni
20260807 023108.537 INFO             PET0 ESMF_MOAB                   : enabled
20260807 023108.537 INFO             PET0 ESMF_LAPACK                 : enabled
20260807 023108.537 INFO             PET0 ESMF_NETCDF                 : enabled
20260807 023108.537 INFO             PET0 ESMF_PNETCDF                : disabled
20260807 023108.537 INFO             PET0 ESMF_PIO                    : enabled
20260807 023108.537 INFO             PET0 ESMF_YAMLCPP                : enabled
20260807 023108.545 INFO             PET0  NUMBER_OF_PROCESSORS           1
20260807 023108.545 INFO             PET0  PASS  Example ESMF_XGridSparseMatEx, ESMF_XGridSparseMatEx.F90, line 642
20260807 023108.545 INFO             PET0  Finalizing ESMF
