2026-06-20 01:35:28
20260620 022019.522 INFO             PET0 !!!!!!!!!!!!!!!!!!!!!!!!!!!!!!!!!!!!!!!!!!!!!!!!!!!!!!
20260620 022019.522 INFO             PET0 !!! THE ESMF_LOG IS SET TO OUTPUT ALL LOG MESSAGES !!!
20260620 022019.522 INFO             PET0 !!!     THIS MAY CAUSE SLOWDOWN IN PERFORMANCE     !!!
20260620 022019.522 INFO             PET0 !!! FOR PRODUCTION RUNS, USE:                      !!!
20260620 022019.522 INFO             PET0 !!!                   ESMF_LOGKIND_Multi_On_Error  !!!
20260620 022019.522 INFO             PET0 !!!!!!!!!!!!!!!!!!!!!!!!!!!!!!!!!!!!!!!!!!!!!!!!!!!!!!
20260620 022019.522 INFO             PET0 Running with ESMF Version   : feature/refresh-bmauer-c_dynmask_interface+gd740766d08
20260620 022019.522 INFO             PET0 ESMF library build date/time: "Jun 20 2026" "01:33:00"
20260620 022019.522 INFO             PET0 ESMF library build location : /glade/derecho/scratch/sacks/esmf-testing/gfortran_12.2.0_pio2.6.2_mpi_g_feature_refresh-bmauer-c_dynmask_interface/esmf
20260620 022019.522 INFO             PET0 ESMF_COMM                   : mpi
20260620 022019.523 INFO             PET0 ESMF_MOAB                   : enabled
20260620 022019.523 INFO             PET0 ESMF_LAPACK                 : enabled
20260620 022019.523 INFO             PET0 ESMF_NETCDF                 : enabled
20260620 022019.523 INFO             PET0 ESMF_PNETCDF                : disabled
20260620 022019.523 INFO             PET0 ESMF_PIO                    : enabled
20260620 022019.523 INFO             PET0 ESMF_YAMLCPP                : enabled
20260620 022019.526 INFO             PET0 =============================================
20260620 022019.526 INFO             PET0 ESMX (Earth System Model eXecutable) STARTING
20260620 022019.526 INFO             PET0 =============================================
20260620 022019.532 DEBUG            PET0 Generic SetVM() is executing for: ESMX_Driver
20260620 022019.533 DEBUG            PET0 Generic SetVM() found no NUOPC Hint for: ESMX_Driver
20260620 022019.533 DEBUG            PET0 Generic SetVM() therefore is NOT calling ESMF_GridCompSetVMMaxPEs() for: ESMX_Driver
20260620 022019.541 INFO             PET0 =============================================
20260620 022019.541 INFO             PET0 ESMX (Earth System Model eXecutable) FINISHED
20260620 022019.541 INFO             PET0 =============================================
20260620 022019.541 INFO             PET0  Finalizing ESMF
20260620 022019.523 INFO             PET1 !!!!!!!!!!!!!!!!!!!!!!!!!!!!!!!!!!!!!!!!!!!!!!!!!!!!!!
20260620 022019.523 INFO             PET1 !!! THE ESMF_LOG IS SET TO OUTPUT ALL LOG MESSAGES !!!
20260620 022019.523 INFO             PET1 !!!     THIS MAY CAUSE SLOWDOWN IN PERFORMANCE     !!!
20260620 022019.523 INFO             PET1 !!! FOR PRODUCTION RUNS, USE:                      !!!
20260620 022019.523 INFO             PET1 !!!                   ESMF_LOGKIND_Multi_On_Error  !!!
20260620 022019.523 INFO             PET1 !!!!!!!!!!!!!!!!!!!!!!!!!!!!!!!!!!!!!!!!!!!!!!!!!!!!!!
20260620 022019.523 INFO             PET1 Running with ESMF Version   : feature/refresh-bmauer-c_dynmask_interface+gd740766d08
20260620 022019.523 INFO             PET1 ESMF library build date/time: "Jun 20 2026" "01:33:00"
20260620 022019.523 INFO             PET1 ESMF library build location : /glade/derecho/scratch/sacks/esmf-testing/gfortran_12.2.0_pio2.6.2_mpi_g_feature_refresh-bmauer-c_dynmask_interface/esmf
20260620 022019.523 INFO             PET1 ESMF_COMM                   : mpi
20260620 022019.523 INFO             PET1 ESMF_MOAB                   : enabled
20260620 022019.523 INFO             PET1 ESMF_LAPACK                 : enabled
20260620 022019.523 INFO             PET1 ESMF_NETCDF                 : enabled
20260620 022019.523 INFO             PET1 ESMF_PNETCDF                : disabled
20260620 022019.523 INFO             PET1 ESMF_PIO                    : enabled
20260620 022019.523 INFO             PET1 ESMF_YAMLCPP                : enabled
20260620 022019.526 INFO             PET1 =============================================
20260620 022019.526 INFO             PET1 ESMX (Earth System Model eXecutable) STARTING
20260620 022019.526 INFO             PET1 =============================================
20260620 022019.532 DEBUG            PET1 Generic SetVM() is executing for: ESMX_Driver
20260620 022019.533 DEBUG            PET1 Generic SetVM() found no NUOPC Hint for: ESMX_Driver
20260620 022019.533 DEBUG            PET1 Generic SetVM() therefore is NOT calling ESMF_GridCompSetVMMaxPEs() for: ESMX_Driver
20260620 022019.541 INFO             PET1 =============================================
20260620 022019.541 INFO             PET1 ESMX (Earth System Model eXecutable) FINISHED
20260620 022019.541 INFO             PET1 =============================================
20260620 022019.541 INFO             PET1  Finalizing ESMF
20260620 022019.522 INFO             PET2 !!!!!!!!!!!!!!!!!!!!!!!!!!!!!!!!!!!!!!!!!!!!!!!!!!!!!!
20260620 022019.522 INFO             PET2 !!! THE ESMF_LOG IS SET TO OUTPUT ALL LOG MESSAGES !!!
20260620 022019.522 INFO             PET2 !!!     THIS MAY CAUSE SLOWDOWN IN PERFORMANCE     !!!
20260620 022019.522 INFO             PET2 !!! FOR PRODUCTION RUNS, USE:                      !!!
20260620 022019.522 INFO             PET2 !!!                   ESMF_LOGKIND_Multi_On_Error  !!!
20260620 022019.522 INFO             PET2 !!!!!!!!!!!!!!!!!!!!!!!!!!!!!!!!!!!!!!!!!!!!!!!!!!!!!!
20260620 022019.522 INFO             PET2 Running with ESMF Version   : feature/refresh-bmauer-c_dynmask_interface+gd740766d08
20260620 022019.522 INFO             PET2 ESMF library build date/time: "Jun 20 2026" "01:33:00"
20260620 022019.522 INFO             PET2 ESMF library build location : /glade/derecho/scratch/sacks/esmf-testing/gfortran_12.2.0_pio2.6.2_mpi_g_feature_refresh-bmauer-c_dynmask_interface/esmf
20260620 022019.522 INFO             PET2 ESMF_COMM                   : mpi
20260620 022019.523 INFO             PET2 ESMF_MOAB                   : enabled
20260620 022019.523 INFO             PET2 ESMF_LAPACK                 : enabled
20260620 022019.523 INFO             PET2 ESMF_NETCDF                 : enabled
20260620 022019.523 INFO             PET2 ESMF_PNETCDF                : disabled
20260620 022019.523 INFO             PET2 ESMF_PIO                    : enabled
20260620 022019.523 INFO             PET2 ESMF_YAMLCPP                : enabled
20260620 022019.526 INFO             PET2 =============================================
20260620 022019.526 INFO             PET2 ESMX (Earth System Model eXecutable) STARTING
20260620 022019.526 INFO             PET2 =============================================
20260620 022019.532 DEBUG            PET2 Generic SetVM() is executing for: ESMX_Driver
20260620 022019.533 DEBUG            PET2 Generic SetVM() found no NUOPC Hint for: ESMX_Driver
20260620 022019.533 DEBUG            PET2 Generic SetVM() therefore is NOT calling ESMF_GridCompSetVMMaxPEs() for: ESMX_Driver
20260620 022019.541 INFO             PET2 =============================================
20260620 022019.541 INFO             PET2 ESMX (Earth System Model eXecutable) FINISHED
20260620 022019.541 INFO             PET2 =============================================
20260620 022019.541 INFO             PET2  Finalizing ESMF
20260620 022019.523 INFO             PET3 !!!!!!!!!!!!!!!!!!!!!!!!!!!!!!!!!!!!!!!!!!!!!!!!!!!!!!
20260620 022019.523 INFO             PET3 !!! THE ESMF_LOG IS SET TO OUTPUT ALL LOG MESSAGES !!!
20260620 022019.523 INFO             PET3 !!!     THIS MAY CAUSE SLOWDOWN IN PERFORMANCE     !!!
20260620 022019.523 INFO             PET3 !!! FOR PRODUCTION RUNS, USE:                      !!!
20260620 022019.523 INFO             PET3 !!!                   ESMF_LOGKIND_Multi_On_Error  !!!
20260620 022019.523 INFO             PET3 !!!!!!!!!!!!!!!!!!!!!!!!!!!!!!!!!!!!!!!!!!!!!!!!!!!!!!
20260620 022019.523 INFO             PET3 Running with ESMF Version   : feature/refresh-bmauer-c_dynmask_interface+gd740766d08
20260620 022019.523 INFO             PET3 ESMF library build date/time: "Jun 20 2026" "01:33:00"
20260620 022019.523 INFO             PET3 ESMF library build location : /glade/derecho/scratch/sacks/esmf-testing/gfortran_12.2.0_pio2.6.2_mpi_g_feature_refresh-bmauer-c_dynmask_interface/esmf
20260620 022019.523 INFO             PET3 ESMF_COMM                   : mpi
20260620 022019.523 INFO             PET3 ESMF_MOAB                   : enabled
20260620 022019.523 INFO             PET3 ESMF_LAPACK                 : enabled
20260620 022019.523 INFO             PET3 ESMF_NETCDF                 : enabled
20260620 022019.523 INFO             PET3 ESMF_PNETCDF                : disabled
20260620 022019.523 INFO             PET3 ESMF_PIO                    : enabled
20260620 022019.523 INFO             PET3 ESMF_YAMLCPP                : enabled
20260620 022019.526 INFO             PET3 =============================================
20260620 022019.526 INFO             PET3 ESMX (Earth System Model eXecutable) STARTING
20260620 022019.526 INFO             PET3 =============================================
20260620 022019.532 DEBUG            PET3 Generic SetVM() is executing for: ESMX_Driver
20260620 022019.533 DEBUG            PET3 Generic SetVM() found no NUOPC Hint for: ESMX_Driver
20260620 022019.533 DEBUG            PET3 Generic SetVM() therefore is NOT calling ESMF_GridCompSetVMMaxPEs() for: ESMX_Driver
20260620 022019.541 INFO             PET3 =============================================
20260620 022019.541 INFO             PET3 ESMX (Earth System Model eXecutable) FINISHED
20260620 022019.541 INFO             PET3 =============================================
20260620 022019.541 INFO             PET3  Finalizing ESMF
