 
Installing ESMF:
 
mkdir -p /discover/nobackup/projects/gmao/SIteam/ESMF_Testing/nvhpc_26.1_openmpi_g_develop/esmf/DEFAULTINSTALLDIR/include
cp -f /discover/nobackup/projects/gmao/SIteam/ESMF_Testing/nvhpc_26.1_openmpi_g_develop/esmf/src/include/NUOPC.h /discover/nobackup/projects/gmao/SIteam/ESMF_Testing/nvhpc_26.1_openmpi_g_develop/esmf/DEFAULTINSTALLDIR/include
cp -f /discover/nobackup/projects/gmao/SIteam/ESMF_Testing/nvhpc_26.1_openmpi_g_develop/esmf/src/include/ESMC.h /discover/nobackup/projects/gmao/SIteam/ESMF_Testing/nvhpc_26.1_openmpi_g_develop/esmf/DEFAULTINSTALLDIR/include
cp -f /discover/nobackup/projects/gmao/SIteam/ESMF_Testing/nvhpc_26.1_openmpi_g_develop/esmf/src/include/ESMC_*.h /discover/nobackup/projects/gmao/SIteam/ESMF_Testing/nvhpc_26.1_openmpi_g_develop/esmf/DEFAULTINSTALLDIR/include
cp -f /discover/nobackup/projects/gmao/SIteam/ESMF_Testing/nvhpc_26.1_openmpi_g_develop/esmf/build_config/Linux.nvhpc.default/ESMC_Conf.h /discover/nobackup/projects/gmao/SIteam/ESMF_Testing/nvhpc_26.1_openmpi_g_develop/esmf/DEFAULTINSTALLDIR/include
cp -fr /discover/nobackup/projects/gmao/SIteam/ESMF_Testing/nvhpc_26.1_openmpi_g_develop/esmf/src/addon/ESMX /discover/nobackup/projects/gmao/SIteam/ESMF_Testing/nvhpc_26.1_openmpi_g_develop/esmf/DEFAULTINSTALLDIR/include
mkdir -p /discover/nobackup/projects/gmao/SIteam/ESMF_Testing/nvhpc_26.1_openmpi_g_develop/esmf/DEFAULTINSTALLDIR/cmake
cp -f /discover/nobackup/projects/gmao/SIteam/ESMF_Testing/nvhpc_26.1_openmpi_g_develop/esmf/cmake/FindESMF.cmake /discover/nobackup/projects/gmao/SIteam/ESMF_Testing/nvhpc_26.1_openmpi_g_develop/esmf/DEFAULTINSTALLDIR/cmake
mkdir -p /discover/nobackup/projects/gmao/SIteam/ESMF_Testing/nvhpc_26.1_openmpi_g_develop/esmf/DEFAULTINSTALLDIR/mod/modg/Linux.nvhpc.64.openmpi.default
cp -f /discover/nobackup/projects/gmao/SIteam/ESMF_Testing/nvhpc_26.1_openmpi_g_develop/esmf/mod/modg/Linux.nvhpc.64.openmpi.default/*.mod /discover/nobackup/projects/gmao/SIteam/ESMF_Testing/nvhpc_26.1_openmpi_g_develop/esmf/DEFAULTINSTALLDIR/mod/modg/Linux.nvhpc.64.openmpi.default
mkdir -p /discover/nobackup/projects/gmao/SIteam/ESMF_Testing/nvhpc_26.1_openmpi_g_develop/esmf/DEFAULTINSTALLDIR/lib/libg/Linux.nvhpc.64.openmpi.default
cp -f /discover/nobackup/projects/gmao/SIteam/ESMF_Testing/nvhpc_26.1_openmpi_g_develop/esmf/lib/libg/Linux.nvhpc.64.openmpi.default/libesmf*.* /discover/nobackup/projects/gmao/SIteam/ESMF_Testing/nvhpc_26.1_openmpi_g_develop/esmf/DEFAULTINSTALLDIR/lib/libg/Linux.nvhpc.64.openmpi.default
make ESMF_PRELOADDIR=/discover/nobackup/projects/gmao/SIteam/ESMF_Testing/nvhpc_26.1_openmpi_g_develop/esmf/DEFAULTINSTALLDIR/lib/libg/Linux.nvhpc.64.openmpi.default build_preload_script
make[1]: Entering directory '/gpfsm/dnb10/projects/p50/ESMF_Testing/nvhpc_26.1_openmpi_g_develop/esmf'
chmod 755 /discover/nobackup/projects/gmao/SIteam/ESMF_Testing/nvhpc_26.1_openmpi_g_develop/esmf/DEFAULTINSTALLDIR/lib/libg/Linux.nvhpc.64.openmpi.default/preload.sh
make[1]: Leaving directory '/gpfsm/dnb10/projects/p50/ESMF_Testing/nvhpc_26.1_openmpi_g_develop/esmf'
ranlib /discover/nobackup/projects/gmao/SIteam/ESMF_Testing/nvhpc_26.1_openmpi_g_develop/esmf/DEFAULTINSTALLDIR/lib/libg/Linux.nvhpc.64.openmpi.default/libesmf*.a
make install_apps
make[1]: Entering directory '/gpfsm/dnb10/projects/p50/ESMF_Testing/nvhpc_26.1_openmpi_g_develop/esmf'
mkdir -p /discover/nobackup/projects/gmao/SIteam/ESMF_Testing/nvhpc_26.1_openmpi_g_develop/esmf/DEFAULTINSTALLDIR/bin/bing/Linux.nvhpc.64.openmpi.default
make build_apps ESMF_APPSDIR=/discover/nobackup/projects/gmao/SIteam/ESMF_Testing/nvhpc_26.1_openmpi_g_develop/esmf/DEFAULTINSTALLDIR/bin/bing/Linux.nvhpc.64.openmpi.default ESMF_LDIR=/discover/nobackup/projects/gmao/SIteam/ESMF_Testing/nvhpc_26.1_openmpi_g_develop/esmf/DEFAULTINSTALLDIR/lib/libg/Linux.nvhpc.64.openmpi.default ESMF_LIBDIR=/discover/nobackup/projects/gmao/SIteam/ESMF_Testing/nvhpc_26.1_openmpi_g_develop/esmf/DEFAULTINSTALLDIR/lib/libg/Linux.nvhpc.64.openmpi.default ESMF_MODDIR=/discover/nobackup/projects/gmao/SIteam/ESMF_Testing/nvhpc_26.1_openmpi_g_develop/esmf/DEFAULTINSTALLDIR/mod/modg/Linux.nvhpc.64.openmpi.default
make[2]: Entering directory '/gpfsm/dnb10/projects/p50/ESMF_Testing/nvhpc_26.1_openmpi_g_develop/esmf'
cd /discover/nobackup/projects/gmao/SIteam/ESMF_Testing/nvhpc_26.1_openmpi_g_develop/esmf/src/apps; make ACTION=tree_build_apps tree
make[3]: Entering directory '/gpfsm/dnb10/projects/p50/ESMF_Testing/nvhpc_26.1_openmpi_g_develop/esmf/src/apps'
tree_build_apps in: /discover/nobackup/projects/gmao/SIteam/ESMF_Testing/nvhpc_26.1_openmpi_g_develop/esmf/src/apps/ESMF_PrintInfo
make[4]: Entering directory '/gpfsm/dnb10/projects/p50/ESMF_Testing/nvhpc_26.1_openmpi_g_develop/esmf/src/apps/ESMF_PrintInfo'
make chkdir_locobj
make[5]: Entering directory '/gpfsm/dnb10/projects/p50/ESMF_Testing/nvhpc_26.1_openmpi_g_develop/esmf/src/apps/ESMF_PrintInfo'
Making directory /discover/nobackup/projects/gmao/SIteam/ESMF_Testing/nvhpc_26.1_openmpi_g_develop/esmf/obj/objg/Linux.nvhpc.64.openmpi.default/src/apps/ESMF_PrintInfo for apps output
make[5]: Leaving directory '/gpfsm/dnb10/projects/p50/ESMF_Testing/nvhpc_26.1_openmpi_g_develop/esmf/src/apps/ESMF_PrintInfo'
mpifort -c -g  -fpic -mcmodel=small -Mallocatable=03 -pthread  -mp -I/discover/nobackup/projects/gmao/SIteam/ESMF_Testing/nvhpc_26.1_openmpi_g_develop/esmf/src/apps/ESMF_PrintInfo -I/discover/nobackup/projects/gmao/SIteam/ESMF_Testing/nvhpc_26.1_openmpi_g_develop/esmf/build_config/Linux.nvhpc.default -I/discover/nobackup/projects/gmao/SIteam/ESMF_Testing/nvhpc_26.1_openmpi_g_develop/esmf/src/Infrastructure -I/discover/nobackup/projects/gmao/SIteam/ESMF_Testing/nvhpc_26.1_openmpi_g_develop/esmf/src/Superstructure -I/discover/nobackup/projects/gmao/SIteam/ESMF_Testing/nvhpc_26.1_openmpi_g_develop/esmf/DEFAULTINSTALLDIR/mod/modg/Linux.nvhpc.64.openmpi.default -I/discover/nobackup/projects/gmao/SIteam/ESMF_Testing/nvhpc_26.1_openmpi_g_develop/esmf/src/include   -DESMF_NO_INTEGER_1_BYTE -DESMF_NO_INTEGER_2_BYTE -DESMF_VERSION_STRING_GIT='"develop+g1082792c4b"' -DESMF_MOAB=1 -DESMF_LAPACK=1 -DESMF_LAPACK_INTERNAL=1 -DESMF_NO_ACC_SOFTWARE_STACK=1 -DYAML=ESMF_YAML -DESMF_YAMLCPP=1 -DESMF_NO_OPENACC -DESMF_TESTEXHAUSTIVE -DESMF_BOPT_g -DESMF_TESTPERFORMANCE -DESMF_TESTCOMPTUNNEL -DESMF_TESTWITHTHREADS -DSx86_64_small=1 -DESMF_OS_Linux=1 -DESMF_COMM=openmpi -DESMF_DIR=/discover/nobackup/projects/gmao/SIteam/ESMF_Testing/nvhpc_26.1_openmpi_g_develop/esmf -DESMF_NO_F2018ASSUMEDTYPE ESMF_PrintInfo.F90 -o /discover/nobackup/projects/gmao/SIteam/ESMF_Testing/nvhpc_26.1_openmpi_g_develop/esmf/obj/objg/Linux.nvhpc.64.openmpi.default/src/apps/ESMF_PrintInfo/ESMF_PrintInfo.o
make chkdir_apps
make[5]: Entering directory '/gpfsm/dnb10/projects/p50/ESMF_Testing/nvhpc_26.1_openmpi_g_develop/esmf/src/apps/ESMF_PrintInfo'
make[5]: Leaving directory '/gpfsm/dnb10/projects/p50/ESMF_Testing/nvhpc_26.1_openmpi_g_develop/esmf/src/apps/ESMF_PrintInfo'
mpifort    -mcmodel=small -pthread -Wl,--no-as-needed  -mp -L/discover/nobackup/projects/gmao/SIteam/ESMF_Testing/nvhpc_26.1_openmpi_g_develop/esmf/DEFAULTINSTALLDIR/lib/libg/Linux.nvhpc.64.openmpi.default  -Wl,-rpath,/discover/nobackup/projects/gmao/SIteam/ESMF_Testing/nvhpc_26.1_openmpi_g_develop/esmf/DEFAULTINSTALLDIR/lib/libg/Linux.nvhpc.64.openmpi.default  -o /discover/nobackup/projects/gmao/SIteam/ESMF_Testing/nvhpc_26.1_openmpi_g_develop/esmf/DEFAULTINSTALLDIR/bin/bing/Linux.nvhpc.64.openmpi.default/ESMF_PrintInfo /discover/nobackup/projects/gmao/SIteam/ESMF_Testing/nvhpc_26.1_openmpi_g_develop/esmf/obj/objg/Linux.nvhpc.64.openmpi.default/src/apps/ESMF_PrintInfo/ESMF_PrintInfo.o -lesmf  -c++libs
make[4]: Leaving directory '/gpfsm/dnb10/projects/p50/ESMF_Testing/nvhpc_26.1_openmpi_g_develop/esmf/src/apps/ESMF_PrintInfo'
tree_build_apps in: /discover/nobackup/projects/gmao/SIteam/ESMF_Testing/nvhpc_26.1_openmpi_g_develop/esmf/src/apps/ESMF_PrintInfoC
make[4]: Entering directory '/gpfsm/dnb10/projects/p50/ESMF_Testing/nvhpc_26.1_openmpi_g_develop/esmf/src/apps/ESMF_PrintInfoC'
make chkdir_locobj
make[5]: Entering directory '/gpfsm/dnb10/projects/p50/ESMF_Testing/nvhpc_26.1_openmpi_g_develop/esmf/src/apps/ESMF_PrintInfoC'
Making directory /discover/nobackup/projects/gmao/SIteam/ESMF_Testing/nvhpc_26.1_openmpi_g_develop/esmf/obj/objg/Linux.nvhpc.64.openmpi.default/src/apps/ESMF_PrintInfoC for apps output
make[5]: Leaving directory '/gpfsm/dnb10/projects/p50/ESMF_Testing/nvhpc_26.1_openmpi_g_develop/esmf/src/apps/ESMF_PrintInfoC'
mpicc -c  -g  -fpic  -mp -I/discover/nobackup/projects/gmao/SIteam/ESMF_Testing/nvhpc_26.1_openmpi_g_develop/esmf/src/apps/ESMF_PrintInfoC -I/discover/nobackup/projects/gmao/SIteam/ESMF_Testing/nvhpc_26.1_openmpi_g_develop/esmf/src/apps/ESMF_PrintInfoC/../include -I/discover/nobackup/projects/gmao/SIteam/ESMF_Testing/nvhpc_26.1_openmpi_g_develop/esmf/build_config/Linux.nvhpc.default -I/discover/nobackup/projects/gmao/SIteam/ESMF_Testing/nvhpc_26.1_openmpi_g_develop/esmf/src/Infrastructure -I/discover/nobackup/projects/gmao/SIteam/ESMF_Testing/nvhpc_26.1_openmpi_g_develop/esmf/src/Superstructure  -I/discover/nobackup/projects/gmao/SIteam/ESMF_Testing/nvhpc_26.1_openmpi_g_develop/esmf/src/include   -DESMF_NO_INTEGER_1_BYTE -DESMF_NO_INTEGER_2_BYTE -DESMF_VERSION_STRING_GIT='"develop+g1082792c4b"' -DESMF_MOAB=1 -DESMF_LAPACK=1 -DESMF_LAPACK_INTERNAL=1 -DESMF_NO_ACC_SOFTWARE_STACK=1 -DYAML=ESMF_YAML -DESMF_YAMLCPP=1 -DESMF_NO_OPENACC -DESMF_TESTEXHAUSTIVE -DESMF_BOPT_g -DESMF_TESTPERFORMANCE -DESMF_TESTCOMPTUNNEL -DESMF_TESTWITHTHREADS -DSx86_64_small=1 -DESMF_OS_Linux=1 -DESMF_COMM=openmpi -DESMF_DIR=/discover/nobackup/projects/gmao/SIteam/ESMF_Testing/nvhpc_26.1_openmpi_g_develop/esmf -D__SDIR__='"src/apps/ESMF_PrintInfoC"' ESMF_PrintInfoC.c -o /discover/nobackup/projects/gmao/SIteam/ESMF_Testing/nvhpc_26.1_openmpi_g_develop/esmf/obj/objg/Linux.nvhpc.64.openmpi.default/src/apps/ESMF_PrintInfoC/ESMF_PrintInfoC.o
make chkdir_apps
make[5]: Entering directory '/gpfsm/dnb10/projects/p50/ESMF_Testing/nvhpc_26.1_openmpi_g_develop/esmf/src/apps/ESMF_PrintInfoC'
make[5]: Leaving directory '/gpfsm/dnb10/projects/p50/ESMF_Testing/nvhpc_26.1_openmpi_g_develop/esmf/src/apps/ESMF_PrintInfoC'
mpicc     -mp -L/discover/nobackup/projects/gmao/SIteam/ESMF_Testing/nvhpc_26.1_openmpi_g_develop/esmf/DEFAULTINSTALLDIR/lib/libg/Linux.nvhpc.64.openmpi.default  -L/discover/nobackup/projects/gmao/SIteam/ESMF_Testing/nvhpc_26.1_openmpi_g_develop/esmf/DEFAULTINSTALLDIR/lib/libg/Linux.nvhpc.64.openmpi.default  -Wl,-rpath,/discover/nobackup/projects/gmao/SIteam/ESMF_Testing/nvhpc_26.1_openmpi_g_develop/esmf/DEFAULTINSTALLDIR/lib/libg/Linux.nvhpc.64.openmpi.default -Wl,-rpath,/discover/nobackup/projects/gmao/SIteam/ESMF_Testing/nvhpc_26.1_openmpi_g_develop/esmf/DEFAULTINSTALLDIR/lib/libg/Linux.nvhpc.64.openmpi.default -o /discover/nobackup/projects/gmao/SIteam/ESMF_Testing/nvhpc_26.1_openmpi_g_develop/esmf/DEFAULTINSTALLDIR/bin/bing/Linux.nvhpc.64.openmpi.default/ESMF_PrintInfoC /discover/nobackup/projects/gmao/SIteam/ESMF_Testing/nvhpc_26.1_openmpi_g_develop/esmf/obj/objg/Linux.nvhpc.64.openmpi.default/src/apps/ESMF_PrintInfoC/ESMF_PrintInfoC.o -lesmf  -fortranlibs  -c++libs
make[4]: Leaving directory '/gpfsm/dnb10/projects/p50/ESMF_Testing/nvhpc_26.1_openmpi_g_develop/esmf/src/apps/ESMF_PrintInfoC'
tree_build_apps in: /discover/nobackup/projects/gmao/SIteam/ESMF_Testing/nvhpc_26.1_openmpi_g_develop/esmf/src/apps/ESMF_RegridWeightGen
make[4]: Entering directory '/gpfsm/dnb10/projects/p50/ESMF_Testing/nvhpc_26.1_openmpi_g_develop/esmf/src/apps/ESMF_RegridWeightGen'
make chkdir_locobj
make[5]: Entering directory '/gpfsm/dnb10/projects/p50/ESMF_Testing/nvhpc_26.1_openmpi_g_develop/esmf/src/apps/ESMF_RegridWeightGen'
Making directory /discover/nobackup/projects/gmao/SIteam/ESMF_Testing/nvhpc_26.1_openmpi_g_develop/esmf/obj/objg/Linux.nvhpc.64.openmpi.default/src/apps/ESMF_RegridWeightGen for apps output
make[5]: Leaving directory '/gpfsm/dnb10/projects/p50/ESMF_Testing/nvhpc_26.1_openmpi_g_develop/esmf/src/apps/ESMF_RegridWeightGen'
mpifort -c -g  -fpic -mcmodel=small -Mallocatable=03 -pthread  -mp -I/discover/nobackup/projects/gmao/SIteam/ESMF_Testing/nvhpc_26.1_openmpi_g_develop/esmf/src/apps/ESMF_RegridWeightGen -I/discover/nobackup/projects/gmao/SIteam/ESMF_Testing/nvhpc_26.1_openmpi_g_develop/esmf/build_config/Linux.nvhpc.default -I/discover/nobackup/projects/gmao/SIteam/ESMF_Testing/nvhpc_26.1_openmpi_g_develop/esmf/src/Infrastructure -I/discover/nobackup/projects/gmao/SIteam/ESMF_Testing/nvhpc_26.1_openmpi_g_develop/esmf/src/Superstructure -I/discover/nobackup/projects/gmao/SIteam/ESMF_Testing/nvhpc_26.1_openmpi_g_develop/esmf/DEFAULTINSTALLDIR/mod/modg/Linux.nvhpc.64.openmpi.default -I/discover/nobackup/projects/gmao/SIteam/ESMF_Testing/nvhpc_26.1_openmpi_g_develop/esmf/src/include   -DESMF_NO_INTEGER_1_BYTE -DESMF_NO_INTEGER_2_BYTE -DESMF_VERSION_STRING_GIT='"develop+g1082792c4b"' -DESMF_MOAB=1 -DESMF_LAPACK=1 -DESMF_LAPACK_INTERNAL=1 -DESMF_NO_ACC_SOFTWARE_STACK=1 -DYAML=ESMF_YAML -DESMF_YAMLCPP=1 -DESMF_NO_OPENACC -DESMF_TESTEXHAUSTIVE -DESMF_BOPT_g -DESMF_TESTPERFORMANCE -DESMF_TESTCOMPTUNNEL -DESMF_TESTWITHTHREADS -DSx86_64_small=1 -DESMF_OS_Linux=1 -DESMF_COMM=openmpi -DESMF_DIR=/discover/nobackup/projects/gmao/SIteam/ESMF_Testing/nvhpc_26.1_openmpi_g_develop/esmf -DESMF_NO_F2018ASSUMEDTYPE ESMF_RegridWeightGen.F90 -o /discover/nobackup/projects/gmao/SIteam/ESMF_Testing/nvhpc_26.1_openmpi_g_develop/esmf/obj/objg/Linux.nvhpc.64.openmpi.default/src/apps/ESMF_RegridWeightGen/ESMF_RegridWeightGen.o
NVFORTRAN-W-0031-Illegal data type length specifier for complex (/discover/swdev/gmao_SIteam/MPI/openmpi/5.0.10/nvhpc-26.1/include/mpif-sizeof.h: 66)
NVFORTRAN-W-0031-Illegal data type length specifier for x (/discover/swdev/gmao_SIteam/MPI/openmpi/5.0.10/nvhpc-26.1/include/mpif-sizeof.h: 66)
NVFORTRAN-W-0031-Illegal data type length specifier for complex (/discover/swdev/gmao_SIteam/MPI/openmpi/5.0.10/nvhpc-26.1/include/mpif-sizeof.h: 72)
NVFORTRAN-W-0031-Illegal data type length specifier for x (/discover/swdev/gmao_SIteam/MPI/openmpi/5.0.10/nvhpc-26.1/include/mpif-sizeof.h: 72)
NVFORTRAN-W-0031-Illegal data type length specifier for complex (/discover/swdev/gmao_SIteam/MPI/openmpi/5.0.10/nvhpc-26.1/include/mpif-sizeof.h: 78)
NVFORTRAN-W-0031-Illegal data type length specifier for x (/discover/swdev/gmao_SIteam/MPI/openmpi/5.0.10/nvhpc-26.1/include/mpif-sizeof.h: 78)
NVFORTRAN-W-0031-Illegal data type length specifier for complex (/discover/swdev/gmao_SIteam/MPI/openmpi/5.0.10/nvhpc-26.1/include/mpif-sizeof.h: 84)
NVFORTRAN-W-0031-Illegal data type length specifier for x (/discover/swdev/gmao_SIteam/MPI/openmpi/5.0.10/nvhpc-26.1/include/mpif-sizeof.h: 84)
NVFORTRAN-W-0031-Illegal data type length specifier for complex (/discover/swdev/gmao_SIteam/MPI/openmpi/5.0.10/nvhpc-26.1/include/mpif-sizeof.h: 90)
NVFORTRAN-W-0031-Illegal data type length specifier for x (/discover/swdev/gmao_SIteam/MPI/openmpi/5.0.10/nvhpc-26.1/include/mpif-sizeof.h: 90)
NVFORTRAN-W-0031-Illegal data type length specifier for complex (/discover/swdev/gmao_SIteam/MPI/openmpi/5.0.10/nvhpc-26.1/include/mpif-sizeof.h: 96)
NVFORTRAN-W-0031-Illegal data type length specifier for x (/discover/swdev/gmao_SIteam/MPI/openmpi/5.0.10/nvhpc-26.1/include/mpif-sizeof.h: 96)
NVFORTRAN-W-0031-Illegal data type length specifier for complex (/discover/swdev/gmao_SIteam/MPI/openmpi/5.0.10/nvhpc-26.1/include/mpif-sizeof.h: 102)
NVFORTRAN-W-0031-Illegal data type length specifier for x (/discover/swdev/gmao_SIteam/MPI/openmpi/5.0.10/nvhpc-26.1/include/mpif-sizeof.h: 102)
NVFORTRAN-W-0031-Illegal data type length specifier for complex (/discover/swdev/gmao_SIteam/MPI/openmpi/5.0.10/nvhpc-26.1/include/mpif-sizeof.h: 108)
NVFORTRAN-W-0031-Illegal data type length specifier for x (/discover/swdev/gmao_SIteam/MPI/openmpi/5.0.10/nvhpc-26.1/include/mpif-sizeof.h: 108)
NVFORTRAN-W-0031-Illegal data type length specifier for complex (/discover/swdev/gmao_SIteam/MPI/openmpi/5.0.10/nvhpc-26.1/include/mpif-sizeof.h: 710)
NVFORTRAN-W-0031-Illegal data type length specifier for x (/discover/swdev/gmao_SIteam/MPI/openmpi/5.0.10/nvhpc-26.1/include/mpif-sizeof.h: 710)
NVFORTRAN-W-0031-Illegal data type length specifier for complex (/discover/swdev/gmao_SIteam/MPI/openmpi/5.0.10/nvhpc-26.1/include/mpif-sizeof.h: 716)
NVFORTRAN-W-0031-Illegal data type length specifier for x (/discover/swdev/gmao_SIteam/MPI/openmpi/5.0.10/nvhpc-26.1/include/mpif-sizeof.h: 716)
NVFORTRAN-W-0031-Illegal data type length specifier for complex (/discover/swdev/gmao_SIteam/MPI/openmpi/5.0.10/nvhpc-26.1/include/mpif-sizeof.h: 722)
NVFORTRAN-W-0031-Illegal data type length specifier for x (/discover/swdev/gmao_SIteam/MPI/openmpi/5.0.10/nvhpc-26.1/include/mpif-sizeof.h: 722)
NVFORTRAN-W-0031-Illegal data type length specifier for complex (/discover/swdev/gmao_SIteam/MPI/openmpi/5.0.10/nvhpc-26.1/include/mpif-sizeof.h: 728)
NVFORTRAN-W-0031-Illegal data type length specifier for x (/discover/swdev/gmao_SIteam/MPI/openmpi/5.0.10/nvhpc-26.1/include/mpif-sizeof.h: 728)
NVFORTRAN-W-0031-Illegal data type length specifier for complex (/discover/swdev/gmao_SIteam/MPI/openmpi/5.0.10/nvhpc-26.1/include/mpif-sizeof.h: 734)
NVFORTRAN-W-0031-Illegal data type length specifier for x (/discover/swdev/gmao_SIteam/MPI/openmpi/5.0.10/nvhpc-26.1/include/mpif-sizeof.h: 734)
NVFORTRAN-W-0031-Illegal data type length specifier for complex (/discover/swdev/gmao_SIteam/MPI/openmpi/5.0.10/nvhpc-26.1/include/mpif-sizeof.h: 740)
NVFORTRAN-W-0031-Illegal data type length specifier for x (/discover/swdev/gmao_SIteam/MPI/openmpi/5.0.10/nvhpc-26.1/include/mpif-sizeof.h: 740)
NVFORTRAN-W-0031-Illegal data type length specifier for complex (/discover/swdev/gmao_SIteam/MPI/openmpi/5.0.10/nvhpc-26.1/include/mpif-sizeof.h: 746)
NVFORTRAN-W-0031-Illegal data type length specifier for x (/discover/swdev/gmao_SIteam/MPI/openmpi/5.0.10/nvhpc-26.1/include/mpif-sizeof.h: 746)
NVFORTRAN-W-0031-Illegal data type length specifier for complex (/discover/swdev/gmao_SIteam/MPI/openmpi/5.0.10/nvhpc-26.1/include/mpif-sizeof.h: 752)
NVFORTRAN-W-0031-Illegal data type length specifier for x (/discover/swdev/gmao_SIteam/MPI/openmpi/5.0.10/nvhpc-26.1/include/mpif-sizeof.h: 752)
  0 inform,  32 warnings,   0 severes, 0 fatal for esmf_regridweightgenapp
make chkdir_apps
make[5]: Entering directory '/gpfsm/dnb10/projects/p50/ESMF_Testing/nvhpc_26.1_openmpi_g_develop/esmf/src/apps/ESMF_RegridWeightGen'
make[5]: Leaving directory '/gpfsm/dnb10/projects/p50/ESMF_Testing/nvhpc_26.1_openmpi_g_develop/esmf/src/apps/ESMF_RegridWeightGen'
mpifort    -mcmodel=small -pthread -Wl,--no-as-needed  -mp -L/discover/nobackup/projects/gmao/SIteam/ESMF_Testing/nvhpc_26.1_openmpi_g_develop/esmf/DEFAULTINSTALLDIR/lib/libg/Linux.nvhpc.64.openmpi.default  -Wl,-rpath,/discover/nobackup/projects/gmao/SIteam/ESMF_Testing/nvhpc_26.1_openmpi_g_develop/esmf/DEFAULTINSTALLDIR/lib/libg/Linux.nvhpc.64.openmpi.default  -o /discover/nobackup/projects/gmao/SIteam/ESMF_Testing/nvhpc_26.1_openmpi_g_develop/esmf/DEFAULTINSTALLDIR/bin/bing/Linux.nvhpc.64.openmpi.default/ESMF_RegridWeightGen /discover/nobackup/projects/gmao/SIteam/ESMF_Testing/nvhpc_26.1_openmpi_g_develop/esmf/obj/objg/Linux.nvhpc.64.openmpi.default/src/apps/ESMF_RegridWeightGen/ESMF_RegridWeightGen.o -lesmf  -c++libs
make[4]: Leaving directory '/gpfsm/dnb10/projects/p50/ESMF_Testing/nvhpc_26.1_openmpi_g_develop/esmf/src/apps/ESMF_RegridWeightGen'
tree_build_apps in: /discover/nobackup/projects/gmao/SIteam/ESMF_Testing/nvhpc_26.1_openmpi_g_develop/esmf/src/apps/ESMF_WebServController
make[4]: Entering directory '/gpfsm/dnb10/projects/p50/ESMF_Testing/nvhpc_26.1_openmpi_g_develop/esmf/src/apps/ESMF_WebServController'
make chkdir_locobj
make[5]: Entering directory '/gpfsm/dnb10/projects/p50/ESMF_Testing/nvhpc_26.1_openmpi_g_develop/esmf/src/apps/ESMF_WebServController'
Making directory /discover/nobackup/projects/gmao/SIteam/ESMF_Testing/nvhpc_26.1_openmpi_g_develop/esmf/obj/objg/Linux.nvhpc.64.openmpi.default/src/apps/ESMF_WebServController for apps output
make[5]: Leaving directory '/gpfsm/dnb10/projects/p50/ESMF_Testing/nvhpc_26.1_openmpi_g_develop/esmf/src/apps/ESMF_WebServController'
mpic++ -c -std=c++11 -g  -fpic -mcmodel=small -pthread  -mp -I/discover/nobackup/projects/gmao/SIteam/ESMF_Testing/nvhpc_26.1_openmpi_g_develop/esmf/src/apps/ESMF_WebServController -I/discover/nobackup/projects/gmao/SIteam/ESMF_Testing/nvhpc_26.1_openmpi_g_develop/esmf/src/apps/ESMF_WebServController/../include -I/discover/nobackup/projects/gmao/SIteam/ESMF_Testing/nvhpc_26.1_openmpi_g_develop/esmf/build_config/Linux.nvhpc.default -I/discover/nobackup/projects/gmao/SIteam/ESMF_Testing/nvhpc_26.1_openmpi_g_develop/esmf/src/Infrastructure -I/discover/nobackup/projects/gmao/SIteam/ESMF_Testing/nvhpc_26.1_openmpi_g_develop/esmf/src/Superstructure -I/discover/nobackup/projects/gmao/SIteam/ESMF_Testing/nvhpc_26.1_openmpi_g_develop/esmf/src/Infrastructure/stubs/pthread  -I/discover/nobackup/projects/gmao/SIteam/ESMF_Testing/nvhpc_26.1_openmpi_g_develop/esmf/src/include   -I/discover/nobackup/projects/gmao/SIteam/ESMF_Testing/nvhpc_26.1_openmpi_g_develop/esmf/src/prologue/yaml-cpp/include -DESMF_NO_INTEGER_1_BYTE -DESMF_NO_INTEGER_2_BYTE -DESMF_VERSION_STRING_GIT='"develop+g1082792c4b"' -DESMF_MOAB=1 -DESMF_LAPACK=1 -DESMF_LAPACK_INTERNAL=1 -DESMF_NO_ACC_SOFTWARE_STACK=1 -DYAML=ESMF_YAML -DESMF_YAMLCPP=1 -DESMF_NO_OPENACC -DESMF_TESTEXHAUSTIVE -DESMF_BOPT_g -DESMF_TESTPERFORMANCE -DESMF_TESTCOMPTUNNEL -DESMF_TESTWITHTHREADS -DSx86_64_small=1 -DESMF_OS_Linux=1 -DESMF_COMM=openmpi -DESMF_DIR=/discover/nobackup/projects/gmao/SIteam/ESMF_Testing/nvhpc_26.1_openmpi_g_develop/esmf -D__SDIR__='"src/apps/ESMF_WebServController"' -DESMF_CXXSTD=11 -DESMF_NO_SIGUSR2 -DESMF_NO_F2018ASSUMEDTYPE ESMF_WebServController.C -o /discover/nobackup/projects/gmao/SIteam/ESMF_Testing/nvhpc_26.1_openmpi_g_develop/esmf/obj/objg/Linux.nvhpc.64.openmpi.default/src/apps/ESMF_WebServController/ESMF_WebServController.o
make chkdir_apps
make[5]: Entering directory '/gpfsm/dnb10/projects/p50/ESMF_Testing/nvhpc_26.1_openmpi_g_develop/esmf/src/apps/ESMF_WebServController'
make[5]: Leaving directory '/gpfsm/dnb10/projects/p50/ESMF_Testing/nvhpc_26.1_openmpi_g_develop/esmf/src/apps/ESMF_WebServController'
mpic++    -mcmodel=small -pthread -Wl,--no-as-needed  -mp -L/discover/nobackup/projects/gmao/SIteam/ESMF_Testing/nvhpc_26.1_openmpi_g_develop/esmf/DEFAULTINSTALLDIR/lib/libg/Linux.nvhpc.64.openmpi.default  -Wl,-rpath,/discover/nobackup/projects/gmao/SIteam/ESMF_Testing/nvhpc_26.1_openmpi_g_develop/esmf/DEFAULTINSTALLDIR/lib/libg/Linux.nvhpc.64.openmpi.default  -o /discover/nobackup/projects/gmao/SIteam/ESMF_Testing/nvhpc_26.1_openmpi_g_develop/esmf/DEFAULTINSTALLDIR/bin/bing/Linux.nvhpc.64.openmpi.default/ESMF_WebServController /discover/nobackup/projects/gmao/SIteam/ESMF_Testing/nvhpc_26.1_openmpi_g_develop/esmf/obj/objg/Linux.nvhpc.64.openmpi.default/src/apps/ESMF_WebServController/ESMF_WebServController.o -lesmf  -fortranlibs
make[4]: Leaving directory '/gpfsm/dnb10/projects/p50/ESMF_Testing/nvhpc_26.1_openmpi_g_develop/esmf/src/apps/ESMF_WebServController'
tree_build_apps in: /discover/nobackup/projects/gmao/SIteam/ESMF_Testing/nvhpc_26.1_openmpi_g_develop/esmf/src/apps/ESMF_Scrip2Unstruct
make[4]: Entering directory '/gpfsm/dnb10/projects/p50/ESMF_Testing/nvhpc_26.1_openmpi_g_develop/esmf/src/apps/ESMF_Scrip2Unstruct'
make chkdir_locobj
make[5]: Entering directory '/gpfsm/dnb10/projects/p50/ESMF_Testing/nvhpc_26.1_openmpi_g_develop/esmf/src/apps/ESMF_Scrip2Unstruct'
Making directory /discover/nobackup/projects/gmao/SIteam/ESMF_Testing/nvhpc_26.1_openmpi_g_develop/esmf/obj/objg/Linux.nvhpc.64.openmpi.default/src/apps/ESMF_Scrip2Unstruct for apps output
make[5]: Leaving directory '/gpfsm/dnb10/projects/p50/ESMF_Testing/nvhpc_26.1_openmpi_g_develop/esmf/src/apps/ESMF_Scrip2Unstruct'
mpic++ -c -std=c++11 -g  -fpic -mcmodel=small -pthread  -mp -I/discover/nobackup/projects/gmao/SIteam/ESMF_Testing/nvhpc_26.1_openmpi_g_develop/esmf/src/apps/ESMF_Scrip2Unstruct -I/discover/nobackup/projects/gmao/SIteam/ESMF_Testing/nvhpc_26.1_openmpi_g_develop/esmf/src/apps/ESMF_Scrip2Unstruct/../include -I/discover/nobackup/projects/gmao/SIteam/ESMF_Testing/nvhpc_26.1_openmpi_g_develop/esmf/build_config/Linux.nvhpc.default -I/discover/nobackup/projects/gmao/SIteam/ESMF_Testing/nvhpc_26.1_openmpi_g_develop/esmf/src/Infrastructure -I/discover/nobackup/projects/gmao/SIteam/ESMF_Testing/nvhpc_26.1_openmpi_g_develop/esmf/src/Superstructure -I/discover/nobackup/projects/gmao/SIteam/ESMF_Testing/nvhpc_26.1_openmpi_g_develop/esmf/src/Infrastructure/stubs/pthread  -I/discover/nobackup/projects/gmao/SIteam/ESMF_Testing/nvhpc_26.1_openmpi_g_develop/esmf/src/include   -I/discover/nobackup/projects/gmao/SIteam/ESMF_Testing/nvhpc_26.1_openmpi_g_develop/esmf/src/prologue/yaml-cpp/include -DESMF_NO_INTEGER_1_BYTE -DESMF_NO_INTEGER_2_BYTE -DESMF_VERSION_STRING_GIT='"develop+g1082792c4b"' -DESMF_MOAB=1 -DESMF_LAPACK=1 -DESMF_LAPACK_INTERNAL=1 -DESMF_NO_ACC_SOFTWARE_STACK=1 -DYAML=ESMF_YAML -DESMF_YAMLCPP=1 -DESMF_NO_OPENACC -DESMF_TESTEXHAUSTIVE -DESMF_BOPT_g -DESMF_TESTPERFORMANCE -DESMF_TESTCOMPTUNNEL -DESMF_TESTWITHTHREADS -DSx86_64_small=1 -DESMF_OS_Linux=1 -DESMF_COMM=openmpi -DESMF_DIR=/discover/nobackup/projects/gmao/SIteam/ESMF_Testing/nvhpc_26.1_openmpi_g_develop/esmf -D__SDIR__='"src/apps/ESMF_Scrip2Unstruct"' -DESMF_CXXSTD=11 -DESMF_NO_SIGUSR2 -DESMF_NO_F2018ASSUMEDTYPE ESMF_Scrip2Unstruct.C -o /discover/nobackup/projects/gmao/SIteam/ESMF_Testing/nvhpc_26.1_openmpi_g_develop/esmf/obj/objg/Linux.nvhpc.64.openmpi.default/src/apps/ESMF_Scrip2Unstruct/ESMF_Scrip2Unstruct.o
"ESMF_Scrip2Unstruct.C", line 71: warning: variable "ncid1" was declared but never referenced [declared_but_not_referenced]
    int ncid1, ncid2;
        ^

Remark: individual warnings can be suppressed with "--diag_suppress <warning-name>"

"ESMF_Scrip2Unstruct.C", line 71: warning: variable "ncid2" was declared but never referenced [declared_but_not_referenced]
    int ncid1, ncid2;
               ^

"ESMF_Scrip2Unstruct.C", line 72: warning: variable "vertdimid" was declared but never referenced [declared_but_not_referenced]
    int vertdimid, celldimid, vpcdimid,vdimid;
        ^

"ESMF_Scrip2Unstruct.C", line 72: warning: variable "celldimid" was declared but never referenced [declared_but_not_referenced]
    int vertdimid, celldimid, vpcdimid,vdimid;
                   ^

"ESMF_Scrip2Unstruct.C", line 72: warning: variable "vpcdimid" was declared but never referenced [declared_but_not_referenced]
    int vertdimid, celldimid, vpcdimid,vdimid;
                              ^

"ESMF_Scrip2Unstruct.C", line 72: warning: variable "vdimid" was declared but never referenced [declared_but_not_referenced]
    int vertdimid, celldimid, vpcdimid,vdimid;
                                       ^

"ESMF_Scrip2Unstruct.C", line 73: warning: variable "vertexid" was declared but never referenced [declared_but_not_referenced]
    int vertexid, edgeid, ccoordid, cellid, caid, cmid;
        ^

"ESMF_Scrip2Unstruct.C", line 73: warning: variable "edgeid" was declared but never referenced [declared_but_not_referenced]
    int vertexid, edgeid, ccoordid, cellid, caid, cmid;
                  ^

"ESMF_Scrip2Unstruct.C", line 73: warning: variable "ccoordid" was declared but never referenced [declared_but_not_referenced]
    int vertexid, edgeid, ccoordid, cellid, caid, cmid;
                          ^

"ESMF_Scrip2Unstruct.C", line 73: warning: variable "cellid" was declared but never referenced [declared_but_not_referenced]
    int vertexid, edgeid, ccoordid, cellid, caid, cmid;
                                    ^

"ESMF_Scrip2Unstruct.C", line 73: warning: variable "caid" was declared but never referenced [declared_but_not_referenced]
    int vertexid, edgeid, ccoordid, cellid, caid, cmid;
                                            ^

"ESMF_Scrip2Unstruct.C", line 73: warning: variable "cmid" was declared but never referenced [declared_but_not_referenced]
    int vertexid, edgeid, ccoordid, cellid, caid, cmid;
                                                  ^

"ESMF_Scrip2Unstruct.C", line 74: warning: variable "ogr_dimid" was declared but never referenced [declared_but_not_referenced]
    int ogr_dimid, ogd_id, areaid, maskid, attid;
        ^

"ESMF_Scrip2Unstruct.C", line 74: warning: variable "ogd_id" was declared but never referenced [declared_but_not_referenced]
    int ogr_dimid, ogd_id, areaid, maskid, attid;
                   ^

"ESMF_Scrip2Unstruct.C", line 74: warning: variable "areaid" was declared but never referenced [declared_but_not_referenced]
    int ogr_dimid, ogd_id, areaid, maskid, attid;
                           ^

"ESMF_Scrip2Unstruct.C", line 74: warning: variable "maskid" was declared but never referenced [declared_but_not_referenced]
    int ogr_dimid, ogd_id, areaid, maskid, attid;
                                   ^

"ESMF_Scrip2Unstruct.C", line 74: warning: variable "attid" was declared but never referenced [declared_but_not_referenced]
    int ogr_dimid, ogd_id, areaid, maskid, attid;
                                           ^

"ESMF_Scrip2Unstruct.C", line 75: warning: variable "tloc" was declared but never referenced [declared_but_not_referenced]
    time_t tloc;
           ^

"ESMF_Scrip2Unstruct.C", line 76: warning: variable "dims" was declared but never referenced [declared_but_not_referenced]
    int dims[2];
        ^

"ESMF_Scrip2Unstruct.C", line 77: warning: variable "status" was declared but never referenced [declared_but_not_referenced]
    int status, fillvalue;
        ^

"ESMF_Scrip2Unstruct.C", line 77: warning: variable "fillvalue" was declared but never referenced [declared_but_not_referenced]
    int status, fillvalue;
                ^

"ESMF_Scrip2Unstruct.C", line 78: warning: variable "strbuf" was declared but never referenced [declared_but_not_referenced]
    const char* strbuf;
                ^

"ESMF_Scrip2Unstruct.C", line 79: warning: variable "strbuf1" was declared but never referenced [declared_but_not_referenced]
    char * strbuf1;
           ^

"ESMF_Scrip2Unstruct.C", line 223: warning: variable "ncid2" was declared but never referenced [declared_but_not_referenced]
    int ncid2;
        ^

"ESMF_Scrip2Unstruct.C", line 224: warning: variable "vertdimid" was declared but never referenced [declared_but_not_referenced]
    int vertdimid, celldimid, vpcdimid;
        ^

"ESMF_Scrip2Unstruct.C", line 224: warning: variable "celldimid" was declared but never referenced [declared_but_not_referenced]
    int vertdimid, celldimid, vpcdimid;
                   ^

"ESMF_Scrip2Unstruct.C", line 224: warning: variable "vpcdimid" was declared but never referenced [declared_but_not_referenced]
    int vertdimid, celldimid, vpcdimid;
                              ^

"ESMF_Scrip2Unstruct.C", line 225: warning: variable "varid" was declared but never referenced [declared_but_not_referenced]
    int varid;
        ^

"ESMF_Scrip2Unstruct.C", line 226: warning: variable "dims" was declared but never referenced [declared_but_not_referenced]
    int dims[2];
        ^

"ESMF_Scrip2Unstruct.C", line 227: warning: variable "tloc" was declared but never referenced [declared_but_not_referenced]
    time_t tloc;
           ^

"ESMF_Scrip2Unstruct.C", line 228: warning: variable "status" was declared but never referenced [declared_but_not_referenced]
    int status, var;
        ^

"ESMF_Scrip2Unstruct.C", line 228: warning: variable "var" was declared but never referenced [declared_but_not_referenced]
    int status, var;
                ^

"ESMF_Scrip2Unstruct.C", line 229: warning: variable "strbuf" was declared but never referenced [declared_but_not_referenced]
    const char *strbuf;
                ^

"ESMF_Scrip2Unstruct.C", line 230: warning: variable "strbuf1" was declared but never referenced [declared_but_not_referenced]
    char *strbuf1;
          ^

"ESMF_Scrip2Unstruct.C", line 375: warning: variable "ncid1" was declared but never referenced [declared_but_not_referenced]
    int ncid1, ncid2;
        ^

"ESMF_Scrip2Unstruct.C", line 375: warning: variable "ncid2" was declared but never referenced [declared_but_not_referenced]
    int ncid1, ncid2;
               ^

"ESMF_Scrip2Unstruct.C", line 376: warning: variable "gsdimid" was declared but never referenced [declared_but_not_referenced]
    int gsdimid, gcdimid, grdimid;
        ^

"ESMF_Scrip2Unstruct.C", line 376: warning: variable "gcdimid" was declared but never referenced [declared_but_not_referenced]
    int gsdimid, gcdimid, grdimid;
                 ^

"ESMF_Scrip2Unstruct.C", line 376: warning: variable "grdimid" was declared but never referenced [declared_but_not_referenced]
    int gsdimid, gcdimid, grdimid;
                          ^

"ESMF_Scrip2Unstruct.C", line 377: warning: variable "gsdim" was declared but never referenced [declared_but_not_referenced]
    size_t  gsdim, gcdim, grdim;
            ^

"ESMF_Scrip2Unstruct.C", line 377: warning: variable "gcdim" was declared but never referenced [declared_but_not_referenced]
    size_t  gsdim, gcdim, grdim;
                   ^

"ESMF_Scrip2Unstruct.C", line 377: warning: variable "grdim" was declared but never referenced [declared_but_not_referenced]
    size_t  gsdim, gcdim, grdim;
                          ^

"ESMF_Scrip2Unstruct.C", line 378: warning: variable "areaid" was declared but never referenced [declared_but_not_referenced]
    int areaid, ctlatid, ctlonid, colatid, colonid, maskid;
        ^

"ESMF_Scrip2Unstruct.C", line 378: warning: variable "ctlatid" was declared but never referenced [declared_but_not_referenced]
    int areaid, ctlatid, ctlonid, colatid, colonid, maskid;
                ^

"ESMF_Scrip2Unstruct.C", line 378: warning: variable "ctlonid" was declared but never referenced [declared_but_not_referenced]
    int areaid, ctlatid, ctlonid, colatid, colonid, maskid;
                         ^

"ESMF_Scrip2Unstruct.C", line 378: warning: variable "colatid" was declared but never referenced [declared_but_not_referenced]
    int areaid, ctlatid, ctlonid, colatid, colonid, maskid;
                                  ^

"ESMF_Scrip2Unstruct.C", line 378: warning: variable "colonid" was declared but never referenced [declared_but_not_referenced]
    int areaid, ctlatid, ctlonid, colatid, colonid, maskid;
                                           ^

"ESMF_Scrip2Unstruct.C", line 378: warning: variable "maskid" was declared but never referenced [declared_but_not_referenced]
    int areaid, ctlatid, ctlonid, colatid, colonid, maskid;
                                                    ^

"ESMF_Scrip2Unstruct.C", line 380: warning: variable "vertexid" was declared but never referenced [declared_but_not_referenced]
    int vertexid, cellid, edgeid, ccoordid, caid, cmid;
        ^

"ESMF_Scrip2Unstruct.C", line 380: warning: variable "cellid" was declared but never referenced [declared_but_not_referenced]
    int vertexid, cellid, edgeid, ccoordid, caid, cmid;
                  ^

"ESMF_Scrip2Unstruct.C", line 380: warning: variable "edgeid" was declared but never referenced [declared_but_not_referenced]
    int vertexid, cellid, edgeid, ccoordid, caid, cmid;
                          ^

"ESMF_Scrip2Unstruct.C", line 380: warning: variable "ccoordid" was declared but never referenced [declared_but_not_referenced]
    int vertexid, cellid, edgeid, ccoordid, caid, cmid;
                                  ^

"ESMF_Scrip2Unstruct.C", line 380: warning: variable "caid" was declared but never referenced [declared_but_not_referenced]
    int vertexid, cellid, edgeid, ccoordid, caid, cmid;
                                            ^

"ESMF_Scrip2Unstruct.C", line 380: warning: variable "cmid" was declared but never referenced [declared_but_not_referenced]
    int vertexid, cellid, edgeid, ccoordid, caid, cmid;
                                                  ^

"ESMF_Scrip2Unstruct.C", line 381: warning: variable "varid" was declared but never referenced [declared_but_not_referenced]
    int varid;
        ^

"ESMF_Scrip2Unstruct.C", line 382: warning: variable "cornerlats" was declared but never referenced [declared_but_not_referenced]
    double *cornerlats, *cornerlons, *nodelatlon;
            ^

"ESMF_Scrip2Unstruct.C", line 382: warning: variable "cornerlons" was declared but never referenced [declared_but_not_referenced]
    double *cornerlats, *cornerlons, *nodelatlon;
                         ^

"ESMF_Scrip2Unstruct.C", line 382: warning: variable "nodelatlon" was declared but never referenced [declared_but_not_referenced]
    double *cornerlats, *cornerlons, *nodelatlon;
                                      ^

"ESMF_Scrip2Unstruct.C", line 383: warning: variable "nodelats" was declared but never referenced [declared_but_not_referenced]
    double *nodelats, *nodelons;
            ^

"ESMF_Scrip2Unstruct.C", line 383: warning: variable "nodelons" was declared but never referenced [declared_but_not_referenced]
    double *nodelats, *nodelons;
                       ^

"ESMF_Scrip2Unstruct.C", line 384: warning: variable "inbuf" was declared but never referenced [declared_but_not_referenced]
    double *inbuf, *inbuf1;
            ^

"ESMF_Scrip2Unstruct.C", line 384: warning: variable "inbuf1" was declared but never referenced [declared_but_not_referenced]
    double *inbuf, *inbuf1;
                    ^

"ESMF_Scrip2Unstruct.C", line 385: warning: variable "inbuf2" was declared but never referenced [declared_but_not_referenced]
    int *inbuf2;
         ^

"ESMF_Scrip2Unstruct.C", line 386: warning: variable "dualcells" was declared but never referenced [declared_but_not_referenced]
    int *dualcells;
         ^

"ESMF_Scrip2Unstruct.C", line 387: warning: variable "dualcellcounts" was declared but never referenced [declared_but_not_referenced]
    int *dualcellcounts;
         ^

"ESMF_Scrip2Unstruct.C", line 388: warning: variable "cells" was declared but never referenced [declared_but_not_referenced]
    int *cells, temp[16];
         ^

"ESMF_Scrip2Unstruct.C", line 388: warning: variable "temp" was declared but never referenced [declared_but_not_referenced]
    int *cells, temp[16];
                ^

"ESMF_Scrip2Unstruct.C", line 389: warning: variable "numedges" was declared but never referenced [declared_but_not_referenced]
    int numedges, *next;
        ^

"ESMF_Scrip2Unstruct.C", line 389: warning: variable "next" was declared but never referenced [declared_but_not_referenced]
    int numedges, *next;
                   ^

"ESMF_Scrip2Unstruct.C", line 390: warning: variable "totalneighbors" was declared but never referenced [declared_but_not_referenced]
    int *totalneighbors;
         ^

"ESMF_Scrip2Unstruct.C", line 391: warning: variable "edges" was declared but never referenced [declared_but_not_referenced]
    int *edges;
         ^

"ESMF_Scrip2Unstruct.C", line 392: warning: variable "i" was declared but never referenced [declared_but_not_referenced]
    int i,i1, j, k, totalnodes, goodnodes, count;
        ^

"ESMF_Scrip2Unstruct.C", line 392: warning: variable "i1" was declared but never referenced [declared_but_not_referenced]
    int i,i1, j, k, totalnodes, goodnodes, count;
          ^

"ESMF_Scrip2Unstruct.C", line 392: warning: variable "j" was declared but never referenced [declared_but_not_referenced]
    int i,i1, j, k, totalnodes, goodnodes, count;
              ^

"ESMF_Scrip2Unstruct.C", line 392: warning: variable "k" was declared but never referenced [declared_but_not_referenced]
    int i,i1, j, k, totalnodes, goodnodes, count;
                 ^

"ESMF_Scrip2Unstruct.C", line 392: warning: variable "totalnodes" was declared but never referenced [declared_but_not_referenced]
    int i,i1, j, k, totalnodes, goodnodes, count;
                    ^

"ESMF_Scrip2Unstruct.C", line 392: warning: variable "goodnodes" was declared but never referenced [declared_but_not_referenced]
    int i,i1, j, k, totalnodes, goodnodes, count;
                                ^

"ESMF_Scrip2Unstruct.C", line 392: warning: variable "count" was declared but never referenced [declared_but_not_referenced]
    int i,i1, j, k, totalnodes, goodnodes, count;
                                           ^

"ESMF_Scrip2Unstruct.C", line 393: warning: variable "globalnodes" was declared but never referenced [declared_but_not_referenced]
    int *globalnodes;
         ^

"ESMF_Scrip2Unstruct.C", line 394: warning: variable "noarea" was declared but never referenced [declared_but_not_referenced]
    int noarea, nocenter, nomask;
        ^

"ESMF_Scrip2Unstruct.C", line 394: warning: variable "nocenter" was declared but never referenced [declared_but_not_referenced]
    int noarea, nocenter, nomask;
                ^

"ESMF_Scrip2Unstruct.C", line 394: warning: variable "nomask" was declared but never referenced [declared_but_not_referenced]
    int noarea, nocenter, nomask;
                          ^

"ESMF_Scrip2Unstruct.C", line 395: warning: variable "starts" was declared but never referenced [declared_but_not_referenced]
    size_t starts[2], counts[2];
           ^

"ESMF_Scrip2Unstruct.C", line 395: warning: variable "counts" was declared but never referenced [declared_but_not_referenced]
    size_t starts[2], counts[2];
                      ^

"ESMF_Scrip2Unstruct.C", line 396: warning: variable "maxconnection" was declared but never referenced [declared_but_not_referenced]
    int maxconnection;
        ^

"ESMF_Scrip2Unstruct.C", line 397: warning: variable "c_infile" was declared but never referenced [declared_but_not_referenced]
    char *c_infile;
          ^

"ESMF_Scrip2Unstruct.C", line 398: warning: variable "c_outfile" was declared but never referenced [declared_but_not_referenced]
    char *c_outfile;
          ^

"ESMF_Scrip2Unstruct.C", line 399: warning: variable "units" was declared but never referenced [declared_but_not_referenced]
    char units[80];
         ^

"ESMF_Scrip2Unstruct.C", line 400: warning: variable "len" was declared but never referenced [declared_but_not_referenced]
    size_t len;
           ^

"ESMF_Scrip2Unstruct.C", line 401: warning: variable "rad2deg" was declared but never referenced [declared_but_not_referenced]
    double rad2deg = 180.0/M_PI;
           ^

"ESMF_Scrip2Unstruct.C", line 402: warning: variable "dualflag" was declared but never referenced [declared_but_not_referenced]
    int dualflag;
        ^

"ESMF_Scrip2Unstruct.C", line 403: warning: variable "ind" was declared but never referenced [declared_but_not_referenced]
    int ind, startind;
        ^

"ESMF_Scrip2Unstruct.C", line 403: warning: variable "startind" was declared but never referenced [declared_but_not_referenced]
    int ind, startind;
             ^

"ESMF_Scrip2Unstruct.C", line 404: warning: variable "minlat" was declared but never referenced [declared_but_not_referenced]
    double minlat, maxlat, startlat, endlat, part;
           ^

"ESMF_Scrip2Unstruct.C", line 404: warning: variable "maxlat" was declared but never referenced [declared_but_not_referenced]
    double minlat, maxlat, startlat, endlat, part;
                   ^

"ESMF_Scrip2Unstruct.C", line 404: warning: variable "startlat" was declared but never referenced [declared_but_not_referenced]
    double minlat, maxlat, startlat, endlat, part;
                           ^

"ESMF_Scrip2Unstruct.C", line 404: warning: variable "endlat" was declared but never referenced [declared_but_not_referenced]
    double minlat, maxlat, startlat, endlat, part;
                                     ^

"ESMF_Scrip2Unstruct.C", line 404: warning: variable "part" was declared but never referenced [declared_but_not_referenced]
    double minlat, maxlat, startlat, endlat, part;
                                             ^

"ESMF_Scrip2Unstruct.C", line 406: warning: variable "mycells" was declared but never referenced [declared_but_not_referenced]
    int *mycells;
         ^

"ESMF_Scrip2Unstruct.C", line 407: warning: variable "alltotal" was declared but never referenced [declared_but_not_referenced]
    int alltotal, mypart, left, offset, mystart, mystartelement;
        ^

"ESMF_Scrip2Unstruct.C", line 407: warning: variable "mypart" was declared but never referenced [declared_but_not_referenced]
    int alltotal, mypart, left, offset, mystart, mystartelement;
                  ^

"ESMF_Scrip2Unstruct.C", line 407: warning: variable "left" was declared but never referenced [declared_but_not_referenced]
    int alltotal, mypart, left, offset, mystart, mystartelement;
                          ^

"ESMF_Scrip2Unstruct.C", line 407: warning: variable "offset" was declared but never referenced [declared_but_not_referenced]
    int alltotal, mypart, left, offset, mystart, mystartelement;
                                ^

"ESMF_Scrip2Unstruct.C", line 407: warning: variable "mystart" was declared but never referenced [declared_but_not_referenced]
    int alltotal, mypart, left, offset, mystart, mystartelement;
                                        ^

"ESMF_Scrip2Unstruct.C", line 407: warning: variable "mystartelement" was declared but never referenced [declared_but_not_referenced]
    int alltotal, mypart, left, offset, mystart, mystartelement;
                                                 ^

"ESMF_Scrip2Unstruct.C", line 408: warning: variable "start1" was declared but never referenced [declared_but_not_referenced]
    size_t start1[1], count1[1], start2[2], count2[2];
           ^

"ESMF_Scrip2Unstruct.C", line 408: warning: variable "count1" was declared but never referenced [declared_but_not_referenced]
    size_t start1[1], count1[1], start2[2], count2[2];
                      ^

"ESMF_Scrip2Unstruct.C", line 408: warning: variable "start2" was declared but never referenced [declared_but_not_referenced]
    size_t start1[1], count1[1], start2[2], count2[2];
                                 ^

"ESMF_Scrip2Unstruct.C", line 408: warning: variable "count2" was declared but never referenced [declared_but_not_referenced]
    size_t start1[1], count1[1], start2[2], count2[2];
                                            ^

"ESMF_Scrip2Unstruct.C", line 409: warning: variable "doesmf" was declared but never referenced [declared_but_not_referenced]
    int doesmf = 1;
        ^

"ESMF_Scrip2Unstruct.C", line 410: warning: variable "coord1d" was declared but never referenced [declared_but_not_referenced]
    double *coord1d;
            ^

"ESMF_Scrip2Unstruct.C", line 411: warning: variable "totalsize" was declared but never referenced [declared_but_not_referenced]
    int totalsize;
        ^

"ESMF_Scrip2Unstruct.C", line 419: warning: variable "grid_dims" was declared but never referenced [declared_but_not_referenced]
    int grid_dims[MAX_GRID_RANK];
        ^

"ESMF_Scrip2Unstruct.C", line 420: warning: variable "ogr_dimid" was declared but never referenced [declared_but_not_referenced]
    int ogr_dimid, ogd_id;  
        ^

"ESMF_Scrip2Unstruct.C", line 420: warning: variable "ogd_id" was declared but never referenced [declared_but_not_referenced]
    int ogr_dimid, ogd_id;  
                   ^

make chkdir_apps
make[5]: Entering directory '/gpfsm/dnb10/projects/p50/ESMF_Testing/nvhpc_26.1_openmpi_g_develop/esmf/src/apps/ESMF_Scrip2Unstruct'
make[5]: Leaving directory '/gpfsm/dnb10/projects/p50/ESMF_Testing/nvhpc_26.1_openmpi_g_develop/esmf/src/apps/ESMF_Scrip2Unstruct'
mpic++    -mcmodel=small -pthread -Wl,--no-as-needed  -mp -L/discover/nobackup/projects/gmao/SIteam/ESMF_Testing/nvhpc_26.1_openmpi_g_develop/esmf/DEFAULTINSTALLDIR/lib/libg/Linux.nvhpc.64.openmpi.default  -Wl,-rpath,/discover/nobackup/projects/gmao/SIteam/ESMF_Testing/nvhpc_26.1_openmpi_g_develop/esmf/DEFAULTINSTALLDIR/lib/libg/Linux.nvhpc.64.openmpi.default  -o /discover/nobackup/projects/gmao/SIteam/ESMF_Testing/nvhpc_26.1_openmpi_g_develop/esmf/DEFAULTINSTALLDIR/bin/bing/Linux.nvhpc.64.openmpi.default/ESMF_Scrip2Unstruct /discover/nobackup/projects/gmao/SIteam/ESMF_Testing/nvhpc_26.1_openmpi_g_develop/esmf/obj/objg/Linux.nvhpc.64.openmpi.default/src/apps/ESMF_Scrip2Unstruct/ESMF_Scrip2Unstruct.o -lesmf  -fortranlibs
make[4]: Leaving directory '/gpfsm/dnb10/projects/p50/ESMF_Testing/nvhpc_26.1_openmpi_g_develop/esmf/src/apps/ESMF_Scrip2Unstruct'
tree_build_apps in: /discover/nobackup/projects/gmao/SIteam/ESMF_Testing/nvhpc_26.1_openmpi_g_develop/esmf/src/apps/ESMF_Regrid
make[4]: Entering directory '/gpfsm/dnb10/projects/p50/ESMF_Testing/nvhpc_26.1_openmpi_g_develop/esmf/src/apps/ESMF_Regrid'
make chkdir_locobj
make[5]: Entering directory '/gpfsm/dnb10/projects/p50/ESMF_Testing/nvhpc_26.1_openmpi_g_develop/esmf/src/apps/ESMF_Regrid'
Making directory /discover/nobackup/projects/gmao/SIteam/ESMF_Testing/nvhpc_26.1_openmpi_g_develop/esmf/obj/objg/Linux.nvhpc.64.openmpi.default/src/apps/ESMF_Regrid for apps output
make[5]: Leaving directory '/gpfsm/dnb10/projects/p50/ESMF_Testing/nvhpc_26.1_openmpi_g_develop/esmf/src/apps/ESMF_Regrid'
mpifort -c -g  -fpic -mcmodel=small -Mallocatable=03 -pthread  -mp -I/discover/nobackup/projects/gmao/SIteam/ESMF_Testing/nvhpc_26.1_openmpi_g_develop/esmf/src/apps/ESMF_Regrid -I/discover/nobackup/projects/gmao/SIteam/ESMF_Testing/nvhpc_26.1_openmpi_g_develop/esmf/build_config/Linux.nvhpc.default -I/discover/nobackup/projects/gmao/SIteam/ESMF_Testing/nvhpc_26.1_openmpi_g_develop/esmf/src/Infrastructure -I/discover/nobackup/projects/gmao/SIteam/ESMF_Testing/nvhpc_26.1_openmpi_g_develop/esmf/src/Superstructure -I/discover/nobackup/projects/gmao/SIteam/ESMF_Testing/nvhpc_26.1_openmpi_g_develop/esmf/DEFAULTINSTALLDIR/mod/modg/Linux.nvhpc.64.openmpi.default -I/discover/nobackup/projects/gmao/SIteam/ESMF_Testing/nvhpc_26.1_openmpi_g_develop/esmf/src/include   -DESMF_NO_INTEGER_1_BYTE -DESMF_NO_INTEGER_2_BYTE -DESMF_VERSION_STRING_GIT='"develop+g1082792c4b"' -DESMF_MOAB=1 -DESMF_LAPACK=1 -DESMF_LAPACK_INTERNAL=1 -DESMF_NO_ACC_SOFTWARE_STACK=1 -DYAML=ESMF_YAML -DESMF_YAMLCPP=1 -DESMF_NO_OPENACC -DESMF_TESTEXHAUSTIVE -DESMF_BOPT_g -DESMF_TESTPERFORMANCE -DESMF_TESTCOMPTUNNEL -DESMF_TESTWITHTHREADS -DSx86_64_small=1 -DESMF_OS_Linux=1 -DESMF_COMM=openmpi -DESMF_DIR=/discover/nobackup/projects/gmao/SIteam/ESMF_Testing/nvhpc_26.1_openmpi_g_develop/esmf -DESMF_NO_F2018ASSUMEDTYPE ESMF_Regrid.F90 -o /discover/nobackup/projects/gmao/SIteam/ESMF_Testing/nvhpc_26.1_openmpi_g_develop/esmf/obj/objg/Linux.nvhpc.64.openmpi.default/src/apps/ESMF_Regrid/ESMF_Regrid.o
NVFORTRAN-W-0031-Illegal data type length specifier for complex (/discover/swdev/gmao_SIteam/MPI/openmpi/5.0.10/nvhpc-26.1/include/mpif-sizeof.h: 66)
NVFORTRAN-W-0031-Illegal data type length specifier for x (/discover/swdev/gmao_SIteam/MPI/openmpi/5.0.10/nvhpc-26.1/include/mpif-sizeof.h: 66)
NVFORTRAN-W-0031-Illegal data type length specifier for complex (/discover/swdev/gmao_SIteam/MPI/openmpi/5.0.10/nvhpc-26.1/include/mpif-sizeof.h: 72)
NVFORTRAN-W-0031-Illegal data type length specifier for x (/discover/swdev/gmao_SIteam/MPI/openmpi/5.0.10/nvhpc-26.1/include/mpif-sizeof.h: 72)
NVFORTRAN-W-0031-Illegal data type length specifier for complex (/discover/swdev/gmao_SIteam/MPI/openmpi/5.0.10/nvhpc-26.1/include/mpif-sizeof.h: 78)
NVFORTRAN-W-0031-Illegal data type length specifier for x (/discover/swdev/gmao_SIteam/MPI/openmpi/5.0.10/nvhpc-26.1/include/mpif-sizeof.h: 78)
NVFORTRAN-W-0031-Illegal data type length specifier for complex (/discover/swdev/gmao_SIteam/MPI/openmpi/5.0.10/nvhpc-26.1/include/mpif-sizeof.h: 84)
NVFORTRAN-W-0031-Illegal data type length specifier for x (/discover/swdev/gmao_SIteam/MPI/openmpi/5.0.10/nvhpc-26.1/include/mpif-sizeof.h: 84)
NVFORTRAN-W-0031-Illegal data type length specifier for complex (/discover/swdev/gmao_SIteam/MPI/openmpi/5.0.10/nvhpc-26.1/include/mpif-sizeof.h: 90)
NVFORTRAN-W-0031-Illegal data type length specifier for x (/discover/swdev/gmao_SIteam/MPI/openmpi/5.0.10/nvhpc-26.1/include/mpif-sizeof.h: 90)
NVFORTRAN-W-0031-Illegal data type length specifier for complex (/discover/swdev/gmao_SIteam/MPI/openmpi/5.0.10/nvhpc-26.1/include/mpif-sizeof.h: 96)
NVFORTRAN-W-0031-Illegal data type length specifier for x (/discover/swdev/gmao_SIteam/MPI/openmpi/5.0.10/nvhpc-26.1/include/mpif-sizeof.h: 96)
NVFORTRAN-W-0031-Illegal data type length specifier for complex (/discover/swdev/gmao_SIteam/MPI/openmpi/5.0.10/nvhpc-26.1/include/mpif-sizeof.h: 102)
NVFORTRAN-W-0031-Illegal data type length specifier for x (/discover/swdev/gmao_SIteam/MPI/openmpi/5.0.10/nvhpc-26.1/include/mpif-sizeof.h: 102)
NVFORTRAN-W-0031-Illegal data type length specifier for complex (/discover/swdev/gmao_SIteam/MPI/openmpi/5.0.10/nvhpc-26.1/include/mpif-sizeof.h: 108)
NVFORTRAN-W-0031-Illegal data type length specifier for x (/discover/swdev/gmao_SIteam/MPI/openmpi/5.0.10/nvhpc-26.1/include/mpif-sizeof.h: 108)
NVFORTRAN-W-0031-Illegal data type length specifier for complex (/discover/swdev/gmao_SIteam/MPI/openmpi/5.0.10/nvhpc-26.1/include/mpif-sizeof.h: 710)
NVFORTRAN-W-0031-Illegal data type length specifier for x (/discover/swdev/gmao_SIteam/MPI/openmpi/5.0.10/nvhpc-26.1/include/mpif-sizeof.h: 710)
NVFORTRAN-W-0031-Illegal data type length specifier for complex (/discover/swdev/gmao_SIteam/MPI/openmpi/5.0.10/nvhpc-26.1/include/mpif-sizeof.h: 716)
NVFORTRAN-W-0031-Illegal data type length specifier for x (/discover/swdev/gmao_SIteam/MPI/openmpi/5.0.10/nvhpc-26.1/include/mpif-sizeof.h: 716)
NVFORTRAN-W-0031-Illegal data type length specifier for complex (/discover/swdev/gmao_SIteam/MPI/openmpi/5.0.10/nvhpc-26.1/include/mpif-sizeof.h: 722)
NVFORTRAN-W-0031-Illegal data type length specifier for x (/discover/swdev/gmao_SIteam/MPI/openmpi/5.0.10/nvhpc-26.1/include/mpif-sizeof.h: 722)
NVFORTRAN-W-0031-Illegal data type length specifier for complex (/discover/swdev/gmao_SIteam/MPI/openmpi/5.0.10/nvhpc-26.1/include/mpif-sizeof.h: 728)
NVFORTRAN-W-0031-Illegal data type length specifier for x (/discover/swdev/gmao_SIteam/MPI/openmpi/5.0.10/nvhpc-26.1/include/mpif-sizeof.h: 728)
NVFORTRAN-W-0031-Illegal data type length specifier for complex (/discover/swdev/gmao_SIteam/MPI/openmpi/5.0.10/nvhpc-26.1/include/mpif-sizeof.h: 734)
NVFORTRAN-W-0031-Illegal data type length specifier for x (/discover/swdev/gmao_SIteam/MPI/openmpi/5.0.10/nvhpc-26.1/include/mpif-sizeof.h: 734)
NVFORTRAN-W-0031-Illegal data type length specifier for complex (/discover/swdev/gmao_SIteam/MPI/openmpi/5.0.10/nvhpc-26.1/include/mpif-sizeof.h: 740)
NVFORTRAN-W-0031-Illegal data type length specifier for x (/discover/swdev/gmao_SIteam/MPI/openmpi/5.0.10/nvhpc-26.1/include/mpif-sizeof.h: 740)
NVFORTRAN-W-0031-Illegal data type length specifier for complex (/discover/swdev/gmao_SIteam/MPI/openmpi/5.0.10/nvhpc-26.1/include/mpif-sizeof.h: 746)
NVFORTRAN-W-0031-Illegal data type length specifier for x (/discover/swdev/gmao_SIteam/MPI/openmpi/5.0.10/nvhpc-26.1/include/mpif-sizeof.h: 746)
NVFORTRAN-W-0031-Illegal data type length specifier for complex (/discover/swdev/gmao_SIteam/MPI/openmpi/5.0.10/nvhpc-26.1/include/mpif-sizeof.h: 752)
NVFORTRAN-W-0031-Illegal data type length specifier for x (/discover/swdev/gmao_SIteam/MPI/openmpi/5.0.10/nvhpc-26.1/include/mpif-sizeof.h: 752)
  0 inform,  32 warnings,   0 severes, 0 fatal for esmf_regridapp
make chkdir_apps
make[5]: Entering directory '/gpfsm/dnb10/projects/p50/ESMF_Testing/nvhpc_26.1_openmpi_g_develop/esmf/src/apps/ESMF_Regrid'
make[5]: Leaving directory '/gpfsm/dnb10/projects/p50/ESMF_Testing/nvhpc_26.1_openmpi_g_develop/esmf/src/apps/ESMF_Regrid'
mpifort    -mcmodel=small -pthread -Wl,--no-as-needed  -mp -L/discover/nobackup/projects/gmao/SIteam/ESMF_Testing/nvhpc_26.1_openmpi_g_develop/esmf/DEFAULTINSTALLDIR/lib/libg/Linux.nvhpc.64.openmpi.default  -Wl,-rpath,/discover/nobackup/projects/gmao/SIteam/ESMF_Testing/nvhpc_26.1_openmpi_g_develop/esmf/DEFAULTINSTALLDIR/lib/libg/Linux.nvhpc.64.openmpi.default  -o /discover/nobackup/projects/gmao/SIteam/ESMF_Testing/nvhpc_26.1_openmpi_g_develop/esmf/DEFAULTINSTALLDIR/bin/bing/Linux.nvhpc.64.openmpi.default/ESMF_Regrid /discover/nobackup/projects/gmao/SIteam/ESMF_Testing/nvhpc_26.1_openmpi_g_develop/esmf/obj/objg/Linux.nvhpc.64.openmpi.default/src/apps/ESMF_Regrid/ESMF_Regrid.o -lesmf  -c++libs
make[4]: Leaving directory '/gpfsm/dnb10/projects/p50/ESMF_Testing/nvhpc_26.1_openmpi_g_develop/esmf/src/apps/ESMF_Regrid'
tree_build_apps in: /discover/nobackup/projects/gmao/SIteam/ESMF_Testing/nvhpc_26.1_openmpi_g_develop/esmf/src/apps/ESMX_Builder
make[4]: Entering directory '/gpfsm/dnb10/projects/p50/ESMF_Testing/nvhpc_26.1_openmpi_g_develop/esmf/src/apps/ESMX_Builder'
make chkdir_apps
make[5]: Entering directory '/gpfsm/dnb10/projects/p50/ESMF_Testing/nvhpc_26.1_openmpi_g_develop/esmf/src/apps/ESMX_Builder'
make[5]: Leaving directory '/gpfsm/dnb10/projects/p50/ESMF_Testing/nvhpc_26.1_openmpi_g_develop/esmf/src/apps/ESMX_Builder'
cp -f ESMX_Builder.sh /discover/nobackup/projects/gmao/SIteam/ESMF_Testing/nvhpc_26.1_openmpi_g_develop/esmf/DEFAULTINSTALLDIR/bin/bing/Linux.nvhpc.64.openmpi.default/ESMX_Builder
make[4]: Leaving directory '/gpfsm/dnb10/projects/p50/ESMF_Testing/nvhpc_26.1_openmpi_g_develop/esmf/src/apps/ESMX_Builder'
make[3]: Leaving directory '/gpfsm/dnb10/projects/p50/ESMF_Testing/nvhpc_26.1_openmpi_g_develop/esmf/src/apps'
ESMF apps built successfully.
make[2]: Leaving directory '/gpfsm/dnb10/projects/p50/ESMF_Testing/nvhpc_26.1_openmpi_g_develop/esmf'
make[1]: Leaving directory '/gpfsm/dnb10/projects/p50/ESMF_Testing/nvhpc_26.1_openmpi_g_develop/esmf'
mkdir -p /discover/nobackup/projects/gmao/SIteam/ESMF_Testing/nvhpc_26.1_openmpi_g_develop/esmf/DEFAULTINSTALLDIR/doc
make install_info_mk
make[1]: Entering directory '/gpfsm/dnb10/projects/p50/ESMF_Testing/nvhpc_26.1_openmpi_g_develop/esmf'
make info_mk ESMF_APPSDIR=/discover/nobackup/projects/gmao/SIteam/ESMF_Testing/nvhpc_26.1_openmpi_g_develop/esmf/DEFAULTINSTALLDIR/bin/bing/Linux.nvhpc.64.openmpi.default ESMF_LDIR=/discover/nobackup/projects/gmao/SIteam/ESMF_Testing/nvhpc_26.1_openmpi_g_develop/esmf/DEFAULTINSTALLDIR/lib/libg/Linux.nvhpc.64.openmpi.default ESMF_LIBDIR=/discover/nobackup/projects/gmao/SIteam/ESMF_Testing/nvhpc_26.1_openmpi_g_develop/esmf/DEFAULTINSTALLDIR/lib/libg/Linux.nvhpc.64.openmpi.default ESMF_ESMXDIR=/discover/nobackup/projects/gmao/SIteam/ESMF_Testing/nvhpc_26.1_openmpi_g_develop/esmf/DEFAULTINSTALLDIR/include/ESMX ESMF_CMAKEDIR=/discover/nobackup/projects/gmao/SIteam/ESMF_Testing/nvhpc_26.1_openmpi_g_develop/esmf/DEFAULTINSTALLDIR/cmake ESMF_MODDIR=/discover/nobackup/projects/gmao/SIteam/ESMF_Testing/nvhpc_26.1_openmpi_g_develop/esmf/DEFAULTINSTALLDIR/mod/modg/Linux.nvhpc.64.openmpi.default ESMF_INCDIR=/discover/nobackup/projects/gmao/SIteam/ESMF_Testing/nvhpc_26.1_openmpi_g_develop/esmf/DEFAULTINSTALLDIR/include
make[2]: Entering directory '/gpfsm/dnb10/projects/p50/ESMF_Testing/nvhpc_26.1_openmpi_g_develop/esmf'
make[2]: Leaving directory '/gpfsm/dnb10/projects/p50/ESMF_Testing/nvhpc_26.1_openmpi_g_develop/esmf'
make[1]: Leaving directory '/gpfsm/dnb10/projects/p50/ESMF_Testing/nvhpc_26.1_openmpi_g_develop/esmf'
/discover/nobackup/projects/gmao/SIteam/ESMF_Testing/nvhpc_26.1_openmpi_g_develop/esmf/cmake/generate_config.py --esmfmkfile=/discover/nobackup/projects/gmao/SIteam/ESMF_Testing/nvhpc_26.1_openmpi_g_develop/esmf/DEFAULTINSTALLDIR/lib/libg/Linux.nvhpc.64.openmpi.default/esmf.mk --template=/discover/nobackup/projects/gmao/SIteam/ESMF_Testing/nvhpc_26.1_openmpi_g_develop/esmf/cmake/ESMFConfig.cmake.in --outputdir=/discover/nobackup/projects/gmao/SIteam/ESMF_Testing/nvhpc_26.1_openmpi_g_develop/esmf/DEFAULTINSTALLDIR/lib/libg/Linux.nvhpc.64.openmpi.default/cmake/ESMF
Successfully generated config: /discover/nobackup/projects/gmao/SIteam/ESMF_Testing/nvhpc_26.1_openmpi_g_develop/esmf/DEFAULTINSTALLDIR/lib/libg/Linux.nvhpc.64.openmpi.default/cmake/ESMF/ESMFConfig.cmake (MPI: TRUE, Imported Target: libesmf.so)
Successfully generated version handler: /discover/nobackup/projects/gmao/SIteam/ESMF_Testing/nvhpc_26.1_openmpi_g_develop/esmf/DEFAULTINSTALLDIR/lib/libg/Linux.nvhpc.64.openmpi.default/cmake/ESMF/ESMFConfigVersion.cmake
 
ESMF installation complete.
 
