2026-05-16 20:29:11
20260516 204514.564 INFO             PET0 !!!!!!!!!!!!!!!!!!!!!!!!!!!!!!!!!!!!!!!!!!!!!!!!!!!!!!
20260516 204514.564 INFO             PET0 !!! THE ESMF_LOG IS SET TO OUTPUT ALL LOG MESSAGES !!!
20260516 204514.564 INFO             PET0 !!!     THIS MAY CAUSE SLOWDOWN IN PERFORMANCE     !!!
20260516 204514.564 INFO             PET0 !!! FOR PRODUCTION RUNS, USE:                      !!!
20260516 204514.564 INFO             PET0 !!!                   ESMF_LOGKIND_Multi_On_Error  !!!
20260516 204514.564 INFO             PET0 !!!!!!!!!!!!!!!!!!!!!!!!!!!!!!!!!!!!!!!!!!!!!!!!!!!!!!
20260516 204514.564 INFO             PET0 Running with ESMF Version   : v9.0.0b13
20260516 204514.564 INFO             PET0 ESMF library build date/time: "May 16 2026" "20:28:17"
20260516 204514.564 INFO             PET0 ESMF library build location : /usr/local/esmf/esmf-testing/nagclang_7.2.44_17.0.0_openmpi_g_develop/esmf
20260516 204514.564 INFO             PET0 ESMF_COMM                   : openmpi
20260516 204514.564 INFO             PET0 ESMF_MOAB                   : enabled
20260516 204514.564 INFO             PET0 ESMF_LAPACK                 : enabled
20260516 204514.564 INFO             PET0 ESMF_NETCDF                 : enabled
20260516 204514.564 INFO             PET0 ESMF_PNETCDF                : disabled
20260516 204514.564 INFO             PET0 ESMF_PIO                    : enabled
20260516 204514.564 INFO             PET0 ESMF_YAMLCPP                : enabled
20260516 204514.564 INFO             PET0  NUMBER_OF_PROCESSORS 4
20260516 204514.564 INFO             PET0  PASS  Example ESMF_VMUserMpiEx, ESMF_VMUserMpiEx.F90, line 100
20260516 204514.564 INFO             PET0  Finalizing ESMF with endflag==ESMF_END_KEEPMPI
20260516 204514.564 INFO             PET1 !!!!!!!!!!!!!!!!!!!!!!!!!!!!!!!!!!!!!!!!!!!!!!!!!!!!!!
20260516 204514.564 INFO             PET1 !!! THE ESMF_LOG IS SET TO OUTPUT ALL LOG MESSAGES !!!
20260516 204514.564 INFO             PET1 !!!     THIS MAY CAUSE SLOWDOWN IN PERFORMANCE     !!!
20260516 204514.564 INFO             PET1 !!! FOR PRODUCTION RUNS, USE:                      !!!
20260516 204514.564 INFO             PET1 !!!                   ESMF_LOGKIND_Multi_On_Error  !!!
20260516 204514.564 INFO             PET1 !!!!!!!!!!!!!!!!!!!!!!!!!!!!!!!!!!!!!!!!!!!!!!!!!!!!!!
20260516 204514.564 INFO             PET1 Running with ESMF Version   : v9.0.0b13
20260516 204514.564 INFO             PET1 ESMF library build date/time: "May 16 2026" "20:28:17"
20260516 204514.564 INFO             PET1 ESMF library build location : /usr/local/esmf/esmf-testing/nagclang_7.2.44_17.0.0_openmpi_g_develop/esmf
20260516 204514.564 INFO             PET1 ESMF_COMM                   : openmpi
20260516 204514.564 INFO             PET1 ESMF_MOAB                   : enabled
20260516 204514.564 INFO             PET1 ESMF_LAPACK                 : enabled
20260516 204514.564 INFO             PET1 ESMF_NETCDF                 : enabled
20260516 204514.564 INFO             PET1 ESMF_PNETCDF                : disabled
20260516 204514.564 INFO             PET1 ESMF_PIO                    : enabled
20260516 204514.564 INFO             PET1 ESMF_YAMLCPP                : enabled
20260516 204514.564 INFO             PET1  NUMBER_OF_PROCESSORS 4
20260516 204514.564 INFO             PET1  PASS  Example ESMF_VMUserMpiEx, ESMF_VMUserMpiEx.F90, line 100
20260516 204514.564 INFO             PET1  Finalizing ESMF with endflag==ESMF_END_KEEPMPI
20260516 204514.564 INFO             PET2 !!!!!!!!!!!!!!!!!!!!!!!!!!!!!!!!!!!!!!!!!!!!!!!!!!!!!!
20260516 204514.564 INFO             PET2 !!! THE ESMF_LOG IS SET TO OUTPUT ALL LOG MESSAGES !!!
20260516 204514.564 INFO             PET2 !!!     THIS MAY CAUSE SLOWDOWN IN PERFORMANCE     !!!
20260516 204514.564 INFO             PET2 !!! FOR PRODUCTION RUNS, USE:                      !!!
20260516 204514.564 INFO             PET2 !!!                   ESMF_LOGKIND_Multi_On_Error  !!!
20260516 204514.564 INFO             PET2 !!!!!!!!!!!!!!!!!!!!!!!!!!!!!!!!!!!!!!!!!!!!!!!!!!!!!!
20260516 204514.564 INFO             PET2 Running with ESMF Version   : v9.0.0b13
20260516 204514.564 INFO             PET2 ESMF library build date/time: "May 16 2026" "20:28:17"
20260516 204514.564 INFO             PET2 ESMF library build location : /usr/local/esmf/esmf-testing/nagclang_7.2.44_17.0.0_openmpi_g_develop/esmf
20260516 204514.564 INFO             PET2 ESMF_COMM                   : openmpi
20260516 204514.564 INFO             PET2 ESMF_MOAB                   : enabled
20260516 204514.564 INFO             PET2 ESMF_LAPACK                 : enabled
20260516 204514.564 INFO             PET2 ESMF_NETCDF                 : enabled
20260516 204514.564 INFO             PET2 ESMF_PNETCDF                : disabled
20260516 204514.564 INFO             PET2 ESMF_PIO                    : enabled
20260516 204514.564 INFO             PET2 ESMF_YAMLCPP                : enabled
20260516 204514.564 INFO             PET2  NUMBER_OF_PROCESSORS 4
20260516 204514.564 INFO             PET2  PASS  Example ESMF_VMUserMpiEx, ESMF_VMUserMpiEx.F90, line 100
20260516 204514.564 INFO             PET2  Finalizing ESMF with endflag==ESMF_END_KEEPMPI
20260516 204514.564 INFO             PET3 !!!!!!!!!!!!!!!!!!!!!!!!!!!!!!!!!!!!!!!!!!!!!!!!!!!!!!
20260516 204514.564 INFO             PET3 !!! THE ESMF_LOG IS SET TO OUTPUT ALL LOG MESSAGES !!!
20260516 204514.564 INFO             PET3 !!!     THIS MAY CAUSE SLOWDOWN IN PERFORMANCE     !!!
20260516 204514.564 INFO             PET3 !!! FOR PRODUCTION RUNS, USE:                      !!!
20260516 204514.564 INFO             PET3 !!!                   ESMF_LOGKIND_Multi_On_Error  !!!
20260516 204514.564 INFO             PET3 !!!!!!!!!!!!!!!!!!!!!!!!!!!!!!!!!!!!!!!!!!!!!!!!!!!!!!
20260516 204514.564 INFO             PET3 Running with ESMF Version   : v9.0.0b13
20260516 204514.564 INFO             PET3 ESMF library build date/time: "May 16 2026" "20:28:17"
20260516 204514.564 INFO             PET3 ESMF library build location : /usr/local/esmf/esmf-testing/nagclang_7.2.44_17.0.0_openmpi_g_develop/esmf
20260516 204514.564 INFO             PET3 ESMF_COMM                   : openmpi
20260516 204514.564 INFO             PET3 ESMF_MOAB                   : enabled
20260516 204514.564 INFO             PET3 ESMF_LAPACK                 : enabled
20260516 204514.564 INFO             PET3 ESMF_NETCDF                 : enabled
20260516 204514.564 INFO             PET3 ESMF_PNETCDF                : disabled
20260516 204514.564 INFO             PET3 ESMF_PIO                    : enabled
20260516 204514.564 INFO             PET3 ESMF_YAMLCPP                : enabled
20260516 204514.564 INFO             PET3  NUMBER_OF_PROCESSORS 4
20260516 204514.564 INFO             PET3  PASS  Example ESMF_VMUserMpiEx, ESMF_VMUserMpiEx.F90, line 100
20260516 204514.564 INFO             PET3  Finalizing ESMF with endflag==ESMF_END_KEEPMPI
