2026-08-25 20:56:08
 Application Example 1:
 Application Example 1:
 Application Example 1:
 Application Example 1:
 Comp Create returned, name = Atmosphere Model Gridded Component
 Comp Create returned, name = Atmosphere Model Gridded Component
 Comp Create returned, name = Atmosphere Model Gridded Component
 Comp Create returned, name = Atmosphere Model Gridded Component
 Gridded Comp Init starting
 Gridded Comp Init returning
 Comp Initialize complete
 Gridded Comp Run starting
 Gridded Comp Init starting
 Gridded Comp Init returning
 Comp Initialize complete
 Gridded Comp Run starting
 Gridded Comp Run returning
 Gridded Comp Init starting
 Gridded Comp Init returning
 Comp Initialize complete
 Gridded Comp Run starting
 Gridded Comp Run returning
 Gridded Comp Run returning
 Gridded Comp Run starting
 Gridded Comp Run starting
 Gridded Comp Run returning
 Gridded Comp Run returning
 Gridded Comp Run starting
 Gridded Comp Run starting
 Gridded Comp Run starting
 Gridded Comp Run returning
 Gridded Comp Run starting
 Gridded Comp Run returning
 Gridded Comp Run returning
 Gridded Comp Run starting
 Gridded Comp Run returning
 Comp Run complete
 Gridded Comp Final starting
 Gridded Comp Final returning
 Comp Finalize complete
 Destroy calls returned
 Gridded Comp Run returning
 Gridded Comp Run starting
 Gridded Comp Run returning
 Comp Run complete
 Gridded Comp Final starting
 Gridded Comp Final returning
 Comp Finalize complete
 Destroy calls returned
 Application Example 1 finished
 Application Example 1 finished
 Gridded Comp Run starting
 Gridded Comp Run returning
 Comp Run complete
 Gridded Comp Final starting
 Gridded Comp Final returning
 Comp Finalize complete
 Destroy calls returned
 Application Example 1 finished
  PASS  Example ESMF_GCompEx, ESMF_GCompEx.F90, line 465
 Gridded Comp Init starting
 Gridded Comp Init returning
  PASS  Example ESMF_GCompEx, ESMF_GCompEx.F90, line 465
  PASS  Example ESMF_GCompEx, ESMF_GCompEx.F90, line 465
 Comp Initialize complete
 Gridded Comp Run starting
 Gridded Comp Run returning
 Gridded Comp Run starting
 Gridded Comp Run returning
 Gridded Comp Run starting
 Gridded Comp Run returning
 Gridded Comp Run starting
 Gridded Comp Run returning
 Comp Run complete
 Gridded Comp Final starting
 Gridded Comp Final returning
 Comp Finalize complete
 Destroy calls returned
 Application Example 1 finished
  PASS  Example ESMF_GCompEx, ESMF_GCompEx.F90, line 465
 PASS: ESMF_GCompEx.F90
 PASS: ESMF_GCompEx.F90
 PASS: ESMF_GCompEx.F90
 PASS: ESMF_GCompEx.F90
