+ '[' -z '' ']'
+ case "$-" in
+ __lmod_sh_dbg=x
+ '[' -n x ']'
+ set +x
Shell debugging temporarily silenced: export LMOD_SH_DBG_ON=1 for Lmod's output

Currently Loaded Modules:
  1) craype-x86-rome                                11) cray-dsmml/0.3.1
  2) libfabric/1.20.1                               12) PrgEnv-intel/8.6.0
  3) craype-network-ofi                             13) git/2.35.2
  4) perftools-base/25.03.0                         14) cmake/3.27.9
  5) xpmem/2.9.6-1.1_20240510205610__g087dc11fc19d  15) cray-libsci/25.03.0
  6) CmrsEnv/default                                16) intel-oneapi/2025.0
  7) TimeZoneEDT/default                            17) cray-mpich/8.1.32
  8) DefApps/default                                18) cray-hdf5/1.14.3.5
  9) cray-pmi/6.1.15                                19) cray-netcdf/4.9.0.17
 10) craype/2.7.34

 

Shell debugging restarted
+ unset __lmod_sh_dbg
+ return 0
