2026-07-02 21:28:06
20260702 222005.136 INFO             PET0 !!!!!!!!!!!!!!!!!!!!!!!!!!!!!!!!!!!!!!!!!!!!!!!!!!!!!!
20260702 222005.136 INFO             PET0 !!! THE ESMF_LOG IS SET TO OUTPUT ALL LOG MESSAGES !!!
20260702 222005.136 INFO             PET0 !!!     THIS MAY CAUSE SLOWDOWN IN PERFORMANCE     !!!
20260702 222005.136 INFO             PET0 !!! FOR PRODUCTION RUNS, USE:                      !!!
20260702 222005.136 INFO             PET0 !!!                   ESMF_LOGKIND_Multi_On_Error  !!!
20260702 222005.136 INFO             PET0 !!!!!!!!!!!!!!!!!!!!!!!!!!!!!!!!!!!!!!!!!!!!!!!!!!!!!!
20260702 222005.136 INFO             PET0 Running with ESMF Version   : feature/intel-update+gf55a8a3a41
20260702 222005.136 INFO             PET0 ESMF library build date/time: "Jul  2 2026" "21:25:30"
20260702 222005.136 INFO             PET0 ESMF library build location : /scratch3/NCEPDEV/stmp/Gerhard.Theurich/ESMF-Nightly-Testing-Hera/intel_2023.2.0_mpiuni_g_feature_intel-update/esmf
20260702 222005.136 INFO             PET0 ESMF_COMM                   : mpiuni
20260702 222005.136 INFO             PET0 ESMF_MOAB                   : enabled
20260702 222005.136 INFO             PET0 ESMF_LAPACK                 : enabled
20260702 222005.136 INFO             PET0 ESMF_NETCDF                 : enabled
20260702 222005.136 INFO             PET0 ESMF_PNETCDF                : disabled
20260702 222005.136 INFO             PET0 ESMF_PIO                    : enabled
20260702 222005.136 INFO             PET0 ESMF_YAMLCPP                : enabled
20260702 222005.139 INFO             PET0  NUMBER_OF_PROCESSORS           1
20260702 222005.139 INFO             PET0  PASS  Example ESMF_AttachMethodsEx, ESMF_AttachMethodsEx.F90, line 292
20260702 222005.139 INFO             PET0  Finalizing ESMF
