2026-06-22 03:59:56
20260622 044637.032 INFO             PET0 !!!!!!!!!!!!!!!!!!!!!!!!!!!!!!!!!!!!!!!!!!!!!!!!!!!!!!
20260622 044637.032 INFO             PET0 !!! THE ESMF_LOG IS SET TO OUTPUT ALL LOG MESSAGES !!!
20260622 044637.032 INFO             PET0 !!!     THIS MAY CAUSE SLOWDOWN IN PERFORMANCE     !!!
20260622 044637.032 INFO             PET0 !!! FOR PRODUCTION RUNS, USE:                      !!!
20260622 044637.032 INFO             PET0 !!!                   ESMF_LOGKIND_Multi_On_Error  !!!
20260622 044637.032 INFO             PET0 !!!!!!!!!!!!!!!!!!!!!!!!!!!!!!!!!!!!!!!!!!!!!!!!!!!!!!
20260622 044637.032 INFO             PET0 Running with ESMF Version   : develop+gb44f36ed28
20260622 044637.032 INFO             PET0 ESMF library build date/time: "Jun 22 2026" "03:57:23"
20260622 044637.032 INFO             PET0 ESMF library build location : /tmp/nvhpc_25.5_mpi_O_develop/esmf
20260622 044637.032 INFO             PET0 ESMF_COMM                   : mpi
20260622 044637.032 INFO             PET0 ESMF_MOAB                   : enabled
20260622 044637.032 INFO             PET0 ESMF_LAPACK                 : enabled
20260622 044637.032 INFO             PET0 ESMF_NETCDF                 : enabled
20260622 044637.032 INFO             PET0 ESMF_PNETCDF                : disabled
20260622 044637.032 INFO             PET0 ESMF_PIO                    : enabled
20260622 044637.032 INFO             PET0 ESMF_YAMLCPP                : enabled
20260622 044637.032 INFO             PET0  NUMBER_OF_PROCESSORS            1
20260622 044637.032 INFO             PET0  PASS  Example ESMF_TimeEx, ESMF_TimeEx.F90, line 141
20260622 044637.032 INFO             PET0  Finalizing ESMF
