2026-05-09 02:49:59
20260509 044527.093 INFO             PET0 !!!!!!!!!!!!!!!!!!!!!!!!!!!!!!!!!!!!!!!!!!!!!!!!!!!!!!
20260509 044527.093 INFO             PET0 !!! THE ESMF_LOG IS SET TO OUTPUT ALL LOG MESSAGES !!!
20260509 044527.093 INFO             PET0 !!!     THIS MAY CAUSE SLOWDOWN IN PERFORMANCE     !!!
20260509 044527.093 INFO             PET0 !!! FOR PRODUCTION RUNS, USE:                      !!!
20260509 044527.093 INFO             PET0 !!!                   ESMF_LOGKIND_Multi_On_Error  !!!
20260509 044527.093 INFO             PET0 !!!!!!!!!!!!!!!!!!!!!!!!!!!!!!!!!!!!!!!!!!!!!!!!!!!!!!
20260509 044527.093 INFO             PET0 Running with ESMF Version   : v9.0.0b13
20260509 044527.093 INFO             PET0 ESMF library build date/time: "May  9 2026" "02:46:34"
20260509 044527.093 INFO             PET0 ESMF library build location : /glade/derecho/scratch/sacks/esmf-testing/nvhpc_26.1_mpi_O_develop/esmf
20260509 044527.093 INFO             PET0 ESMF_COMM                   : mpi
20260509 044527.093 INFO             PET0 ESMF_MOAB                   : enabled
20260509 044527.093 INFO             PET0 ESMF_LAPACK                 : enabled
20260509 044527.093 INFO             PET0 ESMF_NETCDF                 : enabled
20260509 044527.093 INFO             PET0 ESMF_PNETCDF                : disabled
20260509 044527.093 INFO             PET0 ESMF_PIO                    : enabled
20260509 044527.093 INFO             PET0 ESMF_YAMLCPP                : enabled
20260509 044527.093 INFO             PET0  NUMBER_OF_PROCESSORS            1
20260509 044527.093 INFO             PET0  PASS  Example ESMF_TimeIntervalEx, ESMF_TimeIntervalEx.F90, line 176
20260509 044527.093 INFO             PET0  Finalizing ESMF
