2026-05-20 02:38:30
20260520 032621.146 INFO             PET0 !!!!!!!!!!!!!!!!!!!!!!!!!!!!!!!!!!!!!!!!!!!!!!!!!!!!!!
20260520 032621.146 INFO             PET0 !!! THE ESMF_LOG IS SET TO OUTPUT ALL LOG MESSAGES !!!
20260520 032621.146 INFO             PET0 !!!     THIS MAY CAUSE SLOWDOWN IN PERFORMANCE     !!!
20260520 032621.146 INFO             PET0 !!! FOR PRODUCTION RUNS, USE:                      !!!
20260520 032621.146 INFO             PET0 !!!                   ESMF_LOGKIND_Multi_On_Error  !!!
20260520 032621.146 INFO             PET0 !!!!!!!!!!!!!!!!!!!!!!!!!!!!!!!!!!!!!!!!!!!!!!!!!!!!!!
20260520 032621.146 INFO             PET0 Running with ESMF Version   : develop+g3a22a06bd4
20260520 032621.146 INFO             PET0 ESMF library build date/time: "May 20 2026" "02:35:05"
20260520 032621.146 INFO             PET0 ESMF library build location : /glade/derecho/scratch/sacks/esmf-testing/nvhpc_26.1_mpi_O_develop/esmf
20260520 032621.146 INFO             PET0 ESMF_COMM                   : mpi
20260520 032621.146 INFO             PET0 ESMF_MOAB                   : enabled
20260520 032621.146 INFO             PET0 ESMF_LAPACK                 : enabled
20260520 032621.146 INFO             PET0 ESMF_NETCDF                 : enabled
20260520 032621.146 INFO             PET0 ESMF_PNETCDF                : disabled
20260520 032621.146 INFO             PET0 ESMF_PIO                    : enabled
20260520 032621.146 INFO             PET0 ESMF_YAMLCPP                : enabled
20260520 032621.147 INFO             PET0  NUMBER_OF_PROCESSORS            1
20260520 032621.147 INFO             PET0  PASS  Example ESMF_ClockEx, ESMF_ClockEx.F90, line 220
20260520 032621.147 INFO             PET0  Finalizing ESMF
