2026-06-13 03:21:16
Invalid /etc/cray/nid value dec2260

 Field Get Data Pointer example returned
 Field Get Grid and Array example returned
 Field creation from Grid, typekind, and rank returned
 Field creation from Grid and Arrayspec returned
 Field Create from a Grid and an Array returned
 Complete a Field created by ESMF_FieldEmptyCreate returned
 Complete a Field created by ESMF_FieldEmptyCreate returned
 Field Create from a Grid and a Fortran data pointer returned
  PASS  Example ESMF_FieldEx, ESMF_FieldEx.F90, line 999
 PASS: ESMF_FieldEx.F90
 Field Get Data Pointer example returned
 Field Get Grid and Array example returned
 Field creation from Grid, typekind, and rank returned
 Field creation from Grid and Arrayspec returned
 Field Create from a Grid and an Array returned
 Complete a Field created by ESMF_FieldEmptyCreate returned
 Complete a Field created by ESMF_FieldEmptyCreate returned
 Field Create from a Grid and a Fortran data pointer returned
  PASS  Example ESMF_FieldEx, ESMF_FieldEx.F90, line 999
 PASS: ESMF_FieldEx.F90
 Field Get Data Pointer example returned
 Field Get Grid and Array example returned
 Field creation from Grid, typekind, and rank returned
 Field creation from Grid and Arrayspec returned
 Field Create from a Grid and an Array returned
 Complete a Field created by ESMF_FieldEmptyCreate returned
 Complete a Field created by ESMF_FieldEmptyCreate returned
 Field Create from a Grid and a Fortran data pointer returned
  PASS  Example ESMF_FieldEx, ESMF_FieldEx.F90, line 999
 PASS: ESMF_FieldEx.F90
 Field Get Data Pointer example returned
 Field Get Grid and Array example returned
 Field creation from Grid, typekind, and rank returned
 Field creation from Grid and Arrayspec returned
 Field Create from a Grid and an Array returned
 Complete a Field created by ESMF_FieldEmptyCreate returned
 Complete a Field created by ESMF_FieldEmptyCreate returned
 Field Create from a Grid and a Fortran data pointer returned
  PASS  Example ESMF_FieldEx, ESMF_FieldEx.F90, line 999
 PASS: ESMF_FieldEx.F90
