2026-08-07 04:09:11
20260807 050056.287 INFO             PET0 !!!!!!!!!!!!!!!!!!!!!!!!!!!!!!!!!!!!!!!!!!!!!!!!!!!!!!
20260807 050056.287 INFO             PET0 !!! THE ESMF_LOG IS SET TO OUTPUT ALL LOG MESSAGES !!!
20260807 050056.287 INFO             PET0 !!!     THIS MAY CAUSE SLOWDOWN IN PERFORMANCE     !!!
20260807 050056.287 INFO             PET0 !!! FOR PRODUCTION RUNS, USE:                      !!!
20260807 050056.287 INFO             PET0 !!!                   ESMF_LOGKIND_Multi_On_Error  !!!
20260807 050056.287 INFO             PET0 !!!!!!!!!!!!!!!!!!!!!!!!!!!!!!!!!!!!!!!!!!!!!!!!!!!!!!
20260807 050056.287 INFO             PET0 Running with ESMF Version   : develop+g432bc4507e
20260807 050056.287 INFO             PET0 ESMF library build date/time: "Aug  7 2026" "04:05:43"
20260807 050056.287 INFO             PET0 ESMF library build location : /glade/derecho/scratch/sacks/esmf-testing/nvhpc_26.1_mpi_O_develop/esmf
20260807 050056.287 INFO             PET0 ESMF_COMM                   : mpi
20260807 050056.288 INFO             PET0 ESMF_MOAB                   : enabled
20260807 050056.288 INFO             PET0 ESMF_LAPACK                 : enabled
20260807 050056.288 INFO             PET0 ESMF_NETCDF                 : enabled
20260807 050056.288 INFO             PET0 ESMF_PNETCDF                : disabled
20260807 050056.288 INFO             PET0 ESMF_PIO                    : enabled
20260807 050056.288 INFO             PET0 ESMF_YAMLCPP                : enabled
20260807 050056.295 INFO             PET0 ESMF_FieldRedistStoreNF(): Just entered routine.
20260807 050056.327 INFO             PET0 ESMF_FieldRedistStoreNF(): Leaving routine.
20260807 050056.981 INFO             PET0  NUMBER_OF_PROCESSORS            4
20260807 050056.981 INFO             PET0  PASS  Example ESMF_RHandleFromFileEx, ESMF_RHandleFromFileEx.F90, line 192
20260807 050056.981 INFO             PET0  Finalizing ESMF
20260807 050056.287 INFO             PET1 !!!!!!!!!!!!!!!!!!!!!!!!!!!!!!!!!!!!!!!!!!!!!!!!!!!!!!
20260807 050056.287 INFO             PET1 !!! THE ESMF_LOG IS SET TO OUTPUT ALL LOG MESSAGES !!!
20260807 050056.287 INFO             PET1 !!!     THIS MAY CAUSE SLOWDOWN IN PERFORMANCE     !!!
20260807 050056.287 INFO             PET1 !!! FOR PRODUCTION RUNS, USE:                      !!!
20260807 050056.287 INFO             PET1 !!!                   ESMF_LOGKIND_Multi_On_Error  !!!
20260807 050056.287 INFO             PET1 !!!!!!!!!!!!!!!!!!!!!!!!!!!!!!!!!!!!!!!!!!!!!!!!!!!!!!
20260807 050056.287 INFO             PET1 Running with ESMF Version   : develop+g432bc4507e
20260807 050056.287 INFO             PET1 ESMF library build date/time: "Aug  7 2026" "04:05:43"
20260807 050056.287 INFO             PET1 ESMF library build location : /glade/derecho/scratch/sacks/esmf-testing/nvhpc_26.1_mpi_O_develop/esmf
20260807 050056.287 INFO             PET1 ESMF_COMM                   : mpi
20260807 050056.290 INFO             PET1 ESMF_MOAB                   : enabled
20260807 050056.290 INFO             PET1 ESMF_LAPACK                 : enabled
20260807 050056.290 INFO             PET1 ESMF_NETCDF                 : enabled
20260807 050056.290 INFO             PET1 ESMF_PNETCDF                : disabled
20260807 050056.290 INFO             PET1 ESMF_PIO                    : enabled
20260807 050056.290 INFO             PET1 ESMF_YAMLCPP                : enabled
20260807 050056.295 INFO             PET1 ESMF_FieldRedistStoreNF(): Just entered routine.
20260807 050056.327 INFO             PET1 ESMF_FieldRedistStoreNF(): Leaving routine.
20260807 050056.981 INFO             PET1  NUMBER_OF_PROCESSORS            4
20260807 050056.981 INFO             PET1  PASS  Example ESMF_RHandleFromFileEx, ESMF_RHandleFromFileEx.F90, line 192
20260807 050056.981 INFO             PET1  Finalizing ESMF
20260807 050056.287 INFO             PET2 !!!!!!!!!!!!!!!!!!!!!!!!!!!!!!!!!!!!!!!!!!!!!!!!!!!!!!
20260807 050056.287 INFO             PET2 !!! THE ESMF_LOG IS SET TO OUTPUT ALL LOG MESSAGES !!!
20260807 050056.287 INFO             PET2 !!!     THIS MAY CAUSE SLOWDOWN IN PERFORMANCE     !!!
20260807 050056.287 INFO             PET2 !!! FOR PRODUCTION RUNS, USE:                      !!!
20260807 050056.287 INFO             PET2 !!!                   ESMF_LOGKIND_Multi_On_Error  !!!
20260807 050056.287 INFO             PET2 !!!!!!!!!!!!!!!!!!!!!!!!!!!!!!!!!!!!!!!!!!!!!!!!!!!!!!
20260807 050056.287 INFO             PET2 Running with ESMF Version   : develop+g432bc4507e
20260807 050056.287 INFO             PET2 ESMF library build date/time: "Aug  7 2026" "04:05:43"
20260807 050056.287 INFO             PET2 ESMF library build location : /glade/derecho/scratch/sacks/esmf-testing/nvhpc_26.1_mpi_O_develop/esmf
20260807 050056.287 INFO             PET2 ESMF_COMM                   : mpi
20260807 050056.288 INFO             PET2 ESMF_MOAB                   : enabled
20260807 050056.288 INFO             PET2 ESMF_LAPACK                 : enabled
20260807 050056.288 INFO             PET2 ESMF_NETCDF                 : enabled
20260807 050056.288 INFO             PET2 ESMF_PNETCDF                : disabled
20260807 050056.288 INFO             PET2 ESMF_PIO                    : enabled
20260807 050056.288 INFO             PET2 ESMF_YAMLCPP                : enabled
20260807 050056.295 INFO             PET2 ESMF_FieldRedistStoreNF(): Just entered routine.
20260807 050056.327 INFO             PET2 ESMF_FieldRedistStoreNF(): Leaving routine.
20260807 050056.981 INFO             PET2  NUMBER_OF_PROCESSORS            4
20260807 050056.981 INFO             PET2  PASS  Example ESMF_RHandleFromFileEx, ESMF_RHandleFromFileEx.F90, line 192
20260807 050056.981 INFO             PET2  Finalizing ESMF
20260807 050056.287 INFO             PET3 !!!!!!!!!!!!!!!!!!!!!!!!!!!!!!!!!!!!!!!!!!!!!!!!!!!!!!
20260807 050056.287 INFO             PET3 !!! THE ESMF_LOG IS SET TO OUTPUT ALL LOG MESSAGES !!!
20260807 050056.287 INFO             PET3 !!!     THIS MAY CAUSE SLOWDOWN IN PERFORMANCE     !!!
20260807 050056.287 INFO             PET3 !!! FOR PRODUCTION RUNS, USE:                      !!!
20260807 050056.287 INFO             PET3 !!!                   ESMF_LOGKIND_Multi_On_Error  !!!
20260807 050056.287 INFO             PET3 !!!!!!!!!!!!!!!!!!!!!!!!!!!!!!!!!!!!!!!!!!!!!!!!!!!!!!
20260807 050056.287 INFO             PET3 Running with ESMF Version   : develop+g432bc4507e
20260807 050056.287 INFO             PET3 ESMF library build date/time: "Aug  7 2026" "04:05:43"
20260807 050056.287 INFO             PET3 ESMF library build location : /glade/derecho/scratch/sacks/esmf-testing/nvhpc_26.1_mpi_O_develop/esmf
20260807 050056.287 INFO             PET3 ESMF_COMM                   : mpi
20260807 050056.293 INFO             PET3 ESMF_MOAB                   : enabled
20260807 050056.293 INFO             PET3 ESMF_LAPACK                 : enabled
20260807 050056.293 INFO             PET3 ESMF_NETCDF                 : enabled
20260807 050056.293 INFO             PET3 ESMF_PNETCDF                : disabled
20260807 050056.293 INFO             PET3 ESMF_PIO                    : enabled
20260807 050056.293 INFO             PET3 ESMF_YAMLCPP                : enabled
20260807 050056.295 INFO             PET3 ESMF_FieldRedistStoreNF(): Just entered routine.
20260807 050056.327 INFO             PET3 ESMF_FieldRedistStoreNF(): Leaving routine.
20260807 050056.981 INFO             PET3  NUMBER_OF_PROCESSORS            4
20260807 050056.981 INFO             PET3  PASS  Example ESMF_RHandleFromFileEx, ESMF_RHandleFromFileEx.F90, line 192
20260807 050056.981 INFO             PET3  Finalizing ESMF
