2026-08-07 01:40:05
20260807 024056.236 INFO             PET0 !!!!!!!!!!!!!!!!!!!!!!!!!!!!!!!!!!!!!!!!!!!!!!!!!!!!!!
20260807 024056.236 INFO             PET0 !!! THE ESMF_LOG IS SET TO OUTPUT ALL LOG MESSAGES !!!
20260807 024056.236 INFO             PET0 !!!     THIS MAY CAUSE SLOWDOWN IN PERFORMANCE     !!!
20260807 024056.236 INFO             PET0 !!! FOR PRODUCTION RUNS, USE:                      !!!
20260807 024056.236 INFO             PET0 !!!                   ESMF_LOGKIND_Multi_On_Error  !!!
20260807 024056.236 INFO             PET0 !!!!!!!!!!!!!!!!!!!!!!!!!!!!!!!!!!!!!!!!!!!!!!!!!!!!!!
20260807 024056.236 INFO             PET0 Running with ESMF Version   : develop+g432bc4507e
20260807 024056.236 INFO             PET0 ESMF library build date/time: "Aug  7 2026" "01:37:37"
20260807 024056.236 INFO             PET0 ESMF library build location : /glade/derecho/scratch/sacks/esmf-testing/gfortran_12.2.0_pio2.6.2_mpi_g_develop/esmf
20260807 024056.236 INFO             PET0 ESMF_COMM                   : mpi
20260807 024056.237 INFO             PET0 ESMF_MOAB                   : enabled
20260807 024056.237 INFO             PET0 ESMF_LAPACK                 : enabled
20260807 024056.237 INFO             PET0 ESMF_NETCDF                 : enabled
20260807 024056.237 INFO             PET0 ESMF_PNETCDF                : disabled
20260807 024056.237 INFO             PET0 ESMF_PIO                    : enabled
20260807 024056.237 INFO             PET0 ESMF_YAMLCPP                : enabled
20260807 024056.240 INFO             PET0 =============================================
20260807 024056.240 INFO             PET0 ESMX (Earth System Model eXecutable) STARTING
20260807 024056.240 INFO             PET0 =============================================
20260807 024056.250 DEBUG            PET0 Generic SetVM() is executing for: ESMX_Driver
20260807 024056.250 DEBUG            PET0 Generic SetVM() found no NUOPC Hint for: ESMX_Driver
20260807 024056.250 DEBUG            PET0 Generic SetVM() therefore is NOT calling ESMF_GridCompSetVMMaxPEs() for: ESMX_Driver
20260807 024056.255 INFO             PET0 ESMX_Driver: InitializeGeneric intro.
20260807 024056.255 INFO             PET0   >>>ESMX_Driver: entered Initialize (phase=<none>) without valid internal Clock.
20260807 024056.255 INFO             PET0   ESMX_Driver: InitializeP0 intro.
20260807 024056.255 INFO             PET0     >>>ESMX_Driver: entered Initialize (phase=<none>) without valid internal Clock.
20260807 024056.255 INFO             PET0     <<<ESMX_Driver: leaving Initialize (phase=<none>) without valid internal Clock.
20260807 024056.255 INFO             PET0   ESMX_Driver: InitializeP0 extro.
20260807 024056.256 INFO             PET0   ESMX_Driver: InitializeIPDv02p1 intro.
20260807 024056.256 INFO             PET0     >>>ESMX_Driver: entered Initialize (phase=<none>) without valid internal Clock.
20260807 024056.262 INFO             PET0     ESMX_Driver - Creating model component ABC without petList.
20260807 024056.262 DEBUG            PET0     Generic SetVM() is executing for: ABC
20260807 024056.262 DEBUG            PET0     Generic SetVM() found no NUOPC Hint for: ABC
20260807 024056.262 DEBUG            PET0     Generic SetVM() therefore is NOT calling ESMF_GridCompSetVMMaxPEs() for: ABC
20260807 024056.267 INFO             PET0     ABC: InitializeP0 intro.
20260807 024056.267 INFO             PET0       >>>ABC: entered Initialize (phase=<none>) without valid internal Clock.
20260807 024056.268 INFO             PET0       <<<ABC: leaving Initialize (phase=<none>) without valid internal Clock.
20260807 024056.268 INFO             PET0     ABC: InitializeP0 extro.
20260807 024056.271 INFO             PET0     ESMX_Driver: IInitAdvertise intro.
20260807 024056.271 INFO             PET0       >>>ESMX_Driver: entered Initialize (phase=<none>) with current time: 2012 10 24  8  0  0   0
20260807 024056.271 INFO             PET0       <<<ESMX_Driver: leaving Initialize (phase=<none>) with current time: 2012 10 24  8  0  0   0
20260807 024056.271 INFO             PET0     ESMX_Driver: IInitAdvertise extro.
20260807 024056.271 INFO             PET0     ABC: InitializeIPDvXp01 intro.
20260807 024056.271 INFO             PET0       >>>ABC: entered Initialize (phase=IPDvXp01) without valid internal Clock.
20260807 024056.274 INFO             PET0       <<<ABC: leaving Initialize (phase=IPDvXp01) without valid internal Clock.
20260807 024056.274 INFO             PET0     ABC: InitializeIPDvXp01 extro.
20260807 024056.274 INFO             PET0     ESMX_Driver: IInitAdvertiseFinish intro.
20260807 024056.274 INFO             PET0       >>>ESMX_Driver: entered Initialize (phase=<none>) with current time: 2012 10 24  8  0  0   0
20260807 024056.275 INFO             PET0       <<<ESMX_Driver: leaving Initialize (phase=<none>) with current time: 2012 10 24  8  0  0   0
20260807 024056.275 INFO             PET0     ESMX_Driver: IInitAdvertiseFinish extro.
20260807 024056.275 INFO             PET0     ESMX_Driver: IInitModifyCplLists intro.
20260807 024056.275 INFO             PET0       >>>ESMX_Driver: entered Initialize (phase=<none>) with current time: 2012 10 24  8  0  0   0
20260807 024056.275 INFO             PET0       <<<ESMX_Driver: leaving Initialize (phase=<none>) with current time: 2012 10 24  8  0  0   0
20260807 024056.275 INFO             PET0     ESMX_Driver: IInitModifyCplLists extro.
20260807 024056.275 INFO             PET0     <<<ESMX_Driver: leaving Initialize (phase=<none>) with current time: 2012 10 24  8  0  0   0
20260807 024056.275 INFO             PET0   ESMX_Driver: InitializeIPDv02p1 extro.
20260807 024056.275 INFO             PET0   ESMX_Driver: InitializeIPDv02p3 intro.
20260807 024056.275 INFO             PET0     >>>ESMX_Driver: entered Initialize (phase=<none>) with current time: 2012 10 24  8  0  0   0
20260807 024056.275 INFO             PET0     ESMX_Driver: IInitCheck intro.
20260807 024056.275 INFO             PET0       >>>ESMX_Driver: entered Initialize (phase=<none>) with current time: 2012 10 24  8  0  0   0
20260807 024056.275 INFO             PET0       <<<ESMX_Driver: leaving Initialize (phase=<none>) with current time: 2012 10 24  8  0  0   0
20260807 024056.275 INFO             PET0     ESMX_Driver: IInitCheck extro.
20260807 024056.275 INFO             PET0     ABC: InitializeIPDvXp04 intro.
20260807 024056.275 INFO             PET0       >>>ABC: entered Initialize (phase=IPDvXp04) without valid internal Clock.
20260807 024056.277 INFO             PET0       <<<ABC: leaving Initialize (phase=IPDvXp04) without valid internal Clock.
20260807 024056.277 INFO             PET0     ABC: InitializeIPDvXp04 extro.
20260807 024056.278 INFO             PET0     ESMX_Driver: IInitRealize intro.
20260807 024056.278 INFO             PET0       >>>ESMX_Driver: entered Initialize (phase=<none>) with current time: 2012 10 24  8  0  0   0
20260807 024056.278 INFO             PET0       <<<ESMX_Driver: leaving Initialize (phase=<none>) with current time: 2012 10 24  8  0  0   0
20260807 024056.278 INFO             PET0     ESMX_Driver: IInitRealize extro.
20260807 024056.278 INFO             PET0     ABC: InitializeIPDvXp07 intro.
20260807 024056.278 INFO             PET0       >>>ABC: entered Initialize (phase=IPDvXp07) without valid internal Clock.
20260807 024056.278 INFO             PET0       <<<ABC: leaving Initialize (phase=IPDvXp07) with current time: 2012 10 24  8  0  0   0
20260807 024056.278 INFO             PET0     ABC: InitializeIPDvXp07 extro.
20260807 024056.278 INFO             PET0     <<<ESMX_Driver: leaving Initialize (phase=<none>) with current time: 2012 10 24  8  0  0   0
20260807 024056.278 INFO             PET0   ESMX_Driver: InitializeIPDv02p3 extro.
20260807 024056.278 INFO             PET0   ESMX_Driver: InitializeIPDv02p5 intro.
20260807 024056.278 INFO             PET0     >>>ESMX_Driver: entered Initialize (phase=<none>) with current time: 2012 10 24  8  0  0   0
20260807 024056.278 INFO             PET0     ESMX_Driver: InitializeIPDv02p5Data intro.
20260807 024056.279 INFO             PET0       >>>ESMX_Driver: entered Initialize (phase=<none>) with current time: 2012 10 24  8  0  0   0
20260807 024056.279 INFO             PET0       ESMX_Driver: InternalInitializeComplete intro.
20260807 024056.279 INFO             PET0         >>>ESMX_Driver: entered Initialize (phase=<none>) with current time: 2012 10 24  8  0  0   0
20260807 024056.279 INFO             PET0         <<<ESMX_Driver: leaving Initialize (phase=<none>) with current time: 2012 10 24  8  0  0   0
20260807 024056.279 INFO             PET0       ESMX_Driver: InternalInitializeComplete extro.
20260807 024056.279 INFO             PET0       ABC: InitializeIPDvXp08 intro.
20260807 024056.279 INFO             PET0         >>>ABC: entered Initialize (phase=IPDv05p8) with current time: 2012 10 24  8  0  0   0
20260807 024056.279 INFO             PET0         <<<ABC: leaving Initialize (phase=IPDv05p8) with current time: 2012 10 24  8  0  0   0
20260807 024056.279 INFO             PET0       ABC: InitializeIPDvXp08 extro.
20260807 024056.280 INFO             PET0       ESMX_Driver: loopDataDependentInitialize intro.
20260807 024056.280 INFO             PET0         >>>ESMX_Driver: entered Initialize (phase=<none>) with current time: 2012 10 24  8  0  0   0
20260807 024056.280 INFO             PET0         <<<ESMX_Driver: leaving Initialize (phase=<none>) with current time: 2012 10 24  8  0  0   0
20260807 024056.280 INFO             PET0       ESMX_Driver: loopDataDependentInitialize extro.
20260807 024056.280 INFO             PET0       <<<ESMX_Driver: leaving Initialize (phase=<none>) with current time: 2012 10 24  8  0  0   0
20260807 024056.280 INFO             PET0     ESMX_Driver: InitializeIPDv02p5Data extro.
20260807 024056.280 INFO             PET0     <<<ESMX_Driver: leaving Initialize (phase=<none>) with current time: 2012 10 24  8  0  0   0
20260807 024056.280 INFO             PET0   ESMX_Driver: InitializeIPDv02p5 extro.
20260807 024056.280 INFO             PET0   <<<ESMX_Driver: leaving Initialize (phase=<none>) with current time: 2012 10 24  8  0  0   0
20260807 024056.280 INFO             PET0 ESMX_Driver: InitializeGeneric extro.
20260807 024056.280 INFO             PET0 ESMX_Driver: Run intro.
20260807 024056.281 INFO             PET0   >>>ESMX_Driver: entered Run (phase=RunPhase1) with current time: 2012 10 24  8  0  0   0
20260807 024056.281 INFO             PET0   ABC: Run intro.
20260807 024056.281 INFO             PET0     >>>ABC: entered Run (phase=RunPhase1) with current time: 2012 10 24  8  0  0   0
20260807 024056.281 INFO             PET0     <<<ABC: leaving Run (phase=RunPhase1) with current time: 2012 10 24 20  0  0   0
20260807 024056.281 INFO             PET0   ABC: Run extro.
20260807 024056.281 INFO             PET0   <<<ESMX_Driver: leaving Run (phase=RunPhase1) with current time: 2012 10 24 20  0  0   0
20260807 024056.281 INFO             PET0 ESMX_Driver: Run extro.
20260807 024056.281 INFO             PET0 ESMX_Driver: Finalize intro.
20260807 024056.281 INFO             PET0   >>>ESMX_Driver: entered Finalize (phase=FinalizePhase1) with current time: 2012 10 24 20  0  0   0
20260807 024056.281 INFO             PET0   Calling Finalize phase 1 for modelComp: ABC
20260807 024056.281 INFO             PET0   ABC: Finalize intro.
20260807 024056.281 INFO             PET0     >>>ABC: entered Finalize (phase=FinalizePhase1) with current time: 2012 10 24 20  0  0   0
20260807 024056.282 INFO             PET0     <<<ABC: leaving Finalize (phase=FinalizePhase1) with current time: 2012 10 24 20  0  0   0
20260807 024056.282 INFO             PET0   ABC: Finalize extro.
20260807 024056.282 INFO             PET0   Delete modelComp: ABC
20260807 024056.282 INFO             PET0   <<<ESMX_Driver: leaving Finalize (phase=FinalizePhase1) with current time: 2012 10 24 20  0  0   0
20260807 024056.282 INFO             PET0 ESMX_Driver: Finalize extro.
20260807 024056.282 INFO             PET0 =============================================
20260807 024056.282 INFO             PET0 ESMX (Earth System Model eXecutable) FINISHED
20260807 024056.282 INFO             PET0 =============================================
20260807 024056.282 INFO             PET0  Finalizing ESMF
20260807 024056.236 INFO             PET1 !!!!!!!!!!!!!!!!!!!!!!!!!!!!!!!!!!!!!!!!!!!!!!!!!!!!!!
20260807 024056.236 INFO             PET1 !!! THE ESMF_LOG IS SET TO OUTPUT ALL LOG MESSAGES !!!
20260807 024056.236 INFO             PET1 !!!     THIS MAY CAUSE SLOWDOWN IN PERFORMANCE     !!!
20260807 024056.236 INFO             PET1 !!! FOR PRODUCTION RUNS, USE:                      !!!
20260807 024056.236 INFO             PET1 !!!                   ESMF_LOGKIND_Multi_On_Error  !!!
20260807 024056.236 INFO             PET1 !!!!!!!!!!!!!!!!!!!!!!!!!!!!!!!!!!!!!!!!!!!!!!!!!!!!!!
20260807 024056.236 INFO             PET1 Running with ESMF Version   : develop+g432bc4507e
20260807 024056.236 INFO             PET1 ESMF library build date/time: "Aug  7 2026" "01:37:37"
20260807 024056.236 INFO             PET1 ESMF library build location : /glade/derecho/scratch/sacks/esmf-testing/gfortran_12.2.0_pio2.6.2_mpi_g_develop/esmf
20260807 024056.236 INFO             PET1 ESMF_COMM                   : mpi
20260807 024056.236 INFO             PET1 ESMF_MOAB                   : enabled
20260807 024056.236 INFO             PET1 ESMF_LAPACK                 : enabled
20260807 024056.236 INFO             PET1 ESMF_NETCDF                 : enabled
20260807 024056.236 INFO             PET1 ESMF_PNETCDF                : disabled
20260807 024056.236 INFO             PET1 ESMF_PIO                    : enabled
20260807 024056.236 INFO             PET1 ESMF_YAMLCPP                : enabled
20260807 024056.240 INFO             PET1 =============================================
20260807 024056.240 INFO             PET1 ESMX (Earth System Model eXecutable) STARTING
20260807 024056.240 INFO             PET1 =============================================
20260807 024056.250 DEBUG            PET1 Generic SetVM() is executing for: ESMX_Driver
20260807 024056.250 DEBUG            PET1 Generic SetVM() found no NUOPC Hint for: ESMX_Driver
20260807 024056.250 DEBUG            PET1 Generic SetVM() therefore is NOT calling ESMF_GridCompSetVMMaxPEs() for: ESMX_Driver
20260807 024056.255 INFO             PET1 ESMX_Driver: InitializeGeneric intro.
20260807 024056.255 INFO             PET1   >>>ESMX_Driver: entered Initialize (phase=<none>) without valid internal Clock.
20260807 024056.255 INFO             PET1   ESMX_Driver: InitializeP0 intro.
20260807 024056.255 INFO             PET1     >>>ESMX_Driver: entered Initialize (phase=<none>) without valid internal Clock.
20260807 024056.255 INFO             PET1     <<<ESMX_Driver: leaving Initialize (phase=<none>) without valid internal Clock.
20260807 024056.255 INFO             PET1   ESMX_Driver: InitializeP0 extro.
20260807 024056.256 INFO             PET1   ESMX_Driver: InitializeIPDv02p1 intro.
20260807 024056.256 INFO             PET1     >>>ESMX_Driver: entered Initialize (phase=<none>) without valid internal Clock.
20260807 024056.262 INFO             PET1     ESMX_Driver - Creating model component ABC without petList.
20260807 024056.262 DEBUG            PET1     Generic SetVM() is executing for: ABC
20260807 024056.262 DEBUG            PET1     Generic SetVM() found no NUOPC Hint for: ABC
20260807 024056.262 DEBUG            PET1     Generic SetVM() therefore is NOT calling ESMF_GridCompSetVMMaxPEs() for: ABC
20260807 024056.267 INFO             PET1     ABC: InitializeP0 intro.
20260807 024056.267 INFO             PET1       >>>ABC: entered Initialize (phase=<none>) without valid internal Clock.
20260807 024056.268 INFO             PET1       <<<ABC: leaving Initialize (phase=<none>) without valid internal Clock.
20260807 024056.268 INFO             PET1     ABC: InitializeP0 extro.
20260807 024056.271 INFO             PET1     ESMX_Driver: IInitAdvertise intro.
20260807 024056.271 INFO             PET1       >>>ESMX_Driver: entered Initialize (phase=<none>) with current time: 2012 10 24  8  0  0   0
20260807 024056.271 INFO             PET1       <<<ESMX_Driver: leaving Initialize (phase=<none>) with current time: 2012 10 24  8  0  0   0
20260807 024056.271 INFO             PET1     ESMX_Driver: IInitAdvertise extro.
20260807 024056.271 INFO             PET1     ABC: InitializeIPDvXp01 intro.
20260807 024056.272 INFO             PET1       >>>ABC: entered Initialize (phase=IPDvXp01) without valid internal Clock.
20260807 024056.274 INFO             PET1       <<<ABC: leaving Initialize (phase=IPDvXp01) without valid internal Clock.
20260807 024056.274 INFO             PET1     ABC: InitializeIPDvXp01 extro.
20260807 024056.274 INFO             PET1     ESMX_Driver: IInitAdvertiseFinish intro.
20260807 024056.275 INFO             PET1       >>>ESMX_Driver: entered Initialize (phase=<none>) with current time: 2012 10 24  8  0  0   0
20260807 024056.275 INFO             PET1       <<<ESMX_Driver: leaving Initialize (phase=<none>) with current time: 2012 10 24  8  0  0   0
20260807 024056.275 INFO             PET1     ESMX_Driver: IInitAdvertiseFinish extro.
20260807 024056.275 INFO             PET1     ESMX_Driver: IInitModifyCplLists intro.
20260807 024056.275 INFO             PET1       >>>ESMX_Driver: entered Initialize (phase=<none>) with current time: 2012 10 24  8  0  0   0
20260807 024056.275 INFO             PET1       <<<ESMX_Driver: leaving Initialize (phase=<none>) with current time: 2012 10 24  8  0  0   0
20260807 024056.275 INFO             PET1     ESMX_Driver: IInitModifyCplLists extro.
20260807 024056.275 INFO             PET1     <<<ESMX_Driver: leaving Initialize (phase=<none>) with current time: 2012 10 24  8  0  0   0
20260807 024056.275 INFO             PET1   ESMX_Driver: InitializeIPDv02p1 extro.
20260807 024056.275 INFO             PET1   ESMX_Driver: InitializeIPDv02p3 intro.
20260807 024056.275 INFO             PET1     >>>ESMX_Driver: entered Initialize (phase=<none>) with current time: 2012 10 24  8  0  0   0
20260807 024056.275 INFO             PET1     ESMX_Driver: IInitCheck intro.
20260807 024056.275 INFO             PET1       >>>ESMX_Driver: entered Initialize (phase=<none>) with current time: 2012 10 24  8  0  0   0
20260807 024056.275 INFO             PET1       <<<ESMX_Driver: leaving Initialize (phase=<none>) with current time: 2012 10 24  8  0  0   0
20260807 024056.275 INFO             PET1     ESMX_Driver: IInitCheck extro.
20260807 024056.276 INFO             PET1     ABC: InitializeIPDvXp04 intro.
20260807 024056.276 INFO             PET1       >>>ABC: entered Initialize (phase=IPDvXp04) without valid internal Clock.
20260807 024056.277 INFO             PET1       <<<ABC: leaving Initialize (phase=IPDvXp04) without valid internal Clock.
20260807 024056.277 INFO             PET1     ABC: InitializeIPDvXp04 extro.
20260807 024056.278 INFO             PET1     ESMX_Driver: IInitRealize intro.
20260807 024056.278 INFO             PET1       >>>ESMX_Driver: entered Initialize (phase=<none>) with current time: 2012 10 24  8  0  0   0
20260807 024056.278 INFO             PET1       <<<ESMX_Driver: leaving Initialize (phase=<none>) with current time: 2012 10 24  8  0  0   0
20260807 024056.278 INFO             PET1     ESMX_Driver: IInitRealize extro.
20260807 024056.278 INFO             PET1     ABC: InitializeIPDvXp07 intro.
20260807 024056.278 INFO             PET1       >>>ABC: entered Initialize (phase=IPDvXp07) without valid internal Clock.
20260807 024056.278 INFO             PET1       <<<ABC: leaving Initialize (phase=IPDvXp07) with current time: 2012 10 24  8  0  0   0
20260807 024056.278 INFO             PET1     ABC: InitializeIPDvXp07 extro.
20260807 024056.278 INFO             PET1     <<<ESMX_Driver: leaving Initialize (phase=<none>) with current time: 2012 10 24  8  0  0   0
20260807 024056.278 INFO             PET1   ESMX_Driver: InitializeIPDv02p3 extro.
20260807 024056.278 INFO             PET1   ESMX_Driver: InitializeIPDv02p5 intro.
20260807 024056.278 INFO             PET1     >>>ESMX_Driver: entered Initialize (phase=<none>) with current time: 2012 10 24  8  0  0   0
20260807 024056.279 INFO             PET1     ESMX_Driver: InitializeIPDv02p5Data intro.
20260807 024056.279 INFO             PET1       >>>ESMX_Driver: entered Initialize (phase=<none>) with current time: 2012 10 24  8  0  0   0
20260807 024056.279 INFO             PET1       ESMX_Driver: InternalInitializeComplete intro.
20260807 024056.279 INFO             PET1         >>>ESMX_Driver: entered Initialize (phase=<none>) with current time: 2012 10 24  8  0  0   0
20260807 024056.279 INFO             PET1         <<<ESMX_Driver: leaving Initialize (phase=<none>) with current time: 2012 10 24  8  0  0   0
20260807 024056.279 INFO             PET1       ESMX_Driver: InternalInitializeComplete extro.
20260807 024056.279 INFO             PET1       ABC: InitializeIPDvXp08 intro.
20260807 024056.279 INFO             PET1         >>>ABC: entered Initialize (phase=IPDv05p8) with current time: 2012 10 24  8  0  0   0
20260807 024056.279 INFO             PET1         <<<ABC: leaving Initialize (phase=IPDv05p8) with current time: 2012 10 24  8  0  0   0
20260807 024056.279 INFO             PET1       ABC: InitializeIPDvXp08 extro.
20260807 024056.280 INFO             PET1       ESMX_Driver: loopDataDependentInitialize intro.
20260807 024056.280 INFO             PET1         >>>ESMX_Driver: entered Initialize (phase=<none>) with current time: 2012 10 24  8  0  0   0
20260807 024056.280 INFO             PET1         <<<ESMX_Driver: leaving Initialize (phase=<none>) with current time: 2012 10 24  8  0  0   0
20260807 024056.280 INFO             PET1       ESMX_Driver: loopDataDependentInitialize extro.
20260807 024056.280 INFO             PET1       <<<ESMX_Driver: leaving Initialize (phase=<none>) with current time: 2012 10 24  8  0  0   0
20260807 024056.280 INFO             PET1     ESMX_Driver: InitializeIPDv02p5Data extro.
20260807 024056.280 INFO             PET1     <<<ESMX_Driver: leaving Initialize (phase=<none>) with current time: 2012 10 24  8  0  0   0
20260807 024056.280 INFO             PET1   ESMX_Driver: InitializeIPDv02p5 extro.
20260807 024056.280 INFO             PET1   <<<ESMX_Driver: leaving Initialize (phase=<none>) with current time: 2012 10 24  8  0  0   0
20260807 024056.280 INFO             PET1 ESMX_Driver: InitializeGeneric extro.
20260807 024056.280 INFO             PET1 ESMX_Driver: Run intro.
20260807 024056.281 INFO             PET1   >>>ESMX_Driver: entered Run (phase=RunPhase1) with current time: 2012 10 24  8  0  0   0
20260807 024056.281 INFO             PET1   ABC: Run intro.
20260807 024056.281 INFO             PET1     >>>ABC: entered Run (phase=RunPhase1) with current time: 2012 10 24  8  0  0   0
20260807 024056.281 INFO             PET1     <<<ABC: leaving Run (phase=RunPhase1) with current time: 2012 10 24 20  0  0   0
20260807 024056.281 INFO             PET1   ABC: Run extro.
20260807 024056.281 INFO             PET1   <<<ESMX_Driver: leaving Run (phase=RunPhase1) with current time: 2012 10 24 20  0  0   0
20260807 024056.281 INFO             PET1 ESMX_Driver: Run extro.
20260807 024056.281 INFO             PET1 ESMX_Driver: Finalize intro.
20260807 024056.281 INFO             PET1   >>>ESMX_Driver: entered Finalize (phase=FinalizePhase1) with current time: 2012 10 24 20  0  0   0
20260807 024056.281 INFO             PET1   Calling Finalize phase 1 for modelComp: ABC
20260807 024056.281 INFO             PET1   ABC: Finalize intro.
20260807 024056.281 INFO             PET1     >>>ABC: entered Finalize (phase=FinalizePhase1) with current time: 2012 10 24 20  0  0   0
20260807 024056.281 INFO             PET1     <<<ABC: leaving Finalize (phase=FinalizePhase1) with current time: 2012 10 24 20  0  0   0
20260807 024056.281 INFO             PET1   ABC: Finalize extro.
20260807 024056.282 INFO             PET1   Delete modelComp: ABC
20260807 024056.282 INFO             PET1   <<<ESMX_Driver: leaving Finalize (phase=FinalizePhase1) with current time: 2012 10 24 20  0  0   0
20260807 024056.282 INFO             PET1 ESMX_Driver: Finalize extro.
20260807 024056.282 INFO             PET1 =============================================
20260807 024056.282 INFO             PET1 ESMX (Earth System Model eXecutable) FINISHED
20260807 024056.282 INFO             PET1 =============================================
20260807 024056.282 INFO             PET1  Finalizing ESMF
20260807 024056.237 INFO             PET2 !!!!!!!!!!!!!!!!!!!!!!!!!!!!!!!!!!!!!!!!!!!!!!!!!!!!!!
20260807 024056.237 INFO             PET2 !!! THE ESMF_LOG IS SET TO OUTPUT ALL LOG MESSAGES !!!
20260807 024056.237 INFO             PET2 !!!     THIS MAY CAUSE SLOWDOWN IN PERFORMANCE     !!!
20260807 024056.237 INFO             PET2 !!! FOR PRODUCTION RUNS, USE:                      !!!
20260807 024056.237 INFO             PET2 !!!                   ESMF_LOGKIND_Multi_On_Error  !!!
20260807 024056.237 INFO             PET2 !!!!!!!!!!!!!!!!!!!!!!!!!!!!!!!!!!!!!!!!!!!!!!!!!!!!!!
20260807 024056.237 INFO             PET2 Running with ESMF Version   : develop+g432bc4507e
20260807 024056.237 INFO             PET2 ESMF library build date/time: "Aug  7 2026" "01:37:37"
20260807 024056.237 INFO             PET2 ESMF library build location : /glade/derecho/scratch/sacks/esmf-testing/gfortran_12.2.0_pio2.6.2_mpi_g_develop/esmf
20260807 024056.237 INFO             PET2 ESMF_COMM                   : mpi
20260807 024056.237 INFO             PET2 ESMF_MOAB                   : enabled
20260807 024056.237 INFO             PET2 ESMF_LAPACK                 : enabled
20260807 024056.237 INFO             PET2 ESMF_NETCDF                 : enabled
20260807 024056.237 INFO             PET2 ESMF_PNETCDF                : disabled
20260807 024056.237 INFO             PET2 ESMF_PIO                    : enabled
20260807 024056.237 INFO             PET2 ESMF_YAMLCPP                : enabled
20260807 024056.240 INFO             PET2 =============================================
20260807 024056.240 INFO             PET2 ESMX (Earth System Model eXecutable) STARTING
20260807 024056.240 INFO             PET2 =============================================
20260807 024056.250 DEBUG            PET2 Generic SetVM() is executing for: ESMX_Driver
20260807 024056.250 DEBUG            PET2 Generic SetVM() found no NUOPC Hint for: ESMX_Driver
20260807 024056.250 DEBUG            PET2 Generic SetVM() therefore is NOT calling ESMF_GridCompSetVMMaxPEs() for: ESMX_Driver
20260807 024056.255 INFO             PET2 ESMX_Driver: InitializeGeneric intro.
20260807 024056.255 INFO             PET2   >>>ESMX_Driver: entered Initialize (phase=<none>) without valid internal Clock.
20260807 024056.255 INFO             PET2   ESMX_Driver: InitializeP0 intro.
20260807 024056.255 INFO             PET2     >>>ESMX_Driver: entered Initialize (phase=<none>) without valid internal Clock.
20260807 024056.256 INFO             PET2     <<<ESMX_Driver: leaving Initialize (phase=<none>) without valid internal Clock.
20260807 024056.256 INFO             PET2   ESMX_Driver: InitializeP0 extro.
20260807 024056.256 INFO             PET2   ESMX_Driver: InitializeIPDv02p1 intro.
20260807 024056.256 INFO             PET2     >>>ESMX_Driver: entered Initialize (phase=<none>) without valid internal Clock.
20260807 024056.262 INFO             PET2     ESMX_Driver - Creating model component ABC without petList.
20260807 024056.262 DEBUG            PET2     Generic SetVM() is executing for: ABC
20260807 024056.262 DEBUG            PET2     Generic SetVM() found no NUOPC Hint for: ABC
20260807 024056.262 DEBUG            PET2     Generic SetVM() therefore is NOT calling ESMF_GridCompSetVMMaxPEs() for: ABC
20260807 024056.267 INFO             PET2     ABC: InitializeP0 intro.
20260807 024056.267 INFO             PET2       >>>ABC: entered Initialize (phase=<none>) without valid internal Clock.
20260807 024056.268 INFO             PET2       <<<ABC: leaving Initialize (phase=<none>) without valid internal Clock.
20260807 024056.268 INFO             PET2     ABC: InitializeP0 extro.
20260807 024056.271 INFO             PET2     ESMX_Driver: IInitAdvertise intro.
20260807 024056.271 INFO             PET2       >>>ESMX_Driver: entered Initialize (phase=<none>) with current time: 2012 10 24  8  0  0   0
20260807 024056.271 INFO             PET2       <<<ESMX_Driver: leaving Initialize (phase=<none>) with current time: 2012 10 24  8  0  0   0
20260807 024056.271 INFO             PET2     ESMX_Driver: IInitAdvertise extro.
20260807 024056.272 INFO             PET2     ABC: InitializeIPDvXp01 intro.
20260807 024056.272 INFO             PET2       >>>ABC: entered Initialize (phase=IPDvXp01) without valid internal Clock.
20260807 024056.274 INFO             PET2       <<<ABC: leaving Initialize (phase=IPDvXp01) without valid internal Clock.
20260807 024056.274 INFO             PET2     ABC: InitializeIPDvXp01 extro.
20260807 024056.275 INFO             PET2     ESMX_Driver: IInitAdvertiseFinish intro.
20260807 024056.275 INFO             PET2       >>>ESMX_Driver: entered Initialize (phase=<none>) with current time: 2012 10 24  8  0  0   0
20260807 024056.275 INFO             PET2       <<<ESMX_Driver: leaving Initialize (phase=<none>) with current time: 2012 10 24  8  0  0   0
20260807 024056.275 INFO             PET2     ESMX_Driver: IInitAdvertiseFinish extro.
20260807 024056.275 INFO             PET2     ESMX_Driver: IInitModifyCplLists intro.
20260807 024056.275 INFO             PET2       >>>ESMX_Driver: entered Initialize (phase=<none>) with current time: 2012 10 24  8  0  0   0
20260807 024056.275 INFO             PET2       <<<ESMX_Driver: leaving Initialize (phase=<none>) with current time: 2012 10 24  8  0  0   0
20260807 024056.275 INFO             PET2     ESMX_Driver: IInitModifyCplLists extro.
20260807 024056.275 INFO             PET2     <<<ESMX_Driver: leaving Initialize (phase=<none>) with current time: 2012 10 24  8  0  0   0
20260807 024056.275 INFO             PET2   ESMX_Driver: InitializeIPDv02p1 extro.
20260807 024056.275 INFO             PET2   ESMX_Driver: InitializeIPDv02p3 intro.
20260807 024056.275 INFO             PET2     >>>ESMX_Driver: entered Initialize (phase=<none>) with current time: 2012 10 24  8  0  0   0
20260807 024056.275 INFO             PET2     ESMX_Driver: IInitCheck intro.
20260807 024056.275 INFO             PET2       >>>ESMX_Driver: entered Initialize (phase=<none>) with current time: 2012 10 24  8  0  0   0
20260807 024056.275 INFO             PET2       <<<ESMX_Driver: leaving Initialize (phase=<none>) with current time: 2012 10 24  8  0  0   0
20260807 024056.275 INFO             PET2     ESMX_Driver: IInitCheck extro.
20260807 024056.276 INFO             PET2     ABC: InitializeIPDvXp04 intro.
20260807 024056.276 INFO             PET2       >>>ABC: entered Initialize (phase=IPDvXp04) without valid internal Clock.
20260807 024056.277 INFO             PET2       <<<ABC: leaving Initialize (phase=IPDvXp04) without valid internal Clock.
20260807 024056.277 INFO             PET2     ABC: InitializeIPDvXp04 extro.
20260807 024056.278 INFO             PET2     ESMX_Driver: IInitRealize intro.
20260807 024056.278 INFO             PET2       >>>ESMX_Driver: entered Initialize (phase=<none>) with current time: 2012 10 24  8  0  0   0
20260807 024056.278 INFO             PET2       <<<ESMX_Driver: leaving Initialize (phase=<none>) with current time: 2012 10 24  8  0  0   0
20260807 024056.278 INFO             PET2     ESMX_Driver: IInitRealize extro.
20260807 024056.278 INFO             PET2     ABC: InitializeIPDvXp07 intro.
20260807 024056.278 INFO             PET2       >>>ABC: entered Initialize (phase=IPDvXp07) without valid internal Clock.
20260807 024056.278 INFO             PET2       <<<ABC: leaving Initialize (phase=IPDvXp07) with current time: 2012 10 24  8  0  0   0
20260807 024056.278 INFO             PET2     ABC: InitializeIPDvXp07 extro.
20260807 024056.278 INFO             PET2     <<<ESMX_Driver: leaving Initialize (phase=<none>) with current time: 2012 10 24  8  0  0   0
20260807 024056.278 INFO             PET2   ESMX_Driver: InitializeIPDv02p3 extro.
20260807 024056.278 INFO             PET2   ESMX_Driver: InitializeIPDv02p5 intro.
20260807 024056.279 INFO             PET2     >>>ESMX_Driver: entered Initialize (phase=<none>) with current time: 2012 10 24  8  0  0   0
20260807 024056.279 INFO             PET2     ESMX_Driver: InitializeIPDv02p5Data intro.
20260807 024056.279 INFO             PET2       >>>ESMX_Driver: entered Initialize (phase=<none>) with current time: 2012 10 24  8  0  0   0
20260807 024056.279 INFO             PET2       ESMX_Driver: InternalInitializeComplete intro.
20260807 024056.279 INFO             PET2         >>>ESMX_Driver: entered Initialize (phase=<none>) with current time: 2012 10 24  8  0  0   0
20260807 024056.279 INFO             PET2         <<<ESMX_Driver: leaving Initialize (phase=<none>) with current time: 2012 10 24  8  0  0   0
20260807 024056.279 INFO             PET2       ESMX_Driver: InternalInitializeComplete extro.
20260807 024056.279 INFO             PET2       ABC: InitializeIPDvXp08 intro.
20260807 024056.279 INFO             PET2         >>>ABC: entered Initialize (phase=IPDv05p8) with current time: 2012 10 24  8  0  0   0
20260807 024056.279 INFO             PET2         <<<ABC: leaving Initialize (phase=IPDv05p8) with current time: 2012 10 24  8  0  0   0
20260807 024056.279 INFO             PET2       ABC: InitializeIPDvXp08 extro.
20260807 024056.280 INFO             PET2       ESMX_Driver: loopDataDependentInitialize intro.
20260807 024056.280 INFO             PET2         >>>ESMX_Driver: entered Initialize (phase=<none>) with current time: 2012 10 24  8  0  0   0
20260807 024056.280 INFO             PET2         <<<ESMX_Driver: leaving Initialize (phase=<none>) with current time: 2012 10 24  8  0  0   0
20260807 024056.280 INFO             PET2       ESMX_Driver: loopDataDependentInitialize extro.
20260807 024056.280 INFO             PET2       <<<ESMX_Driver: leaving Initialize (phase=<none>) with current time: 2012 10 24  8  0  0   0
20260807 024056.280 INFO             PET2     ESMX_Driver: InitializeIPDv02p5Data extro.
20260807 024056.280 INFO             PET2     <<<ESMX_Driver: leaving Initialize (phase=<none>) with current time: 2012 10 24  8  0  0   0
20260807 024056.280 INFO             PET2   ESMX_Driver: InitializeIPDv02p5 extro.
20260807 024056.280 INFO             PET2   <<<ESMX_Driver: leaving Initialize (phase=<none>) with current time: 2012 10 24  8  0  0   0
20260807 024056.280 INFO             PET2 ESMX_Driver: InitializeGeneric extro.
20260807 024056.280 INFO             PET2 ESMX_Driver: Run intro.
20260807 024056.280 INFO             PET2   >>>ESMX_Driver: entered Run (phase=RunPhase1) with current time: 2012 10 24  8  0  0   0
20260807 024056.281 INFO             PET2   ABC: Run intro.
20260807 024056.281 INFO             PET2     >>>ABC: entered Run (phase=RunPhase1) with current time: 2012 10 24  8  0  0   0
20260807 024056.281 INFO             PET2     <<<ABC: leaving Run (phase=RunPhase1) with current time: 2012 10 24 20  0  0   0
20260807 024056.281 INFO             PET2   ABC: Run extro.
20260807 024056.281 INFO             PET2   <<<ESMX_Driver: leaving Run (phase=RunPhase1) with current time: 2012 10 24 20  0  0   0
20260807 024056.281 INFO             PET2 ESMX_Driver: Run extro.
20260807 024056.281 INFO             PET2 ESMX_Driver: Finalize intro.
20260807 024056.281 INFO             PET2   >>>ESMX_Driver: entered Finalize (phase=FinalizePhase1) with current time: 2012 10 24 20  0  0   0
20260807 024056.281 INFO             PET2   Calling Finalize phase 1 for modelComp: ABC
20260807 024056.281 INFO             PET2   ABC: Finalize intro.
20260807 024056.281 INFO             PET2     >>>ABC: entered Finalize (phase=FinalizePhase1) with current time: 2012 10 24 20  0  0   0
20260807 024056.281 INFO             PET2     <<<ABC: leaving Finalize (phase=FinalizePhase1) with current time: 2012 10 24 20  0  0   0
20260807 024056.281 INFO             PET2   ABC: Finalize extro.
20260807 024056.282 INFO             PET2   Delete modelComp: ABC
20260807 024056.282 INFO             PET2   <<<ESMX_Driver: leaving Finalize (phase=FinalizePhase1) with current time: 2012 10 24 20  0  0   0
20260807 024056.282 INFO             PET2 ESMX_Driver: Finalize extro.
20260807 024056.282 INFO             PET2 =============================================
20260807 024056.282 INFO             PET2 ESMX (Earth System Model eXecutable) FINISHED
20260807 024056.282 INFO             PET2 =============================================
20260807 024056.282 INFO             PET2  Finalizing ESMF
20260807 024056.236 INFO             PET3 !!!!!!!!!!!!!!!!!!!!!!!!!!!!!!!!!!!!!!!!!!!!!!!!!!!!!!
20260807 024056.236 INFO             PET3 !!! THE ESMF_LOG IS SET TO OUTPUT ALL LOG MESSAGES !!!
20260807 024056.236 INFO             PET3 !!!     THIS MAY CAUSE SLOWDOWN IN PERFORMANCE     !!!
20260807 024056.236 INFO             PET3 !!! FOR PRODUCTION RUNS, USE:                      !!!
20260807 024056.236 INFO             PET3 !!!                   ESMF_LOGKIND_Multi_On_Error  !!!
20260807 024056.236 INFO             PET3 !!!!!!!!!!!!!!!!!!!!!!!!!!!!!!!!!!!!!!!!!!!!!!!!!!!!!!
20260807 024056.236 INFO             PET3 Running with ESMF Version   : develop+g432bc4507e
20260807 024056.236 INFO             PET3 ESMF library build date/time: "Aug  7 2026" "01:37:37"
20260807 024056.236 INFO             PET3 ESMF library build location : /glade/derecho/scratch/sacks/esmf-testing/gfortran_12.2.0_pio2.6.2_mpi_g_develop/esmf
20260807 024056.236 INFO             PET3 ESMF_COMM                   : mpi
20260807 024056.236 INFO             PET3 ESMF_MOAB                   : enabled
20260807 024056.236 INFO             PET3 ESMF_LAPACK                 : enabled
20260807 024056.236 INFO             PET3 ESMF_NETCDF                 : enabled
20260807 024056.236 INFO             PET3 ESMF_PNETCDF                : disabled
20260807 024056.236 INFO             PET3 ESMF_PIO                    : enabled
20260807 024056.236 INFO             PET3 ESMF_YAMLCPP                : enabled
20260807 024056.240 INFO             PET3 =============================================
20260807 024056.240 INFO             PET3 ESMX (Earth System Model eXecutable) STARTING
20260807 024056.240 INFO             PET3 =============================================
20260807 024056.250 DEBUG            PET3 Generic SetVM() is executing for: ESMX_Driver
20260807 024056.250 DEBUG            PET3 Generic SetVM() found no NUOPC Hint for: ESMX_Driver
20260807 024056.250 DEBUG            PET3 Generic SetVM() therefore is NOT calling ESMF_GridCompSetVMMaxPEs() for: ESMX_Driver
20260807 024056.255 INFO             PET3 ESMX_Driver: InitializeGeneric intro.
20260807 024056.255 INFO             PET3   >>>ESMX_Driver: entered Initialize (phase=<none>) without valid internal Clock.
20260807 024056.255 INFO             PET3   ESMX_Driver: InitializeP0 intro.
20260807 024056.255 INFO             PET3     >>>ESMX_Driver: entered Initialize (phase=<none>) without valid internal Clock.
20260807 024056.255 INFO             PET3     <<<ESMX_Driver: leaving Initialize (phase=<none>) without valid internal Clock.
20260807 024056.255 INFO             PET3   ESMX_Driver: InitializeP0 extro.
20260807 024056.256 INFO             PET3   ESMX_Driver: InitializeIPDv02p1 intro.
20260807 024056.256 INFO             PET3     >>>ESMX_Driver: entered Initialize (phase=<none>) without valid internal Clock.
20260807 024056.262 INFO             PET3     ESMX_Driver - Creating model component ABC without petList.
20260807 024056.262 DEBUG            PET3     Generic SetVM() is executing for: ABC
20260807 024056.262 DEBUG            PET3     Generic SetVM() found no NUOPC Hint for: ABC
20260807 024056.262 DEBUG            PET3     Generic SetVM() therefore is NOT calling ESMF_GridCompSetVMMaxPEs() for: ABC
20260807 024056.267 INFO             PET3     ABC: InitializeP0 intro.
20260807 024056.267 INFO             PET3       >>>ABC: entered Initialize (phase=<none>) without valid internal Clock.
20260807 024056.268 INFO             PET3       <<<ABC: leaving Initialize (phase=<none>) without valid internal Clock.
20260807 024056.268 INFO             PET3     ABC: InitializeP0 extro.
20260807 024056.271 INFO             PET3     ESMX_Driver: IInitAdvertise intro.
20260807 024056.271 INFO             PET3       >>>ESMX_Driver: entered Initialize (phase=<none>) with current time: 2012 10 24  8  0  0   0
20260807 024056.271 INFO             PET3       <<<ESMX_Driver: leaving Initialize (phase=<none>) with current time: 2012 10 24  8  0  0   0
20260807 024056.271 INFO             PET3     ESMX_Driver: IInitAdvertise extro.
20260807 024056.272 INFO             PET3     ABC: InitializeIPDvXp01 intro.
20260807 024056.272 INFO             PET3       >>>ABC: entered Initialize (phase=IPDvXp01) without valid internal Clock.
20260807 024056.274 INFO             PET3       <<<ABC: leaving Initialize (phase=IPDvXp01) without valid internal Clock.
20260807 024056.274 INFO             PET3     ABC: InitializeIPDvXp01 extro.
20260807 024056.275 INFO             PET3     ESMX_Driver: IInitAdvertiseFinish intro.
20260807 024056.275 INFO             PET3       >>>ESMX_Driver: entered Initialize (phase=<none>) with current time: 2012 10 24  8  0  0   0
20260807 024056.275 INFO             PET3       <<<ESMX_Driver: leaving Initialize (phase=<none>) with current time: 2012 10 24  8  0  0   0
20260807 024056.275 INFO             PET3     ESMX_Driver: IInitAdvertiseFinish extro.
20260807 024056.275 INFO             PET3     ESMX_Driver: IInitModifyCplLists intro.
20260807 024056.275 INFO             PET3       >>>ESMX_Driver: entered Initialize (phase=<none>) with current time: 2012 10 24  8  0  0   0
20260807 024056.275 INFO             PET3       <<<ESMX_Driver: leaving Initialize (phase=<none>) with current time: 2012 10 24  8  0  0   0
20260807 024056.275 INFO             PET3     ESMX_Driver: IInitModifyCplLists extro.
20260807 024056.275 INFO             PET3     <<<ESMX_Driver: leaving Initialize (phase=<none>) with current time: 2012 10 24  8  0  0   0
20260807 024056.275 INFO             PET3   ESMX_Driver: InitializeIPDv02p1 extro.
20260807 024056.275 INFO             PET3   ESMX_Driver: InitializeIPDv02p3 intro.
20260807 024056.275 INFO             PET3     >>>ESMX_Driver: entered Initialize (phase=<none>) with current time: 2012 10 24  8  0  0   0
20260807 024056.275 INFO             PET3     ESMX_Driver: IInitCheck intro.
20260807 024056.275 INFO             PET3       >>>ESMX_Driver: entered Initialize (phase=<none>) with current time: 2012 10 24  8  0  0   0
20260807 024056.275 INFO             PET3       <<<ESMX_Driver: leaving Initialize (phase=<none>) with current time: 2012 10 24  8  0  0   0
20260807 024056.275 INFO             PET3     ESMX_Driver: IInitCheck extro.
20260807 024056.276 INFO             PET3     ABC: InitializeIPDvXp04 intro.
20260807 024056.276 INFO             PET3       >>>ABC: entered Initialize (phase=IPDvXp04) without valid internal Clock.
20260807 024056.277 INFO             PET3       <<<ABC: leaving Initialize (phase=IPDvXp04) without valid internal Clock.
20260807 024056.277 INFO             PET3     ABC: InitializeIPDvXp04 extro.
20260807 024056.278 INFO             PET3     ESMX_Driver: IInitRealize intro.
20260807 024056.278 INFO             PET3       >>>ESMX_Driver: entered Initialize (phase=<none>) with current time: 2012 10 24  8  0  0   0
20260807 024056.278 INFO             PET3       <<<ESMX_Driver: leaving Initialize (phase=<none>) with current time: 2012 10 24  8  0  0   0
20260807 024056.278 INFO             PET3     ESMX_Driver: IInitRealize extro.
20260807 024056.278 INFO             PET3     ABC: InitializeIPDvXp07 intro.
20260807 024056.278 INFO             PET3       >>>ABC: entered Initialize (phase=IPDvXp07) without valid internal Clock.
20260807 024056.278 INFO             PET3       <<<ABC: leaving Initialize (phase=IPDvXp07) with current time: 2012 10 24  8  0  0   0
20260807 024056.278 INFO             PET3     ABC: InitializeIPDvXp07 extro.
20260807 024056.278 INFO             PET3     <<<ESMX_Driver: leaving Initialize (phase=<none>) with current time: 2012 10 24  8  0  0   0
20260807 024056.278 INFO             PET3   ESMX_Driver: InitializeIPDv02p3 extro.
20260807 024056.278 INFO             PET3   ESMX_Driver: InitializeIPDv02p5 intro.
20260807 024056.278 INFO             PET3     >>>ESMX_Driver: entered Initialize (phase=<none>) with current time: 2012 10 24  8  0  0   0
20260807 024056.279 INFO             PET3     ESMX_Driver: InitializeIPDv02p5Data intro.
20260807 024056.279 INFO             PET3       >>>ESMX_Driver: entered Initialize (phase=<none>) with current time: 2012 10 24  8  0  0   0
20260807 024056.279 INFO             PET3       ESMX_Driver: InternalInitializeComplete intro.
20260807 024056.279 INFO             PET3         >>>ESMX_Driver: entered Initialize (phase=<none>) with current time: 2012 10 24  8  0  0   0
20260807 024056.279 INFO             PET3         <<<ESMX_Driver: leaving Initialize (phase=<none>) with current time: 2012 10 24  8  0  0   0
20260807 024056.279 INFO             PET3       ESMX_Driver: InternalInitializeComplete extro.
20260807 024056.279 INFO             PET3       ABC: InitializeIPDvXp08 intro.
20260807 024056.279 INFO             PET3         >>>ABC: entered Initialize (phase=IPDv05p8) with current time: 2012 10 24  8  0  0   0
20260807 024056.279 INFO             PET3         <<<ABC: leaving Initialize (phase=IPDv05p8) with current time: 2012 10 24  8  0  0   0
20260807 024056.279 INFO             PET3       ABC: InitializeIPDvXp08 extro.
20260807 024056.280 INFO             PET3       ESMX_Driver: loopDataDependentInitialize intro.
20260807 024056.280 INFO             PET3         >>>ESMX_Driver: entered Initialize (phase=<none>) with current time: 2012 10 24  8  0  0   0
20260807 024056.280 INFO             PET3         <<<ESMX_Driver: leaving Initialize (phase=<none>) with current time: 2012 10 24  8  0  0   0
20260807 024056.280 INFO             PET3       ESMX_Driver: loopDataDependentInitialize extro.
20260807 024056.280 INFO             PET3       <<<ESMX_Driver: leaving Initialize (phase=<none>) with current time: 2012 10 24  8  0  0   0
20260807 024056.280 INFO             PET3     ESMX_Driver: InitializeIPDv02p5Data extro.
20260807 024056.280 INFO             PET3     <<<ESMX_Driver: leaving Initialize (phase=<none>) with current time: 2012 10 24  8  0  0   0
20260807 024056.280 INFO             PET3   ESMX_Driver: InitializeIPDv02p5 extro.
20260807 024056.280 INFO             PET3   <<<ESMX_Driver: leaving Initialize (phase=<none>) with current time: 2012 10 24  8  0  0   0
20260807 024056.280 INFO             PET3 ESMX_Driver: InitializeGeneric extro.
20260807 024056.280 INFO             PET3 ESMX_Driver: Run intro.
20260807 024056.280 INFO             PET3   >>>ESMX_Driver: entered Run (phase=RunPhase1) with current time: 2012 10 24  8  0  0   0
20260807 024056.281 INFO             PET3   ABC: Run intro.
20260807 024056.281 INFO             PET3     >>>ABC: entered Run (phase=RunPhase1) with current time: 2012 10 24  8  0  0   0
20260807 024056.281 INFO             PET3     <<<ABC: leaving Run (phase=RunPhase1) with current time: 2012 10 24 20  0  0   0
20260807 024056.281 INFO             PET3   ABC: Run extro.
20260807 024056.281 INFO             PET3   <<<ESMX_Driver: leaving Run (phase=RunPhase1) with current time: 2012 10 24 20  0  0   0
20260807 024056.281 INFO             PET3 ESMX_Driver: Run extro.
20260807 024056.281 INFO             PET3 ESMX_Driver: Finalize intro.
20260807 024056.281 INFO             PET3   >>>ESMX_Driver: entered Finalize (phase=FinalizePhase1) with current time: 2012 10 24 20  0  0   0
20260807 024056.281 INFO             PET3   Calling Finalize phase 1 for modelComp: ABC
20260807 024056.281 INFO             PET3   ABC: Finalize intro.
20260807 024056.281 INFO             PET3     >>>ABC: entered Finalize (phase=FinalizePhase1) with current time: 2012 10 24 20  0  0   0
20260807 024056.281 INFO             PET3     <<<ABC: leaving Finalize (phase=FinalizePhase1) with current time: 2012 10 24 20  0  0   0
20260807 024056.281 INFO             PET3   ABC: Finalize extro.
20260807 024056.281 INFO             PET3   Delete modelComp: ABC
20260807 024056.282 INFO             PET3   <<<ESMX_Driver: leaving Finalize (phase=FinalizePhase1) with current time: 2012 10 24 20  0  0   0
20260807 024056.282 INFO             PET3 ESMX_Driver: Finalize extro.
20260807 024056.282 INFO             PET3 =============================================
20260807 024056.282 INFO             PET3 ESMX (Earth System Model eXecutable) FINISHED
20260807 024056.282 INFO             PET3 =============================================
20260807 024056.282 INFO             PET3  Finalizing ESMF
