2026-07-05 01:40:12
20260705 022421.971 INFO             PET0 !!!!!!!!!!!!!!!!!!!!!!!!!!!!!!!!!!!!!!!!!!!!!!!!!!!!!!
20260705 022421.971 INFO             PET0 !!! THE ESMF_LOG IS SET TO OUTPUT ALL LOG MESSAGES !!!
20260705 022421.971 INFO             PET0 !!!     THIS MAY CAUSE SLOWDOWN IN PERFORMANCE     !!!
20260705 022421.971 INFO             PET0 !!! FOR PRODUCTION RUNS, USE:                      !!!
20260705 022421.971 INFO             PET0 !!!                   ESMF_LOGKIND_Multi_On_Error  !!!
20260705 022421.971 INFO             PET0 !!!!!!!!!!!!!!!!!!!!!!!!!!!!!!!!!!!!!!!!!!!!!!!!!!!!!!
20260705 022421.971 INFO             PET0 Running with ESMF Version   : develop+g9764fd2b2f
20260705 022421.971 INFO             PET0 ESMF library build date/time: "Jul  5 2026" "01:37:46"
20260705 022421.971 INFO             PET0 ESMF library build location : /glade/derecho/scratch/sacks/esmf-testing/gfortran_12.2.0_pio2.6.2_mpi_g_develop/esmf
20260705 022421.971 INFO             PET0 ESMF_COMM                   : mpi
20260705 022421.971 INFO             PET0 ESMF_MOAB                   : enabled
20260705 022421.971 INFO             PET0 ESMF_LAPACK                 : enabled
20260705 022421.971 INFO             PET0 ESMF_NETCDF                 : enabled
20260705 022421.971 INFO             PET0 ESMF_PNETCDF                : disabled
20260705 022421.971 INFO             PET0 ESMF_PIO                    : enabled
20260705 022421.971 INFO             PET0 ESMF_YAMLCPP                : enabled
20260705 022421.975 INFO             PET0 =============================================
20260705 022421.975 INFO             PET0 ESMX (Earth System Model eXecutable) STARTING
20260705 022421.975 INFO             PET0 =============================================
20260705 022421.983 DEBUG            PET0 Generic SetVM() is executing for: ESMX_Driver
20260705 022421.984 DEBUG            PET0 Generic SetVM() found no NUOPC Hint for: ESMX_Driver
20260705 022421.984 DEBUG            PET0 Generic SetVM() therefore is NOT calling ESMF_GridCompSetVMMaxPEs() for: ESMX_Driver
20260705 022421.988 INFO             PET0 ESMX_Driver: InitializeGeneric intro.
20260705 022421.989 INFO             PET0   >>>ESMX_Driver: entered Initialize (phase=<none>) without valid internal Clock.
20260705 022421.989 INFO             PET0   ESMX_Driver: InitializeP0 intro.
20260705 022421.989 INFO             PET0     >>>ESMX_Driver: entered Initialize (phase=<none>) without valid internal Clock.
20260705 022421.989 INFO             PET0     <<<ESMX_Driver: leaving Initialize (phase=<none>) without valid internal Clock.
20260705 022421.989 INFO             PET0   ESMX_Driver: InitializeP0 extro.
20260705 022421.989 INFO             PET0   ESMX_Driver: InitializeIPDv02p1 intro.
20260705 022421.989 INFO             PET0     >>>ESMX_Driver: entered Initialize (phase=<none>) without valid internal Clock.
20260705 022421.992 INFO             PET0     ESMX_Driver: IInitAdvertise intro.
20260705 022421.992 INFO             PET0       >>>ESMX_Driver: entered Initialize (phase=<none>) with current time: 2012 10 24  8  0  0   0
20260705 022421.992 INFO             PET0       <<<ESMX_Driver: leaving Initialize (phase=<none>) with current time: 2012 10 24  8  0  0   0
20260705 022421.992 INFO             PET0     ESMX_Driver: IInitAdvertise extro.
20260705 022421.992 INFO             PET0     ESMX_Driver: IInitAdvertiseFinish intro.
20260705 022421.992 INFO             PET0       >>>ESMX_Driver: entered Initialize (phase=<none>) with current time: 2012 10 24  8  0  0   0
20260705 022421.992 INFO             PET0       <<<ESMX_Driver: leaving Initialize (phase=<none>) with current time: 2012 10 24  8  0  0   0
20260705 022421.992 INFO             PET0     ESMX_Driver: IInitAdvertiseFinish extro.
20260705 022421.993 INFO             PET0     ESMX_Driver: IInitModifyCplLists intro.
20260705 022421.993 INFO             PET0       >>>ESMX_Driver: entered Initialize (phase=<none>) with current time: 2012 10 24  8  0  0   0
20260705 022421.993 INFO             PET0       <<<ESMX_Driver: leaving Initialize (phase=<none>) with current time: 2012 10 24  8  0  0   0
20260705 022421.993 INFO             PET0     ESMX_Driver: IInitModifyCplLists extro.
20260705 022421.993 INFO             PET0     <<<ESMX_Driver: leaving Initialize (phase=<none>) with current time: 2012 10 24  8  0  0   0
20260705 022421.993 INFO             PET0   ESMX_Driver: InitializeIPDv02p1 extro.
20260705 022421.993 INFO             PET0   ESMX_Driver: InitializeIPDv02p3 intro.
20260705 022421.993 INFO             PET0     >>>ESMX_Driver: entered Initialize (phase=<none>) with current time: 2012 10 24  8  0  0   0
20260705 022421.993 INFO             PET0     ESMX_Driver: IInitCheck intro.
20260705 022421.993 INFO             PET0       >>>ESMX_Driver: entered Initialize (phase=<none>) with current time: 2012 10 24  8  0  0   0
20260705 022421.993 INFO             PET0       <<<ESMX_Driver: leaving Initialize (phase=<none>) with current time: 2012 10 24  8  0  0   0
20260705 022421.993 INFO             PET0     ESMX_Driver: IInitCheck extro.
20260705 022421.993 INFO             PET0     ESMX_Driver: IInitRealize intro.
20260705 022421.994 INFO             PET0       >>>ESMX_Driver: entered Initialize (phase=<none>) with current time: 2012 10 24  8  0  0   0
20260705 022421.994 INFO             PET0       <<<ESMX_Driver: leaving Initialize (phase=<none>) with current time: 2012 10 24  8  0  0   0
20260705 022421.994 INFO             PET0     ESMX_Driver: IInitRealize extro.
20260705 022421.994 INFO             PET0     <<<ESMX_Driver: leaving Initialize (phase=<none>) with current time: 2012 10 24  8  0  0   0
20260705 022421.994 INFO             PET0   ESMX_Driver: InitializeIPDv02p3 extro.
20260705 022421.994 INFO             PET0   ESMX_Driver: InitializeIPDv02p5 intro.
20260705 022421.994 INFO             PET0     >>>ESMX_Driver: entered Initialize (phase=<none>) with current time: 2012 10 24  8  0  0   0
20260705 022421.994 INFO             PET0     ESMX_Driver: InitializeIPDv02p5Data intro.
20260705 022421.994 INFO             PET0       >>>ESMX_Driver: entered Initialize (phase=<none>) with current time: 2012 10 24  8  0  0   0
20260705 022421.994 INFO             PET0       ESMX_Driver: InternalInitializeComplete intro.
20260705 022421.994 INFO             PET0         >>>ESMX_Driver: entered Initialize (phase=<none>) with current time: 2012 10 24  8  0  0   0
20260705 022421.994 INFO             PET0         <<<ESMX_Driver: leaving Initialize (phase=<none>) with current time: 2012 10 24  8  0  0   0
20260705 022421.994 INFO             PET0       ESMX_Driver: InternalInitializeComplete extro.
20260705 022421.995 INFO             PET0       ESMX_Driver: loopDataDependentInitialize intro.
20260705 022421.995 INFO             PET0         >>>ESMX_Driver: entered Initialize (phase=<none>) with current time: 2012 10 24  8  0  0   0
20260705 022421.995 INFO             PET0         <<<ESMX_Driver: leaving Initialize (phase=<none>) with current time: 2012 10 24  8  0  0   0
20260705 022421.995 INFO             PET0       ESMX_Driver: loopDataDependentInitialize extro.
20260705 022421.995 INFO             PET0       <<<ESMX_Driver: leaving Initialize (phase=<none>) with current time: 2012 10 24  8  0  0   0
20260705 022421.995 INFO             PET0     ESMX_Driver: InitializeIPDv02p5Data extro.
20260705 022421.995 INFO             PET0     <<<ESMX_Driver: leaving Initialize (phase=<none>) with current time: 2012 10 24  8  0  0   0
20260705 022421.995 INFO             PET0   ESMX_Driver: InitializeIPDv02p5 extro.
20260705 022421.995 INFO             PET0   <<<ESMX_Driver: leaving Initialize (phase=<none>) with current time: 2012 10 24  8  0  0   0
20260705 022421.995 INFO             PET0 ESMX_Driver: InitializeGeneric extro.
20260705 022421.995 INFO             PET0 ESMX_Driver: Run intro.
20260705 022421.995 INFO             PET0   >>>ESMX_Driver: entered Run (phase=RunPhase1) with current time: 2012 10 24  8  0  0   0
20260705 022421.995 INFO             PET0   <<<ESMX_Driver: leaving Run (phase=RunPhase1) with current time: 2012 10 24  8  0  0   0
20260705 022421.995 INFO             PET0 ESMX_Driver: Run extro.
20260705 022421.995 INFO             PET0 ESMX_Driver: Finalize intro.
20260705 022421.995 INFO             PET0   >>>ESMX_Driver: entered Finalize (phase=FinalizePhase1) with current time: 2012 10 24  8  0  0   0
20260705 022421.995 INFO             PET0   <<<ESMX_Driver: leaving Finalize (phase=FinalizePhase1) with current time: 2012 10 24  8  0  0   0
20260705 022421.995 INFO             PET0 ESMX_Driver: Finalize extro.
20260705 022421.996 INFO             PET0 =============================================
20260705 022421.996 INFO             PET0 ESMX (Earth System Model eXecutable) FINISHED
20260705 022421.996 INFO             PET0 =============================================
20260705 022421.996 INFO             PET0  Finalizing ESMF
20260705 022421.971 INFO             PET1 !!!!!!!!!!!!!!!!!!!!!!!!!!!!!!!!!!!!!!!!!!!!!!!!!!!!!!
20260705 022421.971 INFO             PET1 !!! THE ESMF_LOG IS SET TO OUTPUT ALL LOG MESSAGES !!!
20260705 022421.971 INFO             PET1 !!!     THIS MAY CAUSE SLOWDOWN IN PERFORMANCE     !!!
20260705 022421.971 INFO             PET1 !!! FOR PRODUCTION RUNS, USE:                      !!!
20260705 022421.971 INFO             PET1 !!!                   ESMF_LOGKIND_Multi_On_Error  !!!
20260705 022421.971 INFO             PET1 !!!!!!!!!!!!!!!!!!!!!!!!!!!!!!!!!!!!!!!!!!!!!!!!!!!!!!
20260705 022421.971 INFO             PET1 Running with ESMF Version   : develop+g9764fd2b2f
20260705 022421.971 INFO             PET1 ESMF library build date/time: "Jul  5 2026" "01:37:46"
20260705 022421.971 INFO             PET1 ESMF library build location : /glade/derecho/scratch/sacks/esmf-testing/gfortran_12.2.0_pio2.6.2_mpi_g_develop/esmf
20260705 022421.971 INFO             PET1 ESMF_COMM                   : mpi
20260705 022421.972 INFO             PET1 ESMF_MOAB                   : enabled
20260705 022421.972 INFO             PET1 ESMF_LAPACK                 : enabled
20260705 022421.972 INFO             PET1 ESMF_NETCDF                 : enabled
20260705 022421.972 INFO             PET1 ESMF_PNETCDF                : disabled
20260705 022421.972 INFO             PET1 ESMF_PIO                    : enabled
20260705 022421.972 INFO             PET1 ESMF_YAMLCPP                : enabled
20260705 022421.975 INFO             PET1 =============================================
20260705 022421.975 INFO             PET1 ESMX (Earth System Model eXecutable) STARTING
20260705 022421.975 INFO             PET1 =============================================
20260705 022421.983 DEBUG            PET1 Generic SetVM() is executing for: ESMX_Driver
20260705 022421.984 DEBUG            PET1 Generic SetVM() found no NUOPC Hint for: ESMX_Driver
20260705 022421.984 DEBUG            PET1 Generic SetVM() therefore is NOT calling ESMF_GridCompSetVMMaxPEs() for: ESMX_Driver
20260705 022421.988 INFO             PET1 ESMX_Driver: InitializeGeneric intro.
20260705 022421.988 INFO             PET1   >>>ESMX_Driver: entered Initialize (phase=<none>) without valid internal Clock.
20260705 022421.989 INFO             PET1   ESMX_Driver: InitializeP0 intro.
20260705 022421.989 INFO             PET1     >>>ESMX_Driver: entered Initialize (phase=<none>) without valid internal Clock.
20260705 022421.989 INFO             PET1     <<<ESMX_Driver: leaving Initialize (phase=<none>) without valid internal Clock.
20260705 022421.989 INFO             PET1   ESMX_Driver: InitializeP0 extro.
20260705 022421.989 INFO             PET1   ESMX_Driver: InitializeIPDv02p1 intro.
20260705 022421.989 INFO             PET1     >>>ESMX_Driver: entered Initialize (phase=<none>) without valid internal Clock.
20260705 022421.992 INFO             PET1     ESMX_Driver: IInitAdvertise intro.
20260705 022421.992 INFO             PET1       >>>ESMX_Driver: entered Initialize (phase=<none>) with current time: 2012 10 24  8  0  0   0
20260705 022421.992 INFO             PET1       <<<ESMX_Driver: leaving Initialize (phase=<none>) with current time: 2012 10 24  8  0  0   0
20260705 022421.992 INFO             PET1     ESMX_Driver: IInitAdvertise extro.
20260705 022421.992 INFO             PET1     ESMX_Driver: IInitAdvertiseFinish intro.
20260705 022421.992 INFO             PET1       >>>ESMX_Driver: entered Initialize (phase=<none>) with current time: 2012 10 24  8  0  0   0
20260705 022421.992 INFO             PET1       <<<ESMX_Driver: leaving Initialize (phase=<none>) with current time: 2012 10 24  8  0  0   0
20260705 022421.992 INFO             PET1     ESMX_Driver: IInitAdvertiseFinish extro.
20260705 022421.993 INFO             PET1     ESMX_Driver: IInitModifyCplLists intro.
20260705 022421.993 INFO             PET1       >>>ESMX_Driver: entered Initialize (phase=<none>) with current time: 2012 10 24  8  0  0   0
20260705 022421.993 INFO             PET1       <<<ESMX_Driver: leaving Initialize (phase=<none>) with current time: 2012 10 24  8  0  0   0
20260705 022421.993 INFO             PET1     ESMX_Driver: IInitModifyCplLists extro.
20260705 022421.993 INFO             PET1     <<<ESMX_Driver: leaving Initialize (phase=<none>) with current time: 2012 10 24  8  0  0   0
20260705 022421.993 INFO             PET1   ESMX_Driver: InitializeIPDv02p1 extro.
20260705 022421.993 INFO             PET1   ESMX_Driver: InitializeIPDv02p3 intro.
20260705 022421.993 INFO             PET1     >>>ESMX_Driver: entered Initialize (phase=<none>) with current time: 2012 10 24  8  0  0   0
20260705 022421.993 INFO             PET1     ESMX_Driver: IInitCheck intro.
20260705 022421.993 INFO             PET1       >>>ESMX_Driver: entered Initialize (phase=<none>) with current time: 2012 10 24  8  0  0   0
20260705 022421.993 INFO             PET1       <<<ESMX_Driver: leaving Initialize (phase=<none>) with current time: 2012 10 24  8  0  0   0
20260705 022421.993 INFO             PET1     ESMX_Driver: IInitCheck extro.
20260705 022421.993 INFO             PET1     ESMX_Driver: IInitRealize intro.
20260705 022421.993 INFO             PET1       >>>ESMX_Driver: entered Initialize (phase=<none>) with current time: 2012 10 24  8  0  0   0
20260705 022421.993 INFO             PET1       <<<ESMX_Driver: leaving Initialize (phase=<none>) with current time: 2012 10 24  8  0  0   0
20260705 022421.993 INFO             PET1     ESMX_Driver: IInitRealize extro.
20260705 022421.994 INFO             PET1     <<<ESMX_Driver: leaving Initialize (phase=<none>) with current time: 2012 10 24  8  0  0   0
20260705 022421.994 INFO             PET1   ESMX_Driver: InitializeIPDv02p3 extro.
20260705 022421.994 INFO             PET1   ESMX_Driver: InitializeIPDv02p5 intro.
20260705 022421.994 INFO             PET1     >>>ESMX_Driver: entered Initialize (phase=<none>) with current time: 2012 10 24  8  0  0   0
20260705 022421.994 INFO             PET1     ESMX_Driver: InitializeIPDv02p5Data intro.
20260705 022421.994 INFO             PET1       >>>ESMX_Driver: entered Initialize (phase=<none>) with current time: 2012 10 24  8  0  0   0
20260705 022421.994 INFO             PET1       ESMX_Driver: InternalInitializeComplete intro.
20260705 022421.994 INFO             PET1         >>>ESMX_Driver: entered Initialize (phase=<none>) with current time: 2012 10 24  8  0  0   0
20260705 022421.994 INFO             PET1         <<<ESMX_Driver: leaving Initialize (phase=<none>) with current time: 2012 10 24  8  0  0   0
20260705 022421.994 INFO             PET1       ESMX_Driver: InternalInitializeComplete extro.
20260705 022421.995 INFO             PET1       ESMX_Driver: loopDataDependentInitialize intro.
20260705 022421.995 INFO             PET1         >>>ESMX_Driver: entered Initialize (phase=<none>) with current time: 2012 10 24  8  0  0   0
20260705 022421.995 INFO             PET1         <<<ESMX_Driver: leaving Initialize (phase=<none>) with current time: 2012 10 24  8  0  0   0
20260705 022421.995 INFO             PET1       ESMX_Driver: loopDataDependentInitialize extro.
20260705 022421.995 INFO             PET1       <<<ESMX_Driver: leaving Initialize (phase=<none>) with current time: 2012 10 24  8  0  0   0
20260705 022421.995 INFO             PET1     ESMX_Driver: InitializeIPDv02p5Data extro.
20260705 022421.995 INFO             PET1     <<<ESMX_Driver: leaving Initialize (phase=<none>) with current time: 2012 10 24  8  0  0   0
20260705 022421.995 INFO             PET1   ESMX_Driver: InitializeIPDv02p5 extro.
20260705 022421.995 INFO             PET1   <<<ESMX_Driver: leaving Initialize (phase=<none>) with current time: 2012 10 24  8  0  0   0
20260705 022421.995 INFO             PET1 ESMX_Driver: InitializeGeneric extro.
20260705 022421.995 INFO             PET1 ESMX_Driver: Run intro.
20260705 022421.995 INFO             PET1   >>>ESMX_Driver: entered Run (phase=RunPhase1) with current time: 2012 10 24  8  0  0   0
20260705 022421.995 INFO             PET1   <<<ESMX_Driver: leaving Run (phase=RunPhase1) with current time: 2012 10 24  8  0  0   0
20260705 022421.995 INFO             PET1 ESMX_Driver: Run extro.
20260705 022421.995 INFO             PET1 ESMX_Driver: Finalize intro.
20260705 022421.995 INFO             PET1   >>>ESMX_Driver: entered Finalize (phase=FinalizePhase1) with current time: 2012 10 24  8  0  0   0
20260705 022421.995 INFO             PET1   <<<ESMX_Driver: leaving Finalize (phase=FinalizePhase1) with current time: 2012 10 24  8  0  0   0
20260705 022421.995 INFO             PET1 ESMX_Driver: Finalize extro.
20260705 022421.996 INFO             PET1 =============================================
20260705 022421.996 INFO             PET1 ESMX (Earth System Model eXecutable) FINISHED
20260705 022421.996 INFO             PET1 =============================================
20260705 022421.996 INFO             PET1  Finalizing ESMF
20260705 022421.972 INFO             PET2 !!!!!!!!!!!!!!!!!!!!!!!!!!!!!!!!!!!!!!!!!!!!!!!!!!!!!!
20260705 022421.972 INFO             PET2 !!! THE ESMF_LOG IS SET TO OUTPUT ALL LOG MESSAGES !!!
20260705 022421.972 INFO             PET2 !!!     THIS MAY CAUSE SLOWDOWN IN PERFORMANCE     !!!
20260705 022421.972 INFO             PET2 !!! FOR PRODUCTION RUNS, USE:                      !!!
20260705 022421.972 INFO             PET2 !!!                   ESMF_LOGKIND_Multi_On_Error  !!!
20260705 022421.972 INFO             PET2 !!!!!!!!!!!!!!!!!!!!!!!!!!!!!!!!!!!!!!!!!!!!!!!!!!!!!!
20260705 022421.972 INFO             PET2 Running with ESMF Version   : develop+g9764fd2b2f
20260705 022421.972 INFO             PET2 ESMF library build date/time: "Jul  5 2026" "01:37:46"
20260705 022421.972 INFO             PET2 ESMF library build location : /glade/derecho/scratch/sacks/esmf-testing/gfortran_12.2.0_pio2.6.2_mpi_g_develop/esmf
20260705 022421.972 INFO             PET2 ESMF_COMM                   : mpi
20260705 022421.972 INFO             PET2 ESMF_MOAB                   : enabled
20260705 022421.972 INFO             PET2 ESMF_LAPACK                 : enabled
20260705 022421.972 INFO             PET2 ESMF_NETCDF                 : enabled
20260705 022421.972 INFO             PET2 ESMF_PNETCDF                : disabled
20260705 022421.972 INFO             PET2 ESMF_PIO                    : enabled
20260705 022421.972 INFO             PET2 ESMF_YAMLCPP                : enabled
20260705 022421.975 INFO             PET2 =============================================
20260705 022421.975 INFO             PET2 ESMX (Earth System Model eXecutable) STARTING
20260705 022421.975 INFO             PET2 =============================================
20260705 022421.983 DEBUG            PET2 Generic SetVM() is executing for: ESMX_Driver
20260705 022421.984 DEBUG            PET2 Generic SetVM() found no NUOPC Hint for: ESMX_Driver
20260705 022421.984 DEBUG            PET2 Generic SetVM() therefore is NOT calling ESMF_GridCompSetVMMaxPEs() for: ESMX_Driver
20260705 022421.988 INFO             PET2 ESMX_Driver: InitializeGeneric intro.
20260705 022421.988 INFO             PET2   >>>ESMX_Driver: entered Initialize (phase=<none>) without valid internal Clock.
20260705 022421.989 INFO             PET2   ESMX_Driver: InitializeP0 intro.
20260705 022421.989 INFO             PET2     >>>ESMX_Driver: entered Initialize (phase=<none>) without valid internal Clock.
20260705 022421.989 INFO             PET2     <<<ESMX_Driver: leaving Initialize (phase=<none>) without valid internal Clock.
20260705 022421.989 INFO             PET2   ESMX_Driver: InitializeP0 extro.
20260705 022421.989 INFO             PET2   ESMX_Driver: InitializeIPDv02p1 intro.
20260705 022421.989 INFO             PET2     >>>ESMX_Driver: entered Initialize (phase=<none>) without valid internal Clock.
20260705 022421.992 INFO             PET2     ESMX_Driver: IInitAdvertise intro.
20260705 022421.992 INFO             PET2       >>>ESMX_Driver: entered Initialize (phase=<none>) with current time: 2012 10 24  8  0  0   0
20260705 022421.992 INFO             PET2       <<<ESMX_Driver: leaving Initialize (phase=<none>) with current time: 2012 10 24  8  0  0   0
20260705 022421.992 INFO             PET2     ESMX_Driver: IInitAdvertise extro.
20260705 022421.992 INFO             PET2     ESMX_Driver: IInitAdvertiseFinish intro.
20260705 022421.992 INFO             PET2       >>>ESMX_Driver: entered Initialize (phase=<none>) with current time: 2012 10 24  8  0  0   0
20260705 022421.992 INFO             PET2       <<<ESMX_Driver: leaving Initialize (phase=<none>) with current time: 2012 10 24  8  0  0   0
20260705 022421.992 INFO             PET2     ESMX_Driver: IInitAdvertiseFinish extro.
20260705 022421.993 INFO             PET2     ESMX_Driver: IInitModifyCplLists intro.
20260705 022421.993 INFO             PET2       >>>ESMX_Driver: entered Initialize (phase=<none>) with current time: 2012 10 24  8  0  0   0
20260705 022421.993 INFO             PET2       <<<ESMX_Driver: leaving Initialize (phase=<none>) with current time: 2012 10 24  8  0  0   0
20260705 022421.993 INFO             PET2     ESMX_Driver: IInitModifyCplLists extro.
20260705 022421.993 INFO             PET2     <<<ESMX_Driver: leaving Initialize (phase=<none>) with current time: 2012 10 24  8  0  0   0
20260705 022421.993 INFO             PET2   ESMX_Driver: InitializeIPDv02p1 extro.
20260705 022421.993 INFO             PET2   ESMX_Driver: InitializeIPDv02p3 intro.
20260705 022421.993 INFO             PET2     >>>ESMX_Driver: entered Initialize (phase=<none>) with current time: 2012 10 24  8  0  0   0
20260705 022421.993 INFO             PET2     ESMX_Driver: IInitCheck intro.
20260705 022421.993 INFO             PET2       >>>ESMX_Driver: entered Initialize (phase=<none>) with current time: 2012 10 24  8  0  0   0
20260705 022421.993 INFO             PET2       <<<ESMX_Driver: leaving Initialize (phase=<none>) with current time: 2012 10 24  8  0  0   0
20260705 022421.993 INFO             PET2     ESMX_Driver: IInitCheck extro.
20260705 022421.993 INFO             PET2     ESMX_Driver: IInitRealize intro.
20260705 022421.993 INFO             PET2       >>>ESMX_Driver: entered Initialize (phase=<none>) with current time: 2012 10 24  8  0  0   0
20260705 022421.993 INFO             PET2       <<<ESMX_Driver: leaving Initialize (phase=<none>) with current time: 2012 10 24  8  0  0   0
20260705 022421.993 INFO             PET2     ESMX_Driver: IInitRealize extro.
20260705 022421.994 INFO             PET2     <<<ESMX_Driver: leaving Initialize (phase=<none>) with current time: 2012 10 24  8  0  0   0
20260705 022421.994 INFO             PET2   ESMX_Driver: InitializeIPDv02p3 extro.
20260705 022421.994 INFO             PET2   ESMX_Driver: InitializeIPDv02p5 intro.
20260705 022421.994 INFO             PET2     >>>ESMX_Driver: entered Initialize (phase=<none>) with current time: 2012 10 24  8  0  0   0
20260705 022421.994 INFO             PET2     ESMX_Driver: InitializeIPDv02p5Data intro.
20260705 022421.994 INFO             PET2       >>>ESMX_Driver: entered Initialize (phase=<none>) with current time: 2012 10 24  8  0  0   0
20260705 022421.994 INFO             PET2       ESMX_Driver: InternalInitializeComplete intro.
20260705 022421.994 INFO             PET2         >>>ESMX_Driver: entered Initialize (phase=<none>) with current time: 2012 10 24  8  0  0   0
20260705 022421.994 INFO             PET2         <<<ESMX_Driver: leaving Initialize (phase=<none>) with current time: 2012 10 24  8  0  0   0
20260705 022421.994 INFO             PET2       ESMX_Driver: InternalInitializeComplete extro.
20260705 022421.995 INFO             PET2       ESMX_Driver: loopDataDependentInitialize intro.
20260705 022421.995 INFO             PET2         >>>ESMX_Driver: entered Initialize (phase=<none>) with current time: 2012 10 24  8  0  0   0
20260705 022421.995 INFO             PET2         <<<ESMX_Driver: leaving Initialize (phase=<none>) with current time: 2012 10 24  8  0  0   0
20260705 022421.995 INFO             PET2       ESMX_Driver: loopDataDependentInitialize extro.
20260705 022421.995 INFO             PET2       <<<ESMX_Driver: leaving Initialize (phase=<none>) with current time: 2012 10 24  8  0  0   0
20260705 022421.995 INFO             PET2     ESMX_Driver: InitializeIPDv02p5Data extro.
20260705 022421.995 INFO             PET2     <<<ESMX_Driver: leaving Initialize (phase=<none>) with current time: 2012 10 24  8  0  0   0
20260705 022421.995 INFO             PET2   ESMX_Driver: InitializeIPDv02p5 extro.
20260705 022421.995 INFO             PET2   <<<ESMX_Driver: leaving Initialize (phase=<none>) with current time: 2012 10 24  8  0  0   0
20260705 022421.995 INFO             PET2 ESMX_Driver: InitializeGeneric extro.
20260705 022421.995 INFO             PET2 ESMX_Driver: Run intro.
20260705 022421.995 INFO             PET2   >>>ESMX_Driver: entered Run (phase=RunPhase1) with current time: 2012 10 24  8  0  0   0
20260705 022421.995 INFO             PET2   <<<ESMX_Driver: leaving Run (phase=RunPhase1) with current time: 2012 10 24  8  0  0   0
20260705 022421.995 INFO             PET2 ESMX_Driver: Run extro.
20260705 022421.995 INFO             PET2 ESMX_Driver: Finalize intro.
20260705 022421.995 INFO             PET2   >>>ESMX_Driver: entered Finalize (phase=FinalizePhase1) with current time: 2012 10 24  8  0  0   0
20260705 022421.995 INFO             PET2   <<<ESMX_Driver: leaving Finalize (phase=FinalizePhase1) with current time: 2012 10 24  8  0  0   0
20260705 022421.995 INFO             PET2 ESMX_Driver: Finalize extro.
20260705 022421.996 INFO             PET2 =============================================
20260705 022421.996 INFO             PET2 ESMX (Earth System Model eXecutable) FINISHED
20260705 022421.996 INFO             PET2 =============================================
20260705 022421.996 INFO             PET2  Finalizing ESMF
20260705 022421.971 INFO             PET3 !!!!!!!!!!!!!!!!!!!!!!!!!!!!!!!!!!!!!!!!!!!!!!!!!!!!!!
20260705 022421.971 INFO             PET3 !!! THE ESMF_LOG IS SET TO OUTPUT ALL LOG MESSAGES !!!
20260705 022421.971 INFO             PET3 !!!     THIS MAY CAUSE SLOWDOWN IN PERFORMANCE     !!!
20260705 022421.971 INFO             PET3 !!! FOR PRODUCTION RUNS, USE:                      !!!
20260705 022421.971 INFO             PET3 !!!                   ESMF_LOGKIND_Multi_On_Error  !!!
20260705 022421.971 INFO             PET3 !!!!!!!!!!!!!!!!!!!!!!!!!!!!!!!!!!!!!!!!!!!!!!!!!!!!!!
20260705 022421.971 INFO             PET3 Running with ESMF Version   : develop+g9764fd2b2f
20260705 022421.971 INFO             PET3 ESMF library build date/time: "Jul  5 2026" "01:37:46"
20260705 022421.971 INFO             PET3 ESMF library build location : /glade/derecho/scratch/sacks/esmf-testing/gfortran_12.2.0_pio2.6.2_mpi_g_develop/esmf
20260705 022421.971 INFO             PET3 ESMF_COMM                   : mpi
20260705 022421.972 INFO             PET3 ESMF_MOAB                   : enabled
20260705 022421.972 INFO             PET3 ESMF_LAPACK                 : enabled
20260705 022421.972 INFO             PET3 ESMF_NETCDF                 : enabled
20260705 022421.972 INFO             PET3 ESMF_PNETCDF                : disabled
20260705 022421.972 INFO             PET3 ESMF_PIO                    : enabled
20260705 022421.972 INFO             PET3 ESMF_YAMLCPP                : enabled
20260705 022421.975 INFO             PET3 =============================================
20260705 022421.975 INFO             PET3 ESMX (Earth System Model eXecutable) STARTING
20260705 022421.975 INFO             PET3 =============================================
20260705 022421.983 DEBUG            PET3 Generic SetVM() is executing for: ESMX_Driver
20260705 022421.984 DEBUG            PET3 Generic SetVM() found no NUOPC Hint for: ESMX_Driver
20260705 022421.984 DEBUG            PET3 Generic SetVM() therefore is NOT calling ESMF_GridCompSetVMMaxPEs() for: ESMX_Driver
20260705 022421.988 INFO             PET3 ESMX_Driver: InitializeGeneric intro.
20260705 022421.988 INFO             PET3   >>>ESMX_Driver: entered Initialize (phase=<none>) without valid internal Clock.
20260705 022421.989 INFO             PET3   ESMX_Driver: InitializeP0 intro.
20260705 022421.989 INFO             PET3     >>>ESMX_Driver: entered Initialize (phase=<none>) without valid internal Clock.
20260705 022421.989 INFO             PET3     <<<ESMX_Driver: leaving Initialize (phase=<none>) without valid internal Clock.
20260705 022421.989 INFO             PET3   ESMX_Driver: InitializeP0 extro.
20260705 022421.989 INFO             PET3   ESMX_Driver: InitializeIPDv02p1 intro.
20260705 022421.989 INFO             PET3     >>>ESMX_Driver: entered Initialize (phase=<none>) without valid internal Clock.
20260705 022421.992 INFO             PET3     ESMX_Driver: IInitAdvertise intro.
20260705 022421.992 INFO             PET3       >>>ESMX_Driver: entered Initialize (phase=<none>) with current time: 2012 10 24  8  0  0   0
20260705 022421.992 INFO             PET3       <<<ESMX_Driver: leaving Initialize (phase=<none>) with current time: 2012 10 24  8  0  0   0
20260705 022421.992 INFO             PET3     ESMX_Driver: IInitAdvertise extro.
20260705 022421.992 INFO             PET3     ESMX_Driver: IInitAdvertiseFinish intro.
20260705 022421.992 INFO             PET3       >>>ESMX_Driver: entered Initialize (phase=<none>) with current time: 2012 10 24  8  0  0   0
20260705 022421.992 INFO             PET3       <<<ESMX_Driver: leaving Initialize (phase=<none>) with current time: 2012 10 24  8  0  0   0
20260705 022421.992 INFO             PET3     ESMX_Driver: IInitAdvertiseFinish extro.
20260705 022421.993 INFO             PET3     ESMX_Driver: IInitModifyCplLists intro.
20260705 022421.993 INFO             PET3       >>>ESMX_Driver: entered Initialize (phase=<none>) with current time: 2012 10 24  8  0  0   0
20260705 022421.993 INFO             PET3       <<<ESMX_Driver: leaving Initialize (phase=<none>) with current time: 2012 10 24  8  0  0   0
20260705 022421.993 INFO             PET3     ESMX_Driver: IInitModifyCplLists extro.
20260705 022421.993 INFO             PET3     <<<ESMX_Driver: leaving Initialize (phase=<none>) with current time: 2012 10 24  8  0  0   0
20260705 022421.993 INFO             PET3   ESMX_Driver: InitializeIPDv02p1 extro.
20260705 022421.993 INFO             PET3   ESMX_Driver: InitializeIPDv02p3 intro.
20260705 022421.993 INFO             PET3     >>>ESMX_Driver: entered Initialize (phase=<none>) with current time: 2012 10 24  8  0  0   0
20260705 022421.993 INFO             PET3     ESMX_Driver: IInitCheck intro.
20260705 022421.993 INFO             PET3       >>>ESMX_Driver: entered Initialize (phase=<none>) with current time: 2012 10 24  8  0  0   0
20260705 022421.993 INFO             PET3       <<<ESMX_Driver: leaving Initialize (phase=<none>) with current time: 2012 10 24  8  0  0   0
20260705 022421.993 INFO             PET3     ESMX_Driver: IInitCheck extro.
20260705 022421.993 INFO             PET3     ESMX_Driver: IInitRealize intro.
20260705 022421.993 INFO             PET3       >>>ESMX_Driver: entered Initialize (phase=<none>) with current time: 2012 10 24  8  0  0   0
20260705 022421.994 INFO             PET3       <<<ESMX_Driver: leaving Initialize (phase=<none>) with current time: 2012 10 24  8  0  0   0
20260705 022421.994 INFO             PET3     ESMX_Driver: IInitRealize extro.
20260705 022421.994 INFO             PET3     <<<ESMX_Driver: leaving Initialize (phase=<none>) with current time: 2012 10 24  8  0  0   0
20260705 022421.994 INFO             PET3   ESMX_Driver: InitializeIPDv02p3 extro.
20260705 022421.994 INFO             PET3   ESMX_Driver: InitializeIPDv02p5 intro.
20260705 022421.994 INFO             PET3     >>>ESMX_Driver: entered Initialize (phase=<none>) with current time: 2012 10 24  8  0  0   0
20260705 022421.994 INFO             PET3     ESMX_Driver: InitializeIPDv02p5Data intro.
20260705 022421.994 INFO             PET3       >>>ESMX_Driver: entered Initialize (phase=<none>) with current time: 2012 10 24  8  0  0   0
20260705 022421.994 INFO             PET3       ESMX_Driver: InternalInitializeComplete intro.
20260705 022421.994 INFO             PET3         >>>ESMX_Driver: entered Initialize (phase=<none>) with current time: 2012 10 24  8  0  0   0
20260705 022421.994 INFO             PET3         <<<ESMX_Driver: leaving Initialize (phase=<none>) with current time: 2012 10 24  8  0  0   0
20260705 022421.994 INFO             PET3       ESMX_Driver: InternalInitializeComplete extro.
20260705 022421.995 INFO             PET3       ESMX_Driver: loopDataDependentInitialize intro.
20260705 022421.995 INFO             PET3         >>>ESMX_Driver: entered Initialize (phase=<none>) with current time: 2012 10 24  8  0  0   0
20260705 022421.995 INFO             PET3         <<<ESMX_Driver: leaving Initialize (phase=<none>) with current time: 2012 10 24  8  0  0   0
20260705 022421.995 INFO             PET3       ESMX_Driver: loopDataDependentInitialize extro.
20260705 022421.995 INFO             PET3       <<<ESMX_Driver: leaving Initialize (phase=<none>) with current time: 2012 10 24  8  0  0   0
20260705 022421.995 INFO             PET3     ESMX_Driver: InitializeIPDv02p5Data extro.
20260705 022421.995 INFO             PET3     <<<ESMX_Driver: leaving Initialize (phase=<none>) with current time: 2012 10 24  8  0  0   0
20260705 022421.995 INFO             PET3   ESMX_Driver: InitializeIPDv02p5 extro.
20260705 022421.995 INFO             PET3   <<<ESMX_Driver: leaving Initialize (phase=<none>) with current time: 2012 10 24  8  0  0   0
20260705 022421.995 INFO             PET3 ESMX_Driver: InitializeGeneric extro.
20260705 022421.995 INFO             PET3 ESMX_Driver: Run intro.
20260705 022421.995 INFO             PET3   >>>ESMX_Driver: entered Run (phase=RunPhase1) with current time: 2012 10 24  8  0  0   0
20260705 022421.995 INFO             PET3   <<<ESMX_Driver: leaving Run (phase=RunPhase1) with current time: 2012 10 24  8  0  0   0
20260705 022421.995 INFO             PET3 ESMX_Driver: Run extro.
20260705 022421.995 INFO             PET3 ESMX_Driver: Finalize intro.
20260705 022421.995 INFO             PET3   >>>ESMX_Driver: entered Finalize (phase=FinalizePhase1) with current time: 2012 10 24  8  0  0   0
20260705 022421.995 INFO             PET3   <<<ESMX_Driver: leaving Finalize (phase=FinalizePhase1) with current time: 2012 10 24  8  0  0   0
20260705 022421.995 INFO             PET3 ESMX_Driver: Finalize extro.
20260705 022421.996 INFO             PET3 =============================================
20260705 022421.996 INFO             PET3 ESMX (Earth System Model eXecutable) FINISHED
20260705 022421.996 INFO             PET3 =============================================
20260705 022421.996 INFO             PET3  Finalizing ESMF
