2026-06-04 02:15:21
20260604 083311.659 INFO             PET0 !!!!!!!!!!!!!!!!!!!!!!!!!!!!!!!!!!!!!!!!!!!!!!!!!!!!!!
20260604 083311.659 INFO             PET0 !!! THE ESMF_LOG IS SET TO OUTPUT ALL LOG MESSAGES !!!
20260604 083311.659 INFO             PET0 !!!     THIS MAY CAUSE SLOWDOWN IN PERFORMANCE     !!!
20260604 083311.659 INFO             PET0 !!! FOR PRODUCTION RUNS, USE:                      !!!
20260604 083311.659 INFO             PET0 !!!                   ESMF_LOGKIND_Multi_On_Error  !!!
20260604 083311.659 INFO             PET0 !!!!!!!!!!!!!!!!!!!!!!!!!!!!!!!!!!!!!!!!!!!!!!!!!!!!!!
20260604 083311.659 INFO             PET0 Running with ESMF Version   : develop+gf183dd1f0b
20260604 083311.659 INFO             PET0 ESMF library build date/time: "Jun  4 2026" "02:12:44"
20260604 083311.659 INFO             PET0 ESMF library build location : /discover/nobackup/projects/gmao/SIteam/ESMF_Testing/intel_2025.3.0_intelmpi_O_develop/esmf
20260604 083311.659 INFO             PET0 ESMF_COMM                   : intelmpi
20260604 083311.659 INFO             PET0 ESMF_MOAB                   : enabled
20260604 083311.659 INFO             PET0 ESMF_LAPACK                 : enabled
20260604 083311.659 INFO             PET0 ESMF_NETCDF                 : disabled
20260604 083311.659 INFO             PET0 ESMF_PNETCDF                : disabled
20260604 083311.659 INFO             PET0 ESMF_PIO                    : disabled
20260604 083311.659 INFO             PET0 ESMF_YAMLCPP                : enabled
20260604 083311.660 INFO             PET0 =============================================
20260604 083311.660 INFO             PET0 ESMX (Earth System Model eXecutable) STARTING
20260604 083311.660 INFO             PET0 =============================================
20260604 083311.662 DEBUG            PET0 Generic SetVM() is executing for: ESMX_Driver
20260604 083311.662 DEBUG            PET0 Generic SetVM() found no NUOPC Hint for: ESMX_Driver
20260604 083311.662 DEBUG            PET0 Generic SetVM() therefore is NOT calling ESMF_GridCompSetVMMaxPEs() for: ESMX_Driver
20260604 083311.669 INFO             PET0 =============================================
20260604 083311.669 INFO             PET0 ESMX (Earth System Model eXecutable) FINISHED
20260604 083311.669 INFO             PET0 =============================================
20260604 083311.669 INFO             PET0  Finalizing ESMF
20260604 083311.659 INFO             PET1 !!!!!!!!!!!!!!!!!!!!!!!!!!!!!!!!!!!!!!!!!!!!!!!!!!!!!!
20260604 083311.659 INFO             PET1 !!! THE ESMF_LOG IS SET TO OUTPUT ALL LOG MESSAGES !!!
20260604 083311.659 INFO             PET1 !!!     THIS MAY CAUSE SLOWDOWN IN PERFORMANCE     !!!
20260604 083311.659 INFO             PET1 !!! FOR PRODUCTION RUNS, USE:                      !!!
20260604 083311.659 INFO             PET1 !!!                   ESMF_LOGKIND_Multi_On_Error  !!!
20260604 083311.659 INFO             PET1 !!!!!!!!!!!!!!!!!!!!!!!!!!!!!!!!!!!!!!!!!!!!!!!!!!!!!!
20260604 083311.659 INFO             PET1 Running with ESMF Version   : develop+gf183dd1f0b
20260604 083311.659 INFO             PET1 ESMF library build date/time: "Jun  4 2026" "02:12:44"
20260604 083311.659 INFO             PET1 ESMF library build location : /discover/nobackup/projects/gmao/SIteam/ESMF_Testing/intel_2025.3.0_intelmpi_O_develop/esmf
20260604 083311.659 INFO             PET1 ESMF_COMM                   : intelmpi
20260604 083311.660 INFO             PET1 ESMF_MOAB                   : enabled
20260604 083311.660 INFO             PET1 ESMF_LAPACK                 : enabled
20260604 083311.660 INFO             PET1 ESMF_NETCDF                 : disabled
20260604 083311.660 INFO             PET1 ESMF_PNETCDF                : disabled
20260604 083311.660 INFO             PET1 ESMF_PIO                    : disabled
20260604 083311.660 INFO             PET1 ESMF_YAMLCPP                : enabled
20260604 083311.660 INFO             PET1 =============================================
20260604 083311.660 INFO             PET1 ESMX (Earth System Model eXecutable) STARTING
20260604 083311.660 INFO             PET1 =============================================
20260604 083311.662 DEBUG            PET1 Generic SetVM() is executing for: ESMX_Driver
20260604 083311.662 DEBUG            PET1 Generic SetVM() found no NUOPC Hint for: ESMX_Driver
20260604 083311.662 DEBUG            PET1 Generic SetVM() therefore is NOT calling ESMF_GridCompSetVMMaxPEs() for: ESMX_Driver
20260604 083311.669 INFO             PET1 =============================================
20260604 083311.669 INFO             PET1 ESMX (Earth System Model eXecutable) FINISHED
20260604 083311.669 INFO             PET1 =============================================
20260604 083311.669 INFO             PET1  Finalizing ESMF
20260604 083311.659 INFO             PET2 !!!!!!!!!!!!!!!!!!!!!!!!!!!!!!!!!!!!!!!!!!!!!!!!!!!!!!
20260604 083311.659 INFO             PET2 !!! THE ESMF_LOG IS SET TO OUTPUT ALL LOG MESSAGES !!!
20260604 083311.659 INFO             PET2 !!!     THIS MAY CAUSE SLOWDOWN IN PERFORMANCE     !!!
20260604 083311.659 INFO             PET2 !!! FOR PRODUCTION RUNS, USE:                      !!!
20260604 083311.659 INFO             PET2 !!!                   ESMF_LOGKIND_Multi_On_Error  !!!
20260604 083311.659 INFO             PET2 !!!!!!!!!!!!!!!!!!!!!!!!!!!!!!!!!!!!!!!!!!!!!!!!!!!!!!
20260604 083311.659 INFO             PET2 Running with ESMF Version   : develop+gf183dd1f0b
20260604 083311.659 INFO             PET2 ESMF library build date/time: "Jun  4 2026" "02:12:44"
20260604 083311.659 INFO             PET2 ESMF library build location : /discover/nobackup/projects/gmao/SIteam/ESMF_Testing/intel_2025.3.0_intelmpi_O_develop/esmf
20260604 083311.659 INFO             PET2 ESMF_COMM                   : intelmpi
20260604 083311.660 INFO             PET2 ESMF_MOAB                   : enabled
20260604 083311.660 INFO             PET2 ESMF_LAPACK                 : enabled
20260604 083311.660 INFO             PET2 ESMF_NETCDF                 : disabled
20260604 083311.660 INFO             PET2 ESMF_PNETCDF                : disabled
20260604 083311.660 INFO             PET2 ESMF_PIO                    : disabled
20260604 083311.660 INFO             PET2 ESMF_YAMLCPP                : enabled
20260604 083311.660 INFO             PET2 =============================================
20260604 083311.660 INFO             PET2 ESMX (Earth System Model eXecutable) STARTING
20260604 083311.660 INFO             PET2 =============================================
20260604 083311.662 DEBUG            PET2 Generic SetVM() is executing for: ESMX_Driver
20260604 083311.662 DEBUG            PET2 Generic SetVM() found no NUOPC Hint for: ESMX_Driver
20260604 083311.662 DEBUG            PET2 Generic SetVM() therefore is NOT calling ESMF_GridCompSetVMMaxPEs() for: ESMX_Driver
20260604 083311.669 INFO             PET2 =============================================
20260604 083311.669 INFO             PET2 ESMX (Earth System Model eXecutable) FINISHED
20260604 083311.669 INFO             PET2 =============================================
20260604 083311.669 INFO             PET2  Finalizing ESMF
20260604 083311.659 INFO             PET3 !!!!!!!!!!!!!!!!!!!!!!!!!!!!!!!!!!!!!!!!!!!!!!!!!!!!!!
20260604 083311.659 INFO             PET3 !!! THE ESMF_LOG IS SET TO OUTPUT ALL LOG MESSAGES !!!
20260604 083311.659 INFO             PET3 !!!     THIS MAY CAUSE SLOWDOWN IN PERFORMANCE     !!!
20260604 083311.659 INFO             PET3 !!! FOR PRODUCTION RUNS, USE:                      !!!
20260604 083311.659 INFO             PET3 !!!                   ESMF_LOGKIND_Multi_On_Error  !!!
20260604 083311.659 INFO             PET3 !!!!!!!!!!!!!!!!!!!!!!!!!!!!!!!!!!!!!!!!!!!!!!!!!!!!!!
20260604 083311.659 INFO             PET3 Running with ESMF Version   : develop+gf183dd1f0b
20260604 083311.659 INFO             PET3 ESMF library build date/time: "Jun  4 2026" "02:12:44"
20260604 083311.659 INFO             PET3 ESMF library build location : /discover/nobackup/projects/gmao/SIteam/ESMF_Testing/intel_2025.3.0_intelmpi_O_develop/esmf
20260604 083311.659 INFO             PET3 ESMF_COMM                   : intelmpi
20260604 083311.659 INFO             PET3 ESMF_MOAB                   : enabled
20260604 083311.659 INFO             PET3 ESMF_LAPACK                 : enabled
20260604 083311.659 INFO             PET3 ESMF_NETCDF                 : disabled
20260604 083311.659 INFO             PET3 ESMF_PNETCDF                : disabled
20260604 083311.659 INFO             PET3 ESMF_PIO                    : disabled
20260604 083311.659 INFO             PET3 ESMF_YAMLCPP                : enabled
20260604 083311.660 INFO             PET3 =============================================
20260604 083311.660 INFO             PET3 ESMX (Earth System Model eXecutable) STARTING
20260604 083311.660 INFO             PET3 =============================================
20260604 083311.662 DEBUG            PET3 Generic SetVM() is executing for: ESMX_Driver
20260604 083311.662 DEBUG            PET3 Generic SetVM() found no NUOPC Hint for: ESMX_Driver
20260604 083311.662 DEBUG            PET3 Generic SetVM() therefore is NOT calling ESMF_GridCompSetVMMaxPEs() for: ESMX_Driver
20260604 083311.669 INFO             PET3 =============================================
20260604 083311.669 INFO             PET3 ESMX (Earth System Model eXecutable) FINISHED
20260604 083311.669 INFO             PET3 =============================================
20260604 083311.669 INFO             PET3  Finalizing ESMF
