2026-06-24 01:49:14
20260624 021938.826 INFO             PET0 !!!!!!!!!!!!!!!!!!!!!!!!!!!!!!!!!!!!!!!!!!!!!!!!!!!!!!
20260624 021938.826 INFO             PET0 !!! THE ESMF_LOG IS SET TO OUTPUT ALL LOG MESSAGES !!!
20260624 021938.826 INFO             PET0 !!!     THIS MAY CAUSE SLOWDOWN IN PERFORMANCE     !!!
20260624 021938.826 INFO             PET0 !!! FOR PRODUCTION RUNS, USE:                      !!!
20260624 021938.826 INFO             PET0 !!!                   ESMF_LOGKIND_Multi_On_Error  !!!
20260624 021938.826 INFO             PET0 !!!!!!!!!!!!!!!!!!!!!!!!!!!!!!!!!!!!!!!!!!!!!!!!!!!!!!
20260624 021938.826 INFO             PET0 Running with ESMF Version   : develop+g380c18cfa6
20260624 021938.826 INFO             PET0 ESMF library build date/time: "Jun 24 2026" "01:47:28"
20260624 021938.826 INFO             PET0 ESMF library build location : /glade/derecho/scratch/sacks/esmf-testing/intel_2024.2.1-oneAPI_mpi_O_develop/esmf
20260624 021938.826 INFO             PET0 ESMF_COMM                   : mpi
20260624 021938.827 INFO             PET0 ESMF_MOAB                   : enabled
20260624 021938.827 INFO             PET0 ESMF_LAPACK                 : enabled
20260624 021938.827 INFO             PET0 ESMF_NETCDF                 : enabled
20260624 021938.827 INFO             PET0 ESMF_PNETCDF                : disabled
20260624 021938.827 INFO             PET0 ESMF_PIO                    : enabled
20260624 021938.827 INFO             PET0 ESMF_YAMLCPP                : enabled
20260624 021938.827 INFO             PET0  NUMBER_OF_PROCESSORS           1
20260624 021938.827 INFO             PET0  PASS  Example ESMF_ClockEx, ESMF_ClockEx.F90, line 220
20260624 021938.827 INFO             PET0  Finalizing ESMF
