2026-07-01 03:39:19
20260701 050748.842 INFO             PET0 !!!!!!!!!!!!!!!!!!!!!!!!!!!!!!!!!!!!!!!!!!!!!!!!!!!!!!
20260701 050748.842 INFO             PET0 !!! THE ESMF_LOG IS SET TO OUTPUT ALL LOG MESSAGES !!!
20260701 050748.842 INFO             PET0 !!!     THIS MAY CAUSE SLOWDOWN IN PERFORMANCE     !!!
20260701 050748.842 INFO             PET0 !!! FOR PRODUCTION RUNS, USE:                      !!!
20260701 050748.842 INFO             PET0 !!!                   ESMF_LOGKIND_Multi_On_Error  !!!
20260701 050748.842 INFO             PET0 !!!!!!!!!!!!!!!!!!!!!!!!!!!!!!!!!!!!!!!!!!!!!!!!!!!!!!
20260701 050748.842 INFO             PET0 Running with ESMF Version   : develop+g9d8ac26759
20260701 050748.842 INFO             PET0 ESMF library build date/time: "Jul  1 2026" "03:37:34"
20260701 050748.842 INFO             PET0 ESMF library build location : /glade/derecho/scratch/sacks/esmf-testing/intel_2024.2.1-oneAPI_mpi_O_develop/esmf
20260701 050748.842 INFO             PET0 ESMF_COMM                   : mpi
20260701 050748.842 INFO             PET0 ESMF_MOAB                   : enabled
20260701 050748.842 INFO             PET0 ESMF_LAPACK                 : enabled
20260701 050748.842 INFO             PET0 ESMF_NETCDF                 : enabled
20260701 050748.842 INFO             PET0 ESMF_PNETCDF                : disabled
20260701 050748.842 INFO             PET0 ESMF_PIO                    : enabled
20260701 050748.842 INFO             PET0 ESMF_YAMLCPP                : enabled
20260701 050748.842 INFO             PET0  NUMBER_OF_PROCESSORS           2
20260701 050748.842 INFO             PET0  PASS  Example ESMF_VMUserMpiCommEx, ESMF_VMUserMpiCommEx.F90, line 113
20260701 050748.842 INFO             PET0  Finalizing ESMF with endflag==ESMF_END_KEEPMPI
20260701 050748.842 INFO             PET1 !!!!!!!!!!!!!!!!!!!!!!!!!!!!!!!!!!!!!!!!!!!!!!!!!!!!!!
20260701 050748.842 INFO             PET1 !!! THE ESMF_LOG IS SET TO OUTPUT ALL LOG MESSAGES !!!
20260701 050748.842 INFO             PET1 !!!     THIS MAY CAUSE SLOWDOWN IN PERFORMANCE     !!!
20260701 050748.842 INFO             PET1 !!! FOR PRODUCTION RUNS, USE:                      !!!
20260701 050748.842 INFO             PET1 !!!                   ESMF_LOGKIND_Multi_On_Error  !!!
20260701 050748.842 INFO             PET1 !!!!!!!!!!!!!!!!!!!!!!!!!!!!!!!!!!!!!!!!!!!!!!!!!!!!!!
20260701 050748.842 INFO             PET1 Running with ESMF Version   : develop+g9d8ac26759
20260701 050748.842 INFO             PET1 ESMF library build date/time: "Jul  1 2026" "03:37:34"
20260701 050748.842 INFO             PET1 ESMF library build location : /glade/derecho/scratch/sacks/esmf-testing/intel_2024.2.1-oneAPI_mpi_O_develop/esmf
20260701 050748.842 INFO             PET1 ESMF_COMM                   : mpi
20260701 050748.842 INFO             PET1 ESMF_MOAB                   : enabled
20260701 050748.842 INFO             PET1 ESMF_LAPACK                 : enabled
20260701 050748.842 INFO             PET1 ESMF_NETCDF                 : enabled
20260701 050748.842 INFO             PET1 ESMF_PNETCDF                : disabled
20260701 050748.842 INFO             PET1 ESMF_PIO                    : enabled
20260701 050748.842 INFO             PET1 ESMF_YAMLCPP                : enabled
20260701 050748.842 INFO             PET1  NUMBER_OF_PROCESSORS           2
20260701 050748.842 INFO             PET1  PASS  Example ESMF_VMUserMpiCommEx, ESMF_VMUserMpiCommEx.F90, line 113
20260701 050748.842 INFO             PET1  Finalizing ESMF with endflag==ESMF_END_KEEPMPI
