 
Installing ESMF:
 
mkdir -p /usr/local/esmf/esmf-testing/nag_7.2.44_mpiuni_O_develop/esmf/DEFAULTINSTALLDIR/include
cp -f /usr/local/esmf/esmf-testing/nag_7.2.44_mpiuni_O_develop/esmf/src/include/NUOPC.h /usr/local/esmf/esmf-testing/nag_7.2.44_mpiuni_O_develop/esmf/DEFAULTINSTALLDIR/include
cp -f /usr/local/esmf/esmf-testing/nag_7.2.44_mpiuni_O_develop/esmf/src/include/ESMC.h /usr/local/esmf/esmf-testing/nag_7.2.44_mpiuni_O_develop/esmf/DEFAULTINSTALLDIR/include
cp -f /usr/local/esmf/esmf-testing/nag_7.2.44_mpiuni_O_develop/esmf/src/include/ESMC_*.h /usr/local/esmf/esmf-testing/nag_7.2.44_mpiuni_O_develop/esmf/DEFAULTINSTALLDIR/include
cp -f /usr/local/esmf/esmf-testing/nag_7.2.44_mpiuni_O_develop/esmf/build_config/Darwin.nag.default/ESMC_Conf.h /usr/local/esmf/esmf-testing/nag_7.2.44_mpiuni_O_develop/esmf/DEFAULTINSTALLDIR/include
cp -fr /usr/local/esmf/esmf-testing/nag_7.2.44_mpiuni_O_develop/esmf/src/addon/ESMX /usr/local/esmf/esmf-testing/nag_7.2.44_mpiuni_O_develop/esmf/DEFAULTINSTALLDIR/include
mkdir -p /usr/local/esmf/esmf-testing/nag_7.2.44_mpiuni_O_develop/esmf/DEFAULTINSTALLDIR/cmake
cp -f /usr/local/esmf/esmf-testing/nag_7.2.44_mpiuni_O_develop/esmf/cmake/FindESMF.cmake /usr/local/esmf/esmf-testing/nag_7.2.44_mpiuni_O_develop/esmf/DEFAULTINSTALLDIR/cmake
mkdir -p /usr/local/esmf/esmf-testing/nag_7.2.44_mpiuni_O_develop/esmf/DEFAULTINSTALLDIR/mod/modO/Darwin.nag.64.mpiuni.default
cp -f /usr/local/esmf/esmf-testing/nag_7.2.44_mpiuni_O_develop/esmf/mod/modO/Darwin.nag.64.mpiuni.default/*.mod /usr/local/esmf/esmf-testing/nag_7.2.44_mpiuni_O_develop/esmf/DEFAULTINSTALLDIR/mod/modO/Darwin.nag.64.mpiuni.default
mkdir -p /usr/local/esmf/esmf-testing/nag_7.2.44_mpiuni_O_develop/esmf/DEFAULTINSTALLDIR/lib/libO/Darwin.nag.64.mpiuni.default
cp -f /usr/local/esmf/esmf-testing/nag_7.2.44_mpiuni_O_develop/esmf/lib/libO/Darwin.nag.64.mpiuni.default/libesmf*.* /usr/local/esmf/esmf-testing/nag_7.2.44_mpiuni_O_develop/esmf/DEFAULTINSTALLDIR/lib/libO/Darwin.nag.64.mpiuni.default
cp -f /usr/local/esmf/esmf-testing/nag_7.2.44_mpiuni_O_develop/esmf/lib/libO/Darwin.nag.64.mpiuni.default/libpioc.* /usr/local/esmf/esmf-testing/nag_7.2.44_mpiuni_O_develop/esmf/DEFAULTINSTALLDIR/lib/libO/Darwin.nag.64.mpiuni.default
make ESMF_PRELOADDIR=/usr/local/esmf/esmf-testing/nag_7.2.44_mpiuni_O_develop/esmf/DEFAULTINSTALLDIR/lib/libO/Darwin.nag.64.mpiuni.default build_preload_script
make[1]: Entering directory '/usr/local/esmf/esmf-testing/nag_7.2.44_mpiuni_O_develop/esmf'
chmod 755 /usr/local/esmf/esmf-testing/nag_7.2.44_mpiuni_O_develop/esmf/DEFAULTINSTALLDIR/lib/libO/Darwin.nag.64.mpiuni.default/preload.sh
make[1]: Leaving directory '/usr/local/esmf/esmf-testing/nag_7.2.44_mpiuni_O_develop/esmf'
ranlib /usr/local/esmf/esmf-testing/nag_7.2.44_mpiuni_O_develop/esmf/DEFAULTINSTALLDIR/lib/libO/Darwin.nag.64.mpiuni.default/libesmf*.a
make install_apps
make[1]: Entering directory '/usr/local/esmf/esmf-testing/nag_7.2.44_mpiuni_O_develop/esmf'
mkdir -p /usr/local/esmf/esmf-testing/nag_7.2.44_mpiuni_O_develop/esmf/DEFAULTINSTALLDIR/bin/binO/Darwin.nag.64.mpiuni.default
make build_apps ESMF_APPSDIR=/usr/local/esmf/esmf-testing/nag_7.2.44_mpiuni_O_develop/esmf/DEFAULTINSTALLDIR/bin/binO/Darwin.nag.64.mpiuni.default ESMF_LDIR=/usr/local/esmf/esmf-testing/nag_7.2.44_mpiuni_O_develop/esmf/DEFAULTINSTALLDIR/lib/libO/Darwin.nag.64.mpiuni.default ESMF_LIBDIR=/usr/local/esmf/esmf-testing/nag_7.2.44_mpiuni_O_develop/esmf/DEFAULTINSTALLDIR/lib/libO/Darwin.nag.64.mpiuni.default ESMF_MODDIR=/usr/local/esmf/esmf-testing/nag_7.2.44_mpiuni_O_develop/esmf/DEFAULTINSTALLDIR/mod/modO/Darwin.nag.64.mpiuni.default
make[2]: Entering directory '/usr/local/esmf/esmf-testing/nag_7.2.44_mpiuni_O_develop/esmf'
cd /usr/local/esmf/esmf-testing/nag_7.2.44_mpiuni_O_develop/esmf/src/apps; make ACTION=tree_build_apps tree
make[3]: Entering directory '/usr/local/esmf/esmf-testing/nag_7.2.44_mpiuni_O_develop/esmf/src/apps'
tree_build_apps in: /usr/local/esmf/esmf-testing/nag_7.2.44_mpiuni_O_develop/esmf/src/apps/ESMF_PrintInfo
make[4]: Entering directory '/usr/local/esmf/esmf-testing/nag_7.2.44_mpiuni_O_develop/esmf/src/apps/ESMF_PrintInfo'
make chkdir_locobj
make[5]: Entering directory '/usr/local/esmf/esmf-testing/nag_7.2.44_mpiuni_O_develop/esmf/src/apps/ESMF_PrintInfo'
Making directory /usr/local/esmf/esmf-testing/nag_7.2.44_mpiuni_O_develop/esmf/obj/objO/Darwin.nag.64.mpiuni.default/src/apps/ESMF_PrintInfo for apps output
make[5]: Leaving directory '/usr/local/esmf/esmf-testing/nag_7.2.44_mpiuni_O_develop/esmf/src/apps/ESMF_PrintInfo'
nagfor -c -O0  -PIC -DESMF_NAG_UNIX_MODULE -dusty -thread_safe -I/usr/local/esmf/esmf-testing/nag_7.2.44_mpiuni_O_develop/esmf/src/apps/ESMF_PrintInfo -I/usr/local/esmf/esmf-testing/nag_7.2.44_mpiuni_O_develop/esmf/build_config/Darwin.nag.default -I/usr/local/esmf/esmf-testing/nag_7.2.44_mpiuni_O_develop/esmf/src/Infrastructure -I/usr/local/esmf/esmf-testing/nag_7.2.44_mpiuni_O_develop/esmf/src/Superstructure -I/usr/local/esmf/esmf-testing/nag_7.2.44_mpiuni_O_develop/esmf/DEFAULTINSTALLDIR/mod/modO/Darwin.nag.64.mpiuni.default -I/usr/local/esmf/esmf-testing/nag_7.2.44_mpiuni_O_develop/esmf/src/include -I/usr/local/esmf/spack/opt/spack/darwin-m1/netcdf-c-4.9.3-igrwluw5pdi6jaxcblylxhjwgiacduio/include -I/usr/local/esmf/spack/opt/spack/darwin-m1/netcdf-fortran-4.6.2-tkdn4yzuvqwj3g7sza64ns7xw4kz66g7/include -free -fpp -DESMF_NO_INTEGER_1_BYTE -DESMF_NO_INTEGER_2_BYTE -DESMF_VERSION_STRING_GIT='"develop+g1082792c4b"' -DESMF_MPIUNI -I/usr/local/esmf/esmf-testing/nag_7.2.44_mpiuni_O_develop/esmf/src/Infrastructure/stubs/mpiuni -DESMF_MOAB=1 -DESMF_LAPACK=1 -DESMF_LAPACK_INTERNAL=1 -DESMF_NO_ACC_SOFTWARE_STACK=1 -DESMF_PIO=1 -DESMF_NETCDF=1 -DYAML=ESMF_YAML -DESMF_YAMLCPP=1 -DESMF_NO_OPENMP -DESMF_NO_OPENACC -DESMF_TESTEXHAUSTIVE -DESMF_BOPT_O -DESMF_TESTPERFORMANCE -DESMF_TESTCOMPTUNNEL -DESMF_TESTWITHTHREADS -DS64=1 -DESMF_OS_Darwin=1 -DESMF_COMM=mpiuni -DESMF_DIR=/usr/local/esmf/esmf-testing/nag_7.2.44_mpiuni_O_develop/esmf ESMF_PrintInfo.F90 -o /usr/local/esmf/esmf-testing/nag_7.2.44_mpiuni_O_develop/esmf/obj/objO/Darwin.nag.64.mpiuni.default/src/apps/ESMF_PrintInfo/ESMF_PrintInfo.o
NAG Fortran Compiler Release 7.2(Shin-Urayasu) Build 7244
Warning: ESMF_PrintInfo.F90, line 95: Unused local variable ARGFLAG
Warning: ESMF_PrintInfo.F90, line 95: Unused local variable ARGINDEX
[NAG Fortran Compiler normal termination, 2 warnings]
make chkdir_apps
make[5]: Entering directory '/usr/local/esmf/esmf-testing/nag_7.2.44_mpiuni_O_develop/esmf/src/apps/ESMF_PrintInfo'
make[5]: Leaving directory '/usr/local/esmf/esmf-testing/nag_7.2.44_mpiuni_O_develop/esmf/src/apps/ESMF_PrintInfo'
nagfor   -thread_safe -L/usr/local/esmf/esmf-testing/nag_7.2.44_mpiuni_O_develop/esmf/DEFAULTINSTALLDIR/lib/libO/Darwin.nag.64.mpiuni.default -L/usr/local/esmf/spack/opt/spack/darwin-m1/netcdf-c-4.9.3-igrwluw5pdi6jaxcblylxhjwgiacduio/lib -L/usr/local/esmf/spack/opt/spack/darwin-m1/netcdf-fortran-4.6.2-tkdn4yzuvqwj3g7sza64ns7xw4kz66g7/lib -L/usr/local/esmf/spack/opt/spack/darwin-m1/gcc-14.2.0-qqymykmrplffv57mi6bq7jls5ndk3ymq/lib/gcc/aarch64-apple-darwin24.5.0/14.2.0/../../../ -Wl,-rpath,/usr/local/esmf/esmf-testing/nag_7.2.44_mpiuni_O_develop/esmf/DEFAULTINSTALLDIR/lib/libO/Darwin.nag.64.mpiuni.default  -Wl,-rpath,/usr/local/esmf/spack/opt/spack/darwin-m1/netcdf-c-4.9.3-igrwluw5pdi6jaxcblylxhjwgiacduio/lib -Wl,-rpath,/usr/local/esmf/spack/opt/spack/darwin-m1/netcdf-fortran-4.6.2-tkdn4yzuvqwj3g7sza64ns7xw4kz66g7/lib -Wl,-rpath,/usr/local/esmf/spack/opt/spack/darwin-m1/gcc-14.2.0-qqymykmrplffv57mi6bq7jls5ndk3ymq/lib/gcc/aarch64-apple-darwin24.5.0/14.2.0/../../../ -o /usr/local/esmf/esmf-testing/nag_7.2.44_mpiuni_O_develop/esmf/DEFAULTINSTALLDIR/bin/binO/Darwin.nag.64.mpiuni.default/ESMF_PrintInfo /usr/local/esmf/esmf-testing/nag_7.2.44_mpiuni_O_develop/esmf/obj/objO/Darwin.nag.64.mpiuni.default/src/apps/ESMF_PrintInfo/ESMF_PrintInfo.o -lesmf -lpioc -lnetcdf -lnetcdff -lnetcdf -lnetcdf -lm /usr/local/esmf/spack/opt/spack/darwin-m1/gcc-14.2.0-qqymykmrplffv57mi6bq7jls5ndk3ymq/lib/gcc/aarch64-apple-darwin24.5.0/14.2.0/../../../libstdc++.dylib
NAG Fortran Compiler Release 7.2(Shin-Urayasu) Build 7244
ld: warning: ignoring duplicate libraries: '-lm', '-lnetcdf'
make[4]: Leaving directory '/usr/local/esmf/esmf-testing/nag_7.2.44_mpiuni_O_develop/esmf/src/apps/ESMF_PrintInfo'
tree_build_apps in: /usr/local/esmf/esmf-testing/nag_7.2.44_mpiuni_O_develop/esmf/src/apps/ESMF_PrintInfoC
make[4]: Entering directory '/usr/local/esmf/esmf-testing/nag_7.2.44_mpiuni_O_develop/esmf/src/apps/ESMF_PrintInfoC'
make chkdir_locobj
make[5]: Entering directory '/usr/local/esmf/esmf-testing/nag_7.2.44_mpiuni_O_develop/esmf/src/apps/ESMF_PrintInfoC'
Making directory /usr/local/esmf/esmf-testing/nag_7.2.44_mpiuni_O_develop/esmf/obj/objO/Darwin.nag.64.mpiuni.default/src/apps/ESMF_PrintInfoC for apps output
make[5]: Leaving directory '/usr/local/esmf/esmf-testing/nag_7.2.44_mpiuni_O_develop/esmf/src/apps/ESMF_PrintInfoC'
gcc -c -std=c99 -O0 -DNDEBUG  -fPIC -pthread -I/usr/local/esmf/esmf-testing/nag_7.2.44_mpiuni_O_develop/esmf/src/apps/ESMF_PrintInfoC -I/usr/local/esmf/esmf-testing/nag_7.2.44_mpiuni_O_develop/esmf/src/apps/ESMF_PrintInfoC/../include -I/usr/local/esmf/esmf-testing/nag_7.2.44_mpiuni_O_develop/esmf/build_config/Darwin.nag.default -I/usr/local/esmf/esmf-testing/nag_7.2.44_mpiuni_O_develop/esmf/src/Infrastructure -I/usr/local/esmf/esmf-testing/nag_7.2.44_mpiuni_O_develop/esmf/src/Superstructure -I/usr/local/esmf/esmf-testing/nag_7.2.44_mpiuni_O_develop/esmf/src/include   -DESMF_NO_INTEGER_1_BYTE -DESMF_NO_INTEGER_2_BYTE -DESMF_VERSION_STRING_GIT='"develop+g1082792c4b"' -DESMF_MPIUNI -I/usr/local/esmf/esmf-testing/nag_7.2.44_mpiuni_O_develop/esmf/src/Infrastructure/stubs/mpiuni -DESMF_MOAB=1 -DESMF_LAPACK=1 -DESMF_LAPACK_INTERNAL=1 -DESMF_NO_ACC_SOFTWARE_STACK=1 -DESMF_PIO=1 -DESMF_NETCDF=1 -DYAML=ESMF_YAML -DESMF_YAMLCPP=1 -DESMF_NO_OPENMP -DESMF_NO_OPENACC -DESMF_TESTEXHAUSTIVE -DESMF_BOPT_O -DESMF_TESTPERFORMANCE -DESMF_TESTCOMPTUNNEL -DESMF_TESTWITHTHREADS -DS64=1 -DESMF_OS_Darwin=1 -DESMF_COMM=mpiuni -DESMF_DIR=/usr/local/esmf/esmf-testing/nag_7.2.44_mpiuni_O_develop/esmf -D__SDIR__='"src/apps/ESMF_PrintInfoC"' -DESMF_CSTD=99 ESMF_PrintInfoC.c -o /usr/local/esmf/esmf-testing/nag_7.2.44_mpiuni_O_develop/esmf/obj/objO/Darwin.nag.64.mpiuni.default/src/apps/ESMF_PrintInfoC/ESMF_PrintInfoC.o
make chkdir_apps
make[5]: Entering directory '/usr/local/esmf/esmf-testing/nag_7.2.44_mpiuni_O_develop/esmf/src/apps/ESMF_PrintInfoC'
make[5]: Leaving directory '/usr/local/esmf/esmf-testing/nag_7.2.44_mpiuni_O_develop/esmf/src/apps/ESMF_PrintInfoC'
gcc   -pthread -L/usr/local/esmf/esmf-testing/nag_7.2.44_mpiuni_O_develop/esmf/DEFAULTINSTALLDIR/lib/libO/Darwin.nag.64.mpiuni.default -L/usr/local/esmf/spack/opt/spack/darwin-m1/netcdf-c-4.9.3-igrwluw5pdi6jaxcblylxhjwgiacduio/lib -L/usr/local/esmf/spack/opt/spack/darwin-m1/netcdf-fortran-4.6.2-tkdn4yzuvqwj3g7sza64ns7xw4kz66g7/lib -L/usr/local/esmf/esmf-testing/nag_7.2.44_mpiuni_O_develop/esmf/DEFAULTINSTALLDIR/lib/libO/Darwin.nag.64.mpiuni.default -L/usr/local/esmf/spack/opt/spack/darwin-m1/netcdf-c-4.9.3-igrwluw5pdi6jaxcblylxhjwgiacduio/lib -L/usr/local/esmf/spack/opt/spack/darwin-m1/netcdf-fortran-4.6.2-tkdn4yzuvqwj3g7sza64ns7xw4kz66g7/lib -L/usr/local/esmf/spack/opt/spack/darwin-m1/gcc-14.2.0-qqymykmrplffv57mi6bq7jls5ndk3ymq/lib/gcc/aarch64-apple-darwin24.5.0/14.2.0/../../../ -Wl,-rpath,/usr/local/esmf/esmf-testing/nag_7.2.44_mpiuni_O_develop/esmf/DEFAULTINSTALLDIR/lib/libO/Darwin.nag.64.mpiuni.default -Wl,-rpath,/usr/local/esmf/spack/opt/spack/darwin-m1/netcdf-c-4.9.3-igrwluw5pdi6jaxcblylxhjwgiacduio/lib -Wl,-rpath,/usr/local/esmf/spack/opt/spack/darwin-m1/netcdf-fortran-4.6.2-tkdn4yzuvqwj3g7sza64ns7xw4kz66g7/lib -Wl,-rpath,/usr/local/esmf/esmf-testing/nag_7.2.44_mpiuni_O_develop/esmf/DEFAULTINSTALLDIR/lib/libO/Darwin.nag.64.mpiuni.default -Wl,-rpath,/usr/local/esmf/spack/opt/spack/darwin-m1/netcdf-c-4.9.3-igrwluw5pdi6jaxcblylxhjwgiacduio/lib -Wl,-rpath,/usr/local/esmf/spack/opt/spack/darwin-m1/netcdf-fortran-4.6.2-tkdn4yzuvqwj3g7sza64ns7xw4kz66g7/lib -Wl,-rpath,/usr/local/esmf/spack/opt/spack/darwin-m1/gcc-14.2.0-qqymykmrplffv57mi6bq7jls5ndk3ymq/lib/gcc/aarch64-apple-darwin24.5.0/14.2.0/../../../ -o /usr/local/esmf/esmf-testing/nag_7.2.44_mpiuni_O_develop/esmf/DEFAULTINSTALLDIR/bin/binO/Darwin.nag.64.mpiuni.default/ESMF_PrintInfoC /usr/local/esmf/esmf-testing/nag_7.2.44_mpiuni_O_develop/esmf/obj/objO/Darwin.nag.64.mpiuni.default/src/apps/ESMF_PrintInfoC/ESMF_PrintInfoC.o -lesmf -lpioc -lnetcdf -lnetcdff -lnetcdf -lnetcdf -lm /usr/local/lib/NAG_Fortran/quickfit.o -Xlinker -flat_namespace -Xlinker -rpath -Xlinker /usr/local/lib/NAG_Fortran /usr/local/lib/NAG_Fortran/libf72rts.dylib /usr/local/lib/NAG_Fortran/libf72rts.a -lm -lpioc -lnetcdf -lnetcdff -lnetcdf -lnetcdf -lm /usr/local/esmf/spack/opt/spack/darwin-m1/gcc-14.2.0-qqymykmrplffv57mi6bq7jls5ndk3ymq/lib/gcc/aarch64-apple-darwin24.5.0/14.2.0/../../../libstdc++.dylib
ld: warning: duplicate -rpath '/usr/local/esmf/esmf-testing/nag_7.2.44_mpiuni_O_develop/esmf/DEFAULTINSTALLDIR/lib/libO/Darwin.nag.64.mpiuni.default' ignored
ld: warning: duplicate -rpath '/usr/local/esmf/spack/opt/spack/darwin-m1/gcc-14.2.0-qqymykmrplffv57mi6bq7jls5ndk3ymq/lib' ignored
ld: warning: duplicate -rpath '/usr/local/esmf/spack/opt/spack/darwin-m1/netcdf-c-4.9.3-igrwluw5pdi6jaxcblylxhjwgiacduio/lib' ignored
ld: warning: duplicate -rpath '/usr/local/esmf/spack/opt/spack/darwin-m1/netcdf-fortran-4.6.2-tkdn4yzuvqwj3g7sza64ns7xw4kz66g7/lib' ignored
ld: warning: ignoring duplicate libraries: '-lnetcdf', '-lnetcdff', '-lpioc'
make[4]: Leaving directory '/usr/local/esmf/esmf-testing/nag_7.2.44_mpiuni_O_develop/esmf/src/apps/ESMF_PrintInfoC'
tree_build_apps in: /usr/local/esmf/esmf-testing/nag_7.2.44_mpiuni_O_develop/esmf/src/apps/ESMF_RegridWeightGen
make[4]: Entering directory '/usr/local/esmf/esmf-testing/nag_7.2.44_mpiuni_O_develop/esmf/src/apps/ESMF_RegridWeightGen'
make chkdir_locobj
make[5]: Entering directory '/usr/local/esmf/esmf-testing/nag_7.2.44_mpiuni_O_develop/esmf/src/apps/ESMF_RegridWeightGen'
Making directory /usr/local/esmf/esmf-testing/nag_7.2.44_mpiuni_O_develop/esmf/obj/objO/Darwin.nag.64.mpiuni.default/src/apps/ESMF_RegridWeightGen for apps output
make[5]: Leaving directory '/usr/local/esmf/esmf-testing/nag_7.2.44_mpiuni_O_develop/esmf/src/apps/ESMF_RegridWeightGen'
nagfor -c -O0  -PIC -DESMF_NAG_UNIX_MODULE -dusty -thread_safe -I/usr/local/esmf/esmf-testing/nag_7.2.44_mpiuni_O_develop/esmf/src/apps/ESMF_RegridWeightGen -I/usr/local/esmf/esmf-testing/nag_7.2.44_mpiuni_O_develop/esmf/build_config/Darwin.nag.default -I/usr/local/esmf/esmf-testing/nag_7.2.44_mpiuni_O_develop/esmf/src/Infrastructure -I/usr/local/esmf/esmf-testing/nag_7.2.44_mpiuni_O_develop/esmf/src/Superstructure -I/usr/local/esmf/esmf-testing/nag_7.2.44_mpiuni_O_develop/esmf/DEFAULTINSTALLDIR/mod/modO/Darwin.nag.64.mpiuni.default -I/usr/local/esmf/esmf-testing/nag_7.2.44_mpiuni_O_develop/esmf/src/include -I/usr/local/esmf/spack/opt/spack/darwin-m1/netcdf-c-4.9.3-igrwluw5pdi6jaxcblylxhjwgiacduio/include -I/usr/local/esmf/spack/opt/spack/darwin-m1/netcdf-fortran-4.6.2-tkdn4yzuvqwj3g7sza64ns7xw4kz66g7/include -free -fpp -DESMF_NO_INTEGER_1_BYTE -DESMF_NO_INTEGER_2_BYTE -DESMF_VERSION_STRING_GIT='"develop+g1082792c4b"' -DESMF_MPIUNI -I/usr/local/esmf/esmf-testing/nag_7.2.44_mpiuni_O_develop/esmf/src/Infrastructure/stubs/mpiuni -DESMF_MOAB=1 -DESMF_LAPACK=1 -DESMF_LAPACK_INTERNAL=1 -DESMF_NO_ACC_SOFTWARE_STACK=1 -DESMF_PIO=1 -DESMF_NETCDF=1 -DYAML=ESMF_YAML -DESMF_YAMLCPP=1 -DESMF_NO_OPENMP -DESMF_NO_OPENACC -DESMF_TESTEXHAUSTIVE -DESMF_BOPT_O -DESMF_TESTPERFORMANCE -DESMF_TESTCOMPTUNNEL -DESMF_TESTWITHTHREADS -DS64=1 -DESMF_OS_Darwin=1 -DESMF_COMM=mpiuni -DESMF_DIR=/usr/local/esmf/esmf-testing/nag_7.2.44_mpiuni_O_develop/esmf ESMF_RegridWeightGen.F90 -o /usr/local/esmf/esmf-testing/nag_7.2.44_mpiuni_O_develop/esmf/obj/objO/Darwin.nag.64.mpiuni.default/src/apps/ESMF_RegridWeightGen/ESMF_RegridWeightGen.o
NAG Fortran Compiler Release 7.2(Shin-Urayasu) Build 7244
Warning: ESMF_RegridWeightGen.F90, line 1528: Unused local variable ARGVALUE
Warning: ESMF_RegridWeightGen.F90, line 1528: Unused local variable COUNT
Warning: ESMF_RegridWeightGen.F90, line 1528: Unused local variable CWD
Warning: ESMF_RegridWeightGen.F90, line 1528: Unused local variable I
Questionable: ESMF_RegridWeightGen.F90, line 1528: Variable MSGBUF set but never referenced
[NAG Fortran Compiler normal termination, 5 warnings]
make chkdir_apps
make[5]: Entering directory '/usr/local/esmf/esmf-testing/nag_7.2.44_mpiuni_O_develop/esmf/src/apps/ESMF_RegridWeightGen'
make[5]: Leaving directory '/usr/local/esmf/esmf-testing/nag_7.2.44_mpiuni_O_develop/esmf/src/apps/ESMF_RegridWeightGen'
nagfor   -thread_safe -L/usr/local/esmf/esmf-testing/nag_7.2.44_mpiuni_O_develop/esmf/DEFAULTINSTALLDIR/lib/libO/Darwin.nag.64.mpiuni.default -L/usr/local/esmf/spack/opt/spack/darwin-m1/netcdf-c-4.9.3-igrwluw5pdi6jaxcblylxhjwgiacduio/lib -L/usr/local/esmf/spack/opt/spack/darwin-m1/netcdf-fortran-4.6.2-tkdn4yzuvqwj3g7sza64ns7xw4kz66g7/lib -L/usr/local/esmf/spack/opt/spack/darwin-m1/gcc-14.2.0-qqymykmrplffv57mi6bq7jls5ndk3ymq/lib/gcc/aarch64-apple-darwin24.5.0/14.2.0/../../../ -Wl,-rpath,/usr/local/esmf/esmf-testing/nag_7.2.44_mpiuni_O_develop/esmf/DEFAULTINSTALLDIR/lib/libO/Darwin.nag.64.mpiuni.default  -Wl,-rpath,/usr/local/esmf/spack/opt/spack/darwin-m1/netcdf-c-4.9.3-igrwluw5pdi6jaxcblylxhjwgiacduio/lib -Wl,-rpath,/usr/local/esmf/spack/opt/spack/darwin-m1/netcdf-fortran-4.6.2-tkdn4yzuvqwj3g7sza64ns7xw4kz66g7/lib -Wl,-rpath,/usr/local/esmf/spack/opt/spack/darwin-m1/gcc-14.2.0-qqymykmrplffv57mi6bq7jls5ndk3ymq/lib/gcc/aarch64-apple-darwin24.5.0/14.2.0/../../../ -o /usr/local/esmf/esmf-testing/nag_7.2.44_mpiuni_O_develop/esmf/DEFAULTINSTALLDIR/bin/binO/Darwin.nag.64.mpiuni.default/ESMF_RegridWeightGen /usr/local/esmf/esmf-testing/nag_7.2.44_mpiuni_O_develop/esmf/obj/objO/Darwin.nag.64.mpiuni.default/src/apps/ESMF_RegridWeightGen/ESMF_RegridWeightGen.o -lesmf -lpioc -lnetcdf -lnetcdff -lnetcdf -lnetcdf -lm /usr/local/esmf/spack/opt/spack/darwin-m1/gcc-14.2.0-qqymykmrplffv57mi6bq7jls5ndk3ymq/lib/gcc/aarch64-apple-darwin24.5.0/14.2.0/../../../libstdc++.dylib
NAG Fortran Compiler Release 7.2(Shin-Urayasu) Build 7244
ld: warning: ignoring duplicate libraries: '-lm', '-lnetcdf'
make[4]: Leaving directory '/usr/local/esmf/esmf-testing/nag_7.2.44_mpiuni_O_develop/esmf/src/apps/ESMF_RegridWeightGen'
tree_build_apps in: /usr/local/esmf/esmf-testing/nag_7.2.44_mpiuni_O_develop/esmf/src/apps/ESMF_WebServController
make[4]: Entering directory '/usr/local/esmf/esmf-testing/nag_7.2.44_mpiuni_O_develop/esmf/src/apps/ESMF_WebServController'
make chkdir_locobj
make[5]: Entering directory '/usr/local/esmf/esmf-testing/nag_7.2.44_mpiuni_O_develop/esmf/src/apps/ESMF_WebServController'
Making directory /usr/local/esmf/esmf-testing/nag_7.2.44_mpiuni_O_develop/esmf/obj/objO/Darwin.nag.64.mpiuni.default/src/apps/ESMF_WebServController for apps output
make[5]: Leaving directory '/usr/local/esmf/esmf-testing/nag_7.2.44_mpiuni_O_develop/esmf/src/apps/ESMF_WebServController'
g++ -c -std=c++11 -O0 -DNDEBUG  -fPIC -pthread -I/usr/local/esmf/esmf-testing/nag_7.2.44_mpiuni_O_develop/esmf/src/apps/ESMF_WebServController -I/usr/local/esmf/esmf-testing/nag_7.2.44_mpiuni_O_develop/esmf/src/apps/ESMF_WebServController/../include -I/usr/local/esmf/esmf-testing/nag_7.2.44_mpiuni_O_develop/esmf/build_config/Darwin.nag.default -I/usr/local/esmf/esmf-testing/nag_7.2.44_mpiuni_O_develop/esmf/src/Infrastructure -I/usr/local/esmf/esmf-testing/nag_7.2.44_mpiuni_O_develop/esmf/src/Superstructure -I/usr/local/esmf/esmf-testing/nag_7.2.44_mpiuni_O_develop/esmf/src/Infrastructure/stubs/pthread -I/usr/local/esmf/esmf-testing/nag_7.2.44_mpiuni_O_develop/esmf/src/include  -I/usr/local/esmf/spack/opt/spack/darwin-m1/netcdf-c-4.9.3-igrwluw5pdi6jaxcblylxhjwgiacduio/include -I/usr/local/esmf/esmf-testing/nag_7.2.44_mpiuni_O_develop/esmf/src/prologue/yaml-cpp/include -DESMF_NO_INTEGER_1_BYTE -DESMF_NO_INTEGER_2_BYTE -DESMF_VERSION_STRING_GIT='"develop+g1082792c4b"' -DESMF_MPIUNI -I/usr/local/esmf/esmf-testing/nag_7.2.44_mpiuni_O_develop/esmf/src/Infrastructure/stubs/mpiuni -DESMF_MOAB=1 -DESMF_LAPACK=1 -DESMF_LAPACK_INTERNAL=1 -DESMF_NO_ACC_SOFTWARE_STACK=1 -DESMF_PIO=1 -DESMF_NETCDF=1 -DYAML=ESMF_YAML -DESMF_YAMLCPP=1 -DESMF_NO_OPENMP -DESMF_NO_OPENACC -DESMF_TESTEXHAUSTIVE -DESMF_BOPT_O -DESMF_TESTPERFORMANCE -DESMF_TESTCOMPTUNNEL -DESMF_TESTWITHTHREADS -DS64=1 -DESMF_OS_Darwin=1 -DESMF_COMM=mpiuni -DESMF_DIR=/usr/local/esmf/esmf-testing/nag_7.2.44_mpiuni_O_develop/esmf -D__SDIR__='"src/apps/ESMF_WebServController"' -DESMF_CXXSTD=11 ESMF_WebServController.C -o /usr/local/esmf/esmf-testing/nag_7.2.44_mpiuni_O_develop/esmf/obj/objO/Darwin.nag.64.mpiuni.default/src/apps/ESMF_WebServController/ESMF_WebServController.o
make chkdir_apps
make[5]: Entering directory '/usr/local/esmf/esmf-testing/nag_7.2.44_mpiuni_O_develop/esmf/src/apps/ESMF_WebServController'
make[5]: Leaving directory '/usr/local/esmf/esmf-testing/nag_7.2.44_mpiuni_O_develop/esmf/src/apps/ESMF_WebServController'
g++   -pthread -L/usr/local/esmf/esmf-testing/nag_7.2.44_mpiuni_O_develop/esmf/DEFAULTINSTALLDIR/lib/libO/Darwin.nag.64.mpiuni.default -L/usr/local/esmf/spack/opt/spack/darwin-m1/netcdf-c-4.9.3-igrwluw5pdi6jaxcblylxhjwgiacduio/lib -L/usr/local/esmf/spack/opt/spack/darwin-m1/netcdf-fortran-4.6.2-tkdn4yzuvqwj3g7sza64ns7xw4kz66g7/lib -Wl,-rpath,/usr/local/esmf/esmf-testing/nag_7.2.44_mpiuni_O_develop/esmf/DEFAULTINSTALLDIR/lib/libO/Darwin.nag.64.mpiuni.default  -Wl,-rpath,/usr/local/esmf/spack/opt/spack/darwin-m1/netcdf-c-4.9.3-igrwluw5pdi6jaxcblylxhjwgiacduio/lib -Wl,-rpath,/usr/local/esmf/spack/opt/spack/darwin-m1/netcdf-fortran-4.6.2-tkdn4yzuvqwj3g7sza64ns7xw4kz66g7/lib -o /usr/local/esmf/esmf-testing/nag_7.2.44_mpiuni_O_develop/esmf/DEFAULTINSTALLDIR/bin/binO/Darwin.nag.64.mpiuni.default/ESMF_WebServController /usr/local/esmf/esmf-testing/nag_7.2.44_mpiuni_O_develop/esmf/obj/objO/Darwin.nag.64.mpiuni.default/src/apps/ESMF_WebServController/ESMF_WebServController.o -lesmf -lpioc -lnetcdf -lnetcdff -lnetcdf -lnetcdf -lm /usr/local/lib/NAG_Fortran/quickfit.o -Xlinker -flat_namespace -Xlinker -rpath -Xlinker /usr/local/lib/NAG_Fortran /usr/local/lib/NAG_Fortran/libf72rts.dylib /usr/local/lib/NAG_Fortran/libf72rts.a -lm
ld: warning: duplicate -rpath '/usr/local/esmf/spack/opt/spack/darwin-m1/gcc-14.2.0-qqymykmrplffv57mi6bq7jls5ndk3ymq/lib' ignored
ld: warning: ignoring duplicate libraries: '-lnetcdf'
make[4]: Leaving directory '/usr/local/esmf/esmf-testing/nag_7.2.44_mpiuni_O_develop/esmf/src/apps/ESMF_WebServController'
tree_build_apps in: /usr/local/esmf/esmf-testing/nag_7.2.44_mpiuni_O_develop/esmf/src/apps/ESMF_Scrip2Unstruct
make[4]: Entering directory '/usr/local/esmf/esmf-testing/nag_7.2.44_mpiuni_O_develop/esmf/src/apps/ESMF_Scrip2Unstruct'
make chkdir_locobj
make[5]: Entering directory '/usr/local/esmf/esmf-testing/nag_7.2.44_mpiuni_O_develop/esmf/src/apps/ESMF_Scrip2Unstruct'
Making directory /usr/local/esmf/esmf-testing/nag_7.2.44_mpiuni_O_develop/esmf/obj/objO/Darwin.nag.64.mpiuni.default/src/apps/ESMF_Scrip2Unstruct for apps output
make[5]: Leaving directory '/usr/local/esmf/esmf-testing/nag_7.2.44_mpiuni_O_develop/esmf/src/apps/ESMF_Scrip2Unstruct'
g++ -c -std=c++11 -O0 -DNDEBUG  -fPIC -pthread -I/usr/local/esmf/esmf-testing/nag_7.2.44_mpiuni_O_develop/esmf/src/apps/ESMF_Scrip2Unstruct -I/usr/local/esmf/esmf-testing/nag_7.2.44_mpiuni_O_develop/esmf/src/apps/ESMF_Scrip2Unstruct/../include -I/usr/local/esmf/esmf-testing/nag_7.2.44_mpiuni_O_develop/esmf/build_config/Darwin.nag.default -I/usr/local/esmf/esmf-testing/nag_7.2.44_mpiuni_O_develop/esmf/src/Infrastructure -I/usr/local/esmf/esmf-testing/nag_7.2.44_mpiuni_O_develop/esmf/src/Superstructure -I/usr/local/esmf/esmf-testing/nag_7.2.44_mpiuni_O_develop/esmf/src/Infrastructure/stubs/pthread -I/usr/local/esmf/esmf-testing/nag_7.2.44_mpiuni_O_develop/esmf/src/include  -I/usr/local/esmf/spack/opt/spack/darwin-m1/netcdf-c-4.9.3-igrwluw5pdi6jaxcblylxhjwgiacduio/include -I/usr/local/esmf/esmf-testing/nag_7.2.44_mpiuni_O_develop/esmf/src/prologue/yaml-cpp/include -DESMF_NO_INTEGER_1_BYTE -DESMF_NO_INTEGER_2_BYTE -DESMF_VERSION_STRING_GIT='"develop+g1082792c4b"' -DESMF_MPIUNI -I/usr/local/esmf/esmf-testing/nag_7.2.44_mpiuni_O_develop/esmf/src/Infrastructure/stubs/mpiuni -DESMF_MOAB=1 -DESMF_LAPACK=1 -DESMF_LAPACK_INTERNAL=1 -DESMF_NO_ACC_SOFTWARE_STACK=1 -DESMF_PIO=1 -DESMF_NETCDF=1 -DYAML=ESMF_YAML -DESMF_YAMLCPP=1 -DESMF_NO_OPENMP -DESMF_NO_OPENACC -DESMF_TESTEXHAUSTIVE -DESMF_BOPT_O -DESMF_TESTPERFORMANCE -DESMF_TESTCOMPTUNNEL -DESMF_TESTWITHTHREADS -DS64=1 -DESMF_OS_Darwin=1 -DESMF_COMM=mpiuni -DESMF_DIR=/usr/local/esmf/esmf-testing/nag_7.2.44_mpiuni_O_develop/esmf -D__SDIR__='"src/apps/ESMF_Scrip2Unstruct"' -DESMF_CXXSTD=11 ESMF_Scrip2Unstruct.C -o /usr/local/esmf/esmf-testing/nag_7.2.44_mpiuni_O_develop/esmf/obj/objO/Darwin.nag.64.mpiuni.default/src/apps/ESMF_Scrip2Unstruct/ESMF_Scrip2Unstruct.o
make chkdir_apps
make[5]: Entering directory '/usr/local/esmf/esmf-testing/nag_7.2.44_mpiuni_O_develop/esmf/src/apps/ESMF_Scrip2Unstruct'
make[5]: Leaving directory '/usr/local/esmf/esmf-testing/nag_7.2.44_mpiuni_O_develop/esmf/src/apps/ESMF_Scrip2Unstruct'
g++   -pthread -L/usr/local/esmf/esmf-testing/nag_7.2.44_mpiuni_O_develop/esmf/DEFAULTINSTALLDIR/lib/libO/Darwin.nag.64.mpiuni.default -L/usr/local/esmf/spack/opt/spack/darwin-m1/netcdf-c-4.9.3-igrwluw5pdi6jaxcblylxhjwgiacduio/lib -L/usr/local/esmf/spack/opt/spack/darwin-m1/netcdf-fortran-4.6.2-tkdn4yzuvqwj3g7sza64ns7xw4kz66g7/lib -Wl,-rpath,/usr/local/esmf/esmf-testing/nag_7.2.44_mpiuni_O_develop/esmf/DEFAULTINSTALLDIR/lib/libO/Darwin.nag.64.mpiuni.default  -Wl,-rpath,/usr/local/esmf/spack/opt/spack/darwin-m1/netcdf-c-4.9.3-igrwluw5pdi6jaxcblylxhjwgiacduio/lib -Wl,-rpath,/usr/local/esmf/spack/opt/spack/darwin-m1/netcdf-fortran-4.6.2-tkdn4yzuvqwj3g7sza64ns7xw4kz66g7/lib -o /usr/local/esmf/esmf-testing/nag_7.2.44_mpiuni_O_develop/esmf/DEFAULTINSTALLDIR/bin/binO/Darwin.nag.64.mpiuni.default/ESMF_Scrip2Unstruct /usr/local/esmf/esmf-testing/nag_7.2.44_mpiuni_O_develop/esmf/obj/objO/Darwin.nag.64.mpiuni.default/src/apps/ESMF_Scrip2Unstruct/ESMF_Scrip2Unstruct.o -lesmf -lpioc -lnetcdf -lnetcdff -lnetcdf -lnetcdf -lm /usr/local/lib/NAG_Fortran/quickfit.o -Xlinker -flat_namespace -Xlinker -rpath -Xlinker /usr/local/lib/NAG_Fortran /usr/local/lib/NAG_Fortran/libf72rts.dylib /usr/local/lib/NAG_Fortran/libf72rts.a -lm
ld: warning: duplicate -rpath '/usr/local/esmf/spack/opt/spack/darwin-m1/gcc-14.2.0-qqymykmrplffv57mi6bq7jls5ndk3ymq/lib' ignored
ld: warning: ignoring duplicate libraries: '-lnetcdf'
make[4]: Leaving directory '/usr/local/esmf/esmf-testing/nag_7.2.44_mpiuni_O_develop/esmf/src/apps/ESMF_Scrip2Unstruct'
tree_build_apps in: /usr/local/esmf/esmf-testing/nag_7.2.44_mpiuni_O_develop/esmf/src/apps/ESMF_Regrid
make[4]: Entering directory '/usr/local/esmf/esmf-testing/nag_7.2.44_mpiuni_O_develop/esmf/src/apps/ESMF_Regrid'
make chkdir_locobj
make[5]: Entering directory '/usr/local/esmf/esmf-testing/nag_7.2.44_mpiuni_O_develop/esmf/src/apps/ESMF_Regrid'
Making directory /usr/local/esmf/esmf-testing/nag_7.2.44_mpiuni_O_develop/esmf/obj/objO/Darwin.nag.64.mpiuni.default/src/apps/ESMF_Regrid for apps output
make[5]: Leaving directory '/usr/local/esmf/esmf-testing/nag_7.2.44_mpiuni_O_develop/esmf/src/apps/ESMF_Regrid'
nagfor -c -O0  -PIC -DESMF_NAG_UNIX_MODULE -dusty -thread_safe -I/usr/local/esmf/esmf-testing/nag_7.2.44_mpiuni_O_develop/esmf/src/apps/ESMF_Regrid -I/usr/local/esmf/esmf-testing/nag_7.2.44_mpiuni_O_develop/esmf/build_config/Darwin.nag.default -I/usr/local/esmf/esmf-testing/nag_7.2.44_mpiuni_O_develop/esmf/src/Infrastructure -I/usr/local/esmf/esmf-testing/nag_7.2.44_mpiuni_O_develop/esmf/src/Superstructure -I/usr/local/esmf/esmf-testing/nag_7.2.44_mpiuni_O_develop/esmf/DEFAULTINSTALLDIR/mod/modO/Darwin.nag.64.mpiuni.default -I/usr/local/esmf/esmf-testing/nag_7.2.44_mpiuni_O_develop/esmf/src/include -I/usr/local/esmf/spack/opt/spack/darwin-m1/netcdf-c-4.9.3-igrwluw5pdi6jaxcblylxhjwgiacduio/include -I/usr/local/esmf/spack/opt/spack/darwin-m1/netcdf-fortran-4.6.2-tkdn4yzuvqwj3g7sza64ns7xw4kz66g7/include -free -fpp -DESMF_NO_INTEGER_1_BYTE -DESMF_NO_INTEGER_2_BYTE -DESMF_VERSION_STRING_GIT='"develop+g1082792c4b"' -DESMF_MPIUNI -I/usr/local/esmf/esmf-testing/nag_7.2.44_mpiuni_O_develop/esmf/src/Infrastructure/stubs/mpiuni -DESMF_MOAB=1 -DESMF_LAPACK=1 -DESMF_LAPACK_INTERNAL=1 -DESMF_NO_ACC_SOFTWARE_STACK=1 -DESMF_PIO=1 -DESMF_NETCDF=1 -DYAML=ESMF_YAML -DESMF_YAMLCPP=1 -DESMF_NO_OPENMP -DESMF_NO_OPENACC -DESMF_TESTEXHAUSTIVE -DESMF_BOPT_O -DESMF_TESTPERFORMANCE -DESMF_TESTCOMPTUNNEL -DESMF_TESTWITHTHREADS -DS64=1 -DESMF_OS_Darwin=1 -DESMF_COMM=mpiuni -DESMF_DIR=/usr/local/esmf/esmf-testing/nag_7.2.44_mpiuni_O_develop/esmf ESMF_Regrid.F90 -o /usr/local/esmf/esmf-testing/nag_7.2.44_mpiuni_O_develop/esmf/obj/objO/Darwin.nag.64.mpiuni.default/src/apps/ESMF_Regrid/ESMF_Regrid.o
NAG Fortran Compiler Release 7.2(Shin-Urayasu) Build 7244
Warning: ESMF_Regrid.F90, line 594: Unused local variable ARGVALUE
Warning: ESMF_Regrid.F90, line 594: Unused local variable COUNT
Warning: ESMF_Regrid.F90, line 594: Unused local variable CWD
Warning: ESMF_Regrid.F90, line 594: Unused local variable I
Questionable: ESMF_Regrid.F90, line 594: Variable MSGBUF set but never referenced
Warning: ESMF_Regrid.F90, line 594: Unused local variable POS
Warning: ESMF_Regrid.F90, line 594: Unused local variable TYPESETFLAG
[NAG Fortran Compiler normal termination, 7 warnings]
make chkdir_apps
make[5]: Entering directory '/usr/local/esmf/esmf-testing/nag_7.2.44_mpiuni_O_develop/esmf/src/apps/ESMF_Regrid'
make[5]: Leaving directory '/usr/local/esmf/esmf-testing/nag_7.2.44_mpiuni_O_develop/esmf/src/apps/ESMF_Regrid'
nagfor   -thread_safe -L/usr/local/esmf/esmf-testing/nag_7.2.44_mpiuni_O_develop/esmf/DEFAULTINSTALLDIR/lib/libO/Darwin.nag.64.mpiuni.default -L/usr/local/esmf/spack/opt/spack/darwin-m1/netcdf-c-4.9.3-igrwluw5pdi6jaxcblylxhjwgiacduio/lib -L/usr/local/esmf/spack/opt/spack/darwin-m1/netcdf-fortran-4.6.2-tkdn4yzuvqwj3g7sza64ns7xw4kz66g7/lib -L/usr/local/esmf/spack/opt/spack/darwin-m1/gcc-14.2.0-qqymykmrplffv57mi6bq7jls5ndk3ymq/lib/gcc/aarch64-apple-darwin24.5.0/14.2.0/../../../ -Wl,-rpath,/usr/local/esmf/esmf-testing/nag_7.2.44_mpiuni_O_develop/esmf/DEFAULTINSTALLDIR/lib/libO/Darwin.nag.64.mpiuni.default  -Wl,-rpath,/usr/local/esmf/spack/opt/spack/darwin-m1/netcdf-c-4.9.3-igrwluw5pdi6jaxcblylxhjwgiacduio/lib -Wl,-rpath,/usr/local/esmf/spack/opt/spack/darwin-m1/netcdf-fortran-4.6.2-tkdn4yzuvqwj3g7sza64ns7xw4kz66g7/lib -Wl,-rpath,/usr/local/esmf/spack/opt/spack/darwin-m1/gcc-14.2.0-qqymykmrplffv57mi6bq7jls5ndk3ymq/lib/gcc/aarch64-apple-darwin24.5.0/14.2.0/../../../ -o /usr/local/esmf/esmf-testing/nag_7.2.44_mpiuni_O_develop/esmf/DEFAULTINSTALLDIR/bin/binO/Darwin.nag.64.mpiuni.default/ESMF_Regrid /usr/local/esmf/esmf-testing/nag_7.2.44_mpiuni_O_develop/esmf/obj/objO/Darwin.nag.64.mpiuni.default/src/apps/ESMF_Regrid/ESMF_Regrid.o -lesmf -lpioc -lnetcdf -lnetcdff -lnetcdf -lnetcdf -lm /usr/local/esmf/spack/opt/spack/darwin-m1/gcc-14.2.0-qqymykmrplffv57mi6bq7jls5ndk3ymq/lib/gcc/aarch64-apple-darwin24.5.0/14.2.0/../../../libstdc++.dylib
NAG Fortran Compiler Release 7.2(Shin-Urayasu) Build 7244
ld: warning: ignoring duplicate libraries: '-lm', '-lnetcdf'
make[4]: Leaving directory '/usr/local/esmf/esmf-testing/nag_7.2.44_mpiuni_O_develop/esmf/src/apps/ESMF_Regrid'
tree_build_apps in: /usr/local/esmf/esmf-testing/nag_7.2.44_mpiuni_O_develop/esmf/src/apps/ESMX_Builder
make[4]: Entering directory '/usr/local/esmf/esmf-testing/nag_7.2.44_mpiuni_O_develop/esmf/src/apps/ESMX_Builder'
make chkdir_apps
make[5]: Entering directory '/usr/local/esmf/esmf-testing/nag_7.2.44_mpiuni_O_develop/esmf/src/apps/ESMX_Builder'
make[5]: Leaving directory '/usr/local/esmf/esmf-testing/nag_7.2.44_mpiuni_O_develop/esmf/src/apps/ESMX_Builder'
cp -f ESMX_Builder.sh /usr/local/esmf/esmf-testing/nag_7.2.44_mpiuni_O_develop/esmf/DEFAULTINSTALLDIR/bin/binO/Darwin.nag.64.mpiuni.default/ESMX_Builder
make[4]: Leaving directory '/usr/local/esmf/esmf-testing/nag_7.2.44_mpiuni_O_develop/esmf/src/apps/ESMX_Builder'
make[3]: Leaving directory '/usr/local/esmf/esmf-testing/nag_7.2.44_mpiuni_O_develop/esmf/src/apps'
ESMF apps built successfully.
make[2]: Leaving directory '/usr/local/esmf/esmf-testing/nag_7.2.44_mpiuni_O_develop/esmf'
make[1]: Leaving directory '/usr/local/esmf/esmf-testing/nag_7.2.44_mpiuni_O_develop/esmf'
mkdir -p /usr/local/esmf/esmf-testing/nag_7.2.44_mpiuni_O_develop/esmf/DEFAULTINSTALLDIR/doc
make install_info_mk
make[1]: Entering directory '/usr/local/esmf/esmf-testing/nag_7.2.44_mpiuni_O_develop/esmf'
make info_mk ESMF_APPSDIR=/usr/local/esmf/esmf-testing/nag_7.2.44_mpiuni_O_develop/esmf/DEFAULTINSTALLDIR/bin/binO/Darwin.nag.64.mpiuni.default ESMF_LDIR=/usr/local/esmf/esmf-testing/nag_7.2.44_mpiuni_O_develop/esmf/DEFAULTINSTALLDIR/lib/libO/Darwin.nag.64.mpiuni.default ESMF_LIBDIR=/usr/local/esmf/esmf-testing/nag_7.2.44_mpiuni_O_develop/esmf/DEFAULTINSTALLDIR/lib/libO/Darwin.nag.64.mpiuni.default ESMF_ESMXDIR=/usr/local/esmf/esmf-testing/nag_7.2.44_mpiuni_O_develop/esmf/DEFAULTINSTALLDIR/include/ESMX ESMF_CMAKEDIR=/usr/local/esmf/esmf-testing/nag_7.2.44_mpiuni_O_develop/esmf/DEFAULTINSTALLDIR/cmake ESMF_MODDIR=/usr/local/esmf/esmf-testing/nag_7.2.44_mpiuni_O_develop/esmf/DEFAULTINSTALLDIR/mod/modO/Darwin.nag.64.mpiuni.default ESMF_INCDIR=/usr/local/esmf/esmf-testing/nag_7.2.44_mpiuni_O_develop/esmf/DEFAULTINSTALLDIR/include
make[2]: Entering directory '/usr/local/esmf/esmf-testing/nag_7.2.44_mpiuni_O_develop/esmf'
make[2]: Leaving directory '/usr/local/esmf/esmf-testing/nag_7.2.44_mpiuni_O_develop/esmf'
make[1]: Leaving directory '/usr/local/esmf/esmf-testing/nag_7.2.44_mpiuni_O_develop/esmf'
/usr/local/esmf/esmf-testing/nag_7.2.44_mpiuni_O_develop/esmf/cmake/generate_config.py --esmfmkfile=/usr/local/esmf/esmf-testing/nag_7.2.44_mpiuni_O_develop/esmf/DEFAULTINSTALLDIR/lib/libO/Darwin.nag.64.mpiuni.default/esmf.mk --template=/usr/local/esmf/esmf-testing/nag_7.2.44_mpiuni_O_develop/esmf/cmake/ESMFConfig.cmake.in --outputdir=/usr/local/esmf/esmf-testing/nag_7.2.44_mpiuni_O_develop/esmf/DEFAULTINSTALLDIR/lib/libO/Darwin.nag.64.mpiuni.default/cmake/ESMF
Successfully generated config: /usr/local/esmf/esmf-testing/nag_7.2.44_mpiuni_O_develop/esmf/DEFAULTINSTALLDIR/lib/libO/Darwin.nag.64.mpiuni.default/cmake/ESMF/ESMFConfig.cmake (MPI: FALSE, Imported Target: libesmf.dylib)
Successfully generated version handler: /usr/local/esmf/esmf-testing/nag_7.2.44_mpiuni_O_develop/esmf/DEFAULTINSTALLDIR/lib/libO/Darwin.nag.64.mpiuni.default/cmake/ESMF/ESMFConfigVersion.cmake
 
ESMF installation complete.
 
