2025-07-08 03:32:45
 -- start FreeFormatPrint(attrFF) of read in attributes --------
  Verbosity = 4609
  Profiling = 4096
 ---- end FreeFormatPrint(attrFF) of read in attributes --------
 -- start FreeFormatPrint(attrFF) of read in attributes --------
  Verbosity = 4609
  Profiling = 4096
 ---- end FreeFormatPrint(attrFF) of read in attributes --------
 -- start FreeFormatPrint(attrFF) of read in attributes --------
  Verbosity = 4609
  Profiling = 4096
 ---- end FreeFormatPrint(attrFF) of read in attributes --------
 -- start FreeFormatPrint(attrFF) of read in attributes --------
  Verbosity = 4609
  Profiling = 4096
 ---- end FreeFormatPrint(attrFF) of read in attributes --------
 -- start FreeFormatPrint(attrFF) of egested attributes --------
 CompLabel = _uninitialized
 Diagnostic = 0
 FinalizePhaseMap = FinalizePhase1=1 ExternalFinalizeReset=2
 HierarchyConnectors = auto
 HierarchyProtocol = ConnectProvidedFields
 IPDvX = false
 InitializeDataComplete = false
 InitializeDataProgress = false
 -- start FreeFormatPrint(attrFF) of egested attributes --------
 CompLabel = _uninitialized
 Diagnostic = 0
 FinalizePhaseMap = FinalizePhase1=1 ExternalFinalizeReset=2
 HierarchyConnectors = auto
 HierarchyProtocol = ConnectProvidedFields
 IPDvX = false
 InitializeDataComplete = false
 InitializeDataProgress = false
 InitializeDataResolution = true
 InitializePhaseMap = IPDv02p1=2 IPDv02p3=3 IPDv02p5=4 ExternalAdvertise=5 Exter
 nalRealize=6 ExternalDataInitialize=7
 InternalFinalizePhaseMap
 InternalInitializePhaseMap = IPDv05p1=8 IPDv05p2=9 IPDv05p3=10 IPDv05p4=11 IPDv
 05p6=12 IPDv05p8=13
 InternalRunPhaseMap
 InitializeDataResolution = true
 InitializePhaseMap = IPDv02p1=2 IPDv02p3=3 IPDv02p5=4 ExternalAdvertise=5 Exter
 nalRealize=6 ExternalDataInitialize=7
 InternalFinalizePhaseMap
 InternalInitializePhaseMap = IPDv05p1=8 IPDv05p2=9 IPDv05p3=10 IPDv05p4=11 IPDv
 05p6=12 IPDv05p8=13
 InternalRunPhaseMap
 Kind = Driver
 NestingGeneration =            0
 Nestling =            0
 Profiling = 4096
 RunPhaseMap = RunPhase1=1
 Verbosity = 4609
 ---- end FreeFormatPrint(attrFF) of egested attributes --------
 Kind = Driver
 NestingGeneration =            0
 Nestling =            0
 Profiling = 4096
 RunPhaseMap = RunPhase1=1
 Verbosity = 4609
 ---- end FreeFormatPrint(attrFF) of egested attributes --------
 -- start FreeFormatPrint(attrFF) of egested attributes --------
 CompLabel = _uninitialized
 Diagnostic = 0
 FinalizePhaseMap = FinalizePhase1=1 ExternalFinalizeReset=2
 HierarchyConnectors = auto
 HierarchyProtocol = ConnectProvidedFields
 IPDvX = false
 InitializeDataComplete = false
 InitializeDataProgress = false
 InitializeDataResolution = true
 InitializePhaseMap = IPDv02p1=2 IPDv02p3=3 IPDv02p5=4 ExternalAdvertise=5 Exter
 nalRealize=6 ExternalDataInitialize=7
 InternalFinalizePhaseMap
 InternalInitializePhaseMap = IPDv05p1=8 IPDv05p2=9 IPDv05p3=10 IPDv05p4=11 IPDv
 05p6=12 IPDv05p8=13
 InternalRunPhaseMap
 Kind = Driver
 NestingGeneration =            0
 Nestling =            0
 Profiling = 4096
 RunPhaseMap = RunPhase1=1
 Verbosity = 4609
 ---- end FreeFormatPrint(attrFF) of egested attributes --------
 -- start FreeFormatPrint(attrFF) of egested attributes --------
 CompLabel = _uninitialized
 Diagnostic = 0
 FinalizePhaseMap = FinalizePhase1=1 ExternalFinalizeReset=2
 HierarchyConnectors = auto
 HierarchyProtocol = ConnectProvidedFields
 IPDvX = false
 InitializeDataComplete = false
 InitializeDataProgress = false
 InitializeDataResolution = true
 InitializePhaseMap = IPDv02p1=2 IPDv02p3=3 IPDv02p5=4 ExternalAdvertise=5 Exter
 nalRealize=6 ExternalDataInitialize=7
 InternalFinalizePhaseMap
 InternalInitializePhaseMap = IPDv05p1=8 IPDv05p2=9 IPDv05p3=10 IPDv05p4=11 IPDv
 05p6=12 IPDv05p8=13
 InternalRunPhaseMap
 Kind = Driver
 NestingGeneration =            0
 Nestling =            0
 Profiling = 4096
 RunPhaseMap = RunPhase1=1
 Verbosity = 4609
 ---- end FreeFormatPrint(attrFF) of egested attributes --------
 NUOPC_DriverPrint for PET:           0
   Model, Mediator, and Driver components, in the order
   that they were added to the Driver:
           1 :  ATM
           2 :  OCN
           3 :  LND
   Connector components, in the order
   that they were added to the Driver:
           1 :  ATM-TO-OCN
           2 :  OCN-TO-ATM
           3 :  ATM-TO-LND
           4 :  LND-TO-ATM
NUOPC_RunSequenceArrayPrint: element     1 out of      4
runSeq::
 runElementPrint:      1     2     1 F T
 runElementPrint:      2     1     1 F T
 runElementPrint:      1     3     1 F T
 runElementPrint:      3     1     1 F T
 runElementPrint:      1    -1     1 F T
 runElementPrint:     -2     0     0 F T
 runElementPrint:     -1    -1     0 F F
::
NUOPC_RunSequenceArrayPrint: element     2 out of      4
runSeq::
 runElementPrint:      2    -1     1 F T
 runElementPrint:     -3     0     0 F T
 runElementPrint:      3    -1     1 F T
 runElementPrint:     -2    -1     0 F F
::
NUOPC_RunSequenceArrayPrint: element     3 out of      4
runSeq::
 runElementPrint:     -4     0     0 F T
 runElementPrint:     -3    -1     0 F F
::
NUOPC_RunSequenceArrayPrint: element     4 out of      4
runSeq::
 runElementPrint:      3     1     1 T T
 runElementPrint:     -4    -1     0 T F
::
 NUOPC_DriverPrint for PET:           1
   Model, Mediator, and Driver components, in the order
   that they were added to the Driver:
           1 :  ATM
           2 :  OCN
           3 :  LND
   Connector components, in the order
   that they were added to the Driver:
           1 :  ATM-TO-OCN
           2 :  OCN-TO-ATM
           3 :  ATM-TO-LND
           4 :  LND-TO-ATM
NUOPC_RunSequenceArrayPrint: element     1 out of      4
runSeq::
 runElementPrint:      1     2     1 F T
 runElementPrint:      2     1     1 F T
 runElementPrint:      1     3     1 F T
 runElementPrint:      3     1     1 F T
 runElementPrint:      1    -1     1 F T
 runElementPrint:     -2     0     0 F T
 runElementPrint:     -1    -1     0 F F
::
NUOPC_RunSequenceArrayPrint: element     2 out of      4
runSeq::
 runElementPrint:      2    -1     1 F T
 runElementPrint:     -3     0     0 F T
 runElementPrint:      3    -1     1 F T
 runElementPrint:     -2    -1     0 F F
::
NUOPC_RunSequenceArrayPrint: element     3 out of      4
runSeq::
 runElementPrint:     -4     0     0 F T
 runElementPrint:     -3    -1     0 F F
::
NUOPC_RunSequenceArrayPrint: element     4 out of      4
runSeq::
 runElementPrint:      3     1     1 T T
 runElementPrint:     -4    -1     0 T F
::
 NUOPC_DriverPrint for PET:           2
   Model, Mediator, and Driver components, in the order
   that they were added to the Driver:
           1 :  ATM
           2 :  OCN
           3 :  LND
   Connector components, in the order
   that they were added to the Driver:
           1 :  ATM-TO-OCN
           2 :  OCN-TO-ATM
           3 :  ATM-TO-LND
           4 :  LND-TO-ATM
NUOPC_RunSequenceArrayPrint: element     1 out of      4
runSeq::
 runElementPrint:      1     2     1 F T
 runElementPrint:      2     1     1 F T
 runElementPrint:      1     3     1 F T
 runElementPrint:      3     1     1 F T
 runElementPrint:      1    -1     1 F T
 runElementPrint:     -2     0     0 F T
 runElementPrint:     -1    -1     0 F F
::
NUOPC_RunSequenceArrayPrint: element     2 out of      4
runSeq::
 runElementPrint:      2    -1     1 F T
 runElementPrint:     -3     0     0 F T
 runElementPrint:      3    -1     1 F T
 runElementPrint:     -2    -1     0 F F
::
NUOPC_RunSequenceArrayPrint: element     3 out of      4
runSeq::
 runElementPrint:     -4     0     0 F T
 runElementPrint:     -3    -1     0 F F
::
NUOPC_RunSequenceArrayPrint: element     4 out of      4
runSeq::
 runElementPrint:      3     1     1 T T
 runElementPrint:     -4    -1     0 T F
::
 NUOPC_DriverPrint for PET:           3
   Model, Mediator, and Driver components, in the order
   that they were added to the Driver:
           1 :  ATM
           2 :  OCN
           3 :  LND
   Connector components, in the order
   that they were added to the Driver:
           1 :  ATM-TO-OCN
           2 :  OCN-TO-ATM
           3 :  ATM-TO-LND
           4 :  LND-TO-ATM
NUOPC_RunSequenceArrayPrint: element     1 out of      4
runSeq::
 runElementPrint:      1     2     1 F T
 runElementPrint:      2     1     1 F T
 runElementPrint:      1     3     1 F T
 runElementPrint:      3     1     1 F T
 runElementPrint:      1    -1     1 F T
 runElementPrint:     -2     0     0 F T
 runElementPrint:     -1    -1     0 F F
::
NUOPC_RunSequenceArrayPrint: element     2 out of      4
runSeq::
 runElementPrint:      2    -1     1 F T
 runElementPrint:     -3     0     0 F T
 runElementPrint:      3    -1     1 F T
 runElementPrint:     -2    -1     0 F F
::
NUOPC_RunSequenceArrayPrint: element     3 out of      4
runSeq::
 runElementPrint:     -4     0     0 F T
 runElementPrint:     -3    -1     0 F F
::
NUOPC_RunSequenceArrayPrint: element     4 out of      4
runSeq::
 runElementPrint:      3     1     1 T T
 runElementPrint:     -4    -1     0 T F
::
