2026-06-17 01:28:31
20260617 014953.129 INFO             PET0 !!!!!!!!!!!!!!!!!!!!!!!!!!!!!!!!!!!!!!!!!!!!!!!!!!!!!!
20260617 014953.129 INFO             PET0 !!! THE ESMF_LOG IS SET TO OUTPUT ALL LOG MESSAGES !!!
20260617 014953.129 INFO             PET0 !!!     THIS MAY CAUSE SLOWDOWN IN PERFORMANCE     !!!
20260617 014953.129 INFO             PET0 !!! FOR PRODUCTION RUNS, USE:                      !!!
20260617 014953.129 INFO             PET0 !!!                   ESMF_LOGKIND_Multi_On_Error  !!!
20260617 014953.129 INFO             PET0 !!!!!!!!!!!!!!!!!!!!!!!!!!!!!!!!!!!!!!!!!!!!!!!!!!!!!!
20260617 014953.129 INFO             PET0 Running with ESMF Version   : develop+g4457b168cc
20260617 014953.129 INFO             PET0 ESMF library build date/time: "Jun 17 2026" "01:25:47"
20260617 014953.129 INFO             PET0 ESMF library build location : /project/esmf/ESMF-Nightly-Testing-Izumi/gfortran_9.3.0_mpiuni_O_develop/esmf
20260617 014953.129 INFO             PET0 ESMF_COMM                   : mpiuni
20260617 014953.129 INFO             PET0 ESMF_MOAB                   : enabled
20260617 014953.129 INFO             PET0 ESMF_LAPACK                 : enabled
20260617 014953.129 INFO             PET0 ESMF_NETCDF                 : enabled
20260617 014953.129 INFO             PET0 ESMF_PNETCDF                : disabled
20260617 014953.129 INFO             PET0 ESMF_PIO                    : enabled
20260617 014953.129 INFO             PET0 ESMF_YAMLCPP                : enabled
20260617 014953.138 INFO             PET0  NUMBER_OF_PROCESSORS           1
20260617 014953.138 INFO             PET0  PASS  Example ESMF_LocStreamEx, ESMF_LocStreamEx.F90, line 784
20260617 014953.138 INFO             PET0  Finalizing ESMF
