2026-07-16 01:28:15
20260716 022428.287 INFO             PET0 !!!!!!!!!!!!!!!!!!!!!!!!!!!!!!!!!!!!!!!!!!!!!!!!!!!!!!
20260716 022428.287 INFO             PET0 !!! THE ESMF_LOG IS SET TO OUTPUT ALL LOG MESSAGES !!!
20260716 022428.287 INFO             PET0 !!!     THIS MAY CAUSE SLOWDOWN IN PERFORMANCE     !!!
20260716 022428.288 INFO             PET0 !!! FOR PRODUCTION RUNS, USE:                      !!!
20260716 022428.288 INFO             PET0 !!!                   ESMF_LOGKIND_Multi_On_Error  !!!
20260716 022428.288 INFO             PET0 !!!!!!!!!!!!!!!!!!!!!!!!!!!!!!!!!!!!!!!!!!!!!!!!!!!!!!
20260716 022428.288 INFO             PET0 Running with ESMF Version   : develop+gf1c7bb6d5f
20260716 022428.288 INFO             PET0 ESMF library build date/time: "Jul 16 2026" "01:26:14"
20260716 022428.288 INFO             PET0 ESMF library build location : /project/esmf/ESMF-Nightly-Testing-Izumi/gfortran_9.3.0_mpiuni_O_develop/esmf
20260716 022428.288 INFO             PET0 ESMF_COMM                   : mpiuni
20260716 022428.288 INFO             PET0 ESMF_MOAB                   : enabled
20260716 022428.288 INFO             PET0 ESMF_LAPACK                 : enabled
20260716 022428.288 INFO             PET0 ESMF_NETCDF                 : enabled
20260716 022428.288 INFO             PET0 ESMF_PNETCDF                : disabled
20260716 022428.288 INFO             PET0 ESMF_PIO                    : enabled
20260716 022428.288 INFO             PET0 ESMF_YAMLCPP                : enabled
20260716 022428.289 INFO             PET0  NUMBER_OF_PROCESSORS           1
20260716 022428.289 INFO             PET0  PASS  Example ESMF_FieldBundleCreateEx, ESMF_FieldBundleCreateEx.F90, line 561
20260716 022428.289 INFO             PET0  Finalizing ESMF
