2026-06-15 01:28:05
20260615 014904.812 INFO             PET0 !!!!!!!!!!!!!!!!!!!!!!!!!!!!!!!!!!!!!!!!!!!!!!!!!!!!!!
20260615 014904.812 INFO             PET0 !!! THE ESMF_LOG IS SET TO OUTPUT ALL LOG MESSAGES !!!
20260615 014904.812 INFO             PET0 !!!     THIS MAY CAUSE SLOWDOWN IN PERFORMANCE     !!!
20260615 014904.812 INFO             PET0 !!! FOR PRODUCTION RUNS, USE:                      !!!
20260615 014904.812 INFO             PET0 !!!                   ESMF_LOGKIND_Multi_On_Error  !!!
20260615 014904.812 INFO             PET0 !!!!!!!!!!!!!!!!!!!!!!!!!!!!!!!!!!!!!!!!!!!!!!!!!!!!!!
20260615 014904.812 INFO             PET0 Running with ESMF Version   : v9.0.0b15
20260615 014904.812 INFO             PET0 ESMF library build date/time: "Jun 15 2026" "01:25:32"
20260615 014904.812 INFO             PET0 ESMF library build location : /project/esmf/ESMF-Nightly-Testing-Izumi/gfortran_9.3.0_mpiuni_O_develop/esmf
20260615 014904.812 INFO             PET0 ESMF_COMM                   : mpiuni
20260615 014904.812 INFO             PET0 ESMF_MOAB                   : enabled
20260615 014904.812 INFO             PET0 ESMF_LAPACK                 : enabled
20260615 014904.812 INFO             PET0 ESMF_NETCDF                 : enabled
20260615 014904.812 INFO             PET0 ESMF_PNETCDF                : disabled
20260615 014904.812 INFO             PET0 ESMF_PIO                    : enabled
20260615 014904.812 INFO             PET0 ESMF_YAMLCPP                : enabled
20260615 014904.812 INFO             PET0 ESMF Tracing Enabled
20260615 014904.812 INFO             PET0 ESMF Profiling Enabled
20260615 014904.812 INFO             PET0 ESMF Trace/Profile clock: REALTIME
20260615 014904.816 INFO             PET0  NUMBER_OF_PROCESSORS           1
20260615 014904.816 INFO             PET0  PASS  Example ESMF_TraceUserEx, ESMF_TraceUserEx.F90, line 125
20260615 014904.816 INFO             PET0  Finalizing ESMF
20260615 014904.816 INFO             PET0 **************** Region Timings *******************
20260615 014904.816 INFO             PET0 Region                Count  Total (s)   Self (s)    Mean (s)    Min (s)     Max (s)
20260615 014904.816 INFO             PET0   [ESMF]              1      0.0002      0.0001      0.0002      0.0002      0.0002
20260615 014904.816 INFO             PET0     outer_region      1      0.0002      0.0000      0.0002      0.0002      0.0002
20260615 014904.816 INFO             PET0       inner_region_1  10     0.0001      0.0001      0.0000      0.0000      0.0000
20260615 014904.816 INFO             PET0       inner_region_2  10     0.0000      0.0000      0.0000      0.0000      0.0000
