2026-05-24 01:26:14
20260524 014842.103 INFO             PET0 !!!!!!!!!!!!!!!!!!!!!!!!!!!!!!!!!!!!!!!!!!!!!!!!!!!!!!
20260524 014842.103 INFO             PET0 !!! THE ESMF_LOG IS SET TO OUTPUT ALL LOG MESSAGES !!!
20260524 014842.103 INFO             PET0 !!!     THIS MAY CAUSE SLOWDOWN IN PERFORMANCE     !!!
20260524 014842.103 INFO             PET0 !!! FOR PRODUCTION RUNS, USE:                      !!!
20260524 014842.103 INFO             PET0 !!!                   ESMF_LOGKIND_Multi_On_Error  !!!
20260524 014842.103 INFO             PET0 !!!!!!!!!!!!!!!!!!!!!!!!!!!!!!!!!!!!!!!!!!!!!!!!!!!!!!
20260524 014842.103 INFO             PET0 Running with ESMF Version   : develop+g681a42bf77
20260524 014842.103 INFO             PET0 ESMF library build date/time: "May 24 2026" "01:24:35"
20260524 014842.103 INFO             PET0 ESMF library build location : /project/esmf/ESMF-Nightly-Testing-Izumi/gfortran_9.3.0_mpiuni_O_develop/esmf
20260524 014842.103 INFO             PET0 ESMF_COMM                   : mpiuni
20260524 014842.103 INFO             PET0 ESMF_MOAB                   : enabled
20260524 014842.103 INFO             PET0 ESMF_LAPACK                 : enabled
20260524 014842.103 INFO             PET0 ESMF_NETCDF                 : enabled
20260524 014842.103 INFO             PET0 ESMF_PNETCDF                : disabled
20260524 014842.103 INFO             PET0 ESMF_PIO                    : enabled
20260524 014842.103 INFO             PET0 ESMF_YAMLCPP                : enabled
20260524 014842.103 INFO             PET0  NUMBER_OF_PROCESSORS           1
20260524 014842.103 INFO             PET0  PASS  Example ESMF_VMUserMpiCommEx, ESMF_VMUserMpiCommEx.F90, line 113
20260524 014842.103 INFO             PET0  Finalizing ESMF with endflag==ESMF_END_KEEPMPI
