2026-07-10 03:45:43
20260710 041252.831 INFO             PET0 !!!!!!!!!!!!!!!!!!!!!!!!!!!!!!!!!!!!!!!!!!!!!!!!!!!!!!
20260710 041252.831 INFO             PET0 !!! THE ESMF_LOG IS SET TO OUTPUT ALL LOG MESSAGES !!!
20260710 041252.831 INFO             PET0 !!!     THIS MAY CAUSE SLOWDOWN IN PERFORMANCE     !!!
20260710 041252.831 INFO             PET0 !!! FOR PRODUCTION RUNS, USE:                      !!!
20260710 041252.831 INFO             PET0 !!!                   ESMF_LOGKIND_Multi_On_Error  !!!
20260710 041252.831 INFO             PET0 !!!!!!!!!!!!!!!!!!!!!!!!!!!!!!!!!!!!!!!!!!!!!!!!!!!!!!
20260710 041252.831 INFO             PET0 Running with ESMF Version   : develop+gf1c7bb6d5f
20260710 041252.831 INFO             PET0 ESMF library build date/time: "Jul 10 2026" "03:44:20"
20260710 041252.831 INFO             PET0 ESMF library build location : /tmp/intel_2023.2.0_mpi_O_develop/esmf
20260710 041252.831 INFO             PET0 ESMF_COMM                   : mpi
20260710 041252.831 INFO             PET0 ESMF_MOAB                   : enabled
20260710 041252.831 INFO             PET0 ESMF_LAPACK                 : enabled
20260710 041252.831 INFO             PET0 ESMF_NETCDF                 : enabled
20260710 041252.831 INFO             PET0 ESMF_PNETCDF                : disabled
20260710 041252.831 INFO             PET0 ESMF_PIO                    : enabled
20260710 041252.831 INFO             PET0 ESMF_YAMLCPP                : enabled
20260710 041252.831 INFO             PET0  NUMBER_OF_PROCESSORS           2
20260710 041252.831 INFO             PET0  PASS  Example ESMF_VMUserMpiCommEx, ESMF_VMUserMpiCommEx.F90, line 113
20260710 041252.831 INFO             PET0  Finalizing ESMF with endflag==ESMF_END_KEEPMPI
20260710 041252.831 INFO             PET1 !!!!!!!!!!!!!!!!!!!!!!!!!!!!!!!!!!!!!!!!!!!!!!!!!!!!!!
20260710 041252.831 INFO             PET1 !!! THE ESMF_LOG IS SET TO OUTPUT ALL LOG MESSAGES !!!
20260710 041252.831 INFO             PET1 !!!     THIS MAY CAUSE SLOWDOWN IN PERFORMANCE     !!!
20260710 041252.831 INFO             PET1 !!! FOR PRODUCTION RUNS, USE:                      !!!
20260710 041252.831 INFO             PET1 !!!                   ESMF_LOGKIND_Multi_On_Error  !!!
20260710 041252.831 INFO             PET1 !!!!!!!!!!!!!!!!!!!!!!!!!!!!!!!!!!!!!!!!!!!!!!!!!!!!!!
20260710 041252.831 INFO             PET1 Running with ESMF Version   : develop+gf1c7bb6d5f
20260710 041252.831 INFO             PET1 ESMF library build date/time: "Jul 10 2026" "03:44:20"
20260710 041252.831 INFO             PET1 ESMF library build location : /tmp/intel_2023.2.0_mpi_O_develop/esmf
20260710 041252.831 INFO             PET1 ESMF_COMM                   : mpi
20260710 041252.831 INFO             PET1 ESMF_MOAB                   : enabled
20260710 041252.831 INFO             PET1 ESMF_LAPACK                 : enabled
20260710 041252.831 INFO             PET1 ESMF_NETCDF                 : enabled
20260710 041252.831 INFO             PET1 ESMF_PNETCDF                : disabled
20260710 041252.831 INFO             PET1 ESMF_PIO                    : enabled
20260710 041252.831 INFO             PET1 ESMF_YAMLCPP                : enabled
20260710 041252.831 INFO             PET1  NUMBER_OF_PROCESSORS           2
20260710 041252.831 INFO             PET1  PASS  Example ESMF_VMUserMpiCommEx, ESMF_VMUserMpiCommEx.F90, line 113
20260710 041252.831 INFO             PET1  Finalizing ESMF with endflag==ESMF_END_KEEPMPI
