2026-06-16 03:48:42
20260616 042052.330 INFO             PET0 !!!!!!!!!!!!!!!!!!!!!!!!!!!!!!!!!!!!!!!!!!!!!!!!!!!!!!
20260616 042052.330 INFO             PET0 !!! THE ESMF_LOG IS SET TO OUTPUT ALL LOG MESSAGES !!!
20260616 042052.330 INFO             PET0 !!!     THIS MAY CAUSE SLOWDOWN IN PERFORMANCE     !!!
20260616 042052.330 INFO             PET0 !!! FOR PRODUCTION RUNS, USE:                      !!!
20260616 042052.330 INFO             PET0 !!!                   ESMF_LOGKIND_Multi_On_Error  !!!
20260616 042052.330 INFO             PET0 !!!!!!!!!!!!!!!!!!!!!!!!!!!!!!!!!!!!!!!!!!!!!!!!!!!!!!
20260616 042052.330 INFO             PET0 Running with ESMF Version   : develop+g2ad1b7a070
20260616 042052.330 INFO             PET0 ESMF library build date/time: "Jun 16 2026" "03:47:32"
20260616 042052.330 INFO             PET0 ESMF library build location : /tmp/intel_2025.0.0_mpi_O_develop/esmf
20260616 042052.330 INFO             PET0 ESMF_COMM                   : mpi
20260616 042052.330 INFO             PET0 ESMF_MOAB                   : enabled
20260616 042052.330 INFO             PET0 ESMF_LAPACK                 : enabled
20260616 042052.330 INFO             PET0 ESMF_NETCDF                 : enabled
20260616 042052.330 INFO             PET0 ESMF_PNETCDF                : disabled
20260616 042052.330 INFO             PET0 ESMF_PIO                    : enabled
20260616 042052.330 INFO             PET0 ESMF_YAMLCPP                : enabled
20260616 042052.331 INFO             PET0 =============================================
20260616 042052.331 INFO             PET0 ESMX (Earth System Model eXecutable) STARTING
20260616 042052.331 INFO             PET0 =============================================
20260616 042052.333 DEBUG            PET0 Generic SetVM() is executing for: ESMX_Driver
20260616 042052.333 DEBUG            PET0 Generic SetVM() found no NUOPC Hint for: ESMX_Driver
20260616 042052.333 DEBUG            PET0 Generic SetVM() therefore is NOT calling ESMF_GridCompSetVMMaxPEs() for: ESMX_Driver
20260616 042052.338 INFO             PET0 =============================================
20260616 042052.338 INFO             PET0 ESMX (Earth System Model eXecutable) FINISHED
20260616 042052.338 INFO             PET0 =============================================
20260616 042052.338 INFO             PET0  Finalizing ESMF
20260616 042052.330 INFO             PET1 !!!!!!!!!!!!!!!!!!!!!!!!!!!!!!!!!!!!!!!!!!!!!!!!!!!!!!
20260616 042052.330 INFO             PET1 !!! THE ESMF_LOG IS SET TO OUTPUT ALL LOG MESSAGES !!!
20260616 042052.330 INFO             PET1 !!!     THIS MAY CAUSE SLOWDOWN IN PERFORMANCE     !!!
20260616 042052.330 INFO             PET1 !!! FOR PRODUCTION RUNS, USE:                      !!!
20260616 042052.330 INFO             PET1 !!!                   ESMF_LOGKIND_Multi_On_Error  !!!
20260616 042052.330 INFO             PET1 !!!!!!!!!!!!!!!!!!!!!!!!!!!!!!!!!!!!!!!!!!!!!!!!!!!!!!
20260616 042052.330 INFO             PET1 Running with ESMF Version   : develop+g2ad1b7a070
20260616 042052.330 INFO             PET1 ESMF library build date/time: "Jun 16 2026" "03:47:32"
20260616 042052.330 INFO             PET1 ESMF library build location : /tmp/intel_2025.0.0_mpi_O_develop/esmf
20260616 042052.330 INFO             PET1 ESMF_COMM                   : mpi
20260616 042052.330 INFO             PET1 ESMF_MOAB                   : enabled
20260616 042052.330 INFO             PET1 ESMF_LAPACK                 : enabled
20260616 042052.330 INFO             PET1 ESMF_NETCDF                 : enabled
20260616 042052.330 INFO             PET1 ESMF_PNETCDF                : disabled
20260616 042052.330 INFO             PET1 ESMF_PIO                    : enabled
20260616 042052.330 INFO             PET1 ESMF_YAMLCPP                : enabled
20260616 042052.331 INFO             PET1 =============================================
20260616 042052.331 INFO             PET1 ESMX (Earth System Model eXecutable) STARTING
20260616 042052.331 INFO             PET1 =============================================
20260616 042052.333 DEBUG            PET1 Generic SetVM() is executing for: ESMX_Driver
20260616 042052.333 DEBUG            PET1 Generic SetVM() found no NUOPC Hint for: ESMX_Driver
20260616 042052.333 DEBUG            PET1 Generic SetVM() therefore is NOT calling ESMF_GridCompSetVMMaxPEs() for: ESMX_Driver
20260616 042052.338 INFO             PET1 =============================================
20260616 042052.338 INFO             PET1 ESMX (Earth System Model eXecutable) FINISHED
20260616 042052.338 INFO             PET1 =============================================
20260616 042052.338 INFO             PET1  Finalizing ESMF
20260616 042052.330 INFO             PET2 !!!!!!!!!!!!!!!!!!!!!!!!!!!!!!!!!!!!!!!!!!!!!!!!!!!!!!
20260616 042052.330 INFO             PET2 !!! THE ESMF_LOG IS SET TO OUTPUT ALL LOG MESSAGES !!!
20260616 042052.330 INFO             PET2 !!!     THIS MAY CAUSE SLOWDOWN IN PERFORMANCE     !!!
20260616 042052.330 INFO             PET2 !!! FOR PRODUCTION RUNS, USE:                      !!!
20260616 042052.330 INFO             PET2 !!!                   ESMF_LOGKIND_Multi_On_Error  !!!
20260616 042052.330 INFO             PET2 !!!!!!!!!!!!!!!!!!!!!!!!!!!!!!!!!!!!!!!!!!!!!!!!!!!!!!
20260616 042052.330 INFO             PET2 Running with ESMF Version   : develop+g2ad1b7a070
20260616 042052.330 INFO             PET2 ESMF library build date/time: "Jun 16 2026" "03:47:32"
20260616 042052.330 INFO             PET2 ESMF library build location : /tmp/intel_2025.0.0_mpi_O_develop/esmf
20260616 042052.330 INFO             PET2 ESMF_COMM                   : mpi
20260616 042052.330 INFO             PET2 ESMF_MOAB                   : enabled
20260616 042052.330 INFO             PET2 ESMF_LAPACK                 : enabled
20260616 042052.330 INFO             PET2 ESMF_NETCDF                 : enabled
20260616 042052.330 INFO             PET2 ESMF_PNETCDF                : disabled
20260616 042052.330 INFO             PET2 ESMF_PIO                    : enabled
20260616 042052.330 INFO             PET2 ESMF_YAMLCPP                : enabled
20260616 042052.332 INFO             PET2 =============================================
20260616 042052.332 INFO             PET2 ESMX (Earth System Model eXecutable) STARTING
20260616 042052.332 INFO             PET2 =============================================
20260616 042052.333 DEBUG            PET2 Generic SetVM() is executing for: ESMX_Driver
20260616 042052.333 DEBUG            PET2 Generic SetVM() found no NUOPC Hint for: ESMX_Driver
20260616 042052.334 DEBUG            PET2 Generic SetVM() therefore is NOT calling ESMF_GridCompSetVMMaxPEs() for: ESMX_Driver
20260616 042052.338 INFO             PET2 =============================================
20260616 042052.338 INFO             PET2 ESMX (Earth System Model eXecutable) FINISHED
20260616 042052.338 INFO             PET2 =============================================
20260616 042052.338 INFO             PET2  Finalizing ESMF
20260616 042052.330 INFO             PET3 !!!!!!!!!!!!!!!!!!!!!!!!!!!!!!!!!!!!!!!!!!!!!!!!!!!!!!
20260616 042052.330 INFO             PET3 !!! THE ESMF_LOG IS SET TO OUTPUT ALL LOG MESSAGES !!!
20260616 042052.330 INFO             PET3 !!!     THIS MAY CAUSE SLOWDOWN IN PERFORMANCE     !!!
20260616 042052.330 INFO             PET3 !!! FOR PRODUCTION RUNS, USE:                      !!!
20260616 042052.330 INFO             PET3 !!!                   ESMF_LOGKIND_Multi_On_Error  !!!
20260616 042052.330 INFO             PET3 !!!!!!!!!!!!!!!!!!!!!!!!!!!!!!!!!!!!!!!!!!!!!!!!!!!!!!
20260616 042052.330 INFO             PET3 Running with ESMF Version   : develop+g2ad1b7a070
20260616 042052.330 INFO             PET3 ESMF library build date/time: "Jun 16 2026" "03:47:32"
20260616 042052.330 INFO             PET3 ESMF library build location : /tmp/intel_2025.0.0_mpi_O_develop/esmf
20260616 042052.330 INFO             PET3 ESMF_COMM                   : mpi
20260616 042052.330 INFO             PET3 ESMF_MOAB                   : enabled
20260616 042052.330 INFO             PET3 ESMF_LAPACK                 : enabled
20260616 042052.330 INFO             PET3 ESMF_NETCDF                 : enabled
20260616 042052.330 INFO             PET3 ESMF_PNETCDF                : disabled
20260616 042052.330 INFO             PET3 ESMF_PIO                    : enabled
20260616 042052.330 INFO             PET3 ESMF_YAMLCPP                : enabled
20260616 042052.332 INFO             PET3 =============================================
20260616 042052.332 INFO             PET3 ESMX (Earth System Model eXecutable) STARTING
20260616 042052.332 INFO             PET3 =============================================
20260616 042052.333 DEBUG            PET3 Generic SetVM() is executing for: ESMX_Driver
20260616 042052.333 DEBUG            PET3 Generic SetVM() found no NUOPC Hint for: ESMX_Driver
20260616 042052.333 DEBUG            PET3 Generic SetVM() therefore is NOT calling ESMF_GridCompSetVMMaxPEs() for: ESMX_Driver
20260616 042052.338 INFO             PET3 =============================================
20260616 042052.338 INFO             PET3 ESMX (Earth System Model eXecutable) FINISHED
20260616 042052.338 INFO             PET3 =============================================
20260616 042052.338 INFO             PET3  Finalizing ESMF
