2026-07-10 09:25:00
20260710 094631.655 INFO             PET0 !!!!!!!!!!!!!!!!!!!!!!!!!!!!!!!!!!!!!!!!!!!!!!!!!!!!!!
20260710 094631.656 INFO             PET0 !!! THE ESMF_LOG IS SET TO OUTPUT ALL LOG MESSAGES !!!
20260710 094631.656 INFO             PET0 !!!     THIS MAY CAUSE SLOWDOWN IN PERFORMANCE     !!!
20260710 094631.656 INFO             PET0 !!! FOR PRODUCTION RUNS, USE:                      !!!
20260710 094631.656 INFO             PET0 !!!                   ESMF_LOGKIND_Multi_On_Error  !!!
20260710 094631.656 INFO             PET0 !!!!!!!!!!!!!!!!!!!!!!!!!!!!!!!!!!!!!!!!!!!!!!!!!!!!!!
20260710 094631.656 INFO             PET0 Running with ESMF Version   : develop+gf1c7bb6d5f
20260710 094631.656 INFO             PET0 ESMF library build date/time: "Jul 10 2026" "09:23:51"
20260710 094631.656 INFO             PET0 ESMF library build location : /usr/local/esmf/esmf-testing/gfortran_14.2.0_mpiuni_g_develop/esmf
20260710 094631.656 INFO             PET0 ESMF_COMM                   : mpiuni
20260710 094631.656 INFO             PET0 ESMF_MOAB                   : enabled
20260710 094631.656 INFO             PET0 ESMF_LAPACK                 : enabled
20260710 094631.656 INFO             PET0 ESMF_NETCDF                 : enabled
20260710 094631.656 INFO             PET0 ESMF_PNETCDF                : disabled
20260710 094631.656 INFO             PET0 ESMF_PIO                    : enabled
20260710 094631.656 INFO             PET0 ESMF_YAMLCPP                : enabled
20260710 094631.664 INFO             PET0  NUMBER_OF_PROCESSORS           1
20260710 094631.664 INFO             PET0  PASS  Example ESMF_VMComponentEx, ESMF_VMComponentEx.F90, line 205
20260710 094631.664 INFO             PET0  Finalizing ESMF
