2026-05-05 04:25:31
20260505 044231.134 INFO             PET0 !!!!!!!!!!!!!!!!!!!!!!!!!!!!!!!!!!!!!!!!!!!!!!!!!!!!!!
20260505 044231.134 INFO             PET0 !!! THE ESMF_LOG IS SET TO OUTPUT ALL LOG MESSAGES !!!
20260505 044231.134 INFO             PET0 !!!     THIS MAY CAUSE SLOWDOWN IN PERFORMANCE     !!!
20260505 044231.134 INFO             PET0 !!! FOR PRODUCTION RUNS, USE:                      !!!
20260505 044231.134 INFO             PET0 !!!                   ESMF_LOGKIND_Multi_On_Error  !!!
20260505 044231.134 INFO             PET0 !!!!!!!!!!!!!!!!!!!!!!!!!!!!!!!!!!!!!!!!!!!!!!!!!!!!!!
20260505 044231.134 INFO             PET0 Running with ESMF Version   : develop+g73c04876fd
20260505 044231.134 INFO             PET0 ESMF library build date/time: "May  5 2026" "04:24:30"
20260505 044231.134 INFO             PET0 ESMF library build location : /usr/local/esmf/esmf-testing/gfortran_14.2.0_mpiuni_g_develop/esmf
20260505 044231.134 INFO             PET0 ESMF_COMM                   : mpiuni
20260505 044231.134 INFO             PET0 ESMF_MOAB                   : enabled
20260505 044231.134 INFO             PET0 ESMF_LAPACK                 : enabled
20260505 044231.134 INFO             PET0 ESMF_NETCDF                 : enabled
20260505 044231.134 INFO             PET0 ESMF_PNETCDF                : disabled
20260505 044231.134 INFO             PET0 ESMF_PIO                    : enabled
20260505 044231.134 INFO             PET0 ESMF_YAMLCPP                : enabled
20260505 044231.146 INFO             PET0  NUMBER_OF_PROCESSORS           1
20260505 044231.146 INFO             PET0  PASS  Example ESMF_NUOPCBasicModelEx, ESMF_NUOPCBasicModelEx.F90, line 339
20260505 044231.146 INFO             PET0  Finalizing ESMF
