2026-07-19 20:04:14
--- ESMCI::ArrayBundle::print start ---
ArrayBundle: MyArrayBundle
arrayCount = 3
Container::print() multipmap:item=0 key=AonFly value=0x12600b200
Container::print() multipmap:item=1 key=Array002 value=0x126008c00
Container::print() multipmap:item=2 key=Array003 value=0x126009200
Container::print()      list:item=0 key=Array002 value=0x126008c00
--- ESMCI::ArrayBundle::print start ---
ArrayBundle: MyArrayBundle
arrayCount = 3
Container::print() multipmap:item=0 key=AonFly value=0x14500ca00
Container::print() multipmap:item=1 key=Array002 value=0x145009e00
Container::print() multipmap:item=2 key=Array003 value=0x14500b800
Container::print()      list:item=0 key=Array002 value=0x145009e00
Container::print()      list:item=1 key=Array003 value=0x14500b800
Container::print()      list:item=2 key=AonFly value=0x14500ca00
--- ESMCI::ArrayBundle::print end ---
--- ESMCI::Array::print start ---
 Base name    = AonFly
 Status: Base = Ready,  object = Ready
 Proxy        = no
 Root Info (Attributes):
{
  "ESMF": {
    "Instance": {
      "NamedAliasCount": 0
    }
  }
}Array typekind/rank: Real*4 / 2 
~ lower class' values ~
DistGrid dimCount = 2
deCount = 6
localDeCount = 1
~ local data in LocalArray for DE 2 ~
LocalArrayPrint: Array at address 0x14470e430:
            rank = 2, typekind = 5, base_addr = 0x101caf3a0
            dim[0] = 3  dim[1] = 2  
  Real--- ESMCI::ArrayBundle::print start ---
ArrayBundle: MyArrayBundle
arrayCount = 3
Container::print() multipmap:item=0 key=AonFly value=0x128067000
Container::print() multipmap:item=1 key=Array002 value=0x128065800
Container::print() multipmap:item=2 key=Array003 value=0x128065e00
Container::print()      list:item=0 key=Array002 value=0x128065800
Container::print()      list:item=1 key=Array003 value=0x128065e00
Container::print()      list:item=2 key=AonFly value=0x128067000
--- ESMCI::ArrayBundle::print end ---
--- ESMCI::Array::print start ---
 Base name    = AonFly
 Status: Base = Ready,  object = Ready
 Proxy        = no
 Root Info (Attributes):
{
  "ESMF": {
    "Instance": {
      "NamedAliasCount": 0
    }
  }
}Array typekind/rank: Real*4 / 2 
~ lower class' values ~
DistGrid dimCount = 2
deCount = 6
localDeCount = 2
~ local data in LocalArray for DE 1 ~
LocalArrayPrint: Array at address 0x127e173e0:
            rank = 2, typekind = 5, base_addr = 0x10577b4a0
            dim[0] = 2  dim[1] = 2  
  Real--- ESMCI::ArrayBundle::print start ---
ArrayBundle: MyArrayBundle
arrayCount = 3
Container::print() multipmap:item=0 key=AonFly value=0x14900a400
Container::print() multipmap:item=1 key=Array002 value=0x149008800
Container::print() multipmap:item=2 key=Array003 value=0x149009200
Container::print()      list:item=0 key=Array002 value=0x149008800
Container::print()      list:item=1 key=Array003 value=0x149009200
Container::print()      list:item=2 key=AonFly value=0x14900a400
--- ESMCI::ArrayBundle::print end ---
--- ESMCI::Array::print start ---
 Base name    = AonFly
 Status: Base = Ready,  object = Ready
 Proxy        = no
 Root Info (Attributes):
{
  "ESMF": {
    "Instance": {
      "NamedAliasCount": 0
    }
  }
}Array typekind/rank: Real*4 / 2 
~ lower class' values ~
DistGrid dimCount = 2
deCount = 6
localDeCount = 2
~ local data in LocalArray for DE 0 ~
LocalArrayPrint: Array at address 0x148006ff0:
            rank = 2, typekind = 5, base_addr = 0x10266b450
            dim[0] = 3  dim[1] = 2  
  RealContainer::print()      list:item=1 key=Array003 value=0x126009200
Container::print()      list:item=2 key=AonFly value=0x12600b200
--- ESMCI::ArrayBundle::print end ---
--- ESMCI::Array::print start ---
 Base name    = AonFly
 Status: Base = Ready,  object = Ready
 Proxy        = no
 Root Info (Attributes):
{
  "ESMF": {
    "Instance": {
      "NamedAliasCount": 0
    }
  }
}Array typekind/rank: Real*4 / 2 
~ lower class' values ~
DistGrid dimCount = 2
deCount = 6
localDeCount = 1
~ local data in LocalArray for DE 3 ~
LocalArrayPrint: Array at address 0x13680ade0:
            rank = 2, typekind = 5, base_addr = 0x105b17420
            dim[0] = 2  dim[1] = 2  
  Real, *4, Dim 2, Data values:
( 1, 1) =  0
( 2, 1) =  0
( 1, 2) =  0
( 2, 2) =  0
, *4, Dim 2, Data values:
--- ESMCI::Array::print end ---
--- ESMCI::Array::print start ---
 Base name    = Array002
 Status: Base = Ready,  object = Ready
 Proxy        = no
 Root Info (Attributes):
{
  "ESMF": {
    "Instance": {
      "NamedAliasCount": 0
    }
  }
}Array typekind/rank: Real*8 / 2 
~ lower class' values ~
DistGrid dimCount = 2
deCount = 6
localDeCount = 1
~ local data in LocalArray for DE 3 ~
LocalArrayPrint: Array at address 0x136809d60:
            rank = 2, typekind = 6, base_addr = 0x105b17370
            dim[0] = 2  dim[1] = 2  
  Real, *8, Dim 2, Data values:
( 1, 1) =  0
( 2, 1) =  0
( 1, 2) =  0
( 2, 2) =  0
--- ESMCI::Array::print end ---
--- ESMCI::Array::print start ---
 Base name    = Array003
 Status: Base = Ready,  object = Ready
 Proxy        = no
 Root Info (Attributes):
{
  "ESMF": {
    "Instance": {
      "NamedAliasCount": 0
    }
  }
}Array typekind/rank: Real*8 / 2 
, *4, Dim 2, Data values:
( 1, 1) =  0
( 2, 1) =  0
( 1, 2) =  0
( 2, 2) =  0
~ local data in LocalArray for DE 5 ~
LocalArrayPrint: Array at address 0x127e17710:
            rank = 2, typekind = 5, base_addr = 0x10577b4c0
            dim[0] = 2  dim[1] = 1  
  Real, *4, Dim 2, Data values:
( 1, 1) =  0
( 2, 1) =  0
--- ESMCI::Array::print end ---
--- ESMCI::Array::print start ---
 Base name    = Array002
 Status: Base = Ready,  object = Ready
 Proxy        = no
 Root Info (Attributes):
{
  "ESMF": {
    "Instance": {
      "NamedAliasCount": 0
    }
  }
}Array typekind/rank: Real*8 / 2 
~ lower class' values ~
DistGrid dimCount = 2
deCount = 6
localDeCount = 2
~ local data in LocalArray for DE 1 ~
LocalArrayPrint: Array at address 0x127e156a0:
            rank = 2, typekind = 6, base_addr = 0x10577b370
            dim[0] = 2  dim[1] = 2  
  Real, *8, Dim 2, Data values:
( 1, 1) =  0
( 2, 1) =  0
( 1, 2) =  0
( 2, 2) =  0
~ local data in LocalArray for DE 5 ~
LocalArrayPrint: Array at address 0x127e159d0:
   ( 1, 1) =  0
( 2, 1) =  0
( 3, 1) =  0
( 1, 2) =  0
( 2, 2) =  0
( 3, 2) =  0
--- ESMCI::Array::print end ---
--- ESMCI::Array::print start ---
 Base name    = Array002
 Status: Base = Ready,  object = Ready
 Proxy        = no
 Root Info (Attributes):
{
  "ESMF": {
    "Instance": {
      "NamedAliasCount": 0
    }
  }
}Array typekind/rank: Real*8 / 2 
~ lower class' values ~
DistGrid dimCount = 2
deCount = 6
localDeCount = 1
~ local data in LocalArray for DE 2 ~
LocalArrayPrint: Array at address 0x14470d3b0:
            rank = 2, typekind = 6, base_addr = 0x101caf330
            dim[0] = 3  dim[1] = 2  
  Real, *8, Dim 2, Data values:
( 1, 1) =  0
( 2, 1) =  6.01347e-154
( 3, 1) =  6.01347e-154
( 1, 2) =  6.10916e+223
( 2, 2) =  4.33046e-312
( 3, 2) =  0
--- ESMCI::Array::print end ---
--- ESMCI::Array::print start ---
 Base name    = Array003
 Status: Base = Ready,  object = Ready
 Proxy        = no
 Root Info (Attributes):
, *4, Dim 2, Data values:
( 1, 1) =  0
~ lower class' values ~
( 2, 1) =  0
DistGrid dimCount = 2
{
( 3, 1) =  0
( 1, 2) =  0
( 2, 2) =  0
( 3, 2) =  0
~ local data in LocalArray for DE 4 ~
LocalArrayPrint: Array at address 0x148007320:
            rank = 2, typekind = 5, base_addr = 0x10266b480
            dim[0] = 3  dim[1] = 1  
  Real, *4, Dim 2, Data values:
( 1, 1) =  0
( 2, 1) =  0
( 3, 1) =  0
--- ESMCI::Array::print end ---
deCount = 6
localDeCount = 1
~ local data in LocalArray for DE 3 ~
LocalArrayPrint: Array at address 0x13680a090:
            rank = 2, typekind = 6, base_addr = 0x105b173a0
            dim[0] = 2  dim[1] = 2  
  Real, *8, Dim 2, Data values:
( 1, 1) =  0
( 2, 1) =  0
( 1, 2) =  0
( 2, 2) =  0
--- ESMCI::Array::print end ---
  PASS  Example ESMF_ArrayBundleEx, ESMF_ArrayBundleEx.F90, line 267
  "ESMF": {
    "Instance": {
      "NamedAliasCount": 0
    }
  }
}Array typekind/rank: Real*8 / 2 
~ lower class' values ~
DistGrid dimCount = 2
deCount = 6
localDeCount = 1
~ local data in LocalArray for DE 2 ~
LocalArrayPrint: Array at address 0x14470d6e0:
            rank = 2, typekind = 6, base_addr = 0x101caf2f0
            dim[0] = 3  dim[1] = 2  
  Real, *8, Dim 2, Data values:
( 1, 1) =  0
( 2, 1) =  6.01347e-154
( 3, 1) =  6.01347e-154
( 1, 2) =  6.10916e+223
( 2, 2) =  4.33046e-312
( 3, 2) =  0
--- ESMCI::Array::print end ---
  PASS  Example ESMF_ArrayBundleEx, ESMF_ArrayBundleEx.F90, line 267
         rank = 2, typekind = 6, base_addr = 0x10577b3a0
            dim[0] = 2  dim[1] = 1  
  Real, *8, Dim 2, Data values:
( 1, 1) =  0
( 2, 1) =  0
--- ESMCI::Array::print end ---
--- ESMCI::Array::print start ---
--- ESMCI::Array::print start ---
 Base name    = Array002
 Status: Base = Ready,  object = Ready
 Proxy        = no
 Root Info (Attributes):
{
  "ESMF": {
    "Instance": {
      "NamedAliasCount": 0
    }
  }
}Array typekind/rank: Real*8 / 2 
~ lower class' values ~
DistGrid dimCount = 2
deCount = 6
localDeCount = 2
~ local data in LocalArray for DE 0 ~
LocalArrayPrint: Array at address 0x1480052b0:
            rank = 2, typekind = 6, base_addr = 0x10266b330
            dim[0] = 3  dim[1] = 2  
  Real, *8, Dim 2, Data values:
( 1, 1) =  0
 Base name    = Array003
 Status: Base = Ready,  object = Ready
( 2, 1) =  6.01347e-154
 Proxy        = no
( 3, 1) =  6.01347e-154
( 1, 2) =  6.10916e+223
 Root Info (Attributes):
( 2, 2) =  4.33046e-312
{
( 3, 2) =  0
  "ESMF": {
~ local data in LocalArray for DE 4 ~
    "Instance": {
LocalArrayPrint: Array at address 0x1480055e0:
      "NamedAliasCount": 0
            rank = 2, typekind = 6, base_addr = 0x10266b370
            dim[0] = 3  dim[1] = 1  
    }
  }
  Real, *8, Dim 2, Data values:
}Array typekind/rank: Real*8 / 2 
~ lower class' values ~
( 1, 1) =  0
( 2, 1) =  0
( 3, 1) =  0
--- ESMCI::Array::print end ---
--- ESMCI::Array::print start ---
 Base name    = Array003
 Status: Base = Ready,  object = Ready
DistGrid dimCount = 2
deCount = 6
localDeCount = 2
~ local data in LocalArray for DE 1 ~
 Proxy        = no
LocalArrayPrint: Array at address 0x127e15d00:
 Root Info (Attributes):
            rank = 2, typekind = 6, base_addr = 0x10577b3c0
            dim[0] = 2  dim[1] = 2  
{
  "ESMF": {
    "Instance": {
  Real, *8, Dim 2, Data values:
      "NamedAliasCount": 0
( 1, 1) =  0
    }
( 2, 1) =  0
  }
}( 1, 2) =  0
( 2, 2) =  0
Array typekind/rank: Real*8 / 2 
~ local data in LocalArray for DE 5 ~
~ lower class' values ~
DistGrid dimCount = 2
LocalArrayPrint: Array at address 0x127e16030:
deCount = 6
            rank = 2, typekind = 6, base_addr = 0x10577b3f0
localDeCount = 2
            dim[0] = 2  dim[1] = 1  
~ local data in LocalArray for DE 0 ~
  Real, *8, Dim 2, Data values:
LocalArrayPrint: Array at address 0x148005910:
( 1, 1) =  0
            rank = 2, typekind = 6, base_addr = 0x10266b2f0
( 2, 1) =  0
            dim[0] = 3  dim[1] = 2  
--- ESMCI::Array::print end ---
  Real, *8, Dim 2, Data values:
( 1, 1) =  0
( 2, 1) =  6.01347e-154
( 3, 1) =  6.01347e-154
  PASS  Example ESMF_ArrayBundleEx, ESMF_ArrayBundleEx.F90, line 267
( 1, 2) =  6.10916e+223
( 2, 2) =  4.33046e-312
( 3, 2) =  0
~ local data in LocalArray for DE 4 ~
LocalArrayPrint: Array at address 0x148005c40:
            rank = 2, typekind = 6, base_addr = 0x10266b3a0
            dim[0] = 3  dim[1] = 1  
  Real, *8, Dim 2, Data values:
( 1, 1) =  0
( 2, 1) =  0
( 3, 1) =  0
--- ESMCI::Array::print end ---
  PASS  Example ESMF_ArrayBundleEx, ESMF_ArrayBundleEx.F90, line 267
 PASS: ESMF_ArrayBundleEx.F90
 PASS: ESMF_ArrayBundleEx.F90
 PASS: ESMF_ArrayBundleEx.F90
 PASS: ESMF_ArrayBundleEx.F90
