2026-06-21 03:41:52
20260621 041025.887 INFO             PET0 !!!!!!!!!!!!!!!!!!!!!!!!!!!!!!!!!!!!!!!!!!!!!!!!!!!!!!
20260621 041025.887 INFO             PET0 !!! THE ESMF_LOG IS SET TO OUTPUT ALL LOG MESSAGES !!!
20260621 041025.887 INFO             PET0 !!!     THIS MAY CAUSE SLOWDOWN IN PERFORMANCE     !!!
20260621 041025.887 INFO             PET0 !!! FOR PRODUCTION RUNS, USE:                      !!!
20260621 041025.887 INFO             PET0 !!!                   ESMF_LOGKIND_Multi_On_Error  !!!
20260621 041025.887 INFO             PET0 !!!!!!!!!!!!!!!!!!!!!!!!!!!!!!!!!!!!!!!!!!!!!!!!!!!!!!
20260621 041025.887 INFO             PET0 Running with ESMF Version   : feature/refresh-bmauer-c_dynmask_interface+gd740766d08
20260621 041025.887 INFO             PET0 ESMF library build date/time: "Jun 21 2026" "03:40:43"
20260621 041025.887 INFO             PET0 ESMF library build location : /usr/local/esmf/esmf-testing/gfortran_14.2.0_mpich_O_feature_refresh-bmauer-c_dynmask_interface/esmf
20260621 041025.887 INFO             PET0 ESMF_COMM                   : mpich
20260621 041025.888 INFO             PET0 ESMF_MOAB                   : enabled
20260621 041025.888 INFO             PET0 ESMF_LAPACK                 : enabled
20260621 041025.888 INFO             PET0 ESMF_NETCDF                 : enabled
20260621 041025.888 INFO             PET0 ESMF_PNETCDF                : disabled
20260621 041025.888 INFO             PET0 ESMF_PIO                    : enabled
20260621 041025.888 INFO             PET0 ESMF_YAMLCPP                : enabled
20260621 041025.890 INFO             PET0 =============================================
20260621 041025.890 INFO             PET0 ESMX (Earth System Model eXecutable) STARTING
20260621 041025.890 INFO             PET0 =============================================
20260621 041025.891 DEBUG            PET0 Generic SetVM() is executing for: ESMX_Driver
20260621 041025.893 DEBUG            PET0 Generic SetVM() found no NUOPC Hint for: ESMX_Driver
20260621 041025.893 DEBUG            PET0 Generic SetVM() therefore is NOT calling ESMF_GridCompSetVMMaxPEs() for: ESMX_Driver
20260621 041025.903 INFO             PET0 =============================================
20260621 041025.903 INFO             PET0 ESMX (Earth System Model eXecutable) FINISHED
20260621 041025.903 INFO             PET0 =============================================
20260621 041025.903 INFO             PET0  Finalizing ESMF
20260621 041025.887 INFO             PET1 !!!!!!!!!!!!!!!!!!!!!!!!!!!!!!!!!!!!!!!!!!!!!!!!!!!!!!
20260621 041025.887 INFO             PET1 !!! THE ESMF_LOG IS SET TO OUTPUT ALL LOG MESSAGES !!!
20260621 041025.887 INFO             PET1 !!!     THIS MAY CAUSE SLOWDOWN IN PERFORMANCE     !!!
20260621 041025.887 INFO             PET1 !!! FOR PRODUCTION RUNS, USE:                      !!!
20260621 041025.887 INFO             PET1 !!!                   ESMF_LOGKIND_Multi_On_Error  !!!
20260621 041025.887 INFO             PET1 !!!!!!!!!!!!!!!!!!!!!!!!!!!!!!!!!!!!!!!!!!!!!!!!!!!!!!
20260621 041025.887 INFO             PET1 Running with ESMF Version   : feature/refresh-bmauer-c_dynmask_interface+gd740766d08
20260621 041025.887 INFO             PET1 ESMF library build date/time: "Jun 21 2026" "03:40:43"
20260621 041025.887 INFO             PET1 ESMF library build location : /usr/local/esmf/esmf-testing/gfortran_14.2.0_mpich_O_feature_refresh-bmauer-c_dynmask_interface/esmf
20260621 041025.887 INFO             PET1 ESMF_COMM                   : mpich
20260621 041025.887 INFO             PET1 ESMF_MOAB                   : enabled
20260621 041025.887 INFO             PET1 ESMF_LAPACK                 : enabled
20260621 041025.887 INFO             PET1 ESMF_NETCDF                 : enabled
20260621 041025.887 INFO             PET1 ESMF_PNETCDF                : disabled
20260621 041025.887 INFO             PET1 ESMF_PIO                    : enabled
20260621 041025.887 INFO             PET1 ESMF_YAMLCPP                : enabled
20260621 041025.890 INFO             PET1 =============================================
20260621 041025.890 INFO             PET1 ESMX (Earth System Model eXecutable) STARTING
20260621 041025.890 INFO             PET1 =============================================
20260621 041025.890 DEBUG            PET1 Generic SetVM() is executing for: ESMX_Driver
20260621 041025.891 DEBUG            PET1 Generic SetVM() found no NUOPC Hint for: ESMX_Driver
20260621 041025.891 DEBUG            PET1 Generic SetVM() therefore is NOT calling ESMF_GridCompSetVMMaxPEs() for: ESMX_Driver
20260621 041025.903 INFO             PET1 =============================================
20260621 041025.903 INFO             PET1 ESMX (Earth System Model eXecutable) FINISHED
20260621 041025.903 INFO             PET1 =============================================
20260621 041025.903 INFO             PET1  Finalizing ESMF
20260621 041025.887 INFO             PET2 !!!!!!!!!!!!!!!!!!!!!!!!!!!!!!!!!!!!!!!!!!!!!!!!!!!!!!
20260621 041025.889 INFO             PET2 !!! THE ESMF_LOG IS SET TO OUTPUT ALL LOG MESSAGES !!!
20260621 041025.889 INFO             PET2 !!!     THIS MAY CAUSE SLOWDOWN IN PERFORMANCE     !!!
20260621 041025.889 INFO             PET2 !!! FOR PRODUCTION RUNS, USE:                      !!!
20260621 041025.889 INFO             PET2 !!!                   ESMF_LOGKIND_Multi_On_Error  !!!
20260621 041025.889 INFO             PET2 !!!!!!!!!!!!!!!!!!!!!!!!!!!!!!!!!!!!!!!!!!!!!!!!!!!!!!
20260621 041025.889 INFO             PET2 Running with ESMF Version   : feature/refresh-bmauer-c_dynmask_interface+gd740766d08
20260621 041025.889 INFO             PET2 ESMF library build date/time: "Jun 21 2026" "03:40:43"
20260621 041025.889 INFO             PET2 ESMF library build location : /usr/local/esmf/esmf-testing/gfortran_14.2.0_mpich_O_feature_refresh-bmauer-c_dynmask_interface/esmf
20260621 041025.889 INFO             PET2 ESMF_COMM                   : mpich
20260621 041025.889 INFO             PET2 ESMF_MOAB                   : enabled
20260621 041025.889 INFO             PET2 ESMF_LAPACK                 : enabled
20260621 041025.889 INFO             PET2 ESMF_NETCDF                 : enabled
20260621 041025.889 INFO             PET2 ESMF_PNETCDF                : disabled
20260621 041025.889 INFO             PET2 ESMF_PIO                    : enabled
20260621 041025.889 INFO             PET2 ESMF_YAMLCPP                : enabled
20260621 041025.890 INFO             PET2 =============================================
20260621 041025.890 INFO             PET2 ESMX (Earth System Model eXecutable) STARTING
20260621 041025.890 INFO             PET2 =============================================
20260621 041025.891 DEBUG            PET2 Generic SetVM() is executing for: ESMX_Driver
20260621 041025.892 DEBUG            PET2 Generic SetVM() found no NUOPC Hint for: ESMX_Driver
20260621 041025.892 DEBUG            PET2 Generic SetVM() therefore is NOT calling ESMF_GridCompSetVMMaxPEs() for: ESMX_Driver
20260621 041025.903 INFO             PET2 =============================================
20260621 041025.903 INFO             PET2 ESMX (Earth System Model eXecutable) FINISHED
20260621 041025.903 INFO             PET2 =============================================
20260621 041025.903 INFO             PET2  Finalizing ESMF
20260621 041025.887 INFO             PET3 !!!!!!!!!!!!!!!!!!!!!!!!!!!!!!!!!!!!!!!!!!!!!!!!!!!!!!
20260621 041025.889 INFO             PET3 !!! THE ESMF_LOG IS SET TO OUTPUT ALL LOG MESSAGES !!!
20260621 041025.889 INFO             PET3 !!!     THIS MAY CAUSE SLOWDOWN IN PERFORMANCE     !!!
20260621 041025.889 INFO             PET3 !!! FOR PRODUCTION RUNS, USE:                      !!!
20260621 041025.889 INFO             PET3 !!!                   ESMF_LOGKIND_Multi_On_Error  !!!
20260621 041025.889 INFO             PET3 !!!!!!!!!!!!!!!!!!!!!!!!!!!!!!!!!!!!!!!!!!!!!!!!!!!!!!
20260621 041025.889 INFO             PET3 Running with ESMF Version   : feature/refresh-bmauer-c_dynmask_interface+gd740766d08
20260621 041025.889 INFO             PET3 ESMF library build date/time: "Jun 21 2026" "03:40:43"
20260621 041025.889 INFO             PET3 ESMF library build location : /usr/local/esmf/esmf-testing/gfortran_14.2.0_mpich_O_feature_refresh-bmauer-c_dynmask_interface/esmf
20260621 041025.889 INFO             PET3 ESMF_COMM                   : mpich
20260621 041025.889 INFO             PET3 ESMF_MOAB                   : enabled
20260621 041025.889 INFO             PET3 ESMF_LAPACK                 : enabled
20260621 041025.889 INFO             PET3 ESMF_NETCDF                 : enabled
20260621 041025.889 INFO             PET3 ESMF_PNETCDF                : disabled
20260621 041025.889 INFO             PET3 ESMF_PIO                    : enabled
20260621 041025.889 INFO             PET3 ESMF_YAMLCPP                : enabled
20260621 041025.890 INFO             PET3 =============================================
20260621 041025.890 INFO             PET3 ESMX (Earth System Model eXecutable) STARTING
20260621 041025.890 INFO             PET3 =============================================
20260621 041025.891 DEBUG            PET3 Generic SetVM() is executing for: ESMX_Driver
20260621 041025.892 DEBUG            PET3 Generic SetVM() found no NUOPC Hint for: ESMX_Driver
20260621 041025.892 DEBUG            PET3 Generic SetVM() therefore is NOT calling ESMF_GridCompSetVMMaxPEs() for: ESMX_Driver
20260621 041025.903 INFO             PET3 =============================================
20260621 041025.903 INFO             PET3 ESMX (Earth System Model eXecutable) FINISHED
20260621 041025.903 INFO             PET3 =============================================
20260621 041025.903 INFO             PET3  Finalizing ESMF
