 
--------------------------------------------------------------
ESMF_VERSION_STRING:      9.0.0 beta snapshot
ESMF_VERSION_STRING_GIT: develop+gf1c7bb6d5f
--------------------------------------------------------------
On branch develop
Your branch is up to date with 'origin/develop'.

nothing to commit, working tree clean
--------------------------------------------------------------
 
--------------------------------------------------------------
Make version:
GNU Make 4.2.1
Built for x86_64-redhat-linux-gnu
Copyright (C) 1988-2016 Free Software Foundation, Inc.
License GPLv3+: GNU GPL version 3 or later <http://gnu.org/licenses/gpl.html>
This is free software: you are free to change and redistribute it.
There is NO WARRANTY, to the extent permitted by law.

--------------------------------------------------------------
CMake version:
cmake version 3.26.5

CMake suite maintained and supported by Kitware (kitware.com/cmake).

--------------------------------------------------------------
Fortran Compiler version:
NAG Fortran Compiler Release 7.0(Yurakucho) Build 7005
Product NPL6A70NA for x86-64 Linux
Copyright 1990-2019 The Numerical Algorithms Group Ltd., Oxford, U.K.

--------------------------------------------------------------
C++ Compiler version:
g++ (GCC) 9.3.0
Copyright (C) 2019 Free Software Foundation, Inc.
This is free software; see the source for copying conditions.  There is NO
warranty; not even for MERCHANTABILITY or FITNESS FOR A PARTICULAR PURPOSE.


--------------------------------------------------------------
C Compiler version:
gcc (GCC) 9.3.0
Copyright (C) 2019 Free Software Foundation, Inc.
This is free software; see the source for copying conditions.  There is NO
warranty; not even for MERCHANTABILITY or FITNESS FOR A PARTICULAR PURPOSE.


--------------------------------------------------------------
Preprocessor version:
gcc (GCC) 9.3.0
Copyright (C) 2019 Free Software Foundation, Inc.
This is free software; see the source for copying conditions.  There is NO
warranty; not even for MERCHANTABILITY or FITNESS FOR A PARTICULAR PURPOSE.

--------------------------------------------------------------
NetCDF library version: netCDF 4.7.4
NetCDF Fortran version: netCDF-Fortran 4.5.2
 
--------------------------------------------------------------
 * User set ESMF environment variables *
ESMF_BOPT=O
ESMF_COMM=mpiuni
ESMF_COMPILER=nag
ESMF_DIR=/project/esmf/ESMF-Nightly-Testing-Izumi/nag_7.0_mpiuni_O_develop/esmf
ESMF_MPIRUN=/project/esmf/ESMF-Nightly-Testing-Izumi/nag_7.0_mpiuni_O_develop/esmf/src/Infrastructure/stubs/mpiuni/mpirun
ESMF_NETCDFF_LIBS=/usr/local/netcdf-c-4.7.4-f-4.5.2-gcc-g++-9.3.0-nag-7.0/lib/libnetcdff.a
ESMF_NETCDF=nc-config
ESMF_TESTEXHAUSTIVE=ON
ESMF_TESTWITHTHREADS=ON
 
--------------------------------------------------------------
 * ESMF environment variables *
ESMF_DIR: /project/esmf/ESMF-Nightly-Testing-Izumi/nag_7.0_mpiuni_O_develop/esmf
ESMF_OS:                   Linux
ESMF_MACHINE:              x86_64
ESMF_ABI:                  64
ESMF_COMPILER:             nag
ESMF_BOPT:                 O
ESMF_OPTLEVEL:             0
ESMF_COMM:                 mpiuni
ESMF_SITE:                 default
ESMF_PTHREADS:             ON
ESMF_OPENMP:               OFF
ESMF_OPENACC:              OFF
ESMF_CXXSTD:               11
ESMF_ARRAY_LITE:           FALSE
ESMF_NO_INTEGER_1_BYTE:    TRUE
ESMF_NO_INTEGER_2_BYTE:    TRUE
ESMF_FORTRANSYMBOLS:       default
ESMF_MAPPER_BUILD:         OFF
ESMF_AUTO_LIB_BUILD:       ON
ESMF_DEFER_LIB_BUILD:      ON
ESMF_SHARED_LIB_BUILD:     ON
ESMF_TRACE_LIB_BUILD:      ON
ESMF_TRACE_BUILD_SHARED:   ON
ESMF_TRACE_PRELOAD_LINKED: OFF
ESMF_TESTEXHAUSTIVE:       ON
ESMF_TESTPERFORMANCE:      ON
ESMF_TESTCOMPTUNNEL:       ON
ESMF_TESTWITHTHREADS:      ON
ESMF_TESTMPMD:             OFF
ESMF_TESTSHAREDOBJ:        OFF
ESMF_TESTFORCEOPENMP:      OFF
ESMF_TESTFORCEOPENACC:     OFF
ESMF_TESTHARNESS_ARRAY:    default
ESMF_TESTHARNESS_FIELD:    default
ESMF_MPIRUN:               /project/esmf/ESMF-Nightly-Testing-Izumi/nag_7.0_mpiuni_O_develop/esmf/src/Infrastructure/stubs/mpiuni/mpirun
 
--------------------------------------------------------------
 * ESMF environment variables pointing to 3rd party software *
ESMF_MOAB:               internal
ESMF_LAPACK:             internal
ESMF_ACC_SOFTWARE_STACK: none
ESMF_NETCDF:             nc-config
ESMF_NETCDF_INCLUDE:     /usr/local/netcdf-c-4.7.4-f-4.5.2-gcc-g++-9.3.0-nag-7.0/include
ESMF_NETCDF_LIBS:        -lnetcdf
ESMF_NETCDF_LIBPATH:     /usr/local/netcdf-c-4.7.4-f-4.5.2-gcc-g++-9.3.0-nag-7.0/lib
ESMF_NFCONFIG:           nf-config
ESMF_NETCDFF_INCLUDE:    /usr/local/netcdf-c-4.7.4-f-4.5.2-gcc-g++-9.3.0-nag-7.0/include
ESMF_NETCDFF_LIBS:       /usr/local/netcdf-c-4.7.4-f-4.5.2-gcc-g++-9.3.0-nag-7.0/lib/libnetcdff.a
ESMF_NETCDFF_LIBPATH:    /usr/local/netcdf-c-4.7.4-f-4.5.2-gcc-g++-9.3.0-nag-7.0/lib /usr/local/gcc-g++-gfortran-9.3.0/lib /usr/local/hdf5-1.12.0-gcc-g++-gfortran-9.3.0/lib /usr/local/netcdf-c-4.7.4-f-4.5.2-gcc-g++-9.3.0-nag-7.0/lib
ESMF_PIO:                internal
ESMF_PIO_LIBS:           -lpioc
ESMF_YAMLCPP:            internal
 
--------------------------------------------------------------
 * ESMF environment variables for final installation *
ESMF_INSTALL_PREFIX:    ./DEFAULTINSTALLDIR
ESMF_INSTALL_HEADERDIR: include
ESMF_INSTALL_MODDIR:    mod/modO/Linux.nag.64.mpiuni.default
ESMF_INSTALL_LIBDIR:    lib/libO/Linux.nag.64.mpiuni.default
ESMF_INSTALL_BINDIR:    bin/binO/Linux.nag.64.mpiuni.default
ESMF_INSTALL_DOCDIR:    doc
ESMF_INSTALL_CMAKEDIR:  cmake
 
--------------------------------------------------------------
 * ESMF Benchmark directory and parameters *
ESMF_BENCHMARK_PREFIX:         ./DEFAULTBENCHMARKDIR
ESMF_BENCHMARK_TOLERANCE:      20%
ESMF_BENCHMARK_THRESHOLD_MSEC: 500
 
--------------------------------------------------------------
 * Other relevant environment variables *
PATH:     /usr/local/hdf5-1.12.0-gcc-g++-gfortran-9.3.0/bin:/usr/local/netcdf-c-4.7.4-f-4.5.2-gcc-g++-9.3.0-nag-7.0/bin:/cluster/mvapich2-2.3.3-gcc-9.3.0-nag-7.0/bin:/usr/local/gcc-g++-gfortran-9.3.0/bin:/usr/local/nag-7.0/bin:/usr/share/Modules/bin:/bin:/usr/bin:/usr/local/sbin:/usr/sbin
LD_LIBRARY_PATH: /usr/local/hdf5-1.12.0-gcc-g++-gfortran-9.3.0/lib:/usr/local/netcdf-c-4.7.4-f-4.5.2-gcc-g++-9.3.0-nag-7.0/lib:/cluster/torque/lib:/cluster/mvapich2-2.3.3-gcc-9.3.0-nag-7.0/lib:/usr/local/gcc-g++-gfortran-9.3.0/lib64:/usr/local/nag-7.0/lib/NAG_Fortran
LDFLAGS:  
CXXFLAGS: 
FCFLAGS:  
CFLAGS:   
 
--------------------------------------------------------------
 * Compilers, Linkers, Flags, and Libraries *
Location of the preprocessor:      /usr/local/gcc-g++-gfortran-9.3.0/bin/gcc
Location of the Fortran compiler:  /usr/local/nag-7.0/bin/nagfor
Location of the Fortran linker:    /usr/local/nag-7.0/bin/nagfor
Location of the C++ compiler:      /usr/local/gcc-g++-gfortran-9.3.0/bin/g++
Location of the C++ linker:        /usr/local/gcc-g++-gfortran-9.3.0/bin/g++
Location of the C compiler:        /usr/local/gcc-g++-gfortran-9.3.0/bin/gcc
Location of the C linker:          /usr/local/gcc-g++-gfortran-9.3.0/bin/gcc

Fortran compiler flags:
ESMF_F90COMPILER: nagfor
ESMF_F90COMPILEOPTS: -O0  -pic -DESMF_NAG_UNIX_MODULE -dusty -thread_safe
ESMF_F90COMPILEPATHS: -I/project/esmf/ESMF-Nightly-Testing-Izumi/nag_7.0_mpiuni_O_develop/esmf/mod/modO/Linux.nag.64.mpiuni.default -I/project/esmf/ESMF-Nightly-Testing-Izumi/nag_7.0_mpiuni_O_develop/esmf/src/include -I/usr/local/netcdf-c-4.7.4-f-4.5.2-gcc-g++-9.3.0-nag-7.0/include -I/usr/local/netcdf-c-4.7.4-f-4.5.2-gcc-g++-9.3.0-nag-7.0/include
ESMF_F90COMPILECPPFLAGS: -DESMF_NO_INTEGER_1_BYTE -DESMF_NO_INTEGER_2_BYTE -DESMF_VERSION_STRING_GIT='develop+gf1c7bb6d5f' -DESMF_MPIUNI -I/project/esmf/ESMF-Nightly-Testing-Izumi/nag_7.0_mpiuni_O_develop/esmf/src/Infrastructure/stubs/mpiuni -DESMF_MOAB=1 -DESMF_LAPACK=1 -DESMF_LAPACK_INTERNAL=1 -DESMF_NO_ACC_SOFTWARE_STACK=1 -DESMF_PIO=1 -DESMF_NETCDF=1 -DESMF_YAMLCPP=1 -DESMF_YAML=1 -DESMF_NO_OPENMP -DESMF_NO_OPENACC -DESMF_TESTEXHAUSTIVE -DESMF_BOPT_O -DESMF_TESTPERFORMANCE -DESMF_TESTCOMPTUNNEL -DESMF_TESTWITHTHREADS -DS64=1 -DESMF_OS_Linux=1 -DESMF_COMM=mpiuni -DESMF_DIR=/project/esmf/ESMF-Nightly-Testing-Izumi/nag_7.0_mpiuni_O_develop/esmf
ESMF_F90COMPILEFREECPP: 
ESMF_F90COMPILEFREENOCPP: -free
ESMF_F90COMPILEFIXCPP: -fixed -fpp
ESMF_F90COMPILEFIXNOCPP: 

Fortran linker flags:
ESMF_F90LINKOPTS:   -thread_safe -Wl,-Wl,,--no-as-needed
ESMF_F90LINKPATHS: -L/project/esmf/ESMF-Nightly-Testing-Izumi/nag_7.0_mpiuni_O_develop/esmf/lib/libO/Linux.nag.64.mpiuni.default -L/usr/local/netcdf-c-4.7.4-f-4.5.2-gcc-g++-9.3.0-nag-7.0/lib -L/usr/local/netcdf-c-4.7.4-f-4.5.2-gcc-g++-9.3.0-nag-7.0/lib -L/usr/local/gcc-g++-gfortran-9.3.0/lib -L/usr/local/hdf5-1.12.0-gcc-g++-gfortran-9.3.0/lib -L/usr/local/netcdf-c-4.7.4-f-4.5.2-gcc-g++-9.3.0-nag-7.0/lib -L/usr/local/gcc-g++-gfortran-9.3.0/lib/gcc/x86_64-pc-linux-gnu/9.3.0/../../../../lib64/
ESMF_F90LINKRPATHS: -Wl,-Wl,,-rpath,,/project/esmf/ESMF-Nightly-Testing-Izumi/nag_7.0_mpiuni_O_develop/esmf/lib/libO/Linux.nag.64.mpiuni.default  -Wl,-Wl,,-rpath,,/usr/local/netcdf-c-4.7.4-f-4.5.2-gcc-g++-9.3.0-nag-7.0/lib -Wl,-Wl,,-rpath,,/usr/local/netcdf-c-4.7.4-f-4.5.2-gcc-g++-9.3.0-nag-7.0/lib -Wl,-Wl,,-rpath,,/usr/local/gcc-g++-gfortran-9.3.0/lib -Wl,-Wl,,-rpath,,/usr/local/hdf5-1.12.0-gcc-g++-gfortran-9.3.0/lib -Wl,-Wl,,-rpath,,/usr/local/netcdf-c-4.7.4-f-4.5.2-gcc-g++-9.3.0-nag-7.0/lib -Wl,-Wl,,-rpath,,/usr/local/gcc-g++-gfortran-9.3.0/lib/gcc/x86_64-pc-linux-gnu/9.3.0/../../../../lib64/
ESMF_F90LINKLIBS: -lpioc -lnetcdf /usr/local/netcdf-c-4.7.4-f-4.5.2-gcc-g++-9.3.0-nag-7.0/lib/libnetcdff.a -lrt -lstdc++ -ldl
ESMF_F90ESMFLINKLIBS: -lesmf -lpioc -lnetcdf /usr/local/netcdf-c-4.7.4-f-4.5.2-gcc-g++-9.3.0-nag-7.0/lib/libnetcdff.a -lrt -lstdc++ -ldl

C++ compiler flags:
ESMF_CXXCOMPILER: g++
ESMF_CXXCOMPILEOPTS: -std=c++11 -O0 -DNDEBUG  -fPIC -pthread
ESMF_CXXCOMPILEPATHS:  -I/project/esmf/ESMF-Nightly-Testing-Izumi/nag_7.0_mpiuni_O_develop/esmf/src/include  -I/usr/local/netcdf-c-4.7.4-f-4.5.2-gcc-g++-9.3.0-nag-7.0/include -I/project/esmf/ESMF-Nightly-Testing-Izumi/nag_7.0_mpiuni_O_develop/esmf/src/prologue/yaml-cpp/include
ESMF_CXXCOMPILECPPFLAGS: -DESMF_NO_INTEGER_1_BYTE -DESMF_NO_INTEGER_2_BYTE -DESMF_VERSION_STRING_GIT='develop+gf1c7bb6d5f' -DESMF_MPIUNI -I/project/esmf/ESMF-Nightly-Testing-Izumi/nag_7.0_mpiuni_O_develop/esmf/src/Infrastructure/stubs/mpiuni -DESMF_MOAB=1 -DESMF_LAPACK=1 -DESMF_LAPACK_INTERNAL=1 -DESMF_NO_ACC_SOFTWARE_STACK=1 -DESMF_PIO=1 -DESMF_NETCDF=1 -DESMF_YAMLCPP=1 -DESMF_YAML=1 -DESMF_NO_OPENMP -DESMF_NO_OPENACC -DESMF_TESTEXHAUSTIVE -DESMF_BOPT_O -DESMF_TESTPERFORMANCE -DESMF_TESTCOMPTUNNEL -DESMF_TESTWITHTHREADS -DS64=1 -DESMF_OS_Linux=1 -DESMF_COMM=mpiuni -DESMF_DIR=/project/esmf/ESMF-Nightly-Testing-Izumi/nag_7.0_mpiuni_O_develop/esmf -D__SDIR__='' -DESMF_CXXSTD=11

C++ linker flags:
ESMF_CXXLINKOPTS:   -pthread -Wl,--no-as-needed
ESMF_CXXLINKPATHS: -L/project/esmf/ESMF-Nightly-Testing-Izumi/nag_7.0_mpiuni_O_develop/esmf/lib/libO/Linux.nag.64.mpiuni.default -L/usr/local/netcdf-c-4.7.4-f-4.5.2-gcc-g++-9.3.0-nag-7.0/lib -L/usr/local/netcdf-c-4.7.4-f-4.5.2-gcc-g++-9.3.0-nag-7.0/lib -L/usr/local/gcc-g++-gfortran-9.3.0/lib -L/usr/local/hdf5-1.12.0-gcc-g++-gfortran-9.3.0/lib -L/usr/local/netcdf-c-4.7.4-f-4.5.2-gcc-g++-9.3.0-nag-7.0/lib
ESMF_CXXLINKRPATHS: -Wl,-rpath,/project/esmf/ESMF-Nightly-Testing-Izumi/nag_7.0_mpiuni_O_develop/esmf/lib/libO/Linux.nag.64.mpiuni.default  -Wl,-rpath,/usr/local/netcdf-c-4.7.4-f-4.5.2-gcc-g++-9.3.0-nag-7.0/lib -Wl,-rpath,/usr/local/netcdf-c-4.7.4-f-4.5.2-gcc-g++-9.3.0-nag-7.0/lib -Wl,-rpath,/usr/local/gcc-g++-gfortran-9.3.0/lib -Wl,-rpath,/usr/local/hdf5-1.12.0-gcc-g++-gfortran-9.3.0/lib -Wl,-rpath,/usr/local/netcdf-c-4.7.4-f-4.5.2-gcc-g++-9.3.0-nag-7.0/lib
ESMF_CXXLINKLIBS: -lpioc -lnetcdf /usr/local/netcdf-c-4.7.4-f-4.5.2-gcc-g++-9.3.0-nag-7.0/lib/libnetcdff.a -lrt -ldl -m64 /usr/local/nag-7.0/lib/NAG_Fortran/quickfit.o -Wl,-rpath,/usr/local/nag-7.0/lib/NAG_Fortran /usr/local/nag-7.0/lib/NAG_Fortran/libf70rts.so /usr/local/nag-7.0/lib/NAG_Fortran/libf70rts.a -lm -lpthread
ESMF_CXXESMFLINKLIBS: -lesmf -lpioc -lnetcdf /usr/local/netcdf-c-4.7.4-f-4.5.2-gcc-g++-9.3.0-nag-7.0/lib/libnetcdff.a -lrt -ldl -m64 /usr/local/nag-7.0/lib/NAG_Fortran/quickfit.o -Wl,-rpath,/usr/local/nag-7.0/lib/NAG_Fortran /usr/local/nag-7.0/lib/NAG_Fortran/libf70rts.so /usr/local/nag-7.0/lib/NAG_Fortran/libf70rts.a -lm -lpthread

C compiler flags:
ESMF_CCOMPILER: gcc
ESMF_CCOMPILEOPTS: -std=c99 -O0 -DNDEBUG  -fPIC
ESMF_CCOMPILEPATHS:  -I/project/esmf/ESMF-Nightly-Testing-Izumi/nag_7.0_mpiuni_O_develop/esmf/src/include  
ESMF_CCOMPILECPPFLAGS: -DESMF_NO_INTEGER_1_BYTE -DESMF_NO_INTEGER_2_BYTE -DESMF_VERSION_STRING_GIT='develop+gf1c7bb6d5f' -DESMF_MPIUNI -I/project/esmf/ESMF-Nightly-Testing-Izumi/nag_7.0_mpiuni_O_develop/esmf/src/Infrastructure/stubs/mpiuni -DESMF_MOAB=1 -DESMF_LAPACK=1 -DESMF_LAPACK_INTERNAL=1 -DESMF_NO_ACC_SOFTWARE_STACK=1 -DESMF_PIO=1 -DESMF_NETCDF=1 -DESMF_YAMLCPP=1 -DESMF_YAML=1 -DESMF_NO_OPENMP -DESMF_NO_OPENACC -DESMF_TESTEXHAUSTIVE -DESMF_BOPT_O -DESMF_TESTPERFORMANCE -DESMF_TESTCOMPTUNNEL -DESMF_TESTWITHTHREADS -DS64=1 -DESMF_OS_Linux=1 -DESMF_COMM=mpiuni -DESMF_DIR=/project/esmf/ESMF-Nightly-Testing-Izumi/nag_7.0_mpiuni_O_develop/esmf -D__SDIR__='' -DESMF_CSTD=99

C linker flags:
ESMF_CLINKOPTS:  
ESMF_CLINKPATHS: -L/project/esmf/ESMF-Nightly-Testing-Izumi/nag_7.0_mpiuni_O_develop/esmf/lib/libO/Linux.nag.64.mpiuni.default -L/usr/local/netcdf-c-4.7.4-f-4.5.2-gcc-g++-9.3.0-nag-7.0/lib -L/usr/local/netcdf-c-4.7.4-f-4.5.2-gcc-g++-9.3.0-nag-7.0/lib -L/usr/local/gcc-g++-gfortran-9.3.0/lib -L/usr/local/hdf5-1.12.0-gcc-g++-gfortran-9.3.0/lib -L/usr/local/netcdf-c-4.7.4-f-4.5.2-gcc-g++-9.3.0-nag-7.0/lib -L/project/esmf/ESMF-Nightly-Testing-Izumi/nag_7.0_mpiuni_O_develop/esmf/lib/libO/Linux.nag.64.mpiuni.default -L/usr/local/netcdf-c-4.7.4-f-4.5.2-gcc-g++-9.3.0-nag-7.0/lib -L/usr/local/netcdf-c-4.7.4-f-4.5.2-gcc-g++-9.3.0-nag-7.0/lib -L/usr/local/gcc-g++-gfortran-9.3.0/lib -L/usr/local/hdf5-1.12.0-gcc-g++-gfortran-9.3.0/lib -L/usr/local/netcdf-c-4.7.4-f-4.5.2-gcc-g++-9.3.0-nag-7.0/lib -L/usr/local/gcc-g++-gfortran-9.3.0/lib/gcc/x86_64-pc-linux-gnu/9.3.0/../../../../lib64/
ESMF_CLINKRPATHS: -Wl,-rpath,/project/esmf/ESMF-Nightly-Testing-Izumi/nag_7.0_mpiuni_O_develop/esmf/lib/libO/Linux.nag.64.mpiuni.default -Wl,-rpath,/usr/local/netcdf-c-4.7.4-f-4.5.2-gcc-g++-9.3.0-nag-7.0/lib -Wl,-rpath,/usr/local/netcdf-c-4.7.4-f-4.5.2-gcc-g++-9.3.0-nag-7.0/lib -Wl,-rpath,/usr/local/gcc-g++-gfortran-9.3.0/lib -Wl,-rpath,/usr/local/hdf5-1.12.0-gcc-g++-gfortran-9.3.0/lib -Wl,-rpath,/usr/local/netcdf-c-4.7.4-f-4.5.2-gcc-g++-9.3.0-nag-7.0/lib -Wl,-rpath,/project/esmf/ESMF-Nightly-Testing-Izumi/nag_7.0_mpiuni_O_develop/esmf/lib/libO/Linux.nag.64.mpiuni.default -Wl,-rpath,/usr/local/netcdf-c-4.7.4-f-4.5.2-gcc-g++-9.3.0-nag-7.0/lib -Wl,-rpath,/usr/local/netcdf-c-4.7.4-f-4.5.2-gcc-g++-9.3.0-nag-7.0/lib -Wl,-rpath,/usr/local/gcc-g++-gfortran-9.3.0/lib -Wl,-rpath,/usr/local/hdf5-1.12.0-gcc-g++-gfortran-9.3.0/lib -Wl,-rpath,/usr/local/netcdf-c-4.7.4-f-4.5.2-gcc-g++-9.3.0-nag-7.0/lib -Wl,-rpath,/usr/local/gcc-g++-gfortran-9.3.0/lib/gcc/x86_64-pc-linux-gnu/9.3.0/../../../../lib64/
ESMF_CLINKLIBS: -lpioc -lnetcdf /usr/local/netcdf-c-4.7.4-f-4.5.2-gcc-g++-9.3.0-nag-7.0/lib/libnetcdff.a -lrt -ldl -m64 /usr/local/nag-7.0/lib/NAG_Fortran/quickfit.o -Wl,-rpath,/usr/local/nag-7.0/lib/NAG_Fortran /usr/local/nag-7.0/lib/NAG_Fortran/libf70rts.so /usr/local/nag-7.0/lib/NAG_Fortran/libf70rts.a -lm -lpthread -lpioc -lnetcdf /usr/local/netcdf-c-4.7.4-f-4.5.2-gcc-g++-9.3.0-nag-7.0/lib/libnetcdff.a -lrt -lstdc++ -ldl
ESMF_CESMFLINKLIBS: -lesmf -lpioc -lnetcdf /usr/local/netcdf-c-4.7.4-f-4.5.2-gcc-g++-9.3.0-nag-7.0/lib/libnetcdff.a -lrt -ldl -m64 /usr/local/nag-7.0/lib/NAG_Fortran/quickfit.o -Wl,-rpath,/usr/local/nag-7.0/lib/NAG_Fortran /usr/local/nag-7.0/lib/NAG_Fortran/libf70rts.so /usr/local/nag-7.0/lib/NAG_Fortran/libf70rts.a -lm -lpthread -lpioc -lnetcdf /usr/local/netcdf-c-4.7.4-f-4.5.2-gcc-g++-9.3.0-nag-7.0/lib/libnetcdff.a -lrt -lstdc++ -ldl

Shared library build:
ESMF_SL_LIBS_TO_MAKE: libesmf
ESMF_SL_SUFFIX:       so
ESMF_SL_LIBLINKER:    g++
ESMF_SL_LIBOPTS:       -shared
ESMF_SL_LIBLIBS:      

ESMF Tracing linker options:
ESMF_TRACE_LDPRELOAD=/project/esmf/ESMF-Nightly-Testing-Izumi/nag_7.0_mpiuni_O_develop/esmf/lib/libO/Linux.nag.64.mpiuni.default/libesmftrace_preload.so
ESMF_TRACE_STATICLINKOPTS=-static -Wl,--wrap=c_esmftrace_notify_wrappers -Wl,--wrap=c_esmftrace_isinitialized -Wl,--wrap=write -Wl,--wrap=writev -Wl,--wrap=pwrite -Wl,--wrap=read -Wl,--wrap=open -Wl,--wrap=MPI_Allgather -Wl,--wrap=MPI_Allgatherv -Wl,--wrap=MPI_Allreduce -Wl,--wrap=MPI_Alltoall -Wl,--wrap=MPI_Alltoallv -Wl,--wrap=MPI_Alltoallw -Wl,--wrap=MPI_Barrier -Wl,--wrap=MPI_Bcast -Wl,--wrap=MPI_Bsend -Wl,--wrap=MPI_Gather -Wl,--wrap=MPI_Gatherv -Wl,--wrap=MPI_Iprobe -Wl,--wrap=MPI_Irecv -Wl,--wrap=MPI_Irsend -Wl,--wrap=MPI_Isend -Wl,--wrap=MPI_Issend -Wl,--wrap=MPI_Probe -Wl,--wrap=MPI_Recv -Wl,--wrap=MPI_Reduce -Wl,--wrap=MPI_Rsend -Wl,--wrap=MPI_Scan -Wl,--wrap=MPI_Scatter -Wl,--wrap=MPI_Scatterv -Wl,--wrap=MPI_Send -Wl,--wrap=MPI_Sendrecv -Wl,--wrap=MPI_Test -Wl,--wrap=MPI_Testall -Wl,--wrap=MPI_Testany -Wl,--wrap=MPI_Testsome -Wl,--wrap=MPI_Wait -Wl,--wrap=MPI_Waitall -Wl,--wrap=MPI_Waitany -Wl,--wrap=MPI_Waitsome -Wl,--wrap=mpi_allgather_ -Wl,--wrap=mpi_allgather__ -Wl,--wrap=mpi_allgatherv_ -Wl,--wrap=mpi_allgatherv__ -Wl,--wrap=mpi_allreduce_ -Wl,--wrap=mpi_allreduce__ -Wl,--wrap=mpi_alltoall_ -Wl,--wrap=mpi_alltoall__ -Wl,--wrap=mpi_alltoallv_ -Wl,--wrap=mpi_alltoallv__ -Wl,--wrap=mpi_alltoallw_ -Wl,--wrap=mpi_alltoallw__ -Wl,--wrap=mpi_barrier_ -Wl,--wrap=mpi_barrier__ -Wl,--wrap=mpi_bcast_ -Wl,--wrap=mpi_bcast__ -Wl,--wrap=mpi_bsend_ -Wl,--wrap=mpi_bsend__ -Wl,--wrap=mpi_exscan_ -Wl,--wrap=mpi_exscan__ -Wl,--wrap=mpi_gather_ -Wl,--wrap=mpi_gather__ -Wl,--wrap=mpi_gatherv_ -Wl,--wrap=mpi_gatherv__ -Wl,--wrap=mpi_iprobe_ -Wl,--wrap=mpi_iprobe__ -Wl,--wrap=mpi_irecv_ -Wl,--wrap=mpi_irecv__ -Wl,--wrap=mpi_irsend_ -Wl,--wrap=mpi_irsend__ -Wl,--wrap=mpi_isend_ -Wl,--wrap=mpi_isend__ -Wl,--wrap=mpi_issend_ -Wl,--wrap=mpi_issend__ -Wl,--wrap=mpi_probe_ -Wl,--wrap=mpi_probe__ -Wl,--wrap=mpi_recv_ -Wl,--wrap=mpi_recv__ -Wl,--wrap=mpi_reduce_ -Wl,--wrap=mpi_reduce__ -Wl,--wrap=mpi_reduce_scatter_ -Wl,--wrap=mpi_reduce_scatter__ -Wl,--wrap=mpi_rsend_ -Wl,--wrap=mpi_rsend__ -Wl,--wrap=mpi_scatter_ -Wl,--wrap=mpi_scatter__ -Wl,--wrap=mpi_scatterv_ -Wl,--wrap=mpi_scatterv__ -Wl,--wrap=mpi_scan_ -Wl,--wrap=mpi_scan__ -Wl,--wrap=mpi_send_ -Wl,--wrap=mpi_send__ -Wl,--wrap=mpi_sendrecv_ -Wl,--wrap=mpi_sendrecv__ -Wl,--wrap=mpi_test_ -Wl,--wrap=mpi_test__ -Wl,--wrap=mpi_testall_ -Wl,--wrap=mpi_testall__ -Wl,--wrap=mpi_testany_ -Wl,--wrap=mpi_testany__ -Wl,--wrap=mpi_testsome_ -Wl,--wrap=mpi_testsome__ -Wl,--wrap=mpi_wait_ -Wl,--wrap=mpi_wait__ -Wl,--wrap=mpi_waitall_ -Wl,--wrap=mpi_waitall__ -Wl,--wrap=mpi_waitany_ -Wl,--wrap=mpi_waitany__
ESMF_TRACE_STATICLINKLIBS=-lesmftrace_static
ESMF_TRACE_DYNAMICLINKLIBS=-lesmftrace_preload
ESMF_F90ESMFPRELOADLINKLIBS=-lesmf -lesmftrace_preload -lpioc -lnetcdf /usr/local/netcdf-c-4.7.4-f-4.5.2-gcc-g++-9.3.0-nag-7.0/lib/libnetcdff.a -lrt -lstdc++ -ldl


--------------------------------------------------------------
Compiling on Thu Jul 16 01:18:15 MDT 2026 on i024.cgd.ucar.edu
Machine characteristics: Linux i024.cgd.ucar.edu 4.18.0-553.139.1.el8_10.x86_64 #1 SMP Tue Jun 30 18:41:23 EDT 2026 x86_64 x86_64 x86_64 GNU/Linux
==============================================================
 
