2026-06-26 03:50:22
20260626 042929.995 INFO             PET0 !!!!!!!!!!!!!!!!!!!!!!!!!!!!!!!!!!!!!!!!!!!!!!!!!!!!!!
20260626 042929.995 INFO             PET0 !!! THE ESMF_LOG IS SET TO OUTPUT ALL LOG MESSAGES !!!
20260626 042929.995 INFO             PET0 !!!     THIS MAY CAUSE SLOWDOWN IN PERFORMANCE     !!!
20260626 042929.995 INFO             PET0 !!! FOR PRODUCTION RUNS, USE:                      !!!
20260626 042929.995 INFO             PET0 !!!                   ESMF_LOGKIND_Multi_On_Error  !!!
20260626 042929.995 INFO             PET0 !!!!!!!!!!!!!!!!!!!!!!!!!!!!!!!!!!!!!!!!!!!!!!!!!!!!!!
20260626 042929.995 INFO             PET0 Running with ESMF Version   : develop+g8b88b841bc
20260626 042929.995 INFO             PET0 ESMF library build date/time: "Jun 26 2026" "03:48:29"
20260626 042929.995 INFO             PET0 ESMF library build location : /tmp/cce_20.0.2_mpiuni_g_develop/esmf
20260626 042929.995 INFO             PET0 ESMF_COMM                   : mpiuni
20260626 042929.995 INFO             PET0 ESMF_MOAB                   : enabled
20260626 042929.995 INFO             PET0 ESMF_LAPACK                 : enabled
20260626 042929.995 INFO             PET0 ESMF_NETCDF                 : enabled
20260626 042929.995 INFO             PET0 ESMF_PNETCDF                : disabled
20260626 042929.995 INFO             PET0 ESMF_PIO                    : enabled
20260626 042929.995 INFO             PET0 ESMF_YAMLCPP                : enabled
20260626 042930.002 INFO             PET0 ESMF_FieldRedistStoreNF(): Just entered routine.
20260626 042930.655 INFO             PET0 ESMF_FieldRedistStoreNF(): Leaving routine.
20260626 042930.660 INFO             PET0  NUMBER_OF_PROCESSORS 1
20260626 042930.660 INFO             PET0  PASS  Example ESMF_RHandleFromFileEx, ESMF_RHandleFromFileEx.F90, line 192
20260626 042930.660 INFO             PET0  Finalizing ESMF
