2026-06-20 03:52:08
20260620 043017.417 INFO             PET0 !!!!!!!!!!!!!!!!!!!!!!!!!!!!!!!!!!!!!!!!!!!!!!!!!!!!!!
20260620 043017.417 INFO             PET0 !!! THE ESMF_LOG IS SET TO OUTPUT ALL LOG MESSAGES !!!
20260620 043017.417 INFO             PET0 !!!     THIS MAY CAUSE SLOWDOWN IN PERFORMANCE     !!!
20260620 043017.417 INFO             PET0 !!! FOR PRODUCTION RUNS, USE:                      !!!
20260620 043017.417 INFO             PET0 !!!                   ESMF_LOGKIND_Multi_On_Error  !!!
20260620 043017.417 INFO             PET0 !!!!!!!!!!!!!!!!!!!!!!!!!!!!!!!!!!!!!!!!!!!!!!!!!!!!!!
20260620 043017.417 INFO             PET0 Running with ESMF Version   : develop+gb44f36ed28
20260620 043017.417 INFO             PET0 ESMF library build date/time: "Jun 20 2026" "03:50:15"
20260620 043017.417 INFO             PET0 ESMF library build location : /tmp/cce_20.0.2_mpiuni_g_develop/esmf
20260620 043017.417 INFO             PET0 ESMF_COMM                   : mpiuni
20260620 043017.417 INFO             PET0 ESMF_MOAB                   : enabled
20260620 043017.417 INFO             PET0 ESMF_LAPACK                 : enabled
20260620 043017.417 INFO             PET0 ESMF_NETCDF                 : enabled
20260620 043017.417 INFO             PET0 ESMF_PNETCDF                : disabled
20260620 043017.417 INFO             PET0 ESMF_PIO                    : enabled
20260620 043017.417 INFO             PET0 ESMF_YAMLCPP                : enabled
20260620 043017.418 INFO             PET0  NUMBER_OF_PROCESSORS 1
20260620 043017.418 INFO             PET0  PASS  Example ESMF_VMGetMPICommunicatorEx, ESMF_VMGetMPICommunicatorEx.F90, line 94
20260620 043017.418 INFO             PET0  Finalizing ESMF
