2026-07-23 07:14:48
20260723 072958.766 INFO             PET0 !!!!!!!!!!!!!!!!!!!!!!!!!!!!!!!!!!!!!!!!!!!!!!!!!!!!!!
20260723 072958.767 INFO             PET0 !!! THE ESMF_LOG IS SET TO OUTPUT ALL LOG MESSAGES !!!
20260723 072958.767 INFO             PET0 !!!     THIS MAY CAUSE SLOWDOWN IN PERFORMANCE     !!!
20260723 072958.767 INFO             PET0 !!! FOR PRODUCTION RUNS, USE:                      !!!
20260723 072958.767 INFO             PET0 !!!                   ESMF_LOGKIND_Multi_On_Error  !!!
20260723 072958.767 INFO             PET0 !!!!!!!!!!!!!!!!!!!!!!!!!!!!!!!!!!!!!!!!!!!!!!!!!!!!!!
20260723 072958.767 INFO             PET0 Running with ESMF Version   : develop+g5ee87db4bf
20260723 072958.767 INFO             PET0 ESMF library build date/time: "Jul 23 2026" "07:13:41"
20260723 072958.767 INFO             PET0 ESMF library build location : /usr/local/esmf/esmf-testing/gfortran_14.2.0_mpiuni_O_develop/esmf
20260723 072958.767 INFO             PET0 ESMF_COMM                   : mpiuni
20260723 072958.767 INFO             PET0 ESMF_MOAB                   : enabled
20260723 072958.767 INFO             PET0 ESMF_LAPACK                 : enabled
20260723 072958.767 INFO             PET0 ESMF_NETCDF                 : enabled
20260723 072958.767 INFO             PET0 ESMF_PNETCDF                : disabled
20260723 072958.767 INFO             PET0 ESMF_PIO                    : enabled
20260723 072958.767 INFO             PET0 ESMF_YAMLCPP                : enabled
20260723 072958.768 INFO             PET0  NUMBER_OF_PROCESSORS           1
20260723 072958.768 INFO             PET0  PASS  Example ESMF_GCompEx, ESMF_GCompEx.F90, line 465
20260723 072958.768 INFO             PET0  Finalizing ESMF
