2026-07-28 01:30:26
20260728 022053.066 INFO             PET0 !!!!!!!!!!!!!!!!!!!!!!!!!!!!!!!!!!!!!!!!!!!!!!!!!!!!!!
20260728 022053.066 INFO             PET0 !!! THE ESMF_LOG IS SET TO OUTPUT ALL LOG MESSAGES !!!
20260728 022053.066 INFO             PET0 !!!     THIS MAY CAUSE SLOWDOWN IN PERFORMANCE     !!!
20260728 022053.066 INFO             PET0 !!! FOR PRODUCTION RUNS, USE:                      !!!
20260728 022053.066 INFO             PET0 !!!                   ESMF_LOGKIND_Multi_On_Error  !!!
20260728 022053.066 INFO             PET0 !!!!!!!!!!!!!!!!!!!!!!!!!!!!!!!!!!!!!!!!!!!!!!!!!!!!!!
20260728 022053.066 INFO             PET0 Running with ESMF Version   : develop+g6f2cfc7ce0
20260728 022053.066 INFO             PET0 ESMF library build date/time: "Jul 28 2026" "01:27:22"
20260728 022053.066 INFO             PET0 ESMF library build location : /project/esmf/ESMF-Nightly-Testing-Bighorn/gfortran_8.2.0_mpiuni_g_develop/esmf
20260728 022053.066 INFO             PET0 ESMF_COMM                   : mpiuni
20260728 022053.066 INFO             PET0 ESMF_MOAB                   : enabled
20260728 022053.066 INFO             PET0 ESMF_LAPACK                 : enabled
20260728 022053.066 INFO             PET0 ESMF_NETCDF                 : enabled
20260728 022053.066 INFO             PET0 ESMF_PNETCDF                : disabled
20260728 022053.066 INFO             PET0 ESMF_PIO                    : enabled
20260728 022053.067 INFO             PET0 ESMF_YAMLCPP                : enabled
20260728 022053.067 INFO             PET0 ESMF Tracing Enabled
20260728 022053.067 INFO             PET0 ESMF Profiling Enabled
20260728 022053.067 INFO             PET0 ESMF Trace/Profile clock: REALTIME
20260728 022053.087 INFO             PET0  NUMBER_OF_PROCESSORS           1
20260728 022053.087 INFO             PET0  PASS  Example ESMF_TraceEx, ESMF_TraceEx.F90, line 178
20260728 022053.087 INFO             PET0  Finalizing ESMF
20260728 022053.087 INFO             PET0 **************** Region Timings *******************
20260728 022053.087 INFO             PET0 Region              Count  Total (s)   Self (s)    Mean (s)    Min (s)     Max (s)
20260728 022053.088 INFO             PET0   [ESMF]            1      0.0069      0.0067      0.0069      0.0069      0.0069
20260728 022053.088 INFO             PET0     [test] Init 1   1      0.0001      0.0001      0.0001      0.0001      0.0001
20260728 022053.088 INFO             PET0     [test] Run 1    5      0.0000      0.0000      0.0000      0.0000      0.0000
20260728 022053.088 INFO             PET0     [test] Final 1  1      0.0000      0.0000      0.0000      0.0000      0.0000
