2026-08-09 03:10:28
20260809 051546.424 INFO             PET0 !!!!!!!!!!!!!!!!!!!!!!!!!!!!!!!!!!!!!!!!!!!!!!!!!!!!!!
20260809 051546.424 INFO             PET0 !!! THE ESMF_LOG IS SET TO OUTPUT ALL LOG MESSAGES !!!
20260809 051546.424 INFO             PET0 !!!     THIS MAY CAUSE SLOWDOWN IN PERFORMANCE     !!!
20260809 051546.424 INFO             PET0 !!! FOR PRODUCTION RUNS, USE:                      !!!
20260809 051546.424 INFO             PET0 !!!                   ESMF_LOGKIND_Multi_On_Error  !!!
20260809 051546.424 INFO             PET0 !!!!!!!!!!!!!!!!!!!!!!!!!!!!!!!!!!!!!!!!!!!!!!!!!!!!!!
20260809 051546.424 INFO             PET0 Running with ESMF Version   : develop+g17f2be238d
20260809 051546.424 INFO             PET0 ESMF library build date/time: "Aug  9 2026" "03:04:17"
20260809 051546.424 INFO             PET0 ESMF library build location : /project/esmf/ESMF-Nightly-Testing-Bighorn/gfortran_8.2.0_mpiuni_g_develop/esmf
20260809 051546.424 INFO             PET0 ESMF_COMM                   : mpiuni
20260809 051546.424 INFO             PET0 ESMF_MOAB                   : enabled
20260809 051546.424 INFO             PET0 ESMF_LAPACK                 : enabled
20260809 051546.424 INFO             PET0 ESMF_NETCDF                 : enabled
20260809 051546.424 INFO             PET0 ESMF_PNETCDF                : disabled
20260809 051546.424 INFO             PET0 ESMF_PIO                    : enabled
20260809 051546.424 INFO             PET0 ESMF_YAMLCPP                : enabled
20260809 051546.436 INFO             PET0  NUMBER_OF_PROCESSORS           1
20260809 051546.436 INFO             PET0  PASS  Example ESMF_AppMainEx, ESMF_AppMainEx.F90, line 486
20260809 051546.436 INFO             PET0  Finalizing ESMF
