2026-08-23 01:18:18
20260823 020304.642 INFO             PET0 !!!!!!!!!!!!!!!!!!!!!!!!!!!!!!!!!!!!!!!!!!!!!!!!!!!!!!
20260823 020304.642 INFO             PET0 !!! THE ESMF_LOG IS SET TO OUTPUT ALL LOG MESSAGES !!!
20260823 020304.642 INFO             PET0 !!!     THIS MAY CAUSE SLOWDOWN IN PERFORMANCE     !!!
20260823 020304.642 INFO             PET0 !!! FOR PRODUCTION RUNS, USE:                      !!!
20260823 020304.642 INFO             PET0 !!!                   ESMF_LOGKIND_Multi_On_Error  !!!
20260823 020304.642 INFO             PET0 !!!!!!!!!!!!!!!!!!!!!!!!!!!!!!!!!!!!!!!!!!!!!!!!!!!!!!
20260823 020304.642 INFO             PET0 Running with ESMF Version   : develop+gd8cb7c6c83
20260823 020304.642 INFO             PET0 ESMF library build date/time: "Aug 23 2026" "01:15:43"
20260823 020304.642 INFO             PET0 ESMF library build location : /project/esmf/ESMF-Nightly-Testing-Bighorn/gfortran_8.2.0_mpiuni_g_develop/esmf
20260823 020304.642 INFO             PET0 ESMF_COMM                   : mpiuni
20260823 020304.642 INFO             PET0 ESMF_MOAB                   : enabled
20260823 020304.642 INFO             PET0 ESMF_LAPACK                 : enabled
20260823 020304.642 INFO             PET0 ESMF_NETCDF                 : enabled
20260823 020304.642 INFO             PET0 ESMF_PNETCDF                : disabled
20260823 020304.642 INFO             PET0 ESMF_PIO                    : enabled
20260823 020304.642 INFO             PET0 ESMF_YAMLCPP                : enabled
20260823 020304.646 INFO             PET0  NUMBER_OF_PROCESSORS           1
20260823 020304.646 INFO             PET0  PASS  Example ESMF_CplEx, ESMF_CplEx.F90, line 457
20260823 020304.646 INFO             PET0  Finalizing ESMF
