2026-07-09 03:21:41
20260709 042413.277 INFO             PET0 !!!!!!!!!!!!!!!!!!!!!!!!!!!!!!!!!!!!!!!!!!!!!!!!!!!!!!
20260709 042413.277 INFO             PET0 !!! THE ESMF_LOG IS SET TO OUTPUT ALL LOG MESSAGES !!!
20260709 042413.277 INFO             PET0 !!!     THIS MAY CAUSE SLOWDOWN IN PERFORMANCE     !!!
20260709 042413.277 INFO             PET0 !!! FOR PRODUCTION RUNS, USE:                      !!!
20260709 042413.277 INFO             PET0 !!!                   ESMF_LOGKIND_Multi_On_Error  !!!
20260709 042413.277 INFO             PET0 !!!!!!!!!!!!!!!!!!!!!!!!!!!!!!!!!!!!!!!!!!!!!!!!!!!!!!
20260709 042413.277 INFO             PET0 Running with ESMF Version   : feature/refresh-bmauer-c_dynmask_interface+g70628eccd4
20260709 042413.277 INFO             PET0 ESMF library build date/time: "Jul  9 2026" "03:18:15"
20260709 042413.277 INFO             PET0 ESMF library build location : /glade/derecho/scratch/sacks/esmf-testing/nvhpc_26.1_mpi_g_feature_refresh-bmauer-c_dynmask_interface/esmf
20260709 042413.277 INFO             PET0 ESMF_COMM                   : mpi
20260709 042413.278 INFO             PET0 ESMF_MOAB                   : enabled
20260709 042413.278 INFO             PET0 ESMF_LAPACK                 : enabled
20260709 042413.278 INFO             PET0 ESMF_NETCDF                 : enabled
20260709 042413.278 INFO             PET0 ESMF_PNETCDF                : disabled
20260709 042413.278 INFO             PET0 ESMF_PIO                    : enabled
20260709 042413.278 INFO             PET0 ESMF_YAMLCPP                : enabled
20260709 042413.280 INFO             PET0 =============================================
20260709 042413.280 INFO             PET0 ESMX (Earth System Model eXecutable) STARTING
20260709 042413.280 INFO             PET0 =============================================
20260709 042413.286 DEBUG            PET0 Generic SetVM() is executing for: ESMX_Driver
20260709 042413.287 DEBUG            PET0 Generic SetVM() found no NUOPC Hint for: ESMX_Driver
20260709 042413.287 DEBUG            PET0 Generic SetVM() therefore is NOT calling ESMF_GridCompSetVMMaxPEs() for: ESMX_Driver
20260709 042413.296 INFO             PET0 =============================================
20260709 042413.296 INFO             PET0 ESMX (Earth System Model eXecutable) FINISHED
20260709 042413.296 INFO             PET0 =============================================
20260709 042413.296 INFO             PET0  Finalizing ESMF
20260709 042413.277 INFO             PET1 !!!!!!!!!!!!!!!!!!!!!!!!!!!!!!!!!!!!!!!!!!!!!!!!!!!!!!
20260709 042413.277 INFO             PET1 !!! THE ESMF_LOG IS SET TO OUTPUT ALL LOG MESSAGES !!!
20260709 042413.277 INFO             PET1 !!!     THIS MAY CAUSE SLOWDOWN IN PERFORMANCE     !!!
20260709 042413.277 INFO             PET1 !!! FOR PRODUCTION RUNS, USE:                      !!!
20260709 042413.277 INFO             PET1 !!!                   ESMF_LOGKIND_Multi_On_Error  !!!
20260709 042413.277 INFO             PET1 !!!!!!!!!!!!!!!!!!!!!!!!!!!!!!!!!!!!!!!!!!!!!!!!!!!!!!
20260709 042413.277 INFO             PET1 Running with ESMF Version   : feature/refresh-bmauer-c_dynmask_interface+g70628eccd4
20260709 042413.277 INFO             PET1 ESMF library build date/time: "Jul  9 2026" "03:18:15"
20260709 042413.277 INFO             PET1 ESMF library build location : /glade/derecho/scratch/sacks/esmf-testing/nvhpc_26.1_mpi_g_feature_refresh-bmauer-c_dynmask_interface/esmf
20260709 042413.277 INFO             PET1 ESMF_COMM                   : mpi
20260709 042413.277 INFO             PET1 ESMF_MOAB                   : enabled
20260709 042413.277 INFO             PET1 ESMF_LAPACK                 : enabled
20260709 042413.277 INFO             PET1 ESMF_NETCDF                 : enabled
20260709 042413.277 INFO             PET1 ESMF_PNETCDF                : disabled
20260709 042413.277 INFO             PET1 ESMF_PIO                    : enabled
20260709 042413.277 INFO             PET1 ESMF_YAMLCPP                : enabled
20260709 042413.280 INFO             PET1 =============================================
20260709 042413.280 INFO             PET1 ESMX (Earth System Model eXecutable) STARTING
20260709 042413.280 INFO             PET1 =============================================
20260709 042413.286 DEBUG            PET1 Generic SetVM() is executing for: ESMX_Driver
20260709 042413.287 DEBUG            PET1 Generic SetVM() found no NUOPC Hint for: ESMX_Driver
20260709 042413.287 DEBUG            PET1 Generic SetVM() therefore is NOT calling ESMF_GridCompSetVMMaxPEs() for: ESMX_Driver
20260709 042413.296 INFO             PET1 =============================================
20260709 042413.296 INFO             PET1 ESMX (Earth System Model eXecutable) FINISHED
20260709 042413.296 INFO             PET1 =============================================
20260709 042413.296 INFO             PET1  Finalizing ESMF
20260709 042413.277 INFO             PET2 !!!!!!!!!!!!!!!!!!!!!!!!!!!!!!!!!!!!!!!!!!!!!!!!!!!!!!
20260709 042413.277 INFO             PET2 !!! THE ESMF_LOG IS SET TO OUTPUT ALL LOG MESSAGES !!!
20260709 042413.277 INFO             PET2 !!!     THIS MAY CAUSE SLOWDOWN IN PERFORMANCE     !!!
20260709 042413.277 INFO             PET2 !!! FOR PRODUCTION RUNS, USE:                      !!!
20260709 042413.277 INFO             PET2 !!!                   ESMF_LOGKIND_Multi_On_Error  !!!
20260709 042413.277 INFO             PET2 !!!!!!!!!!!!!!!!!!!!!!!!!!!!!!!!!!!!!!!!!!!!!!!!!!!!!!
20260709 042413.277 INFO             PET2 Running with ESMF Version   : feature/refresh-bmauer-c_dynmask_interface+g70628eccd4
20260709 042413.277 INFO             PET2 ESMF library build date/time: "Jul  9 2026" "03:18:15"
20260709 042413.277 INFO             PET2 ESMF library build location : /glade/derecho/scratch/sacks/esmf-testing/nvhpc_26.1_mpi_g_feature_refresh-bmauer-c_dynmask_interface/esmf
20260709 042413.277 INFO             PET2 ESMF_COMM                   : mpi
20260709 042413.277 INFO             PET2 ESMF_MOAB                   : enabled
20260709 042413.277 INFO             PET2 ESMF_LAPACK                 : enabled
20260709 042413.277 INFO             PET2 ESMF_NETCDF                 : enabled
20260709 042413.277 INFO             PET2 ESMF_PNETCDF                : disabled
20260709 042413.277 INFO             PET2 ESMF_PIO                    : enabled
20260709 042413.277 INFO             PET2 ESMF_YAMLCPP                : enabled
20260709 042413.280 INFO             PET2 =============================================
20260709 042413.280 INFO             PET2 ESMX (Earth System Model eXecutable) STARTING
20260709 042413.280 INFO             PET2 =============================================
20260709 042413.286 DEBUG            PET2 Generic SetVM() is executing for: ESMX_Driver
20260709 042413.287 DEBUG            PET2 Generic SetVM() found no NUOPC Hint for: ESMX_Driver
20260709 042413.287 DEBUG            PET2 Generic SetVM() therefore is NOT calling ESMF_GridCompSetVMMaxPEs() for: ESMX_Driver
20260709 042413.296 INFO             PET2 =============================================
20260709 042413.296 INFO             PET2 ESMX (Earth System Model eXecutable) FINISHED
20260709 042413.296 INFO             PET2 =============================================
20260709 042413.296 INFO             PET2  Finalizing ESMF
20260709 042413.277 INFO             PET3 !!!!!!!!!!!!!!!!!!!!!!!!!!!!!!!!!!!!!!!!!!!!!!!!!!!!!!
20260709 042413.277 INFO             PET3 !!! THE ESMF_LOG IS SET TO OUTPUT ALL LOG MESSAGES !!!
20260709 042413.277 INFO             PET3 !!!     THIS MAY CAUSE SLOWDOWN IN PERFORMANCE     !!!
20260709 042413.277 INFO             PET3 !!! FOR PRODUCTION RUNS, USE:                      !!!
20260709 042413.277 INFO             PET3 !!!                   ESMF_LOGKIND_Multi_On_Error  !!!
20260709 042413.277 INFO             PET3 !!!!!!!!!!!!!!!!!!!!!!!!!!!!!!!!!!!!!!!!!!!!!!!!!!!!!!
20260709 042413.277 INFO             PET3 Running with ESMF Version   : feature/refresh-bmauer-c_dynmask_interface+g70628eccd4
20260709 042413.277 INFO             PET3 ESMF library build date/time: "Jul  9 2026" "03:18:15"
20260709 042413.277 INFO             PET3 ESMF library build location : /glade/derecho/scratch/sacks/esmf-testing/nvhpc_26.1_mpi_g_feature_refresh-bmauer-c_dynmask_interface/esmf
20260709 042413.277 INFO             PET3 ESMF_COMM                   : mpi
20260709 042413.278 INFO             PET3 ESMF_MOAB                   : enabled
20260709 042413.278 INFO             PET3 ESMF_LAPACK                 : enabled
20260709 042413.278 INFO             PET3 ESMF_NETCDF                 : enabled
20260709 042413.278 INFO             PET3 ESMF_PNETCDF                : disabled
20260709 042413.278 INFO             PET3 ESMF_PIO                    : enabled
20260709 042413.278 INFO             PET3 ESMF_YAMLCPP                : enabled
20260709 042413.280 INFO             PET3 =============================================
20260709 042413.280 INFO             PET3 ESMX (Earth System Model eXecutable) STARTING
20260709 042413.280 INFO             PET3 =============================================
20260709 042413.286 DEBUG            PET3 Generic SetVM() is executing for: ESMX_Driver
20260709 042413.287 DEBUG            PET3 Generic SetVM() found no NUOPC Hint for: ESMX_Driver
20260709 042413.287 DEBUG            PET3 Generic SetVM() therefore is NOT calling ESMF_GridCompSetVMMaxPEs() for: ESMX_Driver
20260709 042413.296 INFO             PET3 =============================================
20260709 042413.296 INFO             PET3 ESMX (Earth System Model eXecutable) FINISHED
20260709 042413.296 INFO             PET3 =============================================
20260709 042413.296 INFO             PET3  Finalizing ESMF
