2026-07-23 22:45:51
20260723 233303.941 INFO             PET0 !!!!!!!!!!!!!!!!!!!!!!!!!!!!!!!!!!!!!!!!!!!!!!!!!!!!!!
20260723 233303.941 INFO             PET0 !!! THE ESMF_LOG IS SET TO OUTPUT ALL LOG MESSAGES !!!
20260723 233303.941 INFO             PET0 !!!     THIS MAY CAUSE SLOWDOWN IN PERFORMANCE     !!!
20260723 233303.941 INFO             PET0 !!! FOR PRODUCTION RUNS, USE:                      !!!
20260723 233303.941 INFO             PET0 !!!                   ESMF_LOGKIND_Multi_On_Error  !!!
20260723 233303.941 INFO             PET0 !!!!!!!!!!!!!!!!!!!!!!!!!!!!!!!!!!!!!!!!!!!!!!!!!!!!!!
20260723 233303.941 INFO             PET0 Running with ESMF Version   : develop+g5ee87db4bf
20260723 233303.941 INFO             PET0 ESMF library build date/time: "Jul 23 2026" "22:44:08"
20260723 233303.941 INFO             PET0 ESMF library build location : /discover/nobackup/projects/gmao/SIteam/ESMF_Testing/nag_7.2.28_openmpi_O_develop/esmf
20260723 233303.941 INFO             PET0 ESMF_COMM                   : openmpi
20260723 233303.942 INFO             PET0 ESMF_MOAB                   : enabled
20260723 233303.942 INFO             PET0 ESMF_LAPACK                 : enabled
20260723 233303.942 INFO             PET0 ESMF_NETCDF                 : enabled
20260723 233303.942 INFO             PET0 ESMF_PNETCDF                : disabled
20260723 233303.942 INFO             PET0 ESMF_PIO                    : enabled
20260723 233303.942 INFO             PET0 ESMF_YAMLCPP                : enabled
20260723 233303.961 INFO             PET0 ESMF_FieldRedistStoreNF(): Just entered routine.
20260723 233304.389 INFO             PET0 ESMF_FieldRedistStoreNF(): Leaving routine.
20260723 233304.399 INFO             PET0  NUMBER_OF_PROCESSORS 4
20260723 233304.399 INFO             PET0  PASS  Example ESMF_RHandleFromRHandleEx, ESMF_RHandleFromRHandleEx.F90, line 660
20260723 233304.399 INFO             PET0  Finalizing ESMF
20260723 233303.941 INFO             PET1 !!!!!!!!!!!!!!!!!!!!!!!!!!!!!!!!!!!!!!!!!!!!!!!!!!!!!!
20260723 233303.941 INFO             PET1 !!! THE ESMF_LOG IS SET TO OUTPUT ALL LOG MESSAGES !!!
20260723 233303.941 INFO             PET1 !!!     THIS MAY CAUSE SLOWDOWN IN PERFORMANCE     !!!
20260723 233303.941 INFO             PET1 !!! FOR PRODUCTION RUNS, USE:                      !!!
20260723 233303.941 INFO             PET1 !!!                   ESMF_LOGKIND_Multi_On_Error  !!!
20260723 233303.941 INFO             PET1 !!!!!!!!!!!!!!!!!!!!!!!!!!!!!!!!!!!!!!!!!!!!!!!!!!!!!!
20260723 233303.941 INFO             PET1 Running with ESMF Version   : develop+g5ee87db4bf
20260723 233303.941 INFO             PET1 ESMF library build date/time: "Jul 23 2026" "22:44:08"
20260723 233303.941 INFO             PET1 ESMF library build location : /discover/nobackup/projects/gmao/SIteam/ESMF_Testing/nag_7.2.28_openmpi_O_develop/esmf
20260723 233303.941 INFO             PET1 ESMF_COMM                   : openmpi
20260723 233303.941 INFO             PET1 ESMF_MOAB                   : enabled
20260723 233303.941 INFO             PET1 ESMF_LAPACK                 : enabled
20260723 233303.941 INFO             PET1 ESMF_NETCDF                 : enabled
20260723 233303.941 INFO             PET1 ESMF_PNETCDF                : disabled
20260723 233303.941 INFO             PET1 ESMF_PIO                    : enabled
20260723 233303.941 INFO             PET1 ESMF_YAMLCPP                : enabled
20260723 233303.961 INFO             PET1 ESMF_FieldRedistStoreNF(): Just entered routine.
20260723 233304.389 INFO             PET1 ESMF_FieldRedistStoreNF(): Leaving routine.
20260723 233304.399 INFO             PET1  NUMBER_OF_PROCESSORS 4
20260723 233304.399 INFO             PET1  PASS  Example ESMF_RHandleFromRHandleEx, ESMF_RHandleFromRHandleEx.F90, line 660
20260723 233304.399 INFO             PET1  Finalizing ESMF
20260723 233303.940 INFO             PET2 !!!!!!!!!!!!!!!!!!!!!!!!!!!!!!!!!!!!!!!!!!!!!!!!!!!!!!
20260723 233303.940 INFO             PET2 !!! THE ESMF_LOG IS SET TO OUTPUT ALL LOG MESSAGES !!!
20260723 233303.940 INFO             PET2 !!!     THIS MAY CAUSE SLOWDOWN IN PERFORMANCE     !!!
20260723 233303.940 INFO             PET2 !!! FOR PRODUCTION RUNS, USE:                      !!!
20260723 233303.940 INFO             PET2 !!!                   ESMF_LOGKIND_Multi_On_Error  !!!
20260723 233303.940 INFO             PET2 !!!!!!!!!!!!!!!!!!!!!!!!!!!!!!!!!!!!!!!!!!!!!!!!!!!!!!
20260723 233303.940 INFO             PET2 Running with ESMF Version   : develop+g5ee87db4bf
20260723 233303.940 INFO             PET2 ESMF library build date/time: "Jul 23 2026" "22:44:08"
20260723 233303.940 INFO             PET2 ESMF library build location : /discover/nobackup/projects/gmao/SIteam/ESMF_Testing/nag_7.2.28_openmpi_O_develop/esmf
20260723 233303.940 INFO             PET2 ESMF_COMM                   : openmpi
20260723 233303.941 INFO             PET2 ESMF_MOAB                   : enabled
20260723 233303.941 INFO             PET2 ESMF_LAPACK                 : enabled
20260723 233303.941 INFO             PET2 ESMF_NETCDF                 : enabled
20260723 233303.941 INFO             PET2 ESMF_PNETCDF                : disabled
20260723 233303.941 INFO             PET2 ESMF_PIO                    : enabled
20260723 233303.941 INFO             PET2 ESMF_YAMLCPP                : enabled
20260723 233303.960 INFO             PET2 ESMF_FieldRedistStoreNF(): Just entered routine.
20260723 233304.389 INFO             PET2 ESMF_FieldRedistStoreNF(): Leaving routine.
20260723 233304.395 INFO             PET2  NUMBER_OF_PROCESSORS 4
20260723 233304.395 INFO             PET2  PASS  Example ESMF_RHandleFromRHandleEx, ESMF_RHandleFromRHandleEx.F90, line 660
20260723 233304.395 INFO             PET2  Finalizing ESMF
20260723 233303.942 INFO             PET3 !!!!!!!!!!!!!!!!!!!!!!!!!!!!!!!!!!!!!!!!!!!!!!!!!!!!!!
20260723 233303.942 INFO             PET3 !!! THE ESMF_LOG IS SET TO OUTPUT ALL LOG MESSAGES !!!
20260723 233303.942 INFO             PET3 !!!     THIS MAY CAUSE SLOWDOWN IN PERFORMANCE     !!!
20260723 233303.942 INFO             PET3 !!! FOR PRODUCTION RUNS, USE:                      !!!
20260723 233303.942 INFO             PET3 !!!                   ESMF_LOGKIND_Multi_On_Error  !!!
20260723 233303.942 INFO             PET3 !!!!!!!!!!!!!!!!!!!!!!!!!!!!!!!!!!!!!!!!!!!!!!!!!!!!!!
20260723 233303.942 INFO             PET3 Running with ESMF Version   : develop+g5ee87db4bf
20260723 233303.942 INFO             PET3 ESMF library build date/time: "Jul 23 2026" "22:44:08"
20260723 233303.942 INFO             PET3 ESMF library build location : /discover/nobackup/projects/gmao/SIteam/ESMF_Testing/nag_7.2.28_openmpi_O_develop/esmf
20260723 233303.942 INFO             PET3 ESMF_COMM                   : openmpi
20260723 233303.942 INFO             PET3 ESMF_MOAB                   : enabled
20260723 233303.942 INFO             PET3 ESMF_LAPACK                 : enabled
20260723 233303.942 INFO             PET3 ESMF_NETCDF                 : enabled
20260723 233303.942 INFO             PET3 ESMF_PNETCDF                : disabled
20260723 233303.942 INFO             PET3 ESMF_PIO                    : enabled
20260723 233303.942 INFO             PET3 ESMF_YAMLCPP                : enabled
20260723 233303.960 INFO             PET3 ESMF_FieldRedistStoreNF(): Just entered routine.
20260723 233304.389 INFO             PET3 ESMF_FieldRedistStoreNF(): Leaving routine.
20260723 233304.400 INFO             PET3  NUMBER_OF_PROCESSORS 4
20260723 233304.400 INFO             PET3  PASS  Example ESMF_RHandleFromRHandleEx, ESMF_RHandleFromRHandleEx.F90, line 660
20260723 233304.400 INFO             PET3  Finalizing ESMF
