2026-05-12 22:57:01
20260513 034525.695 INFO             PET0 !!!!!!!!!!!!!!!!!!!!!!!!!!!!!!!!!!!!!!!!!!!!!!!!!!!!!!
20260513 034525.695 INFO             PET0 !!! THE ESMF_LOG IS SET TO OUTPUT ALL LOG MESSAGES !!!
20260513 034525.695 INFO             PET0 !!!     THIS MAY CAUSE SLOWDOWN IN PERFORMANCE     !!!
20260513 034525.695 INFO             PET0 !!! FOR PRODUCTION RUNS, USE:                      !!!
20260513 034525.695 INFO             PET0 !!!                   ESMF_LOGKIND_Multi_On_Error  !!!
20260513 034525.695 INFO             PET0 !!!!!!!!!!!!!!!!!!!!!!!!!!!!!!!!!!!!!!!!!!!!!!!!!!!!!!
20260513 034525.695 INFO             PET0 Running with ESMF Version   : v9.0.0b13
20260513 034525.695 INFO             PET0 ESMF library build date/time: "May 12 2026" "22:55:20"
20260513 034525.695 INFO             PET0 ESMF library build location : /discover/nobackup/projects/gmao/SIteam/ESMF_Testing/nag_7.2.28_openmpi_O_develop/esmf
20260513 034525.695 INFO             PET0 ESMF_COMM                   : openmpi
20260513 034525.695 INFO             PET0 ESMF_MOAB                   : enabled
20260513 034525.695 INFO             PET0 ESMF_LAPACK                 : enabled
20260513 034525.695 INFO             PET0 ESMF_NETCDF                 : enabled
20260513 034525.695 INFO             PET0 ESMF_PNETCDF                : disabled
20260513 034525.695 INFO             PET0 ESMF_PIO                    : enabled
20260513 034525.695 INFO             PET0 ESMF_YAMLCPP                : enabled
20260513 034525.696 INFO             PET0  NUMBER_OF_PROCESSORS 4
20260513 034525.696 INFO             PET0  PASS  Example ESMF_VMUserMpiCommMultiEx, ESMF_VMUserMpiCommMultiEx.F90, line 126
20260513 034525.696 INFO             PET0  Finalizing ESMF with endflag==ESMF_END_KEEPMPI
20260513 034525.695 INFO             PET0 !!!!!!!!!!!!!!!!!!!!!!!!!!!!!!!!!!!!!!!!!!!!!!!!!!!!!!
20260513 034525.695 INFO             PET0 !!! THE ESMF_LOG IS SET TO OUTPUT ALL LOG MESSAGES !!!
20260513 034525.695 INFO             PET0 !!!     THIS MAY CAUSE SLOWDOWN IN PERFORMANCE     !!!
20260513 034525.695 INFO             PET0 !!! FOR PRODUCTION RUNS, USE:                      !!!
20260513 034525.695 INFO             PET0 !!!                   ESMF_LOGKIND_Multi_On_Error  !!!
20260513 034525.695 INFO             PET0 !!!!!!!!!!!!!!!!!!!!!!!!!!!!!!!!!!!!!!!!!!!!!!!!!!!!!!
20260513 034525.695 INFO             PET0 Running with ESMF Version   : v9.0.0b13
20260513 034525.695 INFO             PET0 ESMF library build date/time: "May 12 2026" "22:55:20"
20260513 034525.695 INFO             PET0 ESMF library build location : /discover/nobackup/projects/gmao/SIteam/ESMF_Testing/nag_7.2.28_openmpi_O_develop/esmf
20260513 034525.695 INFO             PET0 ESMF_COMM                   : openmpi
20260513 034525.696 INFO             PET0 ESMF_MOAB                   : enabled
20260513 034525.696 INFO             PET0 ESMF_LAPACK                 : enabled
20260513 034525.696 INFO             PET0 ESMF_NETCDF                 : enabled
20260513 034525.696 INFO             PET0 ESMF_PNETCDF                : disabled
20260513 034525.696 INFO             PET0 ESMF_PIO                    : enabled
20260513 034525.696 INFO             PET0 ESMF_YAMLCPP                : enabled
20260513 034525.696 INFO             PET0  NUMBER_OF_PROCESSORS 4
20260513 034525.696 INFO             PET0  PASS  Example ESMF_VMUserMpiCommMultiEx, ESMF_VMUserMpiCommMultiEx.F90, line 154
20260513 034525.696 INFO             PET0  Finalizing ESMF with endflag==ESMF_END_KEEPMPI
20260513 034525.695 INFO             PET1 !!!!!!!!!!!!!!!!!!!!!!!!!!!!!!!!!!!!!!!!!!!!!!!!!!!!!!
20260513 034525.696 INFO             PET1 !!! THE ESMF_LOG IS SET TO OUTPUT ALL LOG MESSAGES !!!
20260513 034525.696 INFO             PET1 !!!     THIS MAY CAUSE SLOWDOWN IN PERFORMANCE     !!!
20260513 034525.696 INFO             PET1 !!! FOR PRODUCTION RUNS, USE:                      !!!
20260513 034525.696 INFO             PET1 !!!                   ESMF_LOGKIND_Multi_On_Error  !!!
20260513 034525.696 INFO             PET1 !!!!!!!!!!!!!!!!!!!!!!!!!!!!!!!!!!!!!!!!!!!!!!!!!!!!!!
20260513 034525.696 INFO             PET1 Running with ESMF Version   : v9.0.0b13
20260513 034525.696 INFO             PET1 ESMF library build date/time: "May 12 2026" "22:55:20"
20260513 034525.696 INFO             PET1 ESMF library build location : /discover/nobackup/projects/gmao/SIteam/ESMF_Testing/nag_7.2.28_openmpi_O_develop/esmf
20260513 034525.696 INFO             PET1 ESMF_COMM                   : openmpi
20260513 034525.696 INFO             PET1 ESMF_MOAB                   : enabled
20260513 034525.696 INFO             PET1 ESMF_LAPACK                 : enabled
20260513 034525.696 INFO             PET1 ESMF_NETCDF                 : enabled
20260513 034525.696 INFO             PET1 ESMF_PNETCDF                : disabled
20260513 034525.696 INFO             PET1 ESMF_PIO                    : enabled
20260513 034525.696 INFO             PET1 ESMF_YAMLCPP                : enabled
20260513 034525.696 INFO             PET1  NUMBER_OF_PROCESSORS 4
20260513 034525.696 INFO             PET1  PASS  Example ESMF_VMUserMpiCommMultiEx, ESMF_VMUserMpiCommMultiEx.F90, line 126
20260513 034525.696 INFO             PET1  Finalizing ESMF with endflag==ESMF_END_KEEPMPI
20260513 034525.695 INFO             PET1 !!!!!!!!!!!!!!!!!!!!!!!!!!!!!!!!!!!!!!!!!!!!!!!!!!!!!!
20260513 034525.695 INFO             PET1 !!! THE ESMF_LOG IS SET TO OUTPUT ALL LOG MESSAGES !!!
20260513 034525.695 INFO             PET1 !!!     THIS MAY CAUSE SLOWDOWN IN PERFORMANCE     !!!
20260513 034525.695 INFO             PET1 !!! FOR PRODUCTION RUNS, USE:                      !!!
20260513 034525.695 INFO             PET1 !!!                   ESMF_LOGKIND_Multi_On_Error  !!!
20260513 034525.695 INFO             PET1 !!!!!!!!!!!!!!!!!!!!!!!!!!!!!!!!!!!!!!!!!!!!!!!!!!!!!!
20260513 034525.695 INFO             PET1 Running with ESMF Version   : v9.0.0b13
20260513 034525.695 INFO             PET1 ESMF library build date/time: "May 12 2026" "22:55:20"
20260513 034525.695 INFO             PET1 ESMF library build location : /discover/nobackup/projects/gmao/SIteam/ESMF_Testing/nag_7.2.28_openmpi_O_develop/esmf
20260513 034525.695 INFO             PET1 ESMF_COMM                   : openmpi
20260513 034525.695 INFO             PET1 ESMF_MOAB                   : enabled
20260513 034525.695 INFO             PET1 ESMF_LAPACK                 : enabled
20260513 034525.695 INFO             PET1 ESMF_NETCDF                 : enabled
20260513 034525.695 INFO             PET1 ESMF_PNETCDF                : disabled
20260513 034525.695 INFO             PET1 ESMF_PIO                    : enabled
20260513 034525.695 INFO             PET1 ESMF_YAMLCPP                : enabled
20260513 034525.696 INFO             PET1  NUMBER_OF_PROCESSORS 4
20260513 034525.696 INFO             PET1  PASS  Example ESMF_VMUserMpiCommMultiEx, ESMF_VMUserMpiCommMultiEx.F90, line 154
20260513 034525.696 INFO             PET1  Finalizing ESMF with endflag==ESMF_END_KEEPMPI
