2026-05-14 22:42:17
20260515 003204.253 INFO             PET0 !!!!!!!!!!!!!!!!!!!!!!!!!!!!!!!!!!!!!!!!!!!!!!!!!!!!!!
20260515 003204.253 INFO             PET0 !!! THE ESMF_LOG IS SET TO OUTPUT ALL LOG MESSAGES !!!
20260515 003204.253 INFO             PET0 !!!     THIS MAY CAUSE SLOWDOWN IN PERFORMANCE     !!!
20260515 003204.253 INFO             PET0 !!! FOR PRODUCTION RUNS, USE:                      !!!
20260515 003204.253 INFO             PET0 !!!                   ESMF_LOGKIND_Multi_On_Error  !!!
20260515 003204.253 INFO             PET0 !!!!!!!!!!!!!!!!!!!!!!!!!!!!!!!!!!!!!!!!!!!!!!!!!!!!!!
20260515 003204.253 INFO             PET0 Running with ESMF Version   : v9.0.0b13
20260515 003204.253 INFO             PET0 ESMF library build date/time: "May 14 2026" "22:40:39"
20260515 003204.253 INFO             PET0 ESMF library build location : /discover/nobackup/projects/gmao/SIteam/ESMF_Testing/nag_7.2.28_openmpi_O_develop/esmf
20260515 003204.253 INFO             PET0 ESMF_COMM                   : openmpi
20260515 003204.254 INFO             PET0 ESMF_MOAB                   : enabled
20260515 003204.254 INFO             PET0 ESMF_LAPACK                 : enabled
20260515 003204.254 INFO             PET0 ESMF_NETCDF                 : enabled
20260515 003204.254 INFO             PET0 ESMF_PNETCDF                : disabled
20260515 003204.254 INFO             PET0 ESMF_PIO                    : enabled
20260515 003204.254 INFO             PET0 ESMF_YAMLCPP                : enabled
20260515 003204.255 INFO             PET0  NUMBER_OF_PROCESSORS 1
20260515 003204.255 INFO             PET0  PASS  Example ESMF_AlarmEx, ESMF_AlarmEx.F90, line 244
20260515 003204.255 INFO             PET0  Finalizing ESMF
