2026-06-20 22:48:03
20260620 234836.484 INFO             PET0 !!!!!!!!!!!!!!!!!!!!!!!!!!!!!!!!!!!!!!!!!!!!!!!!!!!!!!
20260620 234836.484 INFO             PET0 !!! THE ESMF_LOG IS SET TO OUTPUT ALL LOG MESSAGES !!!
20260620 234836.484 INFO             PET0 !!!     THIS MAY CAUSE SLOWDOWN IN PERFORMANCE     !!!
20260620 234836.484 INFO             PET0 !!! FOR PRODUCTION RUNS, USE:                      !!!
20260620 234836.484 INFO             PET0 !!!                   ESMF_LOGKIND_Multi_On_Error  !!!
20260620 234836.484 INFO             PET0 !!!!!!!!!!!!!!!!!!!!!!!!!!!!!!!!!!!!!!!!!!!!!!!!!!!!!!
20260620 234836.484 INFO             PET0 Running with ESMF Version   : develop+gb44f36ed28
20260620 234836.484 INFO             PET0 ESMF library build date/time: "Jun 20 2026" "22:46:25"
20260620 234836.484 INFO             PET0 ESMF library build location : /discover/nobackup/projects/gmao/SIteam/ESMF_Testing/nag_7.2.28_openmpi_O_develop/esmf
20260620 234836.484 INFO             PET0 ESMF_COMM                   : openmpi
20260620 234836.485 INFO             PET0 ESMF_MOAB                   : enabled
20260620 234836.485 INFO             PET0 ESMF_LAPACK                 : enabled
20260620 234836.485 INFO             PET0 ESMF_NETCDF                 : enabled
20260620 234836.485 INFO             PET0 ESMF_PNETCDF                : disabled
20260620 234836.485 INFO             PET0 ESMF_PIO                    : enabled
20260620 234836.485 INFO             PET0 ESMF_YAMLCPP                : enabled
20260620 234836.499 INFO             PET0  NUMBER_OF_PROCESSORS 4
20260620 234836.499 INFO             PET0  PASS  Example ESMF_AppMainEx, ESMF_AppMainEx.F90, line 486
20260620 234836.499 INFO             PET0  Finalizing ESMF
20260620 234836.485 INFO             PET1 !!!!!!!!!!!!!!!!!!!!!!!!!!!!!!!!!!!!!!!!!!!!!!!!!!!!!!
20260620 234836.485 INFO             PET1 !!! THE ESMF_LOG IS SET TO OUTPUT ALL LOG MESSAGES !!!
20260620 234836.485 INFO             PET1 !!!     THIS MAY CAUSE SLOWDOWN IN PERFORMANCE     !!!
20260620 234836.485 INFO             PET1 !!! FOR PRODUCTION RUNS, USE:                      !!!
20260620 234836.485 INFO             PET1 !!!                   ESMF_LOGKIND_Multi_On_Error  !!!
20260620 234836.485 INFO             PET1 !!!!!!!!!!!!!!!!!!!!!!!!!!!!!!!!!!!!!!!!!!!!!!!!!!!!!!
20260620 234836.485 INFO             PET1 Running with ESMF Version   : develop+gb44f36ed28
20260620 234836.485 INFO             PET1 ESMF library build date/time: "Jun 20 2026" "22:46:25"
20260620 234836.485 INFO             PET1 ESMF library build location : /discover/nobackup/projects/gmao/SIteam/ESMF_Testing/nag_7.2.28_openmpi_O_develop/esmf
20260620 234836.485 INFO             PET1 ESMF_COMM                   : openmpi
20260620 234836.485 INFO             PET1 ESMF_MOAB                   : enabled
20260620 234836.485 INFO             PET1 ESMF_LAPACK                 : enabled
20260620 234836.485 INFO             PET1 ESMF_NETCDF                 : enabled
20260620 234836.485 INFO             PET1 ESMF_PNETCDF                : disabled
20260620 234836.485 INFO             PET1 ESMF_PIO                    : enabled
20260620 234836.485 INFO             PET1 ESMF_YAMLCPP                : enabled
20260620 234836.499 INFO             PET1  NUMBER_OF_PROCESSORS 4
20260620 234836.499 INFO             PET1  PASS  Example ESMF_AppMainEx, ESMF_AppMainEx.F90, line 486
20260620 234836.499 INFO             PET1  Finalizing ESMF
20260620 234836.483 INFO             PET2 !!!!!!!!!!!!!!!!!!!!!!!!!!!!!!!!!!!!!!!!!!!!!!!!!!!!!!
20260620 234836.483 INFO             PET2 !!! THE ESMF_LOG IS SET TO OUTPUT ALL LOG MESSAGES !!!
20260620 234836.483 INFO             PET2 !!!     THIS MAY CAUSE SLOWDOWN IN PERFORMANCE     !!!
20260620 234836.483 INFO             PET2 !!! FOR PRODUCTION RUNS, USE:                      !!!
20260620 234836.483 INFO             PET2 !!!                   ESMF_LOGKIND_Multi_On_Error  !!!
20260620 234836.483 INFO             PET2 !!!!!!!!!!!!!!!!!!!!!!!!!!!!!!!!!!!!!!!!!!!!!!!!!!!!!!
20260620 234836.483 INFO             PET2 Running with ESMF Version   : develop+gb44f36ed28
20260620 234836.483 INFO             PET2 ESMF library build date/time: "Jun 20 2026" "22:46:25"
20260620 234836.483 INFO             PET2 ESMF library build location : /discover/nobackup/projects/gmao/SIteam/ESMF_Testing/nag_7.2.28_openmpi_O_develop/esmf
20260620 234836.483 INFO             PET2 ESMF_COMM                   : openmpi
20260620 234836.483 INFO             PET2 ESMF_MOAB                   : enabled
20260620 234836.483 INFO             PET2 ESMF_LAPACK                 : enabled
20260620 234836.483 INFO             PET2 ESMF_NETCDF                 : enabled
20260620 234836.483 INFO             PET2 ESMF_PNETCDF                : disabled
20260620 234836.483 INFO             PET2 ESMF_PIO                    : enabled
20260620 234836.483 INFO             PET2 ESMF_YAMLCPP                : enabled
20260620 234836.499 INFO             PET2  NUMBER_OF_PROCESSORS 4
20260620 234836.499 INFO             PET2  PASS  Example ESMF_AppMainEx, ESMF_AppMainEx.F90, line 486
20260620 234836.499 INFO             PET2  Finalizing ESMF
20260620 234836.484 INFO             PET3 !!!!!!!!!!!!!!!!!!!!!!!!!!!!!!!!!!!!!!!!!!!!!!!!!!!!!!
20260620 234836.484 INFO             PET3 !!! THE ESMF_LOG IS SET TO OUTPUT ALL LOG MESSAGES !!!
20260620 234836.484 INFO             PET3 !!!     THIS MAY CAUSE SLOWDOWN IN PERFORMANCE     !!!
20260620 234836.484 INFO             PET3 !!! FOR PRODUCTION RUNS, USE:                      !!!
20260620 234836.484 INFO             PET3 !!!                   ESMF_LOGKIND_Multi_On_Error  !!!
20260620 234836.484 INFO             PET3 !!!!!!!!!!!!!!!!!!!!!!!!!!!!!!!!!!!!!!!!!!!!!!!!!!!!!!
20260620 234836.484 INFO             PET3 Running with ESMF Version   : develop+gb44f36ed28
20260620 234836.484 INFO             PET3 ESMF library build date/time: "Jun 20 2026" "22:46:25"
20260620 234836.484 INFO             PET3 ESMF library build location : /discover/nobackup/projects/gmao/SIteam/ESMF_Testing/nag_7.2.28_openmpi_O_develop/esmf
20260620 234836.484 INFO             PET3 ESMF_COMM                   : openmpi
20260620 234836.484 INFO             PET3 ESMF_MOAB                   : enabled
20260620 234836.484 INFO             PET3 ESMF_LAPACK                 : enabled
20260620 234836.484 INFO             PET3 ESMF_NETCDF                 : enabled
20260620 234836.484 INFO             PET3 ESMF_PNETCDF                : disabled
20260620 234836.484 INFO             PET3 ESMF_PIO                    : enabled
20260620 234836.484 INFO             PET3 ESMF_YAMLCPP                : enabled
20260620 234836.499 INFO             PET3  NUMBER_OF_PROCESSORS 4
20260620 234836.499 INFO             PET3  PASS  Example ESMF_AppMainEx, ESMF_AppMainEx.F90, line 486
20260620 234836.499 INFO             PET3  Finalizing ESMF
