2026-07-26 23:49:48
20260727 065153.888 INFO             PET0 !!!!!!!!!!!!!!!!!!!!!!!!!!!!!!!!!!!!!!!!!!!!!!!!!!!!!!
20260727 065153.891 INFO             PET0 !!! THE ESMF_LOG IS SET TO OUTPUT ALL LOG MESSAGES !!!
20260727 065153.891 INFO             PET0 !!!     THIS MAY CAUSE SLOWDOWN IN PERFORMANCE     !!!
20260727 065153.891 INFO             PET0 !!! FOR PRODUCTION RUNS, USE:                      !!!
20260727 065153.891 INFO             PET0 !!!                   ESMF_LOGKIND_Multi_On_Error  !!!
20260727 065153.891 INFO             PET0 !!!!!!!!!!!!!!!!!!!!!!!!!!!!!!!!!!!!!!!!!!!!!!!!!!!!!!
20260727 065153.891 INFO             PET0 Running with ESMF Version   : develop+g6f2cfc7ce0
20260727 065153.891 INFO             PET0 ESMF library build date/time: "Jul 26 2026" "23:36:02"
20260727 065153.891 INFO             PET0 ESMF library build location : /Users/mathomp4/ESMF_Testing/llvm_22.1_openmpi_O_develop/esmf
20260727 065153.891 INFO             PET0 ESMF_COMM                   : openmpi
20260727 065153.891 INFO             PET0 ESMF_MOAB                   : enabled
20260727 065153.891 INFO             PET0 ESMF_LAPACK                 : enabled
20260727 065153.891 INFO             PET0 ESMF_NETCDF                 : disabled
20260727 065153.891 INFO             PET0 ESMF_PNETCDF                : disabled
20260727 065153.891 INFO             PET0 ESMF_PIO                    : disabled
20260727 065153.891 INFO             PET0 ESMF_YAMLCPP                : enabled
20260727 065153.905 INFO             PET0 =============================================
20260727 065153.906 INFO             PET0 ESMX (Earth System Model eXecutable) STARTING
20260727 065153.906 INFO             PET0 =============================================
20260727 065153.922 DEBUG            PET0 Generic SetVM() is executing for: ESMX_Driver
20260727 065153.923 DEBUG            PET0 Generic SetVM() found no NUOPC Hint for: ESMX_Driver
20260727 065153.923 DEBUG            PET0 Generic SetVM() therefore is NOT calling ESMF_GridCompSetVMMaxPEs() for: ESMX_Driver
20260727 065153.972 INFO             PET0 ESMX_Driver: InitializeGeneric intro.
20260727 065153.972 INFO             PET0   >>>ESMX_Driver: entered Initialize (phase=<none>) without valid internal Clock.
20260727 065153.976 INFO             PET0   ESMX_Driver: InitializeP0 intro.
20260727 065153.976 INFO             PET0     >>>ESMX_Driver: entered Initialize (phase=<none>) without valid internal Clock.
20260727 065153.976 INFO             PET0     <<<ESMX_Driver: leaving Initialize (phase=<none>) without valid internal Clock.
20260727 065153.976 INFO             PET0   ESMX_Driver: InitializeP0 extro.
20260727 065153.976 INFO             PET0   ESMX_Driver: InitializeIPDv02p1 intro.
20260727 065153.976 INFO             PET0     >>>ESMX_Driver: entered Initialize (phase=<none>) without valid internal Clock.
20260727 065153.977 INFO             PET0     ESMX_Driver: IInitAdvertise intro.
20260727 065153.977 INFO             PET0       >>>ESMX_Driver: entered Initialize (phase=<none>) with current time: 2012 10 24  8  0  0   0
20260727 065153.977 INFO             PET0       <<<ESMX_Driver: leaving Initialize (phase=<none>) with current time: 2012 10 24  8  0  0   0
20260727 065153.977 INFO             PET0     ESMX_Driver: IInitAdvertise extro.
20260727 065153.978 INFO             PET0     ESMX_Driver: IInitAdvertiseFinish intro.
20260727 065153.978 INFO             PET0       >>>ESMX_Driver: entered Initialize (phase=<none>) with current time: 2012 10 24  8  0  0   0
20260727 065153.980 INFO             PET0       <<<ESMX_Driver: leaving Initialize (phase=<none>) with current time: 2012 10 24  8  0  0   0
20260727 065153.980 INFO             PET0     ESMX_Driver: IInitAdvertiseFinish extro.
20260727 065153.980 INFO             PET0     ESMX_Driver: IInitModifyCplLists intro.
20260727 065153.980 INFO             PET0       >>>ESMX_Driver: entered Initialize (phase=<none>) with current time: 2012 10 24  8  0  0   0
20260727 065153.980 INFO             PET0       <<<ESMX_Driver: leaving Initialize (phase=<none>) with current time: 2012 10 24  8  0  0   0
20260727 065153.980 INFO             PET0     ESMX_Driver: IInitModifyCplLists extro.
20260727 065153.980 INFO             PET0     <<<ESMX_Driver: leaving Initialize (phase=<none>) with current time: 2012 10 24  8  0  0   0
20260727 065153.981 INFO             PET0   ESMX_Driver: InitializeIPDv02p1 extro.
20260727 065153.981 INFO             PET0   ESMX_Driver: InitializeIPDv02p3 intro.
20260727 065153.981 INFO             PET0     >>>ESMX_Driver: entered Initialize (phase=<none>) with current time: 2012 10 24  8  0  0   0
20260727 065153.981 INFO             PET0     ESMX_Driver: IInitCheck intro.
20260727 065153.981 INFO             PET0       >>>ESMX_Driver: entered Initialize (phase=<none>) with current time: 2012 10 24  8  0  0   0
20260727 065153.981 INFO             PET0       <<<ESMX_Driver: leaving Initialize (phase=<none>) with current time: 2012 10 24  8  0  0   0
20260727 065153.981 INFO             PET0     ESMX_Driver: IInitCheck extro.
20260727 065153.981 INFO             PET0     ESMX_Driver: IInitRealize intro.
20260727 065153.981 INFO             PET0       >>>ESMX_Driver: entered Initialize (phase=<none>) with current time: 2012 10 24  8  0  0   0
20260727 065153.981 INFO             PET0       <<<ESMX_Driver: leaving Initialize (phase=<none>) with current time: 2012 10 24  8  0  0   0
20260727 065153.982 INFO             PET0     ESMX_Driver: IInitRealize extro.
20260727 065153.982 INFO             PET0     <<<ESMX_Driver: leaving Initialize (phase=<none>) with current time: 2012 10 24  8  0  0   0
20260727 065153.982 INFO             PET0   ESMX_Driver: InitializeIPDv02p3 extro.
20260727 065153.984 INFO             PET0   ESMX_Driver: InitializeIPDv02p5 intro.
20260727 065153.984 INFO             PET0     >>>ESMX_Driver: entered Initialize (phase=<none>) with current time: 2012 10 24  8  0  0   0
20260727 065153.984 INFO             PET0     ESMX_Driver: InitializeIPDv02p5Data intro.
20260727 065153.984 INFO             PET0       >>>ESMX_Driver: entered Initialize (phase=<none>) with current time: 2012 10 24  8  0  0   0
20260727 065153.984 INFO             PET0       ESMX_Driver: InternalInitializeComplete intro.
20260727 065153.984 INFO             PET0         >>>ESMX_Driver: entered Initialize (phase=<none>) with current time: 2012 10 24  8  0  0   0
20260727 065153.984 INFO             PET0         <<<ESMX_Driver: leaving Initialize (phase=<none>) with current time: 2012 10 24  8  0  0   0
20260727 065153.984 INFO             PET0       ESMX_Driver: InternalInitializeComplete extro.
20260727 065153.985 INFO             PET0       ESMX_Driver: loopDataDependentInitialize intro.
20260727 065153.985 INFO             PET0         >>>ESMX_Driver: entered Initialize (phase=<none>) with current time: 2012 10 24  8  0  0   0
20260727 065153.989 INFO             PET0         <<<ESMX_Driver: leaving Initialize (phase=<none>) with current time: 2012 10 24  8  0  0   0
20260727 065153.989 INFO             PET0       ESMX_Driver: loopDataDependentInitialize extro.
20260727 065153.990 INFO             PET0       <<<ESMX_Driver: leaving Initialize (phase=<none>) with current time: 2012 10 24  8  0  0   0
20260727 065153.990 INFO             PET0     ESMX_Driver: InitializeIPDv02p5Data extro.
20260727 065153.990 INFO             PET0     <<<ESMX_Driver: leaving Initialize (phase=<none>) with current time: 2012 10 24  8  0  0   0
20260727 065153.990 INFO             PET0   ESMX_Driver: InitializeIPDv02p5 extro.
20260727 065153.990 INFO             PET0   <<<ESMX_Driver: leaving Initialize (phase=<none>) with current time: 2012 10 24  8  0  0   0
20260727 065153.990 INFO             PET0 ESMX_Driver: InitializeGeneric extro.
20260727 065153.990 INFO             PET0 ESMX_Driver: Run intro.
20260727 065153.990 INFO             PET0   >>>ESMX_Driver: entered Run (phase=RunPhase1) with current time: 2012 10 24  8  0  0   0
20260727 065153.990 INFO             PET0   <<<ESMX_Driver: leaving Run (phase=RunPhase1) with current time: 2012 10 24  8  0  0   0
20260727 065153.990 INFO             PET0 ESMX_Driver: Run extro.
20260727 065153.990 INFO             PET0 ESMX_Driver: Finalize intro.
20260727 065153.990 INFO             PET0   >>>ESMX_Driver: entered Finalize (phase=FinalizePhase1) with current time: 2012 10 24  8  0  0   0
20260727 065153.990 INFO             PET0   <<<ESMX_Driver: leaving Finalize (phase=FinalizePhase1) with current time: 2012 10 24  8  0  0   0
20260727 065153.991 INFO             PET0 ESMX_Driver: Finalize extro.
20260727 065153.991 INFO             PET0 =============================================
20260727 065153.991 INFO             PET0 ESMX (Earth System Model eXecutable) FINISHED
20260727 065153.991 INFO             PET0 =============================================
20260727 065153.991 INFO             PET0  Finalizing ESMF
20260727 065153.883 INFO             PET1 !!!!!!!!!!!!!!!!!!!!!!!!!!!!!!!!!!!!!!!!!!!!!!!!!!!!!!
20260727 065153.889 INFO             PET1 !!! THE ESMF_LOG IS SET TO OUTPUT ALL LOG MESSAGES !!!
20260727 065153.889 INFO             PET1 !!!     THIS MAY CAUSE SLOWDOWN IN PERFORMANCE     !!!
20260727 065153.889 INFO             PET1 !!! FOR PRODUCTION RUNS, USE:                      !!!
20260727 065153.889 INFO             PET1 !!!                   ESMF_LOGKIND_Multi_On_Error  !!!
20260727 065153.889 INFO             PET1 !!!!!!!!!!!!!!!!!!!!!!!!!!!!!!!!!!!!!!!!!!!!!!!!!!!!!!
20260727 065153.889 INFO             PET1 Running with ESMF Version   : develop+g6f2cfc7ce0
20260727 065153.889 INFO             PET1 ESMF library build date/time: "Jul 26 2026" "23:36:02"
20260727 065153.889 INFO             PET1 ESMF library build location : /Users/mathomp4/ESMF_Testing/llvm_22.1_openmpi_O_develop/esmf
20260727 065153.889 INFO             PET1 ESMF_COMM                   : openmpi
20260727 065153.890 INFO             PET1 ESMF_MOAB                   : enabled
20260727 065153.890 INFO             PET1 ESMF_LAPACK                 : enabled
20260727 065153.890 INFO             PET1 ESMF_NETCDF                 : disabled
20260727 065153.890 INFO             PET1 ESMF_PNETCDF                : disabled
20260727 065153.890 INFO             PET1 ESMF_PIO                    : disabled
20260727 065153.890 INFO             PET1 ESMF_YAMLCPP                : enabled
20260727 065153.908 INFO             PET1 =============================================
20260727 065153.908 INFO             PET1 ESMX (Earth System Model eXecutable) STARTING
20260727 065153.908 INFO             PET1 =============================================
20260727 065153.924 DEBUG            PET1 Generic SetVM() is executing for: ESMX_Driver
20260727 065153.925 DEBUG            PET1 Generic SetVM() found no NUOPC Hint for: ESMX_Driver
20260727 065153.925 DEBUG            PET1 Generic SetVM() therefore is NOT calling ESMF_GridCompSetVMMaxPEs() for: ESMX_Driver
20260727 065153.974 INFO             PET1 ESMX_Driver: InitializeGeneric intro.
20260727 065153.974 INFO             PET1   >>>ESMX_Driver: entered Initialize (phase=<none>) without valid internal Clock.
20260727 065153.974 INFO             PET1   ESMX_Driver: InitializeP0 intro.
20260727 065153.974 INFO             PET1     >>>ESMX_Driver: entered Initialize (phase=<none>) without valid internal Clock.
20260727 065153.974 INFO             PET1     <<<ESMX_Driver: leaving Initialize (phase=<none>) without valid internal Clock.
20260727 065153.974 INFO             PET1   ESMX_Driver: InitializeP0 extro.
20260727 065153.975 INFO             PET1   ESMX_Driver: InitializeIPDv02p1 intro.
20260727 065153.975 INFO             PET1     >>>ESMX_Driver: entered Initialize (phase=<none>) without valid internal Clock.
20260727 065153.978 INFO             PET1     ESMX_Driver: IInitAdvertise intro.
20260727 065153.978 INFO             PET1       >>>ESMX_Driver: entered Initialize (phase=<none>) with current time: 2012 10 24  8  0  0   0
20260727 065153.978 INFO             PET1       <<<ESMX_Driver: leaving Initialize (phase=<none>) with current time: 2012 10 24  8  0  0   0
20260727 065153.978 INFO             PET1     ESMX_Driver: IInitAdvertise extro.
20260727 065153.978 INFO             PET1     ESMX_Driver: IInitAdvertiseFinish intro.
20260727 065153.979 INFO             PET1       >>>ESMX_Driver: entered Initialize (phase=<none>) with current time: 2012 10 24  8  0  0   0
20260727 065153.979 INFO             PET1       <<<ESMX_Driver: leaving Initialize (phase=<none>) with current time: 2012 10 24  8  0  0   0
20260727 065153.979 INFO             PET1     ESMX_Driver: IInitAdvertiseFinish extro.
20260727 065153.979 INFO             PET1     ESMX_Driver: IInitModifyCplLists intro.
20260727 065153.979 INFO             PET1       >>>ESMX_Driver: entered Initialize (phase=<none>) with current time: 2012 10 24  8  0  0   0
20260727 065153.979 INFO             PET1       <<<ESMX_Driver: leaving Initialize (phase=<none>) with current time: 2012 10 24  8  0  0   0
20260727 065153.979 INFO             PET1     ESMX_Driver: IInitModifyCplLists extro.
20260727 065153.979 INFO             PET1     <<<ESMX_Driver: leaving Initialize (phase=<none>) with current time: 2012 10 24  8  0  0   0
20260727 065153.979 INFO             PET1   ESMX_Driver: InitializeIPDv02p1 extro.
20260727 065153.979 INFO             PET1   ESMX_Driver: InitializeIPDv02p3 intro.
20260727 065153.979 INFO             PET1     >>>ESMX_Driver: entered Initialize (phase=<none>) with current time: 2012 10 24  8  0  0   0
20260727 065153.980 INFO             PET1     ESMX_Driver: IInitCheck intro.
20260727 065153.980 INFO             PET1       >>>ESMX_Driver: entered Initialize (phase=<none>) with current time: 2012 10 24  8  0  0   0
20260727 065153.982 INFO             PET1       <<<ESMX_Driver: leaving Initialize (phase=<none>) with current time: 2012 10 24  8  0  0   0
20260727 065153.982 INFO             PET1     ESMX_Driver: IInitCheck extro.
20260727 065153.982 INFO             PET1     ESMX_Driver: IInitRealize intro.
20260727 065153.982 INFO             PET1       >>>ESMX_Driver: entered Initialize (phase=<none>) with current time: 2012 10 24  8  0  0   0
20260727 065153.982 INFO             PET1       <<<ESMX_Driver: leaving Initialize (phase=<none>) with current time: 2012 10 24  8  0  0   0
20260727 065153.982 INFO             PET1     ESMX_Driver: IInitRealize extro.
20260727 065153.982 INFO             PET1     <<<ESMX_Driver: leaving Initialize (phase=<none>) with current time: 2012 10 24  8  0  0   0
20260727 065153.982 INFO             PET1   ESMX_Driver: InitializeIPDv02p3 extro.
20260727 065153.983 INFO             PET1   ESMX_Driver: InitializeIPDv02p5 intro.
20260727 065153.983 INFO             PET1     >>>ESMX_Driver: entered Initialize (phase=<none>) with current time: 2012 10 24  8  0  0   0
20260727 065153.983 INFO             PET1     ESMX_Driver: InitializeIPDv02p5Data intro.
20260727 065153.983 INFO             PET1       >>>ESMX_Driver: entered Initialize (phase=<none>) with current time: 2012 10 24  8  0  0   0
20260727 065153.983 INFO             PET1       ESMX_Driver: InternalInitializeComplete intro.
20260727 065153.983 INFO             PET1         >>>ESMX_Driver: entered Initialize (phase=<none>) with current time: 2012 10 24  8  0  0   0
20260727 065153.983 INFO             PET1         <<<ESMX_Driver: leaving Initialize (phase=<none>) with current time: 2012 10 24  8  0  0   0
20260727 065153.983 INFO             PET1       ESMX_Driver: InternalInitializeComplete extro.
20260727 065153.986 INFO             PET1       ESMX_Driver: loopDataDependentInitialize intro.
20260727 065153.986 INFO             PET1         >>>ESMX_Driver: entered Initialize (phase=<none>) with current time: 2012 10 24  8  0  0   0
20260727 065153.991 INFO             PET1         <<<ESMX_Driver: leaving Initialize (phase=<none>) with current time: 2012 10 24  8  0  0   0
20260727 065153.991 INFO             PET1       ESMX_Driver: loopDataDependentInitialize extro.
20260727 065153.991 INFO             PET1       <<<ESMX_Driver: leaving Initialize (phase=<none>) with current time: 2012 10 24  8  0  0   0
20260727 065153.991 INFO             PET1     ESMX_Driver: InitializeIPDv02p5Data extro.
20260727 065153.991 INFO             PET1     <<<ESMX_Driver: leaving Initialize (phase=<none>) with current time: 2012 10 24  8  0  0   0
20260727 065153.991 INFO             PET1   ESMX_Driver: InitializeIPDv02p5 extro.
20260727 065153.991 INFO             PET1   <<<ESMX_Driver: leaving Initialize (phase=<none>) with current time: 2012 10 24  8  0  0   0
20260727 065153.991 INFO             PET1 ESMX_Driver: InitializeGeneric extro.
20260727 065153.991 INFO             PET1 ESMX_Driver: Run intro.
20260727 065153.991 INFO             PET1   >>>ESMX_Driver: entered Run (phase=RunPhase1) with current time: 2012 10 24  8  0  0   0
20260727 065153.991 INFO             PET1   <<<ESMX_Driver: leaving Run (phase=RunPhase1) with current time: 2012 10 24  8  0  0   0
20260727 065153.991 INFO             PET1 ESMX_Driver: Run extro.
20260727 065153.992 INFO             PET1 ESMX_Driver: Finalize intro.
20260727 065153.992 INFO             PET1   >>>ESMX_Driver: entered Finalize (phase=FinalizePhase1) with current time: 2012 10 24  8  0  0   0
20260727 065153.993 INFO             PET1   <<<ESMX_Driver: leaving Finalize (phase=FinalizePhase1) with current time: 2012 10 24  8  0  0   0
20260727 065153.993 INFO             PET1 ESMX_Driver: Finalize extro.
20260727 065153.993 INFO             PET1 =============================================
20260727 065153.993 INFO             PET1 ESMX (Earth System Model eXecutable) FINISHED
20260727 065153.993 INFO             PET1 =============================================
20260727 065153.993 INFO             PET1  Finalizing ESMF
20260727 065153.889 INFO             PET2 !!!!!!!!!!!!!!!!!!!!!!!!!!!!!!!!!!!!!!!!!!!!!!!!!!!!!!
20260727 065153.902 INFO             PET2 !!! THE ESMF_LOG IS SET TO OUTPUT ALL LOG MESSAGES !!!
20260727 065153.902 INFO             PET2 !!!     THIS MAY CAUSE SLOWDOWN IN PERFORMANCE     !!!
20260727 065153.902 INFO             PET2 !!! FOR PRODUCTION RUNS, USE:                      !!!
20260727 065153.902 INFO             PET2 !!!                   ESMF_LOGKIND_Multi_On_Error  !!!
20260727 065153.902 INFO             PET2 !!!!!!!!!!!!!!!!!!!!!!!!!!!!!!!!!!!!!!!!!!!!!!!!!!!!!!
20260727 065153.902 INFO             PET2 Running with ESMF Version   : develop+g6f2cfc7ce0
20260727 065153.902 INFO             PET2 ESMF library build date/time: "Jul 26 2026" "23:36:02"
20260727 065153.902 INFO             PET2 ESMF library build location : /Users/mathomp4/ESMF_Testing/llvm_22.1_openmpi_O_develop/esmf
20260727 065153.902 INFO             PET2 ESMF_COMM                   : openmpi
20260727 065153.902 INFO             PET2 ESMF_MOAB                   : enabled
20260727 065153.902 INFO             PET2 ESMF_LAPACK                 : enabled
20260727 065153.902 INFO             PET2 ESMF_NETCDF                 : disabled
20260727 065153.902 INFO             PET2 ESMF_PNETCDF                : disabled
20260727 065153.902 INFO             PET2 ESMF_PIO                    : disabled
20260727 065153.902 INFO             PET2 ESMF_YAMLCPP                : enabled
20260727 065153.908 INFO             PET2 =============================================
20260727 065153.908 INFO             PET2 ESMX (Earth System Model eXecutable) STARTING
20260727 065153.908 INFO             PET2 =============================================
20260727 065153.924 DEBUG            PET2 Generic SetVM() is executing for: ESMX_Driver
20260727 065153.925 DEBUG            PET2 Generic SetVM() found no NUOPC Hint for: ESMX_Driver
20260727 065153.925 DEBUG            PET2 Generic SetVM() therefore is NOT calling ESMF_GridCompSetVMMaxPEs() for: ESMX_Driver
20260727 065153.972 INFO             PET2 ESMX_Driver: InitializeGeneric intro.
20260727 065153.972 INFO             PET2   >>>ESMX_Driver: entered Initialize (phase=<none>) without valid internal Clock.
20260727 065153.972 INFO             PET2   ESMX_Driver: InitializeP0 intro.
20260727 065153.972 INFO             PET2     >>>ESMX_Driver: entered Initialize (phase=<none>) without valid internal Clock.
20260727 065153.972 INFO             PET2     <<<ESMX_Driver: leaving Initialize (phase=<none>) without valid internal Clock.
20260727 065153.972 INFO             PET2   ESMX_Driver: InitializeP0 extro.
20260727 065153.972 INFO             PET2   ESMX_Driver: InitializeIPDv02p1 intro.
20260727 065153.973 INFO             PET2     >>>ESMX_Driver: entered Initialize (phase=<none>) without valid internal Clock.
20260727 065153.976 INFO             PET2     ESMX_Driver: IInitAdvertise intro.
20260727 065153.976 INFO             PET2       >>>ESMX_Driver: entered Initialize (phase=<none>) with current time: 2012 10 24  8  0  0   0
20260727 065153.976 INFO             PET2       <<<ESMX_Driver: leaving Initialize (phase=<none>) with current time: 2012 10 24  8  0  0   0
20260727 065153.976 INFO             PET2     ESMX_Driver: IInitAdvertise extro.
20260727 065153.976 INFO             PET2     ESMX_Driver: IInitAdvertiseFinish intro.
20260727 065153.977 INFO             PET2       >>>ESMX_Driver: entered Initialize (phase=<none>) with current time: 2012 10 24  8  0  0   0
20260727 065153.977 INFO             PET2       <<<ESMX_Driver: leaving Initialize (phase=<none>) with current time: 2012 10 24  8  0  0   0
20260727 065153.977 INFO             PET2     ESMX_Driver: IInitAdvertiseFinish extro.
20260727 065153.977 INFO             PET2     ESMX_Driver: IInitModifyCplLists intro.
20260727 065153.977 INFO             PET2       >>>ESMX_Driver: entered Initialize (phase=<none>) with current time: 2012 10 24  8  0  0   0
20260727 065153.977 INFO             PET2       <<<ESMX_Driver: leaving Initialize (phase=<none>) with current time: 2012 10 24  8  0  0   0
20260727 065153.977 INFO             PET2     ESMX_Driver: IInitModifyCplLists extro.
20260727 065153.977 INFO             PET2     <<<ESMX_Driver: leaving Initialize (phase=<none>) with current time: 2012 10 24  8  0  0   0
20260727 065153.977 INFO             PET2   ESMX_Driver: InitializeIPDv02p1 extro.
20260727 065153.978 INFO             PET2   ESMX_Driver: InitializeIPDv02p3 intro.
20260727 065153.978 INFO             PET2     >>>ESMX_Driver: entered Initialize (phase=<none>) with current time: 2012 10 24  8  0  0   0
20260727 065153.978 INFO             PET2     ESMX_Driver: IInitCheck intro.
20260727 065153.980 INFO             PET2       >>>ESMX_Driver: entered Initialize (phase=<none>) with current time: 2012 10 24  8  0  0   0
20260727 065153.980 INFO             PET2       <<<ESMX_Driver: leaving Initialize (phase=<none>) with current time: 2012 10 24  8  0  0   0
20260727 065153.980 INFO             PET2     ESMX_Driver: IInitCheck extro.
20260727 065153.980 INFO             PET2     ESMX_Driver: IInitRealize intro.
20260727 065153.980 INFO             PET2       >>>ESMX_Driver: entered Initialize (phase=<none>) with current time: 2012 10 24  8  0  0   0
20260727 065153.980 INFO             PET2       <<<ESMX_Driver: leaving Initialize (phase=<none>) with current time: 2012 10 24  8  0  0   0
20260727 065153.980 INFO             PET2     ESMX_Driver: IInitRealize extro.
20260727 065153.981 INFO             PET2     <<<ESMX_Driver: leaving Initialize (phase=<none>) with current time: 2012 10 24  8  0  0   0
20260727 065153.981 INFO             PET2   ESMX_Driver: InitializeIPDv02p3 extro.
20260727 065153.981 INFO             PET2   ESMX_Driver: InitializeIPDv02p5 intro.
20260727 065153.981 INFO             PET2     >>>ESMX_Driver: entered Initialize (phase=<none>) with current time: 2012 10 24  8  0  0   0
20260727 065153.981 INFO             PET2     ESMX_Driver: InitializeIPDv02p5Data intro.
20260727 065153.981 INFO             PET2       >>>ESMX_Driver: entered Initialize (phase=<none>) with current time: 2012 10 24  8  0  0   0
20260727 065153.983 INFO             PET2       ESMX_Driver: InternalInitializeComplete intro.
20260727 065153.983 INFO             PET2         >>>ESMX_Driver: entered Initialize (phase=<none>) with current time: 2012 10 24  8  0  0   0
20260727 065153.983 INFO             PET2         <<<ESMX_Driver: leaving Initialize (phase=<none>) with current time: 2012 10 24  8  0  0   0
20260727 065153.984 INFO             PET2       ESMX_Driver: InternalInitializeComplete extro.
20260727 065153.985 INFO             PET2       ESMX_Driver: loopDataDependentInitialize intro.
20260727 065153.985 INFO             PET2         >>>ESMX_Driver: entered Initialize (phase=<none>) with current time: 2012 10 24  8  0  0   0
20260727 065153.992 INFO             PET2         <<<ESMX_Driver: leaving Initialize (phase=<none>) with current time: 2012 10 24  8  0  0   0
20260727 065153.992 INFO             PET2       ESMX_Driver: loopDataDependentInitialize extro.
20260727 065153.992 INFO             PET2       <<<ESMX_Driver: leaving Initialize (phase=<none>) with current time: 2012 10 24  8  0  0   0
20260727 065153.992 INFO             PET2     ESMX_Driver: InitializeIPDv02p5Data extro.
20260727 065153.992 INFO             PET2     <<<ESMX_Driver: leaving Initialize (phase=<none>) with current time: 2012 10 24  8  0  0   0
20260727 065153.992 INFO             PET2   ESMX_Driver: InitializeIPDv02p5 extro.
20260727 065153.992 INFO             PET2   <<<ESMX_Driver: leaving Initialize (phase=<none>) with current time: 2012 10 24  8  0  0   0
20260727 065153.992 INFO             PET2 ESMX_Driver: InitializeGeneric extro.
20260727 065153.992 INFO             PET2 ESMX_Driver: Run intro.
20260727 065153.992 INFO             PET2   >>>ESMX_Driver: entered Run (phase=RunPhase1) with current time: 2012 10 24  8  0  0   0
20260727 065153.992 INFO             PET2   <<<ESMX_Driver: leaving Run (phase=RunPhase1) with current time: 2012 10 24  8  0  0   0
20260727 065153.992 INFO             PET2 ESMX_Driver: Run extro.
20260727 065153.993 INFO             PET2 ESMX_Driver: Finalize intro.
20260727 065153.993 INFO             PET2   >>>ESMX_Driver: entered Finalize (phase=FinalizePhase1) with current time: 2012 10 24  8  0  0   0
20260727 065153.993 INFO             PET2   <<<ESMX_Driver: leaving Finalize (phase=FinalizePhase1) with current time: 2012 10 24  8  0  0   0
20260727 065153.993 INFO             PET2 ESMX_Driver: Finalize extro.
20260727 065153.993 INFO             PET2 =============================================
20260727 065153.993 INFO             PET2 ESMX (Earth System Model eXecutable) FINISHED
20260727 065153.993 INFO             PET2 =============================================
20260727 065153.993 INFO             PET2  Finalizing ESMF
20260727 065153.888 INFO             PET3 !!!!!!!!!!!!!!!!!!!!!!!!!!!!!!!!!!!!!!!!!!!!!!!!!!!!!!
20260727 065153.895 INFO             PET3 !!! THE ESMF_LOG IS SET TO OUTPUT ALL LOG MESSAGES !!!
20260727 065153.895 INFO             PET3 !!!     THIS MAY CAUSE SLOWDOWN IN PERFORMANCE     !!!
20260727 065153.895 INFO             PET3 !!! FOR PRODUCTION RUNS, USE:                      !!!
20260727 065153.895 INFO             PET3 !!!                   ESMF_LOGKIND_Multi_On_Error  !!!
20260727 065153.895 INFO             PET3 !!!!!!!!!!!!!!!!!!!!!!!!!!!!!!!!!!!!!!!!!!!!!!!!!!!!!!
20260727 065153.895 INFO             PET3 Running with ESMF Version   : develop+g6f2cfc7ce0
20260727 065153.895 INFO             PET3 ESMF library build date/time: "Jul 26 2026" "23:36:02"
20260727 065153.895 INFO             PET3 ESMF library build location : /Users/mathomp4/ESMF_Testing/llvm_22.1_openmpi_O_develop/esmf
20260727 065153.895 INFO             PET3 ESMF_COMM                   : openmpi
20260727 065153.895 INFO             PET3 ESMF_MOAB                   : enabled
20260727 065153.895 INFO             PET3 ESMF_LAPACK                 : enabled
20260727 065153.895 INFO             PET3 ESMF_NETCDF                 : disabled
20260727 065153.895 INFO             PET3 ESMF_PNETCDF                : disabled
20260727 065153.895 INFO             PET3 ESMF_PIO                    : disabled
20260727 065153.895 INFO             PET3 ESMF_YAMLCPP                : enabled
20260727 065153.906 INFO             PET3 =============================================
20260727 065153.906 INFO             PET3 ESMX (Earth System Model eXecutable) STARTING
20260727 065153.906 INFO             PET3 =============================================
20260727 065153.926 DEBUG            PET3 Generic SetVM() is executing for: ESMX_Driver
20260727 065153.927 DEBUG            PET3 Generic SetVM() found no NUOPC Hint for: ESMX_Driver
20260727 065153.927 DEBUG            PET3 Generic SetVM() therefore is NOT calling ESMF_GridCompSetVMMaxPEs() for: ESMX_Driver
20260727 065153.974 INFO             PET3 ESMX_Driver: InitializeGeneric intro.
20260727 065153.974 INFO             PET3   >>>ESMX_Driver: entered Initialize (phase=<none>) without valid internal Clock.
20260727 065153.975 INFO             PET3   ESMX_Driver: InitializeP0 intro.
20260727 065153.975 INFO             PET3     >>>ESMX_Driver: entered Initialize (phase=<none>) without valid internal Clock.
20260727 065153.975 INFO             PET3     <<<ESMX_Driver: leaving Initialize (phase=<none>) without valid internal Clock.
20260727 065153.975 INFO             PET3   ESMX_Driver: InitializeP0 extro.
20260727 065153.975 INFO             PET3   ESMX_Driver: InitializeIPDv02p1 intro.
20260727 065153.975 INFO             PET3     >>>ESMX_Driver: entered Initialize (phase=<none>) without valid internal Clock.
20260727 065153.978 INFO             PET3     ESMX_Driver: IInitAdvertise intro.
20260727 065153.978 INFO             PET3       >>>ESMX_Driver: entered Initialize (phase=<none>) with current time: 2012 10 24  8  0  0   0
20260727 065153.978 INFO             PET3       <<<ESMX_Driver: leaving Initialize (phase=<none>) with current time: 2012 10 24  8  0  0   0
20260727 065153.978 INFO             PET3     ESMX_Driver: IInitAdvertise extro.
20260727 065153.979 INFO             PET3     ESMX_Driver: IInitAdvertiseFinish intro.
20260727 065153.979 INFO             PET3       >>>ESMX_Driver: entered Initialize (phase=<none>) with current time: 2012 10 24  8  0  0   0
20260727 065153.979 INFO             PET3       <<<ESMX_Driver: leaving Initialize (phase=<none>) with current time: 2012 10 24  8  0  0   0
20260727 065153.979 INFO             PET3     ESMX_Driver: IInitAdvertiseFinish extro.
20260727 065153.979 INFO             PET3     ESMX_Driver: IInitModifyCplLists intro.
20260727 065153.979 INFO             PET3       >>>ESMX_Driver: entered Initialize (phase=<none>) with current time: 2012 10 24  8  0  0   0
20260727 065153.979 INFO             PET3       <<<ESMX_Driver: leaving Initialize (phase=<none>) with current time: 2012 10 24  8  0  0   0
20260727 065153.979 INFO             PET3     ESMX_Driver: IInitModifyCplLists extro.
20260727 065153.979 INFO             PET3     <<<ESMX_Driver: leaving Initialize (phase=<none>) with current time: 2012 10 24  8  0  0   0
20260727 065153.979 INFO             PET3   ESMX_Driver: InitializeIPDv02p1 extro.
20260727 065153.979 INFO             PET3   ESMX_Driver: InitializeIPDv02p3 intro.
20260727 065153.979 INFO             PET3     >>>ESMX_Driver: entered Initialize (phase=<none>) with current time: 2012 10 24  8  0  0   0
20260727 065153.980 INFO             PET3     ESMX_Driver: IInitCheck intro.
20260727 065153.980 INFO             PET3       >>>ESMX_Driver: entered Initialize (phase=<none>) with current time: 2012 10 24  8  0  0   0
20260727 065153.981 INFO             PET3       <<<ESMX_Driver: leaving Initialize (phase=<none>) with current time: 2012 10 24  8  0  0   0
20260727 065153.981 INFO             PET3     ESMX_Driver: IInitCheck extro.
20260727 065153.981 INFO             PET3     ESMX_Driver: IInitRealize intro.
20260727 065153.981 INFO             PET3       >>>ESMX_Driver: entered Initialize (phase=<none>) with current time: 2012 10 24  8  0  0   0
20260727 065153.982 INFO             PET3       <<<ESMX_Driver: leaving Initialize (phase=<none>) with current time: 2012 10 24  8  0  0   0
20260727 065153.982 INFO             PET3     ESMX_Driver: IInitRealize extro.
20260727 065153.982 INFO             PET3     <<<ESMX_Driver: leaving Initialize (phase=<none>) with current time: 2012 10 24  8  0  0   0
20260727 065153.982 INFO             PET3   ESMX_Driver: InitializeIPDv02p3 extro.
20260727 065153.982 INFO             PET3   ESMX_Driver: InitializeIPDv02p5 intro.
20260727 065153.982 INFO             PET3     >>>ESMX_Driver: entered Initialize (phase=<none>) with current time: 2012 10 24  8  0  0   0
20260727 065153.982 INFO             PET3     ESMX_Driver: InitializeIPDv02p5Data intro.
20260727 065153.982 INFO             PET3       >>>ESMX_Driver: entered Initialize (phase=<none>) with current time: 2012 10 24  8  0  0   0
20260727 065153.982 INFO             PET3       ESMX_Driver: InternalInitializeComplete intro.
20260727 065153.982 INFO             PET3         >>>ESMX_Driver: entered Initialize (phase=<none>) with current time: 2012 10 24  8  0  0   0
20260727 065153.982 INFO             PET3         <<<ESMX_Driver: leaving Initialize (phase=<none>) with current time: 2012 10 24  8  0  0   0
20260727 065153.982 INFO             PET3       ESMX_Driver: InternalInitializeComplete extro.
20260727 065153.986 INFO             PET3       ESMX_Driver: loopDataDependentInitialize intro.
20260727 065153.986 INFO             PET3         >>>ESMX_Driver: entered Initialize (phase=<none>) with current time: 2012 10 24  8  0  0   0
20260727 065153.991 INFO             PET3         <<<ESMX_Driver: leaving Initialize (phase=<none>) with current time: 2012 10 24  8  0  0   0
20260727 065153.991 INFO             PET3       ESMX_Driver: loopDataDependentInitialize extro.
20260727 065153.991 INFO             PET3       <<<ESMX_Driver: leaving Initialize (phase=<none>) with current time: 2012 10 24  8  0  0   0
20260727 065153.991 INFO             PET3     ESMX_Driver: InitializeIPDv02p5Data extro.
20260727 065153.991 INFO             PET3     <<<ESMX_Driver: leaving Initialize (phase=<none>) with current time: 2012 10 24  8  0  0   0
20260727 065153.991 INFO             PET3   ESMX_Driver: InitializeIPDv02p5 extro.
20260727 065153.991 INFO             PET3   <<<ESMX_Driver: leaving Initialize (phase=<none>) with current time: 2012 10 24  8  0  0   0
20260727 065153.991 INFO             PET3 ESMX_Driver: InitializeGeneric extro.
20260727 065153.991 INFO             PET3 ESMX_Driver: Run intro.
20260727 065153.991 INFO             PET3   >>>ESMX_Driver: entered Run (phase=RunPhase1) with current time: 2012 10 24  8  0  0   0
20260727 065153.991 INFO             PET3   <<<ESMX_Driver: leaving Run (phase=RunPhase1) with current time: 2012 10 24  8  0  0   0
20260727 065153.991 INFO             PET3 ESMX_Driver: Run extro.
20260727 065153.992 INFO             PET3 ESMX_Driver: Finalize intro.
20260727 065153.992 INFO             PET3   >>>ESMX_Driver: entered Finalize (phase=FinalizePhase1) with current time: 2012 10 24  8  0  0   0
20260727 065153.992 INFO             PET3   <<<ESMX_Driver: leaving Finalize (phase=FinalizePhase1) with current time: 2012 10 24  8  0  0   0
20260727 065153.992 INFO             PET3 ESMX_Driver: Finalize extro.
20260727 065153.992 INFO             PET3 =============================================
20260727 065153.992 INFO             PET3 ESMX (Earth System Model eXecutable) FINISHED
20260727 065153.992 INFO             PET3 =============================================
20260727 065153.992 INFO             PET3  Finalizing ESMF
