2026-05-29 23:35:09
20260530 010220.566 INFO             PET0 !!!!!!!!!!!!!!!!!!!!!!!!!!!!!!!!!!!!!!!!!!!!!!!!!!!!!!
20260530 010220.566 INFO             PET0 !!! THE ESMF_LOG IS SET TO OUTPUT ALL LOG MESSAGES !!!
20260530 010220.566 INFO             PET0 !!!     THIS MAY CAUSE SLOWDOWN IN PERFORMANCE     !!!
20260530 010220.566 INFO             PET0 !!! FOR PRODUCTION RUNS, USE:                      !!!
20260530 010220.566 INFO             PET0 !!!                   ESMF_LOGKIND_Multi_On_Error  !!!
20260530 010220.566 INFO             PET0 !!!!!!!!!!!!!!!!!!!!!!!!!!!!!!!!!!!!!!!!!!!!!!!!!!!!!!
20260530 010220.566 INFO             PET0 Running with ESMF Version   : develop+gf183dd1f0b
20260530 010220.566 INFO             PET0 ESMF library build date/time: "May 29 2026" "23:30:30"
20260530 010220.566 INFO             PET0 ESMF library build location : /discover/nobackup/projects/gmao/SIteam/ESMF_Testing/nvhpc_26.1_openmpi_O_develop/esmf
20260530 010220.566 INFO             PET0 ESMF_COMM                   : openmpi
20260530 010220.567 INFO             PET0 ESMF_MOAB                   : enabled
20260530 010220.567 INFO             PET0 ESMF_LAPACK                 : enabled
20260530 010220.567 INFO             PET0 ESMF_NETCDF                 : disabled
20260530 010220.567 INFO             PET0 ESMF_PNETCDF                : disabled
20260530 010220.567 INFO             PET0 ESMF_PIO                    : disabled
20260530 010220.567 INFO             PET0 ESMF_YAMLCPP                : enabled
20260530 010220.567 INFO             PET0  NUMBER_OF_PROCESSORS            1
20260530 010220.567 INFO             PET0  PASS  Example ESMF_ClockEx, ESMF_ClockEx.F90, line 220
20260530 010220.567 INFO             PET0  Finalizing ESMF
