2026-06-01 01:21:01
20260601 035956.159 INFO             PET0 !!!!!!!!!!!!!!!!!!!!!!!!!!!!!!!!!!!!!!!!!!!!!!!!!!!!!!
20260601 035956.159 INFO             PET0 !!! THE ESMF_LOG IS SET TO OUTPUT ALL LOG MESSAGES !!!
20260601 035956.159 INFO             PET0 !!!     THIS MAY CAUSE SLOWDOWN IN PERFORMANCE     !!!
20260601 035956.159 INFO             PET0 !!! FOR PRODUCTION RUNS, USE:                      !!!
20260601 035956.159 INFO             PET0 !!!                   ESMF_LOGKIND_Multi_On_Error  !!!
20260601 035956.159 INFO             PET0 !!!!!!!!!!!!!!!!!!!!!!!!!!!!!!!!!!!!!!!!!!!!!!!!!!!!!!
20260601 035956.159 INFO             PET0 Running with ESMF Version   : develop+gf183dd1f0b
20260601 035956.159 INFO             PET0 ESMF library build date/time: "Jun  1 2026" "01:16:40"
20260601 035956.159 INFO             PET0 ESMF library build location : /discover/nobackup/projects/gmao/SIteam/ESMF_Testing/nvhpc_26.1_openmpi_O_develop/esmf
20260601 035956.159 INFO             PET0 ESMF_COMM                   : openmpi
20260601 035956.159 INFO             PET0 ESMF_MOAB                   : enabled
20260601 035956.159 INFO             PET0 ESMF_LAPACK                 : enabled
20260601 035956.159 INFO             PET0 ESMF_NETCDF                 : disabled
20260601 035956.159 INFO             PET0 ESMF_PNETCDF                : disabled
20260601 035956.159 INFO             PET0 ESMF_PIO                    : disabled
20260601 035956.159 INFO             PET0 ESMF_YAMLCPP                : enabled
20260601 035956.159 INFO             PET0  NUMBER_OF_PROCESSORS            4
20260601 035956.159 INFO             PET0  PASS  Example ESMF_VMUserMpiCommMultiEx, ESMF_VMUserMpiCommMultiEx.F90, line 126
20260601 035956.159 INFO             PET0  Finalizing ESMF with endflag==ESMF_END_KEEPMPI
20260601 035956.158 INFO             PET0 !!!!!!!!!!!!!!!!!!!!!!!!!!!!!!!!!!!!!!!!!!!!!!!!!!!!!!
20260601 035956.158 INFO             PET0 !!! THE ESMF_LOG IS SET TO OUTPUT ALL LOG MESSAGES !!!
20260601 035956.158 INFO             PET0 !!!     THIS MAY CAUSE SLOWDOWN IN PERFORMANCE     !!!
20260601 035956.158 INFO             PET0 !!! FOR PRODUCTION RUNS, USE:                      !!!
20260601 035956.158 INFO             PET0 !!!                   ESMF_LOGKIND_Multi_On_Error  !!!
20260601 035956.158 INFO             PET0 !!!!!!!!!!!!!!!!!!!!!!!!!!!!!!!!!!!!!!!!!!!!!!!!!!!!!!
20260601 035956.158 INFO             PET0 Running with ESMF Version   : develop+gf183dd1f0b
20260601 035956.158 INFO             PET0 ESMF library build date/time: "Jun  1 2026" "01:16:40"
20260601 035956.158 INFO             PET0 ESMF library build location : /discover/nobackup/projects/gmao/SIteam/ESMF_Testing/nvhpc_26.1_openmpi_O_develop/esmf
20260601 035956.158 INFO             PET0 ESMF_COMM                   : openmpi
20260601 035956.159 INFO             PET0 ESMF_MOAB                   : enabled
20260601 035956.159 INFO             PET0 ESMF_LAPACK                 : enabled
20260601 035956.159 INFO             PET0 ESMF_NETCDF                 : disabled
20260601 035956.159 INFO             PET0 ESMF_PNETCDF                : disabled
20260601 035956.159 INFO             PET0 ESMF_PIO                    : disabled
20260601 035956.159 INFO             PET0 ESMF_YAMLCPP                : enabled
20260601 035956.159 INFO             PET0  NUMBER_OF_PROCESSORS            4
20260601 035956.159 INFO             PET0  PASS  Example ESMF_VMUserMpiCommMultiEx, ESMF_VMUserMpiCommMultiEx.F90, line 154
20260601 035956.159 INFO             PET0  Finalizing ESMF with endflag==ESMF_END_KEEPMPI
20260601 035956.159 INFO             PET1 !!!!!!!!!!!!!!!!!!!!!!!!!!!!!!!!!!!!!!!!!!!!!!!!!!!!!!
20260601 035956.159 INFO             PET1 !!! THE ESMF_LOG IS SET TO OUTPUT ALL LOG MESSAGES !!!
20260601 035956.159 INFO             PET1 !!!     THIS MAY CAUSE SLOWDOWN IN PERFORMANCE     !!!
20260601 035956.159 INFO             PET1 !!! FOR PRODUCTION RUNS, USE:                      !!!
20260601 035956.159 INFO             PET1 !!!                   ESMF_LOGKIND_Multi_On_Error  !!!
20260601 035956.159 INFO             PET1 !!!!!!!!!!!!!!!!!!!!!!!!!!!!!!!!!!!!!!!!!!!!!!!!!!!!!!
20260601 035956.159 INFO             PET1 Running with ESMF Version   : develop+gf183dd1f0b
20260601 035956.159 INFO             PET1 ESMF library build date/time: "Jun  1 2026" "01:16:40"
20260601 035956.159 INFO             PET1 ESMF library build location : /discover/nobackup/projects/gmao/SIteam/ESMF_Testing/nvhpc_26.1_openmpi_O_develop/esmf
20260601 035956.159 INFO             PET1 ESMF_COMM                   : openmpi
20260601 035956.159 INFO             PET1 ESMF_MOAB                   : enabled
20260601 035956.159 INFO             PET1 ESMF_LAPACK                 : enabled
20260601 035956.159 INFO             PET1 ESMF_NETCDF                 : disabled
20260601 035956.159 INFO             PET1 ESMF_PNETCDF                : disabled
20260601 035956.159 INFO             PET1 ESMF_PIO                    : disabled
20260601 035956.159 INFO             PET1 ESMF_YAMLCPP                : enabled
20260601 035956.159 INFO             PET1  NUMBER_OF_PROCESSORS            4
20260601 035956.159 INFO             PET1  PASS  Example ESMF_VMUserMpiCommMultiEx, ESMF_VMUserMpiCommMultiEx.F90, line 126
20260601 035956.159 INFO             PET1  Finalizing ESMF with endflag==ESMF_END_KEEPMPI
20260601 035956.159 INFO             PET1 !!!!!!!!!!!!!!!!!!!!!!!!!!!!!!!!!!!!!!!!!!!!!!!!!!!!!!
20260601 035956.159 INFO             PET1 !!! THE ESMF_LOG IS SET TO OUTPUT ALL LOG MESSAGES !!!
20260601 035956.159 INFO             PET1 !!!     THIS MAY CAUSE SLOWDOWN IN PERFORMANCE     !!!
20260601 035956.159 INFO             PET1 !!! FOR PRODUCTION RUNS, USE:                      !!!
20260601 035956.159 INFO             PET1 !!!                   ESMF_LOGKIND_Multi_On_Error  !!!
20260601 035956.159 INFO             PET1 !!!!!!!!!!!!!!!!!!!!!!!!!!!!!!!!!!!!!!!!!!!!!!!!!!!!!!
20260601 035956.159 INFO             PET1 Running with ESMF Version   : develop+gf183dd1f0b
20260601 035956.159 INFO             PET1 ESMF library build date/time: "Jun  1 2026" "01:16:40"
20260601 035956.159 INFO             PET1 ESMF library build location : /discover/nobackup/projects/gmao/SIteam/ESMF_Testing/nvhpc_26.1_openmpi_O_develop/esmf
20260601 035956.159 INFO             PET1 ESMF_COMM                   : openmpi
20260601 035956.159 INFO             PET1 ESMF_MOAB                   : enabled
20260601 035956.159 INFO             PET1 ESMF_LAPACK                 : enabled
20260601 035956.159 INFO             PET1 ESMF_NETCDF                 : disabled
20260601 035956.159 INFO             PET1 ESMF_PNETCDF                : disabled
20260601 035956.159 INFO             PET1 ESMF_PIO                    : disabled
20260601 035956.159 INFO             PET1 ESMF_YAMLCPP                : enabled
20260601 035956.159 INFO             PET1  NUMBER_OF_PROCESSORS            4
20260601 035956.159 INFO             PET1  PASS  Example ESMF_VMUserMpiCommMultiEx, ESMF_VMUserMpiCommMultiEx.F90, line 154
20260601 035956.159 INFO             PET1  Finalizing ESMF with endflag==ESMF_END_KEEPMPI
