2026-06-01 01:25:54
20260601 040530.360 INFO             PET0 !!!!!!!!!!!!!!!!!!!!!!!!!!!!!!!!!!!!!!!!!!!!!!!!!!!!!!
20260601 040530.360 INFO             PET0 !!! THE ESMF_LOG IS SET TO OUTPUT ALL LOG MESSAGES !!!
20260601 040530.360 INFO             PET0 !!!     THIS MAY CAUSE SLOWDOWN IN PERFORMANCE     !!!
20260601 040530.360 INFO             PET0 !!! FOR PRODUCTION RUNS, USE:                      !!!
20260601 040530.360 INFO             PET0 !!!                   ESMF_LOGKIND_Multi_On_Error  !!!
20260601 040530.360 INFO             PET0 !!!!!!!!!!!!!!!!!!!!!!!!!!!!!!!!!!!!!!!!!!!!!!!!!!!!!!
20260601 040530.360 INFO             PET0 Running with ESMF Version   : develop+gf183dd1f0b
20260601 040530.360 INFO             PET0 ESMF library build date/time: "Jun  1 2026" "01:21:41"
20260601 040530.360 INFO             PET0 ESMF library build location : /discover/nobackup/projects/gmao/SIteam/ESMF_Testing/nvhpc_26.1_openmpi_g_develop/esmf
20260601 040530.360 INFO             PET0 ESMF_COMM                   : openmpi
20260601 040530.361 INFO             PET0 ESMF_MOAB                   : enabled
20260601 040530.361 INFO             PET0 ESMF_LAPACK                 : enabled
20260601 040530.361 INFO             PET0 ESMF_NETCDF                 : disabled
20260601 040530.361 INFO             PET0 ESMF_PNETCDF                : disabled
20260601 040530.361 INFO             PET0 ESMF_PIO                    : disabled
20260601 040530.361 INFO             PET0 ESMF_YAMLCPP                : enabled
20260601 040536.679 INFO             PET0  NUMBER_OF_PROCESSORS            4
20260601 040536.679 INFO             PET0  PASS  Example ESMF_FieldSphereRegridEx, ESMF_FieldSphereRegridEx.F90, line 407
20260601 040536.679 INFO             PET0  Finalizing ESMF
20260601 040530.361 INFO             PET1 !!!!!!!!!!!!!!!!!!!!!!!!!!!!!!!!!!!!!!!!!!!!!!!!!!!!!!
20260601 040530.361 INFO             PET1 !!! THE ESMF_LOG IS SET TO OUTPUT ALL LOG MESSAGES !!!
20260601 040530.361 INFO             PET1 !!!     THIS MAY CAUSE SLOWDOWN IN PERFORMANCE     !!!
20260601 040530.361 INFO             PET1 !!! FOR PRODUCTION RUNS, USE:                      !!!
20260601 040530.361 INFO             PET1 !!!                   ESMF_LOGKIND_Multi_On_Error  !!!
20260601 040530.361 INFO             PET1 !!!!!!!!!!!!!!!!!!!!!!!!!!!!!!!!!!!!!!!!!!!!!!!!!!!!!!
20260601 040530.361 INFO             PET1 Running with ESMF Version   : develop+gf183dd1f0b
20260601 040530.361 INFO             PET1 ESMF library build date/time: "Jun  1 2026" "01:21:41"
20260601 040530.361 INFO             PET1 ESMF library build location : /discover/nobackup/projects/gmao/SIteam/ESMF_Testing/nvhpc_26.1_openmpi_g_develop/esmf
20260601 040530.361 INFO             PET1 ESMF_COMM                   : openmpi
20260601 040530.361 INFO             PET1 ESMF_MOAB                   : enabled
20260601 040530.361 INFO             PET1 ESMF_LAPACK                 : enabled
20260601 040530.361 INFO             PET1 ESMF_NETCDF                 : disabled
20260601 040530.361 INFO             PET1 ESMF_PNETCDF                : disabled
20260601 040530.361 INFO             PET1 ESMF_PIO                    : disabled
20260601 040530.361 INFO             PET1 ESMF_YAMLCPP                : enabled
20260601 040536.679 INFO             PET1  NUMBER_OF_PROCESSORS            4
20260601 040536.679 INFO             PET1  PASS  Example ESMF_FieldSphereRegridEx, ESMF_FieldSphereRegridEx.F90, line 407
20260601 040536.679 INFO             PET1  Finalizing ESMF
20260601 040530.360 INFO             PET2 !!!!!!!!!!!!!!!!!!!!!!!!!!!!!!!!!!!!!!!!!!!!!!!!!!!!!!
20260601 040530.360 INFO             PET2 !!! THE ESMF_LOG IS SET TO OUTPUT ALL LOG MESSAGES !!!
20260601 040530.360 INFO             PET2 !!!     THIS MAY CAUSE SLOWDOWN IN PERFORMANCE     !!!
20260601 040530.360 INFO             PET2 !!! FOR PRODUCTION RUNS, USE:                      !!!
20260601 040530.360 INFO             PET2 !!!                   ESMF_LOGKIND_Multi_On_Error  !!!
20260601 040530.360 INFO             PET2 !!!!!!!!!!!!!!!!!!!!!!!!!!!!!!!!!!!!!!!!!!!!!!!!!!!!!!
20260601 040530.360 INFO             PET2 Running with ESMF Version   : develop+gf183dd1f0b
20260601 040530.360 INFO             PET2 ESMF library build date/time: "Jun  1 2026" "01:21:41"
20260601 040530.360 INFO             PET2 ESMF library build location : /discover/nobackup/projects/gmao/SIteam/ESMF_Testing/nvhpc_26.1_openmpi_g_develop/esmf
20260601 040530.360 INFO             PET2 ESMF_COMM                   : openmpi
20260601 040530.361 INFO             PET2 ESMF_MOAB                   : enabled
20260601 040530.361 INFO             PET2 ESMF_LAPACK                 : enabled
20260601 040530.361 INFO             PET2 ESMF_NETCDF                 : disabled
20260601 040530.361 INFO             PET2 ESMF_PNETCDF                : disabled
20260601 040530.361 INFO             PET2 ESMF_PIO                    : disabled
20260601 040530.361 INFO             PET2 ESMF_YAMLCPP                : enabled
20260601 040536.680 INFO             PET2  NUMBER_OF_PROCESSORS            4
20260601 040536.680 INFO             PET2  PASS  Example ESMF_FieldSphereRegridEx, ESMF_FieldSphereRegridEx.F90, line 407
20260601 040536.680 INFO             PET2  Finalizing ESMF
20260601 040530.361 INFO             PET3 !!!!!!!!!!!!!!!!!!!!!!!!!!!!!!!!!!!!!!!!!!!!!!!!!!!!!!
20260601 040530.361 INFO             PET3 !!! THE ESMF_LOG IS SET TO OUTPUT ALL LOG MESSAGES !!!
20260601 040530.361 INFO             PET3 !!!     THIS MAY CAUSE SLOWDOWN IN PERFORMANCE     !!!
20260601 040530.361 INFO             PET3 !!! FOR PRODUCTION RUNS, USE:                      !!!
20260601 040530.361 INFO             PET3 !!!                   ESMF_LOGKIND_Multi_On_Error  !!!
20260601 040530.361 INFO             PET3 !!!!!!!!!!!!!!!!!!!!!!!!!!!!!!!!!!!!!!!!!!!!!!!!!!!!!!
20260601 040530.361 INFO             PET3 Running with ESMF Version   : develop+gf183dd1f0b
20260601 040530.361 INFO             PET3 ESMF library build date/time: "Jun  1 2026" "01:21:41"
20260601 040530.361 INFO             PET3 ESMF library build location : /discover/nobackup/projects/gmao/SIteam/ESMF_Testing/nvhpc_26.1_openmpi_g_develop/esmf
20260601 040530.361 INFO             PET3 ESMF_COMM                   : openmpi
20260601 040530.361 INFO             PET3 ESMF_MOAB                   : enabled
20260601 040530.361 INFO             PET3 ESMF_LAPACK                 : enabled
20260601 040530.361 INFO             PET3 ESMF_NETCDF                 : disabled
20260601 040530.361 INFO             PET3 ESMF_PNETCDF                : disabled
20260601 040530.361 INFO             PET3 ESMF_PIO                    : disabled
20260601 040530.361 INFO             PET3 ESMF_YAMLCPP                : enabled
20260601 040536.679 INFO             PET3  NUMBER_OF_PROCESSORS            4
20260601 040536.679 INFO             PET3  PASS  Example ESMF_FieldSphereRegridEx, ESMF_FieldSphereRegridEx.F90, line 407
20260601 040536.679 INFO             PET3  Finalizing ESMF
