2026-08-03 23:06:04
20260804 001818.713 INFO             PET0 !!!!!!!!!!!!!!!!!!!!!!!!!!!!!!!!!!!!!!!!!!!!!!!!!!!!!!
20260804 001818.713 INFO             PET0 !!! THE ESMF_LOG IS SET TO OUTPUT ALL LOG MESSAGES !!!
20260804 001818.713 INFO             PET0 !!!     THIS MAY CAUSE SLOWDOWN IN PERFORMANCE     !!!
20260804 001818.713 INFO             PET0 !!! FOR PRODUCTION RUNS, USE:                      !!!
20260804 001818.713 INFO             PET0 !!!                   ESMF_LOGKIND_Multi_On_Error  !!!
20260804 001818.713 INFO             PET0 !!!!!!!!!!!!!!!!!!!!!!!!!!!!!!!!!!!!!!!!!!!!!!!!!!!!!!
20260804 001818.713 INFO             PET0 Running with ESMF Version   : develop+g45870de0c5
20260804 001818.713 INFO             PET0 ESMF library build date/time: "Aug  3 2026" "23:01:45"
20260804 001818.713 INFO             PET0 ESMF library build location : /discover/nobackup/projects/gmao/SIteam/ESMF_Testing/nvhpc_26.1_openmpi_g_develop/esmf
20260804 001818.713 INFO             PET0 ESMF_COMM                   : openmpi
20260804 001818.713 INFO             PET0 ESMF_MOAB                   : enabled
20260804 001818.713 INFO             PET0 ESMF_LAPACK                 : enabled
20260804 001818.713 INFO             PET0 ESMF_NETCDF                 : disabled
20260804 001818.713 INFO             PET0 ESMF_PNETCDF                : disabled
20260804 001818.713 INFO             PET0 ESMF_PIO                    : disabled
20260804 001818.713 INFO             PET0 ESMF_YAMLCPP                : enabled
20260804 001818.714 INFO             PET0  NUMBER_OF_PROCESSORS            1
20260804 001818.714 INFO             PET0  PASS  Example ESMF_AlarmEx, ESMF_AlarmEx.F90, line 244
20260804 001818.714 INFO             PET0  Finalizing ESMF
