2026-05-22 01:44:09
20260522 030418.097 INFO             PET0 !!!!!!!!!!!!!!!!!!!!!!!!!!!!!!!!!!!!!!!!!!!!!!!!!!!!!!
20260522 030418.097 INFO             PET0 !!! THE ESMF_LOG IS SET TO OUTPUT ALL LOG MESSAGES !!!
20260522 030418.097 INFO             PET0 !!!     THIS MAY CAUSE SLOWDOWN IN PERFORMANCE     !!!
20260522 030418.097 INFO             PET0 !!! FOR PRODUCTION RUNS, USE:                      !!!
20260522 030418.097 INFO             PET0 !!!                   ESMF_LOGKIND_Multi_On_Error  !!!
20260522 030418.097 INFO             PET0 !!!!!!!!!!!!!!!!!!!!!!!!!!!!!!!!!!!!!!!!!!!!!!!!!!!!!!
20260522 030418.097 INFO             PET0 Running with ESMF Version   : develop+g3a22a06bd4
20260522 030418.097 INFO             PET0 ESMF library build date/time: "May 22 2026" "01:40:00"
20260522 030418.097 INFO             PET0 ESMF library build location : /discover/nobackup/projects/gmao/SIteam/ESMF_Testing/nvhpc_26.1_openmpi_g_develop/esmf
20260522 030418.097 INFO             PET0 ESMF_COMM                   : openmpi
20260522 030418.097 INFO             PET0 ESMF_MOAB                   : enabled
20260522 030418.097 INFO             PET0 ESMF_LAPACK                 : enabled
20260522 030418.097 INFO             PET0 ESMF_NETCDF                 : disabled
20260522 030418.097 INFO             PET0 ESMF_PNETCDF                : disabled
20260522 030418.097 INFO             PET0 ESMF_PIO                    : disabled
20260522 030418.097 INFO             PET0 ESMF_YAMLCPP                : enabled
20260522 030418.097 INFO             PET0  NUMBER_OF_PROCESSORS            1
20260522 030418.097 INFO             PET0  PASS  Example CalendarEx, ESMF_CalendarEx.F90, line 217
20260522 030418.097 INFO             PET0  Finalizing ESMF
