2026-08-25 23:42:26
20260826 080642.647 INFO             PET0 !!!!!!!!!!!!!!!!!!!!!!!!!!!!!!!!!!!!!!!!!!!!!!!!!!!!!!
20260826 080642.647 INFO             PET0 !!! THE ESMF_LOG IS SET TO OUTPUT ALL LOG MESSAGES !!!
20260826 080642.647 INFO             PET0 !!!     THIS MAY CAUSE SLOWDOWN IN PERFORMANCE     !!!
20260826 080642.647 INFO             PET0 !!! FOR PRODUCTION RUNS, USE:                      !!!
20260826 080642.647 INFO             PET0 !!!                   ESMF_LOGKIND_Multi_On_Error  !!!
20260826 080642.647 INFO             PET0 !!!!!!!!!!!!!!!!!!!!!!!!!!!!!!!!!!!!!!!!!!!!!!!!!!!!!!
20260826 080642.647 INFO             PET0 Running with ESMF Version   : develop+g1082792c4b
20260826 080642.647 INFO             PET0 ESMF library build date/time: "Aug 25 2026" "23:38:14"
20260826 080642.647 INFO             PET0 ESMF library build location : /discover/nobackup/projects/gmao/SIteam/ESMF_Testing/nvhpc_26.1_openmpi_g_develop/esmf
20260826 080642.647 INFO             PET0 ESMF_COMM                   : openmpi
20260826 080642.647 INFO             PET0 ESMF_MOAB                   : enabled
20260826 080642.647 INFO             PET0 ESMF_LAPACK                 : enabled
20260826 080642.647 INFO             PET0 ESMF_NETCDF                 : disabled
20260826 080642.647 INFO             PET0 ESMF_PNETCDF                : disabled
20260826 080642.647 INFO             PET0 ESMF_PIO                    : disabled
20260826 080642.647 INFO             PET0 ESMF_YAMLCPP                : enabled
20260826 080642.647 INFO             PET0  NUMBER_OF_PROCESSORS            1
20260826 080642.647 INFO             PET0  PASS  Example ESMF_TimeIntervalEx, ESMF_TimeIntervalEx.F90, line 176
20260826 080642.647 INFO             PET0  Finalizing ESMF
