2026-06-15 17:19:09
20260615 173358.581 INFO             PET0 !!!!!!!!!!!!!!!!!!!!!!!!!!!!!!!!!!!!!!!!!!!!!!!!!!!!!!
20260615 173358.582 INFO             PET0 !!! THE ESMF_LOG IS SET TO OUTPUT ALL LOG MESSAGES !!!
20260615 173358.582 INFO             PET0 !!!     THIS MAY CAUSE SLOWDOWN IN PERFORMANCE     !!!
20260615 173358.582 INFO             PET0 !!! FOR PRODUCTION RUNS, USE:                      !!!
20260615 173358.582 INFO             PET0 !!!                   ESMF_LOGKIND_Multi_On_Error  !!!
20260615 173358.582 INFO             PET0 !!!!!!!!!!!!!!!!!!!!!!!!!!!!!!!!!!!!!!!!!!!!!!!!!!!!!!
20260615 173358.582 INFO             PET0 Running with ESMF Version   : develop+g2ad1b7a070
20260615 173358.582 INFO             PET0 ESMF library build date/time: "Jun 15 2026" "17:18:20"
20260615 173358.582 INFO             PET0 ESMF library build location : /Users/theurich/ESMF-Nightly-Testing/nag_7.2.44_mpiuni_g_develop/esmf
20260615 173358.582 INFO             PET0 ESMF_COMM                   : mpiuni
20260615 173358.582 INFO             PET0 ESMF_MOAB                   : enabled
20260615 173358.582 INFO             PET0 ESMF_LAPACK                 : enabled
20260615 173358.582 INFO             PET0 ESMF_NETCDF                 : enabled
20260615 173358.582 INFO             PET0 ESMF_PNETCDF                : disabled
20260615 173358.582 INFO             PET0 ESMF_PIO                    : enabled
20260615 173358.582 INFO             PET0 ESMF_YAMLCPP                : enabled
20260615 173358.593 INFO             PET0  NUMBER_OF_PROCESSORS 1
20260615 173358.593 INFO             PET0  PASS  Example ESMF_NUOPCBasicModelEx, ESMF_NUOPCBasicModelEx.F90, line 339
20260615 173358.593 INFO             PET0  Finalizing ESMF
