2026-06-12 03:45:27
20260612 040133.685 INFO             PET0 !!!!!!!!!!!!!!!!!!!!!!!!!!!!!!!!!!!!!!!!!!!!!!!!!!!!!!
20260612 040133.685 INFO             PET0 !!! THE ESMF_LOG IS SET TO OUTPUT ALL LOG MESSAGES !!!
20260612 040133.685 INFO             PET0 !!!     THIS MAY CAUSE SLOWDOWN IN PERFORMANCE     !!!
20260612 040133.685 INFO             PET0 !!! FOR PRODUCTION RUNS, USE:                      !!!
20260612 040133.685 INFO             PET0 !!!                   ESMF_LOGKIND_Multi_On_Error  !!!
20260612 040133.685 INFO             PET0 !!!!!!!!!!!!!!!!!!!!!!!!!!!!!!!!!!!!!!!!!!!!!!!!!!!!!!
20260612 040133.685 INFO             PET0 Running with ESMF Version   : develop+g44805b02cc
20260612 040133.685 INFO             PET0 ESMF library build date/time: "Jun 12 2026" "03:44:39"
20260612 040133.685 INFO             PET0 ESMF library build location : /tmp/intel_2025.2.1_mpiuni_g_develop/esmf
20260612 040133.685 INFO             PET0 ESMF_COMM                   : mpiuni
20260612 040133.685 INFO             PET0 ESMF_MOAB                   : enabled
20260612 040133.685 INFO             PET0 ESMF_LAPACK                 : enabled
20260612 040133.685 INFO             PET0 ESMF_NETCDF                 : enabled
20260612 040133.685 INFO             PET0 ESMF_PNETCDF                : disabled
20260612 040133.685 INFO             PET0 ESMF_PIO                    : enabled
20260612 040133.685 INFO             PET0 ESMF_YAMLCPP                : enabled
20260612 040133.690 INFO             PET0  NUMBER_OF_PROCESSORS           1
20260612 040133.690 INFO             PET0  PASS  Example ESMF_FieldArbGridEx, ESMF_FieldArbGridEx.F90, line 243
20260612 040133.690 INFO             PET0  Finalizing ESMF
