2026-08-03 03:43:15
20260803 035929.004 INFO             PET0 !!!!!!!!!!!!!!!!!!!!!!!!!!!!!!!!!!!!!!!!!!!!!!!!!!!!!!
20260803 035929.004 INFO             PET0 !!! THE ESMF_LOG IS SET TO OUTPUT ALL LOG MESSAGES !!!
20260803 035929.004 INFO             PET0 !!!     THIS MAY CAUSE SLOWDOWN IN PERFORMANCE     !!!
20260803 035929.004 INFO             PET0 !!! FOR PRODUCTION RUNS, USE:                      !!!
20260803 035929.004 INFO             PET0 !!!                   ESMF_LOGKIND_Multi_On_Error  !!!
20260803 035929.004 INFO             PET0 !!!!!!!!!!!!!!!!!!!!!!!!!!!!!!!!!!!!!!!!!!!!!!!!!!!!!!
20260803 035929.004 INFO             PET0 Running with ESMF Version   : develop+g02ff1b231d
20260803 035929.004 INFO             PET0 ESMF library build date/time: "Aug  3 2026" "03:42:27"
20260803 035929.005 INFO             PET0 ESMF library build location : /tmp/intel_2025.2.1_mpiuni_g_develop/esmf
20260803 035929.005 INFO             PET0 ESMF_COMM                   : mpiuni
20260803 035929.005 INFO             PET0 ESMF_MOAB                   : enabled
20260803 035929.005 INFO             PET0 ESMF_LAPACK                 : enabled
20260803 035929.005 INFO             PET0 ESMF_NETCDF                 : enabled
20260803 035929.005 INFO             PET0 ESMF_PNETCDF                : disabled
20260803 035929.005 INFO             PET0 ESMF_PIO                    : enabled
20260803 035929.005 INFO             PET0 ESMF_YAMLCPP                : enabled
20260803 035929.007 INFO             PET0  NUMBER_OF_PROCESSORS           1
20260803 035929.007 INFO             PET0  PASS  Example ESMF_AppMainEx, ESMF_AppMainEx.F90, line 486
20260803 035929.007 INFO             PET0  Finalizing ESMF
