2026-05-17 22:56:47
20260517 234505.483 INFO             PET0 !!!!!!!!!!!!!!!!!!!!!!!!!!!!!!!!!!!!!!!!!!!!!!!!!!!!!!
20260517 234505.483 INFO             PET0 !!! THE ESMF_LOG IS SET TO OUTPUT ALL LOG MESSAGES !!!
20260517 234505.483 INFO             PET0 !!!     THIS MAY CAUSE SLOWDOWN IN PERFORMANCE     !!!
20260517 234505.483 INFO             PET0 !!! FOR PRODUCTION RUNS, USE:                      !!!
20260517 234505.483 INFO             PET0 !!!                   ESMF_LOGKIND_Multi_On_Error  !!!
20260517 234505.483 INFO             PET0 !!!!!!!!!!!!!!!!!!!!!!!!!!!!!!!!!!!!!!!!!!!!!!!!!!!!!!
20260517 234505.483 INFO             PET0 Running with ESMF Version   : v9.0.0b13
20260517 234505.483 INFO             PET0 ESMF library build date/time: "May 17 2026" "22:54:05"
20260517 234505.483 INFO             PET0 ESMF library build location : /discover/nobackup/projects/gmao/SIteam/ESMF_Testing/intel_2025.3.0_intelmpi_g_develop/esmf
20260517 234505.483 INFO             PET0 ESMF_COMM                   : intelmpi
20260517 234505.484 INFO             PET0 ESMF_MOAB                   : enabled
20260517 234505.484 INFO             PET0 ESMF_LAPACK                 : enabled
20260517 234505.484 INFO             PET0 ESMF_NETCDF                 : disabled
20260517 234505.484 INFO             PET0 ESMF_PNETCDF                : disabled
20260517 234505.484 INFO             PET0 ESMF_PIO                    : disabled
20260517 234505.484 INFO             PET0 ESMF_YAMLCPP                : enabled
20260517 234505.484 INFO             PET0  NUMBER_OF_PROCESSORS           4
20260517 234505.484 INFO             PET0  PASS  Example ESMF_VMUserMpiCommMultiEx, ESMF_VMUserMpiCommMultiEx.F90, line 126
20260517 234505.484 INFO             PET0  Finalizing ESMF with endflag==ESMF_END_KEEPMPI
20260517 234505.483 INFO             PET0 !!!!!!!!!!!!!!!!!!!!!!!!!!!!!!!!!!!!!!!!!!!!!!!!!!!!!!
20260517 234505.483 INFO             PET0 !!! THE ESMF_LOG IS SET TO OUTPUT ALL LOG MESSAGES !!!
20260517 234505.483 INFO             PET0 !!!     THIS MAY CAUSE SLOWDOWN IN PERFORMANCE     !!!
20260517 234505.483 INFO             PET0 !!! FOR PRODUCTION RUNS, USE:                      !!!
20260517 234505.483 INFO             PET0 !!!                   ESMF_LOGKIND_Multi_On_Error  !!!
20260517 234505.483 INFO             PET0 !!!!!!!!!!!!!!!!!!!!!!!!!!!!!!!!!!!!!!!!!!!!!!!!!!!!!!
20260517 234505.483 INFO             PET0 Running with ESMF Version   : v9.0.0b13
20260517 234505.483 INFO             PET0 ESMF library build date/time: "May 17 2026" "22:54:05"
20260517 234505.483 INFO             PET0 ESMF library build location : /discover/nobackup/projects/gmao/SIteam/ESMF_Testing/intel_2025.3.0_intelmpi_g_develop/esmf
20260517 234505.483 INFO             PET0 ESMF_COMM                   : intelmpi
20260517 234505.484 INFO             PET0 ESMF_MOAB                   : enabled
20260517 234505.484 INFO             PET0 ESMF_LAPACK                 : enabled
20260517 234505.484 INFO             PET0 ESMF_NETCDF                 : disabled
20260517 234505.484 INFO             PET0 ESMF_PNETCDF                : disabled
20260517 234505.484 INFO             PET0 ESMF_PIO                    : disabled
20260517 234505.484 INFO             PET0 ESMF_YAMLCPP                : enabled
20260517 234505.484 INFO             PET0  NUMBER_OF_PROCESSORS           4
20260517 234505.484 INFO             PET0  PASS  Example ESMF_VMUserMpiCommMultiEx, ESMF_VMUserMpiCommMultiEx.F90, line 154
20260517 234505.484 INFO             PET0  Finalizing ESMF with endflag==ESMF_END_KEEPMPI
20260517 234505.484 INFO             PET1 !!!!!!!!!!!!!!!!!!!!!!!!!!!!!!!!!!!!!!!!!!!!!!!!!!!!!!
20260517 234505.484 INFO             PET1 !!! THE ESMF_LOG IS SET TO OUTPUT ALL LOG MESSAGES !!!
20260517 234505.484 INFO             PET1 !!!     THIS MAY CAUSE SLOWDOWN IN PERFORMANCE     !!!
20260517 234505.484 INFO             PET1 !!! FOR PRODUCTION RUNS, USE:                      !!!
20260517 234505.484 INFO             PET1 !!!                   ESMF_LOGKIND_Multi_On_Error  !!!
20260517 234505.484 INFO             PET1 !!!!!!!!!!!!!!!!!!!!!!!!!!!!!!!!!!!!!!!!!!!!!!!!!!!!!!
20260517 234505.484 INFO             PET1 Running with ESMF Version   : v9.0.0b13
20260517 234505.484 INFO             PET1 ESMF library build date/time: "May 17 2026" "22:54:05"
20260517 234505.484 INFO             PET1 ESMF library build location : /discover/nobackup/projects/gmao/SIteam/ESMF_Testing/intel_2025.3.0_intelmpi_g_develop/esmf
20260517 234505.484 INFO             PET1 ESMF_COMM                   : intelmpi
20260517 234505.484 INFO             PET1 ESMF_MOAB                   : enabled
20260517 234505.484 INFO             PET1 ESMF_LAPACK                 : enabled
20260517 234505.484 INFO             PET1 ESMF_NETCDF                 : disabled
20260517 234505.484 INFO             PET1 ESMF_PNETCDF                : disabled
20260517 234505.484 INFO             PET1 ESMF_PIO                    : disabled
20260517 234505.484 INFO             PET1 ESMF_YAMLCPP                : enabled
20260517 234505.484 INFO             PET1  NUMBER_OF_PROCESSORS           4
20260517 234505.484 INFO             PET1  PASS  Example ESMF_VMUserMpiCommMultiEx, ESMF_VMUserMpiCommMultiEx.F90, line 126
20260517 234505.484 INFO             PET1  Finalizing ESMF with endflag==ESMF_END_KEEPMPI
20260517 234505.483 INFO             PET1 !!!!!!!!!!!!!!!!!!!!!!!!!!!!!!!!!!!!!!!!!!!!!!!!!!!!!!
20260517 234505.483 INFO             PET1 !!! THE ESMF_LOG IS SET TO OUTPUT ALL LOG MESSAGES !!!
20260517 234505.483 INFO             PET1 !!!     THIS MAY CAUSE SLOWDOWN IN PERFORMANCE     !!!
20260517 234505.483 INFO             PET1 !!! FOR PRODUCTION RUNS, USE:                      !!!
20260517 234505.483 INFO             PET1 !!!                   ESMF_LOGKIND_Multi_On_Error  !!!
20260517 234505.483 INFO             PET1 !!!!!!!!!!!!!!!!!!!!!!!!!!!!!!!!!!!!!!!!!!!!!!!!!!!!!!
20260517 234505.483 INFO             PET1 Running with ESMF Version   : v9.0.0b13
20260517 234505.483 INFO             PET1 ESMF library build date/time: "May 17 2026" "22:54:05"
20260517 234505.483 INFO             PET1 ESMF library build location : /discover/nobackup/projects/gmao/SIteam/ESMF_Testing/intel_2025.3.0_intelmpi_g_develop/esmf
20260517 234505.483 INFO             PET1 ESMF_COMM                   : intelmpi
20260517 234505.483 INFO             PET1 ESMF_MOAB                   : enabled
20260517 234505.483 INFO             PET1 ESMF_LAPACK                 : enabled
20260517 234505.484 INFO             PET1 ESMF_NETCDF                 : disabled
20260517 234505.484 INFO             PET1 ESMF_PNETCDF                : disabled
20260517 234505.484 INFO             PET1 ESMF_PIO                    : disabled
20260517 234505.484 INFO             PET1 ESMF_YAMLCPP                : enabled
20260517 234505.484 INFO             PET1  NUMBER_OF_PROCESSORS           4
20260517 234505.484 INFO             PET1  PASS  Example ESMF_VMUserMpiCommMultiEx, ESMF_VMUserMpiCommMultiEx.F90, line 154
20260517 234505.484 INFO             PET1  Finalizing ESMF with endflag==ESMF_END_KEEPMPI
