2026-08-23 22:29:13
20260823 232815.583 INFO             PET0 !!!!!!!!!!!!!!!!!!!!!!!!!!!!!!!!!!!!!!!!!!!!!!!!!!!!!!
20260823 232815.583 INFO             PET0 !!! THE ESMF_LOG IS SET TO OUTPUT ALL LOG MESSAGES !!!
20260823 232815.583 INFO             PET0 !!!     THIS MAY CAUSE SLOWDOWN IN PERFORMANCE     !!!
20260823 232815.583 INFO             PET0 !!! FOR PRODUCTION RUNS, USE:                      !!!
20260823 232815.583 INFO             PET0 !!!                   ESMF_LOGKIND_Multi_On_Error  !!!
20260823 232815.583 INFO             PET0 !!!!!!!!!!!!!!!!!!!!!!!!!!!!!!!!!!!!!!!!!!!!!!!!!!!!!!
20260823 232815.583 INFO             PET0 Running with ESMF Version   : develop+gd8cb7c6c83
20260823 232815.583 INFO             PET0 ESMF library build date/time: "Aug 23 2026" "22:26:53"
20260823 232815.583 INFO             PET0 ESMF library build location : /discover/nobackup/projects/gmao/SIteam/ESMF_Testing/intel_2025.3.0_intelmpi_g_develop/esmf
20260823 232815.583 INFO             PET0 ESMF_COMM                   : intelmpi
20260823 232815.583 INFO             PET0 ESMF_MOAB                   : enabled
20260823 232815.583 INFO             PET0 ESMF_LAPACK                 : enabled
20260823 232815.583 INFO             PET0 ESMF_NETCDF                 : disabled
20260823 232815.583 INFO             PET0 ESMF_PNETCDF                : disabled
20260823 232815.583 INFO             PET0 ESMF_PIO                    : disabled
20260823 232815.583 INFO             PET0 ESMF_YAMLCPP                : enabled
20260823 232815.584 INFO             PET0  NUMBER_OF_PROCESSORS           1
20260823 232815.584 INFO             PET0  PASS  Example ESMF_ClockEx, ESMF_ClockEx.F90, line 220
20260823 232815.584 INFO             PET0  Finalizing ESMF
