2026-08-03 22:49:48
20260803 233345.237 INFO             PET0 !!!!!!!!!!!!!!!!!!!!!!!!!!!!!!!!!!!!!!!!!!!!!!!!!!!!!!
20260803 233345.237 INFO             PET0 !!! THE ESMF_LOG IS SET TO OUTPUT ALL LOG MESSAGES !!!
20260803 233345.237 INFO             PET0 !!!     THIS MAY CAUSE SLOWDOWN IN PERFORMANCE     !!!
20260803 233345.237 INFO             PET0 !!! FOR PRODUCTION RUNS, USE:                      !!!
20260803 233345.237 INFO             PET0 !!!                   ESMF_LOGKIND_Multi_On_Error  !!!
20260803 233345.237 INFO             PET0 !!!!!!!!!!!!!!!!!!!!!!!!!!!!!!!!!!!!!!!!!!!!!!!!!!!!!!
20260803 233345.237 INFO             PET0 Running with ESMF Version   : develop+g45870de0c5
20260803 233345.237 INFO             PET0 ESMF library build date/time: "Aug  3 2026" "22:47:26"
20260803 233345.237 INFO             PET0 ESMF library build location : /discover/nobackup/projects/gmao/SIteam/ESMF_Testing/intel_2025.3.0_intelmpi_g_develop/esmf
20260803 233345.237 INFO             PET0 ESMF_COMM                   : intelmpi
20260803 233345.237 INFO             PET0 ESMF_MOAB                   : enabled
20260803 233345.237 INFO             PET0 ESMF_LAPACK                 : enabled
20260803 233345.237 INFO             PET0 ESMF_NETCDF                 : disabled
20260803 233345.237 INFO             PET0 ESMF_PNETCDF                : disabled
20260803 233345.237 INFO             PET0 ESMF_PIO                    : disabled
20260803 233345.237 INFO             PET0 ESMF_YAMLCPP                : enabled
20260803 233345.249 INFO             PET0  NUMBER_OF_PROCESSORS           1
20260803 233345.249 INFO             PET0  PASS  Example ESMF_XGridSparseMatEx, ESMF_XGridSparseMatEx.F90, line 642
20260803 233345.249 INFO             PET0  Finalizing ESMF
