2026-05-22 23:05:28
20260523 064530.997 INFO             PET0 !!!!!!!!!!!!!!!!!!!!!!!!!!!!!!!!!!!!!!!!!!!!!!!!!!!!!!
20260523 064530.997 INFO             PET0 !!! THE ESMF_LOG IS SET TO OUTPUT ALL LOG MESSAGES !!!
20260523 064530.997 INFO             PET0 !!!     THIS MAY CAUSE SLOWDOWN IN PERFORMANCE     !!!
20260523 064530.997 INFO             PET0 !!! FOR PRODUCTION RUNS, USE:                      !!!
20260523 064530.997 INFO             PET0 !!!                   ESMF_LOGKIND_Multi_On_Error  !!!
20260523 064530.997 INFO             PET0 !!!!!!!!!!!!!!!!!!!!!!!!!!!!!!!!!!!!!!!!!!!!!!!!!!!!!!
20260523 064530.997 INFO             PET0 Running with ESMF Version   : develop+g681a42bf77
20260523 064530.997 INFO             PET0 ESMF library build date/time: "May 22 2026" "23:03:06"
20260523 064530.997 INFO             PET0 ESMF library build location : /discover/nobackup/projects/gmao/SIteam/ESMF_Testing/intel_2025.3.0_intelmpi_g_develop/esmf
20260523 064530.997 INFO             PET0 ESMF_COMM                   : intelmpi
20260523 064530.998 INFO             PET0 ESMF_MOAB                   : enabled
20260523 064530.998 INFO             PET0 ESMF_LAPACK                 : enabled
20260523 064530.998 INFO             PET0 ESMF_NETCDF                 : disabled
20260523 064530.998 INFO             PET0 ESMF_PNETCDF                : disabled
20260523 064530.998 INFO             PET0 ESMF_PIO                    : disabled
20260523 064530.998 INFO             PET0 ESMF_YAMLCPP                : enabled
20260523 064531.005 INFO             PET0  NUMBER_OF_PROCESSORS           4
20260523 064531.006 INFO             PET0  PASS  Example ESMF_CplEx, ESMF_CplEx.F90, line 457
20260523 064531.006 INFO             PET0  Finalizing ESMF
20260523 064530.998 INFO             PET1 !!!!!!!!!!!!!!!!!!!!!!!!!!!!!!!!!!!!!!!!!!!!!!!!!!!!!!
20260523 064530.998 INFO             PET1 !!! THE ESMF_LOG IS SET TO OUTPUT ALL LOG MESSAGES !!!
20260523 064530.998 INFO             PET1 !!!     THIS MAY CAUSE SLOWDOWN IN PERFORMANCE     !!!
20260523 064530.998 INFO             PET1 !!! FOR PRODUCTION RUNS, USE:                      !!!
20260523 064530.998 INFO             PET1 !!!                   ESMF_LOGKIND_Multi_On_Error  !!!
20260523 064530.998 INFO             PET1 !!!!!!!!!!!!!!!!!!!!!!!!!!!!!!!!!!!!!!!!!!!!!!!!!!!!!!
20260523 064530.998 INFO             PET1 Running with ESMF Version   : develop+g681a42bf77
20260523 064530.998 INFO             PET1 ESMF library build date/time: "May 22 2026" "23:03:06"
20260523 064530.998 INFO             PET1 ESMF library build location : /discover/nobackup/projects/gmao/SIteam/ESMF_Testing/intel_2025.3.0_intelmpi_g_develop/esmf
20260523 064530.998 INFO             PET1 ESMF_COMM                   : intelmpi
20260523 064530.998 INFO             PET1 ESMF_MOAB                   : enabled
20260523 064530.998 INFO             PET1 ESMF_LAPACK                 : enabled
20260523 064530.998 INFO             PET1 ESMF_NETCDF                 : disabled
20260523 064530.998 INFO             PET1 ESMF_PNETCDF                : disabled
20260523 064530.998 INFO             PET1 ESMF_PIO                    : disabled
20260523 064530.998 INFO             PET1 ESMF_YAMLCPP                : enabled
20260523 064531.006 INFO             PET1  NUMBER_OF_PROCESSORS           4
20260523 064531.006 INFO             PET1  PASS  Example ESMF_CplEx, ESMF_CplEx.F90, line 457
20260523 064531.006 INFO             PET1  Finalizing ESMF
20260523 064530.997 INFO             PET2 !!!!!!!!!!!!!!!!!!!!!!!!!!!!!!!!!!!!!!!!!!!!!!!!!!!!!!
20260523 064530.997 INFO             PET2 !!! THE ESMF_LOG IS SET TO OUTPUT ALL LOG MESSAGES !!!
20260523 064530.997 INFO             PET2 !!!     THIS MAY CAUSE SLOWDOWN IN PERFORMANCE     !!!
20260523 064530.997 INFO             PET2 !!! FOR PRODUCTION RUNS, USE:                      !!!
20260523 064530.997 INFO             PET2 !!!                   ESMF_LOGKIND_Multi_On_Error  !!!
20260523 064530.997 INFO             PET2 !!!!!!!!!!!!!!!!!!!!!!!!!!!!!!!!!!!!!!!!!!!!!!!!!!!!!!
20260523 064530.997 INFO             PET2 Running with ESMF Version   : develop+g681a42bf77
20260523 064530.997 INFO             PET2 ESMF library build date/time: "May 22 2026" "23:03:06"
20260523 064530.997 INFO             PET2 ESMF library build location : /discover/nobackup/projects/gmao/SIteam/ESMF_Testing/intel_2025.3.0_intelmpi_g_develop/esmf
20260523 064530.997 INFO             PET2 ESMF_COMM                   : intelmpi
20260523 064530.998 INFO             PET2 ESMF_MOAB                   : enabled
20260523 064530.998 INFO             PET2 ESMF_LAPACK                 : enabled
20260523 064530.998 INFO             PET2 ESMF_NETCDF                 : disabled
20260523 064530.998 INFO             PET2 ESMF_PNETCDF                : disabled
20260523 064530.998 INFO             PET2 ESMF_PIO                    : disabled
20260523 064530.998 INFO             PET2 ESMF_YAMLCPP                : enabled
20260523 064531.006 INFO             PET2  NUMBER_OF_PROCESSORS           4
20260523 064531.006 INFO             PET2  PASS  Example ESMF_CplEx, ESMF_CplEx.F90, line 457
20260523 064531.006 INFO             PET2  Finalizing ESMF
20260523 064530.998 INFO             PET3 !!!!!!!!!!!!!!!!!!!!!!!!!!!!!!!!!!!!!!!!!!!!!!!!!!!!!!
20260523 064530.998 INFO             PET3 !!! THE ESMF_LOG IS SET TO OUTPUT ALL LOG MESSAGES !!!
20260523 064530.998 INFO             PET3 !!!     THIS MAY CAUSE SLOWDOWN IN PERFORMANCE     !!!
20260523 064530.998 INFO             PET3 !!! FOR PRODUCTION RUNS, USE:                      !!!
20260523 064530.998 INFO             PET3 !!!                   ESMF_LOGKIND_Multi_On_Error  !!!
20260523 064530.998 INFO             PET3 !!!!!!!!!!!!!!!!!!!!!!!!!!!!!!!!!!!!!!!!!!!!!!!!!!!!!!
20260523 064530.998 INFO             PET3 Running with ESMF Version   : develop+g681a42bf77
20260523 064530.998 INFO             PET3 ESMF library build date/time: "May 22 2026" "23:03:06"
20260523 064530.998 INFO             PET3 ESMF library build location : /discover/nobackup/projects/gmao/SIteam/ESMF_Testing/intel_2025.3.0_intelmpi_g_develop/esmf
20260523 064530.998 INFO             PET3 ESMF_COMM                   : intelmpi
20260523 064530.998 INFO             PET3 ESMF_MOAB                   : enabled
20260523 064530.998 INFO             PET3 ESMF_LAPACK                 : enabled
20260523 064530.998 INFO             PET3 ESMF_NETCDF                 : disabled
20260523 064530.998 INFO             PET3 ESMF_PNETCDF                : disabled
20260523 064530.998 INFO             PET3 ESMF_PIO                    : disabled
20260523 064530.998 INFO             PET3 ESMF_YAMLCPP                : enabled
20260523 064531.006 INFO             PET3  NUMBER_OF_PROCESSORS           4
20260523 064531.006 INFO             PET3  PASS  Example ESMF_CplEx, ESMF_CplEx.F90, line 457
20260523 064531.006 INFO             PET3  Finalizing ESMF
