2026-08-11 23:15:42
20260812 011359.323 INFO             PET0 !!!!!!!!!!!!!!!!!!!!!!!!!!!!!!!!!!!!!!!!!!!!!!!!!!!!!!
20260812 011359.323 INFO             PET0 !!! THE ESMF_LOG IS SET TO OUTPUT ALL LOG MESSAGES !!!
20260812 011359.323 INFO             PET0 !!!     THIS MAY CAUSE SLOWDOWN IN PERFORMANCE     !!!
20260812 011359.323 INFO             PET0 !!! FOR PRODUCTION RUNS, USE:                      !!!
20260812 011359.323 INFO             PET0 !!!                   ESMF_LOGKIND_Multi_On_Error  !!!
20260812 011359.323 INFO             PET0 !!!!!!!!!!!!!!!!!!!!!!!!!!!!!!!!!!!!!!!!!!!!!!!!!!!!!!
20260812 011359.323 INFO             PET0 Running with ESMF Version   : develop+g17f2be238d
20260812 011359.323 INFO             PET0 ESMF library build date/time: "Aug 11 2026" "23:11:27"
20260812 011359.323 INFO             PET0 ESMF library build location : /discover/nobackup/projects/gmao/SIteam/ESMF_Testing/nvhpc_26.1_openmpi_g_develop/esmf
20260812 011359.323 INFO             PET0 ESMF_COMM                   : openmpi
20260812 011359.323 INFO             PET0 ESMF_MOAB                   : enabled
20260812 011359.323 INFO             PET0 ESMF_LAPACK                 : enabled
20260812 011359.323 INFO             PET0 ESMF_NETCDF                 : disabled
20260812 011359.323 INFO             PET0 ESMF_PNETCDF                : disabled
20260812 011359.323 INFO             PET0 ESMF_PIO                    : disabled
20260812 011359.323 INFO             PET0 ESMF_YAMLCPP                : enabled
20260812 011359.328 INFO             PET0 =============================================
20260812 011359.328 INFO             PET0 ESMX (Earth System Model eXecutable) STARTING
20260812 011359.328 INFO             PET0 =============================================
20260812 011359.342 DEBUG            PET0 Generic SetVM() is executing for: ESMX_Driver
20260812 011359.343 DEBUG            PET0 Generic SetVM() found no NUOPC Hint for: ESMX_Driver
20260812 011359.343 DEBUG            PET0 Generic SetVM() therefore is NOT calling ESMF_GridCompSetVMMaxPEs() for: ESMX_Driver
20260812 011359.352 INFO             PET0 ESMX_Driver: InitializeGeneric intro.
20260812 011359.352 INFO             PET0   >>>ESMX_Driver: entered Initialize (phase=<none>) without valid internal Clock.
20260812 011359.352 INFO             PET0   ESMX_Driver: InitializeP0 intro.
20260812 011359.352 INFO             PET0     >>>ESMX_Driver: entered Initialize (phase=<none>) without valid internal Clock.
20260812 011359.352 INFO             PET0     <<<ESMX_Driver: leaving Initialize (phase=<none>) without valid internal Clock.
20260812 011359.352 INFO             PET0   ESMX_Driver: InitializeP0 extro.
20260812 011359.352 INFO             PET0   ESMX_Driver: InitializeIPDv02p1 intro.
20260812 011359.353 INFO             PET0     >>>ESMX_Driver: entered Initialize (phase=<none>) without valid internal Clock.
20260812 011359.359 INFO             PET0     ESMX_Driver: IInitAdvertise intro.
20260812 011359.359 INFO             PET0       >>>ESMX_Driver: entered Initialize (phase=<none>) with current time: 2012 10 24  8  0  0   0
20260812 011359.359 INFO             PET0       <<<ESMX_Driver: leaving Initialize (phase=<none>) with current time: 2012 10 24  8  0  0   0
20260812 011359.359 INFO             PET0     ESMX_Driver: IInitAdvertise extro.
20260812 011359.359 INFO             PET0     ESMX_Driver: IInitAdvertiseFinish intro.
20260812 011359.360 INFO             PET0       >>>ESMX_Driver: entered Initialize (phase=<none>) with current time: 2012 10 24  8  0  0   0
20260812 011359.360 INFO             PET0       <<<ESMX_Driver: leaving Initialize (phase=<none>) with current time: 2012 10 24  8  0  0   0
20260812 011359.360 INFO             PET0     ESMX_Driver: IInitAdvertiseFinish extro.
20260812 011359.360 INFO             PET0     ESMX_Driver: IInitModifyCplLists intro.
20260812 011359.360 INFO             PET0       >>>ESMX_Driver: entered Initialize (phase=<none>) with current time: 2012 10 24  8  0  0   0
20260812 011359.361 INFO             PET0       <<<ESMX_Driver: leaving Initialize (phase=<none>) with current time: 2012 10 24  8  0  0   0
20260812 011359.361 INFO             PET0     ESMX_Driver: IInitModifyCplLists extro.
20260812 011359.361 INFO             PET0     <<<ESMX_Driver: leaving Initialize (phase=<none>) with current time: 2012 10 24  8  0  0   0
20260812 011359.361 INFO             PET0   ESMX_Driver: InitializeIPDv02p1 extro.
20260812 011359.361 INFO             PET0   ESMX_Driver: InitializeIPDv02p3 intro.
20260812 011359.361 INFO             PET0     >>>ESMX_Driver: entered Initialize (phase=<none>) with current time: 2012 10 24  8  0  0   0
20260812 011359.361 INFO             PET0     ESMX_Driver: IInitCheck intro.
20260812 011359.362 INFO             PET0       >>>ESMX_Driver: entered Initialize (phase=<none>) with current time: 2012 10 24  8  0  0   0
20260812 011359.362 INFO             PET0       <<<ESMX_Driver: leaving Initialize (phase=<none>) with current time: 2012 10 24  8  0  0   0
20260812 011359.362 INFO             PET0     ESMX_Driver: IInitCheck extro.
20260812 011359.362 INFO             PET0     ESMX_Driver: IInitRealize intro.
20260812 011359.362 INFO             PET0       >>>ESMX_Driver: entered Initialize (phase=<none>) with current time: 2012 10 24  8  0  0   0
20260812 011359.362 INFO             PET0       <<<ESMX_Driver: leaving Initialize (phase=<none>) with current time: 2012 10 24  8  0  0   0
20260812 011359.362 INFO             PET0     ESMX_Driver: IInitRealize extro.
20260812 011359.363 INFO             PET0     <<<ESMX_Driver: leaving Initialize (phase=<none>) with current time: 2012 10 24  8  0  0   0
20260812 011359.363 INFO             PET0   ESMX_Driver: InitializeIPDv02p3 extro.
20260812 011359.363 INFO             PET0   ESMX_Driver: InitializeIPDv02p5 intro.
20260812 011359.363 INFO             PET0     >>>ESMX_Driver: entered Initialize (phase=<none>) with current time: 2012 10 24  8  0  0   0
20260812 011359.363 INFO             PET0     ESMX_Driver: InitializeIPDv02p5Data intro.
20260812 011359.363 INFO             PET0       >>>ESMX_Driver: entered Initialize (phase=<none>) with current time: 2012 10 24  8  0  0   0
20260812 011359.363 INFO             PET0       ESMX_Driver: InternalInitializeComplete intro.
20260812 011359.364 INFO             PET0         >>>ESMX_Driver: entered Initialize (phase=<none>) with current time: 2012 10 24  8  0  0   0
20260812 011359.364 INFO             PET0         <<<ESMX_Driver: leaving Initialize (phase=<none>) with current time: 2012 10 24  8  0  0   0
20260812 011359.364 INFO             PET0       ESMX_Driver: InternalInitializeComplete extro.
20260812 011359.364 INFO             PET0       ESMX_Driver: loopDataDependentInitialize intro.
20260812 011359.364 INFO             PET0         >>>ESMX_Driver: entered Initialize (phase=<none>) with current time: 2012 10 24  8  0  0   0
20260812 011359.364 INFO             PET0         <<<ESMX_Driver: leaving Initialize (phase=<none>) with current time: 2012 10 24  8  0  0   0
20260812 011359.364 INFO             PET0       ESMX_Driver: loopDataDependentInitialize extro.
20260812 011359.365 INFO             PET0       <<<ESMX_Driver: leaving Initialize (phase=<none>) with current time: 2012 10 24  8  0  0   0
20260812 011359.365 INFO             PET0     ESMX_Driver: InitializeIPDv02p5Data extro.
20260812 011359.365 INFO             PET0     <<<ESMX_Driver: leaving Initialize (phase=<none>) with current time: 2012 10 24  8  0  0   0
20260812 011359.365 INFO             PET0   ESMX_Driver: InitializeIPDv02p5 extro.
20260812 011359.365 INFO             PET0   <<<ESMX_Driver: leaving Initialize (phase=<none>) with current time: 2012 10 24  8  0  0   0
20260812 011359.365 INFO             PET0 ESMX_Driver: InitializeGeneric extro.
20260812 011359.365 INFO             PET0 ESMX_Driver: Run intro.
20260812 011359.365 INFO             PET0   >>>ESMX_Driver: entered Run (phase=RunPhase1) with current time: 2012 10 24  8  0  0   0
20260812 011359.365 INFO             PET0   <<<ESMX_Driver: leaving Run (phase=RunPhase1) with current time: 2012 10 24  8  0  0   0
20260812 011359.366 INFO             PET0 ESMX_Driver: Run extro.
20260812 011359.366 INFO             PET0 ESMX_Driver: Finalize intro.
20260812 011359.366 INFO             PET0   >>>ESMX_Driver: entered Finalize (phase=FinalizePhase1) with current time: 2012 10 24  8  0  0   0
20260812 011359.366 INFO             PET0   <<<ESMX_Driver: leaving Finalize (phase=FinalizePhase1) with current time: 2012 10 24  8  0  0   0
20260812 011359.366 INFO             PET0 ESMX_Driver: Finalize extro.
20260812 011359.366 INFO             PET0 =============================================
20260812 011359.366 INFO             PET0 ESMX (Earth System Model eXecutable) FINISHED
20260812 011359.366 INFO             PET0 =============================================
20260812 011359.366 INFO             PET0  Finalizing ESMF
20260812 011359.323 INFO             PET1 !!!!!!!!!!!!!!!!!!!!!!!!!!!!!!!!!!!!!!!!!!!!!!!!!!!!!!
20260812 011359.323 INFO             PET1 !!! THE ESMF_LOG IS SET TO OUTPUT ALL LOG MESSAGES !!!
20260812 011359.323 INFO             PET1 !!!     THIS MAY CAUSE SLOWDOWN IN PERFORMANCE     !!!
20260812 011359.323 INFO             PET1 !!! FOR PRODUCTION RUNS, USE:                      !!!
20260812 011359.323 INFO             PET1 !!!                   ESMF_LOGKIND_Multi_On_Error  !!!
20260812 011359.323 INFO             PET1 !!!!!!!!!!!!!!!!!!!!!!!!!!!!!!!!!!!!!!!!!!!!!!!!!!!!!!
20260812 011359.323 INFO             PET1 Running with ESMF Version   : develop+g17f2be238d
20260812 011359.323 INFO             PET1 ESMF library build date/time: "Aug 11 2026" "23:11:27"
20260812 011359.323 INFO             PET1 ESMF library build location : /discover/nobackup/projects/gmao/SIteam/ESMF_Testing/nvhpc_26.1_openmpi_g_develop/esmf
20260812 011359.323 INFO             PET1 ESMF_COMM                   : openmpi
20260812 011359.323 INFO             PET1 ESMF_MOAB                   : enabled
20260812 011359.323 INFO             PET1 ESMF_LAPACK                 : enabled
20260812 011359.323 INFO             PET1 ESMF_NETCDF                 : disabled
20260812 011359.323 INFO             PET1 ESMF_PNETCDF                : disabled
20260812 011359.323 INFO             PET1 ESMF_PIO                    : disabled
20260812 011359.323 INFO             PET1 ESMF_YAMLCPP                : enabled
20260812 011359.328 INFO             PET1 =============================================
20260812 011359.328 INFO             PET1 ESMX (Earth System Model eXecutable) STARTING
20260812 011359.328 INFO             PET1 =============================================
20260812 011359.342 DEBUG            PET1 Generic SetVM() is executing for: ESMX_Driver
20260812 011359.343 DEBUG            PET1 Generic SetVM() found no NUOPC Hint for: ESMX_Driver
20260812 011359.343 DEBUG            PET1 Generic SetVM() therefore is NOT calling ESMF_GridCompSetVMMaxPEs() for: ESMX_Driver
20260812 011359.352 INFO             PET1 ESMX_Driver: InitializeGeneric intro.
20260812 011359.352 INFO             PET1   >>>ESMX_Driver: entered Initialize (phase=<none>) without valid internal Clock.
20260812 011359.352 INFO             PET1   ESMX_Driver: InitializeP0 intro.
20260812 011359.352 INFO             PET1     >>>ESMX_Driver: entered Initialize (phase=<none>) without valid internal Clock.
20260812 011359.352 INFO             PET1     <<<ESMX_Driver: leaving Initialize (phase=<none>) without valid internal Clock.
20260812 011359.352 INFO             PET1   ESMX_Driver: InitializeP0 extro.
20260812 011359.352 INFO             PET1   ESMX_Driver: InitializeIPDv02p1 intro.
20260812 011359.353 INFO             PET1     >>>ESMX_Driver: entered Initialize (phase=<none>) without valid internal Clock.
20260812 011359.359 INFO             PET1     ESMX_Driver: IInitAdvertise intro.
20260812 011359.359 INFO             PET1       >>>ESMX_Driver: entered Initialize (phase=<none>) with current time: 2012 10 24  8  0  0   0
20260812 011359.359 INFO             PET1       <<<ESMX_Driver: leaving Initialize (phase=<none>) with current time: 2012 10 24  8  0  0   0
20260812 011359.359 INFO             PET1     ESMX_Driver: IInitAdvertise extro.
20260812 011359.359 INFO             PET1     ESMX_Driver: IInitAdvertiseFinish intro.
20260812 011359.360 INFO             PET1       >>>ESMX_Driver: entered Initialize (phase=<none>) with current time: 2012 10 24  8  0  0   0
20260812 011359.360 INFO             PET1       <<<ESMX_Driver: leaving Initialize (phase=<none>) with current time: 2012 10 24  8  0  0   0
20260812 011359.360 INFO             PET1     ESMX_Driver: IInitAdvertiseFinish extro.
20260812 011359.360 INFO             PET1     ESMX_Driver: IInitModifyCplLists intro.
20260812 011359.360 INFO             PET1       >>>ESMX_Driver: entered Initialize (phase=<none>) with current time: 2012 10 24  8  0  0   0
20260812 011359.361 INFO             PET1       <<<ESMX_Driver: leaving Initialize (phase=<none>) with current time: 2012 10 24  8  0  0   0
20260812 011359.361 INFO             PET1     ESMX_Driver: IInitModifyCplLists extro.
20260812 011359.361 INFO             PET1     <<<ESMX_Driver: leaving Initialize (phase=<none>) with current time: 2012 10 24  8  0  0   0
20260812 011359.361 INFO             PET1   ESMX_Driver: InitializeIPDv02p1 extro.
20260812 011359.361 INFO             PET1   ESMX_Driver: InitializeIPDv02p3 intro.
20260812 011359.361 INFO             PET1     >>>ESMX_Driver: entered Initialize (phase=<none>) with current time: 2012 10 24  8  0  0   0
20260812 011359.361 INFO             PET1     ESMX_Driver: IInitCheck intro.
20260812 011359.362 INFO             PET1       >>>ESMX_Driver: entered Initialize (phase=<none>) with current time: 2012 10 24  8  0  0   0
20260812 011359.362 INFO             PET1       <<<ESMX_Driver: leaving Initialize (phase=<none>) with current time: 2012 10 24  8  0  0   0
20260812 011359.362 INFO             PET1     ESMX_Driver: IInitCheck extro.
20260812 011359.362 INFO             PET1     ESMX_Driver: IInitRealize intro.
20260812 011359.362 INFO             PET1       >>>ESMX_Driver: entered Initialize (phase=<none>) with current time: 2012 10 24  8  0  0   0
20260812 011359.362 INFO             PET1       <<<ESMX_Driver: leaving Initialize (phase=<none>) with current time: 2012 10 24  8  0  0   0
20260812 011359.362 INFO             PET1     ESMX_Driver: IInitRealize extro.
20260812 011359.363 INFO             PET1     <<<ESMX_Driver: leaving Initialize (phase=<none>) with current time: 2012 10 24  8  0  0   0
20260812 011359.363 INFO             PET1   ESMX_Driver: InitializeIPDv02p3 extro.
20260812 011359.363 INFO             PET1   ESMX_Driver: InitializeIPDv02p5 intro.
20260812 011359.363 INFO             PET1     >>>ESMX_Driver: entered Initialize (phase=<none>) with current time: 2012 10 24  8  0  0   0
20260812 011359.363 INFO             PET1     ESMX_Driver: InitializeIPDv02p5Data intro.
20260812 011359.363 INFO             PET1       >>>ESMX_Driver: entered Initialize (phase=<none>) with current time: 2012 10 24  8  0  0   0
20260812 011359.363 INFO             PET1       ESMX_Driver: InternalInitializeComplete intro.
20260812 011359.364 INFO             PET1         >>>ESMX_Driver: entered Initialize (phase=<none>) with current time: 2012 10 24  8  0  0   0
20260812 011359.364 INFO             PET1         <<<ESMX_Driver: leaving Initialize (phase=<none>) with current time: 2012 10 24  8  0  0   0
20260812 011359.364 INFO             PET1       ESMX_Driver: InternalInitializeComplete extro.
20260812 011359.364 INFO             PET1       ESMX_Driver: loopDataDependentInitialize intro.
20260812 011359.364 INFO             PET1         >>>ESMX_Driver: entered Initialize (phase=<none>) with current time: 2012 10 24  8  0  0   0
20260812 011359.364 INFO             PET1         <<<ESMX_Driver: leaving Initialize (phase=<none>) with current time: 2012 10 24  8  0  0   0
20260812 011359.364 INFO             PET1       ESMX_Driver: loopDataDependentInitialize extro.
20260812 011359.365 INFO             PET1       <<<ESMX_Driver: leaving Initialize (phase=<none>) with current time: 2012 10 24  8  0  0   0
20260812 011359.365 INFO             PET1     ESMX_Driver: InitializeIPDv02p5Data extro.
20260812 011359.365 INFO             PET1     <<<ESMX_Driver: leaving Initialize (phase=<none>) with current time: 2012 10 24  8  0  0   0
20260812 011359.365 INFO             PET1   ESMX_Driver: InitializeIPDv02p5 extro.
20260812 011359.365 INFO             PET1   <<<ESMX_Driver: leaving Initialize (phase=<none>) with current time: 2012 10 24  8  0  0   0
20260812 011359.365 INFO             PET1 ESMX_Driver: InitializeGeneric extro.
20260812 011359.365 INFO             PET1 ESMX_Driver: Run intro.
20260812 011359.365 INFO             PET1   >>>ESMX_Driver: entered Run (phase=RunPhase1) with current time: 2012 10 24  8  0  0   0
20260812 011359.365 INFO             PET1   <<<ESMX_Driver: leaving Run (phase=RunPhase1) with current time: 2012 10 24  8  0  0   0
20260812 011359.366 INFO             PET1 ESMX_Driver: Run extro.
20260812 011359.366 INFO             PET1 ESMX_Driver: Finalize intro.
20260812 011359.366 INFO             PET1   >>>ESMX_Driver: entered Finalize (phase=FinalizePhase1) with current time: 2012 10 24  8  0  0   0
20260812 011359.366 INFO             PET1   <<<ESMX_Driver: leaving Finalize (phase=FinalizePhase1) with current time: 2012 10 24  8  0  0   0
20260812 011359.366 INFO             PET1 ESMX_Driver: Finalize extro.
20260812 011359.366 INFO             PET1 =============================================
20260812 011359.366 INFO             PET1 ESMX (Earth System Model eXecutable) FINISHED
20260812 011359.366 INFO             PET1 =============================================
20260812 011359.366 INFO             PET1  Finalizing ESMF
20260812 011359.323 INFO             PET2 !!!!!!!!!!!!!!!!!!!!!!!!!!!!!!!!!!!!!!!!!!!!!!!!!!!!!!
20260812 011359.323 INFO             PET2 !!! THE ESMF_LOG IS SET TO OUTPUT ALL LOG MESSAGES !!!
20260812 011359.323 INFO             PET2 !!!     THIS MAY CAUSE SLOWDOWN IN PERFORMANCE     !!!
20260812 011359.323 INFO             PET2 !!! FOR PRODUCTION RUNS, USE:                      !!!
20260812 011359.323 INFO             PET2 !!!                   ESMF_LOGKIND_Multi_On_Error  !!!
20260812 011359.323 INFO             PET2 !!!!!!!!!!!!!!!!!!!!!!!!!!!!!!!!!!!!!!!!!!!!!!!!!!!!!!
20260812 011359.323 INFO             PET2 Running with ESMF Version   : develop+g17f2be238d
20260812 011359.323 INFO             PET2 ESMF library build date/time: "Aug 11 2026" "23:11:27"
20260812 011359.323 INFO             PET2 ESMF library build location : /discover/nobackup/projects/gmao/SIteam/ESMF_Testing/nvhpc_26.1_openmpi_g_develop/esmf
20260812 011359.323 INFO             PET2 ESMF_COMM                   : openmpi
20260812 011359.323 INFO             PET2 ESMF_MOAB                   : enabled
20260812 011359.323 INFO             PET2 ESMF_LAPACK                 : enabled
20260812 011359.323 INFO             PET2 ESMF_NETCDF                 : disabled
20260812 011359.323 INFO             PET2 ESMF_PNETCDF                : disabled
20260812 011359.323 INFO             PET2 ESMF_PIO                    : disabled
20260812 011359.323 INFO             PET2 ESMF_YAMLCPP                : enabled
20260812 011359.328 INFO             PET2 =============================================
20260812 011359.328 INFO             PET2 ESMX (Earth System Model eXecutable) STARTING
20260812 011359.328 INFO             PET2 =============================================
20260812 011359.342 DEBUG            PET2 Generic SetVM() is executing for: ESMX_Driver
20260812 011359.343 DEBUG            PET2 Generic SetVM() found no NUOPC Hint for: ESMX_Driver
20260812 011359.343 DEBUG            PET2 Generic SetVM() therefore is NOT calling ESMF_GridCompSetVMMaxPEs() for: ESMX_Driver
20260812 011359.352 INFO             PET2 ESMX_Driver: InitializeGeneric intro.
20260812 011359.352 INFO             PET2   >>>ESMX_Driver: entered Initialize (phase=<none>) without valid internal Clock.
20260812 011359.352 INFO             PET2   ESMX_Driver: InitializeP0 intro.
20260812 011359.352 INFO             PET2     >>>ESMX_Driver: entered Initialize (phase=<none>) without valid internal Clock.
20260812 011359.352 INFO             PET2     <<<ESMX_Driver: leaving Initialize (phase=<none>) without valid internal Clock.
20260812 011359.352 INFO             PET2   ESMX_Driver: InitializeP0 extro.
20260812 011359.352 INFO             PET2   ESMX_Driver: InitializeIPDv02p1 intro.
20260812 011359.353 INFO             PET2     >>>ESMX_Driver: entered Initialize (phase=<none>) without valid internal Clock.
20260812 011359.359 INFO             PET2     ESMX_Driver: IInitAdvertise intro.
20260812 011359.359 INFO             PET2       >>>ESMX_Driver: entered Initialize (phase=<none>) with current time: 2012 10 24  8  0  0   0
20260812 011359.359 INFO             PET2       <<<ESMX_Driver: leaving Initialize (phase=<none>) with current time: 2012 10 24  8  0  0   0
20260812 011359.359 INFO             PET2     ESMX_Driver: IInitAdvertise extro.
20260812 011359.359 INFO             PET2     ESMX_Driver: IInitAdvertiseFinish intro.
20260812 011359.359 INFO             PET2       >>>ESMX_Driver: entered Initialize (phase=<none>) with current time: 2012 10 24  8  0  0   0
20260812 011359.360 INFO             PET2       <<<ESMX_Driver: leaving Initialize (phase=<none>) with current time: 2012 10 24  8  0  0   0
20260812 011359.360 INFO             PET2     ESMX_Driver: IInitAdvertiseFinish extro.
20260812 011359.360 INFO             PET2     ESMX_Driver: IInitModifyCplLists intro.
20260812 011359.360 INFO             PET2       >>>ESMX_Driver: entered Initialize (phase=<none>) with current time: 2012 10 24  8  0  0   0
20260812 011359.361 INFO             PET2       <<<ESMX_Driver: leaving Initialize (phase=<none>) with current time: 2012 10 24  8  0  0   0
20260812 011359.361 INFO             PET2     ESMX_Driver: IInitModifyCplLists extro.
20260812 011359.361 INFO             PET2     <<<ESMX_Driver: leaving Initialize (phase=<none>) with current time: 2012 10 24  8  0  0   0
20260812 011359.361 INFO             PET2   ESMX_Driver: InitializeIPDv02p1 extro.
20260812 011359.361 INFO             PET2   ESMX_Driver: InitializeIPDv02p3 intro.
20260812 011359.361 INFO             PET2     >>>ESMX_Driver: entered Initialize (phase=<none>) with current time: 2012 10 24  8  0  0   0
20260812 011359.361 INFO             PET2     ESMX_Driver: IInitCheck intro.
20260812 011359.361 INFO             PET2       >>>ESMX_Driver: entered Initialize (phase=<none>) with current time: 2012 10 24  8  0  0   0
20260812 011359.362 INFO             PET2       <<<ESMX_Driver: leaving Initialize (phase=<none>) with current time: 2012 10 24  8  0  0   0
20260812 011359.362 INFO             PET2     ESMX_Driver: IInitCheck extro.
20260812 011359.362 INFO             PET2     ESMX_Driver: IInitRealize intro.
20260812 011359.362 INFO             PET2       >>>ESMX_Driver: entered Initialize (phase=<none>) with current time: 2012 10 24  8  0  0   0
20260812 011359.362 INFO             PET2       <<<ESMX_Driver: leaving Initialize (phase=<none>) with current time: 2012 10 24  8  0  0   0
20260812 011359.362 INFO             PET2     ESMX_Driver: IInitRealize extro.
20260812 011359.362 INFO             PET2     <<<ESMX_Driver: leaving Initialize (phase=<none>) with current time: 2012 10 24  8  0  0   0
20260812 011359.363 INFO             PET2   ESMX_Driver: InitializeIPDv02p3 extro.
20260812 011359.363 INFO             PET2   ESMX_Driver: InitializeIPDv02p5 intro.
20260812 011359.363 INFO             PET2     >>>ESMX_Driver: entered Initialize (phase=<none>) with current time: 2012 10 24  8  0  0   0
20260812 011359.363 INFO             PET2     ESMX_Driver: InitializeIPDv02p5Data intro.
20260812 011359.363 INFO             PET2       >>>ESMX_Driver: entered Initialize (phase=<none>) with current time: 2012 10 24  8  0  0   0
20260812 011359.363 INFO             PET2       ESMX_Driver: InternalInitializeComplete intro.
20260812 011359.363 INFO             PET2         >>>ESMX_Driver: entered Initialize (phase=<none>) with current time: 2012 10 24  8  0  0   0
20260812 011359.364 INFO             PET2         <<<ESMX_Driver: leaving Initialize (phase=<none>) with current time: 2012 10 24  8  0  0   0
20260812 011359.364 INFO             PET2       ESMX_Driver: InternalInitializeComplete extro.
20260812 011359.364 INFO             PET2       ESMX_Driver: loopDataDependentInitialize intro.
20260812 011359.364 INFO             PET2         >>>ESMX_Driver: entered Initialize (phase=<none>) with current time: 2012 10 24  8  0  0   0
20260812 011359.364 INFO             PET2         <<<ESMX_Driver: leaving Initialize (phase=<none>) with current time: 2012 10 24  8  0  0   0
20260812 011359.364 INFO             PET2       ESMX_Driver: loopDataDependentInitialize extro.
20260812 011359.365 INFO             PET2       <<<ESMX_Driver: leaving Initialize (phase=<none>) with current time: 2012 10 24  8  0  0   0
20260812 011359.365 INFO             PET2     ESMX_Driver: InitializeIPDv02p5Data extro.
20260812 011359.365 INFO             PET2     <<<ESMX_Driver: leaving Initialize (phase=<none>) with current time: 2012 10 24  8  0  0   0
20260812 011359.365 INFO             PET2   ESMX_Driver: InitializeIPDv02p5 extro.
20260812 011359.365 INFO             PET2   <<<ESMX_Driver: leaving Initialize (phase=<none>) with current time: 2012 10 24  8  0  0   0
20260812 011359.365 INFO             PET2 ESMX_Driver: InitializeGeneric extro.
20260812 011359.365 INFO             PET2 ESMX_Driver: Run intro.
20260812 011359.365 INFO             PET2   >>>ESMX_Driver: entered Run (phase=RunPhase1) with current time: 2012 10 24  8  0  0   0
20260812 011359.365 INFO             PET2   <<<ESMX_Driver: leaving Run (phase=RunPhase1) with current time: 2012 10 24  8  0  0   0
20260812 011359.366 INFO             PET2 ESMX_Driver: Run extro.
20260812 011359.366 INFO             PET2 ESMX_Driver: Finalize intro.
20260812 011359.366 INFO             PET2   >>>ESMX_Driver: entered Finalize (phase=FinalizePhase1) with current time: 2012 10 24  8  0  0   0
20260812 011359.366 INFO             PET2   <<<ESMX_Driver: leaving Finalize (phase=FinalizePhase1) with current time: 2012 10 24  8  0  0   0
20260812 011359.366 INFO             PET2 ESMX_Driver: Finalize extro.
20260812 011359.366 INFO             PET2 =============================================
20260812 011359.366 INFO             PET2 ESMX (Earth System Model eXecutable) FINISHED
20260812 011359.366 INFO             PET2 =============================================
20260812 011359.366 INFO             PET2  Finalizing ESMF
20260812 011359.323 INFO             PET3 !!!!!!!!!!!!!!!!!!!!!!!!!!!!!!!!!!!!!!!!!!!!!!!!!!!!!!
20260812 011359.323 INFO             PET3 !!! THE ESMF_LOG IS SET TO OUTPUT ALL LOG MESSAGES !!!
20260812 011359.323 INFO             PET3 !!!     THIS MAY CAUSE SLOWDOWN IN PERFORMANCE     !!!
20260812 011359.323 INFO             PET3 !!! FOR PRODUCTION RUNS, USE:                      !!!
20260812 011359.323 INFO             PET3 !!!                   ESMF_LOGKIND_Multi_On_Error  !!!
20260812 011359.323 INFO             PET3 !!!!!!!!!!!!!!!!!!!!!!!!!!!!!!!!!!!!!!!!!!!!!!!!!!!!!!
20260812 011359.323 INFO             PET3 Running with ESMF Version   : develop+g17f2be238d
20260812 011359.323 INFO             PET3 ESMF library build date/time: "Aug 11 2026" "23:11:27"
20260812 011359.323 INFO             PET3 ESMF library build location : /discover/nobackup/projects/gmao/SIteam/ESMF_Testing/nvhpc_26.1_openmpi_g_develop/esmf
20260812 011359.323 INFO             PET3 ESMF_COMM                   : openmpi
20260812 011359.323 INFO             PET3 ESMF_MOAB                   : enabled
20260812 011359.324 INFO             PET3 ESMF_LAPACK                 : enabled
20260812 011359.324 INFO             PET3 ESMF_NETCDF                 : disabled
20260812 011359.324 INFO             PET3 ESMF_PNETCDF                : disabled
20260812 011359.324 INFO             PET3 ESMF_PIO                    : disabled
20260812 011359.324 INFO             PET3 ESMF_YAMLCPP                : enabled
20260812 011359.328 INFO             PET3 =============================================
20260812 011359.328 INFO             PET3 ESMX (Earth System Model eXecutable) STARTING
20260812 011359.328 INFO             PET3 =============================================
20260812 011359.342 DEBUG            PET3 Generic SetVM() is executing for: ESMX_Driver
20260812 011359.343 DEBUG            PET3 Generic SetVM() found no NUOPC Hint for: ESMX_Driver
20260812 011359.343 DEBUG            PET3 Generic SetVM() therefore is NOT calling ESMF_GridCompSetVMMaxPEs() for: ESMX_Driver
20260812 011359.352 INFO             PET3 ESMX_Driver: InitializeGeneric intro.
20260812 011359.352 INFO             PET3   >>>ESMX_Driver: entered Initialize (phase=<none>) without valid internal Clock.
20260812 011359.352 INFO             PET3   ESMX_Driver: InitializeP0 intro.
20260812 011359.352 INFO             PET3     >>>ESMX_Driver: entered Initialize (phase=<none>) without valid internal Clock.
20260812 011359.352 INFO             PET3     <<<ESMX_Driver: leaving Initialize (phase=<none>) without valid internal Clock.
20260812 011359.352 INFO             PET3   ESMX_Driver: InitializeP0 extro.
20260812 011359.352 INFO             PET3   ESMX_Driver: InitializeIPDv02p1 intro.
20260812 011359.353 INFO             PET3     >>>ESMX_Driver: entered Initialize (phase=<none>) without valid internal Clock.
20260812 011359.359 INFO             PET3     ESMX_Driver: IInitAdvertise intro.
20260812 011359.359 INFO             PET3       >>>ESMX_Driver: entered Initialize (phase=<none>) with current time: 2012 10 24  8  0  0   0
20260812 011359.359 INFO             PET3       <<<ESMX_Driver: leaving Initialize (phase=<none>) with current time: 2012 10 24  8  0  0   0
20260812 011359.359 INFO             PET3     ESMX_Driver: IInitAdvertise extro.
20260812 011359.359 INFO             PET3     ESMX_Driver: IInitAdvertiseFinish intro.
20260812 011359.360 INFO             PET3       >>>ESMX_Driver: entered Initialize (phase=<none>) with current time: 2012 10 24  8  0  0   0
20260812 011359.360 INFO             PET3       <<<ESMX_Driver: leaving Initialize (phase=<none>) with current time: 2012 10 24  8  0  0   0
20260812 011359.360 INFO             PET3     ESMX_Driver: IInitAdvertiseFinish extro.
20260812 011359.360 INFO             PET3     ESMX_Driver: IInitModifyCplLists intro.
20260812 011359.360 INFO             PET3       >>>ESMX_Driver: entered Initialize (phase=<none>) with current time: 2012 10 24  8  0  0   0
20260812 011359.361 INFO             PET3       <<<ESMX_Driver: leaving Initialize (phase=<none>) with current time: 2012 10 24  8  0  0   0
20260812 011359.361 INFO             PET3     ESMX_Driver: IInitModifyCplLists extro.
20260812 011359.361 INFO             PET3     <<<ESMX_Driver: leaving Initialize (phase=<none>) with current time: 2012 10 24  8  0  0   0
20260812 011359.361 INFO             PET3   ESMX_Driver: InitializeIPDv02p1 extro.
20260812 011359.361 INFO             PET3   ESMX_Driver: InitializeIPDv02p3 intro.
20260812 011359.361 INFO             PET3     >>>ESMX_Driver: entered Initialize (phase=<none>) with current time: 2012 10 24  8  0  0   0
20260812 011359.361 INFO             PET3     ESMX_Driver: IInitCheck intro.
20260812 011359.362 INFO             PET3       >>>ESMX_Driver: entered Initialize (phase=<none>) with current time: 2012 10 24  8  0  0   0
20260812 011359.362 INFO             PET3       <<<ESMX_Driver: leaving Initialize (phase=<none>) with current time: 2012 10 24  8  0  0   0
20260812 011359.362 INFO             PET3     ESMX_Driver: IInitCheck extro.
20260812 011359.362 INFO             PET3     ESMX_Driver: IInitRealize intro.
20260812 011359.362 INFO             PET3       >>>ESMX_Driver: entered Initialize (phase=<none>) with current time: 2012 10 24  8  0  0   0
20260812 011359.362 INFO             PET3       <<<ESMX_Driver: leaving Initialize (phase=<none>) with current time: 2012 10 24  8  0  0   0
20260812 011359.362 INFO             PET3     ESMX_Driver: IInitRealize extro.
20260812 011359.363 INFO             PET3     <<<ESMX_Driver: leaving Initialize (phase=<none>) with current time: 2012 10 24  8  0  0   0
20260812 011359.363 INFO             PET3   ESMX_Driver: InitializeIPDv02p3 extro.
20260812 011359.363 INFO             PET3   ESMX_Driver: InitializeIPDv02p5 intro.
20260812 011359.363 INFO             PET3     >>>ESMX_Driver: entered Initialize (phase=<none>) with current time: 2012 10 24  8  0  0   0
20260812 011359.363 INFO             PET3     ESMX_Driver: InitializeIPDv02p5Data intro.
20260812 011359.363 INFO             PET3       >>>ESMX_Driver: entered Initialize (phase=<none>) with current time: 2012 10 24  8  0  0   0
20260812 011359.363 INFO             PET3       ESMX_Driver: InternalInitializeComplete intro.
20260812 011359.364 INFO             PET3         >>>ESMX_Driver: entered Initialize (phase=<none>) with current time: 2012 10 24  8  0  0   0
20260812 011359.364 INFO             PET3         <<<ESMX_Driver: leaving Initialize (phase=<none>) with current time: 2012 10 24  8  0  0   0
20260812 011359.364 INFO             PET3       ESMX_Driver: InternalInitializeComplete extro.
20260812 011359.364 INFO             PET3       ESMX_Driver: loopDataDependentInitialize intro.
20260812 011359.364 INFO             PET3         >>>ESMX_Driver: entered Initialize (phase=<none>) with current time: 2012 10 24  8  0  0   0
20260812 011359.364 INFO             PET3         <<<ESMX_Driver: leaving Initialize (phase=<none>) with current time: 2012 10 24  8  0  0   0
20260812 011359.364 INFO             PET3       ESMX_Driver: loopDataDependentInitialize extro.
20260812 011359.365 INFO             PET3       <<<ESMX_Driver: leaving Initialize (phase=<none>) with current time: 2012 10 24  8  0  0   0
20260812 011359.365 INFO             PET3     ESMX_Driver: InitializeIPDv02p5Data extro.
20260812 011359.365 INFO             PET3     <<<ESMX_Driver: leaving Initialize (phase=<none>) with current time: 2012 10 24  8  0  0   0
20260812 011359.365 INFO             PET3   ESMX_Driver: InitializeIPDv02p5 extro.
20260812 011359.365 INFO             PET3   <<<ESMX_Driver: leaving Initialize (phase=<none>) with current time: 2012 10 24  8  0  0   0
20260812 011359.365 INFO             PET3 ESMX_Driver: InitializeGeneric extro.
20260812 011359.365 INFO             PET3 ESMX_Driver: Run intro.
20260812 011359.365 INFO             PET3   >>>ESMX_Driver: entered Run (phase=RunPhase1) with current time: 2012 10 24  8  0  0   0
20260812 011359.366 INFO             PET3   <<<ESMX_Driver: leaving Run (phase=RunPhase1) with current time: 2012 10 24  8  0  0   0
20260812 011359.366 INFO             PET3 ESMX_Driver: Run extro.
20260812 011359.366 INFO             PET3 ESMX_Driver: Finalize intro.
20260812 011359.366 INFO             PET3   >>>ESMX_Driver: entered Finalize (phase=FinalizePhase1) with current time: 2012 10 24  8  0  0   0
20260812 011359.366 INFO             PET3   <<<ESMX_Driver: leaving Finalize (phase=FinalizePhase1) with current time: 2012 10 24  8  0  0   0
20260812 011359.366 INFO             PET3 ESMX_Driver: Finalize extro.
20260812 011359.366 INFO             PET3 =============================================
20260812 011359.366 INFO             PET3 ESMX (Earth System Model eXecutable) FINISHED
20260812 011359.366 INFO             PET3 =============================================
20260812 011359.366 INFO             PET3  Finalizing ESMF
