2026-07-02 12:27:13
 Returned values from ArraySpec:
 rank =           2
  PASS  Example ESMF_ArraySpecEx, ESMF_ArraySpecEx.F90, line 96
 Returned values from ArraySpec:
 rank =           2
  PASS  Example ESMF_ArraySpecEx, ESMF_ArraySpecEx.F90, line 96
 Returned values from ArraySpec:
 rank =           2
  PASS  Example ESMF_ArraySpecEx, ESMF_ArraySpecEx.F90, line 96
 Returned values from ArraySpec:
 rank =           2
  PASS  Example ESMF_ArraySpecEx, ESMF_ArraySpecEx.F90, line 96
[WARNING] yaksa: 10 leaked handle pool objects
 PASS: ESMF_ArraySpecEx.F90
[WARNING] yaksa: 10 leaked handle pool objects
 PASS: ESMF_ArraySpecEx.F90
[WARNING] yaksa: 10 leaked handle pool objects
 PASS: ESMF_ArraySpecEx.F90
[WARNING] yaksa: 10 leaked handle pool objects
 PASS: ESMF_ArraySpecEx.F90
