2026-06-18 11:44:05
20260618 120802.564 INFO             PET0 !!!!!!!!!!!!!!!!!!!!!!!!!!!!!!!!!!!!!!!!!!!!!!!!!!!!!!
20260618 120802.565 INFO             PET0 !!! THE ESMF_LOG IS SET TO OUTPUT ALL LOG MESSAGES !!!
20260618 120802.565 INFO             PET0 !!!     THIS MAY CAUSE SLOWDOWN IN PERFORMANCE     !!!
20260618 120802.565 INFO             PET0 !!! FOR PRODUCTION RUNS, USE:                      !!!
20260618 120802.565 INFO             PET0 !!!                   ESMF_LOGKIND_Multi_On_Error  !!!
20260618 120802.565 INFO             PET0 !!!!!!!!!!!!!!!!!!!!!!!!!!!!!!!!!!!!!!!!!!!!!!!!!!!!!!
20260618 120802.565 INFO             PET0 Running with ESMF Version   : develop+g1c84b61425
20260618 120802.565 INFO             PET0 ESMF library build date/time: "Jun 18 2026" "11:42:31"
20260618 120802.565 INFO             PET0 ESMF library build location : /Users/oehmke/ESMF_AutoTest/gfortranclang_12.2.0_14.0.0_mpich_g_develop/esmf
20260618 120802.565 INFO             PET0 ESMF_COMM                   : mpich
20260618 120802.565 INFO             PET0 ESMF_MOAB                   : enabled
20260618 120802.565 INFO             PET0 ESMF_LAPACK                 : enabled
20260618 120802.565 INFO             PET0 ESMF_NETCDF                 : enabled
20260618 120802.565 INFO             PET0 ESMF_PNETCDF                : disabled
20260618 120802.565 INFO             PET0 ESMF_PIO                    : enabled
20260618 120802.565 INFO             PET0 ESMF_YAMLCPP                : enabled
20260618 120802.569 INFO             PET0 ESMF_FieldRedistStoreNF(): Just entered routine.
20260618 120802.715 INFO             PET0 ESMF_FieldRedistStoreNF(): Leaving routine.
20260618 120802.718 INFO             PET0  NUMBER_OF_PROCESSORS           4
20260618 120802.718 INFO             PET0  PASS  Example ESMF_RHandleFromRHandleEx, ESMF_RHandleFromRHandleEx.F90, line 660
20260618 120802.718 INFO             PET0  Finalizing ESMF
20260618 120802.718 INFO             PET0 ESMCI_IO_Handler.C:335 ESMCI::IO_Handler::finalize() 
20260618 120802.718 INFO             PET0 ESMCI_PIO_Handler.C:357 ESMCI::PIO_Handler::finalize() 
20260618 120802.718 INFO             PET0 ESMCI_IO_Handler.C:337 ESMCI::IO_Handler::finalize() after finalize, localrc = 0
20260618 120802.718 INFO             PET0 ESMCI_IO_Handler.C:360 ESMCI::IO_Handler::finalize() before return, localrc = 0
20260618 120802.564 INFO             PET1 !!!!!!!!!!!!!!!!!!!!!!!!!!!!!!!!!!!!!!!!!!!!!!!!!!!!!!
20260618 120802.565 INFO             PET1 !!! THE ESMF_LOG IS SET TO OUTPUT ALL LOG MESSAGES !!!
20260618 120802.565 INFO             PET1 !!!     THIS MAY CAUSE SLOWDOWN IN PERFORMANCE     !!!
20260618 120802.565 INFO             PET1 !!! FOR PRODUCTION RUNS, USE:                      !!!
20260618 120802.565 INFO             PET1 !!!                   ESMF_LOGKIND_Multi_On_Error  !!!
20260618 120802.565 INFO             PET1 !!!!!!!!!!!!!!!!!!!!!!!!!!!!!!!!!!!!!!!!!!!!!!!!!!!!!!
20260618 120802.565 INFO             PET1 Running with ESMF Version   : develop+g1c84b61425
20260618 120802.565 INFO             PET1 ESMF library build date/time: "Jun 18 2026" "11:42:31"
20260618 120802.565 INFO             PET1 ESMF library build location : /Users/oehmke/ESMF_AutoTest/gfortranclang_12.2.0_14.0.0_mpich_g_develop/esmf
20260618 120802.565 INFO             PET1 ESMF_COMM                   : mpich
20260618 120802.565 INFO             PET1 ESMF_MOAB                   : enabled
20260618 120802.565 INFO             PET1 ESMF_LAPACK                 : enabled
20260618 120802.565 INFO             PET1 ESMF_NETCDF                 : enabled
20260618 120802.565 INFO             PET1 ESMF_PNETCDF                : disabled
20260618 120802.565 INFO             PET1 ESMF_PIO                    : enabled
20260618 120802.565 INFO             PET1 ESMF_YAMLCPP                : enabled
20260618 120802.569 INFO             PET1 ESMF_FieldRedistStoreNF(): Just entered routine.
20260618 120802.715 INFO             PET1 ESMF_FieldRedistStoreNF(): Leaving routine.
20260618 120802.718 INFO             PET1  NUMBER_OF_PROCESSORS           4
20260618 120802.718 INFO             PET1  PASS  Example ESMF_RHandleFromRHandleEx, ESMF_RHandleFromRHandleEx.F90, line 660
20260618 120802.718 INFO             PET1  Finalizing ESMF
20260618 120802.718 INFO             PET1 ESMCI_IO_Handler.C:335 ESMCI::IO_Handler::finalize() 
20260618 120802.718 INFO             PET1 ESMCI_PIO_Handler.C:357 ESMCI::PIO_Handler::finalize() 
20260618 120802.718 INFO             PET1 ESMCI_IO_Handler.C:337 ESMCI::IO_Handler::finalize() after finalize, localrc = 0
20260618 120802.718 INFO             PET1 ESMCI_IO_Handler.C:360 ESMCI::IO_Handler::finalize() before return, localrc = 0
20260618 120802.564 INFO             PET2 !!!!!!!!!!!!!!!!!!!!!!!!!!!!!!!!!!!!!!!!!!!!!!!!!!!!!!
20260618 120802.565 INFO             PET2 !!! THE ESMF_LOG IS SET TO OUTPUT ALL LOG MESSAGES !!!
20260618 120802.565 INFO             PET2 !!!     THIS MAY CAUSE SLOWDOWN IN PERFORMANCE     !!!
20260618 120802.565 INFO             PET2 !!! FOR PRODUCTION RUNS, USE:                      !!!
20260618 120802.565 INFO             PET2 !!!                   ESMF_LOGKIND_Multi_On_Error  !!!
20260618 120802.565 INFO             PET2 !!!!!!!!!!!!!!!!!!!!!!!!!!!!!!!!!!!!!!!!!!!!!!!!!!!!!!
20260618 120802.565 INFO             PET2 Running with ESMF Version   : develop+g1c84b61425
20260618 120802.565 INFO             PET2 ESMF library build date/time: "Jun 18 2026" "11:42:31"
20260618 120802.565 INFO             PET2 ESMF library build location : /Users/oehmke/ESMF_AutoTest/gfortranclang_12.2.0_14.0.0_mpich_g_develop/esmf
20260618 120802.565 INFO             PET2 ESMF_COMM                   : mpich
20260618 120802.565 INFO             PET2 ESMF_MOAB                   : enabled
20260618 120802.565 INFO             PET2 ESMF_LAPACK                 : enabled
20260618 120802.565 INFO             PET2 ESMF_NETCDF                 : enabled
20260618 120802.565 INFO             PET2 ESMF_PNETCDF                : disabled
20260618 120802.565 INFO             PET2 ESMF_PIO                    : enabled
20260618 120802.565 INFO             PET2 ESMF_YAMLCPP                : enabled
20260618 120802.570 INFO             PET2 ESMF_FieldRedistStoreNF(): Just entered routine.
20260618 120802.716 INFO             PET2 ESMF_FieldRedistStoreNF(): Leaving routine.
20260618 120802.717 INFO             PET2  NUMBER_OF_PROCESSORS           4
20260618 120802.717 INFO             PET2  PASS  Example ESMF_RHandleFromRHandleEx, ESMF_RHandleFromRHandleEx.F90, line 660
20260618 120802.717 INFO             PET2  Finalizing ESMF
20260618 120802.717 INFO             PET2 ESMCI_IO_Handler.C:335 ESMCI::IO_Handler::finalize() 
20260618 120802.717 INFO             PET2 ESMCI_PIO_Handler.C:357 ESMCI::PIO_Handler::finalize() 
20260618 120802.717 INFO             PET2 ESMCI_IO_Handler.C:337 ESMCI::IO_Handler::finalize() after finalize, localrc = 0
20260618 120802.717 INFO             PET2 ESMCI_IO_Handler.C:360 ESMCI::IO_Handler::finalize() before return, localrc = 0
20260618 120802.564 INFO             PET3 !!!!!!!!!!!!!!!!!!!!!!!!!!!!!!!!!!!!!!!!!!!!!!!!!!!!!!
20260618 120802.565 INFO             PET3 !!! THE ESMF_LOG IS SET TO OUTPUT ALL LOG MESSAGES !!!
20260618 120802.565 INFO             PET3 !!!     THIS MAY CAUSE SLOWDOWN IN PERFORMANCE     !!!
20260618 120802.565 INFO             PET3 !!! FOR PRODUCTION RUNS, USE:                      !!!
20260618 120802.565 INFO             PET3 !!!                   ESMF_LOGKIND_Multi_On_Error  !!!
20260618 120802.565 INFO             PET3 !!!!!!!!!!!!!!!!!!!!!!!!!!!!!!!!!!!!!!!!!!!!!!!!!!!!!!
20260618 120802.565 INFO             PET3 Running with ESMF Version   : develop+g1c84b61425
20260618 120802.565 INFO             PET3 ESMF library build date/time: "Jun 18 2026" "11:42:31"
20260618 120802.565 INFO             PET3 ESMF library build location : /Users/oehmke/ESMF_AutoTest/gfortranclang_12.2.0_14.0.0_mpich_g_develop/esmf
20260618 120802.565 INFO             PET3 ESMF_COMM                   : mpich
20260618 120802.565 INFO             PET3 ESMF_MOAB                   : enabled
20260618 120802.565 INFO             PET3 ESMF_LAPACK                 : enabled
20260618 120802.565 INFO             PET3 ESMF_NETCDF                 : enabled
20260618 120802.565 INFO             PET3 ESMF_PNETCDF                : disabled
20260618 120802.565 INFO             PET3 ESMF_PIO                    : enabled
20260618 120802.565 INFO             PET3 ESMF_YAMLCPP                : enabled
20260618 120802.569 INFO             PET3 ESMF_FieldRedistStoreNF(): Just entered routine.
20260618 120802.715 INFO             PET3 ESMF_FieldRedistStoreNF(): Leaving routine.
20260618 120802.718 INFO             PET3  NUMBER_OF_PROCESSORS           4
20260618 120802.718 INFO             PET3  PASS  Example ESMF_RHandleFromRHandleEx, ESMF_RHandleFromRHandleEx.F90, line 660
20260618 120802.718 INFO             PET3  Finalizing ESMF
20260618 120802.718 INFO             PET3 ESMCI_IO_Handler.C:335 ESMCI::IO_Handler::finalize() 
20260618 120802.718 INFO             PET3 ESMCI_PIO_Handler.C:357 ESMCI::PIO_Handler::finalize() 
20260618 120802.718 INFO             PET3 ESMCI_IO_Handler.C:337 ESMCI::IO_Handler::finalize() after finalize, localrc = 0
20260618 120802.718 INFO             PET3 ESMCI_IO_Handler.C:360 ESMCI::IO_Handler::finalize() before return, localrc = 0
