 
Installing ESMF:
 
mkdir -p /home/gerhard/ESMF-Nightly-Testing/gfortran_7.4.0_mpich_g_develop/esmf/DEFAULTINSTALLDIR/include
cp -f /home/gerhard/ESMF-Nightly-Testing/gfortran_7.4.0_mpich_g_develop/esmf/src/include/NUOPC.h /home/gerhard/ESMF-Nightly-Testing/gfortran_7.4.0_mpich_g_develop/esmf/DEFAULTINSTALLDIR/include
cp -f /home/gerhard/ESMF-Nightly-Testing/gfortran_7.4.0_mpich_g_develop/esmf/src/include/ESMC.h /home/gerhard/ESMF-Nightly-Testing/gfortran_7.4.0_mpich_g_develop/esmf/DEFAULTINSTALLDIR/include
cp -f /home/gerhard/ESMF-Nightly-Testing/gfortran_7.4.0_mpich_g_develop/esmf/src/include/ESMC_*.h /home/gerhard/ESMF-Nightly-Testing/gfortran_7.4.0_mpich_g_develop/esmf/DEFAULTINSTALLDIR/include
cp -f /home/gerhard/ESMF-Nightly-Testing/gfortran_7.4.0_mpich_g_develop/esmf/build_config/Linux.gfortran.default/ESMC_Conf.h /home/gerhard/ESMF-Nightly-Testing/gfortran_7.4.0_mpich_g_develop/esmf/DEFAULTINSTALLDIR/include
cp -fr /home/gerhard/ESMF-Nightly-Testing/gfortran_7.4.0_mpich_g_develop/esmf/src/addon/ESMX /home/gerhard/ESMF-Nightly-Testing/gfortran_7.4.0_mpich_g_develop/esmf/DEFAULTINSTALLDIR/include
mkdir -p /home/gerhard/ESMF-Nightly-Testing/gfortran_7.4.0_mpich_g_develop/esmf/DEFAULTINSTALLDIR/cmake
cp -f /home/gerhard/ESMF-Nightly-Testing/gfortran_7.4.0_mpich_g_develop/esmf/cmake/FindESMF.cmake /home/gerhard/ESMF-Nightly-Testing/gfortran_7.4.0_mpich_g_develop/esmf/DEFAULTINSTALLDIR/cmake
mkdir -p /home/gerhard/ESMF-Nightly-Testing/gfortran_7.4.0_mpich_g_develop/esmf/DEFAULTINSTALLDIR/mod/modg/Linux.gfortran.64.mpich.default
cp -f /home/gerhard/ESMF-Nightly-Testing/gfortran_7.4.0_mpich_g_develop/esmf/mod/modg/Linux.gfortran.64.mpich.default/*.mod /home/gerhard/ESMF-Nightly-Testing/gfortran_7.4.0_mpich_g_develop/esmf/DEFAULTINSTALLDIR/mod/modg/Linux.gfortran.64.mpich.default
mkdir -p /home/gerhard/ESMF-Nightly-Testing/gfortran_7.4.0_mpich_g_develop/esmf/DEFAULTINSTALLDIR/lib/libg/Linux.gfortran.64.mpich.default
cp -f /home/gerhard/ESMF-Nightly-Testing/gfortran_7.4.0_mpich_g_develop/esmf/lib/libg/Linux.gfortran.64.mpich.default/libesmf*.* /home/gerhard/ESMF-Nightly-Testing/gfortran_7.4.0_mpich_g_develop/esmf/DEFAULTINSTALLDIR/lib/libg/Linux.gfortran.64.mpich.default
cp -f /home/gerhard/ESMF-Nightly-Testing/gfortran_7.4.0_mpich_g_develop/esmf/lib/libg/Linux.gfortran.64.mpich.default/libpioc.* /home/gerhard/ESMF-Nightly-Testing/gfortran_7.4.0_mpich_g_develop/esmf/DEFAULTINSTALLDIR/lib/libg/Linux.gfortran.64.mpich.default
make ESMF_PRELOADDIR=/home/gerhard/ESMF-Nightly-Testing/gfortran_7.4.0_mpich_g_develop/esmf/DEFAULTINSTALLDIR/lib/libg/Linux.gfortran.64.mpich.default build_preload_script
make[1]: Entering directory '/home/gerhard/ESMF-Nightly-Testing/gfortran_7.4.0_mpich_g_develop/esmf'
chmod 755 /home/gerhard/ESMF-Nightly-Testing/gfortran_7.4.0_mpich_g_develop/esmf/DEFAULTINSTALLDIR/lib/libg/Linux.gfortran.64.mpich.default/preload.sh
make[1]: Leaving directory '/home/gerhard/ESMF-Nightly-Testing/gfortran_7.4.0_mpich_g_develop/esmf'
ranlib /home/gerhard/ESMF-Nightly-Testing/gfortran_7.4.0_mpich_g_develop/esmf/DEFAULTINSTALLDIR/lib/libg/Linux.gfortran.64.mpich.default/libesmf*.a
make install_apps
make[1]: Entering directory '/home/gerhard/ESMF-Nightly-Testing/gfortran_7.4.0_mpich_g_develop/esmf'
mkdir -p /home/gerhard/ESMF-Nightly-Testing/gfortran_7.4.0_mpich_g_develop/esmf/DEFAULTINSTALLDIR/bin/bing/Linux.gfortran.64.mpich.default
make build_apps ESMF_APPSDIR=/home/gerhard/ESMF-Nightly-Testing/gfortran_7.4.0_mpich_g_develop/esmf/DEFAULTINSTALLDIR/bin/bing/Linux.gfortran.64.mpich.default ESMF_LDIR=/home/gerhard/ESMF-Nightly-Testing/gfortran_7.4.0_mpich_g_develop/esmf/DEFAULTINSTALLDIR/lib/libg/Linux.gfortran.64.mpich.default ESMF_LIBDIR=/home/gerhard/ESMF-Nightly-Testing/gfortran_7.4.0_mpich_g_develop/esmf/DEFAULTINSTALLDIR/lib/libg/Linux.gfortran.64.mpich.default ESMF_MODDIR=/home/gerhard/ESMF-Nightly-Testing/gfortran_7.4.0_mpich_g_develop/esmf/DEFAULTINSTALLDIR/mod/modg/Linux.gfortran.64.mpich.default
make[2]: Entering directory '/home/gerhard/ESMF-Nightly-Testing/gfortran_7.4.0_mpich_g_develop/esmf'
cd /home/gerhard/ESMF-Nightly-Testing/gfortran_7.4.0_mpich_g_develop/esmf/src/apps; make ACTION=tree_build_apps tree
make[3]: Entering directory '/home/gerhard/ESMF-Nightly-Testing/gfortran_7.4.0_mpich_g_develop/esmf/src/apps'
tree_build_apps in: /home/gerhard/ESMF-Nightly-Testing/gfortran_7.4.0_mpich_g_develop/esmf/src/apps/ESMF_PrintInfo
make[4]: Entering directory '/home/gerhard/ESMF-Nightly-Testing/gfortran_7.4.0_mpich_g_develop/esmf/src/apps/ESMF_PrintInfo'
make chkdir_locobj
make[5]: Entering directory '/home/gerhard/ESMF-Nightly-Testing/gfortran_7.4.0_mpich_g_develop/esmf/src/apps/ESMF_PrintInfo'
Making directory /home/gerhard/ESMF-Nightly-Testing/gfortran_7.4.0_mpich_g_develop/esmf/obj/objg/Linux.gfortran.64.mpich.default/src/apps/ESMF_PrintInfo for apps output
make[5]: Leaving directory '/home/gerhard/ESMF-Nightly-Testing/gfortran_7.4.0_mpich_g_develop/esmf/src/apps/ESMF_PrintInfo'
mpif90 -c -g -Wall -Wextra -Wconversion -Wno-unused -Wno-unused-dummy-argument -fbacktrace -fimplicit-none -fcheck=all,no-pointer  -fPIC  -m64 -mcmodel=small -pthread -ffree-line-length-none  -fopenmp -I/home/gerhard/ESMF-Nightly-Testing/gfortran_7.4.0_mpich_g_develop/esmf/src/apps/ESMF_PrintInfo -I/home/gerhard/ESMF-Nightly-Testing/gfortran_7.4.0_mpich_g_develop/esmf/build_config/Linux.gfortran.default -I/home/gerhard/ESMF-Nightly-Testing/gfortran_7.4.0_mpich_g_develop/esmf/src/Infrastructure -I/home/gerhard/ESMF-Nightly-Testing/gfortran_7.4.0_mpich_g_develop/esmf/src/Superstructure -I/home/gerhard/ESMF-Nightly-Testing/gfortran_7.4.0_mpich_g_develop/esmf/DEFAULTINSTALLDIR/mod/modg/Linux.gfortran.64.mpich.default -I/home/gerhard/ESMF-Nightly-Testing/gfortran_7.4.0_mpich_g_develop/esmf/src/include -I/opt/GCC/7.4.0/mpich/3.3.1/netcdf/4.7.4/include -I/opt/GCC/7.4.0/mpich/3.3.1/netcdf/4.7.4/include  -DESMF_NO_INTEGER_1_BYTE -DESMF_NO_INTEGER_2_BYTE -DESMF_VERSION_STRING_GIT='"develop+g1082792c4b"' -DESMF_LOWERCASE_SINGLEUNDERSCORE -DESMF_MOAB=1 -DESMF_LAPACK=1 -DESMF_LAPACK_INTERNAL=1 -DESMF_NO_ACC_SOFTWARE_STACK=1 -DESMF_PIO=1 -DESMF_NETCDF=1 -DYAML=ESMF_YAML -DESMF_YAMLCPP=1 -DESMF_NO_OPENACC -DESMF_TESTEXHAUSTIVE -DESMF_BOPT_g -DESMF_TESTPERFORMANCE -DESMF_TESTCOMPTUNNEL -DESMF_TESTWITHTHREADS -DSx86_64_small=1 -DESMF_OS_Linux=1 -DESMF_COMM=mpich -DESMF_DIR=/home/gerhard/ESMF-Nightly-Testing/gfortran_7.4.0_mpich_g_develop/esmf ESMF_PrintInfo.F90 -o /home/gerhard/ESMF-Nightly-Testing/gfortran_7.4.0_mpich_g_develop/esmf/obj/objg/Linux.gfortran.64.mpich.default/src/apps/ESMF_PrintInfo/ESMF_PrintInfo.o
make chkdir_apps
make[5]: Entering directory '/home/gerhard/ESMF-Nightly-Testing/gfortran_7.4.0_mpich_g_develop/esmf/src/apps/ESMF_PrintInfo'
make[5]: Leaving directory '/home/gerhard/ESMF-Nightly-Testing/gfortran_7.4.0_mpich_g_develop/esmf/src/apps/ESMF_PrintInfo'
mpif90     -m64 -mcmodel=small -pthread -Wl,--no-as-needed  -fopenmp -L/home/gerhard/ESMF-Nightly-Testing/gfortran_7.4.0_mpich_g_develop/esmf/DEFAULTINSTALLDIR/lib/libg/Linux.gfortran.64.mpich.default -L/opt/GCC/7.4.0/mpich/3.3.1/netcdf/4.7.4/lib64 -L/opt/GCC/7.4.0/mpich/3.3.1/netcdf/4.7.4/lib64 -L/opt/GCC/7.4.0/lib64/gcc/x86_64-pc-linux-gnu/7.4.0/../../../../lib64/ -Wl,-rpath,/home/gerhard/ESMF-Nightly-Testing/gfortran_7.4.0_mpich_g_develop/esmf/DEFAULTINSTALLDIR/lib/libg/Linux.gfortran.64.mpich.default  -Wl,-rpath,/opt/GCC/7.4.0/mpich/3.3.1/netcdf/4.7.4/lib64 -Wl,-rpath,/opt/GCC/7.4.0/mpich/3.3.1/netcdf/4.7.4/lib64 -Wl,-rpath,/opt/GCC/7.4.0/lib64/gcc/x86_64-pc-linux-gnu/7.4.0/../../../../lib64/ -o /home/gerhard/ESMF-Nightly-Testing/gfortran_7.4.0_mpich_g_develop/esmf/DEFAULTINSTALLDIR/bin/bing/Linux.gfortran.64.mpich.default/ESMF_PrintInfo /home/gerhard/ESMF-Nightly-Testing/gfortran_7.4.0_mpich_g_develop/esmf/obj/objg/Linux.gfortran.64.mpich.default/src/apps/ESMF_PrintInfo/ESMF_PrintInfo.o -lesmf -lpioc -lnetcdf -lnetcdff -lrt -lstdc++ -ldl
make[4]: Leaving directory '/home/gerhard/ESMF-Nightly-Testing/gfortran_7.4.0_mpich_g_develop/esmf/src/apps/ESMF_PrintInfo'
tree_build_apps in: /home/gerhard/ESMF-Nightly-Testing/gfortran_7.4.0_mpich_g_develop/esmf/src/apps/ESMF_PrintInfoC
make[4]: Entering directory '/home/gerhard/ESMF-Nightly-Testing/gfortran_7.4.0_mpich_g_develop/esmf/src/apps/ESMF_PrintInfoC'
make chkdir_locobj
make[5]: Entering directory '/home/gerhard/ESMF-Nightly-Testing/gfortran_7.4.0_mpich_g_develop/esmf/src/apps/ESMF_PrintInfoC'
Making directory /home/gerhard/ESMF-Nightly-Testing/gfortran_7.4.0_mpich_g_develop/esmf/obj/objg/Linux.gfortran.64.mpich.default/src/apps/ESMF_PrintInfoC for apps output
make[5]: Leaving directory '/home/gerhard/ESMF-Nightly-Testing/gfortran_7.4.0_mpich_g_develop/esmf/src/apps/ESMF_PrintInfoC'
mpicc -c -std=c99 -g  -fPIC  -fopenmp -I/home/gerhard/ESMF-Nightly-Testing/gfortran_7.4.0_mpich_g_develop/esmf/src/apps/ESMF_PrintInfoC -I/home/gerhard/ESMF-Nightly-Testing/gfortran_7.4.0_mpich_g_develop/esmf/src/apps/ESMF_PrintInfoC/../include -I/home/gerhard/ESMF-Nightly-Testing/gfortran_7.4.0_mpich_g_develop/esmf/build_config/Linux.gfortran.default -I/home/gerhard/ESMF-Nightly-Testing/gfortran_7.4.0_mpich_g_develop/esmf/src/Infrastructure -I/home/gerhard/ESMF-Nightly-Testing/gfortran_7.4.0_mpich_g_develop/esmf/src/Superstructure  -I/home/gerhard/ESMF-Nightly-Testing/gfortran_7.4.0_mpich_g_develop/esmf/src/include   -DESMF_NO_INTEGER_1_BYTE -DESMF_NO_INTEGER_2_BYTE -DESMF_VERSION_STRING_GIT='"develop+g1082792c4b"' -DESMF_LOWERCASE_SINGLEUNDERSCORE -DESMF_MOAB=1 -DESMF_LAPACK=1 -DESMF_LAPACK_INTERNAL=1 -DESMF_NO_ACC_SOFTWARE_STACK=1 -DESMF_PIO=1 -DESMF_NETCDF=1 -DYAML=ESMF_YAML -DESMF_YAMLCPP=1 -DESMF_NO_OPENACC -DESMF_TESTEXHAUSTIVE -DESMF_BOPT_g -DESMF_TESTPERFORMANCE -DESMF_TESTCOMPTUNNEL -DESMF_TESTWITHTHREADS -DSx86_64_small=1 -DESMF_OS_Linux=1 -DESMF_COMM=mpich -DESMF_DIR=/home/gerhard/ESMF-Nightly-Testing/gfortran_7.4.0_mpich_g_develop/esmf -D__SDIR__='"src/apps/ESMF_PrintInfoC"' -DESMF_CSTD=99 ESMF_PrintInfoC.c -o /home/gerhard/ESMF-Nightly-Testing/gfortran_7.4.0_mpich_g_develop/esmf/obj/objg/Linux.gfortran.64.mpich.default/src/apps/ESMF_PrintInfoC/ESMF_PrintInfoC.o
make chkdir_apps
make[5]: Entering directory '/home/gerhard/ESMF-Nightly-Testing/gfortran_7.4.0_mpich_g_develop/esmf/src/apps/ESMF_PrintInfoC'
make[5]: Leaving directory '/home/gerhard/ESMF-Nightly-Testing/gfortran_7.4.0_mpich_g_develop/esmf/src/apps/ESMF_PrintInfoC'
mpicc     -fopenmp -L/home/gerhard/ESMF-Nightly-Testing/gfortran_7.4.0_mpich_g_develop/esmf/DEFAULTINSTALLDIR/lib/libg/Linux.gfortran.64.mpich.default -L/opt/GCC/7.4.0/mpich/3.3.1/netcdf/4.7.4/lib64 -L/opt/GCC/7.4.0/mpich/3.3.1/netcdf/4.7.4/lib64 -L/opt/GCC/7.4.0/lib64/gcc/x86_64-pc-linux-gnu/7.4.0/../../../../lib64/ -L/home/gerhard/ESMF-Nightly-Testing/gfortran_7.4.0_mpich_g_develop/esmf/DEFAULTINSTALLDIR/lib/libg/Linux.gfortran.64.mpich.default -L/opt/GCC/7.4.0/mpich/3.3.1/netcdf/4.7.4/lib64 -L/opt/GCC/7.4.0/mpich/3.3.1/netcdf/4.7.4/lib64 -L/opt/GCC/7.4.0/lib64/gcc/x86_64-pc-linux-gnu/7.4.0/../../../../lib64/ -Wl,-rpath,/home/gerhard/ESMF-Nightly-Testing/gfortran_7.4.0_mpich_g_develop/esmf/DEFAULTINSTALLDIR/lib/libg/Linux.gfortran.64.mpich.default -Wl,-rpath,/opt/GCC/7.4.0/mpich/3.3.1/netcdf/4.7.4/lib64 -Wl,-rpath,/opt/GCC/7.4.0/mpich/3.3.1/netcdf/4.7.4/lib64 -Wl,-rpath,/opt/GCC/7.4.0/lib64/gcc/x86_64-pc-linux-gnu/7.4.0/../../../../lib64/ -Wl,-rpath,/home/gerhard/ESMF-Nightly-Testing/gfortran_7.4.0_mpich_g_develop/esmf/DEFAULTINSTALLDIR/lib/libg/Linux.gfortran.64.mpich.default -Wl,-rpath,/opt/GCC/7.4.0/mpich/3.3.1/netcdf/4.7.4/lib64 -Wl,-rpath,/opt/GCC/7.4.0/mpich/3.3.1/netcdf/4.7.4/lib64 -Wl,-rpath,/opt/GCC/7.4.0/lib64/gcc/x86_64-pc-linux-gnu/7.4.0/../../../../lib64/ -o /home/gerhard/ESMF-Nightly-Testing/gfortran_7.4.0_mpich_g_develop/esmf/DEFAULTINSTALLDIR/bin/bing/Linux.gfortran.64.mpich.default/ESMF_PrintInfoC /home/gerhard/ESMF-Nightly-Testing/gfortran_7.4.0_mpich_g_develop/esmf/obj/objg/Linux.gfortran.64.mpich.default/src/apps/ESMF_PrintInfoC/ESMF_PrintInfoC.o -lesmf -lpioc -lnetcdf -lnetcdff -lrt -lgfortran -ldl -lpioc -lnetcdf -lnetcdff -lrt -lstdc++ -ldl
make[4]: Leaving directory '/home/gerhard/ESMF-Nightly-Testing/gfortran_7.4.0_mpich_g_develop/esmf/src/apps/ESMF_PrintInfoC'
tree_build_apps in: /home/gerhard/ESMF-Nightly-Testing/gfortran_7.4.0_mpich_g_develop/esmf/src/apps/ESMF_RegridWeightGen
make[4]: Entering directory '/home/gerhard/ESMF-Nightly-Testing/gfortran_7.4.0_mpich_g_develop/esmf/src/apps/ESMF_RegridWeightGen'
make chkdir_locobj
make[5]: Entering directory '/home/gerhard/ESMF-Nightly-Testing/gfortran_7.4.0_mpich_g_develop/esmf/src/apps/ESMF_RegridWeightGen'
Making directory /home/gerhard/ESMF-Nightly-Testing/gfortran_7.4.0_mpich_g_develop/esmf/obj/objg/Linux.gfortran.64.mpich.default/src/apps/ESMF_RegridWeightGen for apps output
make[5]: Leaving directory '/home/gerhard/ESMF-Nightly-Testing/gfortran_7.4.0_mpich_g_develop/esmf/src/apps/ESMF_RegridWeightGen'
mpif90 -c -g -Wall -Wextra -Wconversion -Wno-unused -Wno-unused-dummy-argument -fbacktrace -fimplicit-none -fcheck=all,no-pointer  -fPIC  -m64 -mcmodel=small -pthread -ffree-line-length-none  -fopenmp -I/home/gerhard/ESMF-Nightly-Testing/gfortran_7.4.0_mpich_g_develop/esmf/src/apps/ESMF_RegridWeightGen -I/home/gerhard/ESMF-Nightly-Testing/gfortran_7.4.0_mpich_g_develop/esmf/build_config/Linux.gfortran.default -I/home/gerhard/ESMF-Nightly-Testing/gfortran_7.4.0_mpich_g_develop/esmf/src/Infrastructure -I/home/gerhard/ESMF-Nightly-Testing/gfortran_7.4.0_mpich_g_develop/esmf/src/Superstructure -I/home/gerhard/ESMF-Nightly-Testing/gfortran_7.4.0_mpich_g_develop/esmf/DEFAULTINSTALLDIR/mod/modg/Linux.gfortran.64.mpich.default -I/home/gerhard/ESMF-Nightly-Testing/gfortran_7.4.0_mpich_g_develop/esmf/src/include -I/opt/GCC/7.4.0/mpich/3.3.1/netcdf/4.7.4/include -I/opt/GCC/7.4.0/mpich/3.3.1/netcdf/4.7.4/include  -DESMF_NO_INTEGER_1_BYTE -DESMF_NO_INTEGER_2_BYTE -DESMF_VERSION_STRING_GIT='"develop+g1082792c4b"' -DESMF_LOWERCASE_SINGLEUNDERSCORE -DESMF_MOAB=1 -DESMF_LAPACK=1 -DESMF_LAPACK_INTERNAL=1 -DESMF_NO_ACC_SOFTWARE_STACK=1 -DESMF_PIO=1 -DESMF_NETCDF=1 -DYAML=ESMF_YAML -DESMF_YAMLCPP=1 -DESMF_NO_OPENACC -DESMF_TESTEXHAUSTIVE -DESMF_BOPT_g -DESMF_TESTPERFORMANCE -DESMF_TESTCOMPTUNNEL -DESMF_TESTWITHTHREADS -DSx86_64_small=1 -DESMF_OS_Linux=1 -DESMF_COMM=mpich -DESMF_DIR=/home/gerhard/ESMF-Nightly-Testing/gfortran_7.4.0_mpich_g_develop/esmf ESMF_RegridWeightGen.F90 -o /home/gerhard/ESMF-Nightly-Testing/gfortran_7.4.0_mpich_g_develop/esmf/obj/objg/Linux.gfortran.64.mpich.default/src/apps/ESMF_RegridWeightGen/ESMF_RegridWeightGen.o
make chkdir_apps
make[5]: Entering directory '/home/gerhard/ESMF-Nightly-Testing/gfortran_7.4.0_mpich_g_develop/esmf/src/apps/ESMF_RegridWeightGen'
make[5]: Leaving directory '/home/gerhard/ESMF-Nightly-Testing/gfortran_7.4.0_mpich_g_develop/esmf/src/apps/ESMF_RegridWeightGen'
mpif90     -m64 -mcmodel=small -pthread -Wl,--no-as-needed  -fopenmp -L/home/gerhard/ESMF-Nightly-Testing/gfortran_7.4.0_mpich_g_develop/esmf/DEFAULTINSTALLDIR/lib/libg/Linux.gfortran.64.mpich.default -L/opt/GCC/7.4.0/mpich/3.3.1/netcdf/4.7.4/lib64 -L/opt/GCC/7.4.0/mpich/3.3.1/netcdf/4.7.4/lib64 -L/opt/GCC/7.4.0/lib64/gcc/x86_64-pc-linux-gnu/7.4.0/../../../../lib64/ -Wl,-rpath,/home/gerhard/ESMF-Nightly-Testing/gfortran_7.4.0_mpich_g_develop/esmf/DEFAULTINSTALLDIR/lib/libg/Linux.gfortran.64.mpich.default  -Wl,-rpath,/opt/GCC/7.4.0/mpich/3.3.1/netcdf/4.7.4/lib64 -Wl,-rpath,/opt/GCC/7.4.0/mpich/3.3.1/netcdf/4.7.4/lib64 -Wl,-rpath,/opt/GCC/7.4.0/lib64/gcc/x86_64-pc-linux-gnu/7.4.0/../../../../lib64/ -o /home/gerhard/ESMF-Nightly-Testing/gfortran_7.4.0_mpich_g_develop/esmf/DEFAULTINSTALLDIR/bin/bing/Linux.gfortran.64.mpich.default/ESMF_RegridWeightGen /home/gerhard/ESMF-Nightly-Testing/gfortran_7.4.0_mpich_g_develop/esmf/obj/objg/Linux.gfortran.64.mpich.default/src/apps/ESMF_RegridWeightGen/ESMF_RegridWeightGen.o -lesmf -lpioc -lnetcdf -lnetcdff -lrt -lstdc++ -ldl
make[4]: Leaving directory '/home/gerhard/ESMF-Nightly-Testing/gfortran_7.4.0_mpich_g_develop/esmf/src/apps/ESMF_RegridWeightGen'
tree_build_apps in: /home/gerhard/ESMF-Nightly-Testing/gfortran_7.4.0_mpich_g_develop/esmf/src/apps/ESMF_WebServController
make[4]: Entering directory '/home/gerhard/ESMF-Nightly-Testing/gfortran_7.4.0_mpich_g_develop/esmf/src/apps/ESMF_WebServController'
make chkdir_locobj
make[5]: Entering directory '/home/gerhard/ESMF-Nightly-Testing/gfortran_7.4.0_mpich_g_develop/esmf/src/apps/ESMF_WebServController'
Making directory /home/gerhard/ESMF-Nightly-Testing/gfortran_7.4.0_mpich_g_develop/esmf/obj/objg/Linux.gfortran.64.mpich.default/src/apps/ESMF_WebServController for apps output
make[5]: Leaving directory '/home/gerhard/ESMF-Nightly-Testing/gfortran_7.4.0_mpich_g_develop/esmf/src/apps/ESMF_WebServController'
mpicxx -c -std=c++11 -g -Wall -Wextra -Wno-unused  -fPIC -m64 -mcmodel=small -pthread  -fopenmp -I/home/gerhard/ESMF-Nightly-Testing/gfortran_7.4.0_mpich_g_develop/esmf/src/apps/ESMF_WebServController -I/home/gerhard/ESMF-Nightly-Testing/gfortran_7.4.0_mpich_g_develop/esmf/src/apps/ESMF_WebServController/../include -I/home/gerhard/ESMF-Nightly-Testing/gfortran_7.4.0_mpich_g_develop/esmf/build_config/Linux.gfortran.default -I/home/gerhard/ESMF-Nightly-Testing/gfortran_7.4.0_mpich_g_develop/esmf/src/Infrastructure -I/home/gerhard/ESMF-Nightly-Testing/gfortran_7.4.0_mpich_g_develop/esmf/src/Superstructure -I/home/gerhard/ESMF-Nightly-Testing/gfortran_7.4.0_mpich_g_develop/esmf/src/Infrastructure/stubs/pthread  -I/home/gerhard/ESMF-Nightly-Testing/gfortran_7.4.0_mpich_g_develop/esmf/src/include  -I/opt/GCC/7.4.0/mpich/3.3.1/netcdf/4.7.4/include -I/home/gerhard/ESMF-Nightly-Testing/gfortran_7.4.0_mpich_g_develop/esmf/src/prologue/yaml-cpp/include -DESMF_NO_INTEGER_1_BYTE -DESMF_NO_INTEGER_2_BYTE -DESMF_VERSION_STRING_GIT='"develop+g1082792c4b"' -DESMF_LOWERCASE_SINGLEUNDERSCORE -DESMF_MOAB=1 -DESMF_LAPACK=1 -DESMF_LAPACK_INTERNAL=1 -DESMF_NO_ACC_SOFTWARE_STACK=1 -DESMF_PIO=1 -DESMF_NETCDF=1 -DYAML=ESMF_YAML -DESMF_YAMLCPP=1 -DESMF_NO_OPENACC -DESMF_TESTEXHAUSTIVE -DESMF_BOPT_g -DESMF_TESTPERFORMANCE -DESMF_TESTCOMPTUNNEL -DESMF_TESTWITHTHREADS -DSx86_64_small=1 -DESMF_OS_Linux=1 -DESMF_COMM=mpich -DESMF_DIR=/home/gerhard/ESMF-Nightly-Testing/gfortran_7.4.0_mpich_g_develop/esmf -D__SDIR__='"src/apps/ESMF_WebServController"' -DESMF_CXXSTD=11 ESMF_WebServController.C -o /home/gerhard/ESMF-Nightly-Testing/gfortran_7.4.0_mpich_g_develop/esmf/obj/objg/Linux.gfortran.64.mpich.default/src/apps/ESMF_WebServController/ESMF_WebServController.o
make chkdir_apps
make[5]: Entering directory '/home/gerhard/ESMF-Nightly-Testing/gfortran_7.4.0_mpich_g_develop/esmf/src/apps/ESMF_WebServController'
make[5]: Leaving directory '/home/gerhard/ESMF-Nightly-Testing/gfortran_7.4.0_mpich_g_develop/esmf/src/apps/ESMF_WebServController'
mpicxx    -m64 -mcmodel=small -pthread -Wl,--no-as-needed  -fopenmp -L/home/gerhard/ESMF-Nightly-Testing/gfortran_7.4.0_mpich_g_develop/esmf/DEFAULTINSTALLDIR/lib/libg/Linux.gfortran.64.mpich.default -L/opt/GCC/7.4.0/mpich/3.3.1/netcdf/4.7.4/lib64 -L/opt/GCC/7.4.0/mpich/3.3.1/netcdf/4.7.4/lib64 -L/opt/GCC/7.4.0/lib64/gcc/x86_64-pc-linux-gnu/7.4.0/../../../../lib64/ -Wl,-rpath,/home/gerhard/ESMF-Nightly-Testing/gfortran_7.4.0_mpich_g_develop/esmf/DEFAULTINSTALLDIR/lib/libg/Linux.gfortran.64.mpich.default  -Wl,-rpath,/opt/GCC/7.4.0/mpich/3.3.1/netcdf/4.7.4/lib64 -Wl,-rpath,/opt/GCC/7.4.0/mpich/3.3.1/netcdf/4.7.4/lib64 -Wl,-rpath,/opt/GCC/7.4.0/lib64/gcc/x86_64-pc-linux-gnu/7.4.0/../../../../lib64/ -o /home/gerhard/ESMF-Nightly-Testing/gfortran_7.4.0_mpich_g_develop/esmf/DEFAULTINSTALLDIR/bin/bing/Linux.gfortran.64.mpich.default/ESMF_WebServController /home/gerhard/ESMF-Nightly-Testing/gfortran_7.4.0_mpich_g_develop/esmf/obj/objg/Linux.gfortran.64.mpich.default/src/apps/ESMF_WebServController/ESMF_WebServController.o -lesmf -lpioc -lnetcdf -lnetcdff -lrt -lgfortran -ldl
make[4]: Leaving directory '/home/gerhard/ESMF-Nightly-Testing/gfortran_7.4.0_mpich_g_develop/esmf/src/apps/ESMF_WebServController'
tree_build_apps in: /home/gerhard/ESMF-Nightly-Testing/gfortran_7.4.0_mpich_g_develop/esmf/src/apps/ESMF_Scrip2Unstruct
make[4]: Entering directory '/home/gerhard/ESMF-Nightly-Testing/gfortran_7.4.0_mpich_g_develop/esmf/src/apps/ESMF_Scrip2Unstruct'
make chkdir_locobj
make[5]: Entering directory '/home/gerhard/ESMF-Nightly-Testing/gfortran_7.4.0_mpich_g_develop/esmf/src/apps/ESMF_Scrip2Unstruct'
Making directory /home/gerhard/ESMF-Nightly-Testing/gfortran_7.4.0_mpich_g_develop/esmf/obj/objg/Linux.gfortran.64.mpich.default/src/apps/ESMF_Scrip2Unstruct for apps output
make[5]: Leaving directory '/home/gerhard/ESMF-Nightly-Testing/gfortran_7.4.0_mpich_g_develop/esmf/src/apps/ESMF_Scrip2Unstruct'
mpicxx -c -std=c++11 -g -Wall -Wextra -Wno-unused  -fPIC -m64 -mcmodel=small -pthread  -fopenmp -I/home/gerhard/ESMF-Nightly-Testing/gfortran_7.4.0_mpich_g_develop/esmf/src/apps/ESMF_Scrip2Unstruct -I/home/gerhard/ESMF-Nightly-Testing/gfortran_7.4.0_mpich_g_develop/esmf/src/apps/ESMF_Scrip2Unstruct/../include -I/home/gerhard/ESMF-Nightly-Testing/gfortran_7.4.0_mpich_g_develop/esmf/build_config/Linux.gfortran.default -I/home/gerhard/ESMF-Nightly-Testing/gfortran_7.4.0_mpich_g_develop/esmf/src/Infrastructure -I/home/gerhard/ESMF-Nightly-Testing/gfortran_7.4.0_mpich_g_develop/esmf/src/Superstructure -I/home/gerhard/ESMF-Nightly-Testing/gfortran_7.4.0_mpich_g_develop/esmf/src/Infrastructure/stubs/pthread  -I/home/gerhard/ESMF-Nightly-Testing/gfortran_7.4.0_mpich_g_develop/esmf/src/include  -I/opt/GCC/7.4.0/mpich/3.3.1/netcdf/4.7.4/include -I/home/gerhard/ESMF-Nightly-Testing/gfortran_7.4.0_mpich_g_develop/esmf/src/prologue/yaml-cpp/include -DESMF_NO_INTEGER_1_BYTE -DESMF_NO_INTEGER_2_BYTE -DESMF_VERSION_STRING_GIT='"develop+g1082792c4b"' -DESMF_LOWERCASE_SINGLEUNDERSCORE -DESMF_MOAB=1 -DESMF_LAPACK=1 -DESMF_LAPACK_INTERNAL=1 -DESMF_NO_ACC_SOFTWARE_STACK=1 -DESMF_PIO=1 -DESMF_NETCDF=1 -DYAML=ESMF_YAML -DESMF_YAMLCPP=1 -DESMF_NO_OPENACC -DESMF_TESTEXHAUSTIVE -DESMF_BOPT_g -DESMF_TESTPERFORMANCE -DESMF_TESTCOMPTUNNEL -DESMF_TESTWITHTHREADS -DSx86_64_small=1 -DESMF_OS_Linux=1 -DESMF_COMM=mpich -DESMF_DIR=/home/gerhard/ESMF-Nightly-Testing/gfortran_7.4.0_mpich_g_develop/esmf -D__SDIR__='"src/apps/ESMF_Scrip2Unstruct"' -DESMF_CXXSTD=11 ESMF_Scrip2Unstruct.C -o /home/gerhard/ESMF-Nightly-Testing/gfortran_7.4.0_mpich_g_develop/esmf/obj/objg/Linux.gfortran.64.mpich.default/src/apps/ESMF_Scrip2Unstruct/ESMF_Scrip2Unstruct.o
ESMF_Scrip2Unstruct.C: In function ‘int main(int, char**)’:
ESMF_Scrip2Unstruct.C:581:14: warning: comparison between signed and unsigned integer expressions [-Wsign-compare]
   for (i=0; i<len; i++) {
             ~^~~~
ESMF_Scrip2Unstruct.C:592:19: warning: comparison between signed and unsigned integer expressions [-Wsign-compare]
     for (i = 0; i < gcdim*gsdim; i++) {
                 ~~^~~~~~~~~~~~~
ESMF_Scrip2Unstruct.C:598:17: warning: comparison between signed and unsigned integer expressions [-Wsign-compare]
   for (i = 0; i < gcdim*gsdim; i++) {
               ~~^~~~~~~~~~~~~
ESMF_Scrip2Unstruct.C:666:14: warning: comparison between signed and unsigned integer expressions [-Wsign-compare]
   for (i=0; i<gcdim*gsdim; i++) {
             ~^~~~~~~~~~~~
ESMF_Scrip2Unstruct.C:693:14: warning: comparison between signed and unsigned integer expressions [-Wsign-compare]
   for (i=0; i<gsdim; i++) {
             ~^~~~~~
ESMF_Scrip2Unstruct.C:698:16: warning: comparison between signed and unsigned integer expressions [-Wsign-compare]
     for (j=1; j<gcdim; j++) {
               ~^~~~~~
ESMF_Scrip2Unstruct.C:724:20: warning: comparison between signed and unsigned integer expressions [-Wsign-compare]
     for (j=count; j<gcdim; j++) {
                   ~^~~~~~
ESMF_Scrip2Unstruct.C:838:15: warning: comparison between signed and unsigned integer expressions [-Wsign-compare]
    for (i=0; i<len; i++) {
              ~^~~~
ESMF_Scrip2Unstruct.C:849:17: warning: comparison between signed and unsigned integer expressions [-Wsign-compare]
      for (i=0; i<gsdim; i++) {
                ~^~~~~~
ESMF_Scrip2Unstruct.C:856:17: warning: comparison between signed and unsigned integer expressions [-Wsign-compare]
      for (i=0; i<gsdim; i++) {
                ~^~~~~~
ESMF_Scrip2Unstruct.C:869:17: warning: comparison between signed and unsigned integer expressions [-Wsign-compare]
      for (i=0; i<gsdim; i++) {
                ~^~~~~~
ESMF_Scrip2Unstruct.C:875:17: warning: comparison between signed and unsigned integer expressions [-Wsign-compare]
      for (i=0; i<gsdim; i++) {
                ~^~~~~~
ESMF_Scrip2Unstruct.C:946:16: warning: comparison between signed and unsigned integer expressions [-Wsign-compare]
     for (i=0; i<gsdim; i++) {
               ~^~~~~~
ESMF_Scrip2Unstruct.C:957:16: warning: comparison between signed and unsigned integer expressions [-Wsign-compare]
     for (i=0; i<gsdim; i++) {
               ~^~~~~~
ESMF_Scrip2Unstruct.C:967:16: warning: comparison between signed and unsigned integer expressions [-Wsign-compare]
     for (i=0; i<len; i++) {
               ~^~~~
ESMF_Scrip2Unstruct.C:976:18: warning: comparison between signed and unsigned integer expressions [-Wsign-compare]
       for (i=0; i<gsdim*2; i++) {
                 ~^~~~~~~~
ESMF_Scrip2Unstruct.C:992:20: warning: comparison between signed and unsigned integer expressions [-Wsign-compare]
     for (i=0,k=0; i<gsdim; i++) {
                   ~^~~~~~
ESMF_Scrip2Unstruct.C:993:18: warning: comparison between signed and unsigned integer expressions [-Wsign-compare]
       for (j=0; j<gcdim; j++,k++) {
                 ~^~~~~~
ESMF_Scrip2Unstruct.C:1082:17: warning: comparison between signed and unsigned integer expressions [-Wsign-compare]
      for (j=0; j<gsdim;j++) {
                ~^~~~~~
ESMF_Scrip2Unstruct.C:1089:18: warning: comparison between signed and unsigned integer expressions [-Wsign-compare]
      for (j=0;  j<gsdim;j++) {
                 ~^~~~~~
make chkdir_apps
make[5]: Entering directory '/home/gerhard/ESMF-Nightly-Testing/gfortran_7.4.0_mpich_g_develop/esmf/src/apps/ESMF_Scrip2Unstruct'
make[5]: Leaving directory '/home/gerhard/ESMF-Nightly-Testing/gfortran_7.4.0_mpich_g_develop/esmf/src/apps/ESMF_Scrip2Unstruct'
mpicxx    -m64 -mcmodel=small -pthread -Wl,--no-as-needed  -fopenmp -L/home/gerhard/ESMF-Nightly-Testing/gfortran_7.4.0_mpich_g_develop/esmf/DEFAULTINSTALLDIR/lib/libg/Linux.gfortran.64.mpich.default -L/opt/GCC/7.4.0/mpich/3.3.1/netcdf/4.7.4/lib64 -L/opt/GCC/7.4.0/mpich/3.3.1/netcdf/4.7.4/lib64 -L/opt/GCC/7.4.0/lib64/gcc/x86_64-pc-linux-gnu/7.4.0/../../../../lib64/ -Wl,-rpath,/home/gerhard/ESMF-Nightly-Testing/gfortran_7.4.0_mpich_g_develop/esmf/DEFAULTINSTALLDIR/lib/libg/Linux.gfortran.64.mpich.default  -Wl,-rpath,/opt/GCC/7.4.0/mpich/3.3.1/netcdf/4.7.4/lib64 -Wl,-rpath,/opt/GCC/7.4.0/mpich/3.3.1/netcdf/4.7.4/lib64 -Wl,-rpath,/opt/GCC/7.4.0/lib64/gcc/x86_64-pc-linux-gnu/7.4.0/../../../../lib64/ -o /home/gerhard/ESMF-Nightly-Testing/gfortran_7.4.0_mpich_g_develop/esmf/DEFAULTINSTALLDIR/bin/bing/Linux.gfortran.64.mpich.default/ESMF_Scrip2Unstruct /home/gerhard/ESMF-Nightly-Testing/gfortran_7.4.0_mpich_g_develop/esmf/obj/objg/Linux.gfortran.64.mpich.default/src/apps/ESMF_Scrip2Unstruct/ESMF_Scrip2Unstruct.o -lesmf -lpioc -lnetcdf -lnetcdff -lrt -lgfortran -ldl
make[4]: Leaving directory '/home/gerhard/ESMF-Nightly-Testing/gfortran_7.4.0_mpich_g_develop/esmf/src/apps/ESMF_Scrip2Unstruct'
tree_build_apps in: /home/gerhard/ESMF-Nightly-Testing/gfortran_7.4.0_mpich_g_develop/esmf/src/apps/ESMF_Regrid
make[4]: Entering directory '/home/gerhard/ESMF-Nightly-Testing/gfortran_7.4.0_mpich_g_develop/esmf/src/apps/ESMF_Regrid'
make chkdir_locobj
make[5]: Entering directory '/home/gerhard/ESMF-Nightly-Testing/gfortran_7.4.0_mpich_g_develop/esmf/src/apps/ESMF_Regrid'
Making directory /home/gerhard/ESMF-Nightly-Testing/gfortran_7.4.0_mpich_g_develop/esmf/obj/objg/Linux.gfortran.64.mpich.default/src/apps/ESMF_Regrid for apps output
make[5]: Leaving directory '/home/gerhard/ESMF-Nightly-Testing/gfortran_7.4.0_mpich_g_develop/esmf/src/apps/ESMF_Regrid'
mpif90 -c -g -Wall -Wextra -Wconversion -Wno-unused -Wno-unused-dummy-argument -fbacktrace -fimplicit-none -fcheck=all,no-pointer  -fPIC  -m64 -mcmodel=small -pthread -ffree-line-length-none  -fopenmp -I/home/gerhard/ESMF-Nightly-Testing/gfortran_7.4.0_mpich_g_develop/esmf/src/apps/ESMF_Regrid -I/home/gerhard/ESMF-Nightly-Testing/gfortran_7.4.0_mpich_g_develop/esmf/build_config/Linux.gfortran.default -I/home/gerhard/ESMF-Nightly-Testing/gfortran_7.4.0_mpich_g_develop/esmf/src/Infrastructure -I/home/gerhard/ESMF-Nightly-Testing/gfortran_7.4.0_mpich_g_develop/esmf/src/Superstructure -I/home/gerhard/ESMF-Nightly-Testing/gfortran_7.4.0_mpich_g_develop/esmf/DEFAULTINSTALLDIR/mod/modg/Linux.gfortran.64.mpich.default -I/home/gerhard/ESMF-Nightly-Testing/gfortran_7.4.0_mpich_g_develop/esmf/src/include -I/opt/GCC/7.4.0/mpich/3.3.1/netcdf/4.7.4/include -I/opt/GCC/7.4.0/mpich/3.3.1/netcdf/4.7.4/include  -DESMF_NO_INTEGER_1_BYTE -DESMF_NO_INTEGER_2_BYTE -DESMF_VERSION_STRING_GIT='"develop+g1082792c4b"' -DESMF_LOWERCASE_SINGLEUNDERSCORE -DESMF_MOAB=1 -DESMF_LAPACK=1 -DESMF_LAPACK_INTERNAL=1 -DESMF_NO_ACC_SOFTWARE_STACK=1 -DESMF_PIO=1 -DESMF_NETCDF=1 -DYAML=ESMF_YAML -DESMF_YAMLCPP=1 -DESMF_NO_OPENACC -DESMF_TESTEXHAUSTIVE -DESMF_BOPT_g -DESMF_TESTPERFORMANCE -DESMF_TESTCOMPTUNNEL -DESMF_TESTWITHTHREADS -DSx86_64_small=1 -DESMF_OS_Linux=1 -DESMF_COMM=mpich -DESMF_DIR=/home/gerhard/ESMF-Nightly-Testing/gfortran_7.4.0_mpich_g_develop/esmf ESMF_Regrid.F90 -o /home/gerhard/ESMF-Nightly-Testing/gfortran_7.4.0_mpich_g_develop/esmf/obj/objg/Linux.gfortran.64.mpich.default/src/apps/ESMF_Regrid/ESMF_Regrid.o
make chkdir_apps
make[5]: Entering directory '/home/gerhard/ESMF-Nightly-Testing/gfortran_7.4.0_mpich_g_develop/esmf/src/apps/ESMF_Regrid'
make[5]: Leaving directory '/home/gerhard/ESMF-Nightly-Testing/gfortran_7.4.0_mpich_g_develop/esmf/src/apps/ESMF_Regrid'
mpif90     -m64 -mcmodel=small -pthread -Wl,--no-as-needed  -fopenmp -L/home/gerhard/ESMF-Nightly-Testing/gfortran_7.4.0_mpich_g_develop/esmf/DEFAULTINSTALLDIR/lib/libg/Linux.gfortran.64.mpich.default -L/opt/GCC/7.4.0/mpich/3.3.1/netcdf/4.7.4/lib64 -L/opt/GCC/7.4.0/mpich/3.3.1/netcdf/4.7.4/lib64 -L/opt/GCC/7.4.0/lib64/gcc/x86_64-pc-linux-gnu/7.4.0/../../../../lib64/ -Wl,-rpath,/home/gerhard/ESMF-Nightly-Testing/gfortran_7.4.0_mpich_g_develop/esmf/DEFAULTINSTALLDIR/lib/libg/Linux.gfortran.64.mpich.default  -Wl,-rpath,/opt/GCC/7.4.0/mpich/3.3.1/netcdf/4.7.4/lib64 -Wl,-rpath,/opt/GCC/7.4.0/mpich/3.3.1/netcdf/4.7.4/lib64 -Wl,-rpath,/opt/GCC/7.4.0/lib64/gcc/x86_64-pc-linux-gnu/7.4.0/../../../../lib64/ -o /home/gerhard/ESMF-Nightly-Testing/gfortran_7.4.0_mpich_g_develop/esmf/DEFAULTINSTALLDIR/bin/bing/Linux.gfortran.64.mpich.default/ESMF_Regrid /home/gerhard/ESMF-Nightly-Testing/gfortran_7.4.0_mpich_g_develop/esmf/obj/objg/Linux.gfortran.64.mpich.default/src/apps/ESMF_Regrid/ESMF_Regrid.o -lesmf -lpioc -lnetcdf -lnetcdff -lrt -lstdc++ -ldl
make[4]: Leaving directory '/home/gerhard/ESMF-Nightly-Testing/gfortran_7.4.0_mpich_g_develop/esmf/src/apps/ESMF_Regrid'
tree_build_apps in: /home/gerhard/ESMF-Nightly-Testing/gfortran_7.4.0_mpich_g_develop/esmf/src/apps/ESMX_Builder
make[4]: Entering directory '/home/gerhard/ESMF-Nightly-Testing/gfortran_7.4.0_mpich_g_develop/esmf/src/apps/ESMX_Builder'
make chkdir_apps
make[5]: Entering directory '/home/gerhard/ESMF-Nightly-Testing/gfortran_7.4.0_mpich_g_develop/esmf/src/apps/ESMX_Builder'
make[5]: Leaving directory '/home/gerhard/ESMF-Nightly-Testing/gfortran_7.4.0_mpich_g_develop/esmf/src/apps/ESMX_Builder'
cp -f ESMX_Builder.sh /home/gerhard/ESMF-Nightly-Testing/gfortran_7.4.0_mpich_g_develop/esmf/DEFAULTINSTALLDIR/bin/bing/Linux.gfortran.64.mpich.default/ESMX_Builder
make[4]: Leaving directory '/home/gerhard/ESMF-Nightly-Testing/gfortran_7.4.0_mpich_g_develop/esmf/src/apps/ESMX_Builder'
make[3]: Leaving directory '/home/gerhard/ESMF-Nightly-Testing/gfortran_7.4.0_mpich_g_develop/esmf/src/apps'
ESMF apps built successfully.
make[2]: Leaving directory '/home/gerhard/ESMF-Nightly-Testing/gfortran_7.4.0_mpich_g_develop/esmf'
make[1]: Leaving directory '/home/gerhard/ESMF-Nightly-Testing/gfortran_7.4.0_mpich_g_develop/esmf'
mkdir -p /home/gerhard/ESMF-Nightly-Testing/gfortran_7.4.0_mpich_g_develop/esmf/DEFAULTINSTALLDIR/doc
make install_info_mk
make[1]: Entering directory '/home/gerhard/ESMF-Nightly-Testing/gfortran_7.4.0_mpich_g_develop/esmf'
make info_mk ESMF_APPSDIR=/home/gerhard/ESMF-Nightly-Testing/gfortran_7.4.0_mpich_g_develop/esmf/DEFAULTINSTALLDIR/bin/bing/Linux.gfortran.64.mpich.default ESMF_LDIR=/home/gerhard/ESMF-Nightly-Testing/gfortran_7.4.0_mpich_g_develop/esmf/DEFAULTINSTALLDIR/lib/libg/Linux.gfortran.64.mpich.default ESMF_LIBDIR=/home/gerhard/ESMF-Nightly-Testing/gfortran_7.4.0_mpich_g_develop/esmf/DEFAULTINSTALLDIR/lib/libg/Linux.gfortran.64.mpich.default ESMF_ESMXDIR=/home/gerhard/ESMF-Nightly-Testing/gfortran_7.4.0_mpich_g_develop/esmf/DEFAULTINSTALLDIR/include/ESMX ESMF_CMAKEDIR=/home/gerhard/ESMF-Nightly-Testing/gfortran_7.4.0_mpich_g_develop/esmf/DEFAULTINSTALLDIR/cmake ESMF_MODDIR=/home/gerhard/ESMF-Nightly-Testing/gfortran_7.4.0_mpich_g_develop/esmf/DEFAULTINSTALLDIR/mod/modg/Linux.gfortran.64.mpich.default ESMF_INCDIR=/home/gerhard/ESMF-Nightly-Testing/gfortran_7.4.0_mpich_g_develop/esmf/DEFAULTINSTALLDIR/include
make[2]: Entering directory '/home/gerhard/ESMF-Nightly-Testing/gfortran_7.4.0_mpich_g_develop/esmf'
make[2]: Leaving directory '/home/gerhard/ESMF-Nightly-Testing/gfortran_7.4.0_mpich_g_develop/esmf'
make[1]: Leaving directory '/home/gerhard/ESMF-Nightly-Testing/gfortran_7.4.0_mpich_g_develop/esmf'
/home/gerhard/ESMF-Nightly-Testing/gfortran_7.4.0_mpich_g_develop/esmf/cmake/generate_config.py --esmfmkfile=/home/gerhard/ESMF-Nightly-Testing/gfortran_7.4.0_mpich_g_develop/esmf/DEFAULTINSTALLDIR/lib/libg/Linux.gfortran.64.mpich.default/esmf.mk --template=/home/gerhard/ESMF-Nightly-Testing/gfortran_7.4.0_mpich_g_develop/esmf/cmake/ESMFConfig.cmake.in --outputdir=/home/gerhard/ESMF-Nightly-Testing/gfortran_7.4.0_mpich_g_develop/esmf/DEFAULTINSTALLDIR/lib/libg/Linux.gfortran.64.mpich.default/cmake/ESMF
Successfully generated config: /home/gerhard/ESMF-Nightly-Testing/gfortran_7.4.0_mpich_g_develop/esmf/DEFAULTINSTALLDIR/lib/libg/Linux.gfortran.64.mpich.default/cmake/ESMF/ESMFConfig.cmake (MPI: TRUE, Imported Target: libesmf.so)
Successfully generated version handler: /home/gerhard/ESMF-Nightly-Testing/gfortran_7.4.0_mpich_g_develop/esmf/DEFAULTINSTALLDIR/lib/libg/Linux.gfortran.64.mpich.default/cmake/ESMF/ESMFConfigVersion.cmake
 
ESMF installation complete.
 
