2026-05-13 23:58:56
20260514 011049.464 INFO             PET0 !!!!!!!!!!!!!!!!!!!!!!!!!!!!!!!!!!!!!!!!!!!!!!!!!!!!!!
20260514 011049.464 INFO             PET0 !!! THE ESMF_LOG IS SET TO OUTPUT ALL LOG MESSAGES !!!
20260514 011049.464 INFO             PET0 !!!     THIS MAY CAUSE SLOWDOWN IN PERFORMANCE     !!!
20260514 011049.464 INFO             PET0 !!! FOR PRODUCTION RUNS, USE:                      !!!
20260514 011049.464 INFO             PET0 !!!                   ESMF_LOGKIND_Multi_On_Error  !!!
20260514 011049.464 INFO             PET0 !!!!!!!!!!!!!!!!!!!!!!!!!!!!!!!!!!!!!!!!!!!!!!!!!!!!!!
20260514 011049.464 INFO             PET0 Running with ESMF Version   : v9.0.0b13
20260514 011049.464 INFO             PET0 ESMF library build date/time: "May 13 2026" "23:56:47"
20260514 011049.464 INFO             PET0 ESMF library build location : /discover/nobackup/projects/gmao/SIteam/ESMF_Testing/gfortran_15.2.0_openmpi_O_develop/esmf
20260514 011049.464 INFO             PET0 ESMF_COMM                   : openmpi
20260514 011049.464 INFO             PET0 ESMF_MOAB                   : enabled
20260514 011049.464 INFO             PET0 ESMF_LAPACK                 : enabled
20260514 011049.464 INFO             PET0 ESMF_NETCDF                 : enabled
20260514 011049.464 INFO             PET0 ESMF_PNETCDF                : disabled
20260514 011049.464 INFO             PET0 ESMF_PIO                    : enabled
20260514 011049.464 INFO             PET0 ESMF_YAMLCPP                : enabled
20260514 011049.465 INFO             PET0  NUMBER_OF_PROCESSORS           1
20260514 011049.465 INFO             PET0  PASS  Example CalendarEx, ESMF_CalendarEx.F90, line 217
20260514 011049.465 INFO             PET0  Finalizing ESMF
