2026-05-06 00:50:20
20260506 012419.853 INFO             PET0 !!!!!!!!!!!!!!!!!!!!!!!!!!!!!!!!!!!!!!!!!!!!!!!!!!!!!!
20260506 012419.853 INFO             PET0 !!! THE ESMF_LOG IS SET TO OUTPUT ALL LOG MESSAGES !!!
20260506 012419.853 INFO             PET0 !!!     THIS MAY CAUSE SLOWDOWN IN PERFORMANCE     !!!
20260506 012419.853 INFO             PET0 !!! FOR PRODUCTION RUNS, USE:                      !!!
20260506 012419.853 INFO             PET0 !!!                   ESMF_LOGKIND_Multi_On_Error  !!!
20260506 012419.853 INFO             PET0 !!!!!!!!!!!!!!!!!!!!!!!!!!!!!!!!!!!!!!!!!!!!!!!!!!!!!!
20260506 012419.853 INFO             PET0 Running with ESMF Version   : develop+g0ae3009ebf
20260506 012419.853 INFO             PET0 ESMF library build date/time: "May  6 2026" "00:48:20"
20260506 012419.853 INFO             PET0 ESMF library build location : /discover/nobackup/projects/gmao/SIteam/ESMF_Testing/gfortran_15.2.0_openmpi_O_develop/esmf
20260506 012419.853 INFO             PET0 ESMF_COMM                   : openmpi
20260506 012419.853 INFO             PET0 ESMF_MOAB                   : enabled
20260506 012419.853 INFO             PET0 ESMF_LAPACK                 : enabled
20260506 012419.853 INFO             PET0 ESMF_NETCDF                 : enabled
20260506 012419.853 INFO             PET0 ESMF_PNETCDF                : disabled
20260506 012419.853 INFO             PET0 ESMF_PIO                    : enabled
20260506 012419.853 INFO             PET0 ESMF_YAMLCPP                : enabled
20260506 012419.854 INFO             PET0  NUMBER_OF_PROCESSORS           4
20260506 012419.854 INFO             PET0  PASS  Example ESMF_VMUserMpiCommMultiEx, ESMF_VMUserMpiCommMultiEx.F90, line 126
20260506 012419.854 INFO             PET0  Finalizing ESMF with endflag==ESMF_END_KEEPMPI
20260506 012419.852 INFO             PET0 !!!!!!!!!!!!!!!!!!!!!!!!!!!!!!!!!!!!!!!!!!!!!!!!!!!!!!
20260506 012419.852 INFO             PET0 !!! THE ESMF_LOG IS SET TO OUTPUT ALL LOG MESSAGES !!!
20260506 012419.852 INFO             PET0 !!!     THIS MAY CAUSE SLOWDOWN IN PERFORMANCE     !!!
20260506 012419.852 INFO             PET0 !!! FOR PRODUCTION RUNS, USE:                      !!!
20260506 012419.852 INFO             PET0 !!!                   ESMF_LOGKIND_Multi_On_Error  !!!
20260506 012419.852 INFO             PET0 !!!!!!!!!!!!!!!!!!!!!!!!!!!!!!!!!!!!!!!!!!!!!!!!!!!!!!
20260506 012419.852 INFO             PET0 Running with ESMF Version   : develop+g0ae3009ebf
20260506 012419.852 INFO             PET0 ESMF library build date/time: "May  6 2026" "00:48:20"
20260506 012419.852 INFO             PET0 ESMF library build location : /discover/nobackup/projects/gmao/SIteam/ESMF_Testing/gfortran_15.2.0_openmpi_O_develop/esmf
20260506 012419.852 INFO             PET0 ESMF_COMM                   : openmpi
20260506 012419.853 INFO             PET0 ESMF_MOAB                   : enabled
20260506 012419.853 INFO             PET0 ESMF_LAPACK                 : enabled
20260506 012419.853 INFO             PET0 ESMF_NETCDF                 : enabled
20260506 012419.853 INFO             PET0 ESMF_PNETCDF                : disabled
20260506 012419.853 INFO             PET0 ESMF_PIO                    : enabled
20260506 012419.853 INFO             PET0 ESMF_YAMLCPP                : enabled
20260506 012419.853 INFO             PET0  NUMBER_OF_PROCESSORS           4
20260506 012419.853 INFO             PET0  PASS  Example ESMF_VMUserMpiCommMultiEx, ESMF_VMUserMpiCommMultiEx.F90, line 154
20260506 012419.853 INFO             PET0  Finalizing ESMF with endflag==ESMF_END_KEEPMPI
20260506 012419.853 INFO             PET1 !!!!!!!!!!!!!!!!!!!!!!!!!!!!!!!!!!!!!!!!!!!!!!!!!!!!!!
20260506 012419.853 INFO             PET1 !!! THE ESMF_LOG IS SET TO OUTPUT ALL LOG MESSAGES !!!
20260506 012419.853 INFO             PET1 !!!     THIS MAY CAUSE SLOWDOWN IN PERFORMANCE     !!!
20260506 012419.853 INFO             PET1 !!! FOR PRODUCTION RUNS, USE:                      !!!
20260506 012419.853 INFO             PET1 !!!                   ESMF_LOGKIND_Multi_On_Error  !!!
20260506 012419.853 INFO             PET1 !!!!!!!!!!!!!!!!!!!!!!!!!!!!!!!!!!!!!!!!!!!!!!!!!!!!!!
20260506 012419.853 INFO             PET1 Running with ESMF Version   : develop+g0ae3009ebf
20260506 012419.853 INFO             PET1 ESMF library build date/time: "May  6 2026" "00:48:20"
20260506 012419.853 INFO             PET1 ESMF library build location : /discover/nobackup/projects/gmao/SIteam/ESMF_Testing/gfortran_15.2.0_openmpi_O_develop/esmf
20260506 012419.853 INFO             PET1 ESMF_COMM                   : openmpi
20260506 012419.853 INFO             PET1 ESMF_MOAB                   : enabled
20260506 012419.854 INFO             PET1 ESMF_LAPACK                 : enabled
20260506 012419.854 INFO             PET1 ESMF_NETCDF                 : enabled
20260506 012419.854 INFO             PET1 ESMF_PNETCDF                : disabled
20260506 012419.854 INFO             PET1 ESMF_PIO                    : enabled
20260506 012419.854 INFO             PET1 ESMF_YAMLCPP                : enabled
20260506 012419.854 INFO             PET1  NUMBER_OF_PROCESSORS           4
20260506 012419.854 INFO             PET1  PASS  Example ESMF_VMUserMpiCommMultiEx, ESMF_VMUserMpiCommMultiEx.F90, line 126
20260506 012419.854 INFO             PET1  Finalizing ESMF with endflag==ESMF_END_KEEPMPI
20260506 012419.853 INFO             PET1 !!!!!!!!!!!!!!!!!!!!!!!!!!!!!!!!!!!!!!!!!!!!!!!!!!!!!!
20260506 012419.853 INFO             PET1 !!! THE ESMF_LOG IS SET TO OUTPUT ALL LOG MESSAGES !!!
20260506 012419.853 INFO             PET1 !!!     THIS MAY CAUSE SLOWDOWN IN PERFORMANCE     !!!
20260506 012419.853 INFO             PET1 !!! FOR PRODUCTION RUNS, USE:                      !!!
20260506 012419.853 INFO             PET1 !!!                   ESMF_LOGKIND_Multi_On_Error  !!!
20260506 012419.853 INFO             PET1 !!!!!!!!!!!!!!!!!!!!!!!!!!!!!!!!!!!!!!!!!!!!!!!!!!!!!!
20260506 012419.853 INFO             PET1 Running with ESMF Version   : develop+g0ae3009ebf
20260506 012419.853 INFO             PET1 ESMF library build date/time: "May  6 2026" "00:48:20"
20260506 012419.853 INFO             PET1 ESMF library build location : /discover/nobackup/projects/gmao/SIteam/ESMF_Testing/gfortran_15.2.0_openmpi_O_develop/esmf
20260506 012419.853 INFO             PET1 ESMF_COMM                   : openmpi
20260506 012419.853 INFO             PET1 ESMF_MOAB                   : enabled
20260506 012419.853 INFO             PET1 ESMF_LAPACK                 : enabled
20260506 012419.853 INFO             PET1 ESMF_NETCDF                 : enabled
20260506 012419.853 INFO             PET1 ESMF_PNETCDF                : disabled
20260506 012419.853 INFO             PET1 ESMF_PIO                    : enabled
20260506 012419.853 INFO             PET1 ESMF_YAMLCPP                : enabled
20260506 012419.853 INFO             PET1  NUMBER_OF_PROCESSORS           4
20260506 012419.853 INFO             PET1  PASS  Example ESMF_VMUserMpiCommMultiEx, ESMF_VMUserMpiCommMultiEx.F90, line 154
20260506 012419.853 INFO             PET1  Finalizing ESMF with endflag==ESMF_END_KEEPMPI
