2026-06-21 23:06:49
20260622 022902.552 INFO             PET0 !!!!!!!!!!!!!!!!!!!!!!!!!!!!!!!!!!!!!!!!!!!!!!!!!!!!!!
20260622 022902.553 INFO             PET0 !!! THE ESMF_LOG IS SET TO OUTPUT ALL LOG MESSAGES !!!
20260622 022902.553 INFO             PET0 !!!     THIS MAY CAUSE SLOWDOWN IN PERFORMANCE     !!!
20260622 022902.553 INFO             PET0 !!! FOR PRODUCTION RUNS, USE:                      !!!
20260622 022902.553 INFO             PET0 !!!                   ESMF_LOGKIND_Multi_On_Error  !!!
20260622 022902.553 INFO             PET0 !!!!!!!!!!!!!!!!!!!!!!!!!!!!!!!!!!!!!!!!!!!!!!!!!!!!!!
20260622 022902.553 INFO             PET0 Running with ESMF Version   : develop+gb44f36ed28
20260622 022902.553 INFO             PET0 ESMF library build date/time: "Jun 21 2026" "23:04:46"
20260622 022902.553 INFO             PET0 ESMF library build location : /discover/nobackup/projects/gmao/SIteam/ESMF_Testing/gfortran_15.2.0_openmpi_O_develop/esmf
20260622 022902.553 INFO             PET0 ESMF_COMM                   : openmpi
20260622 022902.553 INFO             PET0 ESMF_MOAB                   : enabled
20260622 022902.553 INFO             PET0 ESMF_LAPACK                 : enabled
20260622 022902.553 INFO             PET0 ESMF_NETCDF                 : enabled
20260622 022902.553 INFO             PET0 ESMF_PNETCDF                : disabled
20260622 022902.553 INFO             PET0 ESMF_PIO                    : enabled
20260622 022902.553 INFO             PET0 ESMF_YAMLCPP                : enabled
20260622 022902.553 INFO             PET0  NUMBER_OF_PROCESSORS           1
20260622 022902.553 INFO             PET0  PASS  Example ESMF_TimeEx, ESMF_TimeEx.F90, line 141
20260622 022902.553 INFO             PET0  Finalizing ESMF
