2026-05-07 23:08:56
20260507 235740.350 INFO             PET0 !!!!!!!!!!!!!!!!!!!!!!!!!!!!!!!!!!!!!!!!!!!!!!!!!!!!!!
20260507 235740.350 INFO             PET0 !!! THE ESMF_LOG IS SET TO OUTPUT ALL LOG MESSAGES !!!
20260507 235740.350 INFO             PET0 !!!     THIS MAY CAUSE SLOWDOWN IN PERFORMANCE     !!!
20260507 235740.350 INFO             PET0 !!! FOR PRODUCTION RUNS, USE:                      !!!
20260507 235740.350 INFO             PET0 !!!                   ESMF_LOGKIND_Multi_On_Error  !!!
20260507 235740.350 INFO             PET0 !!!!!!!!!!!!!!!!!!!!!!!!!!!!!!!!!!!!!!!!!!!!!!!!!!!!!!
20260507 235740.350 INFO             PET0 Running with ESMF Version   : develop+gede6e98f23
20260507 235740.350 INFO             PET0 ESMF library build date/time: "May  7 2026" "23:05:46"
20260507 235740.350 INFO             PET0 ESMF library build location : /discover/nobackup/projects/gmao/SIteam/ESMF_Testing/intel_2021.6.0_intelmpi_g_develop/esmf
20260507 235740.350 INFO             PET0 ESMF_COMM                   : intelmpi
20260507 235740.350 INFO             PET0 ESMF_MOAB                   : enabled
20260507 235740.350 INFO             PET0 ESMF_LAPACK                 : enabled
20260507 235740.350 INFO             PET0 ESMF_NETCDF                 : disabled
20260507 235740.350 INFO             PET0 ESMF_PNETCDF                : disabled
20260507 235740.350 INFO             PET0 ESMF_PIO                    : disabled
20260507 235740.350 INFO             PET0 ESMF_YAMLCPP                : enabled
20260507 235740.995 INFO             PET0  NUMBER_OF_PROCESSORS           4
20260507 235740.996 INFO             PET0  PASS  Example ESMF_GridUsageEx, ESMF_GridUsageEx.F90, line 3470
20260507 235740.996 INFO             PET0  Finalizing ESMF
20260507 235740.350 INFO             PET1 !!!!!!!!!!!!!!!!!!!!!!!!!!!!!!!!!!!!!!!!!!!!!!!!!!!!!!
20260507 235740.350 INFO             PET1 !!! THE ESMF_LOG IS SET TO OUTPUT ALL LOG MESSAGES !!!
20260507 235740.350 INFO             PET1 !!!     THIS MAY CAUSE SLOWDOWN IN PERFORMANCE     !!!
20260507 235740.350 INFO             PET1 !!! FOR PRODUCTION RUNS, USE:                      !!!
20260507 235740.350 INFO             PET1 !!!                   ESMF_LOGKIND_Multi_On_Error  !!!
20260507 235740.350 INFO             PET1 !!!!!!!!!!!!!!!!!!!!!!!!!!!!!!!!!!!!!!!!!!!!!!!!!!!!!!
20260507 235740.350 INFO             PET1 Running with ESMF Version   : develop+gede6e98f23
20260507 235740.350 INFO             PET1 ESMF library build date/time: "May  7 2026" "23:05:46"
20260507 235740.350 INFO             PET1 ESMF library build location : /discover/nobackup/projects/gmao/SIteam/ESMF_Testing/intel_2021.6.0_intelmpi_g_develop/esmf
20260507 235740.350 INFO             PET1 ESMF_COMM                   : intelmpi
20260507 235740.351 INFO             PET1 ESMF_MOAB                   : enabled
20260507 235740.351 INFO             PET1 ESMF_LAPACK                 : enabled
20260507 235740.351 INFO             PET1 ESMF_NETCDF                 : disabled
20260507 235740.351 INFO             PET1 ESMF_PNETCDF                : disabled
20260507 235740.351 INFO             PET1 ESMF_PIO                    : disabled
20260507 235740.351 INFO             PET1 ESMF_YAMLCPP                : enabled
20260507 235740.991 INFO             PET1  NUMBER_OF_PROCESSORS           4
20260507 235740.991 INFO             PET1  PASS  Example ESMF_GridUsageEx, ESMF_GridUsageEx.F90, line 3470
20260507 235740.991 INFO             PET1  Finalizing ESMF
20260507 235740.350 INFO             PET2 !!!!!!!!!!!!!!!!!!!!!!!!!!!!!!!!!!!!!!!!!!!!!!!!!!!!!!
20260507 235740.350 INFO             PET2 !!! THE ESMF_LOG IS SET TO OUTPUT ALL LOG MESSAGES !!!
20260507 235740.350 INFO             PET2 !!!     THIS MAY CAUSE SLOWDOWN IN PERFORMANCE     !!!
20260507 235740.350 INFO             PET2 !!! FOR PRODUCTION RUNS, USE:                      !!!
20260507 235740.350 INFO             PET2 !!!                   ESMF_LOGKIND_Multi_On_Error  !!!
20260507 235740.350 INFO             PET2 !!!!!!!!!!!!!!!!!!!!!!!!!!!!!!!!!!!!!!!!!!!!!!!!!!!!!!
20260507 235740.350 INFO             PET2 Running with ESMF Version   : develop+gede6e98f23
20260507 235740.350 INFO             PET2 ESMF library build date/time: "May  7 2026" "23:05:46"
20260507 235740.350 INFO             PET2 ESMF library build location : /discover/nobackup/projects/gmao/SIteam/ESMF_Testing/intel_2021.6.0_intelmpi_g_develop/esmf
20260507 235740.350 INFO             PET2 ESMF_COMM                   : intelmpi
20260507 235740.350 INFO             PET2 ESMF_MOAB                   : enabled
20260507 235740.350 INFO             PET2 ESMF_LAPACK                 : enabled
20260507 235740.350 INFO             PET2 ESMF_NETCDF                 : disabled
20260507 235740.350 INFO             PET2 ESMF_PNETCDF                : disabled
20260507 235740.350 INFO             PET2 ESMF_PIO                    : disabled
20260507 235740.350 INFO             PET2 ESMF_YAMLCPP                : enabled
20260507 235740.989 INFO             PET2  NUMBER_OF_PROCESSORS           4
20260507 235740.989 INFO             PET2  PASS  Example ESMF_GridUsageEx, ESMF_GridUsageEx.F90, line 3470
20260507 235740.989 INFO             PET2  Finalizing ESMF
20260507 235740.349 INFO             PET3 !!!!!!!!!!!!!!!!!!!!!!!!!!!!!!!!!!!!!!!!!!!!!!!!!!!!!!
20260507 235740.349 INFO             PET3 !!! THE ESMF_LOG IS SET TO OUTPUT ALL LOG MESSAGES !!!
20260507 235740.349 INFO             PET3 !!!     THIS MAY CAUSE SLOWDOWN IN PERFORMANCE     !!!
20260507 235740.349 INFO             PET3 !!! FOR PRODUCTION RUNS, USE:                      !!!
20260507 235740.349 INFO             PET3 !!!                   ESMF_LOGKIND_Multi_On_Error  !!!
20260507 235740.349 INFO             PET3 !!!!!!!!!!!!!!!!!!!!!!!!!!!!!!!!!!!!!!!!!!!!!!!!!!!!!!
20260507 235740.349 INFO             PET3 Running with ESMF Version   : develop+gede6e98f23
20260507 235740.349 INFO             PET3 ESMF library build date/time: "May  7 2026" "23:05:46"
20260507 235740.349 INFO             PET3 ESMF library build location : /discover/nobackup/projects/gmao/SIteam/ESMF_Testing/intel_2021.6.0_intelmpi_g_develop/esmf
20260507 235740.349 INFO             PET3 ESMF_COMM                   : intelmpi
20260507 235740.350 INFO             PET3 ESMF_MOAB                   : enabled
20260507 235740.350 INFO             PET3 ESMF_LAPACK                 : enabled
20260507 235740.350 INFO             PET3 ESMF_NETCDF                 : disabled
20260507 235740.350 INFO             PET3 ESMF_PNETCDF                : disabled
20260507 235740.350 INFO             PET3 ESMF_PIO                    : disabled
20260507 235740.350 INFO             PET3 ESMF_YAMLCPP                : enabled
20260507 235740.993 INFO             PET3  NUMBER_OF_PROCESSORS           4
20260507 235740.994 INFO             PET3  PASS  Example ESMF_GridUsageEx, ESMF_GridUsageEx.F90, line 3470
20260507 235740.994 INFO             PET3  Finalizing ESMF
