2026-05-31 03:50:49
20260531 041411.594 INFO             PET0 !!!!!!!!!!!!!!!!!!!!!!!!!!!!!!!!!!!!!!!!!!!!!!!!!!!!!!
20260531 041411.594 INFO             PET0 !!! THE ESMF_LOG IS SET TO OUTPUT ALL LOG MESSAGES !!!
20260531 041411.594 INFO             PET0 !!!     THIS MAY CAUSE SLOWDOWN IN PERFORMANCE     !!!
20260531 041411.594 INFO             PET0 !!! FOR PRODUCTION RUNS, USE:                      !!!
20260531 041411.594 INFO             PET0 !!!                   ESMF_LOGKIND_Multi_On_Error  !!!
20260531 041411.594 INFO             PET0 !!!!!!!!!!!!!!!!!!!!!!!!!!!!!!!!!!!!!!!!!!!!!!!!!!!!!!
20260531 041411.594 INFO             PET0 Running with ESMF Version   : develop+gf183dd1f0b
20260531 041411.594 INFO             PET0 ESMF library build date/time: "May 31 2026" "03:49:27"
20260531 041411.594 INFO             PET0 ESMF library build location : /tmp/intel_2023.2.0-classic_mpiuni_g_develop/esmf
20260531 041411.594 INFO             PET0 ESMF_COMM                   : mpiuni
20260531 041411.594 INFO             PET0 ESMF_MOAB                   : enabled
20260531 041411.594 INFO             PET0 ESMF_LAPACK                 : enabled
20260531 041411.594 INFO             PET0 ESMF_NETCDF                 : enabled
20260531 041411.594 INFO             PET0 ESMF_PNETCDF                : disabled
20260531 041411.594 INFO             PET0 ESMF_PIO                    : enabled
20260531 041411.594 INFO             PET0 ESMF_YAMLCPP                : enabled
20260531 041411.596 INFO             PET0  NUMBER_OF_PROCESSORS           1
20260531 041411.596 INFO             PET0  PASS  Example ESMF_AppMainEx, ESMF_AppMainEx.F90, line 486
20260531 041411.596 INFO             PET0  Finalizing ESMF
