2026-05-26 03:46:54
20260526 040923.429 INFO             PET0 !!!!!!!!!!!!!!!!!!!!!!!!!!!!!!!!!!!!!!!!!!!!!!!!!!!!!!
20260526 040923.429 INFO             PET0 !!! THE ESMF_LOG IS SET TO OUTPUT ALL LOG MESSAGES !!!
20260526 040923.429 INFO             PET0 !!!     THIS MAY CAUSE SLOWDOWN IN PERFORMANCE     !!!
20260526 040923.429 INFO             PET0 !!! FOR PRODUCTION RUNS, USE:                      !!!
20260526 040923.429 INFO             PET0 !!!                   ESMF_LOGKIND_Multi_On_Error  !!!
20260526 040923.429 INFO             PET0 !!!!!!!!!!!!!!!!!!!!!!!!!!!!!!!!!!!!!!!!!!!!!!!!!!!!!!
20260526 040923.429 INFO             PET0 Running with ESMF Version   : develop+g681a42bf77
20260526 040923.429 INFO             PET0 ESMF library build date/time: "May 26 2026" "03:45:33"
20260526 040923.430 INFO             PET0 ESMF library build location : /tmp/intel_2023.2.0-classic_mpiuni_g_develop/esmf
20260526 040923.430 INFO             PET0 ESMF_COMM                   : mpiuni
20260526 040923.430 INFO             PET0 ESMF_MOAB                   : enabled
20260526 040923.430 INFO             PET0 ESMF_LAPACK                 : enabled
20260526 040923.430 INFO             PET0 ESMF_NETCDF                 : enabled
20260526 040923.430 INFO             PET0 ESMF_PNETCDF                : disabled
20260526 040923.430 INFO             PET0 ESMF_PIO                    : enabled
20260526 040923.430 INFO             PET0 ESMF_YAMLCPP                : enabled
20260526 040923.430 INFO             PET0 ESMF Tracing Enabled
20260526 040923.430 INFO             PET0 ESMF Profiling Enabled
20260526 040923.430 INFO             PET0 ESMF Trace/Profile clock: REALTIME
20260526 040923.430 INFO             PET0  NUMBER_OF_PROCESSORS           1
20260526 040923.430 INFO             PET0  PASS  Example ESMF_TraceUserEx, ESMF_TraceUserEx.F90, line 125
20260526 040923.430 INFO             PET0  Finalizing ESMF
20260526 040923.430 INFO             PET0 **************** Region Timings *******************
20260526 040923.430 INFO             PET0 Region                Count  Total (s)   Self (s)    Mean (s)    Min (s)     Max (s)
20260526 040923.430 INFO             PET0   [ESMF]              1      0.0006      0.0001      0.0006      0.0006      0.0006
20260526 040923.430 INFO             PET0     outer_region      1      0.0005      0.0000      0.0005      0.0005      0.0005
20260526 040923.430 INFO             PET0       inner_region_1  10     0.0003      0.0003      0.0000      0.0000      0.0000
20260526 040923.431 INFO             PET0       inner_region_2  10     0.0002      0.0002      0.0000      0.0000      0.0000
