2026-06-10 15:50:20
20260610 161446.116 INFO             PET0 !!!!!!!!!!!!!!!!!!!!!!!!!!!!!!!!!!!!!!!!!!!!!!!!!!!!!!
20260610 161446.116 INFO             PET0 !!! THE ESMF_LOG IS SET TO OUTPUT ALL LOG MESSAGES !!!
20260610 161446.116 INFO             PET0 !!!     THIS MAY CAUSE SLOWDOWN IN PERFORMANCE     !!!
20260610 161446.116 INFO             PET0 !!! FOR PRODUCTION RUNS, USE:                      !!!
20260610 161446.116 INFO             PET0 !!!                   ESMF_LOGKIND_Multi_On_Error  !!!
20260610 161446.116 INFO             PET0 !!!!!!!!!!!!!!!!!!!!!!!!!!!!!!!!!!!!!!!!!!!!!!!!!!!!!!
20260610 161446.116 INFO             PET0 Running with ESMF Version   : develop+ge382cba19b
20260610 161446.116 INFO             PET0 ESMF library build date/time: "Jun 10 2026" "15:48:59"
20260610 161446.116 INFO             PET0 ESMF library build location : /tmp/intel_2023.2.0-classic_mpiuni_g_develop/esmf
20260610 161446.116 INFO             PET0 ESMF_COMM                   : mpiuni
20260610 161446.116 INFO             PET0 ESMF_MOAB                   : enabled
20260610 161446.116 INFO             PET0 ESMF_LAPACK                 : enabled
20260610 161446.116 INFO             PET0 ESMF_NETCDF                 : enabled
20260610 161446.116 INFO             PET0 ESMF_PNETCDF                : disabled
20260610 161446.116 INFO             PET0 ESMF_PIO                    : enabled
20260610 161446.116 INFO             PET0 ESMF_YAMLCPP                : enabled
20260610 161446.132 INFO             PET0  NUMBER_OF_PROCESSORS           1
20260610 161446.132 INFO             PET0  PASS  Example ESMF_LocStreamEx, ESMF_LocStreamEx.F90, line 784
20260610 161446.132 INFO             PET0  Finalizing ESMF
