2026-06-24 03:49:24
20260624 041136.931 INFO             PET0 !!!!!!!!!!!!!!!!!!!!!!!!!!!!!!!!!!!!!!!!!!!!!!!!!!!!!!
20260624 041136.931 INFO             PET0 !!! THE ESMF_LOG IS SET TO OUTPUT ALL LOG MESSAGES !!!
20260624 041136.931 INFO             PET0 !!!     THIS MAY CAUSE SLOWDOWN IN PERFORMANCE     !!!
20260624 041136.931 INFO             PET0 !!! FOR PRODUCTION RUNS, USE:                      !!!
20260624 041136.931 INFO             PET0 !!!                   ESMF_LOGKIND_Multi_On_Error  !!!
20260624 041136.931 INFO             PET0 !!!!!!!!!!!!!!!!!!!!!!!!!!!!!!!!!!!!!!!!!!!!!!!!!!!!!!
20260624 041136.931 INFO             PET0 Running with ESMF Version   : develop+g380c18cfa6
20260624 041136.931 INFO             PET0 ESMF library build date/time: "Jun 24 2026" "03:48:03"
20260624 041136.931 INFO             PET0 ESMF library build location : /tmp/intel_2023.2.0-classic_mpiuni_g_develop/esmf
20260624 041136.931 INFO             PET0 ESMF_COMM                   : mpiuni
20260624 041136.931 INFO             PET0 ESMF_MOAB                   : enabled
20260624 041136.931 INFO             PET0 ESMF_LAPACK                 : enabled
20260624 041136.931 INFO             PET0 ESMF_NETCDF                 : enabled
20260624 041136.931 INFO             PET0 ESMF_PNETCDF                : disabled
20260624 041136.932 INFO             PET0 ESMF_PIO                    : enabled
20260624 041136.932 INFO             PET0 ESMF_YAMLCPP                : enabled
20260624 041136.932 INFO             PET0 Log Write 2
20260624 041136.932 ERROR            PET0 Invalid object  - Convergence failure
20260624 041136.932 ERROR            PET0 ESMCI_Time.C:866 ESMCI::Time::syncToRealTime() Wrong argument specified  - ; calkindflag is NOCALENDAR. Only GREGORIAN and JULIAN are supported when syncing to real time.
20260624 041136.932 ERROR            PET0 ESMF_Time.F90:1495 ESMF_TimeSyncToRealTime() Wrong argument specified  - Internal subroutine call returned Error
20260624 041136.932 ERROR            PET0 Wrong argument specified  - getting wall clock time
20260624 041136.932 INFO             PET0  NUMBER_OF_PROCESSORS           1
20260624 041136.932 INFO             PET0  PASS  Example ESMF_LogErrEx, ESMF_LogErrEx.F90, line 186
20260624 041136.932 INFO             PET0  Finalizing ESMF
