2026-06-08 22:55:45
20260609 012453.827 INFO             PET0 !!!!!!!!!!!!!!!!!!!!!!!!!!!!!!!!!!!!!!!!!!!!!!!!!!!!!!
20260609 012453.827 INFO             PET0 !!! THE ESMF_LOG IS SET TO OUTPUT ALL LOG MESSAGES !!!
20260609 012453.827 INFO             PET0 !!!     THIS MAY CAUSE SLOWDOWN IN PERFORMANCE     !!!
20260609 012453.827 INFO             PET0 !!! FOR PRODUCTION RUNS, USE:                      !!!
20260609 012453.827 INFO             PET0 !!!                   ESMF_LOGKIND_Multi_On_Error  !!!
20260609 012453.827 INFO             PET0 !!!!!!!!!!!!!!!!!!!!!!!!!!!!!!!!!!!!!!!!!!!!!!!!!!!!!!
20260609 012453.827 INFO             PET0 Running with ESMF Version   : develop+gf183dd1f0b
20260609 012453.827 INFO             PET0 ESMF library build date/time: "Jun  8 2026" "22:53:24"
20260609 012453.827 INFO             PET0 ESMF library build location : /discover/nobackup/projects/gmao/SIteam/ESMF_Testing/intel_2025.3.0_intelmpi_g_develop/esmf
20260609 012453.827 INFO             PET0 ESMF_COMM                   : intelmpi
20260609 012453.827 INFO             PET0 ESMF_MOAB                   : enabled
20260609 012453.827 INFO             PET0 ESMF_LAPACK                 : enabled
20260609 012453.827 INFO             PET0 ESMF_NETCDF                 : disabled
20260609 012453.827 INFO             PET0 ESMF_PNETCDF                : disabled
20260609 012453.827 INFO             PET0 ESMF_PIO                    : disabled
20260609 012453.827 INFO             PET0 ESMF_YAMLCPP                : enabled
20260609 012453.833 INFO             PET0 =============================================
20260609 012453.833 INFO             PET0 ESMX (Earth System Model eXecutable) STARTING
20260609 012453.833 INFO             PET0 =============================================
20260609 012453.846 DEBUG            PET0 Generic SetVM() is executing for: ESMX_Driver
20260609 012453.847 DEBUG            PET0 Generic SetVM() found no NUOPC Hint for: ESMX_Driver
20260609 012453.847 DEBUG            PET0 Generic SetVM() therefore is NOT calling ESMF_GridCompSetVMMaxPEs() for: ESMX_Driver
20260609 012453.855 INFO             PET0 ESMX_Driver: InitializeGeneric intro.
20260609 012453.855 INFO             PET0   >>>ESMX_Driver: entered Initialize (phase=<none>) without valid internal Clock.
20260609 012453.856 INFO             PET0   ESMX_Driver: InitializeP0 intro.
20260609 012453.856 INFO             PET0     >>>ESMX_Driver: entered Initialize (phase=<none>) without valid internal Clock.
20260609 012453.856 INFO             PET0     <<<ESMX_Driver: leaving Initialize (phase=<none>) without valid internal Clock.
20260609 012453.856 INFO             PET0   ESMX_Driver: InitializeP0 extro.
20260609 012453.856 INFO             PET0   ESMX_Driver: InitializeIPDv02p1 intro.
20260609 012453.856 INFO             PET0     >>>ESMX_Driver: entered Initialize (phase=<none>) without valid internal Clock.
20260609 012453.862 INFO             PET0     ESMX_Driver - Creating model component MDL without petList.
20260609 012453.865 DEBUG            PET0     Generic SetVM() is executing for: MDL
20260609 012453.865 DEBUG            PET0     Generic SetVM() found no NUOPC Hint for: MDL
20260609 012453.865 DEBUG            PET0     Generic SetVM() therefore is NOT calling ESMF_GridCompSetVMMaxPEs() for: MDL
20260609 012453.874 INFO             PET0     ESMX_Driver: IInitAdvertise intro.
20260609 012453.874 INFO             PET0       >>>ESMX_Driver: entered Initialize (phase=<none>) with current time: 2012 10 24 18  0  0   0
20260609 012453.874 INFO             PET0       <<<ESMX_Driver: leaving Initialize (phase=<none>) with current time: 2012 10 24 18  0  0   0
20260609 012453.874 INFO             PET0     ESMX_Driver: IInitAdvertise extro.
20260609 012453.875 INFO             PET0     Message from inside C component Advertise() method
20260609 012453.875 INFO             PET0     ESMX_Driver: IInitAdvertiseFinish intro.
20260609 012453.876 INFO             PET0       >>>ESMX_Driver: entered Initialize (phase=<none>) with current time: 2012 10 24 18  0  0   0
20260609 012453.876 INFO             PET0       <<<ESMX_Driver: leaving Initialize (phase=<none>) with current time: 2012 10 24 18  0  0   0
20260609 012453.876 INFO             PET0     ESMX_Driver: IInitAdvertiseFinish extro.
20260609 012453.876 INFO             PET0     ESMX_Driver: IInitModifyCplLists intro.
20260609 012453.876 INFO             PET0       >>>ESMX_Driver: entered Initialize (phase=<none>) with current time: 2012 10 24 18  0  0   0
20260609 012453.876 INFO             PET0       <<<ESMX_Driver: leaving Initialize (phase=<none>) with current time: 2012 10 24 18  0  0   0
20260609 012453.876 INFO             PET0     ESMX_Driver: IInitModifyCplLists extro.
20260609 012453.877 INFO             PET0     <<<ESMX_Driver: leaving Initialize (phase=<none>) with current time: 2012 10 24 18  0  0   0
20260609 012453.877 INFO             PET0   ESMX_Driver: InitializeIPDv02p1 extro.
20260609 012453.877 INFO             PET0   ESMX_Driver: InitializeIPDv02p3 intro.
20260609 012453.877 INFO             PET0     >>>ESMX_Driver: entered Initialize (phase=<none>) with current time: 2012 10 24 18  0  0   0
20260609 012453.877 INFO             PET0     ESMX_Driver: IInitCheck intro.
20260609 012453.877 INFO             PET0       >>>ESMX_Driver: entered Initialize (phase=<none>) with current time: 2012 10 24 18  0  0   0
20260609 012453.877 INFO             PET0       <<<ESMX_Driver: leaving Initialize (phase=<none>) with current time: 2012 10 24 18  0  0   0
20260609 012453.877 INFO             PET0     ESMX_Driver: IInitCheck extro.
20260609 012453.878 INFO             PET0     ESMX_Driver: IInitRealize intro.
20260609 012453.878 INFO             PET0       >>>ESMX_Driver: entered Initialize (phase=<none>) with current time: 2012 10 24 18  0  0   0
20260609 012453.878 INFO             PET0       <<<ESMX_Driver: leaving Initialize (phase=<none>) with current time: 2012 10 24 18  0  0   0
20260609 012453.878 INFO             PET0     ESMX_Driver: IInitRealize extro.
20260609 012453.878 INFO             PET0     <<<ESMX_Driver: leaving Initialize (phase=<none>) with current time: 2012 10 24 18  0  0   0
20260609 012453.878 INFO             PET0   ESMX_Driver: InitializeIPDv02p3 extro.
20260609 012453.878 INFO             PET0   ESMX_Driver: InitializeIPDv02p5 intro.
20260609 012453.878 INFO             PET0     >>>ESMX_Driver: entered Initialize (phase=<none>) with current time: 2012 10 24 18  0  0   0
20260609 012453.879 INFO             PET0     ESMX_Driver: InitializeIPDv02p5Data intro.
20260609 012453.879 INFO             PET0       >>>ESMX_Driver: entered Initialize (phase=<none>) with current time: 2012 10 24 18  0  0   0
20260609 012453.879 INFO             PET0       ESMX_Driver: InternalInitializeComplete intro.
20260609 012453.879 INFO             PET0         >>>ESMX_Driver: entered Initialize (phase=<none>) with current time: 2012 10 24 18  0  0   0
20260609 012453.879 INFO             PET0         <<<ESMX_Driver: leaving Initialize (phase=<none>) with current time: 2012 10 24 18  0  0   0
20260609 012453.879 INFO             PET0       ESMX_Driver: InternalInitializeComplete extro.
20260609 012453.881 INFO             PET0       ESMX_Driver: loopDataDependentInitialize intro.
20260609 012453.881 INFO             PET0         >>>ESMX_Driver: entered Initialize (phase=<none>) with current time: 2012 10 24 18  0  0   0
20260609 012453.881 INFO             PET0         <<<ESMX_Driver: leaving Initialize (phase=<none>) with current time: 2012 10 24 18  0  0   0
20260609 012453.881 INFO             PET0       ESMX_Driver: loopDataDependentInitialize extro.
20260609 012453.881 INFO             PET0       <<<ESMX_Driver: leaving Initialize (phase=<none>) with current time: 2012 10 24 18  0  0   0
20260609 012453.881 INFO             PET0     ESMX_Driver: InitializeIPDv02p5Data extro.
20260609 012453.881 INFO             PET0     <<<ESMX_Driver: leaving Initialize (phase=<none>) with current time: 2012 10 24 18  0  0   0
20260609 012453.881 INFO             PET0   ESMX_Driver: InitializeIPDv02p5 extro.
20260609 012453.881 INFO             PET0   <<<ESMX_Driver: leaving Initialize (phase=<none>) with current time: 2012 10 24 18  0  0   0
20260609 012453.881 INFO             PET0 ESMX_Driver: InitializeGeneric extro.
20260609 012453.881 INFO             PET0 ESMX_Driver: Run intro.
20260609 012453.882 INFO             PET0   >>>ESMX_Driver: entered Run (phase=RunPhase1) with current time: 2012 10 24 18  0  0   0
20260609 012453.882 INFO             PET0   Message from inside C component Advance() method
20260609 012453.882 INFO             PET0   <<<ESMX_Driver: leaving Run (phase=RunPhase1) with current time: 2012 10 24 19  0  0   0
20260609 012453.882 INFO             PET0 ESMX_Driver: Run extro.
20260609 012453.882 INFO             PET0 ESMX_Driver: Finalize intro.
20260609 012453.882 INFO             PET0   >>>ESMX_Driver: entered Finalize (phase=FinalizePhase1) with current time: 2012 10 24 19  0  0   0
20260609 012453.883 INFO             PET0   Calling Finalize phase 1 for modelComp: MDL
20260609 012453.883 INFO             PET0   Delete modelComp: MDL
20260609 012453.883 INFO             PET0   <<<ESMX_Driver: leaving Finalize (phase=FinalizePhase1) with current time: 2012 10 24 19  0  0   0
20260609 012453.883 INFO             PET0 ESMX_Driver: Finalize extro.
20260609 012453.883 INFO             PET0 =============================================
20260609 012453.883 INFO             PET0 ESMX (Earth System Model eXecutable) FINISHED
20260609 012453.883 INFO             PET0 =============================================
20260609 012453.883 INFO             PET0  Finalizing ESMF
20260609 012453.828 INFO             PET1 !!!!!!!!!!!!!!!!!!!!!!!!!!!!!!!!!!!!!!!!!!!!!!!!!!!!!!
20260609 012453.828 INFO             PET1 !!! THE ESMF_LOG IS SET TO OUTPUT ALL LOG MESSAGES !!!
20260609 012453.828 INFO             PET1 !!!     THIS MAY CAUSE SLOWDOWN IN PERFORMANCE     !!!
20260609 012453.828 INFO             PET1 !!! FOR PRODUCTION RUNS, USE:                      !!!
20260609 012453.828 INFO             PET1 !!!                   ESMF_LOGKIND_Multi_On_Error  !!!
20260609 012453.828 INFO             PET1 !!!!!!!!!!!!!!!!!!!!!!!!!!!!!!!!!!!!!!!!!!!!!!!!!!!!!!
20260609 012453.828 INFO             PET1 Running with ESMF Version   : develop+gf183dd1f0b
20260609 012453.828 INFO             PET1 ESMF library build date/time: "Jun  8 2026" "22:53:24"
20260609 012453.828 INFO             PET1 ESMF library build location : /discover/nobackup/projects/gmao/SIteam/ESMF_Testing/intel_2025.3.0_intelmpi_g_develop/esmf
20260609 012453.828 INFO             PET1 ESMF_COMM                   : intelmpi
20260609 012453.828 INFO             PET1 ESMF_MOAB                   : enabled
20260609 012453.828 INFO             PET1 ESMF_LAPACK                 : enabled
20260609 012453.828 INFO             PET1 ESMF_NETCDF                 : disabled
20260609 012453.828 INFO             PET1 ESMF_PNETCDF                : disabled
20260609 012453.828 INFO             PET1 ESMF_PIO                    : disabled
20260609 012453.828 INFO             PET1 ESMF_YAMLCPP                : enabled
20260609 012453.833 INFO             PET1 =============================================
20260609 012453.833 INFO             PET1 ESMX (Earth System Model eXecutable) STARTING
20260609 012453.833 INFO             PET1 =============================================
20260609 012453.846 DEBUG            PET1 Generic SetVM() is executing for: ESMX_Driver
20260609 012453.847 DEBUG            PET1 Generic SetVM() found no NUOPC Hint for: ESMX_Driver
20260609 012453.847 DEBUG            PET1 Generic SetVM() therefore is NOT calling ESMF_GridCompSetVMMaxPEs() for: ESMX_Driver
20260609 012453.855 INFO             PET1 ESMX_Driver: InitializeGeneric intro.
20260609 012453.855 INFO             PET1   >>>ESMX_Driver: entered Initialize (phase=<none>) without valid internal Clock.
20260609 012453.856 INFO             PET1   ESMX_Driver: InitializeP0 intro.
20260609 012453.856 INFO             PET1     >>>ESMX_Driver: entered Initialize (phase=<none>) without valid internal Clock.
20260609 012453.856 INFO             PET1     <<<ESMX_Driver: leaving Initialize (phase=<none>) without valid internal Clock.
20260609 012453.856 INFO             PET1   ESMX_Driver: InitializeP0 extro.
20260609 012453.856 INFO             PET1   ESMX_Driver: InitializeIPDv02p1 intro.
20260609 012453.856 INFO             PET1     >>>ESMX_Driver: entered Initialize (phase=<none>) without valid internal Clock.
20260609 012453.862 INFO             PET1     ESMX_Driver - Creating model component MDL without petList.
20260609 012453.864 DEBUG            PET1     Generic SetVM() is executing for: MDL
20260609 012453.865 DEBUG            PET1     Generic SetVM() found no NUOPC Hint for: MDL
20260609 012453.865 DEBUG            PET1     Generic SetVM() therefore is NOT calling ESMF_GridCompSetVMMaxPEs() for: MDL
20260609 012453.874 INFO             PET1     ESMX_Driver: IInitAdvertise intro.
20260609 012453.874 INFO             PET1       >>>ESMX_Driver: entered Initialize (phase=<none>) with current time: 2012 10 24 18  0  0   0
20260609 012453.874 INFO             PET1       <<<ESMX_Driver: leaving Initialize (phase=<none>) with current time: 2012 10 24 18  0  0   0
20260609 012453.874 INFO             PET1     ESMX_Driver: IInitAdvertise extro.
20260609 012453.875 INFO             PET1     Message from inside C component Advertise() method
20260609 012453.876 INFO             PET1     ESMX_Driver: IInitAdvertiseFinish intro.
20260609 012453.876 INFO             PET1       >>>ESMX_Driver: entered Initialize (phase=<none>) with current time: 2012 10 24 18  0  0   0
20260609 012453.876 INFO             PET1       <<<ESMX_Driver: leaving Initialize (phase=<none>) with current time: 2012 10 24 18  0  0   0
20260609 012453.876 INFO             PET1     ESMX_Driver: IInitAdvertiseFinish extro.
20260609 012453.876 INFO             PET1     ESMX_Driver: IInitModifyCplLists intro.
20260609 012453.876 INFO             PET1       >>>ESMX_Driver: entered Initialize (phase=<none>) with current time: 2012 10 24 18  0  0   0
20260609 012453.877 INFO             PET1       <<<ESMX_Driver: leaving Initialize (phase=<none>) with current time: 2012 10 24 18  0  0   0
20260609 012453.877 INFO             PET1     ESMX_Driver: IInitModifyCplLists extro.
20260609 012453.877 INFO             PET1     <<<ESMX_Driver: leaving Initialize (phase=<none>) with current time: 2012 10 24 18  0  0   0
20260609 012453.877 INFO             PET1   ESMX_Driver: InitializeIPDv02p1 extro.
20260609 012453.877 INFO             PET1   ESMX_Driver: InitializeIPDv02p3 intro.
20260609 012453.877 INFO             PET1     >>>ESMX_Driver: entered Initialize (phase=<none>) with current time: 2012 10 24 18  0  0   0
20260609 012453.877 INFO             PET1     ESMX_Driver: IInitCheck intro.
20260609 012453.877 INFO             PET1       >>>ESMX_Driver: entered Initialize (phase=<none>) with current time: 2012 10 24 18  0  0   0
20260609 012453.877 INFO             PET1       <<<ESMX_Driver: leaving Initialize (phase=<none>) with current time: 2012 10 24 18  0  0   0
20260609 012453.878 INFO             PET1     ESMX_Driver: IInitCheck extro.
20260609 012453.878 INFO             PET1     ESMX_Driver: IInitRealize intro.
20260609 012453.878 INFO             PET1       >>>ESMX_Driver: entered Initialize (phase=<none>) with current time: 2012 10 24 18  0  0   0
20260609 012453.878 INFO             PET1       <<<ESMX_Driver: leaving Initialize (phase=<none>) with current time: 2012 10 24 18  0  0   0
20260609 012453.878 INFO             PET1     ESMX_Driver: IInitRealize extro.
20260609 012453.878 INFO             PET1     <<<ESMX_Driver: leaving Initialize (phase=<none>) with current time: 2012 10 24 18  0  0   0
20260609 012453.878 INFO             PET1   ESMX_Driver: InitializeIPDv02p3 extro.
20260609 012453.879 INFO             PET1   ESMX_Driver: InitializeIPDv02p5 intro.
20260609 012453.879 INFO             PET1     >>>ESMX_Driver: entered Initialize (phase=<none>) with current time: 2012 10 24 18  0  0   0
20260609 012453.879 INFO             PET1     ESMX_Driver: InitializeIPDv02p5Data intro.
20260609 012453.879 INFO             PET1       >>>ESMX_Driver: entered Initialize (phase=<none>) with current time: 2012 10 24 18  0  0   0
20260609 012453.879 INFO             PET1       ESMX_Driver: InternalInitializeComplete intro.
20260609 012453.879 INFO             PET1         >>>ESMX_Driver: entered Initialize (phase=<none>) with current time: 2012 10 24 18  0  0   0
20260609 012453.879 INFO             PET1         <<<ESMX_Driver: leaving Initialize (phase=<none>) with current time: 2012 10 24 18  0  0   0
20260609 012453.879 INFO             PET1       ESMX_Driver: InternalInitializeComplete extro.
20260609 012453.881 INFO             PET1       ESMX_Driver: loopDataDependentInitialize intro.
20260609 012453.881 INFO             PET1         >>>ESMX_Driver: entered Initialize (phase=<none>) with current time: 2012 10 24 18  0  0   0
20260609 012453.881 INFO             PET1         <<<ESMX_Driver: leaving Initialize (phase=<none>) with current time: 2012 10 24 18  0  0   0
20260609 012453.881 INFO             PET1       ESMX_Driver: loopDataDependentInitialize extro.
20260609 012453.881 INFO             PET1       <<<ESMX_Driver: leaving Initialize (phase=<none>) with current time: 2012 10 24 18  0  0   0
20260609 012453.881 INFO             PET1     ESMX_Driver: InitializeIPDv02p5Data extro.
20260609 012453.881 INFO             PET1     <<<ESMX_Driver: leaving Initialize (phase=<none>) with current time: 2012 10 24 18  0  0   0
20260609 012453.881 INFO             PET1   ESMX_Driver: InitializeIPDv02p5 extro.
20260609 012453.881 INFO             PET1   <<<ESMX_Driver: leaving Initialize (phase=<none>) with current time: 2012 10 24 18  0  0   0
20260609 012453.881 INFO             PET1 ESMX_Driver: InitializeGeneric extro.
20260609 012453.881 INFO             PET1 ESMX_Driver: Run intro.
20260609 012453.882 INFO             PET1   >>>ESMX_Driver: entered Run (phase=RunPhase1) with current time: 2012 10 24 18  0  0   0
20260609 012453.882 INFO             PET1   Message from inside C component Advance() method
20260609 012453.882 INFO             PET1   <<<ESMX_Driver: leaving Run (phase=RunPhase1) with current time: 2012 10 24 19  0  0   0
20260609 012453.882 INFO             PET1 ESMX_Driver: Run extro.
20260609 012453.882 INFO             PET1 ESMX_Driver: Finalize intro.
20260609 012453.882 INFO             PET1   >>>ESMX_Driver: entered Finalize (phase=FinalizePhase1) with current time: 2012 10 24 19  0  0   0
20260609 012453.883 INFO             PET1   Calling Finalize phase 1 for modelComp: MDL
20260609 012453.883 INFO             PET1   Delete modelComp: MDL
20260609 012453.883 INFO             PET1   <<<ESMX_Driver: leaving Finalize (phase=FinalizePhase1) with current time: 2012 10 24 19  0  0   0
20260609 012453.883 INFO             PET1 ESMX_Driver: Finalize extro.
20260609 012453.883 INFO             PET1 =============================================
20260609 012453.883 INFO             PET1 ESMX (Earth System Model eXecutable) FINISHED
20260609 012453.883 INFO             PET1 =============================================
20260609 012453.883 INFO             PET1  Finalizing ESMF
20260609 012453.827 INFO             PET2 !!!!!!!!!!!!!!!!!!!!!!!!!!!!!!!!!!!!!!!!!!!!!!!!!!!!!!
20260609 012453.827 INFO             PET2 !!! THE ESMF_LOG IS SET TO OUTPUT ALL LOG MESSAGES !!!
20260609 012453.827 INFO             PET2 !!!     THIS MAY CAUSE SLOWDOWN IN PERFORMANCE     !!!
20260609 012453.827 INFO             PET2 !!! FOR PRODUCTION RUNS, USE:                      !!!
20260609 012453.827 INFO             PET2 !!!                   ESMF_LOGKIND_Multi_On_Error  !!!
20260609 012453.827 INFO             PET2 !!!!!!!!!!!!!!!!!!!!!!!!!!!!!!!!!!!!!!!!!!!!!!!!!!!!!!
20260609 012453.827 INFO             PET2 Running with ESMF Version   : develop+gf183dd1f0b
20260609 012453.827 INFO             PET2 ESMF library build date/time: "Jun  8 2026" "22:53:24"
20260609 012453.827 INFO             PET2 ESMF library build location : /discover/nobackup/projects/gmao/SIteam/ESMF_Testing/intel_2025.3.0_intelmpi_g_develop/esmf
20260609 012453.827 INFO             PET2 ESMF_COMM                   : intelmpi
20260609 012453.828 INFO             PET2 ESMF_MOAB                   : enabled
20260609 012453.828 INFO             PET2 ESMF_LAPACK                 : enabled
20260609 012453.828 INFO             PET2 ESMF_NETCDF                 : disabled
20260609 012453.828 INFO             PET2 ESMF_PNETCDF                : disabled
20260609 012453.828 INFO             PET2 ESMF_PIO                    : disabled
20260609 012453.828 INFO             PET2 ESMF_YAMLCPP                : enabled
20260609 012453.833 INFO             PET2 =============================================
20260609 012453.833 INFO             PET2 ESMX (Earth System Model eXecutable) STARTING
20260609 012453.833 INFO             PET2 =============================================
20260609 012453.846 DEBUG            PET2 Generic SetVM() is executing for: ESMX_Driver
20260609 012453.847 DEBUG            PET2 Generic SetVM() found no NUOPC Hint for: ESMX_Driver
20260609 012453.847 DEBUG            PET2 Generic SetVM() therefore is NOT calling ESMF_GridCompSetVMMaxPEs() for: ESMX_Driver
20260609 012453.855 INFO             PET2 ESMX_Driver: InitializeGeneric intro.
20260609 012453.855 INFO             PET2   >>>ESMX_Driver: entered Initialize (phase=<none>) without valid internal Clock.
20260609 012453.856 INFO             PET2   ESMX_Driver: InitializeP0 intro.
20260609 012453.856 INFO             PET2     >>>ESMX_Driver: entered Initialize (phase=<none>) without valid internal Clock.
20260609 012453.856 INFO             PET2     <<<ESMX_Driver: leaving Initialize (phase=<none>) without valid internal Clock.
20260609 012453.856 INFO             PET2   ESMX_Driver: InitializeP0 extro.
20260609 012453.856 INFO             PET2   ESMX_Driver: InitializeIPDv02p1 intro.
20260609 012453.856 INFO             PET2     >>>ESMX_Driver: entered Initialize (phase=<none>) without valid internal Clock.
20260609 012453.862 INFO             PET2     ESMX_Driver - Creating model component MDL without petList.
20260609 012453.865 DEBUG            PET2     Generic SetVM() is executing for: MDL
20260609 012453.865 DEBUG            PET2     Generic SetVM() found no NUOPC Hint for: MDL
20260609 012453.865 DEBUG            PET2     Generic SetVM() therefore is NOT calling ESMF_GridCompSetVMMaxPEs() for: MDL
20260609 012453.874 INFO             PET2     ESMX_Driver: IInitAdvertise intro.
20260609 012453.874 INFO             PET2       >>>ESMX_Driver: entered Initialize (phase=<none>) with current time: 2012 10 24 18  0  0   0
20260609 012453.874 INFO             PET2       <<<ESMX_Driver: leaving Initialize (phase=<none>) with current time: 2012 10 24 18  0  0   0
20260609 012453.874 INFO             PET2     ESMX_Driver: IInitAdvertise extro.
20260609 012453.875 INFO             PET2     Message from inside C component Advertise() method
20260609 012453.876 INFO             PET2     ESMX_Driver: IInitAdvertiseFinish intro.
20260609 012453.876 INFO             PET2       >>>ESMX_Driver: entered Initialize (phase=<none>) with current time: 2012 10 24 18  0  0   0
20260609 012453.876 INFO             PET2       <<<ESMX_Driver: leaving Initialize (phase=<none>) with current time: 2012 10 24 18  0  0   0
20260609 012453.876 INFO             PET2     ESMX_Driver: IInitAdvertiseFinish extro.
20260609 012453.876 INFO             PET2     ESMX_Driver: IInitModifyCplLists intro.
20260609 012453.876 INFO             PET2       >>>ESMX_Driver: entered Initialize (phase=<none>) with current time: 2012 10 24 18  0  0   0
20260609 012453.877 INFO             PET2       <<<ESMX_Driver: leaving Initialize (phase=<none>) with current time: 2012 10 24 18  0  0   0
20260609 012453.877 INFO             PET2     ESMX_Driver: IInitModifyCplLists extro.
20260609 012453.877 INFO             PET2     <<<ESMX_Driver: leaving Initialize (phase=<none>) with current time: 2012 10 24 18  0  0   0
20260609 012453.877 INFO             PET2   ESMX_Driver: InitializeIPDv02p1 extro.
20260609 012453.877 INFO             PET2   ESMX_Driver: InitializeIPDv02p3 intro.
20260609 012453.877 INFO             PET2     >>>ESMX_Driver: entered Initialize (phase=<none>) with current time: 2012 10 24 18  0  0   0
20260609 012453.877 INFO             PET2     ESMX_Driver: IInitCheck intro.
20260609 012453.877 INFO             PET2       >>>ESMX_Driver: entered Initialize (phase=<none>) with current time: 2012 10 24 18  0  0   0
20260609 012453.877 INFO             PET2       <<<ESMX_Driver: leaving Initialize (phase=<none>) with current time: 2012 10 24 18  0  0   0
20260609 012453.877 INFO             PET2     ESMX_Driver: IInitCheck extro.
20260609 012453.878 INFO             PET2     ESMX_Driver: IInitRealize intro.
20260609 012453.878 INFO             PET2       >>>ESMX_Driver: entered Initialize (phase=<none>) with current time: 2012 10 24 18  0  0   0
20260609 012453.878 INFO             PET2       <<<ESMX_Driver: leaving Initialize (phase=<none>) with current time: 2012 10 24 18  0  0   0
20260609 012453.878 INFO             PET2     ESMX_Driver: IInitRealize extro.
20260609 012453.878 INFO             PET2     <<<ESMX_Driver: leaving Initialize (phase=<none>) with current time: 2012 10 24 18  0  0   0
20260609 012453.878 INFO             PET2   ESMX_Driver: InitializeIPDv02p3 extro.
20260609 012453.879 INFO             PET2   ESMX_Driver: InitializeIPDv02p5 intro.
20260609 012453.879 INFO             PET2     >>>ESMX_Driver: entered Initialize (phase=<none>) with current time: 2012 10 24 18  0  0   0
20260609 012453.879 INFO             PET2     ESMX_Driver: InitializeIPDv02p5Data intro.
20260609 012453.879 INFO             PET2       >>>ESMX_Driver: entered Initialize (phase=<none>) with current time: 2012 10 24 18  0  0   0
20260609 012453.879 INFO             PET2       ESMX_Driver: InternalInitializeComplete intro.
20260609 012453.879 INFO             PET2         >>>ESMX_Driver: entered Initialize (phase=<none>) with current time: 2012 10 24 18  0  0   0
20260609 012453.879 INFO             PET2         <<<ESMX_Driver: leaving Initialize (phase=<none>) with current time: 2012 10 24 18  0  0   0
20260609 012453.879 INFO             PET2       ESMX_Driver: InternalInitializeComplete extro.
20260609 012453.881 INFO             PET2       ESMX_Driver: loopDataDependentInitialize intro.
20260609 012453.881 INFO             PET2         >>>ESMX_Driver: entered Initialize (phase=<none>) with current time: 2012 10 24 18  0  0   0
20260609 012453.881 INFO             PET2         <<<ESMX_Driver: leaving Initialize (phase=<none>) with current time: 2012 10 24 18  0  0   0
20260609 012453.881 INFO             PET2       ESMX_Driver: loopDataDependentInitialize extro.
20260609 012453.881 INFO             PET2       <<<ESMX_Driver: leaving Initialize (phase=<none>) with current time: 2012 10 24 18  0  0   0
20260609 012453.881 INFO             PET2     ESMX_Driver: InitializeIPDv02p5Data extro.
20260609 012453.881 INFO             PET2     <<<ESMX_Driver: leaving Initialize (phase=<none>) with current time: 2012 10 24 18  0  0   0
20260609 012453.881 INFO             PET2   ESMX_Driver: InitializeIPDv02p5 extro.
20260609 012453.881 INFO             PET2   <<<ESMX_Driver: leaving Initialize (phase=<none>) with current time: 2012 10 24 18  0  0   0
20260609 012453.881 INFO             PET2 ESMX_Driver: InitializeGeneric extro.
20260609 012453.881 INFO             PET2 ESMX_Driver: Run intro.
20260609 012453.882 INFO             PET2   >>>ESMX_Driver: entered Run (phase=RunPhase1) with current time: 2012 10 24 18  0  0   0
20260609 012453.882 INFO             PET2   Message from inside C component Advance() method
20260609 012453.882 INFO             PET2   <<<ESMX_Driver: leaving Run (phase=RunPhase1) with current time: 2012 10 24 19  0  0   0
20260609 012453.882 INFO             PET2 ESMX_Driver: Run extro.
20260609 012453.882 INFO             PET2 ESMX_Driver: Finalize intro.
20260609 012453.882 INFO             PET2   >>>ESMX_Driver: entered Finalize (phase=FinalizePhase1) with current time: 2012 10 24 19  0  0   0
20260609 012453.883 INFO             PET2   Calling Finalize phase 1 for modelComp: MDL
20260609 012453.883 INFO             PET2   Delete modelComp: MDL
20260609 012453.883 INFO             PET2   <<<ESMX_Driver: leaving Finalize (phase=FinalizePhase1) with current time: 2012 10 24 19  0  0   0
20260609 012453.883 INFO             PET2 ESMX_Driver: Finalize extro.
20260609 012453.883 INFO             PET2 =============================================
20260609 012453.883 INFO             PET2 ESMX (Earth System Model eXecutable) FINISHED
20260609 012453.883 INFO             PET2 =============================================
20260609 012453.883 INFO             PET2  Finalizing ESMF
20260609 012453.828 INFO             PET3 !!!!!!!!!!!!!!!!!!!!!!!!!!!!!!!!!!!!!!!!!!!!!!!!!!!!!!
20260609 012453.828 INFO             PET3 !!! THE ESMF_LOG IS SET TO OUTPUT ALL LOG MESSAGES !!!
20260609 012453.828 INFO             PET3 !!!     THIS MAY CAUSE SLOWDOWN IN PERFORMANCE     !!!
20260609 012453.828 INFO             PET3 !!! FOR PRODUCTION RUNS, USE:                      !!!
20260609 012453.828 INFO             PET3 !!!                   ESMF_LOGKIND_Multi_On_Error  !!!
20260609 012453.828 INFO             PET3 !!!!!!!!!!!!!!!!!!!!!!!!!!!!!!!!!!!!!!!!!!!!!!!!!!!!!!
20260609 012453.828 INFO             PET3 Running with ESMF Version   : develop+gf183dd1f0b
20260609 012453.828 INFO             PET3 ESMF library build date/time: "Jun  8 2026" "22:53:24"
20260609 012453.828 INFO             PET3 ESMF library build location : /discover/nobackup/projects/gmao/SIteam/ESMF_Testing/intel_2025.3.0_intelmpi_g_develop/esmf
20260609 012453.828 INFO             PET3 ESMF_COMM                   : intelmpi
20260609 012453.828 INFO             PET3 ESMF_MOAB                   : enabled
20260609 012453.828 INFO             PET3 ESMF_LAPACK                 : enabled
20260609 012453.828 INFO             PET3 ESMF_NETCDF                 : disabled
20260609 012453.828 INFO             PET3 ESMF_PNETCDF                : disabled
20260609 012453.828 INFO             PET3 ESMF_PIO                    : disabled
20260609 012453.828 INFO             PET3 ESMF_YAMLCPP                : enabled
20260609 012453.833 INFO             PET3 =============================================
20260609 012453.833 INFO             PET3 ESMX (Earth System Model eXecutable) STARTING
20260609 012453.833 INFO             PET3 =============================================
20260609 012453.846 DEBUG            PET3 Generic SetVM() is executing for: ESMX_Driver
20260609 012453.847 DEBUG            PET3 Generic SetVM() found no NUOPC Hint for: ESMX_Driver
20260609 012453.847 DEBUG            PET3 Generic SetVM() therefore is NOT calling ESMF_GridCompSetVMMaxPEs() for: ESMX_Driver
20260609 012453.855 INFO             PET3 ESMX_Driver: InitializeGeneric intro.
20260609 012453.855 INFO             PET3   >>>ESMX_Driver: entered Initialize (phase=<none>) without valid internal Clock.
20260609 012453.856 INFO             PET3   ESMX_Driver: InitializeP0 intro.
20260609 012453.856 INFO             PET3     >>>ESMX_Driver: entered Initialize (phase=<none>) without valid internal Clock.
20260609 012453.856 INFO             PET3     <<<ESMX_Driver: leaving Initialize (phase=<none>) without valid internal Clock.
20260609 012453.856 INFO             PET3   ESMX_Driver: InitializeP0 extro.
20260609 012453.856 INFO             PET3   ESMX_Driver: InitializeIPDv02p1 intro.
20260609 012453.856 INFO             PET3     >>>ESMX_Driver: entered Initialize (phase=<none>) without valid internal Clock.
20260609 012453.862 INFO             PET3     ESMX_Driver - Creating model component MDL without petList.
20260609 012453.865 DEBUG            PET3     Generic SetVM() is executing for: MDL
20260609 012453.865 DEBUG            PET3     Generic SetVM() found no NUOPC Hint for: MDL
20260609 012453.865 DEBUG            PET3     Generic SetVM() therefore is NOT calling ESMF_GridCompSetVMMaxPEs() for: MDL
20260609 012453.874 INFO             PET3     ESMX_Driver: IInitAdvertise intro.
20260609 012453.874 INFO             PET3       >>>ESMX_Driver: entered Initialize (phase=<none>) with current time: 2012 10 24 18  0  0   0
20260609 012453.874 INFO             PET3       <<<ESMX_Driver: leaving Initialize (phase=<none>) with current time: 2012 10 24 18  0  0   0
20260609 012453.874 INFO             PET3     ESMX_Driver: IInitAdvertise extro.
20260609 012453.875 INFO             PET3     Message from inside C component Advertise() method
20260609 012453.876 INFO             PET3     ESMX_Driver: IInitAdvertiseFinish intro.
20260609 012453.876 INFO             PET3       >>>ESMX_Driver: entered Initialize (phase=<none>) with current time: 2012 10 24 18  0  0   0
20260609 012453.876 INFO             PET3       <<<ESMX_Driver: leaving Initialize (phase=<none>) with current time: 2012 10 24 18  0  0   0
20260609 012453.876 INFO             PET3     ESMX_Driver: IInitAdvertiseFinish extro.
20260609 012453.876 INFO             PET3     ESMX_Driver: IInitModifyCplLists intro.
20260609 012453.876 INFO             PET3       >>>ESMX_Driver: entered Initialize (phase=<none>) with current time: 2012 10 24 18  0  0   0
20260609 012453.877 INFO             PET3       <<<ESMX_Driver: leaving Initialize (phase=<none>) with current time: 2012 10 24 18  0  0   0
20260609 012453.877 INFO             PET3     ESMX_Driver: IInitModifyCplLists extro.
20260609 012453.877 INFO             PET3     <<<ESMX_Driver: leaving Initialize (phase=<none>) with current time: 2012 10 24 18  0  0   0
20260609 012453.877 INFO             PET3   ESMX_Driver: InitializeIPDv02p1 extro.
20260609 012453.877 INFO             PET3   ESMX_Driver: InitializeIPDv02p3 intro.
20260609 012453.877 INFO             PET3     >>>ESMX_Driver: entered Initialize (phase=<none>) with current time: 2012 10 24 18  0  0   0
20260609 012453.877 INFO             PET3     ESMX_Driver: IInitCheck intro.
20260609 012453.877 INFO             PET3       >>>ESMX_Driver: entered Initialize (phase=<none>) with current time: 2012 10 24 18  0  0   0
20260609 012453.877 INFO             PET3       <<<ESMX_Driver: leaving Initialize (phase=<none>) with current time: 2012 10 24 18  0  0   0
20260609 012453.877 INFO             PET3     ESMX_Driver: IInitCheck extro.
20260609 012453.878 INFO             PET3     ESMX_Driver: IInitRealize intro.
20260609 012453.878 INFO             PET3       >>>ESMX_Driver: entered Initialize (phase=<none>) with current time: 2012 10 24 18  0  0   0
20260609 012453.878 INFO             PET3       <<<ESMX_Driver: leaving Initialize (phase=<none>) with current time: 2012 10 24 18  0  0   0
20260609 012453.878 INFO             PET3     ESMX_Driver: IInitRealize extro.
20260609 012453.878 INFO             PET3     <<<ESMX_Driver: leaving Initialize (phase=<none>) with current time: 2012 10 24 18  0  0   0
20260609 012453.878 INFO             PET3   ESMX_Driver: InitializeIPDv02p3 extro.
20260609 012453.879 INFO             PET3   ESMX_Driver: InitializeIPDv02p5 intro.
20260609 012453.879 INFO             PET3     >>>ESMX_Driver: entered Initialize (phase=<none>) with current time: 2012 10 24 18  0  0   0
20260609 012453.879 INFO             PET3     ESMX_Driver: InitializeIPDv02p5Data intro.
20260609 012453.879 INFO             PET3       >>>ESMX_Driver: entered Initialize (phase=<none>) with current time: 2012 10 24 18  0  0   0
20260609 012453.879 INFO             PET3       ESMX_Driver: InternalInitializeComplete intro.
20260609 012453.879 INFO             PET3         >>>ESMX_Driver: entered Initialize (phase=<none>) with current time: 2012 10 24 18  0  0   0
20260609 012453.879 INFO             PET3         <<<ESMX_Driver: leaving Initialize (phase=<none>) with current time: 2012 10 24 18  0  0   0
20260609 012453.879 INFO             PET3       ESMX_Driver: InternalInitializeComplete extro.
20260609 012453.881 INFO             PET3       ESMX_Driver: loopDataDependentInitialize intro.
20260609 012453.881 INFO             PET3         >>>ESMX_Driver: entered Initialize (phase=<none>) with current time: 2012 10 24 18  0  0   0
20260609 012453.881 INFO             PET3         <<<ESMX_Driver: leaving Initialize (phase=<none>) with current time: 2012 10 24 18  0  0   0
20260609 012453.881 INFO             PET3       ESMX_Driver: loopDataDependentInitialize extro.
20260609 012453.881 INFO             PET3       <<<ESMX_Driver: leaving Initialize (phase=<none>) with current time: 2012 10 24 18  0  0   0
20260609 012453.881 INFO             PET3     ESMX_Driver: InitializeIPDv02p5Data extro.
20260609 012453.881 INFO             PET3     <<<ESMX_Driver: leaving Initialize (phase=<none>) with current time: 2012 10 24 18  0  0   0
20260609 012453.881 INFO             PET3   ESMX_Driver: InitializeIPDv02p5 extro.
20260609 012453.881 INFO             PET3   <<<ESMX_Driver: leaving Initialize (phase=<none>) with current time: 2012 10 24 18  0  0   0
20260609 012453.881 INFO             PET3 ESMX_Driver: InitializeGeneric extro.
20260609 012453.881 INFO             PET3 ESMX_Driver: Run intro.
20260609 012453.882 INFO             PET3   >>>ESMX_Driver: entered Run (phase=RunPhase1) with current time: 2012 10 24 18  0  0   0
20260609 012453.882 INFO             PET3   Message from inside C component Advance() method
20260609 012453.882 INFO             PET3   <<<ESMX_Driver: leaving Run (phase=RunPhase1) with current time: 2012 10 24 19  0  0   0
20260609 012453.882 INFO             PET3 ESMX_Driver: Run extro.
20260609 012453.882 INFO             PET3 ESMX_Driver: Finalize intro.
20260609 012453.882 INFO             PET3   >>>ESMX_Driver: entered Finalize (phase=FinalizePhase1) with current time: 2012 10 24 19  0  0   0
20260609 012453.883 INFO             PET3   Calling Finalize phase 1 for modelComp: MDL
20260609 012453.883 INFO             PET3   Delete modelComp: MDL
20260609 012453.883 INFO             PET3   <<<ESMX_Driver: leaving Finalize (phase=FinalizePhase1) with current time: 2012 10 24 19  0  0   0
20260609 012453.883 INFO             PET3 ESMX_Driver: Finalize extro.
20260609 012453.883 INFO             PET3 =============================================
20260609 012453.883 INFO             PET3 ESMX (Earth System Model eXecutable) FINISHED
20260609 012453.883 INFO             PET3 =============================================
20260609 012453.883 INFO             PET3  Finalizing ESMF
