2026-05-24 07:36:01
20260524 082500.230 INFO             PET0 !!!!!!!!!!!!!!!!!!!!!!!!!!!!!!!!!!!!!!!!!!!!!!!!!!!!!!
20260524 082500.230 INFO             PET0 !!! THE ESMF_LOG IS SET TO OUTPUT ALL LOG MESSAGES !!!
20260524 082500.230 INFO             PET0 !!!     THIS MAY CAUSE SLOWDOWN IN PERFORMANCE     !!!
20260524 082500.230 INFO             PET0 !!! FOR PRODUCTION RUNS, USE:                      !!!
20260524 082500.230 INFO             PET0 !!!                   ESMF_LOGKIND_Multi_On_Error  !!!
20260524 082500.230 INFO             PET0 !!!!!!!!!!!!!!!!!!!!!!!!!!!!!!!!!!!!!!!!!!!!!!!!!!!!!!
20260524 082500.230 INFO             PET0 Running with ESMF Version   : develop+g681a42bf77
20260524 082500.230 INFO             PET0 ESMF library build date/time: "May 24 2026" "07:32:43"
20260524 082500.230 INFO             PET0 ESMF library build location : /scratch3/NCEPDEV/stmp/Gerhard.Theurich/ESMF-Nightly-Testing-Hera/intel_2023.2.0-oneAPI_intelmpi_g_develop/esmf
20260524 082500.230 INFO             PET0 ESMF_COMM                   : intelmpi
20260524 082500.231 INFO             PET0 ESMF_MOAB                   : enabled
20260524 082500.231 INFO             PET0 ESMF_LAPACK                 : enabled
20260524 082500.231 INFO             PET0 ESMF_NETCDF                 : enabled
20260524 082500.231 INFO             PET0 ESMF_PNETCDF                : disabled
20260524 082500.231 INFO             PET0 ESMF_PIO                    : enabled
20260524 082500.231 INFO             PET0 ESMF_YAMLCPP                : enabled
20260524 082500.236 INFO             PET0  NUMBER_OF_PROCESSORS           4
20260524 082500.236 INFO             PET0  PASS  Example ESMF_FieldArbGridEx, ESMF_FieldArbGridEx.F90, line 243
20260524 082500.236 INFO             PET0  Finalizing ESMF
20260524 082500.231 INFO             PET1 !!!!!!!!!!!!!!!!!!!!!!!!!!!!!!!!!!!!!!!!!!!!!!!!!!!!!!
20260524 082500.231 INFO             PET1 !!! THE ESMF_LOG IS SET TO OUTPUT ALL LOG MESSAGES !!!
20260524 082500.231 INFO             PET1 !!!     THIS MAY CAUSE SLOWDOWN IN PERFORMANCE     !!!
20260524 082500.231 INFO             PET1 !!! FOR PRODUCTION RUNS, USE:                      !!!
20260524 082500.231 INFO             PET1 !!!                   ESMF_LOGKIND_Multi_On_Error  !!!
20260524 082500.231 INFO             PET1 !!!!!!!!!!!!!!!!!!!!!!!!!!!!!!!!!!!!!!!!!!!!!!!!!!!!!!
20260524 082500.231 INFO             PET1 Running with ESMF Version   : develop+g681a42bf77
20260524 082500.231 INFO             PET1 ESMF library build date/time: "May 24 2026" "07:32:43"
20260524 082500.231 INFO             PET1 ESMF library build location : /scratch3/NCEPDEV/stmp/Gerhard.Theurich/ESMF-Nightly-Testing-Hera/intel_2023.2.0-oneAPI_intelmpi_g_develop/esmf
20260524 082500.231 INFO             PET1 ESMF_COMM                   : intelmpi
20260524 082500.231 INFO             PET1 ESMF_MOAB                   : enabled
20260524 082500.231 INFO             PET1 ESMF_LAPACK                 : enabled
20260524 082500.231 INFO             PET1 ESMF_NETCDF                 : enabled
20260524 082500.231 INFO             PET1 ESMF_PNETCDF                : disabled
20260524 082500.231 INFO             PET1 ESMF_PIO                    : enabled
20260524 082500.231 INFO             PET1 ESMF_YAMLCPP                : enabled
20260524 082500.236 INFO             PET1  NUMBER_OF_PROCESSORS           4
20260524 082500.236 INFO             PET1  PASS  Example ESMF_FieldArbGridEx, ESMF_FieldArbGridEx.F90, line 243
20260524 082500.236 INFO             PET1  Finalizing ESMF
20260524 082500.230 INFO             PET2 !!!!!!!!!!!!!!!!!!!!!!!!!!!!!!!!!!!!!!!!!!!!!!!!!!!!!!
20260524 082500.230 INFO             PET2 !!! THE ESMF_LOG IS SET TO OUTPUT ALL LOG MESSAGES !!!
20260524 082500.230 INFO             PET2 !!!     THIS MAY CAUSE SLOWDOWN IN PERFORMANCE     !!!
20260524 082500.230 INFO             PET2 !!! FOR PRODUCTION RUNS, USE:                      !!!
20260524 082500.230 INFO             PET2 !!!                   ESMF_LOGKIND_Multi_On_Error  !!!
20260524 082500.230 INFO             PET2 !!!!!!!!!!!!!!!!!!!!!!!!!!!!!!!!!!!!!!!!!!!!!!!!!!!!!!
20260524 082500.230 INFO             PET2 Running with ESMF Version   : develop+g681a42bf77
20260524 082500.231 INFO             PET2 ESMF library build date/time: "May 24 2026" "07:32:43"
20260524 082500.231 INFO             PET2 ESMF library build location : /scratch3/NCEPDEV/stmp/Gerhard.Theurich/ESMF-Nightly-Testing-Hera/intel_2023.2.0-oneAPI_intelmpi_g_develop/esmf
20260524 082500.231 INFO             PET2 ESMF_COMM                   : intelmpi
20260524 082500.231 INFO             PET2 ESMF_MOAB                   : enabled
20260524 082500.231 INFO             PET2 ESMF_LAPACK                 : enabled
20260524 082500.231 INFO             PET2 ESMF_NETCDF                 : enabled
20260524 082500.231 INFO             PET2 ESMF_PNETCDF                : disabled
20260524 082500.231 INFO             PET2 ESMF_PIO                    : enabled
20260524 082500.231 INFO             PET2 ESMF_YAMLCPP                : enabled
20260524 082500.235 INFO             PET2  NUMBER_OF_PROCESSORS           4
20260524 082500.235 INFO             PET2  PASS  Example ESMF_FieldArbGridEx, ESMF_FieldArbGridEx.F90, line 243
20260524 082500.235 INFO             PET2  Finalizing ESMF
20260524 082500.231 INFO             PET3 !!!!!!!!!!!!!!!!!!!!!!!!!!!!!!!!!!!!!!!!!!!!!!!!!!!!!!
20260524 082500.231 INFO             PET3 !!! THE ESMF_LOG IS SET TO OUTPUT ALL LOG MESSAGES !!!
20260524 082500.231 INFO             PET3 !!!     THIS MAY CAUSE SLOWDOWN IN PERFORMANCE     !!!
20260524 082500.231 INFO             PET3 !!! FOR PRODUCTION RUNS, USE:                      !!!
20260524 082500.231 INFO             PET3 !!!                   ESMF_LOGKIND_Multi_On_Error  !!!
20260524 082500.231 INFO             PET3 !!!!!!!!!!!!!!!!!!!!!!!!!!!!!!!!!!!!!!!!!!!!!!!!!!!!!!
20260524 082500.231 INFO             PET3 Running with ESMF Version   : develop+g681a42bf77
20260524 082500.231 INFO             PET3 ESMF library build date/time: "May 24 2026" "07:32:43"
20260524 082500.231 INFO             PET3 ESMF library build location : /scratch3/NCEPDEV/stmp/Gerhard.Theurich/ESMF-Nightly-Testing-Hera/intel_2023.2.0-oneAPI_intelmpi_g_develop/esmf
20260524 082500.231 INFO             PET3 ESMF_COMM                   : intelmpi
20260524 082500.231 INFO             PET3 ESMF_MOAB                   : enabled
20260524 082500.231 INFO             PET3 ESMF_LAPACK                 : enabled
20260524 082500.231 INFO             PET3 ESMF_NETCDF                 : enabled
20260524 082500.231 INFO             PET3 ESMF_PNETCDF                : disabled
20260524 082500.231 INFO             PET3 ESMF_PIO                    : enabled
20260524 082500.231 INFO             PET3 ESMF_YAMLCPP                : enabled
20260524 082500.235 INFO             PET3  NUMBER_OF_PROCESSORS           4
20260524 082500.235 INFO             PET3  PASS  Example ESMF_FieldArbGridEx, ESMF_FieldArbGridEx.F90, line 243
20260524 082500.236 INFO             PET3  Finalizing ESMF
