2026-06-11 22:42:51
20260611 234156.314 INFO             PET0 !!!!!!!!!!!!!!!!!!!!!!!!!!!!!!!!!!!!!!!!!!!!!!!!!!!!!!
20260611 234156.314 INFO             PET0 !!! THE ESMF_LOG IS SET TO OUTPUT ALL LOG MESSAGES !!!
20260611 234156.314 INFO             PET0 !!!     THIS MAY CAUSE SLOWDOWN IN PERFORMANCE     !!!
20260611 234156.314 INFO             PET0 !!! FOR PRODUCTION RUNS, USE:                      !!!
20260611 234156.314 INFO             PET0 !!!                   ESMF_LOGKIND_Multi_On_Error  !!!
20260611 234156.314 INFO             PET0 !!!!!!!!!!!!!!!!!!!!!!!!!!!!!!!!!!!!!!!!!!!!!!!!!!!!!!
20260611 234156.314 INFO             PET0 Running with ESMF Version   : develop+g44805b02cc
20260611 234156.314 INFO             PET0 ESMF library build date/time: "Jun 11 2026" "22:40:13"
20260611 234156.314 INFO             PET0 ESMF library build location : /discover/nobackup/projects/gmao/SIteam/ESMF_Testing/intel_2021.13.0_intelmpi_g_develop/esmf
20260611 234156.314 INFO             PET0 ESMF_COMM                   : intelmpi
20260611 234156.314 INFO             PET0 ESMF_MOAB                   : enabled
20260611 234156.314 INFO             PET0 ESMF_LAPACK                 : enabled
20260611 234156.314 INFO             PET0 ESMF_NETCDF                 : enabled
20260611 234156.314 INFO             PET0 ESMF_PNETCDF                : disabled
20260611 234156.314 INFO             PET0 ESMF_PIO                    : enabled
20260611 234156.314 INFO             PET0 ESMF_YAMLCPP                : enabled
20260611 234156.334 INFO             PET0  NUMBER_OF_PROCESSORS           1
20260611 234156.334 INFO             PET0  PASS  Example ESMF_XGridSparseMatEx, ESMF_XGridSparseMatEx.F90, line 642
20260611 234156.334 INFO             PET0  Finalizing ESMF
