2026-07-15 22:30:38
20260715 232407.854 INFO             PET0 !!!!!!!!!!!!!!!!!!!!!!!!!!!!!!!!!!!!!!!!!!!!!!!!!!!!!!
20260715 232407.855 INFO             PET0 !!! THE ESMF_LOG IS SET TO OUTPUT ALL LOG MESSAGES !!!
20260715 232407.855 INFO             PET0 !!!     THIS MAY CAUSE SLOWDOWN IN PERFORMANCE     !!!
20260715 232407.855 INFO             PET0 !!! FOR PRODUCTION RUNS, USE:                      !!!
20260715 232407.855 INFO             PET0 !!!                   ESMF_LOGKIND_Multi_On_Error  !!!
20260715 232407.855 INFO             PET0 !!!!!!!!!!!!!!!!!!!!!!!!!!!!!!!!!!!!!!!!!!!!!!!!!!!!!!
20260715 232407.855 INFO             PET0 Running with ESMF Version   : develop+gf1c7bb6d5f
20260715 232407.855 INFO             PET0 ESMF library build date/time: "Jul 15 2026" "22:27:57"
20260715 232407.855 INFO             PET0 ESMF library build location : /discover/nobackup/projects/gmao/SIteam/ESMF_Testing/intel_2021.13.0_intelmpi_g_develop/esmf
20260715 232407.855 INFO             PET0 ESMF_COMM                   : intelmpi
20260715 232407.855 INFO             PET0 ESMF_MOAB                   : enabled
20260715 232407.855 INFO             PET0 ESMF_LAPACK                 : enabled
20260715 232407.855 INFO             PET0 ESMF_NETCDF                 : enabled
20260715 232407.855 INFO             PET0 ESMF_PNETCDF                : disabled
20260715 232407.855 INFO             PET0 ESMF_PIO                    : enabled
20260715 232407.855 INFO             PET0 ESMF_YAMLCPP                : enabled
20260715 232407.856 INFO             PET0  NUMBER_OF_PROCESSORS           1
20260715 232407.856 INFO             PET0  PASS  Example ESMF_ClockEx, ESMF_ClockEx.F90, line 220
20260715 232407.856 INFO             PET0  Finalizing ESMF
