2026-07-23 22:29:03
20260723 232144.168 INFO             PET0 !!!!!!!!!!!!!!!!!!!!!!!!!!!!!!!!!!!!!!!!!!!!!!!!!!!!!!
20260723 232144.168 INFO             PET0 !!! THE ESMF_LOG IS SET TO OUTPUT ALL LOG MESSAGES !!!
20260723 232144.168 INFO             PET0 !!!     THIS MAY CAUSE SLOWDOWN IN PERFORMANCE     !!!
20260723 232144.168 INFO             PET0 !!! FOR PRODUCTION RUNS, USE:                      !!!
20260723 232144.168 INFO             PET0 !!!                   ESMF_LOGKIND_Multi_On_Error  !!!
20260723 232144.168 INFO             PET0 !!!!!!!!!!!!!!!!!!!!!!!!!!!!!!!!!!!!!!!!!!!!!!!!!!!!!!
20260723 232144.168 INFO             PET0 Running with ESMF Version   : develop+g5ee87db4bf
20260723 232144.168 INFO             PET0 ESMF library build date/time: "Jul 23 2026" "22:26:20"
20260723 232144.168 INFO             PET0 ESMF library build location : /discover/nobackup/projects/gmao/SIteam/ESMF_Testing/intel_2021.13.0_intelmpi_g_develop/esmf
20260723 232144.168 INFO             PET0 ESMF_COMM                   : intelmpi
20260723 232144.169 INFO             PET0 ESMF_MOAB                   : enabled
20260723 232144.169 INFO             PET0 ESMF_LAPACK                 : enabled
20260723 232144.169 INFO             PET0 ESMF_NETCDF                 : enabled
20260723 232144.169 INFO             PET0 ESMF_PNETCDF                : disabled
20260723 232144.169 INFO             PET0 ESMF_PIO                    : enabled
20260723 232144.169 INFO             PET0 ESMF_YAMLCPP                : enabled
20260723 232144.169 INFO             PET0  NUMBER_OF_PROCESSORS           4
20260723 232144.169 INFO             PET0  PASS  Example ESMF_VMUserMpiCommMultiEx, ESMF_VMUserMpiCommMultiEx.F90, line 126
20260723 232144.169 INFO             PET0  Finalizing ESMF with endflag==ESMF_END_KEEPMPI
20260723 232144.169 INFO             PET0 !!!!!!!!!!!!!!!!!!!!!!!!!!!!!!!!!!!!!!!!!!!!!!!!!!!!!!
20260723 232144.169 INFO             PET0 !!! THE ESMF_LOG IS SET TO OUTPUT ALL LOG MESSAGES !!!
20260723 232144.169 INFO             PET0 !!!     THIS MAY CAUSE SLOWDOWN IN PERFORMANCE     !!!
20260723 232144.169 INFO             PET0 !!! FOR PRODUCTION RUNS, USE:                      !!!
20260723 232144.169 INFO             PET0 !!!                   ESMF_LOGKIND_Multi_On_Error  !!!
20260723 232144.169 INFO             PET0 !!!!!!!!!!!!!!!!!!!!!!!!!!!!!!!!!!!!!!!!!!!!!!!!!!!!!!
20260723 232144.169 INFO             PET0 Running with ESMF Version   : develop+g5ee87db4bf
20260723 232144.169 INFO             PET0 ESMF library build date/time: "Jul 23 2026" "22:26:20"
20260723 232144.169 INFO             PET0 ESMF library build location : /discover/nobackup/projects/gmao/SIteam/ESMF_Testing/intel_2021.13.0_intelmpi_g_develop/esmf
20260723 232144.169 INFO             PET0 ESMF_COMM                   : intelmpi
20260723 232144.169 INFO             PET0 ESMF_MOAB                   : enabled
20260723 232144.169 INFO             PET0 ESMF_LAPACK                 : enabled
20260723 232144.169 INFO             PET0 ESMF_NETCDF                 : enabled
20260723 232144.169 INFO             PET0 ESMF_PNETCDF                : disabled
20260723 232144.169 INFO             PET0 ESMF_PIO                    : enabled
20260723 232144.169 INFO             PET0 ESMF_YAMLCPP                : enabled
20260723 232144.170 INFO             PET0  NUMBER_OF_PROCESSORS           4
20260723 232144.170 INFO             PET0  PASS  Example ESMF_VMUserMpiCommMultiEx, ESMF_VMUserMpiCommMultiEx.F90, line 154
20260723 232144.170 INFO             PET0  Finalizing ESMF with endflag==ESMF_END_KEEPMPI
20260723 232144.168 INFO             PET1 !!!!!!!!!!!!!!!!!!!!!!!!!!!!!!!!!!!!!!!!!!!!!!!!!!!!!!
20260723 232144.168 INFO             PET1 !!! THE ESMF_LOG IS SET TO OUTPUT ALL LOG MESSAGES !!!
20260723 232144.168 INFO             PET1 !!!     THIS MAY CAUSE SLOWDOWN IN PERFORMANCE     !!!
20260723 232144.168 INFO             PET1 !!! FOR PRODUCTION RUNS, USE:                      !!!
20260723 232144.168 INFO             PET1 !!!                   ESMF_LOGKIND_Multi_On_Error  !!!
20260723 232144.168 INFO             PET1 !!!!!!!!!!!!!!!!!!!!!!!!!!!!!!!!!!!!!!!!!!!!!!!!!!!!!!
20260723 232144.168 INFO             PET1 Running with ESMF Version   : develop+g5ee87db4bf
20260723 232144.168 INFO             PET1 ESMF library build date/time: "Jul 23 2026" "22:26:20"
20260723 232144.168 INFO             PET1 ESMF library build location : /discover/nobackup/projects/gmao/SIteam/ESMF_Testing/intel_2021.13.0_intelmpi_g_develop/esmf
20260723 232144.168 INFO             PET1 ESMF_COMM                   : intelmpi
20260723 232144.169 INFO             PET1 ESMF_MOAB                   : enabled
20260723 232144.169 INFO             PET1 ESMF_LAPACK                 : enabled
20260723 232144.169 INFO             PET1 ESMF_NETCDF                 : enabled
20260723 232144.169 INFO             PET1 ESMF_PNETCDF                : disabled
20260723 232144.169 INFO             PET1 ESMF_PIO                    : enabled
20260723 232144.169 INFO             PET1 ESMF_YAMLCPP                : enabled
20260723 232144.169 INFO             PET1  NUMBER_OF_PROCESSORS           4
20260723 232144.169 INFO             PET1  PASS  Example ESMF_VMUserMpiCommMultiEx, ESMF_VMUserMpiCommMultiEx.F90, line 126
20260723 232144.169 INFO             PET1  Finalizing ESMF with endflag==ESMF_END_KEEPMPI
20260723 232144.169 INFO             PET1 !!!!!!!!!!!!!!!!!!!!!!!!!!!!!!!!!!!!!!!!!!!!!!!!!!!!!!
20260723 232144.169 INFO             PET1 !!! THE ESMF_LOG IS SET TO OUTPUT ALL LOG MESSAGES !!!
20260723 232144.169 INFO             PET1 !!!     THIS MAY CAUSE SLOWDOWN IN PERFORMANCE     !!!
20260723 232144.169 INFO             PET1 !!! FOR PRODUCTION RUNS, USE:                      !!!
20260723 232144.169 INFO             PET1 !!!                   ESMF_LOGKIND_Multi_On_Error  !!!
20260723 232144.169 INFO             PET1 !!!!!!!!!!!!!!!!!!!!!!!!!!!!!!!!!!!!!!!!!!!!!!!!!!!!!!
20260723 232144.169 INFO             PET1 Running with ESMF Version   : develop+g5ee87db4bf
20260723 232144.169 INFO             PET1 ESMF library build date/time: "Jul 23 2026" "22:26:20"
20260723 232144.169 INFO             PET1 ESMF library build location : /discover/nobackup/projects/gmao/SIteam/ESMF_Testing/intel_2021.13.0_intelmpi_g_develop/esmf
20260723 232144.169 INFO             PET1 ESMF_COMM                   : intelmpi
20260723 232144.169 INFO             PET1 ESMF_MOAB                   : enabled
20260723 232144.169 INFO             PET1 ESMF_LAPACK                 : enabled
20260723 232144.169 INFO             PET1 ESMF_NETCDF                 : enabled
20260723 232144.169 INFO             PET1 ESMF_PNETCDF                : disabled
20260723 232144.169 INFO             PET1 ESMF_PIO                    : enabled
20260723 232144.169 INFO             PET1 ESMF_YAMLCPP                : enabled
20260723 232144.170 INFO             PET1  NUMBER_OF_PROCESSORS           4
20260723 232144.170 INFO             PET1  PASS  Example ESMF_VMUserMpiCommMultiEx, ESMF_VMUserMpiCommMultiEx.F90, line 154
20260723 232144.170 INFO             PET1  Finalizing ESMF with endflag==ESMF_END_KEEPMPI
