2026-08-07 22:52:35
20260807 234835.308 INFO             PET0 !!!!!!!!!!!!!!!!!!!!!!!!!!!!!!!!!!!!!!!!!!!!!!!!!!!!!!
20260807 234835.308 INFO             PET0 !!! THE ESMF_LOG IS SET TO OUTPUT ALL LOG MESSAGES !!!
20260807 234835.308 INFO             PET0 !!!     THIS MAY CAUSE SLOWDOWN IN PERFORMANCE     !!!
20260807 234835.308 INFO             PET0 !!! FOR PRODUCTION RUNS, USE:                      !!!
20260807 234835.308 INFO             PET0 !!!                   ESMF_LOGKIND_Multi_On_Error  !!!
20260807 234835.308 INFO             PET0 !!!!!!!!!!!!!!!!!!!!!!!!!!!!!!!!!!!!!!!!!!!!!!!!!!!!!!
20260807 234835.308 INFO             PET0 Running with ESMF Version   : develop+g17f2be238d
20260807 234835.308 INFO             PET0 ESMF library build date/time: "Aug  7 2026" "22:50:04"
20260807 234835.308 INFO             PET0 ESMF library build location : /discover/nobackup/projects/gmao/SIteam/ESMF_Testing/intel_2021.13.0_intelmpi_g_develop/esmf
20260807 234835.308 INFO             PET0 ESMF_COMM                   : intelmpi
20260807 234835.308 INFO             PET0 ESMF_MOAB                   : enabled
20260807 234835.308 INFO             PET0 ESMF_LAPACK                 : enabled
20260807 234835.308 INFO             PET0 ESMF_NETCDF                 : enabled
20260807 234835.308 INFO             PET0 ESMF_PNETCDF                : disabled
20260807 234835.308 INFO             PET0 ESMF_PIO                    : enabled
20260807 234835.308 INFO             PET0 ESMF_YAMLCPP                : enabled
20260807 234835.309 INFO             PET0  NUMBER_OF_PROCESSORS           1
20260807 234835.309 INFO             PET0  PASS  Example CalendarEx, ESMF_CalendarEx.F90, line 217
20260807 234835.309 INFO             PET0  Finalizing ESMF
