2026-07-21 22:31:18
20260722 003603.137 INFO             PET0 !!!!!!!!!!!!!!!!!!!!!!!!!!!!!!!!!!!!!!!!!!!!!!!!!!!!!!
20260722 003603.137 INFO             PET0 !!! THE ESMF_LOG IS SET TO OUTPUT ALL LOG MESSAGES !!!
20260722 003603.137 INFO             PET0 !!!     THIS MAY CAUSE SLOWDOWN IN PERFORMANCE     !!!
20260722 003603.137 INFO             PET0 !!! FOR PRODUCTION RUNS, USE:                      !!!
20260722 003603.137 INFO             PET0 !!!                   ESMF_LOGKIND_Multi_On_Error  !!!
20260722 003603.137 INFO             PET0 !!!!!!!!!!!!!!!!!!!!!!!!!!!!!!!!!!!!!!!!!!!!!!!!!!!!!!
20260722 003603.137 INFO             PET0 Running with ESMF Version   : develop+g5ee87db4bf
20260722 003603.137 INFO             PET0 ESMF library build date/time: "Jul 21 2026" "22:28:50"
20260722 003603.137 INFO             PET0 ESMF library build location : /discover/nobackup/projects/gmao/SIteam/ESMF_Testing/intel_2021.13.0_intelmpi_g_develop/esmf
20260722 003603.137 INFO             PET0 ESMF_COMM                   : intelmpi
20260722 003603.137 INFO             PET0 ESMF_MOAB                   : enabled
20260722 003603.137 INFO             PET0 ESMF_LAPACK                 : enabled
20260722 003603.137 INFO             PET0 ESMF_NETCDF                 : enabled
20260722 003603.137 INFO             PET0 ESMF_PNETCDF                : disabled
20260722 003603.137 INFO             PET0 ESMF_PIO                    : enabled
20260722 003603.137 INFO             PET0 ESMF_YAMLCPP                : enabled
20260722 003603.158 INFO             PET0 ESMF_FieldRedistStoreNF(): Just entered routine.
20260722 003603.574 INFO             PET0 ESMF_FieldRedistStoreNF(): Leaving routine.
20260722 003603.579 INFO             PET0  NUMBER_OF_PROCESSORS           4
20260722 003603.580 INFO             PET0  PASS  Example ESMF_RHandleFromRHandleEx, ESMF_RHandleFromRHandleEx.F90, line 660
20260722 003603.580 INFO             PET0  Finalizing ESMF
20260722 003603.136 INFO             PET1 !!!!!!!!!!!!!!!!!!!!!!!!!!!!!!!!!!!!!!!!!!!!!!!!!!!!!!
20260722 003603.136 INFO             PET1 !!! THE ESMF_LOG IS SET TO OUTPUT ALL LOG MESSAGES !!!
20260722 003603.136 INFO             PET1 !!!     THIS MAY CAUSE SLOWDOWN IN PERFORMANCE     !!!
20260722 003603.136 INFO             PET1 !!! FOR PRODUCTION RUNS, USE:                      !!!
20260722 003603.136 INFO             PET1 !!!                   ESMF_LOGKIND_Multi_On_Error  !!!
20260722 003603.136 INFO             PET1 !!!!!!!!!!!!!!!!!!!!!!!!!!!!!!!!!!!!!!!!!!!!!!!!!!!!!!
20260722 003603.136 INFO             PET1 Running with ESMF Version   : develop+g5ee87db4bf
20260722 003603.136 INFO             PET1 ESMF library build date/time: "Jul 21 2026" "22:28:50"
20260722 003603.136 INFO             PET1 ESMF library build location : /discover/nobackup/projects/gmao/SIteam/ESMF_Testing/intel_2021.13.0_intelmpi_g_develop/esmf
20260722 003603.136 INFO             PET1 ESMF_COMM                   : intelmpi
20260722 003603.137 INFO             PET1 ESMF_MOAB                   : enabled
20260722 003603.137 INFO             PET1 ESMF_LAPACK                 : enabled
20260722 003603.137 INFO             PET1 ESMF_NETCDF                 : enabled
20260722 003603.137 INFO             PET1 ESMF_PNETCDF                : disabled
20260722 003603.137 INFO             PET1 ESMF_PIO                    : enabled
20260722 003603.137 INFO             PET1 ESMF_YAMLCPP                : enabled
20260722 003603.158 INFO             PET1 ESMF_FieldRedistStoreNF(): Just entered routine.
20260722 003603.574 INFO             PET1 ESMF_FieldRedistStoreNF(): Leaving routine.
20260722 003603.579 INFO             PET1  NUMBER_OF_PROCESSORS           4
20260722 003603.580 INFO             PET1  PASS  Example ESMF_RHandleFromRHandleEx, ESMF_RHandleFromRHandleEx.F90, line 660
20260722 003603.580 INFO             PET1  Finalizing ESMF
20260722 003603.137 INFO             PET2 !!!!!!!!!!!!!!!!!!!!!!!!!!!!!!!!!!!!!!!!!!!!!!!!!!!!!!
20260722 003603.137 INFO             PET2 !!! THE ESMF_LOG IS SET TO OUTPUT ALL LOG MESSAGES !!!
20260722 003603.137 INFO             PET2 !!!     THIS MAY CAUSE SLOWDOWN IN PERFORMANCE     !!!
20260722 003603.137 INFO             PET2 !!! FOR PRODUCTION RUNS, USE:                      !!!
20260722 003603.137 INFO             PET2 !!!                   ESMF_LOGKIND_Multi_On_Error  !!!
20260722 003603.137 INFO             PET2 !!!!!!!!!!!!!!!!!!!!!!!!!!!!!!!!!!!!!!!!!!!!!!!!!!!!!!
20260722 003603.137 INFO             PET2 Running with ESMF Version   : develop+g5ee87db4bf
20260722 003603.137 INFO             PET2 ESMF library build date/time: "Jul 21 2026" "22:28:50"
20260722 003603.137 INFO             PET2 ESMF library build location : /discover/nobackup/projects/gmao/SIteam/ESMF_Testing/intel_2021.13.0_intelmpi_g_develop/esmf
20260722 003603.137 INFO             PET2 ESMF_COMM                   : intelmpi
20260722 003603.137 INFO             PET2 ESMF_MOAB                   : enabled
20260722 003603.137 INFO             PET2 ESMF_LAPACK                 : enabled
20260722 003603.137 INFO             PET2 ESMF_NETCDF                 : enabled
20260722 003603.137 INFO             PET2 ESMF_PNETCDF                : disabled
20260722 003603.137 INFO             PET2 ESMF_PIO                    : enabled
20260722 003603.137 INFO             PET2 ESMF_YAMLCPP                : enabled
20260722 003603.158 INFO             PET2 ESMF_FieldRedistStoreNF(): Just entered routine.
20260722 003603.575 INFO             PET2 ESMF_FieldRedistStoreNF(): Leaving routine.
20260722 003603.582 INFO             PET2  NUMBER_OF_PROCESSORS           4
20260722 003603.582 INFO             PET2  PASS  Example ESMF_RHandleFromRHandleEx, ESMF_RHandleFromRHandleEx.F90, line 660
20260722 003603.582 INFO             PET2  Finalizing ESMF
20260722 003603.136 INFO             PET3 !!!!!!!!!!!!!!!!!!!!!!!!!!!!!!!!!!!!!!!!!!!!!!!!!!!!!!
20260722 003603.136 INFO             PET3 !!! THE ESMF_LOG IS SET TO OUTPUT ALL LOG MESSAGES !!!
20260722 003603.136 INFO             PET3 !!!     THIS MAY CAUSE SLOWDOWN IN PERFORMANCE     !!!
20260722 003603.137 INFO             PET3 !!! FOR PRODUCTION RUNS, USE:                      !!!
20260722 003603.137 INFO             PET3 !!!                   ESMF_LOGKIND_Multi_On_Error  !!!
20260722 003603.137 INFO             PET3 !!!!!!!!!!!!!!!!!!!!!!!!!!!!!!!!!!!!!!!!!!!!!!!!!!!!!!
20260722 003603.137 INFO             PET3 Running with ESMF Version   : develop+g5ee87db4bf
20260722 003603.137 INFO             PET3 ESMF library build date/time: "Jul 21 2026" "22:28:50"
20260722 003603.137 INFO             PET3 ESMF library build location : /discover/nobackup/projects/gmao/SIteam/ESMF_Testing/intel_2021.13.0_intelmpi_g_develop/esmf
20260722 003603.137 INFO             PET3 ESMF_COMM                   : intelmpi
20260722 003603.137 INFO             PET3 ESMF_MOAB                   : enabled
20260722 003603.137 INFO             PET3 ESMF_LAPACK                 : enabled
20260722 003603.137 INFO             PET3 ESMF_NETCDF                 : enabled
20260722 003603.137 INFO             PET3 ESMF_PNETCDF                : disabled
20260722 003603.137 INFO             PET3 ESMF_PIO                    : enabled
20260722 003603.137 INFO             PET3 ESMF_YAMLCPP                : enabled
20260722 003603.157 INFO             PET3 ESMF_FieldRedistStoreNF(): Just entered routine.
20260722 003603.574 INFO             PET3 ESMF_FieldRedistStoreNF(): Leaving routine.
20260722 003603.586 INFO             PET3  NUMBER_OF_PROCESSORS           4
20260722 003603.586 INFO             PET3  PASS  Example ESMF_RHandleFromRHandleEx, ESMF_RHandleFromRHandleEx.F90, line 660
20260722 003603.586 INFO             PET3  Finalizing ESMF
