2026-06-13 07:25:16
20260613 080357.873 INFO             PET0 !!!!!!!!!!!!!!!!!!!!!!!!!!!!!!!!!!!!!!!!!!!!!!!!!!!!!!
20260613 080357.873 INFO             PET0 !!! THE ESMF_LOG IS SET TO OUTPUT ALL LOG MESSAGES !!!
20260613 080357.873 INFO             PET0 !!!     THIS MAY CAUSE SLOWDOWN IN PERFORMANCE     !!!
20260613 080357.873 INFO             PET0 !!! FOR PRODUCTION RUNS, USE:                      !!!
20260613 080357.873 INFO             PET0 !!!                   ESMF_LOGKIND_Multi_On_Error  !!!
20260613 080357.873 INFO             PET0 !!!!!!!!!!!!!!!!!!!!!!!!!!!!!!!!!!!!!!!!!!!!!!!!!!!!!!
20260613 080357.873 INFO             PET0 Running with ESMF Version   : develop+g9f36e8ab68
20260613 080357.873 INFO             PET0 ESMF library build date/time: "Jun 13 2026" "07:22:40"
20260613 080357.873 INFO             PET0 ESMF library build location : /scratch3/NCEPDEV/stmp/Gerhard.Theurich/ESMF-Nightly-Testing-Hera/gfortran_13.2.0_mpiuni_g_develop/esmf
20260613 080357.873 INFO             PET0 ESMF_COMM                   : mpiuni
20260613 080357.874 INFO             PET0 ESMF_MOAB                   : enabled
20260613 080357.874 INFO             PET0 ESMF_LAPACK                 : enabled
20260613 080357.874 INFO             PET0 ESMF_NETCDF                 : disabled
20260613 080357.874 INFO             PET0 ESMF_PNETCDF                : disabled
20260613 080357.874 INFO             PET0 ESMF_PIO                    : disabled
20260613 080357.874 INFO             PET0 ESMF_YAMLCPP                : enabled
20260613 080357.875 INFO             PET0 InternalState label: second named data block
20260613 080357.875 INFO             PET0 InternalState label: first named data block
20260613 080357.875 INFO             PET0 InternalState label: ESMF-default-localdata
20260613 080357.875 INFO             PET0  NUMBER_OF_PROCESSORS           1
20260613 080357.875 INFO             PET0  PASS  Example ESMF_InternalStateEx, ESMF_InternalStateEx.F90, line 218
20260613 080357.875 INFO             PET0  Finalizing ESMF
