2026-06-12 07:27:44
20260612 080640.826 INFO             PET0 !!!!!!!!!!!!!!!!!!!!!!!!!!!!!!!!!!!!!!!!!!!!!!!!!!!!!!
20260612 080640.826 INFO             PET0 !!! THE ESMF_LOG IS SET TO OUTPUT ALL LOG MESSAGES !!!
20260612 080640.826 INFO             PET0 !!!     THIS MAY CAUSE SLOWDOWN IN PERFORMANCE     !!!
20260612 080640.826 INFO             PET0 !!! FOR PRODUCTION RUNS, USE:                      !!!
20260612 080640.826 INFO             PET0 !!!                   ESMF_LOGKIND_Multi_On_Error  !!!
20260612 080640.826 INFO             PET0 !!!!!!!!!!!!!!!!!!!!!!!!!!!!!!!!!!!!!!!!!!!!!!!!!!!!!!
20260612 080640.826 INFO             PET0 Running with ESMF Version   : develop+g44805b02cc
20260612 080640.826 INFO             PET0 ESMF library build date/time: "Jun 12 2026" "07:25:03"
20260612 080640.826 INFO             PET0 ESMF library build location : /scratch3/NCEPDEV/stmp/Gerhard.Theurich/ESMF-Nightly-Testing-Hera/gfortran_13.2.0_mpiuni_g_develop/esmf
20260612 080640.826 INFO             PET0 ESMF_COMM                   : mpiuni
20260612 080640.827 INFO             PET0 ESMF_MOAB                   : enabled
20260612 080640.827 INFO             PET0 ESMF_LAPACK                 : enabled
20260612 080640.827 INFO             PET0 ESMF_NETCDF                 : disabled
20260612 080640.827 INFO             PET0 ESMF_PNETCDF                : disabled
20260612 080640.827 INFO             PET0 ESMF_PIO                    : disabled
20260612 080640.827 INFO             PET0 ESMF_YAMLCPP                : enabled
20260612 080640.842 INFO             PET0 ESMF_FieldRedistStoreNF(): Just entered routine.
20260612 080643.725 INFO             PET0 ESMF_FieldRedistStoreNF(): Leaving routine.
20260612 080643.732 INFO             PET0  NUMBER_OF_PROCESSORS           1
20260612 080643.732 INFO             PET0  PASS  Example ESMF_RHandleFromFileEx, ESMF_RHandleFromFileEx.F90, line 192
20260612 080643.732 INFO             PET0  Finalizing ESMF
