2026-07-27 07:28:32
20260727 080700.459 INFO             PET0 !!!!!!!!!!!!!!!!!!!!!!!!!!!!!!!!!!!!!!!!!!!!!!!!!!!!!!
20260727 080700.459 INFO             PET0 !!! THE ESMF_LOG IS SET TO OUTPUT ALL LOG MESSAGES !!!
20260727 080700.459 INFO             PET0 !!!     THIS MAY CAUSE SLOWDOWN IN PERFORMANCE     !!!
20260727 080700.459 INFO             PET0 !!! FOR PRODUCTION RUNS, USE:                      !!!
20260727 080700.459 INFO             PET0 !!!                   ESMF_LOGKIND_Multi_On_Error  !!!
20260727 080700.459 INFO             PET0 !!!!!!!!!!!!!!!!!!!!!!!!!!!!!!!!!!!!!!!!!!!!!!!!!!!!!!
20260727 080700.459 INFO             PET0 Running with ESMF Version   : develop+g6f2cfc7ce0
20260727 080700.459 INFO             PET0 ESMF library build date/time: "Jul 27 2026" "07:25:53"
20260727 080700.459 INFO             PET0 ESMF library build location : /scratch3/NCEPDEV/stmp/Gerhard.Theurich/ESMF-Nightly-Testing-Hera/gfortran_13.2.0_mpiuni_g_develop/esmf
20260727 080700.459 INFO             PET0 ESMF_COMM                   : mpiuni
20260727 080700.460 INFO             PET0 ESMF_MOAB                   : enabled
20260727 080700.460 INFO             PET0 ESMF_LAPACK                 : enabled
20260727 080700.460 INFO             PET0 ESMF_NETCDF                 : disabled
20260727 080700.460 INFO             PET0 ESMF_PNETCDF                : disabled
20260727 080700.460 INFO             PET0 ESMF_PIO                    : disabled
20260727 080700.460 INFO             PET0 ESMF_YAMLCPP                : enabled
20260727 080700.472 INFO             PET0 AsString: 1
20260727 080700.473 INFO             PET0 asOkay:  T valueI4:          1
20260727 080700.473 INFO             PET0 asOkay:  T valueI8:          1
20260727 080700.473 INFO             PET0 asOkay:  T valueR4:   1.000000
20260727 080700.473 INFO             PET0 asOkay:  T valueR8:   1.000000
20260727 080700.474 INFO             PET0 asOkay:  F valueL:           F
20260727 080700.474 INFO             PET0 AsString: 2
20260727 080700.474 INFO             PET0 asOkay:  T valueI4:          2
20260727 080700.474 INFO             PET0 asOkay:  T valueI8:          2
20260727 080700.474 INFO             PET0 asOkay:  T valueR4:   2.000000
20260727 080700.474 INFO             PET0 asOkay:  T valueR8:   2.000000
20260727 080700.474 INFO             PET0 asOkay:  F valueL:           F
20260727 080700.474 INFO             PET0 AsString: 3
20260727 080700.474 INFO             PET0 asOkay:  T valueI4:          3
20260727 080700.474 INFO             PET0 asOkay:  T valueI8:          3
20260727 080700.474 INFO             PET0 asOkay:  T valueR4:   3.000000
20260727 080700.474 INFO             PET0 asOkay:  T valueR8:   3.000000
20260727 080700.474 INFO             PET0 asOkay:  F valueL:           F
20260727 080700.474 INFO             PET0 AsString: abc
20260727 080700.474 INFO             PET0 asOkay:  F valueI4:          0
20260727 080700.474 INFO             PET0 asOkay:  F valueI8:          0
20260727 080700.474 INFO             PET0 asOkay:  F valueR4:   0.000000
20260727 080700.474 INFO             PET0 asOkay:  F valueR8:   0.000000
20260727 080700.474 INFO             PET0 asOkay:  F valueL:           F
20260727 080700.474 INFO             PET0 AsString: b
20260727 080700.474 INFO             PET0 asOkay:  F valueI4:          0
20260727 080700.474 INFO             PET0 asOkay:  F valueI8:          0
20260727 080700.474 INFO             PET0 asOkay:  F valueR4:   0.000000
20260727 080700.474 INFO             PET0 asOkay:  F valueR8:   0.000000
20260727 080700.474 INFO             PET0 asOkay:  F valueL:           F
20260727 080700.474 INFO             PET0 AsString: TRUE
20260727 080700.474 INFO             PET0 asOkay:  F valueI4:          0
20260727 080700.474 INFO             PET0 asOkay:  F valueI8:          0
20260727 080700.474 INFO             PET0 asOkay:  F valueR4:   0.000000
20260727 080700.474 INFO             PET0 asOkay:  F valueR8:   0.000000
20260727 080700.474 INFO             PET0 asOkay:  T valueL:           T
20260727 080700.475 INFO             PET0 AsString: TRUE
20260727 080700.475 INFO             PET0 asOkay:  F valueI4:          0
20260727 080700.475 INFO             PET0 asOkay:  F valueI8:          0
20260727 080700.475 INFO             PET0 asOkay:  F valueR4:   0.000000
20260727 080700.475 INFO             PET0 asOkay:  F valueR8:   0.000000
20260727 080700.475 INFO             PET0 asOkay:  T valueL:           T
20260727 080700.475 INFO             PET0 AsString: b
20260727 080700.475 INFO             PET0 asOkay:  F valueI4:          0
20260727 080700.475 INFO             PET0 asOkay:  F valueI8:          0
20260727 080700.475 INFO             PET0 asOkay:  F valueR4:   0.000000
20260727 080700.475 INFO             PET0 asOkay:  F valueR8:   0.000000
20260727 080700.475 INFO             PET0 asOkay:  F valueL:           F
20260727 080700.475 INFO             PET0 AsString: abc
20260727 080700.475 INFO             PET0 asOkay:  F valueI4:          0
20260727 080700.475 INFO             PET0 asOkay:  F valueI8:          0
20260727 080700.475 INFO             PET0 asOkay:  F valueR4:   0.000000
20260727 080700.475 INFO             PET0 asOkay:  F valueR8:   0.000000
20260727 080700.475 INFO             PET0 asOkay:  F valueL:           F
20260727 080700.475 INFO             PET0 AsString: 3
20260727 080700.475 INFO             PET0 asOkay:  T valueI4:          3
20260727 080700.475 INFO             PET0 asOkay:  T valueI8:          3
20260727 080700.475 INFO             PET0 asOkay:  T valueR4:   3.000000
20260727 080700.475 INFO             PET0 asOkay:  T valueR8:   3.000000
20260727 080700.475 INFO             PET0 asOkay:  F valueL:           F
20260727 080700.475 INFO             PET0 AsString: 2
20260727 080700.475 INFO             PET0 asOkay:  T valueI4:          2
20260727 080700.475 INFO             PET0 asOkay:  T valueI8:          2
20260727 080700.475 INFO             PET0 asOkay:  T valueR4:   2.000000
20260727 080700.475 INFO             PET0 asOkay:  T valueR8:   2.000000
20260727 080700.475 INFO             PET0 asOkay:  F valueL:           F
20260727 080700.475 INFO             PET0 AsString: 1
20260727 080700.475 INFO             PET0 asOkay:  T valueI4:          1
20260727 080700.475 INFO             PET0 asOkay:  T valueI8:          1
20260727 080700.475 INFO             PET0 asOkay:  T valueR4:   1.000000
20260727 080700.476 INFO             PET0 asOkay:  T valueR8:   1.000000
20260727 080700.476 INFO             PET0 asOkay:  F valueL:           F
20260727 080700.476 INFO             PET0 map key=car map value: AsString: red
20260727 080700.476 INFO             PET0 map key=       car map value: asOkay:  F valueI4:          0
20260727 080700.476 INFO             PET0 map key=       car map value: asOkay:  F valueI8:          0
20260727 080700.476 INFO             PET0 map key=       car map value: asOkay:  F valueR4:   0.000000
20260727 080700.476 INFO             PET0 map key=       car map value: asOkay:  F valueR8:   0.000000
20260727 080700.476 INFO             PET0 map key=       car map value: asOkay:  F valueL:          F
20260727 080700.476 INFO             PET0 map key=bike map value: AsString: 22
20260727 080700.476 INFO             PET0 map key=      bike map value: asOkay:  T valueI4:         22
20260727 080700.477 INFO             PET0 map key=      bike map value: asOkay:  T valueI8:         22
20260727 080700.477 INFO             PET0 map key=      bike map value: asOkay:  T valueR4:  22.000000
20260727 080700.477 INFO             PET0 map key=      bike map value: asOkay:  T valueR8:  22.000000
20260727 080700.477 INFO             PET0 map key=      bike map value: asOkay:  F valueL:          F
20260727 080700.477 INFO             PET0 map key=plane map value: AsString: TRUE
20260727 080700.477 INFO             PET0 map key=     plane map value: asOkay:  F valueI4:          0
20260727 080700.477 INFO             PET0 map key=     plane map value: asOkay:  F valueI8:          0
20260727 080700.477 INFO             PET0 map key=     plane map value: asOkay:  F valueR4:   0.000000
20260727 080700.477 INFO             PET0 map key=     plane map value: asOkay:  F valueR8:   0.000000
20260727 080700.477 INFO             PET0 map key=     plane map value: asOkay:  T valueL:          T
20260727 080700.477 INFO             PET0 map key=bike map value: AsString: 22
20260727 080700.477 INFO             PET0 map key=      bike map value: asOkay:  T valueI4:         22
20260727 080700.477 INFO             PET0 map key=      bike map value: asOkay:  T valueI8:         22
20260727 080700.478 INFO             PET0 map key=      bike map value: asOkay:  T valueR4:  22.000000
20260727 080700.478 INFO             PET0 map key=      bike map value: asOkay:  T valueR8:  22.000000
20260727 080700.478 INFO             PET0 map key=      bike map value: asOkay:  F valueL:          F
20260727 080700.478 INFO             PET0 map key=plane map value: AsString: TRUE
20260727 080700.478 INFO             PET0 map key=     plane map value: asOkay:  F valueI4:          0
20260727 080700.478 INFO             PET0 map key=     plane map value: asOkay:  F valueI8:          0
20260727 080700.479 INFO             PET0 map key=     plane map value: asOkay:  F valueR4:   0.000000
20260727 080700.479 INFO             PET0 map key=     plane map value: asOkay:  F valueR8:   0.000000
20260727 080700.479 INFO             PET0 map key=     plane map value: asOkay:  T valueL:          T
20260727 080700.479 INFO             PET0 map key=car map value: AsString: red
20260727 080700.479 INFO             PET0 map key=       car map value: asOkay:  F valueI4:          0
20260727 080700.479 INFO             PET0 map key=       car map value: asOkay:  F valueI8:          0
20260727 080700.479 INFO             PET0 map key=       car map value: asOkay:  F valueR4:   0.000000
20260727 080700.480 INFO             PET0 map key=       car map value: asOkay:  F valueR8:   0.000000
20260727 080700.480 INFO             PET0 map key=       car map value: asOkay:  F valueL:          F
20260727 080700.486 INFO             PET0 HConfig from Config IsDefined:  T
20260727 080700.486 INFO             PET0 HConfig from Config IsNull:  F
20260727 080700.486 INFO             PET0 HConfig from Config IsSequence:  F
20260727 080700.486 INFO             PET0 HConfig from Config IsMap:  T
20260727 080700.500 INFO             PET0 Empty HConfig tag:               tag:yaml.org,2002:null
20260727 080700.504 INFO             PET0 WithTagsStart: --- HConfig::log() start ---------------------------------
20260727 080700.507 INFO             PET0 WithTagsStart: value_one: {word1: this, word2: is, word3: a, word4: map}
20260727 080700.507 INFO             PET0 WithTagsStart: value_two: [this, is, a, list]
20260727 080700.507 INFO             PET0 WithTagsStart: value_three: 123
20260727 080700.507 INFO             PET0 WithTagsStart: value_four: !<tag:yaml.org,2002:float> 123
20260727 080700.507 INFO             PET0 WithTagsStart: value_five: 2.5
20260727 080700.507 INFO             PET0 WithTagsStart: value_six: !<tag:yaml.org,2002:str> 2.5
20260727 080700.507 INFO             PET0 WithTagsStart: value_seven: False
20260727 080700.507 INFO             PET0 WithTagsStart: value_eight: !<tag:yaml.org,2002:str> true
20260727 080700.507 INFO             PET0 WithTagsStart: value_nine: 0x234
20260727 080700.507 INFO             PET0 WithTagsStart: value_ten: ~
20260727 080700.507 INFO             PET0 WithTagsStart: value_eleven: ~
20260727 080700.507 INFO             PET0 WithTagsStart: value_twelve: !<!myStuff> xyz
20260727 080700.507 INFO             PET0 WithTagsStart: value_thirteen: NO
20260727 080700.507 INFO             PET0 WithTagsStart: value_fourteen: !<tag:yaml.org,2002:str> NO
20260727 080700.507 INFO             PET0 WithTagsStart: --- HConfig::log() end -----------------------------------
20260727 080700.507 INFO             PET0 value_ten HConfig tag:          tag:yaml.org,2002:null
20260727 080700.507 INFO             PET0 value_eleven HConfig tag:          tag:yaml.org,2002:null
20260727 080700.507 INFO             PET0 Top level HConfig tag:          tag:yaml.org,2002:map
20260727 080700.507 INFO             PET0 value_two HConfig tag:           tag:yaml.org,2002:seq
20260727 080700.507 INFO             PET0 first key HConfig tag:           tag:yaml.org,2002:str
20260727 080700.507 INFO             PET0 value_three HConfig tag:           tag:yaml.org,2002:int
20260727 080700.508 INFO             PET0 value_nine HConfig tag:           tag:yaml.org,2002:int
20260727 080700.508 INFO             PET0 value_five HConfig tag:           tag:yaml.org,2002:float
20260727 080700.508 INFO             PET0 value_seven HConfig tag:            tag:yaml.org,2002:bool
20260727 080700.508 INFO             PET0 value_thirteen HConfig tag:            tag:yaml.org,2002:bool
20260727 080700.508 INFO             PET0 value_fourteen HConfig tag:             tag:yaml.org,2002:str
20260727 080700.509 INFO             PET0 value_added HConfig tag:             tag:yaml.org,2002:str
20260727 080700.509 INFO             PET0 WithTagsFinish: --- HConfig::log() start ---------------------------------
20260727 080700.512 INFO             PET0 WithTagsFinish: value_one: {word1: this, word2: is, word3: a, word4: map}
20260727 080700.512 INFO             PET0 WithTagsFinish: value_two: [this, is, a, list]
20260727 080700.512 INFO             PET0 WithTagsFinish: value_three: 123
20260727 080700.512 INFO             PET0 WithTagsFinish: value_four: !<tag:yaml.org,2002:float> 123
20260727 080700.512 INFO             PET0 WithTagsFinish: value_five: 2.5
20260727 080700.512 INFO             PET0 WithTagsFinish: value_six: !<tag:yaml.org,2002:str> 2.5
20260727 080700.512 INFO             PET0 WithTagsFinish: value_seven: False
20260727 080700.512 INFO             PET0 WithTagsFinish: value_eight: !<tag:yaml.org,2002:str> true
20260727 080700.512 INFO             PET0 WithTagsFinish: value_nine: 0x234
20260727 080700.512 INFO             PET0 WithTagsFinish: value_ten: ~
20260727 080700.512 INFO             PET0 WithTagsFinish: value_eleven: ~
20260727 080700.512 INFO             PET0 WithTagsFinish: value_twelve: !<!myStuff> xyz
20260727 080700.512 INFO             PET0 WithTagsFinish: value_thirteen: NO
20260727 080700.512 INFO             PET0 WithTagsFinish: value_fourteen: !<tag:yaml.org,2002:str> NO
20260727 080700.512 INFO             PET0 WithTagsFinish: value_added: !<tag:yaml.org,2002:str> NO
20260727 080700.512 INFO             PET0 WithTagsFinish: --- HConfig::log() end -----------------------------------
20260727 080700.512 INFO             PET0 value_four HConfig tag:           tag:yaml.org,2002:float
20260727 080700.512 INFO             PET0 value_six HConfig tag:             tag:yaml.org,2002:str
20260727 080700.513 INFO             PET0 value_eight HConfig tag:             tag:yaml.org,2002:str
20260727 080700.513 INFO             PET0 value_twelve HConfig tag:                          !myStuff
20260727 080700.513 INFO             PET0 isAlias:  T
20260727 080700.513 INFO             PET0 isNotAlias:  F
20260727 080700.513 INFO             PET0 isAlias from match:  T
20260727 080700.514 INFO             PET0 isAlias for diff objects:  F
20260727 080700.514 INFO             PET0 isExact:  T
20260727 080700.514 INFO             PET0 isMatch:  T
20260727 080700.516 INFO             PET0 isNone:  T
20260727 080700.547 INFO             PET0 docCount:        3
20260727 080700.548 INFO             PET0 my-multi-doc: --- HConfig::log() start ---------------------------------
20260727 080700.549 INFO             PET0 my-multi-doc: ---
20260727 080700.549 INFO             PET0 my-multi-doc: - This
20260727 080700.549 INFO             PET0 my-multi-doc: - is
20260727 080700.549 INFO             PET0 my-multi-doc: - the
20260727 080700.549 INFO             PET0 my-multi-doc: - first document.
20260727 080700.549 INFO             PET0 my-multi-doc: ...
20260727 080700.549 INFO             PET0 my-multi-doc: ---
20260727 080700.549 INFO             PET0 my-multi-doc: - And
20260727 080700.549 INFO             PET0 my-multi-doc: - a second document.
20260727 080700.549 INFO             PET0 my-multi-doc: ...
20260727 080700.549 INFO             PET0 my-multi-doc: ---
20260727 080700.549 INFO             PET0 my-multi-doc: - And
20260727 080700.549 INFO             PET0 my-multi-doc: - finally a
20260727 080700.549 INFO             PET0 my-multi-doc: - third document.
20260727 080700.549 INFO             PET0 my-multi-doc: ...
20260727 080700.549 INFO             PET0 my-multi-doc: --- HConfig::log() end -----------------------------------
20260727 080700.553 INFO             PET0 valueI4Seq:        1       2       3
20260727 080700.553 INFO             PET0 asOkay for Logical:  F
20260727 080700.554 INFO             PET0 asOkay for String:  T
20260727 080700.554 INFO             PET0 valueSSeq: 1         2         3
20260727 080700.560 INFO             PET0  NUMBER_OF_PROCESSORS           1
20260727 080700.560 INFO             PET0  PASS  Example ESMF_HConfigEx, ESMF_HConfigEx.F90, line 2033
20260727 080700.560 INFO             PET0  Finalizing ESMF
