2026-06-08 07:27:21
20260608 080459.619 INFO             PET0 !!!!!!!!!!!!!!!!!!!!!!!!!!!!!!!!!!!!!!!!!!!!!!!!!!!!!!
20260608 080459.622 INFO             PET0 !!! THE ESMF_LOG IS SET TO OUTPUT ALL LOG MESSAGES !!!
20260608 080459.622 INFO             PET0 !!!     THIS MAY CAUSE SLOWDOWN IN PERFORMANCE     !!!
20260608 080459.622 INFO             PET0 !!! FOR PRODUCTION RUNS, USE:                      !!!
20260608 080459.622 INFO             PET0 !!!                   ESMF_LOGKIND_Multi_On_Error  !!!
20260608 080459.622 INFO             PET0 !!!!!!!!!!!!!!!!!!!!!!!!!!!!!!!!!!!!!!!!!!!!!!!!!!!!!!
20260608 080459.622 INFO             PET0 Running with ESMF Version   : develop+gf183dd1f0b
20260608 080459.623 INFO             PET0 ESMF library build date/time: "Jun  8 2026" "07:24:43"
20260608 080459.623 INFO             PET0 ESMF library build location : /scratch3/NCEPDEV/stmp/Gerhard.Theurich/ESMF-Nightly-Testing-Hera/gfortran_13.2.0_mpiuni_g_develop/esmf
20260608 080459.623 INFO             PET0 ESMF_COMM                   : mpiuni
20260608 080459.624 INFO             PET0 ESMF_MOAB                   : enabled
20260608 080459.624 INFO             PET0 ESMF_LAPACK                 : enabled
20260608 080459.624 INFO             PET0 ESMF_NETCDF                 : disabled
20260608 080459.624 INFO             PET0 ESMF_PNETCDF                : disabled
20260608 080459.624 INFO             PET0 ESMF_PIO                    : disabled
20260608 080459.624 INFO             PET0 ESMF_YAMLCPP                : enabled
20260608 080459.626 INFO             PET0 Log Write 2
20260608 080459.627 ERROR            PET0 Invalid object  - Convergence failure
20260608 080459.628 ERROR            PET0 ESMCI_Time.C:866 ESMCI::Time::syncToRealTime() Wrong argument specified  - ; calkindflag is NOCALENDAR. Only GREGORIAN and JULIAN are supported when syncing to real time.
20260608 080459.629 ERROR            PET0 ESMF_Time.F90:1495 ESMF_TimeSyncToRealTime() Wrong argument specified  - Internal subroutine call returned Error
20260608 080459.629 ERROR            PET0 Wrong argument specified  - getting wall clock time
20260608 080459.631 INFO             PET0  NUMBER_OF_PROCESSORS           1
20260608 080459.631 INFO             PET0  PASS  Example ESMF_LogErrEx, ESMF_LogErrEx.F90, line 186
20260608 080459.632 INFO             PET0  Finalizing ESMF
