2026-06-17 23:03:29
20260618 045053.038 INFO             PET0 !!!!!!!!!!!!!!!!!!!!!!!!!!!!!!!!!!!!!!!!!!!!!!!!!!!!!!
20260618 045053.038 INFO             PET0 !!! THE ESMF_LOG IS SET TO OUTPUT ALL LOG MESSAGES !!!
20260618 045053.038 INFO             PET0 !!!     THIS MAY CAUSE SLOWDOWN IN PERFORMANCE     !!!
20260618 045053.038 INFO             PET0 !!! FOR PRODUCTION RUNS, USE:                      !!!
20260618 045053.038 INFO             PET0 !!!                   ESMF_LOGKIND_Multi_On_Error  !!!
20260618 045053.038 INFO             PET0 !!!!!!!!!!!!!!!!!!!!!!!!!!!!!!!!!!!!!!!!!!!!!!!!!!!!!!
20260618 045053.038 INFO             PET0 Running with ESMF Version   : develop+g1c84b61425
20260618 045053.038 INFO             PET0 ESMF library build date/time: "Jun 17 2026" "23:01:19"
20260618 045053.038 INFO             PET0 ESMF library build location : /discover/nobackup/projects/gmao/SIteam/ESMF_Testing/gfortran_14.2.0_openmpi_g_develop/esmf
20260618 045053.038 INFO             PET0 ESMF_COMM                   : openmpi
20260618 045053.038 INFO             PET0 ESMF_MOAB                   : enabled
20260618 045053.038 INFO             PET0 ESMF_LAPACK                 : enabled
20260618 045053.038 INFO             PET0 ESMF_NETCDF                 : enabled
20260618 045053.038 INFO             PET0 ESMF_PNETCDF                : disabled
20260618 045053.038 INFO             PET0 ESMF_PIO                    : enabled
20260618 045053.038 INFO             PET0 ESMF_YAMLCPP                : enabled
20260618 045053.042 INFO             PET0 Before Reconcile:--- StateLog() start -----------------
20260618 045053.042 INFO             PET0 Before Reconcile:<name: State001> <intent: ESMF_STATEINTENT_UNSPECIFIED> <itemCount:    3>
20260618 045053.043 INFO             PET0 Before Reconcile:+-<item: 0001> <itemType: Field> <itemName: Field1>
20260618 045053.043 INFO             PET0 Before Reconcile:+-<item: 0002> <itemType: Field> <itemName: Field2>
20260618 045053.043 INFO             PET0 Before Reconcile:+-<item: 0003> <itemType: Field> <itemName: Field3>
20260618 045053.043 INFO             PET0 Before Reconcile:--- StateLog() end -------------------
20260618 045053.046 INFO             PET0 After Reconcile:--- StateLog() start -----------------
20260618 045053.046 INFO             PET0 After Reconcile:<name: State001> <intent: ESMF_STATEINTENT_UNSPECIFIED> <itemCount:    3>
20260618 045053.046 INFO             PET0 After Reconcile:+-<item: 0001> <itemType: Field> <itemName: Field1>
20260618 045053.046 INFO             PET0 After Reconcile:+-<item: 0002> <itemType: Field> <itemName: Field2>
20260618 045053.046 INFO             PET0 After Reconcile:+-<item: 0003> <itemType: Field> <itemName: Field3>
20260618 045053.046 INFO             PET0 After Reconcile:--- StateLog() end -------------------
20260618 045053.046 INFO             PET0  NUMBER_OF_PROCESSORS           4
20260618 045053.046 INFO             PET0  PASS  Example ESMF_StateReconcileEx, ESMF_StateReconcileEx.F90, line 233
20260618 045053.046 INFO             PET0  Finalizing ESMF
20260618 045053.039 INFO             PET1 !!!!!!!!!!!!!!!!!!!!!!!!!!!!!!!!!!!!!!!!!!!!!!!!!!!!!!
20260618 045053.039 INFO             PET1 !!! THE ESMF_LOG IS SET TO OUTPUT ALL LOG MESSAGES !!!
20260618 045053.039 INFO             PET1 !!!     THIS MAY CAUSE SLOWDOWN IN PERFORMANCE     !!!
20260618 045053.039 INFO             PET1 !!! FOR PRODUCTION RUNS, USE:                      !!!
20260618 045053.039 INFO             PET1 !!!                   ESMF_LOGKIND_Multi_On_Error  !!!
20260618 045053.039 INFO             PET1 !!!!!!!!!!!!!!!!!!!!!!!!!!!!!!!!!!!!!!!!!!!!!!!!!!!!!!
20260618 045053.039 INFO             PET1 Running with ESMF Version   : develop+g1c84b61425
20260618 045053.039 INFO             PET1 ESMF library build date/time: "Jun 17 2026" "23:01:19"
20260618 045053.039 INFO             PET1 ESMF library build location : /discover/nobackup/projects/gmao/SIteam/ESMF_Testing/gfortran_14.2.0_openmpi_g_develop/esmf
20260618 045053.039 INFO             PET1 ESMF_COMM                   : openmpi
20260618 045053.039 INFO             PET1 ESMF_MOAB                   : enabled
20260618 045053.039 INFO             PET1 ESMF_LAPACK                 : enabled
20260618 045053.039 INFO             PET1 ESMF_NETCDF                 : enabled
20260618 045053.039 INFO             PET1 ESMF_PNETCDF                : disabled
20260618 045053.039 INFO             PET1 ESMF_PIO                    : enabled
20260618 045053.039 INFO             PET1 ESMF_YAMLCPP                : enabled
20260618 045053.042 INFO             PET1 Before Reconcile:--- StateLog() start -----------------
20260618 045053.042 INFO             PET1 Before Reconcile:<name: State001> <intent: ESMF_STATEINTENT_UNSPECIFIED> <itemCount:    3>
20260618 045053.043 INFO             PET1 Before Reconcile:+-<item: 0001> <itemType: Field> <itemName: Field1>
20260618 045053.043 INFO             PET1 Before Reconcile:+-<item: 0002> <itemType: Field> <itemName: Field2>
20260618 045053.043 INFO             PET1 Before Reconcile:+-<item: 0003> <itemType: Field> <itemName: Field3>
20260618 045053.043 INFO             PET1 Before Reconcile:--- StateLog() end -------------------
20260618 045053.046 INFO             PET1 After Reconcile:--- StateLog() start -----------------
20260618 045053.046 INFO             PET1 After Reconcile:<name: State001> <intent: ESMF_STATEINTENT_UNSPECIFIED> <itemCount:    3>
20260618 045053.046 INFO             PET1 After Reconcile:+-<item: 0001> <itemType: Field> <itemName: Field1>
20260618 045053.046 INFO             PET1 After Reconcile:+-<item: 0002> <itemType: Field> <itemName: Field2>
20260618 045053.046 INFO             PET1 After Reconcile:+-<item: 0003> <itemType: Field> <itemName: Field3>
20260618 045053.046 INFO             PET1 After Reconcile:--- StateLog() end -------------------
20260618 045053.046 INFO             PET1  NUMBER_OF_PROCESSORS           4
20260618 045053.046 INFO             PET1  PASS  Example ESMF_StateReconcileEx, ESMF_StateReconcileEx.F90, line 233
20260618 045053.046 INFO             PET1  Finalizing ESMF
20260618 045053.038 INFO             PET2 !!!!!!!!!!!!!!!!!!!!!!!!!!!!!!!!!!!!!!!!!!!!!!!!!!!!!!
20260618 045053.038 INFO             PET2 !!! THE ESMF_LOG IS SET TO OUTPUT ALL LOG MESSAGES !!!
20260618 045053.038 INFO             PET2 !!!     THIS MAY CAUSE SLOWDOWN IN PERFORMANCE     !!!
20260618 045053.038 INFO             PET2 !!! FOR PRODUCTION RUNS, USE:                      !!!
20260618 045053.038 INFO             PET2 !!!                   ESMF_LOGKIND_Multi_On_Error  !!!
20260618 045053.038 INFO             PET2 !!!!!!!!!!!!!!!!!!!!!!!!!!!!!!!!!!!!!!!!!!!!!!!!!!!!!!
20260618 045053.038 INFO             PET2 Running with ESMF Version   : develop+g1c84b61425
20260618 045053.038 INFO             PET2 ESMF library build date/time: "Jun 17 2026" "23:01:19"
20260618 045053.038 INFO             PET2 ESMF library build location : /discover/nobackup/projects/gmao/SIteam/ESMF_Testing/gfortran_14.2.0_openmpi_g_develop/esmf
20260618 045053.038 INFO             PET2 ESMF_COMM                   : openmpi
20260618 045053.039 INFO             PET2 ESMF_MOAB                   : enabled
20260618 045053.039 INFO             PET2 ESMF_LAPACK                 : enabled
20260618 045053.039 INFO             PET2 ESMF_NETCDF                 : enabled
20260618 045053.039 INFO             PET2 ESMF_PNETCDF                : disabled
20260618 045053.039 INFO             PET2 ESMF_PIO                    : enabled
20260618 045053.039 INFO             PET2 ESMF_YAMLCPP                : enabled
20260618 045053.042 INFO             PET2 Before Reconcile:--- StateLog() start -----------------
20260618 045053.042 INFO             PET2 Before Reconcile:<name: State001> <intent: ESMF_STATEINTENT_UNSPECIFIED> <itemCount:    0>
20260618 045053.042 INFO             PET2 Before Reconcile:--- StateLog() end -------------------
20260618 045053.046 INFO             PET2 After Reconcile:--- StateLog() start -----------------
20260618 045053.046 INFO             PET2 After Reconcile:<name: State001> <intent: ESMF_STATEINTENT_UNSPECIFIED> <itemCount:    3>
20260618 045053.046 INFO             PET2 After Reconcile:+-<item: 0001> <itemType: Field> <itemName: Field1>
20260618 045053.046 INFO             PET2 After Reconcile:+-<item: 0002> <itemType: Field> <itemName: Field2>
20260618 045053.046 INFO             PET2 After Reconcile:+-<item: 0003> <itemType: Field> <itemName: Field3>
20260618 045053.046 INFO             PET2 After Reconcile:--- StateLog() end -------------------
20260618 045053.046 INFO             PET2  NUMBER_OF_PROCESSORS           4
20260618 045053.047 INFO             PET2  PASS  Example ESMF_StateReconcileEx, ESMF_StateReconcileEx.F90, line 233
20260618 045053.047 INFO             PET2  Finalizing ESMF
20260618 045053.039 INFO             PET3 !!!!!!!!!!!!!!!!!!!!!!!!!!!!!!!!!!!!!!!!!!!!!!!!!!!!!!
20260618 045053.039 INFO             PET3 !!! THE ESMF_LOG IS SET TO OUTPUT ALL LOG MESSAGES !!!
20260618 045053.039 INFO             PET3 !!!     THIS MAY CAUSE SLOWDOWN IN PERFORMANCE     !!!
20260618 045053.039 INFO             PET3 !!! FOR PRODUCTION RUNS, USE:                      !!!
20260618 045053.039 INFO             PET3 !!!                   ESMF_LOGKIND_Multi_On_Error  !!!
20260618 045053.039 INFO             PET3 !!!!!!!!!!!!!!!!!!!!!!!!!!!!!!!!!!!!!!!!!!!!!!!!!!!!!!
20260618 045053.039 INFO             PET3 Running with ESMF Version   : develop+g1c84b61425
20260618 045053.039 INFO             PET3 ESMF library build date/time: "Jun 17 2026" "23:01:19"
20260618 045053.039 INFO             PET3 ESMF library build location : /discover/nobackup/projects/gmao/SIteam/ESMF_Testing/gfortran_14.2.0_openmpi_g_develop/esmf
20260618 045053.039 INFO             PET3 ESMF_COMM                   : openmpi
20260618 045053.039 INFO             PET3 ESMF_MOAB                   : enabled
20260618 045053.039 INFO             PET3 ESMF_LAPACK                 : enabled
20260618 045053.039 INFO             PET3 ESMF_NETCDF                 : enabled
20260618 045053.039 INFO             PET3 ESMF_PNETCDF                : disabled
20260618 045053.039 INFO             PET3 ESMF_PIO                    : enabled
20260618 045053.039 INFO             PET3 ESMF_YAMLCPP                : enabled
20260618 045053.042 INFO             PET3 Before Reconcile:--- StateLog() start -----------------
20260618 045053.042 INFO             PET3 Before Reconcile:<name: State001> <intent: ESMF_STATEINTENT_UNSPECIFIED> <itemCount:    0>
20260618 045053.042 INFO             PET3 Before Reconcile:--- StateLog() end -------------------
20260618 045053.046 INFO             PET3 After Reconcile:--- StateLog() start -----------------
20260618 045053.046 INFO             PET3 After Reconcile:<name: State001> <intent: ESMF_STATEINTENT_UNSPECIFIED> <itemCount:    3>
20260618 045053.046 INFO             PET3 After Reconcile:+-<item: 0001> <itemType: Field> <itemName: Field1>
20260618 045053.046 INFO             PET3 After Reconcile:+-<item: 0002> <itemType: Field> <itemName: Field2>
20260618 045053.046 INFO             PET3 After Reconcile:+-<item: 0003> <itemType: Field> <itemName: Field3>
20260618 045053.046 INFO             PET3 After Reconcile:--- StateLog() end -------------------
20260618 045053.047 INFO             PET3  NUMBER_OF_PROCESSORS           4
20260618 045053.047 INFO             PET3  PASS  Example ESMF_StateReconcileEx, ESMF_StateReconcileEx.F90, line 233
20260618 045053.047 INFO             PET3  Finalizing ESMF
