2026-05-22 23:13:54
20260523 064140.547 INFO             PET0 !!!!!!!!!!!!!!!!!!!!!!!!!!!!!!!!!!!!!!!!!!!!!!!!!!!!!!
20260523 064140.547 INFO             PET0 !!! THE ESMF_LOG IS SET TO OUTPUT ALL LOG MESSAGES !!!
20260523 064140.547 INFO             PET0 !!!     THIS MAY CAUSE SLOWDOWN IN PERFORMANCE     !!!
20260523 064140.547 INFO             PET0 !!! FOR PRODUCTION RUNS, USE:                      !!!
20260523 064140.547 INFO             PET0 !!!                   ESMF_LOGKIND_Multi_On_Error  !!!
20260523 064140.547 INFO             PET0 !!!!!!!!!!!!!!!!!!!!!!!!!!!!!!!!!!!!!!!!!!!!!!!!!!!!!!
20260523 064140.547 INFO             PET0 Running with ESMF Version   : develop+g681a42bf77
20260523 064140.547 INFO             PET0 ESMF library build date/time: "May 22 2026" "23:11:41"
20260523 064140.547 INFO             PET0 ESMF library build location : /discover/nobackup/projects/gmao/SIteam/ESMF_Testing/gfortran_14.2.0_openmpi_g_develop/esmf
20260523 064140.547 INFO             PET0 ESMF_COMM                   : openmpi
20260523 064140.547 INFO             PET0 ESMF_MOAB                   : enabled
20260523 064140.547 INFO             PET0 ESMF_LAPACK                 : enabled
20260523 064140.547 INFO             PET0 ESMF_NETCDF                 : enabled
20260523 064140.547 INFO             PET0 ESMF_PNETCDF                : disabled
20260523 064140.547 INFO             PET0 ESMF_PIO                    : enabled
20260523 064140.547 INFO             PET0 ESMF_YAMLCPP                : enabled
20260523 064140.547 INFO             PET0 ESMF Tracing Enabled
20260523 064140.547 INFO             PET0 ESMF Profiling Enabled
20260523 064140.547 INFO             PET0 ESMF Trace/Profile clock: REALTIME
20260523 064140.549 INFO             PET0  NUMBER_OF_PROCESSORS           4
20260523 064140.549 INFO             PET0  PASS  Example ESMF_TraceUserEx, ESMF_TraceUserEx.F90, line 125
20260523 064140.549 INFO             PET0  Finalizing ESMF
20260523 064140.549 INFO             PET0 **************** Region Timings *******************
20260523 064140.549 INFO             PET0 Region                Count  Total (s)   Self (s)    Mean (s)    Min (s)     Max (s)
20260523 064140.549 INFO             PET0   [ESMF]              1      0.0007      0.0002      0.0007      0.0007      0.0007
20260523 064140.549 INFO             PET0     outer_region      1      0.0005      0.0000      0.0005      0.0005      0.0005
20260523 064140.550 INFO             PET0       inner_region_1  10     0.0003      0.0003      0.0000      0.0000      0.0000
20260523 064140.550 INFO             PET0       inner_region_2  10     0.0001      0.0001      0.0000      0.0000      0.0000
20260523 064140.547 INFO             PET1 !!!!!!!!!!!!!!!!!!!!!!!!!!!!!!!!!!!!!!!!!!!!!!!!!!!!!!
20260523 064140.547 INFO             PET1 !!! THE ESMF_LOG IS SET TO OUTPUT ALL LOG MESSAGES !!!
20260523 064140.547 INFO             PET1 !!!     THIS MAY CAUSE SLOWDOWN IN PERFORMANCE     !!!
20260523 064140.547 INFO             PET1 !!! FOR PRODUCTION RUNS, USE:                      !!!
20260523 064140.547 INFO             PET1 !!!                   ESMF_LOGKIND_Multi_On_Error  !!!
20260523 064140.547 INFO             PET1 !!!!!!!!!!!!!!!!!!!!!!!!!!!!!!!!!!!!!!!!!!!!!!!!!!!!!!
20260523 064140.547 INFO             PET1 Running with ESMF Version   : develop+g681a42bf77
20260523 064140.547 INFO             PET1 ESMF library build date/time: "May 22 2026" "23:11:41"
20260523 064140.547 INFO             PET1 ESMF library build location : /discover/nobackup/projects/gmao/SIteam/ESMF_Testing/gfortran_14.2.0_openmpi_g_develop/esmf
20260523 064140.547 INFO             PET1 ESMF_COMM                   : openmpi
20260523 064140.547 INFO             PET1 ESMF_MOAB                   : enabled
20260523 064140.547 INFO             PET1 ESMF_LAPACK                 : enabled
20260523 064140.547 INFO             PET1 ESMF_NETCDF                 : enabled
20260523 064140.547 INFO             PET1 ESMF_PNETCDF                : disabled
20260523 064140.547 INFO             PET1 ESMF_PIO                    : enabled
20260523 064140.547 INFO             PET1 ESMF_YAMLCPP                : enabled
20260523 064140.548 INFO             PET1 ESMF Tracing Enabled
20260523 064140.548 INFO             PET1 ESMF Profiling Enabled
20260523 064140.548 INFO             PET1 ESMF Trace/Profile clock: REALTIME
20260523 064140.549 INFO             PET1  NUMBER_OF_PROCESSORS           4
20260523 064140.549 INFO             PET1  PASS  Example ESMF_TraceUserEx, ESMF_TraceUserEx.F90, line 125
20260523 064140.549 INFO             PET1  Finalizing ESMF
20260523 064140.549 INFO             PET1 **************** Region Timings *******************
20260523 064140.549 INFO             PET1 Region                Count  Total (s)   Self (s)    Mean (s)    Min (s)     Max (s)
20260523 064140.550 INFO             PET1   [ESMF]              1      0.0010      0.0005      0.0010      0.0010      0.0010
20260523 064140.550 INFO             PET1     outer_region      1      0.0005      0.0000      0.0005      0.0005      0.0005
20260523 064140.550 INFO             PET1       inner_region_1  10     0.0003      0.0003      0.0000      0.0000      0.0000
20260523 064140.550 INFO             PET1       inner_region_2  10     0.0001      0.0001      0.0000      0.0000      0.0000
20260523 064140.547 INFO             PET2 !!!!!!!!!!!!!!!!!!!!!!!!!!!!!!!!!!!!!!!!!!!!!!!!!!!!!!
20260523 064140.547 INFO             PET2 !!! THE ESMF_LOG IS SET TO OUTPUT ALL LOG MESSAGES !!!
20260523 064140.547 INFO             PET2 !!!     THIS MAY CAUSE SLOWDOWN IN PERFORMANCE     !!!
20260523 064140.547 INFO             PET2 !!! FOR PRODUCTION RUNS, USE:                      !!!
20260523 064140.547 INFO             PET2 !!!                   ESMF_LOGKIND_Multi_On_Error  !!!
20260523 064140.547 INFO             PET2 !!!!!!!!!!!!!!!!!!!!!!!!!!!!!!!!!!!!!!!!!!!!!!!!!!!!!!
20260523 064140.547 INFO             PET2 Running with ESMF Version   : develop+g681a42bf77
20260523 064140.547 INFO             PET2 ESMF library build date/time: "May 22 2026" "23:11:41"
20260523 064140.547 INFO             PET2 ESMF library build location : /discover/nobackup/projects/gmao/SIteam/ESMF_Testing/gfortran_14.2.0_openmpi_g_develop/esmf
20260523 064140.547 INFO             PET2 ESMF_COMM                   : openmpi
20260523 064140.547 INFO             PET2 ESMF_MOAB                   : enabled
20260523 064140.547 INFO             PET2 ESMF_LAPACK                 : enabled
20260523 064140.547 INFO             PET2 ESMF_NETCDF                 : enabled
20260523 064140.547 INFO             PET2 ESMF_PNETCDF                : disabled
20260523 064140.547 INFO             PET2 ESMF_PIO                    : enabled
20260523 064140.547 INFO             PET2 ESMF_YAMLCPP                : enabled
20260523 064140.547 INFO             PET2 ESMF Tracing Enabled
20260523 064140.547 INFO             PET2 ESMF Profiling Enabled
20260523 064140.547 INFO             PET2 ESMF Trace/Profile clock: REALTIME
20260523 064140.549 INFO             PET2  NUMBER_OF_PROCESSORS           4
20260523 064140.549 INFO             PET2  PASS  Example ESMF_TraceUserEx, ESMF_TraceUserEx.F90, line 125
20260523 064140.549 INFO             PET2  Finalizing ESMF
20260523 064140.549 INFO             PET2 **************** Region Timings *******************
20260523 064140.549 INFO             PET2 Region                Count  Total (s)   Self (s)    Mean (s)    Min (s)     Max (s)
20260523 064140.550 INFO             PET2   [ESMF]              1      0.0010      0.0005      0.0010      0.0010      0.0010
20260523 064140.550 INFO             PET2     outer_region      1      0.0005      0.0000      0.0005      0.0005      0.0005
20260523 064140.550 INFO             PET2       inner_region_1  10     0.0003      0.0003      0.0000      0.0000      0.0000
20260523 064140.550 INFO             PET2       inner_region_2  10     0.0001      0.0001      0.0000      0.0000      0.0000
20260523 064140.547 INFO             PET3 !!!!!!!!!!!!!!!!!!!!!!!!!!!!!!!!!!!!!!!!!!!!!!!!!!!!!!
20260523 064140.547 INFO             PET3 !!! THE ESMF_LOG IS SET TO OUTPUT ALL LOG MESSAGES !!!
20260523 064140.547 INFO             PET3 !!!     THIS MAY CAUSE SLOWDOWN IN PERFORMANCE     !!!
20260523 064140.547 INFO             PET3 !!! FOR PRODUCTION RUNS, USE:                      !!!
20260523 064140.547 INFO             PET3 !!!                   ESMF_LOGKIND_Multi_On_Error  !!!
20260523 064140.547 INFO             PET3 !!!!!!!!!!!!!!!!!!!!!!!!!!!!!!!!!!!!!!!!!!!!!!!!!!!!!!
20260523 064140.547 INFO             PET3 Running with ESMF Version   : develop+g681a42bf77
20260523 064140.547 INFO             PET3 ESMF library build date/time: "May 22 2026" "23:11:41"
20260523 064140.547 INFO             PET3 ESMF library build location : /discover/nobackup/projects/gmao/SIteam/ESMF_Testing/gfortran_14.2.0_openmpi_g_develop/esmf
20260523 064140.547 INFO             PET3 ESMF_COMM                   : openmpi
20260523 064140.548 INFO             PET3 ESMF_MOAB                   : enabled
20260523 064140.548 INFO             PET3 ESMF_LAPACK                 : enabled
20260523 064140.548 INFO             PET3 ESMF_NETCDF                 : enabled
20260523 064140.548 INFO             PET3 ESMF_PNETCDF                : disabled
20260523 064140.548 INFO             PET3 ESMF_PIO                    : enabled
20260523 064140.548 INFO             PET3 ESMF_YAMLCPP                : enabled
20260523 064140.548 INFO             PET3 ESMF Tracing Enabled
20260523 064140.548 INFO             PET3 ESMF Profiling Enabled
20260523 064140.548 INFO             PET3 ESMF Trace/Profile clock: REALTIME
20260523 064140.549 INFO             PET3  NUMBER_OF_PROCESSORS           4
20260523 064140.549 INFO             PET3  PASS  Example ESMF_TraceUserEx, ESMF_TraceUserEx.F90, line 125
20260523 064140.549 INFO             PET3  Finalizing ESMF
20260523 064140.549 INFO             PET3 **************** Region Timings *******************
20260523 064140.549 INFO             PET3 Region                Count  Total (s)   Self (s)    Mean (s)    Min (s)     Max (s)
20260523 064140.550 INFO             PET3   [ESMF]              1      0.0010      0.0005      0.0010      0.0010      0.0010
20260523 064140.550 INFO             PET3     outer_region      1      0.0005      0.0000      0.0005      0.0005      0.0005
20260523 064140.550 INFO             PET3       inner_region_1  10     0.0003      0.0003      0.0000      0.0000      0.0000
20260523 064140.550 INFO             PET3       inner_region_2  10     0.0001      0.0001      0.0000      0.0000      0.0000
