2026-07-06 22:57:48
20260707 072202.665 INFO             PET0 !!!!!!!!!!!!!!!!!!!!!!!!!!!!!!!!!!!!!!!!!!!!!!!!!!!!!!
20260707 072202.665 INFO             PET0 !!! THE ESMF_LOG IS SET TO OUTPUT ALL LOG MESSAGES !!!
20260707 072202.665 INFO             PET0 !!!     THIS MAY CAUSE SLOWDOWN IN PERFORMANCE     !!!
20260707 072202.665 INFO             PET0 !!! FOR PRODUCTION RUNS, USE:                      !!!
20260707 072202.665 INFO             PET0 !!!                   ESMF_LOGKIND_Multi_On_Error  !!!
20260707 072202.665 INFO             PET0 !!!!!!!!!!!!!!!!!!!!!!!!!!!!!!!!!!!!!!!!!!!!!!!!!!!!!!
20260707 072202.665 INFO             PET0 Running with ESMF Version   : v9.0.0b16
20260707 072202.665 INFO             PET0 ESMF library build date/time: "Jul  6 2026" "22:55:43"
20260707 072202.665 INFO             PET0 ESMF library build location : /discover/nobackup/projects/gmao/SIteam/ESMF_Testing/gfortran_14.2.0_openmpi_g_develop/esmf
20260707 072202.665 INFO             PET0 ESMF_COMM                   : openmpi
20260707 072202.665 INFO             PET0 ESMF_MOAB                   : enabled
20260707 072202.665 INFO             PET0 ESMF_LAPACK                 : enabled
20260707 072202.665 INFO             PET0 ESMF_NETCDF                 : enabled
20260707 072202.665 INFO             PET0 ESMF_PNETCDF                : disabled
20260707 072202.665 INFO             PET0 ESMF_PIO                    : enabled
20260707 072202.665 INFO             PET0 ESMF_YAMLCPP                : enabled
20260707 072202.676 INFO             PET0  NUMBER_OF_PROCESSORS           1
20260707 072202.677 INFO             PET0  PASS  Example ESMF_XGridSparseMatEx, ESMF_XGridSparseMatEx.F90, line 642
20260707 072202.677 INFO             PET0  Finalizing ESMF
