2026-06-27 22:34:11
20260627 232420.920 INFO             PET0 !!!!!!!!!!!!!!!!!!!!!!!!!!!!!!!!!!!!!!!!!!!!!!!!!!!!!!
20260627 232420.920 INFO             PET0 !!! THE ESMF_LOG IS SET TO OUTPUT ALL LOG MESSAGES !!!
20260627 232420.920 INFO             PET0 !!!     THIS MAY CAUSE SLOWDOWN IN PERFORMANCE     !!!
20260627 232420.920 INFO             PET0 !!! FOR PRODUCTION RUNS, USE:                      !!!
20260627 232420.920 INFO             PET0 !!!                   ESMF_LOGKIND_Multi_On_Error  !!!
20260627 232420.920 INFO             PET0 !!!!!!!!!!!!!!!!!!!!!!!!!!!!!!!!!!!!!!!!!!!!!!!!!!!!!!
20260627 232420.920 INFO             PET0 Running with ESMF Version   : develop+g9d8ac26759
20260627 232420.920 INFO             PET0 ESMF library build date/time: "Jun 27 2026" "22:30:52"
20260627 232420.920 INFO             PET0 ESMF library build location : /discover/nobackup/projects/gmao/SIteam/ESMF_Testing/intel_2021.13.0_intelmpi_O_develop/esmf
20260627 232420.920 INFO             PET0 ESMF_COMM                   : intelmpi
20260627 232420.920 INFO             PET0 ESMF_MOAB                   : enabled
20260627 232420.920 INFO             PET0 ESMF_LAPACK                 : enabled
20260627 232420.920 INFO             PET0 ESMF_NETCDF                 : enabled
20260627 232420.920 INFO             PET0 ESMF_PNETCDF                : disabled
20260627 232420.920 INFO             PET0 ESMF_PIO                    : enabled
20260627 232420.920 INFO             PET0 ESMF_YAMLCPP                : enabled
20260627 232420.921 INFO             PET0  NUMBER_OF_PROCESSORS           1
20260627 232420.921 INFO             PET0  PASS  Example CalendarEx, ESMF_CalendarEx.F90, line 217
20260627 232420.921 INFO             PET0  Finalizing ESMF
