2026-08-25 22:52:50
20260826 002426.547 INFO             PET0 !!!!!!!!!!!!!!!!!!!!!!!!!!!!!!!!!!!!!!!!!!!!!!!!!!!!!!
20260826 002426.547 INFO             PET0 !!! THE ESMF_LOG IS SET TO OUTPUT ALL LOG MESSAGES !!!
20260826 002426.547 INFO             PET0 !!!     THIS MAY CAUSE SLOWDOWN IN PERFORMANCE     !!!
20260826 002426.547 INFO             PET0 !!! FOR PRODUCTION RUNS, USE:                      !!!
20260826 002426.547 INFO             PET0 !!!                   ESMF_LOGKIND_Multi_On_Error  !!!
20260826 002426.547 INFO             PET0 !!!!!!!!!!!!!!!!!!!!!!!!!!!!!!!!!!!!!!!!!!!!!!!!!!!!!!
20260826 002426.547 INFO             PET0 Running with ESMF Version   : develop+g1082792c4b
20260826 002426.547 INFO             PET0 ESMF library build date/time: "Aug 25 2026" "22:49:59"
20260826 002426.547 INFO             PET0 ESMF library build location : /discover/nobackup/projects/gmao/SIteam/ESMF_Testing/intel_2021.13.0_intelmpi_O_develop/esmf
20260826 002426.547 INFO             PET0 ESMF_COMM                   : intelmpi
20260826 002426.547 INFO             PET0 ESMF_MOAB                   : enabled
20260826 002426.547 INFO             PET0 ESMF_LAPACK                 : enabled
20260826 002426.547 INFO             PET0 ESMF_NETCDF                 : enabled
20260826 002426.547 INFO             PET0 ESMF_PNETCDF                : disabled
20260826 002426.547 INFO             PET0 ESMF_PIO                    : enabled
20260826 002426.547 INFO             PET0 ESMF_YAMLCPP                : enabled
20260826 002426.551 INFO             PET0  NUMBER_OF_PROCESSORS           1
20260826 002426.551 INFO             PET0  PASS  Example ESMF_XGridSparseMatEx, ESMF_XGridSparseMatEx.F90, line 642
20260826 002426.551 INFO             PET0  Finalizing ESMF
