2026-08-17 22:34:14
20260817 234102.834 INFO             PET0 !!!!!!!!!!!!!!!!!!!!!!!!!!!!!!!!!!!!!!!!!!!!!!!!!!!!!!
20260817 234102.834 INFO             PET0 !!! THE ESMF_LOG IS SET TO OUTPUT ALL LOG MESSAGES !!!
20260817 234102.834 INFO             PET0 !!!     THIS MAY CAUSE SLOWDOWN IN PERFORMANCE     !!!
20260817 234102.834 INFO             PET0 !!! FOR PRODUCTION RUNS, USE:                      !!!
20260817 234102.834 INFO             PET0 !!!                   ESMF_LOGKIND_Multi_On_Error  !!!
20260817 234102.834 INFO             PET0 !!!!!!!!!!!!!!!!!!!!!!!!!!!!!!!!!!!!!!!!!!!!!!!!!!!!!!
20260817 234102.834 INFO             PET0 Running with ESMF Version   : develop+g471efa944e
20260817 234102.834 INFO             PET0 ESMF library build date/time: "Aug 17 2026" "22:31:12"
20260817 234102.834 INFO             PET0 ESMF library build location : /discover/nobackup/projects/gmao/SIteam/ESMF_Testing/intel_2021.13.0_intelmpi_O_develop/esmf
20260817 234102.834 INFO             PET0 ESMF_COMM                   : intelmpi
20260817 234102.834 INFO             PET0 ESMF_MOAB                   : enabled
20260817 234102.834 INFO             PET0 ESMF_LAPACK                 : enabled
20260817 234102.834 INFO             PET0 ESMF_NETCDF                 : enabled
20260817 234102.834 INFO             PET0 ESMF_PNETCDF                : disabled
20260817 234102.834 INFO             PET0 ESMF_PIO                    : enabled
20260817 234102.834 INFO             PET0 ESMF_YAMLCPP                : enabled
20260817 234102.841 INFO             PET0 ESMF_FieldRedistStoreNF(): Just entered routine.
20260817 234102.900 INFO             PET0 ESMF_FieldRedistStoreNF(): Leaving routine.
20260817 234102.901 INFO             PET0  NUMBER_OF_PROCESSORS           4
20260817 234102.901 INFO             PET0  PASS  Example ESMF_RHandleFromRHandleEx, ESMF_RHandleFromRHandleEx.F90, line 660
20260817 234102.901 INFO             PET0  Finalizing ESMF
20260817 234102.834 INFO             PET1 !!!!!!!!!!!!!!!!!!!!!!!!!!!!!!!!!!!!!!!!!!!!!!!!!!!!!!
20260817 234102.834 INFO             PET1 !!! THE ESMF_LOG IS SET TO OUTPUT ALL LOG MESSAGES !!!
20260817 234102.834 INFO             PET1 !!!     THIS MAY CAUSE SLOWDOWN IN PERFORMANCE     !!!
20260817 234102.834 INFO             PET1 !!! FOR PRODUCTION RUNS, USE:                      !!!
20260817 234102.834 INFO             PET1 !!!                   ESMF_LOGKIND_Multi_On_Error  !!!
20260817 234102.834 INFO             PET1 !!!!!!!!!!!!!!!!!!!!!!!!!!!!!!!!!!!!!!!!!!!!!!!!!!!!!!
20260817 234102.834 INFO             PET1 Running with ESMF Version   : develop+g471efa944e
20260817 234102.834 INFO             PET1 ESMF library build date/time: "Aug 17 2026" "22:31:12"
20260817 234102.834 INFO             PET1 ESMF library build location : /discover/nobackup/projects/gmao/SIteam/ESMF_Testing/intel_2021.13.0_intelmpi_O_develop/esmf
20260817 234102.834 INFO             PET1 ESMF_COMM                   : intelmpi
20260817 234102.834 INFO             PET1 ESMF_MOAB                   : enabled
20260817 234102.834 INFO             PET1 ESMF_LAPACK                 : enabled
20260817 234102.834 INFO             PET1 ESMF_NETCDF                 : enabled
20260817 234102.834 INFO             PET1 ESMF_PNETCDF                : disabled
20260817 234102.834 INFO             PET1 ESMF_PIO                    : enabled
20260817 234102.834 INFO             PET1 ESMF_YAMLCPP                : enabled
20260817 234102.841 INFO             PET1 ESMF_FieldRedistStoreNF(): Just entered routine.
20260817 234102.900 INFO             PET1 ESMF_FieldRedistStoreNF(): Leaving routine.
20260817 234102.901 INFO             PET1  NUMBER_OF_PROCESSORS           4
20260817 234102.901 INFO             PET1  PASS  Example ESMF_RHandleFromRHandleEx, ESMF_RHandleFromRHandleEx.F90, line 660
20260817 234102.901 INFO             PET1  Finalizing ESMF
20260817 234102.834 INFO             PET2 !!!!!!!!!!!!!!!!!!!!!!!!!!!!!!!!!!!!!!!!!!!!!!!!!!!!!!
20260817 234102.834 INFO             PET2 !!! THE ESMF_LOG IS SET TO OUTPUT ALL LOG MESSAGES !!!
20260817 234102.834 INFO             PET2 !!!     THIS MAY CAUSE SLOWDOWN IN PERFORMANCE     !!!
20260817 234102.834 INFO             PET2 !!! FOR PRODUCTION RUNS, USE:                      !!!
20260817 234102.834 INFO             PET2 !!!                   ESMF_LOGKIND_Multi_On_Error  !!!
20260817 234102.834 INFO             PET2 !!!!!!!!!!!!!!!!!!!!!!!!!!!!!!!!!!!!!!!!!!!!!!!!!!!!!!
20260817 234102.834 INFO             PET2 Running with ESMF Version   : develop+g471efa944e
20260817 234102.834 INFO             PET2 ESMF library build date/time: "Aug 17 2026" "22:31:12"
20260817 234102.834 INFO             PET2 ESMF library build location : /discover/nobackup/projects/gmao/SIteam/ESMF_Testing/intel_2021.13.0_intelmpi_O_develop/esmf
20260817 234102.834 INFO             PET2 ESMF_COMM                   : intelmpi
20260817 234102.834 INFO             PET2 ESMF_MOAB                   : enabled
20260817 234102.834 INFO             PET2 ESMF_LAPACK                 : enabled
20260817 234102.834 INFO             PET2 ESMF_NETCDF                 : enabled
20260817 234102.834 INFO             PET2 ESMF_PNETCDF                : disabled
20260817 234102.834 INFO             PET2 ESMF_PIO                    : enabled
20260817 234102.834 INFO             PET2 ESMF_YAMLCPP                : enabled
20260817 234102.841 INFO             PET2 ESMF_FieldRedistStoreNF(): Just entered routine.
20260817 234102.900 INFO             PET2 ESMF_FieldRedistStoreNF(): Leaving routine.
20260817 234102.904 INFO             PET2  NUMBER_OF_PROCESSORS           4
20260817 234102.904 INFO             PET2  PASS  Example ESMF_RHandleFromRHandleEx, ESMF_RHandleFromRHandleEx.F90, line 660
20260817 234102.904 INFO             PET2  Finalizing ESMF
20260817 234102.833 INFO             PET3 !!!!!!!!!!!!!!!!!!!!!!!!!!!!!!!!!!!!!!!!!!!!!!!!!!!!!!
20260817 234102.834 INFO             PET3 !!! THE ESMF_LOG IS SET TO OUTPUT ALL LOG MESSAGES !!!
20260817 234102.834 INFO             PET3 !!!     THIS MAY CAUSE SLOWDOWN IN PERFORMANCE     !!!
20260817 234102.834 INFO             PET3 !!! FOR PRODUCTION RUNS, USE:                      !!!
20260817 234102.834 INFO             PET3 !!!                   ESMF_LOGKIND_Multi_On_Error  !!!
20260817 234102.834 INFO             PET3 !!!!!!!!!!!!!!!!!!!!!!!!!!!!!!!!!!!!!!!!!!!!!!!!!!!!!!
20260817 234102.834 INFO             PET3 Running with ESMF Version   : develop+g471efa944e
20260817 234102.834 INFO             PET3 ESMF library build date/time: "Aug 17 2026" "22:31:12"
20260817 234102.834 INFO             PET3 ESMF library build location : /discover/nobackup/projects/gmao/SIteam/ESMF_Testing/intel_2021.13.0_intelmpi_O_develop/esmf
20260817 234102.834 INFO             PET3 ESMF_COMM                   : intelmpi
20260817 234102.834 INFO             PET3 ESMF_MOAB                   : enabled
20260817 234102.834 INFO             PET3 ESMF_LAPACK                 : enabled
20260817 234102.834 INFO             PET3 ESMF_NETCDF                 : enabled
20260817 234102.834 INFO             PET3 ESMF_PNETCDF                : disabled
20260817 234102.834 INFO             PET3 ESMF_PIO                    : enabled
20260817 234102.834 INFO             PET3 ESMF_YAMLCPP                : enabled
20260817 234102.841 INFO             PET3 ESMF_FieldRedistStoreNF(): Just entered routine.
20260817 234102.900 INFO             PET3 ESMF_FieldRedistStoreNF(): Leaving routine.
20260817 234102.907 INFO             PET3  NUMBER_OF_PROCESSORS           4
20260817 234102.907 INFO             PET3  PASS  Example ESMF_RHandleFromRHandleEx, ESMF_RHandleFromRHandleEx.F90, line 660
20260817 234102.907 INFO             PET3  Finalizing ESMF
