2026-07-01 03:39:11
20260701 035917.668 INFO             PET0 !!!!!!!!!!!!!!!!!!!!!!!!!!!!!!!!!!!!!!!!!!!!!!!!!!!!!!
20260701 035917.668 INFO             PET0 !!! THE ESMF_LOG IS SET TO OUTPUT ALL LOG MESSAGES !!!
20260701 035917.668 INFO             PET0 !!!     THIS MAY CAUSE SLOWDOWN IN PERFORMANCE     !!!
20260701 035917.668 INFO             PET0 !!! FOR PRODUCTION RUNS, USE:                      !!!
20260701 035917.668 INFO             PET0 !!!                   ESMF_LOGKIND_Multi_On_Error  !!!
20260701 035917.668 INFO             PET0 !!!!!!!!!!!!!!!!!!!!!!!!!!!!!!!!!!!!!!!!!!!!!!!!!!!!!!
20260701 035917.668 INFO             PET0 Running with ESMF Version   : develop+g9d8ac26759
20260701 035917.668 INFO             PET0 ESMF library build date/time: "Jul  1 2026" "03:37:51"
20260701 035917.668 INFO             PET0 ESMF library build location : /tmp/gfortran_12.3.0_mpiuni_O_develop/esmf
20260701 035917.668 INFO             PET0 ESMF_COMM                   : mpiuni
20260701 035917.668 INFO             PET0 ESMF_MOAB                   : enabled
20260701 035917.668 INFO             PET0 ESMF_LAPACK                 : enabled
20260701 035917.668 INFO             PET0 ESMF_NETCDF                 : enabled
20260701 035917.668 INFO             PET0 ESMF_PNETCDF                : disabled
20260701 035917.668 INFO             PET0 ESMF_PIO                    : enabled
20260701 035917.668 INFO             PET0 ESMF_YAMLCPP                : enabled
20260701 035917.673 INFO             PET0  NUMBER_OF_PROCESSORS           1
20260701 035917.673 INFO             PET0  PASS  Example ESMF_NUOPCBasicModelEx, ESMF_NUOPCBasicModelEx.F90, line 339
20260701 035917.673 INFO             PET0  Finalizing ESMF
