2026-06-26 03:44:16
20260626 040701.318 INFO             PET0 !!!!!!!!!!!!!!!!!!!!!!!!!!!!!!!!!!!!!!!!!!!!!!!!!!!!!!
20260626 040701.318 INFO             PET0 !!! THE ESMF_LOG IS SET TO OUTPUT ALL LOG MESSAGES !!!
20260626 040701.318 INFO             PET0 !!!     THIS MAY CAUSE SLOWDOWN IN PERFORMANCE     !!!
20260626 040701.318 INFO             PET0 !!! FOR PRODUCTION RUNS, USE:                      !!!
20260626 040701.318 INFO             PET0 !!!                   ESMF_LOGKIND_Multi_On_Error  !!!
20260626 040701.318 INFO             PET0 !!!!!!!!!!!!!!!!!!!!!!!!!!!!!!!!!!!!!!!!!!!!!!!!!!!!!!
20260626 040701.318 INFO             PET0 Running with ESMF Version   : develop+g8b88b841bc
20260626 040701.318 INFO             PET0 ESMF library build date/time: "Jun 26 2026" "03:42:54"
20260626 040701.318 INFO             PET0 ESMF library build location : /tmp/gfortran_12.3.0_mpiuni_O_develop/esmf
20260626 040701.318 INFO             PET0 ESMF_COMM                   : mpiuni
20260626 040701.318 INFO             PET0 ESMF_MOAB                   : enabled
20260626 040701.318 INFO             PET0 ESMF_LAPACK                 : enabled
20260626 040701.318 INFO             PET0 ESMF_NETCDF                 : enabled
20260626 040701.318 INFO             PET0 ESMF_PNETCDF                : disabled
20260626 040701.318 INFO             PET0 ESMF_PIO                    : enabled
20260626 040701.318 INFO             PET0 ESMF_YAMLCPP                : enabled
20260626 040701.318 INFO             PET0  NUMBER_OF_PROCESSORS           1
20260626 040701.318 INFO             PET0  PASS  Example ESMF_VMUserMpiCommEx, ESMF_VMUserMpiCommEx.F90, line 113
20260626 040701.318 INFO             PET0  Finalizing ESMF with endflag==ESMF_END_KEEPMPI
