2026-07-04 03:42:01
20260704 040110.503 INFO             PET0 !!!!!!!!!!!!!!!!!!!!!!!!!!!!!!!!!!!!!!!!!!!!!!!!!!!!!!
20260704 040110.503 INFO             PET0 !!! THE ESMF_LOG IS SET TO OUTPUT ALL LOG MESSAGES !!!
20260704 040110.503 INFO             PET0 !!!     THIS MAY CAUSE SLOWDOWN IN PERFORMANCE     !!!
20260704 040110.503 INFO             PET0 !!! FOR PRODUCTION RUNS, USE:                      !!!
20260704 040110.503 INFO             PET0 !!!                   ESMF_LOGKIND_Multi_On_Error  !!!
20260704 040110.503 INFO             PET0 !!!!!!!!!!!!!!!!!!!!!!!!!!!!!!!!!!!!!!!!!!!!!!!!!!!!!!
20260704 040110.503 INFO             PET0 Running with ESMF Version   : develop+g9764fd2b2f
20260704 040110.503 INFO             PET0 ESMF library build date/time: "Jul  4 2026" "03:40:42"
20260704 040110.503 INFO             PET0 ESMF library build location : /tmp/gfortran_12.3.0_mpiuni_O_develop/esmf
20260704 040110.503 INFO             PET0 ESMF_COMM                   : mpiuni
20260704 040110.503 INFO             PET0 ESMF_MOAB                   : enabled
20260704 040110.503 INFO             PET0 ESMF_LAPACK                 : enabled
20260704 040110.503 INFO             PET0 ESMF_NETCDF                 : enabled
20260704 040110.503 INFO             PET0 ESMF_PNETCDF                : disabled
20260704 040110.503 INFO             PET0 ESMF_PIO                    : enabled
20260704 040110.503 INFO             PET0 ESMF_YAMLCPP                : enabled
20260704 040110.504 INFO             PET0  NUMBER_OF_PROCESSORS           1
20260704 040110.504 INFO             PET0  PASS  Example ESMF_VMComponentEx, ESMF_VMComponentEx.F90, line 205
20260704 040110.504 INFO             PET0  Finalizing ESMF
