2026-06-11 01:35:52
20260611 020707.520 INFO             PET0 !!!!!!!!!!!!!!!!!!!!!!!!!!!!!!!!!!!!!!!!!!!!!!!!!!!!!!
20260611 020707.520 INFO             PET0 !!! THE ESMF_LOG IS SET TO OUTPUT ALL LOG MESSAGES !!!
20260611 020707.520 INFO             PET0 !!!     THIS MAY CAUSE SLOWDOWN IN PERFORMANCE     !!!
20260611 020707.520 INFO             PET0 !!! FOR PRODUCTION RUNS, USE:                      !!!
20260611 020707.520 INFO             PET0 !!!                   ESMF_LOGKIND_Multi_On_Error  !!!
20260611 020707.520 INFO             PET0 !!!!!!!!!!!!!!!!!!!!!!!!!!!!!!!!!!!!!!!!!!!!!!!!!!!!!!
20260611 020707.520 INFO             PET0 Running with ESMF Version   : develop+ge382cba19b
20260611 020707.520 INFO             PET0 ESMF library build date/time: "Jun 11 2026" "01:33:54"
20260611 020707.520 INFO             PET0 ESMF library build location : /glade/derecho/scratch/sacks/esmf-testing/intel_2024.2.1_mpi_O_develop/esmf
20260611 020707.520 INFO             PET0 ESMF_COMM                   : mpi
20260611 020707.521 INFO             PET0 ESMF_MOAB                   : enabled
20260611 020707.521 INFO             PET0 ESMF_LAPACK                 : enabled
20260611 020707.521 INFO             PET0 ESMF_NETCDF                 : enabled
20260611 020707.521 INFO             PET0 ESMF_PNETCDF                : disabled
20260611 020707.521 INFO             PET0 ESMF_PIO                    : enabled
20260611 020707.521 INFO             PET0 ESMF_YAMLCPP                : enabled
20260611 020707.521 INFO             PET0  NUMBER_OF_PROCESSORS           1
20260611 020707.521 INFO             PET0  PASS  Example ESMF_AlarmEx, ESMF_AlarmEx.F90, line 244
20260611 020707.521 INFO             PET0  Finalizing ESMF
