2026-05-27 07:34:13
20260527 080915.773 INFO             PET0 !!!!!!!!!!!!!!!!!!!!!!!!!!!!!!!!!!!!!!!!!!!!!!!!!!!!!!
20260527 080915.773 INFO             PET0 !!! THE ESMF_LOG IS SET TO OUTPUT ALL LOG MESSAGES !!!
20260527 080915.773 INFO             PET0 !!!     THIS MAY CAUSE SLOWDOWN IN PERFORMANCE     !!!
20260527 080915.773 INFO             PET0 !!! FOR PRODUCTION RUNS, USE:                      !!!
20260527 080915.773 INFO             PET0 !!!                   ESMF_LOGKIND_Multi_On_Error  !!!
20260527 080915.773 INFO             PET0 !!!!!!!!!!!!!!!!!!!!!!!!!!!!!!!!!!!!!!!!!!!!!!!!!!!!!!
20260527 080915.773 INFO             PET0 Running with ESMF Version   : develop+g681a42bf77
20260527 080915.773 INFO             PET0 ESMF library build date/time: "May 27 2026" "07:31:18"
20260527 080915.773 INFO             PET0 ESMF library build location : /scratch3/NCEPDEV/stmp/Gerhard.Theurich/ESMF-Nightly-Testing-Hera/intel_2023.2.0-oneAPI_mpiuni_O_develop/esmf
20260527 080915.773 INFO             PET0 ESMF_COMM                   : mpiuni
20260527 080915.774 INFO             PET0 ESMF_MOAB                   : enabled
20260527 080915.774 INFO             PET0 ESMF_LAPACK                 : enabled
20260527 080915.774 INFO             PET0 ESMF_NETCDF                 : enabled
20260527 080915.774 INFO             PET0 ESMF_PNETCDF                : disabled
20260527 080915.774 INFO             PET0 ESMF_PIO                    : enabled
20260527 080915.774 INFO             PET0 ESMF_YAMLCPP                : enabled
20260527 080915.775 INFO             PET0  NUMBER_OF_PROCESSORS           1
20260527 080915.775 INFO             PET0  PASS  Example ESMF_TimeEx, ESMF_TimeEx.F90, line 141
20260527 080915.775 INFO             PET0  Finalizing ESMF
