2026-07-13 07:38:01
20260713 081446.763 INFO             PET0 !!!!!!!!!!!!!!!!!!!!!!!!!!!!!!!!!!!!!!!!!!!!!!!!!!!!!!
20260713 081446.764 INFO             PET0 !!! THE ESMF_LOG IS SET TO OUTPUT ALL LOG MESSAGES !!!
20260713 081446.764 INFO             PET0 !!!     THIS MAY CAUSE SLOWDOWN IN PERFORMANCE     !!!
20260713 081446.764 INFO             PET0 !!! FOR PRODUCTION RUNS, USE:                      !!!
20260713 081446.764 INFO             PET0 !!!                   ESMF_LOGKIND_Multi_On_Error  !!!
20260713 081446.764 INFO             PET0 !!!!!!!!!!!!!!!!!!!!!!!!!!!!!!!!!!!!!!!!!!!!!!!!!!!!!!
20260713 081446.764 INFO             PET0 Running with ESMF Version   : develop+gf1c7bb6d5f
20260713 081446.764 INFO             PET0 ESMF library build date/time: "Jul 13 2026" "07:35:22"
20260713 081446.764 INFO             PET0 ESMF library build location : /scratch3/NCEPDEV/stmp/Gerhard.Theurich/ESMF-Nightly-Testing-Hera/intel_2023.2.0-oneAPI_mpiuni_O_develop/esmf
20260713 081446.764 INFO             PET0 ESMF_COMM                   : mpiuni
20260713 081446.764 INFO             PET0 ESMF_MOAB                   : enabled
20260713 081446.764 INFO             PET0 ESMF_LAPACK                 : enabled
20260713 081446.764 INFO             PET0 ESMF_NETCDF                 : enabled
20260713 081446.764 INFO             PET0 ESMF_PNETCDF                : disabled
20260713 081446.764 INFO             PET0 ESMF_PIO                    : enabled
20260713 081446.764 INFO             PET0 ESMF_YAMLCPP                : enabled
20260713 081446.764 INFO             PET0  NUMBER_OF_PROCESSORS           1
20260713 081446.764 INFO             PET0  PASS  Example ESMF_VMGetMPICommunicatorEx, ESMF_VMGetMPICommunicatorEx.F90, line 94
20260713 081446.764 INFO             PET0  Finalizing ESMF
