2026-06-08 07:33:45
20260608 081105.035 INFO             PET0 !!!!!!!!!!!!!!!!!!!!!!!!!!!!!!!!!!!!!!!!!!!!!!!!!!!!!!
20260608 081105.036 INFO             PET0 !!! THE ESMF_LOG IS SET TO OUTPUT ALL LOG MESSAGES !!!
20260608 081105.036 INFO             PET0 !!!     THIS MAY CAUSE SLOWDOWN IN PERFORMANCE     !!!
20260608 081105.036 INFO             PET0 !!! FOR PRODUCTION RUNS, USE:                      !!!
20260608 081105.036 INFO             PET0 !!!                   ESMF_LOGKIND_Multi_On_Error  !!!
20260608 081105.036 INFO             PET0 !!!!!!!!!!!!!!!!!!!!!!!!!!!!!!!!!!!!!!!!!!!!!!!!!!!!!!
20260608 081105.036 INFO             PET0 Running with ESMF Version   : develop+gf183dd1f0b
20260608 081105.036 INFO             PET0 ESMF library build date/time: "Jun  8 2026" "07:31:05"
20260608 081105.036 INFO             PET0 ESMF library build location : /scratch3/NCEPDEV/stmp/Gerhard.Theurich/ESMF-Nightly-Testing-Hera/intel_2023.2.0-oneAPI_mpiuni_O_develop/esmf
20260608 081105.036 INFO             PET0 ESMF_COMM                   : mpiuni
20260608 081105.036 INFO             PET0 ESMF_MOAB                   : enabled
20260608 081105.036 INFO             PET0 ESMF_LAPACK                 : enabled
20260608 081105.036 INFO             PET0 ESMF_NETCDF                 : enabled
20260608 081105.036 INFO             PET0 ESMF_PNETCDF                : disabled
20260608 081105.036 INFO             PET0 ESMF_PIO                    : enabled
20260608 081105.036 INFO             PET0 ESMF_YAMLCPP                : enabled
20260608 081105.037 INFO             PET0  NUMBER_OF_PROCESSORS           1
20260608 081105.037 INFO             PET0  PASS  Example ESMF_InfoGetFromHostEx, ESMF_InfoGetFromHostEx.F90, line 112
20260608 081105.037 INFO             PET0  Finalizing ESMF
