2026-05-26 07:34:25
20260526 080912.873 INFO             PET0 !!!!!!!!!!!!!!!!!!!!!!!!!!!!!!!!!!!!!!!!!!!!!!!!!!!!!!
20260526 080912.873 INFO             PET0 !!! THE ESMF_LOG IS SET TO OUTPUT ALL LOG MESSAGES !!!
20260526 080912.873 INFO             PET0 !!!     THIS MAY CAUSE SLOWDOWN IN PERFORMANCE     !!!
20260526 080912.873 INFO             PET0 !!! FOR PRODUCTION RUNS, USE:                      !!!
20260526 080912.873 INFO             PET0 !!!                   ESMF_LOGKIND_Multi_On_Error  !!!
20260526 080912.873 INFO             PET0 !!!!!!!!!!!!!!!!!!!!!!!!!!!!!!!!!!!!!!!!!!!!!!!!!!!!!!
20260526 080912.873 INFO             PET0 Running with ESMF Version   : develop+g681a42bf77
20260526 080912.873 INFO             PET0 ESMF library build date/time: "May 26 2026" "07:31:31"
20260526 080912.873 INFO             PET0 ESMF library build location : /scratch3/NCEPDEV/stmp/Gerhard.Theurich/ESMF-Nightly-Testing-Hera/intel_2023.2.0-oneAPI_mpiuni_O_develop/esmf
20260526 080912.873 INFO             PET0 ESMF_COMM                   : mpiuni
20260526 080912.874 INFO             PET0 ESMF_MOAB                   : enabled
20260526 080912.874 INFO             PET0 ESMF_LAPACK                 : enabled
20260526 080912.874 INFO             PET0 ESMF_NETCDF                 : enabled
20260526 080912.874 INFO             PET0 ESMF_PNETCDF                : disabled
20260526 080912.874 INFO             PET0 ESMF_PIO                    : enabled
20260526 080912.874 INFO             PET0 ESMF_YAMLCPP                : enabled
20260526 080912.875 INFO             PET0  NUMBER_OF_PROCESSORS           1
20260526 080912.875 INFO             PET0  PASS  Example ESMF_VMUserMpiCommEx, ESMF_VMUserMpiCommEx.F90, line 113
20260526 080912.875 INFO             PET0  Finalizing ESMF with endflag==ESMF_END_KEEPMPI
