2026-08-23 07:33:46
20260823 081031.919 INFO             PET0 !!!!!!!!!!!!!!!!!!!!!!!!!!!!!!!!!!!!!!!!!!!!!!!!!!!!!!
20260823 081031.919 INFO             PET0 !!! THE ESMF_LOG IS SET TO OUTPUT ALL LOG MESSAGES !!!
20260823 081031.919 INFO             PET0 !!!     THIS MAY CAUSE SLOWDOWN IN PERFORMANCE     !!!
20260823 081031.919 INFO             PET0 !!! FOR PRODUCTION RUNS, USE:                      !!!
20260823 081031.919 INFO             PET0 !!!                   ESMF_LOGKIND_Multi_On_Error  !!!
20260823 081031.919 INFO             PET0 !!!!!!!!!!!!!!!!!!!!!!!!!!!!!!!!!!!!!!!!!!!!!!!!!!!!!!
20260823 081031.919 INFO             PET0 Running with ESMF Version   : develop+gd8cb7c6c83
20260823 081031.919 INFO             PET0 ESMF library build date/time: "Aug 23 2026" "07:31:15"
20260823 081031.919 INFO             PET0 ESMF library build location : /scratch3/NCEPDEV/stmp/Gerhard.Theurich/ESMF-Nightly-Testing-Hera/intel_2023.2.0-oneAPI_mpiuni_O_develop/esmf
20260823 081031.919 INFO             PET0 ESMF_COMM                   : mpiuni
20260823 081031.920 INFO             PET0 ESMF_MOAB                   : enabled
20260823 081031.920 INFO             PET0 ESMF_LAPACK                 : enabled
20260823 081031.920 INFO             PET0 ESMF_NETCDF                 : enabled
20260823 081031.920 INFO             PET0 ESMF_PNETCDF                : disabled
20260823 081031.920 INFO             PET0 ESMF_PIO                    : enabled
20260823 081031.920 INFO             PET0 ESMF_YAMLCPP                : enabled
20260823 081031.926 INFO             PET0 ESMF_FieldRedistStoreNF(): Just entered routine.
20260823 081032.137 INFO             PET0 ESMF_FieldRedistStoreNF(): Leaving routine.
20260823 081032.143 INFO             PET0  NUMBER_OF_PROCESSORS           1
20260823 081032.144 INFO             PET0  PASS  Example ESMF_RHandleFromFileEx, ESMF_RHandleFromFileEx.F90, line 192
20260823 081032.144 INFO             PET0  Finalizing ESMF
