2025-07-08 03:32:02
20250708 034936.793 INFO             PET0 !!!!!!!!!!!!!!!!!!!!!!!!!!!!!!!!!!!!!!!!!!!!!!!!!!!!!!
20250708 034936.793 INFO             PET0 !!! THE ESMF_LOG IS SET TO OUTPUT ALL LOG MESSAGES !!!
20250708 034936.793 INFO             PET0 !!!     THIS MAY CAUSE SLOWDOWN IN PERFORMANCE     !!!
20250708 034936.793 INFO             PET0 !!! FOR PRODUCTION RUNS, USE:                      !!!
20250708 034936.793 INFO             PET0 !!!                   ESMF_LOGKIND_Multi_On_Error  !!!
20250708 034936.793 INFO             PET0 !!!!!!!!!!!!!!!!!!!!!!!!!!!!!!!!!!!!!!!!!!!!!!!!!!!!!!
20250708 034936.793 INFO             PET0 Running with ESMF Version   : develop+ge6802af432
20250708 034936.793 INFO             PET0 ESMF library build date/time: "Jul  8 2025" "03:30:53"
20250708 034936.793 INFO             PET0 ESMF library build location : /tmp/intel_2025.0.0-oneAPI_mpiuni_O_develop/esmf
20250708 034936.793 INFO             PET0 ESMF_COMM                   : mpiuni
20250708 034936.793 INFO             PET0 ESMF_MOAB                   : enabled
20250708 034936.793 INFO             PET0 ESMF_LAPACK                 : enabled
20250708 034936.793 INFO             PET0 ESMF_NETCDF                 : enabled
20250708 034936.793 INFO             PET0 ESMF_PNETCDF                : disabled
20250708 034936.793 INFO             PET0 ESMF_PIO                    : enabled
20250708 034936.793 INFO             PET0 ESMF_YAMLCPP                : enabled
20250708 034936.793 INFO             PET0  NUMBER_OF_PROCESSORS           1
20250708 034936.793 INFO             PET0  PASS  Example ESMF_VMSendVMRecvEx, ESMF_VMSendVMRecvEx.F90, line 120
20250708 034936.793 INFO             PET0  Finalizing ESMF
