2026-07-19 22:12:16
--- ESMCI::Array::print start ---
 Base name    = Array002
 Status: Base = Ready,  object = Ready
 Proxy        = no
--- ESMCI::Array::print start ---
 Base name    = Array002
 Status: Base = Ready,  object = Ready
 Proxy        = no
 Root Info (Attributes):
{
  "ESMF": {
    "Instance": {
--- ESMCI::Array::print start ---
 Base name    = Array002
 Status: Base = Ready,  object = Ready
 Proxy        = no
 Root Info (Attributes):
{
  "ESMF": {
    "Instance": {
      "NamedAliasCount": 0
--- ESMCI::Array::print start ---
 Base name    = Array002
 Status: Base = Ready,  object = Ready
 Proxy        = no
 Root Info (Attributes):
{
  "ESMF": {
    "Instance": {
      "NamedAliasCount": 0
    }
 Root Info (Attributes):
{
  "ESMF": {
    "Instance": {
      "NamedAliasCount": 0
    }
  }
      "NamedAliasCount": 0
    }
  }
}Array typekind/rank: Real*8 / 2 
    }
  }
}Array typekind/rank: Real*8 / 2 
~ lower class' values ~
DistGrid dimCount = 2
deCount = 4
  }
}Array typekind/rank: Real*8 / 2 
~ lower class' values ~
DistGrid dimCount = 2
deCount = 4
}Array typekind/rank: Real*8 / 2 
~ lower class' values ~
DistGrid dimCount = 2
deCount = 4
~ lower class' values ~
DistGrid dimCount = 2
deCount = 4
localDeCount = 1
localDeCount = 1
~ local data in LocalArray for DE 1 ~
LocalArrayPrint: Array at address 0x13be053f0:
localDeCount = 1
~ local data in LocalArray for DE 0 ~
LocalArrayPrint: Array at address 0x143709150:
            rank = 2, typekind = 6, base_addr = 0x10634b360
            dim[0] = 2  dim[1] = 2  
  Real, *8, Dim 2, Data values:
( 1, 1) =  100
( 2, 1) =  100
( 1, 2) =  100
( 2, 2) =  100
--- ESMCI::Array::print end ---
--- ESMCI::Array::print start ---
 Base name    = Array003
 Status: Base = Ready,  object = Ready
 Proxy        = no
 Root Info (Attributes):
{
  "ESMF": {
    "Instance": {
      "NamedAliasCount": 0
    }
  }
}Array typekind/rank: Real*8 / 2 
~ lower class' values ~
DistGrid dimCount = 2
deCount = 4
~ local data in LocalArray for DE 2 ~
LocalArrayPrint: Array at address 0x12ce0a590:
            rank = 2, typekind = 6, base_addr = 0x105fc7360
            dim[0] = 2  dim[1] = 2  
  Real, *8, Dim 2, Data values:
( 1, 1) =  102
( 2, 1) =  102
( 1, 2) =  102
( 2, 2) =  102
--- ESMCI::Array::print end ---
--- ESMCI::Array::print start ---
 Base name    = Array003
 Status: Base = Ready,  object = Ready
 Proxy        = no
 Root Info (Attributes):
{
  "ESMF": {
    "Instance": {
      "NamedAliasCount": 0
    }
  }
}Array typekind/rank: Real*8 / 2 
~ lower class' values ~
DistGrid dimCount = 2
deCount = 4
localDeCount = 1
~ local data in LocalArray for DE 2 ~
LocalArrayPrint: Array at address 0x12ce0a8c0:
            rank = 2, typekind = 6, base_addr = 0x105fc7390
            rank = 2, typekind = 6, base_addr = 0x103a23360
            dim[0] = 2  dim[1] = 2  
  Real, *8, Dim 2, Data values:
( 1, 1) =  101
( 2, 1) =  101
( 1, 2) =  101
( 2, 2) =  101
--- ESMCI::Array::print end ---
--- ESMCI::Array::print start ---
 Base name    = Array003
 Status: Base = Ready,  object = Ready
 Proxy        = no
 Root Info (Attributes):
{
  "ESMF": {
    "Instance": {
      "NamedAliasCount": 0
    }
  }
}Array typekind/rank: Real*8 / 2 
~ lower class' values ~
DistGrid dimCount = 2
deCount = 4
localDeCount = 1
~ local data in LocalArray for DE 1 ~
LocalArrayPrint: Array at address 0x13be05720:
            rank = 2, typekind = 6, base_addr = 0x103a23390
            dim[0] = 2  dim[1] = 2  
localDeCount = 1
~ local data in LocalArray for DE 3 ~
LocalArrayPrint: Array at address 0x12860cde0:
            rank = 2, typekind = 6, base_addr = 0x1020af360
            dim[0] = 2  dim[1] = 2  
  Real, *8, Dim 2, Data values:
( 1, 1) =  103
( 2, 1) =  103
( 1, 2) =  103
( 2, 2) =  103
--- ESMCI::Array::print end ---
--- ESMCI::Array::print start ---
 Base name    = Array003
 Status: Base = Ready,  object = Ready
 Proxy        = no
 Root Info (Attributes):
{
  "ESMF": {
    "Instance": {
      "NamedAliasCount": 0
    }
  }
}Array typekind/rank: Real*8 / 2 
~ lower class' values ~
DistGrid dimCount = 2
deCount = 4
localDeCount = 1
~ local data in LocalArray for DE 3 ~
LocalArrayPrint: Array at address 0x12860de90:
            rank = 2, typekind = 6, base_addr = 0x1020af390
            dim[0] = 2  dim[1] = 2  
  Real, *8, Dim 2, Data values:
localDeCount = 1
~ local data in LocalArray for DE 0 ~
LocalArrayPrint: Array at address 0x143709480:
            rank = 2, typekind = 6, base_addr = 0x10634b390
            dim[0] = 2  dim[1] = 2  
  Real, *8, Dim 2, Data values:
            dim[0] = 2  dim[1] = 2  
  Real, *8, Dim 2, Data values:
( 1, 1) =  202
( 2, 1) =  202
  Real, *8, Dim 2, Data values:
( 1, 1) =  201
( 2, 1) =  201
( 1, 2) =  201
( 1, 1) =  203
( 2, 1) =  203
( 1, 2) =  203
( 2, 2) =  203
( 1, 1) =  200
( 2, 1) =  200
( 1, 2) =  200
( 1, 2) =  202
( 2, 2) =  202
--- ESMCI::Array::print end ---
( 2, 2) =  201
--- ESMCI::Array::print end ---
--- ESMCI::Array::print start ---
 Base name    = Array004
--- ESMCI::Array::print end ---
--- ESMCI::Array::print start ---
 Base name    = Array004
( 2, 2) =  200
--- ESMCI::Array::print end ---
--- ESMCI::Array::print start ---
 Base name    = Array004
--- ESMCI::Array::print start ---
 Base name    = Array004
 Status: Base = Ready,  object = Ready
 Proxy        = no
 Status: Base = Ready,  object = Ready
 Proxy        = no
 Status: Base = Ready,  object = Ready
 Status: Base = Ready,  object = Ready
 Proxy        = no
 Root Info (Attributes):
{
 Proxy        = no
 Root Info (Attributes):
 Root Info (Attributes):
  "ESMF": {
    "Instance": {
 Root Info (Attributes):
{
  "ESMF": {
{
  "ESMF": {
{
  "ESMF": {
      "NamedAliasCount": 0
    }
    "Instance": {
      "NamedAliasCount": 0
    "Instance": {
    "Instance": {
      "NamedAliasCount": 0
    }
  }
}      "NamedAliasCount": 0
    }
    }
  }
}  }
}Array typekind/rank: Real*8 / 2 
~ lower class' values ~
  }
}Array typekind/rank: Real*8 / 2 
~ lower class' values ~
Array typekind/rank: Real*8 / 2 
DistGrid dimCount = 2
Array typekind/rank: Real*8 / 2 
~ lower class' values ~
~ lower class' values ~
deCount = 4
DistGrid dimCount = 2
deCount = 4
DistGrid dimCount = 2
deCount = 4
localDeCount = 1
~ local data in LocalArray for DE 3 ~
localDeCount = 1
DistGrid dimCount = 2
deCount = 4
localDeCount = 1
~ local data in LocalArray for DE 2 ~
LocalArrayPrint: Array at address 0x12860e1c0:
~ local data in LocalArray for DE 1 ~
LocalArrayPrint: Array at address 0x13be05a50:
localDeCount = 1
~ local data in LocalArray for DE 0 ~
LocalArrayPrint: Array at address 0x12ce0abf0:
            rank = 2, typekind = 6, base_addr = 0x1020af150
            dim[0] = 4  dim[1] = 4  
LocalArrayPrint: Array at address 0x1437097b0:
            rank = 2, typekind = 6, base_addr = 0x10634b150
            rank = 2, typekind = 6, base_addr = 0x105fc7150
            dim[0] = 4  dim[1] = 4  
  Real, *8, Dim 2, Data values:
  Real, *8, Dim 2, Data values:
( 0, 0) =  300
( 1, 0) =  301
            dim[0] = 4  dim[1] = 4  
  Real, *8, Dim 2, Data values:
            rank = 2, typekind = 6, base_addr = 0x103a23150
            dim[0] = 4  dim[1] = 4  
  Real, *8, Dim 2, Data values:
( 0, 0) =  301
( 0, 0) =  302
( 2, 0) =  301
( 1, 0) =  300
( 3, 0) =  303
( 1, 0) =  301
( 2, 0) =  301
( 0, 0) =  300
( 1, 0) =  300
( 2, 0) =  300
( 0, 1) =  302
( 1, 1) =  303
( 3, 0) =  301
( 3, 0) =  301
( 2, 0) =  300
( 0, 1) =  302
( 3, 0) =  300
( 2, 1) =  303
( 3, 1) =  303
( 1, 1) =  302
( 0, 1) =  300
( 0, 1) =  300
( 1, 1) =  301
( 2, 1) =  301
( 2, 1) =  302
( 1, 1) =  300
( 0, 2) =  302
( 1, 2) =  303
( 3, 1) =  303
( 2, 1) =  300
( 3, 1) =  301
( 0, 2) =  300
( 0, 2) =  302
( 1, 2) =  302
( 3, 1) =  301
( 0, 2) =  300
( 2, 2) =  303
( 3, 2) =  303
( 1, 2) =  301
( 2, 2) =  301
( 0, 3) =  303
( 1, 3) =  303
( 2, 2) =  302
( 3, 2) =  303
( 1, 2) =  300
( 2, 2) =  300
( 3, 2) =  301
( 3, 2) =  301
( 0, 3) =  302
( 2, 3) =  303
( 3, 3) =  303
( 0, 3) =  302
( 1, 3) =  302
( 1, 3) =  303
( 2, 3) =  303
--- ESMCI::Array::print end ---
--- ESMCI::Array::print start ---
( 2, 3) =  302
( 3, 3) =  302
( 0, 3) =  300
( 1, 3) =  302
( 2, 3) =  302
( 3, 3) =  303
( 3, 3) =  301
--- ESMCI::Array::print end ---
 Base name    = Array005
--- ESMCI::Array::print start ---
 Base name    = Array005
 Status: Base = Ready,  object = Ready
 Proxy        = no
--- ESMCI::Array::print end ---
--- ESMCI::Array::print start ---
 Base name    = Array005
--- ESMCI::Array::print end ---
--- ESMCI::Array::print start ---
 Base name    = Array005
 Status: Base = Ready,  object = Ready
 Proxy        = no
 Root Info (Attributes):
 Status: Base = Ready,  object = Ready
 Root Info (Attributes):
{
  "ESMF": {
 Proxy        = no
 Status: Base = Ready,  object = Ready
 Proxy        = no
{
 Root Info (Attributes):
  "ESMF": {
 Root Info (Attributes):
    "Instance": {
      "NamedAliasCount": 0
    "Instance": {
      "NamedAliasCount": 0
{
  "ESMF": {
{
  "ESMF": {
    "Instance": {
    }
  }
      "NamedAliasCount": 0
    }
    }
  }
    "Instance": {
      "NamedAliasCount": 0
}Array typekind/rank: Real*8 / 2 
  }
    }
}  }
Array typekind/rank: Real*8 / 2 
~ lower class' values ~
}Array typekind/rank: Real*8 / 2 
~ lower class' values ~
DistGrid dimCount = 2
}Array typekind/rank: Real*8 / 2 
DistGrid dimCount = 2
deCount = 4
~ lower class' values ~
DistGrid dimCount = 2
deCount = 4
localDeCount = 1
~ lower class' values ~
localDeCount = 1
deCount = 4
localDeCount = 1
DistGrid dimCount = 2
deCount = 4
~ local data in LocalArray for DE 1 ~
LocalArrayPrint: Array at address 0x13be06070:
~ local data in LocalArray for DE 3 ~
LocalArrayPrint: Array at address 0x12860e4f0:
            rank = 2, typekind = 6, base_addr = 0x1020af3c0
localDeCount = 1
~ local data in LocalArray for DE 0 ~
LocalArrayPrint: Array at address 0x143709ae0:
            rank = 2, typekind = 6, base_addr = 0x103a233c0
            dim[0] = 4  dim[1] = 4  
  Real, *8, Dim 2, Data values:
            dim[0] = 4  dim[1] = 4  
  Real, *8, Dim 2, Data values:
~ local data in LocalArray for DE 2 ~
LocalArrayPrint: Array at address 0x12ce0af20:
            rank = 2, typekind = 6, base_addr = 0x105fc73c0
            dim[0] = 4  dim[1] = 4  
            rank = 2, typekind = 6, base_addr = 0x10634b3c0
( 0, 0) =  401
( 0, 0) =  400
            dim[0] = 4  dim[1] = 4  
  Real, *8, Dim 2, Data values:
( 1, 0) =  401
( 2, 0) =  401
( 1, 0) =  401
( 2, 0) =  401
  Real, *8, Dim 2, Data values:
( 0, 0) =  402
( 0, 0) =  400
( 3, 0) =  401
( 3, 0) =  403
( 1, 0) =  400
( 2, 0) =  400
( 1, 0) =  400
( 0, 1) =  400
( 0, 1) =  402
( 2, 0) =  400
( 1, 1) =  401
( 1, 1) =  403
( 2, 1) =  403
( 3, 0) =  401
( 0, 1) =  402
( 3, 0) =  400
( 0, 1) =  400
( 2, 1) =  401
( 3, 1) =  401
( 3, 1) =  403
( 1, 1) =  402
( 2, 1) =  402
( 1, 1) =  400
( 0, 2) =  400
( 1, 2) =  401
( 0, 2) =  402
( 1, 2) =  403
( 2, 1) =  400
( 3, 1) =  401
( 2, 2) =  401
( 2, 2) =  403
( 3, 2) =  403
( 3, 1) =  403
( 0, 2) =  402
( 1, 2) =  402
( 0, 2) =  400
( 3, 2) =  401
( 0, 3) =  402
( 1, 2) =  400
( 2, 2) =  400
( 1, 3) =  403
( 2, 3) =  403
( 0, 3) =  403
( 1, 3) =  403
( 2, 2) =  402
( 3, 2) =  403
( 3, 2) =  401
( 3, 3) =  401
--- ESMCI::Array::print end ---
( 2, 3) =  403
( 3, 3) =  403
--- ESMCI::Array::print end ---
( 0, 3) =  402
( 1, 3) =  402
( 2, 3) =  402
( 0, 3) =  400
( 1, 3) =  402
--- ESMCI::Array::print start ---
 Base name    = Array006
--- ESMCI::Array::print start ---
 Base name    = Array006
( 2, 3) =  402
( 3, 3) =  403
 Status: Base = Ready,  object = Ready
 Proxy        = no
( 3, 3) =  402
--- ESMCI::Array::print end ---
--- ESMCI::Array::print start ---
 Status: Base = Ready,  object = Ready
 Proxy        = no
--- ESMCI::Array::print end ---
--- ESMCI::Array::print start ---
 Root Info (Attributes):
 Root Info (Attributes):
 Base name    = Array006
 Status: Base = Ready,  object = Ready
{
{
 Base name    = Array006
  "ESMF": {
  "ESMF": {
 Status: Base = Ready,  object = Ready
 Proxy        = no
 Proxy        = no
 Root Info (Attributes):
    "Instance": {
    "Instance": {
      "NamedAliasCount": 0
      "NamedAliasCount": 0
    }
{
  "ESMF": {
 Root Info (Attributes):
{
    }
  }
  }
    "Instance": {
      "NamedAliasCount": 0
}Array typekind/rank: Real*8 / 2 
  "ESMF": {
    "Instance": {
}Array typekind/rank: Real*8 / 2 
~ lower class' values ~
      "NamedAliasCount": 0
    }
~ lower class' values ~
DistGrid dimCount = 2
    }
  }
}DistGrid dimCount = 2
deCount = 4
  }
}Array typekind/rank: Real*8 / 2 
deCount = 4
Array typekind/rank: Real*8 / 2 
~ lower class' values ~
localDeCount = 1
~ local data in LocalArray for DE 3 ~
~ lower class' values ~
DistGrid dimCount = 2
localDeCount = 1
~ local data in LocalArray for DE 1 ~
LocalArrayPrint: Array at address 0x13be063a0:
DistGrid dimCount = 2
deCount = 4
localDeCount = 1
LocalArrayPrint: Array at address 0x12860e820:
            rank = 2, typekind = 6, base_addr = 0x1020af090
            dim[0] = 4  dim[1] = 3  
  Real, *8, Dim 2, Data values:
deCount = 4
localDeCount = 1
~ local data in LocalArray for DE 0 ~
LocalArrayPrint: Array at address 0x143709e10:
            rank = 2, typekind = 6, base_addr = 0x103a23090
            dim[0] = 4  dim[1] = 3  
  Real, *8, Dim 2, Data values:
~ local data in LocalArray for DE 2 ~
LocalArrayPrint: Array at address 0x12ce0b250:
( 0, 0) =  500
( 1, 0) =  501
            rank = 2, typekind = 6, base_addr = 0x10634b090
( 0, 0) =  501
            rank = 2, typekind = 6, base_addr = 0x105fc7090
( 2, 0) =  501
            dim[0] = 4  dim[1] = 3  
( 1, 0) =  501
            dim[0] = 4  dim[1] = 3  
  Real, *8, Dim 2, Data values:
( 3, 0) =  503
  Real, *8, Dim 2, Data values:
( 2, 0) =  501
( 3, 0) =  501
( 0, 1) =  502
( 0, 0) =  500
( 1, 0) =  500
( 0, 0) =  502
( 1, 0) =  500
( 1, 1) =  503
( 2, 1) =  503
( 0, 1) =  500
( 1, 1) =  501
( 2, 0) =  500
( 2, 0) =  500
( 3, 0) =  501
( 3, 0) =  500
( 3, 1) =  503
( 2, 1) =  501
( 3, 1) =  501
( 0, 1) =  502
( 0, 1) =  500
( 1, 1) =  500
( 0, 2) =  502
( 1, 2) =  503
( 1, 1) =  502
( 0, 2) =  500
( 1, 2) =  501
( 2, 1) =  502
( 3, 1) =  503
( 2, 1) =  500
( 3, 1) =  501
( 2, 2) =  503
( 3, 2) =  503
( 2, 2) =  501
( 3, 2) =  501
( 0, 2) =  502
( 1, 2) =  502
--- ESMCI::Array::print end ---
( 0, 2) =  500
( 1, 2) =  500
( 2, 2) =  502
( 3, 2) =  503
( 2, 2) =  500
( 3, 2) =  501
--- ESMCI::Array::print end ---
--- ESMCI::Array::print end ---
  PASS  Example ESMF_ArrayBundleHaloEx, ESMF_ArrayBundleHaloEx.F90, line 172
--- ESMCI::Array::print end ---
  PASS  Example ESMF_ArrayBundleHaloEx, ESMF_ArrayBundleHaloEx.F90, line 172
  PASS  Example ESMF_ArrayBundleHaloEx, ESMF_ArrayBundleHaloEx.F90, line 172
  PASS  Example ESMF_ArrayBundleHaloEx, ESMF_ArrayBundleHaloEx.F90, line 172
 PASS: ESMF_ArrayBundleHaloEx.F90
 PASS: ESMF_ArrayBundleHaloEx.F90
 PASS: ESMF_ArrayBundleHaloEx.F90
 PASS: ESMF_ArrayBundleHaloEx.F90
