2026-05-18 22:57:04
20260519 015200.853 INFO             PET0 !!!!!!!!!!!!!!!!!!!!!!!!!!!!!!!!!!!!!!!!!!!!!!!!!!!!!!
20260519 015200.853 INFO             PET0 !!! THE ESMF_LOG IS SET TO OUTPUT ALL LOG MESSAGES !!!
20260519 015200.853 INFO             PET0 !!!     THIS MAY CAUSE SLOWDOWN IN PERFORMANCE     !!!
20260519 015200.853 INFO             PET0 !!! FOR PRODUCTION RUNS, USE:                      !!!
20260519 015200.853 INFO             PET0 !!!                   ESMF_LOGKIND_Multi_On_Error  !!!
20260519 015200.853 INFO             PET0 !!!!!!!!!!!!!!!!!!!!!!!!!!!!!!!!!!!!!!!!!!!!!!!!!!!!!!
20260519 015200.853 INFO             PET0 Running with ESMF Version   : v9.0.0b13
20260519 015200.853 INFO             PET0 ESMF library build date/time: "May 18 2026" "22:54:01"
20260519 015200.853 INFO             PET0 ESMF library build location : /discover/nobackup/projects/gmao/SIteam/ESMF_Testing/intel_2021.6.0_intelmpi_g_develop/esmf
20260519 015200.853 INFO             PET0 ESMF_COMM                   : intelmpi
20260519 015200.854 INFO             PET0 ESMF_MOAB                   : enabled
20260519 015200.854 INFO             PET0 ESMF_LAPACK                 : enabled
20260519 015200.854 INFO             PET0 ESMF_NETCDF                 : disabled
20260519 015200.854 INFO             PET0 ESMF_PNETCDF                : disabled
20260519 015200.854 INFO             PET0 ESMF_PIO                    : disabled
20260519 015200.854 INFO             PET0 ESMF_YAMLCPP                : enabled
20260519 015200.862 INFO             PET0 =============================================
20260519 015200.862 INFO             PET0 ESMX (Earth System Model eXecutable) STARTING
20260519 015200.862 INFO             PET0 =============================================
20260519 015200.881 DEBUG            PET0 Generic SetVM() is executing for: ESMX_Driver
20260519 015200.882 DEBUG            PET0 Generic SetVM() found no NUOPC Hint for: ESMX_Driver
20260519 015200.882 DEBUG            PET0 Generic SetVM() therefore is NOT calling ESMF_GridCompSetVMMaxPEs() for: ESMX_Driver
20260519 015200.892 INFO             PET0 ESMX_Driver: InitializeGeneric intro.
20260519 015200.892 INFO             PET0   >>>ESMX_Driver: entered Initialize (phase=<none>) without valid internal Clock.
20260519 015200.892 INFO             PET0   ESMX_Driver: InitializeP0 intro.
20260519 015200.892 INFO             PET0     >>>ESMX_Driver: entered Initialize (phase=<none>) without valid internal Clock.
20260519 015200.892 INFO             PET0     <<<ESMX_Driver: leaving Initialize (phase=<none>) without valid internal Clock.
20260519 015200.892 INFO             PET0   ESMX_Driver: InitializeP0 extro.
20260519 015200.893 INFO             PET0   ESMX_Driver: InitializeIPDv02p1 intro.
20260519 015200.893 INFO             PET0     >>>ESMX_Driver: entered Initialize (phase=<none>) without valid internal Clock.
20260519 015200.902 INFO             PET0     ESMX_Driver - Creating model component ABC without petList.
20260519 015200.902 DEBUG            PET0     Generic SetVM() is executing for: ABC
20260519 015200.902 DEBUG            PET0     Generic SetVM() found no NUOPC Hint for: ABC
20260519 015200.902 DEBUG            PET0     Generic SetVM() therefore is NOT calling ESMF_GridCompSetVMMaxPEs() for: ABC
20260519 015200.909 INFO             PET0     ABC: InitializeP0 intro.
20260519 015200.910 INFO             PET0       >>>ABC: entered Initialize (phase=<none>) without valid internal Clock.
20260519 015200.911 INFO             PET0       <<<ABC: leaving Initialize (phase=<none>) without valid internal Clock.
20260519 015200.911 INFO             PET0     ABC: InitializeP0 extro.
20260519 015200.917 INFO             PET0     ESMX_Driver: IInitAdvertise intro.
20260519 015200.917 INFO             PET0       >>>ESMX_Driver: entered Initialize (phase=<none>) with current time: 2012 10 24  8  0  0   0
20260519 015200.917 INFO             PET0       <<<ESMX_Driver: leaving Initialize (phase=<none>) with current time: 2012 10 24  8  0  0   0
20260519 015200.918 INFO             PET0     ESMX_Driver: IInitAdvertise extro.
20260519 015200.918 INFO             PET0     ABC: InitializeIPDvXp01 intro.
20260519 015200.918 INFO             PET0       >>>ABC: entered Initialize (phase=IPDvXp01) without valid internal Clock.
20260519 015200.920 INFO             PET0       <<<ABC: leaving Initialize (phase=IPDvXp01) without valid internal Clock.
20260519 015200.920 INFO             PET0     ABC: InitializeIPDvXp01 extro.
20260519 015200.921 INFO             PET0     ESMX_Driver: IInitAdvertiseFinish intro.
20260519 015200.921 INFO             PET0       >>>ESMX_Driver: entered Initialize (phase=<none>) with current time: 2012 10 24  8  0  0   0
20260519 015200.921 INFO             PET0       <<<ESMX_Driver: leaving Initialize (phase=<none>) with current time: 2012 10 24  8  0  0   0
20260519 015200.921 INFO             PET0     ESMX_Driver: IInitAdvertiseFinish extro.
20260519 015200.922 INFO             PET0     ESMX_Driver: IInitModifyCplLists intro.
20260519 015200.922 INFO             PET0       >>>ESMX_Driver: entered Initialize (phase=<none>) with current time: 2012 10 24  8  0  0   0
20260519 015200.922 INFO             PET0       <<<ESMX_Driver: leaving Initialize (phase=<none>) with current time: 2012 10 24  8  0  0   0
20260519 015200.922 INFO             PET0     ESMX_Driver: IInitModifyCplLists extro.
20260519 015200.923 INFO             PET0     <<<ESMX_Driver: leaving Initialize (phase=<none>) with current time: 2012 10 24  8  0  0   0
20260519 015200.923 INFO             PET0   ESMX_Driver: InitializeIPDv02p1 extro.
20260519 015200.923 INFO             PET0   ESMX_Driver: InitializeIPDv02p3 intro.
20260519 015200.923 INFO             PET0     >>>ESMX_Driver: entered Initialize (phase=<none>) with current time: 2012 10 24  8  0  0   0
20260519 015200.924 INFO             PET0     ESMX_Driver: IInitCheck intro.
20260519 015200.924 INFO             PET0       >>>ESMX_Driver: entered Initialize (phase=<none>) with current time: 2012 10 24  8  0  0   0
20260519 015200.924 INFO             PET0       <<<ESMX_Driver: leaving Initialize (phase=<none>) with current time: 2012 10 24  8  0  0   0
20260519 015200.924 INFO             PET0     ESMX_Driver: IInitCheck extro.
20260519 015200.924 INFO             PET0     ABC: InitializeIPDvXp04 intro.
20260519 015200.924 INFO             PET0       >>>ABC: entered Initialize (phase=IPDvXp04) without valid internal Clock.
20260519 015200.930 INFO             PET0       <<<ABC: leaving Initialize (phase=IPDvXp04) without valid internal Clock.
20260519 015200.930 INFO             PET0     ABC: InitializeIPDvXp04 extro.
20260519 015200.931 INFO             PET0     ESMX_Driver: IInitRealize intro.
20260519 015200.931 INFO             PET0       >>>ESMX_Driver: entered Initialize (phase=<none>) with current time: 2012 10 24  8  0  0   0
20260519 015200.932 INFO             PET0       <<<ESMX_Driver: leaving Initialize (phase=<none>) with current time: 2012 10 24  8  0  0   0
20260519 015200.932 INFO             PET0     ESMX_Driver: IInitRealize extro.
20260519 015200.932 INFO             PET0     ABC: InitializeIPDvXp07 intro.
20260519 015200.932 INFO             PET0       >>>ABC: entered Initialize (phase=IPDvXp07) without valid internal Clock.
20260519 015200.933 INFO             PET0       <<<ABC: leaving Initialize (phase=IPDvXp07) with current time: 2012 10 24  8  0  0   0
20260519 015200.933 INFO             PET0     ABC: InitializeIPDvXp07 extro.
20260519 015200.933 INFO             PET0     <<<ESMX_Driver: leaving Initialize (phase=<none>) with current time: 2012 10 24  8  0  0   0
20260519 015200.933 INFO             PET0   ESMX_Driver: InitializeIPDv02p3 extro.
20260519 015200.933 INFO             PET0   ESMX_Driver: InitializeIPDv02p5 intro.
20260519 015200.933 INFO             PET0     >>>ESMX_Driver: entered Initialize (phase=<none>) with current time: 2012 10 24  8  0  0   0
20260519 015200.933 INFO             PET0     ESMX_Driver: InitializeIPDv02p5Data intro.
20260519 015200.934 INFO             PET0       >>>ESMX_Driver: entered Initialize (phase=<none>) with current time: 2012 10 24  8  0  0   0
20260519 015200.934 INFO             PET0       ESMX_Driver: InternalInitializeComplete intro.
20260519 015200.934 INFO             PET0         >>>ESMX_Driver: entered Initialize (phase=<none>) with current time: 2012 10 24  8  0  0   0
20260519 015200.934 INFO             PET0         <<<ESMX_Driver: leaving Initialize (phase=<none>) with current time: 2012 10 24  8  0  0   0
20260519 015200.934 INFO             PET0       ESMX_Driver: InternalInitializeComplete extro.
20260519 015200.935 INFO             PET0       ABC: InitializeIPDvXp08 intro.
20260519 015200.935 INFO             PET0         >>>ABC: entered Initialize (phase=IPDv05p8) with current time: 2012 10 24  8  0  0   0
20260519 015200.935 INFO             PET0         <<<ABC: leaving Initialize (phase=IPDv05p8) with current time: 2012 10 24  8  0  0   0
20260519 015200.935 INFO             PET0       ABC: InitializeIPDvXp08 extro.
20260519 015200.937 INFO             PET0       ESMX_Driver: loopDataDependentInitialize intro.
20260519 015200.937 INFO             PET0         >>>ESMX_Driver: entered Initialize (phase=<none>) with current time: 2012 10 24  8  0  0   0
20260519 015200.938 INFO             PET0         <<<ESMX_Driver: leaving Initialize (phase=<none>) with current time: 2012 10 24  8  0  0   0
20260519 015200.938 INFO             PET0       ESMX_Driver: loopDataDependentInitialize extro.
20260519 015200.938 INFO             PET0       <<<ESMX_Driver: leaving Initialize (phase=<none>) with current time: 2012 10 24  8  0  0   0
20260519 015200.938 INFO             PET0     ESMX_Driver: InitializeIPDv02p5Data extro.
20260519 015200.938 INFO             PET0     <<<ESMX_Driver: leaving Initialize (phase=<none>) with current time: 2012 10 24  8  0  0   0
20260519 015200.938 INFO             PET0   ESMX_Driver: InitializeIPDv02p5 extro.
20260519 015200.938 INFO             PET0   <<<ESMX_Driver: leaving Initialize (phase=<none>) with current time: 2012 10 24  8  0  0   0
20260519 015200.938 INFO             PET0 ESMX_Driver: InitializeGeneric extro.
20260519 015200.939 INFO             PET0 ESMX_Driver: Run intro.
20260519 015200.939 INFO             PET0   >>>ESMX_Driver: entered Run (phase=RunPhase1) with current time: 2012 10 24  8  0  0   0
20260519 015200.939 INFO             PET0   ABC: Run intro.
20260519 015200.940 INFO             PET0     >>>ABC: entered Run (phase=RunPhase1) with current time: 2012 10 24  8  0  0   0
20260519 015200.940 INFO             PET0     <<<ABC: leaving Run (phase=RunPhase1) with current time: 2012 10 24 20  0  0   0
20260519 015200.940 INFO             PET0   ABC: Run extro.
20260519 015200.940 INFO             PET0   <<<ESMX_Driver: leaving Run (phase=RunPhase1) with current time: 2012 10 24 20  0  0   0
20260519 015200.940 INFO             PET0 ESMX_Driver: Run extro.
20260519 015200.940 INFO             PET0 ESMX_Driver: Finalize intro.
20260519 015200.941 INFO             PET0   >>>ESMX_Driver: entered Finalize (phase=FinalizePhase1) with current time: 2012 10 24 20  0  0   0
20260519 015200.941 INFO             PET0   Calling Finalize phase 1 for modelComp: ABC
20260519 015200.941 INFO             PET0   ABC: Finalize intro.
20260519 015200.941 INFO             PET0     >>>ABC: entered Finalize (phase=FinalizePhase1) with current time: 2012 10 24 20  0  0   0
20260519 015200.941 INFO             PET0     <<<ABC: leaving Finalize (phase=FinalizePhase1) with current time: 2012 10 24 20  0  0   0
20260519 015200.941 INFO             PET0   ABC: Finalize extro.
20260519 015200.941 INFO             PET0   Delete modelComp: ABC
20260519 015200.942 INFO             PET0   <<<ESMX_Driver: leaving Finalize (phase=FinalizePhase1) with current time: 2012 10 24 20  0  0   0
20260519 015200.942 INFO             PET0 ESMX_Driver: Finalize extro.
20260519 015200.942 INFO             PET0 =============================================
20260519 015200.942 INFO             PET0 ESMX (Earth System Model eXecutable) FINISHED
20260519 015200.942 INFO             PET0 =============================================
20260519 015200.942 INFO             PET0  Finalizing ESMF
20260519 015200.854 INFO             PET1 !!!!!!!!!!!!!!!!!!!!!!!!!!!!!!!!!!!!!!!!!!!!!!!!!!!!!!
20260519 015200.854 INFO             PET1 !!! THE ESMF_LOG IS SET TO OUTPUT ALL LOG MESSAGES !!!
20260519 015200.854 INFO             PET1 !!!     THIS MAY CAUSE SLOWDOWN IN PERFORMANCE     !!!
20260519 015200.854 INFO             PET1 !!! FOR PRODUCTION RUNS, USE:                      !!!
20260519 015200.854 INFO             PET1 !!!                   ESMF_LOGKIND_Multi_On_Error  !!!
20260519 015200.854 INFO             PET1 !!!!!!!!!!!!!!!!!!!!!!!!!!!!!!!!!!!!!!!!!!!!!!!!!!!!!!
20260519 015200.854 INFO             PET1 Running with ESMF Version   : v9.0.0b13
20260519 015200.854 INFO             PET1 ESMF library build date/time: "May 18 2026" "22:54:01"
20260519 015200.854 INFO             PET1 ESMF library build location : /discover/nobackup/projects/gmao/SIteam/ESMF_Testing/intel_2021.6.0_intelmpi_g_develop/esmf
20260519 015200.854 INFO             PET1 ESMF_COMM                   : intelmpi
20260519 015200.854 INFO             PET1 ESMF_MOAB                   : enabled
20260519 015200.854 INFO             PET1 ESMF_LAPACK                 : enabled
20260519 015200.854 INFO             PET1 ESMF_NETCDF                 : disabled
20260519 015200.854 INFO             PET1 ESMF_PNETCDF                : disabled
20260519 015200.854 INFO             PET1 ESMF_PIO                    : disabled
20260519 015200.854 INFO             PET1 ESMF_YAMLCPP                : enabled
20260519 015200.862 INFO             PET1 =============================================
20260519 015200.862 INFO             PET1 ESMX (Earth System Model eXecutable) STARTING
20260519 015200.862 INFO             PET1 =============================================
20260519 015200.881 DEBUG            PET1 Generic SetVM() is executing for: ESMX_Driver
20260519 015200.882 DEBUG            PET1 Generic SetVM() found no NUOPC Hint for: ESMX_Driver
20260519 015200.882 DEBUG            PET1 Generic SetVM() therefore is NOT calling ESMF_GridCompSetVMMaxPEs() for: ESMX_Driver
20260519 015200.892 INFO             PET1 ESMX_Driver: InitializeGeneric intro.
20260519 015200.892 INFO             PET1   >>>ESMX_Driver: entered Initialize (phase=<none>) without valid internal Clock.
20260519 015200.892 INFO             PET1   ESMX_Driver: InitializeP0 intro.
20260519 015200.892 INFO             PET1     >>>ESMX_Driver: entered Initialize (phase=<none>) without valid internal Clock.
20260519 015200.892 INFO             PET1     <<<ESMX_Driver: leaving Initialize (phase=<none>) without valid internal Clock.
20260519 015200.892 INFO             PET1   ESMX_Driver: InitializeP0 extro.
20260519 015200.893 INFO             PET1   ESMX_Driver: InitializeIPDv02p1 intro.
20260519 015200.893 INFO             PET1     >>>ESMX_Driver: entered Initialize (phase=<none>) without valid internal Clock.
20260519 015200.902 INFO             PET1     ESMX_Driver - Creating model component ABC without petList.
20260519 015200.902 DEBUG            PET1     Generic SetVM() is executing for: ABC
20260519 015200.902 DEBUG            PET1     Generic SetVM() found no NUOPC Hint for: ABC
20260519 015200.902 DEBUG            PET1     Generic SetVM() therefore is NOT calling ESMF_GridCompSetVMMaxPEs() for: ABC
20260519 015200.909 INFO             PET1     ABC: InitializeP0 intro.
20260519 015200.910 INFO             PET1       >>>ABC: entered Initialize (phase=<none>) without valid internal Clock.
20260519 015200.911 INFO             PET1       <<<ABC: leaving Initialize (phase=<none>) without valid internal Clock.
20260519 015200.911 INFO             PET1     ABC: InitializeP0 extro.
20260519 015200.917 INFO             PET1     ESMX_Driver: IInitAdvertise intro.
20260519 015200.918 INFO             PET1       >>>ESMX_Driver: entered Initialize (phase=<none>) with current time: 2012 10 24  8  0  0   0
20260519 015200.918 INFO             PET1       <<<ESMX_Driver: leaving Initialize (phase=<none>) with current time: 2012 10 24  8  0  0   0
20260519 015200.918 INFO             PET1     ESMX_Driver: IInitAdvertise extro.
20260519 015200.918 INFO             PET1     ABC: InitializeIPDvXp01 intro.
20260519 015200.919 INFO             PET1       >>>ABC: entered Initialize (phase=IPDvXp01) without valid internal Clock.
20260519 015200.920 INFO             PET1       <<<ABC: leaving Initialize (phase=IPDvXp01) without valid internal Clock.
20260519 015200.920 INFO             PET1     ABC: InitializeIPDvXp01 extro.
20260519 015200.921 INFO             PET1     ESMX_Driver: IInitAdvertiseFinish intro.
20260519 015200.922 INFO             PET1       >>>ESMX_Driver: entered Initialize (phase=<none>) with current time: 2012 10 24  8  0  0   0
20260519 015200.922 INFO             PET1       <<<ESMX_Driver: leaving Initialize (phase=<none>) with current time: 2012 10 24  8  0  0   0
20260519 015200.922 INFO             PET1     ESMX_Driver: IInitAdvertiseFinish extro.
20260519 015200.922 INFO             PET1     ESMX_Driver: IInitModifyCplLists intro.
20260519 015200.923 INFO             PET1       >>>ESMX_Driver: entered Initialize (phase=<none>) with current time: 2012 10 24  8  0  0   0
20260519 015200.923 INFO             PET1       <<<ESMX_Driver: leaving Initialize (phase=<none>) with current time: 2012 10 24  8  0  0   0
20260519 015200.923 INFO             PET1     ESMX_Driver: IInitModifyCplLists extro.
20260519 015200.923 INFO             PET1     <<<ESMX_Driver: leaving Initialize (phase=<none>) with current time: 2012 10 24  8  0  0   0
20260519 015200.923 INFO             PET1   ESMX_Driver: InitializeIPDv02p1 extro.
20260519 015200.923 INFO             PET1   ESMX_Driver: InitializeIPDv02p3 intro.
20260519 015200.923 INFO             PET1     >>>ESMX_Driver: entered Initialize (phase=<none>) with current time: 2012 10 24  8  0  0   0
20260519 015200.924 INFO             PET1     ESMX_Driver: IInitCheck intro.
20260519 015200.924 INFO             PET1       >>>ESMX_Driver: entered Initialize (phase=<none>) with current time: 2012 10 24  8  0  0   0
20260519 015200.924 INFO             PET1       <<<ESMX_Driver: leaving Initialize (phase=<none>) with current time: 2012 10 24  8  0  0   0
20260519 015200.924 INFO             PET1     ESMX_Driver: IInitCheck extro.
20260519 015200.925 INFO             PET1     ABC: InitializeIPDvXp04 intro.
20260519 015200.925 INFO             PET1       >>>ABC: entered Initialize (phase=IPDvXp04) without valid internal Clock.
20260519 015200.930 INFO             PET1       <<<ABC: leaving Initialize (phase=IPDvXp04) without valid internal Clock.
20260519 015200.930 INFO             PET1     ABC: InitializeIPDvXp04 extro.
20260519 015200.932 INFO             PET1     ESMX_Driver: IInitRealize intro.
20260519 015200.932 INFO             PET1       >>>ESMX_Driver: entered Initialize (phase=<none>) with current time: 2012 10 24  8  0  0   0
20260519 015200.932 INFO             PET1       <<<ESMX_Driver: leaving Initialize (phase=<none>) with current time: 2012 10 24  8  0  0   0
20260519 015200.932 INFO             PET1     ESMX_Driver: IInitRealize extro.
20260519 015200.933 INFO             PET1     ABC: InitializeIPDvXp07 intro.
20260519 015200.933 INFO             PET1       >>>ABC: entered Initialize (phase=IPDvXp07) without valid internal Clock.
20260519 015200.933 INFO             PET1       <<<ABC: leaving Initialize (phase=IPDvXp07) with current time: 2012 10 24  8  0  0   0
20260519 015200.933 INFO             PET1     ABC: InitializeIPDvXp07 extro.
20260519 015200.933 INFO             PET1     <<<ESMX_Driver: leaving Initialize (phase=<none>) with current time: 2012 10 24  8  0  0   0
20260519 015200.933 INFO             PET1   ESMX_Driver: InitializeIPDv02p3 extro.
20260519 015200.933 INFO             PET1   ESMX_Driver: InitializeIPDv02p5 intro.
20260519 015200.934 INFO             PET1     >>>ESMX_Driver: entered Initialize (phase=<none>) with current time: 2012 10 24  8  0  0   0
20260519 015200.934 INFO             PET1     ESMX_Driver: InitializeIPDv02p5Data intro.
20260519 015200.934 INFO             PET1       >>>ESMX_Driver: entered Initialize (phase=<none>) with current time: 2012 10 24  8  0  0   0
20260519 015200.934 INFO             PET1       ESMX_Driver: InternalInitializeComplete intro.
20260519 015200.934 INFO             PET1         >>>ESMX_Driver: entered Initialize (phase=<none>) with current time: 2012 10 24  8  0  0   0
20260519 015200.935 INFO             PET1         <<<ESMX_Driver: leaving Initialize (phase=<none>) with current time: 2012 10 24  8  0  0   0
20260519 015200.935 INFO             PET1       ESMX_Driver: InternalInitializeComplete extro.
20260519 015200.935 INFO             PET1       ABC: InitializeIPDvXp08 intro.
20260519 015200.935 INFO             PET1         >>>ABC: entered Initialize (phase=IPDv05p8) with current time: 2012 10 24  8  0  0   0
20260519 015200.936 INFO             PET1         <<<ABC: leaving Initialize (phase=IPDv05p8) with current time: 2012 10 24  8  0  0   0
20260519 015200.936 INFO             PET1       ABC: InitializeIPDvXp08 extro.
20260519 015200.937 INFO             PET1       ESMX_Driver: loopDataDependentInitialize intro.
20260519 015200.937 INFO             PET1         >>>ESMX_Driver: entered Initialize (phase=<none>) with current time: 2012 10 24  8  0  0   0
20260519 015200.938 INFO             PET1         <<<ESMX_Driver: leaving Initialize (phase=<none>) with current time: 2012 10 24  8  0  0   0
20260519 015200.938 INFO             PET1       ESMX_Driver: loopDataDependentInitialize extro.
20260519 015200.938 INFO             PET1       <<<ESMX_Driver: leaving Initialize (phase=<none>) with current time: 2012 10 24  8  0  0   0
20260519 015200.938 INFO             PET1     ESMX_Driver: InitializeIPDv02p5Data extro.
20260519 015200.938 INFO             PET1     <<<ESMX_Driver: leaving Initialize (phase=<none>) with current time: 2012 10 24  8  0  0   0
20260519 015200.938 INFO             PET1   ESMX_Driver: InitializeIPDv02p5 extro.
20260519 015200.938 INFO             PET1   <<<ESMX_Driver: leaving Initialize (phase=<none>) with current time: 2012 10 24  8  0  0   0
20260519 015200.938 INFO             PET1 ESMX_Driver: InitializeGeneric extro.
20260519 015200.938 INFO             PET1 ESMX_Driver: Run intro.
20260519 015200.939 INFO             PET1   >>>ESMX_Driver: entered Run (phase=RunPhase1) with current time: 2012 10 24  8  0  0   0
20260519 015200.939 INFO             PET1   ABC: Run intro.
20260519 015200.940 INFO             PET1     >>>ABC: entered Run (phase=RunPhase1) with current time: 2012 10 24  8  0  0   0
20260519 015200.940 INFO             PET1     <<<ABC: leaving Run (phase=RunPhase1) with current time: 2012 10 24 20  0  0   0
20260519 015200.940 INFO             PET1   ABC: Run extro.
20260519 015200.940 INFO             PET1   <<<ESMX_Driver: leaving Run (phase=RunPhase1) with current time: 2012 10 24 20  0  0   0
20260519 015200.940 INFO             PET1 ESMX_Driver: Run extro.
20260519 015200.940 INFO             PET1 ESMX_Driver: Finalize intro.
20260519 015200.940 INFO             PET1   >>>ESMX_Driver: entered Finalize (phase=FinalizePhase1) with current time: 2012 10 24 20  0  0   0
20260519 015200.941 INFO             PET1   Calling Finalize phase 1 for modelComp: ABC
20260519 015200.941 INFO             PET1   ABC: Finalize intro.
20260519 015200.941 INFO             PET1     >>>ABC: entered Finalize (phase=FinalizePhase1) with current time: 2012 10 24 20  0  0   0
20260519 015200.941 INFO             PET1     <<<ABC: leaving Finalize (phase=FinalizePhase1) with current time: 2012 10 24 20  0  0   0
20260519 015200.941 INFO             PET1   ABC: Finalize extro.
20260519 015200.941 INFO             PET1   Delete modelComp: ABC
20260519 015200.942 INFO             PET1   <<<ESMX_Driver: leaving Finalize (phase=FinalizePhase1) with current time: 2012 10 24 20  0  0   0
20260519 015200.942 INFO             PET1 ESMX_Driver: Finalize extro.
20260519 015200.942 INFO             PET1 =============================================
20260519 015200.942 INFO             PET1 ESMX (Earth System Model eXecutable) FINISHED
20260519 015200.942 INFO             PET1 =============================================
20260519 015200.942 INFO             PET1  Finalizing ESMF
20260519 015200.854 INFO             PET2 !!!!!!!!!!!!!!!!!!!!!!!!!!!!!!!!!!!!!!!!!!!!!!!!!!!!!!
20260519 015200.854 INFO             PET2 !!! THE ESMF_LOG IS SET TO OUTPUT ALL LOG MESSAGES !!!
20260519 015200.854 INFO             PET2 !!!     THIS MAY CAUSE SLOWDOWN IN PERFORMANCE     !!!
20260519 015200.854 INFO             PET2 !!! FOR PRODUCTION RUNS, USE:                      !!!
20260519 015200.854 INFO             PET2 !!!                   ESMF_LOGKIND_Multi_On_Error  !!!
20260519 015200.854 INFO             PET2 !!!!!!!!!!!!!!!!!!!!!!!!!!!!!!!!!!!!!!!!!!!!!!!!!!!!!!
20260519 015200.854 INFO             PET2 Running with ESMF Version   : v9.0.0b13
20260519 015200.854 INFO             PET2 ESMF library build date/time: "May 18 2026" "22:54:01"
20260519 015200.854 INFO             PET2 ESMF library build location : /discover/nobackup/projects/gmao/SIteam/ESMF_Testing/intel_2021.6.0_intelmpi_g_develop/esmf
20260519 015200.854 INFO             PET2 ESMF_COMM                   : intelmpi
20260519 015200.854 INFO             PET2 ESMF_MOAB                   : enabled
20260519 015200.854 INFO             PET2 ESMF_LAPACK                 : enabled
20260519 015200.854 INFO             PET2 ESMF_NETCDF                 : disabled
20260519 015200.854 INFO             PET2 ESMF_PNETCDF                : disabled
20260519 015200.854 INFO             PET2 ESMF_PIO                    : disabled
20260519 015200.854 INFO             PET2 ESMF_YAMLCPP                : enabled
20260519 015200.863 INFO             PET2 =============================================
20260519 015200.863 INFO             PET2 ESMX (Earth System Model eXecutable) STARTING
20260519 015200.863 INFO             PET2 =============================================
20260519 015200.881 DEBUG            PET2 Generic SetVM() is executing for: ESMX_Driver
20260519 015200.882 DEBUG            PET2 Generic SetVM() found no NUOPC Hint for: ESMX_Driver
20260519 015200.882 DEBUG            PET2 Generic SetVM() therefore is NOT calling ESMF_GridCompSetVMMaxPEs() for: ESMX_Driver
20260519 015200.892 INFO             PET2 ESMX_Driver: InitializeGeneric intro.
20260519 015200.892 INFO             PET2   >>>ESMX_Driver: entered Initialize (phase=<none>) without valid internal Clock.
20260519 015200.892 INFO             PET2   ESMX_Driver: InitializeP0 intro.
20260519 015200.892 INFO             PET2     >>>ESMX_Driver: entered Initialize (phase=<none>) without valid internal Clock.
20260519 015200.892 INFO             PET2     <<<ESMX_Driver: leaving Initialize (phase=<none>) without valid internal Clock.
20260519 015200.893 INFO             PET2   ESMX_Driver: InitializeP0 extro.
20260519 015200.893 INFO             PET2   ESMX_Driver: InitializeIPDv02p1 intro.
20260519 015200.893 INFO             PET2     >>>ESMX_Driver: entered Initialize (phase=<none>) without valid internal Clock.
20260519 015200.902 INFO             PET2     ESMX_Driver - Creating model component ABC without petList.
20260519 015200.902 DEBUG            PET2     Generic SetVM() is executing for: ABC
20260519 015200.902 DEBUG            PET2     Generic SetVM() found no NUOPC Hint for: ABC
20260519 015200.902 DEBUG            PET2     Generic SetVM() therefore is NOT calling ESMF_GridCompSetVMMaxPEs() for: ABC
20260519 015200.909 INFO             PET2     ABC: InitializeP0 intro.
20260519 015200.910 INFO             PET2       >>>ABC: entered Initialize (phase=<none>) without valid internal Clock.
20260519 015200.911 INFO             PET2       <<<ABC: leaving Initialize (phase=<none>) without valid internal Clock.
20260519 015200.911 INFO             PET2     ABC: InitializeP0 extro.
20260519 015200.917 INFO             PET2     ESMX_Driver: IInitAdvertise intro.
20260519 015200.918 INFO             PET2       >>>ESMX_Driver: entered Initialize (phase=<none>) with current time: 2012 10 24  8  0  0   0
20260519 015200.918 INFO             PET2       <<<ESMX_Driver: leaving Initialize (phase=<none>) with current time: 2012 10 24  8  0  0   0
20260519 015200.918 INFO             PET2     ESMX_Driver: IInitAdvertise extro.
20260519 015200.918 INFO             PET2     ABC: InitializeIPDvXp01 intro.
20260519 015200.919 INFO             PET2       >>>ABC: entered Initialize (phase=IPDvXp01) without valid internal Clock.
20260519 015200.920 INFO             PET2       <<<ABC: leaving Initialize (phase=IPDvXp01) without valid internal Clock.
20260519 015200.920 INFO             PET2     ABC: InitializeIPDvXp01 extro.
20260519 015200.921 INFO             PET2     ESMX_Driver: IInitAdvertiseFinish intro.
20260519 015200.922 INFO             PET2       >>>ESMX_Driver: entered Initialize (phase=<none>) with current time: 2012 10 24  8  0  0   0
20260519 015200.922 INFO             PET2       <<<ESMX_Driver: leaving Initialize (phase=<none>) with current time: 2012 10 24  8  0  0   0
20260519 015200.922 INFO             PET2     ESMX_Driver: IInitAdvertiseFinish extro.
20260519 015200.922 INFO             PET2     ESMX_Driver: IInitModifyCplLists intro.
20260519 015200.923 INFO             PET2       >>>ESMX_Driver: entered Initialize (phase=<none>) with current time: 2012 10 24  8  0  0   0
20260519 015200.923 INFO             PET2       <<<ESMX_Driver: leaving Initialize (phase=<none>) with current time: 2012 10 24  8  0  0   0
20260519 015200.923 INFO             PET2     ESMX_Driver: IInitModifyCplLists extro.
20260519 015200.923 INFO             PET2     <<<ESMX_Driver: leaving Initialize (phase=<none>) with current time: 2012 10 24  8  0  0   0
20260519 015200.923 INFO             PET2   ESMX_Driver: InitializeIPDv02p1 extro.
20260519 015200.923 INFO             PET2   ESMX_Driver: InitializeIPDv02p3 intro.
20260519 015200.924 INFO             PET2     >>>ESMX_Driver: entered Initialize (phase=<none>) with current time: 2012 10 24  8  0  0   0
20260519 015200.924 INFO             PET2     ESMX_Driver: IInitCheck intro.
20260519 015200.924 INFO             PET2       >>>ESMX_Driver: entered Initialize (phase=<none>) with current time: 2012 10 24  8  0  0   0
20260519 015200.924 INFO             PET2       <<<ESMX_Driver: leaving Initialize (phase=<none>) with current time: 2012 10 24  8  0  0   0
20260519 015200.924 INFO             PET2     ESMX_Driver: IInitCheck extro.
20260519 015200.925 INFO             PET2     ABC: InitializeIPDvXp04 intro.
20260519 015200.925 INFO             PET2       >>>ABC: entered Initialize (phase=IPDvXp04) without valid internal Clock.
20260519 015200.930 INFO             PET2       <<<ABC: leaving Initialize (phase=IPDvXp04) without valid internal Clock.
20260519 015200.930 INFO             PET2     ABC: InitializeIPDvXp04 extro.
20260519 015200.932 INFO             PET2     ESMX_Driver: IInitRealize intro.
20260519 015200.932 INFO             PET2       >>>ESMX_Driver: entered Initialize (phase=<none>) with current time: 2012 10 24  8  0  0   0
20260519 015200.932 INFO             PET2       <<<ESMX_Driver: leaving Initialize (phase=<none>) with current time: 2012 10 24  8  0  0   0
20260519 015200.932 INFO             PET2     ESMX_Driver: IInitRealize extro.
20260519 015200.933 INFO             PET2     ABC: InitializeIPDvXp07 intro.
20260519 015200.933 INFO             PET2       >>>ABC: entered Initialize (phase=IPDvXp07) without valid internal Clock.
20260519 015200.933 INFO             PET2       <<<ABC: leaving Initialize (phase=IPDvXp07) with current time: 2012 10 24  8  0  0   0
20260519 015200.933 INFO             PET2     ABC: InitializeIPDvXp07 extro.
20260519 015200.933 INFO             PET2     <<<ESMX_Driver: leaving Initialize (phase=<none>) with current time: 2012 10 24  8  0  0   0
20260519 015200.933 INFO             PET2   ESMX_Driver: InitializeIPDv02p3 extro.
20260519 015200.933 INFO             PET2   ESMX_Driver: InitializeIPDv02p5 intro.
20260519 015200.934 INFO             PET2     >>>ESMX_Driver: entered Initialize (phase=<none>) with current time: 2012 10 24  8  0  0   0
20260519 015200.934 INFO             PET2     ESMX_Driver: InitializeIPDv02p5Data intro.
20260519 015200.934 INFO             PET2       >>>ESMX_Driver: entered Initialize (phase=<none>) with current time: 2012 10 24  8  0  0   0
20260519 015200.934 INFO             PET2       ESMX_Driver: InternalInitializeComplete intro.
20260519 015200.934 INFO             PET2         >>>ESMX_Driver: entered Initialize (phase=<none>) with current time: 2012 10 24  8  0  0   0
20260519 015200.935 INFO             PET2         <<<ESMX_Driver: leaving Initialize (phase=<none>) with current time: 2012 10 24  8  0  0   0
20260519 015200.935 INFO             PET2       ESMX_Driver: InternalInitializeComplete extro.
20260519 015200.935 INFO             PET2       ABC: InitializeIPDvXp08 intro.
20260519 015200.935 INFO             PET2         >>>ABC: entered Initialize (phase=IPDv05p8) with current time: 2012 10 24  8  0  0   0
20260519 015200.936 INFO             PET2         <<<ABC: leaving Initialize (phase=IPDv05p8) with current time: 2012 10 24  8  0  0   0
20260519 015200.936 INFO             PET2       ABC: InitializeIPDvXp08 extro.
20260519 015200.937 INFO             PET2       ESMX_Driver: loopDataDependentInitialize intro.
20260519 015200.937 INFO             PET2         >>>ESMX_Driver: entered Initialize (phase=<none>) with current time: 2012 10 24  8  0  0   0
20260519 015200.938 INFO             PET2         <<<ESMX_Driver: leaving Initialize (phase=<none>) with current time: 2012 10 24  8  0  0   0
20260519 015200.938 INFO             PET2       ESMX_Driver: loopDataDependentInitialize extro.
20260519 015200.938 INFO             PET2       <<<ESMX_Driver: leaving Initialize (phase=<none>) with current time: 2012 10 24  8  0  0   0
20260519 015200.938 INFO             PET2     ESMX_Driver: InitializeIPDv02p5Data extro.
20260519 015200.938 INFO             PET2     <<<ESMX_Driver: leaving Initialize (phase=<none>) with current time: 2012 10 24  8  0  0   0
20260519 015200.938 INFO             PET2   ESMX_Driver: InitializeIPDv02p5 extro.
20260519 015200.938 INFO             PET2   <<<ESMX_Driver: leaving Initialize (phase=<none>) with current time: 2012 10 24  8  0  0   0
20260519 015200.938 INFO             PET2 ESMX_Driver: InitializeGeneric extro.
20260519 015200.939 INFO             PET2 ESMX_Driver: Run intro.
20260519 015200.939 INFO             PET2   >>>ESMX_Driver: entered Run (phase=RunPhase1) with current time: 2012 10 24  8  0  0   0
20260519 015200.939 INFO             PET2   ABC: Run intro.
20260519 015200.940 INFO             PET2     >>>ABC: entered Run (phase=RunPhase1) with current time: 2012 10 24  8  0  0   0
20260519 015200.940 INFO             PET2     <<<ABC: leaving Run (phase=RunPhase1) with current time: 2012 10 24 20  0  0   0
20260519 015200.940 INFO             PET2   ABC: Run extro.
20260519 015200.940 INFO             PET2   <<<ESMX_Driver: leaving Run (phase=RunPhase1) with current time: 2012 10 24 20  0  0   0
20260519 015200.940 INFO             PET2 ESMX_Driver: Run extro.
20260519 015200.940 INFO             PET2 ESMX_Driver: Finalize intro.
20260519 015200.941 INFO             PET2   >>>ESMX_Driver: entered Finalize (phase=FinalizePhase1) with current time: 2012 10 24 20  0  0   0
20260519 015200.941 INFO             PET2   Calling Finalize phase 1 for modelComp: ABC
20260519 015200.941 INFO             PET2   ABC: Finalize intro.
20260519 015200.941 INFO             PET2     >>>ABC: entered Finalize (phase=FinalizePhase1) with current time: 2012 10 24 20  0  0   0
20260519 015200.941 INFO             PET2     <<<ABC: leaving Finalize (phase=FinalizePhase1) with current time: 2012 10 24 20  0  0   0
20260519 015200.941 INFO             PET2   ABC: Finalize extro.
20260519 015200.941 INFO             PET2   Delete modelComp: ABC
20260519 015200.942 INFO             PET2   <<<ESMX_Driver: leaving Finalize (phase=FinalizePhase1) with current time: 2012 10 24 20  0  0   0
20260519 015200.942 INFO             PET2 ESMX_Driver: Finalize extro.
20260519 015200.942 INFO             PET2 =============================================
20260519 015200.942 INFO             PET2 ESMX (Earth System Model eXecutable) FINISHED
20260519 015200.942 INFO             PET2 =============================================
20260519 015200.942 INFO             PET2  Finalizing ESMF
20260519 015200.853 INFO             PET3 !!!!!!!!!!!!!!!!!!!!!!!!!!!!!!!!!!!!!!!!!!!!!!!!!!!!!!
20260519 015200.853 INFO             PET3 !!! THE ESMF_LOG IS SET TO OUTPUT ALL LOG MESSAGES !!!
20260519 015200.854 INFO             PET3 !!!     THIS MAY CAUSE SLOWDOWN IN PERFORMANCE     !!!
20260519 015200.854 INFO             PET3 !!! FOR PRODUCTION RUNS, USE:                      !!!
20260519 015200.854 INFO             PET3 !!!                   ESMF_LOGKIND_Multi_On_Error  !!!
20260519 015200.854 INFO             PET3 !!!!!!!!!!!!!!!!!!!!!!!!!!!!!!!!!!!!!!!!!!!!!!!!!!!!!!
20260519 015200.854 INFO             PET3 Running with ESMF Version   : v9.0.0b13
20260519 015200.854 INFO             PET3 ESMF library build date/time: "May 18 2026" "22:54:01"
20260519 015200.854 INFO             PET3 ESMF library build location : /discover/nobackup/projects/gmao/SIteam/ESMF_Testing/intel_2021.6.0_intelmpi_g_develop/esmf
20260519 015200.854 INFO             PET3 ESMF_COMM                   : intelmpi
20260519 015200.854 INFO             PET3 ESMF_MOAB                   : enabled
20260519 015200.854 INFO             PET3 ESMF_LAPACK                 : enabled
20260519 015200.854 INFO             PET3 ESMF_NETCDF                 : disabled
20260519 015200.854 INFO             PET3 ESMF_PNETCDF                : disabled
20260519 015200.854 INFO             PET3 ESMF_PIO                    : disabled
20260519 015200.854 INFO             PET3 ESMF_YAMLCPP                : enabled
20260519 015200.862 INFO             PET3 =============================================
20260519 015200.863 INFO             PET3 ESMX (Earth System Model eXecutable) STARTING
20260519 015200.863 INFO             PET3 =============================================
20260519 015200.881 DEBUG            PET3 Generic SetVM() is executing for: ESMX_Driver
20260519 015200.882 DEBUG            PET3 Generic SetVM() found no NUOPC Hint for: ESMX_Driver
20260519 015200.882 DEBUG            PET3 Generic SetVM() therefore is NOT calling ESMF_GridCompSetVMMaxPEs() for: ESMX_Driver
20260519 015200.892 INFO             PET3 ESMX_Driver: InitializeGeneric intro.
20260519 015200.892 INFO             PET3   >>>ESMX_Driver: entered Initialize (phase=<none>) without valid internal Clock.
20260519 015200.892 INFO             PET3   ESMX_Driver: InitializeP0 intro.
20260519 015200.892 INFO             PET3     >>>ESMX_Driver: entered Initialize (phase=<none>) without valid internal Clock.
20260519 015200.892 INFO             PET3     <<<ESMX_Driver: leaving Initialize (phase=<none>) without valid internal Clock.
20260519 015200.892 INFO             PET3   ESMX_Driver: InitializeP0 extro.
20260519 015200.893 INFO             PET3   ESMX_Driver: InitializeIPDv02p1 intro.
20260519 015200.893 INFO             PET3     >>>ESMX_Driver: entered Initialize (phase=<none>) without valid internal Clock.
20260519 015200.902 INFO             PET3     ESMX_Driver - Creating model component ABC without petList.
20260519 015200.902 DEBUG            PET3     Generic SetVM() is executing for: ABC
20260519 015200.902 DEBUG            PET3     Generic SetVM() found no NUOPC Hint for: ABC
20260519 015200.902 DEBUG            PET3     Generic SetVM() therefore is NOT calling ESMF_GridCompSetVMMaxPEs() for: ABC
20260519 015200.909 INFO             PET3     ABC: InitializeP0 intro.
20260519 015200.910 INFO             PET3       >>>ABC: entered Initialize (phase=<none>) without valid internal Clock.
20260519 015200.911 INFO             PET3       <<<ABC: leaving Initialize (phase=<none>) without valid internal Clock.
20260519 015200.911 INFO             PET3     ABC: InitializeP0 extro.
20260519 015200.917 INFO             PET3     ESMX_Driver: IInitAdvertise intro.
20260519 015200.918 INFO             PET3       >>>ESMX_Driver: entered Initialize (phase=<none>) with current time: 2012 10 24  8  0  0   0
20260519 015200.918 INFO             PET3       <<<ESMX_Driver: leaving Initialize (phase=<none>) with current time: 2012 10 24  8  0  0   0
20260519 015200.918 INFO             PET3     ESMX_Driver: IInitAdvertise extro.
20260519 015200.918 INFO             PET3     ABC: InitializeIPDvXp01 intro.
20260519 015200.919 INFO             PET3       >>>ABC: entered Initialize (phase=IPDvXp01) without valid internal Clock.
20260519 015200.920 INFO             PET3       <<<ABC: leaving Initialize (phase=IPDvXp01) without valid internal Clock.
20260519 015200.920 INFO             PET3     ABC: InitializeIPDvXp01 extro.
20260519 015200.921 INFO             PET3     ESMX_Driver: IInitAdvertiseFinish intro.
20260519 015200.922 INFO             PET3       >>>ESMX_Driver: entered Initialize (phase=<none>) with current time: 2012 10 24  8  0  0   0
20260519 015200.922 INFO             PET3       <<<ESMX_Driver: leaving Initialize (phase=<none>) with current time: 2012 10 24  8  0  0   0
20260519 015200.922 INFO             PET3     ESMX_Driver: IInitAdvertiseFinish extro.
20260519 015200.922 INFO             PET3     ESMX_Driver: IInitModifyCplLists intro.
20260519 015200.923 INFO             PET3       >>>ESMX_Driver: entered Initialize (phase=<none>) with current time: 2012 10 24  8  0  0   0
20260519 015200.923 INFO             PET3       <<<ESMX_Driver: leaving Initialize (phase=<none>) with current time: 2012 10 24  8  0  0   0
20260519 015200.923 INFO             PET3     ESMX_Driver: IInitModifyCplLists extro.
20260519 015200.923 INFO             PET3     <<<ESMX_Driver: leaving Initialize (phase=<none>) with current time: 2012 10 24  8  0  0   0
20260519 015200.923 INFO             PET3   ESMX_Driver: InitializeIPDv02p1 extro.
20260519 015200.923 INFO             PET3   ESMX_Driver: InitializeIPDv02p3 intro.
20260519 015200.924 INFO             PET3     >>>ESMX_Driver: entered Initialize (phase=<none>) with current time: 2012 10 24  8  0  0   0
20260519 015200.924 INFO             PET3     ESMX_Driver: IInitCheck intro.
20260519 015200.924 INFO             PET3       >>>ESMX_Driver: entered Initialize (phase=<none>) with current time: 2012 10 24  8  0  0   0
20260519 015200.924 INFO             PET3       <<<ESMX_Driver: leaving Initialize (phase=<none>) with current time: 2012 10 24  8  0  0   0
20260519 015200.924 INFO             PET3     ESMX_Driver: IInitCheck extro.
20260519 015200.925 INFO             PET3     ABC: InitializeIPDvXp04 intro.
20260519 015200.925 INFO             PET3       >>>ABC: entered Initialize (phase=IPDvXp04) without valid internal Clock.
20260519 015200.930 INFO             PET3       <<<ABC: leaving Initialize (phase=IPDvXp04) without valid internal Clock.
20260519 015200.930 INFO             PET3     ABC: InitializeIPDvXp04 extro.
20260519 015200.932 INFO             PET3     ESMX_Driver: IInitRealize intro.
20260519 015200.932 INFO             PET3       >>>ESMX_Driver: entered Initialize (phase=<none>) with current time: 2012 10 24  8  0  0   0
20260519 015200.932 INFO             PET3       <<<ESMX_Driver: leaving Initialize (phase=<none>) with current time: 2012 10 24  8  0  0   0
20260519 015200.932 INFO             PET3     ESMX_Driver: IInitRealize extro.
20260519 015200.933 INFO             PET3     ABC: InitializeIPDvXp07 intro.
20260519 015200.933 INFO             PET3       >>>ABC: entered Initialize (phase=IPDvXp07) without valid internal Clock.
20260519 015200.933 INFO             PET3       <<<ABC: leaving Initialize (phase=IPDvXp07) with current time: 2012 10 24  8  0  0   0
20260519 015200.933 INFO             PET3     ABC: InitializeIPDvXp07 extro.
20260519 015200.933 INFO             PET3     <<<ESMX_Driver: leaving Initialize (phase=<none>) with current time: 2012 10 24  8  0  0   0
20260519 015200.933 INFO             PET3   ESMX_Driver: InitializeIPDv02p3 extro.
20260519 015200.933 INFO             PET3   ESMX_Driver: InitializeIPDv02p5 intro.
20260519 015200.934 INFO             PET3     >>>ESMX_Driver: entered Initialize (phase=<none>) with current time: 2012 10 24  8  0  0   0
20260519 015200.934 INFO             PET3     ESMX_Driver: InitializeIPDv02p5Data intro.
20260519 015200.934 INFO             PET3       >>>ESMX_Driver: entered Initialize (phase=<none>) with current time: 2012 10 24  8  0  0   0
20260519 015200.934 INFO             PET3       ESMX_Driver: InternalInitializeComplete intro.
20260519 015200.934 INFO             PET3         >>>ESMX_Driver: entered Initialize (phase=<none>) with current time: 2012 10 24  8  0  0   0
20260519 015200.935 INFO             PET3         <<<ESMX_Driver: leaving Initialize (phase=<none>) with current time: 2012 10 24  8  0  0   0
20260519 015200.935 INFO             PET3       ESMX_Driver: InternalInitializeComplete extro.
20260519 015200.935 INFO             PET3       ABC: InitializeIPDvXp08 intro.
20260519 015200.935 INFO             PET3         >>>ABC: entered Initialize (phase=IPDv05p8) with current time: 2012 10 24  8  0  0   0
20260519 015200.936 INFO             PET3         <<<ABC: leaving Initialize (phase=IPDv05p8) with current time: 2012 10 24  8  0  0   0
20260519 015200.936 INFO             PET3       ABC: InitializeIPDvXp08 extro.
20260519 015200.937 INFO             PET3       ESMX_Driver: loopDataDependentInitialize intro.
20260519 015200.937 INFO             PET3         >>>ESMX_Driver: entered Initialize (phase=<none>) with current time: 2012 10 24  8  0  0   0
20260519 015200.938 INFO             PET3         <<<ESMX_Driver: leaving Initialize (phase=<none>) with current time: 2012 10 24  8  0  0   0
20260519 015200.938 INFO             PET3       ESMX_Driver: loopDataDependentInitialize extro.
20260519 015200.938 INFO             PET3       <<<ESMX_Driver: leaving Initialize (phase=<none>) with current time: 2012 10 24  8  0  0   0
20260519 015200.938 INFO             PET3     ESMX_Driver: InitializeIPDv02p5Data extro.
20260519 015200.938 INFO             PET3     <<<ESMX_Driver: leaving Initialize (phase=<none>) with current time: 2012 10 24  8  0  0   0
20260519 015200.938 INFO             PET3   ESMX_Driver: InitializeIPDv02p5 extro.
20260519 015200.938 INFO             PET3   <<<ESMX_Driver: leaving Initialize (phase=<none>) with current time: 2012 10 24  8  0  0   0
20260519 015200.938 INFO             PET3 ESMX_Driver: InitializeGeneric extro.
20260519 015200.939 INFO             PET3 ESMX_Driver: Run intro.
20260519 015200.939 INFO             PET3   >>>ESMX_Driver: entered Run (phase=RunPhase1) with current time: 2012 10 24  8  0  0   0
20260519 015200.939 INFO             PET3   ABC: Run intro.
20260519 015200.940 INFO             PET3     >>>ABC: entered Run (phase=RunPhase1) with current time: 2012 10 24  8  0  0   0
20260519 015200.940 INFO             PET3     <<<ABC: leaving Run (phase=RunPhase1) with current time: 2012 10 24 20  0  0   0
20260519 015200.940 INFO             PET3   ABC: Run extro.
20260519 015200.940 INFO             PET3   <<<ESMX_Driver: leaving Run (phase=RunPhase1) with current time: 2012 10 24 20  0  0   0
20260519 015200.940 INFO             PET3 ESMX_Driver: Run extro.
20260519 015200.940 INFO             PET3 ESMX_Driver: Finalize intro.
20260519 015200.940 INFO             PET3   >>>ESMX_Driver: entered Finalize (phase=FinalizePhase1) with current time: 2012 10 24 20  0  0   0
20260519 015200.941 INFO             PET3   Calling Finalize phase 1 for modelComp: ABC
20260519 015200.941 INFO             PET3   ABC: Finalize intro.
20260519 015200.941 INFO             PET3     >>>ABC: entered Finalize (phase=FinalizePhase1) with current time: 2012 10 24 20  0  0   0
20260519 015200.941 INFO             PET3     <<<ABC: leaving Finalize (phase=FinalizePhase1) with current time: 2012 10 24 20  0  0   0
20260519 015200.941 INFO             PET3   ABC: Finalize extro.
20260519 015200.941 INFO             PET3   Delete modelComp: ABC
20260519 015200.942 INFO             PET3   <<<ESMX_Driver: leaving Finalize (phase=FinalizePhase1) with current time: 2012 10 24 20  0  0   0
20260519 015200.942 INFO             PET3 ESMX_Driver: Finalize extro.
20260519 015200.942 INFO             PET3 =============================================
20260519 015200.942 INFO             PET3 ESMX (Earth System Model eXecutable) FINISHED
20260519 015200.942 INFO             PET3 =============================================
20260519 015200.942 INFO             PET3  Finalizing ESMF
