2026-06-12 04:02:11
20260612 044149.876 INFO             PET0 !!!!!!!!!!!!!!!!!!!!!!!!!!!!!!!!!!!!!!!!!!!!!!!!!!!!!!
20260612 044149.876 INFO             PET0 !!! THE ESMF_LOG IS SET TO OUTPUT ALL LOG MESSAGES !!!
20260612 044149.876 INFO             PET0 !!!     THIS MAY CAUSE SLOWDOWN IN PERFORMANCE     !!!
20260612 044149.876 INFO             PET0 !!! FOR PRODUCTION RUNS, USE:                      !!!
20260612 044149.876 INFO             PET0 !!!                   ESMF_LOGKIND_Multi_On_Error  !!!
20260612 044149.876 INFO             PET0 !!!!!!!!!!!!!!!!!!!!!!!!!!!!!!!!!!!!!!!!!!!!!!!!!!!!!!
20260612 044149.876 INFO             PET0 Running with ESMF Version   : develop+g44805b02cc
20260612 044149.876 INFO             PET0 ESMF library build date/time: "Jun 12 2026" "03:59:31"
20260612 044149.876 INFO             PET0 ESMF library build location : /tmp/aocc_5.0.0_mpiuni_g_develop/esmf
20260612 044149.876 INFO             PET0 ESMF_COMM                   : mpiuni
20260612 044149.876 INFO             PET0 ESMF_MOAB                   : enabled
20260612 044149.876 INFO             PET0 ESMF_LAPACK                 : enabled
20260612 044149.876 INFO             PET0 ESMF_NETCDF                 : enabled
20260612 044149.876 INFO             PET0 ESMF_PNETCDF                : disabled
20260612 044149.876 INFO             PET0 ESMF_PIO                    : enabled
20260612 044149.876 INFO             PET0 ESMF_YAMLCPP                : enabled
20260612 044149.878 INFO             PET0 ESMF_FieldRedistStoreNF(): Just entered routine.
20260612 044149.974 INFO             PET0 ESMF_FieldRedistStoreNF(): Leaving routine.
20260612 044149.978 INFO             PET0  NUMBER_OF_PROCESSORS            1
20260612 044149.978 INFO             PET0  PASS  Example ESMF_RHandleFromFileEx, ESMF_RHandleFromFileEx.F90, line 192
20260612 044149.978 INFO             PET0  Finalizing ESMF
