2026-05-15 03:57:02
20260515 043614.693 INFO             PET0 !!!!!!!!!!!!!!!!!!!!!!!!!!!!!!!!!!!!!!!!!!!!!!!!!!!!!!
20260515 043614.694 INFO             PET0 !!! THE ESMF_LOG IS SET TO OUTPUT ALL LOG MESSAGES !!!
20260515 043614.694 INFO             PET0 !!!     THIS MAY CAUSE SLOWDOWN IN PERFORMANCE     !!!
20260515 043614.694 INFO             PET0 !!! FOR PRODUCTION RUNS, USE:                      !!!
20260515 043614.694 INFO             PET0 !!!                   ESMF_LOGKIND_Multi_On_Error  !!!
20260515 043614.694 INFO             PET0 !!!!!!!!!!!!!!!!!!!!!!!!!!!!!!!!!!!!!!!!!!!!!!!!!!!!!!
20260515 043614.694 INFO             PET0 Running with ESMF Version   : v9.0.0b13
20260515 043614.694 INFO             PET0 ESMF library build date/time: "May 15 2026" "03:54:23"
20260515 043614.694 INFO             PET0 ESMF library build location : /tmp/aocc_5.0.0_mpiuni_g_develop/esmf
20260515 043614.694 INFO             PET0 ESMF_COMM                   : mpiuni
20260515 043614.694 INFO             PET0 ESMF_MOAB                   : enabled
20260515 043614.694 INFO             PET0 ESMF_LAPACK                 : enabled
20260515 043614.694 INFO             PET0 ESMF_NETCDF                 : enabled
20260515 043614.694 INFO             PET0 ESMF_PNETCDF                : disabled
20260515 043614.694 INFO             PET0 ESMF_PIO                    : enabled
20260515 043614.694 INFO             PET0 ESMF_YAMLCPP                : enabled
20260515 043614.734 INFO             PET0  NUMBER_OF_PROCESSORS            1
20260515 043614.734 INFO             PET0  PASS  Example ESMF_RHandleDynamicMaskingEx, ESMF_RHandleDynamicMaskingEx.F90, line 1116
20260515 043614.734 INFO             PET0  Finalizing ESMF
