2026-05-21 12:06:24
20260521 122223.594 INFO             PET0 !!!!!!!!!!!!!!!!!!!!!!!!!!!!!!!!!!!!!!!!!!!!!!!!!!!!!!
20260521 122223.596 INFO             PET0 !!! THE ESMF_LOG IS SET TO OUTPUT ALL LOG MESSAGES !!!
20260521 122223.596 INFO             PET0 !!!     THIS MAY CAUSE SLOWDOWN IN PERFORMANCE     !!!
20260521 122223.596 INFO             PET0 !!! FOR PRODUCTION RUNS, USE:                      !!!
20260521 122223.596 INFO             PET0 !!!                   ESMF_LOGKIND_Multi_On_Error  !!!
20260521 122223.596 INFO             PET0 !!!!!!!!!!!!!!!!!!!!!!!!!!!!!!!!!!!!!!!!!!!!!!!!!!!!!!
20260521 122223.596 INFO             PET0 Running with ESMF Version   : develop+g3a22a06bd4
20260521 122223.596 INFO             PET0 ESMF library build date/time: "May 21 2026" "12:05:06"
20260521 122223.596 INFO             PET0 ESMF library build location : /Users/oehmke/ESMF_AutoTest/gfortranclang_12.2.0_14.0.0_mpiuni_O_develop/esmf
20260521 122223.596 INFO             PET0 ESMF_COMM                   : mpiuni
20260521 122223.596 INFO             PET0 ESMF_MOAB                   : enabled
20260521 122223.596 INFO             PET0 ESMF_LAPACK                 : enabled
20260521 122223.596 INFO             PET0 ESMF_NETCDF                 : enabled
20260521 122223.596 INFO             PET0 ESMF_PNETCDF                : disabled
20260521 122223.596 INFO             PET0 ESMF_PIO                    : enabled
20260521 122223.596 INFO             PET0 ESMF_YAMLCPP                : enabled
20260521 122223.596 INFO             PET0 ESMF Tracing Enabled
20260521 122223.596 INFO             PET0 ESMF Profiling Enabled
20260521 122223.596 INFO             PET0 ESMF Trace/Profile clock: REALTIME
20260521 122223.597 INFO             PET0  NUMBER_OF_PROCESSORS           1
20260521 122223.597 INFO             PET0  PASS  Example ESMF_TraceEx, ESMF_TraceEx.F90, line 178
20260521 122223.597 INFO             PET0  Finalizing ESMF
20260521 122223.597 INFO             PET0 **************** Region Timings *******************
20260521 122223.597 INFO             PET0 Region              Count  Total (s)   Self (s)    Mean (s)    Min (s)     Max (s)
20260521 122223.597 INFO             PET0   [ESMF]            1      0.0005      0.0005      0.0005      0.0005      0.0005
20260521 122223.597 INFO             PET0     [test] Run 1    5      0.0000      0.0000      0.0000      0.0000      0.0000
20260521 122223.597 INFO             PET0     [test] Init 1   1      0.0000      0.0000      0.0000      0.0000      0.0000
20260521 122223.597 INFO             PET0     [test] Final 1  1      0.0000      0.0000      0.0000      0.0000      0.0000
20260521 122223.597 INFO             PET0 ESMCI_IO_Handler.C:335 ESMCI::IO_Handler::finalize() 
20260521 122223.597 INFO             PET0 ESMCI_PIO_Handler.C:357 ESMCI::PIO_Handler::finalize() 
20260521 122223.597 INFO             PET0 ESMCI_IO_Handler.C:337 ESMCI::IO_Handler::finalize() after finalize, localrc = 0
20260521 122223.598 INFO             PET0 ESMCI_IO_Handler.C:360 ESMCI::IO_Handler::finalize() before return, localrc = 0
