2026-06-15 12:25:46
--- ESMCI::VM::print() start ---
--- ESMCI::VMId::print() start ---
  vmKeyWidth = 1
  vmKey=0x80000000
  localID = 1
--- ESMCI::VMId::print() end ---
--- VMK::print() start ---
vm located at: 0x133005520
npets = 1, mypet=0
  pth_mutex =		 0x6000006d4380
  pth_finish_count =	 0x6000011d8290
MPI_Comm_size: 1
MPI_Comm_rank in local MPI communicator: 0
MPI_Comm_rank in MPI_COMM_WORLD: 0
MPI thread level support: 2
mpi_mutex_flag: 1
mpionly: 0
threadsflag: 0
  lpid[0]=0, tid[0]=0, vas[0]=0, ncpet[0]=1, nadevs[0]=0, cid[0][0]=0
ncores = 1
  cpuid[0]=0, ssiid[0]=0
--- VMK::print() end ---
--- ESMCI::VM::print() end ---
  PASS  Example ESMF_VMComponentEx, ESMF_VMComponentEx.F90, line 205
 PASS: ESMF_VMComponentEx.F90
