2026-08-06 15:20:31
20260806 163630.258 INFO             PET0 !!!!!!!!!!!!!!!!!!!!!!!!!!!!!!!!!!!!!!!!!!!!!!!!!!!!!!
20260806 163630.258 INFO             PET0 !!! THE ESMF_LOG IS SET TO OUTPUT ALL LOG MESSAGES !!!
20260806 163630.258 INFO             PET0 !!!     THIS MAY CAUSE SLOWDOWN IN PERFORMANCE     !!!
20260806 163630.258 INFO             PET0 !!! FOR PRODUCTION RUNS, USE:                      !!!
20260806 163630.258 INFO             PET0 !!!                   ESMF_LOGKIND_Multi_On_Error  !!!
20260806 163630.258 INFO             PET0 !!!!!!!!!!!!!!!!!!!!!!!!!!!!!!!!!!!!!!!!!!!!!!!!!!!!!!
20260806 163630.258 INFO             PET0 Running with ESMF Version   : feature/check-dyn-mask-exec+gde006447cc
20260806 163630.258 INFO             PET0 ESMF library build date/time: "Aug  6 2026" "15:16:09"
20260806 163630.258 INFO             PET0 ESMF library build location : /scratch3/NCEPDEV/stmp/Gerhard.Theurich/ESMF-Nightly-Testing-Hera/nvhpc_24.1_openmpi_O_feature_check-dyn-mask-exec/esmf
20260806 163630.258 INFO             PET0 ESMF_COMM                   : openmpi
20260806 163630.258 INFO             PET0 ESMF_MOAB                   : enabled
20260806 163630.258 INFO             PET0 ESMF_LAPACK                 : enabled
20260806 163630.258 INFO             PET0 ESMF_NETCDF                 : disabled
20260806 163630.258 INFO             PET0 ESMF_PNETCDF                : disabled
20260806 163630.258 INFO             PET0 ESMF_PIO                    : disabled
20260806 163630.258 INFO             PET0 ESMF_YAMLCPP                : enabled
20260806 163630.263 INFO             PET0  NUMBER_OF_PROCESSORS            4
20260806 163630.263 INFO             PET0  PASS  Example ESMF_FieldBundleSMMEx, ESMF_FieldBundleSMMEx.F90, line 242
20260806 163630.263 INFO             PET0  Finalizing ESMF
20260806 163630.258 INFO             PET1 !!!!!!!!!!!!!!!!!!!!!!!!!!!!!!!!!!!!!!!!!!!!!!!!!!!!!!
20260806 163630.258 INFO             PET1 !!! THE ESMF_LOG IS SET TO OUTPUT ALL LOG MESSAGES !!!
20260806 163630.258 INFO             PET1 !!!     THIS MAY CAUSE SLOWDOWN IN PERFORMANCE     !!!
20260806 163630.258 INFO             PET1 !!! FOR PRODUCTION RUNS, USE:                      !!!
20260806 163630.258 INFO             PET1 !!!                   ESMF_LOGKIND_Multi_On_Error  !!!
20260806 163630.258 INFO             PET1 !!!!!!!!!!!!!!!!!!!!!!!!!!!!!!!!!!!!!!!!!!!!!!!!!!!!!!
20260806 163630.258 INFO             PET1 Running with ESMF Version   : feature/check-dyn-mask-exec+gde006447cc
20260806 163630.258 INFO             PET1 ESMF library build date/time: "Aug  6 2026" "15:16:09"
20260806 163630.258 INFO             PET1 ESMF library build location : /scratch3/NCEPDEV/stmp/Gerhard.Theurich/ESMF-Nightly-Testing-Hera/nvhpc_24.1_openmpi_O_feature_check-dyn-mask-exec/esmf
20260806 163630.258 INFO             PET1 ESMF_COMM                   : openmpi
20260806 163630.258 INFO             PET1 ESMF_MOAB                   : enabled
20260806 163630.258 INFO             PET1 ESMF_LAPACK                 : enabled
20260806 163630.258 INFO             PET1 ESMF_NETCDF                 : disabled
20260806 163630.258 INFO             PET1 ESMF_PNETCDF                : disabled
20260806 163630.258 INFO             PET1 ESMF_PIO                    : disabled
20260806 163630.258 INFO             PET1 ESMF_YAMLCPP                : enabled
20260806 163630.263 INFO             PET1  NUMBER_OF_PROCESSORS            4
20260806 163630.264 INFO             PET1  PASS  Example ESMF_FieldBundleSMMEx, ESMF_FieldBundleSMMEx.F90, line 242
20260806 163630.264 INFO             PET1  Finalizing ESMF
20260806 163630.258 INFO             PET2 !!!!!!!!!!!!!!!!!!!!!!!!!!!!!!!!!!!!!!!!!!!!!!!!!!!!!!
20260806 163630.258 INFO             PET2 !!! THE ESMF_LOG IS SET TO OUTPUT ALL LOG MESSAGES !!!
20260806 163630.258 INFO             PET2 !!!     THIS MAY CAUSE SLOWDOWN IN PERFORMANCE     !!!
20260806 163630.258 INFO             PET2 !!! FOR PRODUCTION RUNS, USE:                      !!!
20260806 163630.258 INFO             PET2 !!!                   ESMF_LOGKIND_Multi_On_Error  !!!
20260806 163630.258 INFO             PET2 !!!!!!!!!!!!!!!!!!!!!!!!!!!!!!!!!!!!!!!!!!!!!!!!!!!!!!
20260806 163630.258 INFO             PET2 Running with ESMF Version   : feature/check-dyn-mask-exec+gde006447cc
20260806 163630.258 INFO             PET2 ESMF library build date/time: "Aug  6 2026" "15:16:09"
20260806 163630.258 INFO             PET2 ESMF library build location : /scratch3/NCEPDEV/stmp/Gerhard.Theurich/ESMF-Nightly-Testing-Hera/nvhpc_24.1_openmpi_O_feature_check-dyn-mask-exec/esmf
20260806 163630.258 INFO             PET2 ESMF_COMM                   : openmpi
20260806 163630.259 INFO             PET2 ESMF_MOAB                   : enabled
20260806 163630.259 INFO             PET2 ESMF_LAPACK                 : enabled
20260806 163630.259 INFO             PET2 ESMF_NETCDF                 : disabled
20260806 163630.259 INFO             PET2 ESMF_PNETCDF                : disabled
20260806 163630.259 INFO             PET2 ESMF_PIO                    : disabled
20260806 163630.259 INFO             PET2 ESMF_YAMLCPP                : enabled
20260806 163630.263 INFO             PET2  NUMBER_OF_PROCESSORS            4
20260806 163630.263 INFO             PET2  PASS  Example ESMF_FieldBundleSMMEx, ESMF_FieldBundleSMMEx.F90, line 242
20260806 163630.263 INFO             PET2  Finalizing ESMF
20260806 163630.257 INFO             PET3 !!!!!!!!!!!!!!!!!!!!!!!!!!!!!!!!!!!!!!!!!!!!!!!!!!!!!!
20260806 163630.257 INFO             PET3 !!! THE ESMF_LOG IS SET TO OUTPUT ALL LOG MESSAGES !!!
20260806 163630.257 INFO             PET3 !!!     THIS MAY CAUSE SLOWDOWN IN PERFORMANCE     !!!
20260806 163630.257 INFO             PET3 !!! FOR PRODUCTION RUNS, USE:                      !!!
20260806 163630.257 INFO             PET3 !!!                   ESMF_LOGKIND_Multi_On_Error  !!!
20260806 163630.257 INFO             PET3 !!!!!!!!!!!!!!!!!!!!!!!!!!!!!!!!!!!!!!!!!!!!!!!!!!!!!!
20260806 163630.257 INFO             PET3 Running with ESMF Version   : feature/check-dyn-mask-exec+gde006447cc
20260806 163630.257 INFO             PET3 ESMF library build date/time: "Aug  6 2026" "15:16:09"
20260806 163630.257 INFO             PET3 ESMF library build location : /scratch3/NCEPDEV/stmp/Gerhard.Theurich/ESMF-Nightly-Testing-Hera/nvhpc_24.1_openmpi_O_feature_check-dyn-mask-exec/esmf
20260806 163630.257 INFO             PET3 ESMF_COMM                   : openmpi
20260806 163630.258 INFO             PET3 ESMF_MOAB                   : enabled
20260806 163630.258 INFO             PET3 ESMF_LAPACK                 : enabled
20260806 163630.258 INFO             PET3 ESMF_NETCDF                 : disabled
20260806 163630.258 INFO             PET3 ESMF_PNETCDF                : disabled
20260806 163630.258 INFO             PET3 ESMF_PIO                    : disabled
20260806 163630.258 INFO             PET3 ESMF_YAMLCPP                : enabled
20260806 163630.263 INFO             PET3  NUMBER_OF_PROCESSORS            4
20260806 163630.264 INFO             PET3  PASS  Example ESMF_FieldBundleSMMEx, ESMF_FieldBundleSMMEx.F90, line 242
20260806 163630.264 INFO             PET3  Finalizing ESMF
