2026-06-21 01:32:22
20260621 020510.304 INFO             PET0 !!!!!!!!!!!!!!!!!!!!!!!!!!!!!!!!!!!!!!!!!!!!!!!!!!!!!!
20260621 020510.305 INFO             PET0 !!! THE ESMF_LOG IS SET TO OUTPUT ALL LOG MESSAGES !!!
20260621 020510.305 INFO             PET0 !!!     THIS MAY CAUSE SLOWDOWN IN PERFORMANCE     !!!
20260621 020510.305 INFO             PET0 !!! FOR PRODUCTION RUNS, USE:                      !!!
20260621 020510.305 INFO             PET0 !!!                   ESMF_LOGKIND_Multi_On_Error  !!!
20260621 020510.305 INFO             PET0 !!!!!!!!!!!!!!!!!!!!!!!!!!!!!!!!!!!!!!!!!!!!!!!!!!!!!!
20260621 020510.305 INFO             PET0 Running with ESMF Version   : feature/refresh-bmauer-c_dynmask_interface+gd740766d08
20260621 020510.305 INFO             PET0 ESMF library build date/time: "Jun 21 2026" "01:30:20"
20260621 020510.305 INFO             PET0 ESMF library build location : /glade/derecho/scratch/sacks/esmf-testing/intel_2024.2.1_mpi_O_feature_refresh-bmauer-c_dynmask_interface/esmf
20260621 020510.305 INFO             PET0 ESMF_COMM                   : mpi
20260621 020510.305 INFO             PET0 ESMF_MOAB                   : enabled
20260621 020510.305 INFO             PET0 ESMF_LAPACK                 : enabled
20260621 020510.305 INFO             PET0 ESMF_NETCDF                 : enabled
20260621 020510.305 INFO             PET0 ESMF_PNETCDF                : disabled
20260621 020510.305 INFO             PET0 ESMF_PIO                    : enabled
20260621 020510.305 INFO             PET0 ESMF_YAMLCPP                : enabled
20260621 020510.308 INFO             PET0  NUMBER_OF_PROCESSORS           1
20260621 020510.308 INFO             PET0  PASS  Example ESMF_XGridSparseMatEx, ESMF_XGridSparseMatEx.F90, line 642
20260621 020510.308 INFO             PET0  Finalizing ESMF
