2026-06-18 01:35:15
20260618 020705.391 INFO             PET0 !!!!!!!!!!!!!!!!!!!!!!!!!!!!!!!!!!!!!!!!!!!!!!!!!!!!!!
20260618 020705.391 INFO             PET0 !!! THE ESMF_LOG IS SET TO OUTPUT ALL LOG MESSAGES !!!
20260618 020705.391 INFO             PET0 !!!     THIS MAY CAUSE SLOWDOWN IN PERFORMANCE     !!!
20260618 020705.391 INFO             PET0 !!! FOR PRODUCTION RUNS, USE:                      !!!
20260618 020705.391 INFO             PET0 !!!                   ESMF_LOGKIND_Multi_On_Error  !!!
20260618 020705.391 INFO             PET0 !!!!!!!!!!!!!!!!!!!!!!!!!!!!!!!!!!!!!!!!!!!!!!!!!!!!!!
20260618 020705.391 INFO             PET0 Running with ESMF Version   : feature/refresh-bmauer-c_dynmask_interface+gbebbdcf2d2
20260618 020705.391 INFO             PET0 ESMF library build date/time: "Jun 18 2026" "01:33:15"
20260618 020705.391 INFO             PET0 ESMF library build location : /glade/derecho/scratch/sacks/esmf-testing/intel_2024.2.1_mpi_O_feature_refresh-bmauer-c_dynmask_interface/esmf
20260618 020705.391 INFO             PET0 ESMF_COMM                   : mpi
20260618 020705.392 INFO             PET0 ESMF_MOAB                   : enabled
20260618 020705.392 INFO             PET0 ESMF_LAPACK                 : enabled
20260618 020705.392 INFO             PET0 ESMF_NETCDF                 : enabled
20260618 020705.392 INFO             PET0 ESMF_PNETCDF                : disabled
20260618 020705.392 INFO             PET0 ESMF_PIO                    : enabled
20260618 020705.392 INFO             PET0 ESMF_YAMLCPP                : enabled
20260618 020705.392 INFO             PET0  NUMBER_OF_PROCESSORS           1
20260618 020705.392 INFO             PET0  PASS  Example ESMF_ClockEx, ESMF_ClockEx.F90, line 220
20260618 020705.392 INFO             PET0  Finalizing ESMF
