2026-05-25 09:15:29
20260525 094217.698 INFO             PET0 !!!!!!!!!!!!!!!!!!!!!!!!!!!!!!!!!!!!!!!!!!!!!!!!!!!!!!
20260525 094217.699 INFO             PET0 !!! THE ESMF_LOG IS SET TO OUTPUT ALL LOG MESSAGES !!!
20260525 094217.699 INFO             PET0 !!!     THIS MAY CAUSE SLOWDOWN IN PERFORMANCE     !!!
20260525 094217.699 INFO             PET0 !!! FOR PRODUCTION RUNS, USE:                      !!!
20260525 094217.699 INFO             PET0 !!!                   ESMF_LOGKIND_Multi_On_Error  !!!
20260525 094217.699 INFO             PET0 !!!!!!!!!!!!!!!!!!!!!!!!!!!!!!!!!!!!!!!!!!!!!!!!!!!!!!
20260525 094217.699 INFO             PET0 Running with ESMF Version   : feature/refresh-bmauer-c_dynmask_interface+g326dc38f77
20260525 094217.699 INFO             PET0 ESMF library build date/time: "May 25 2026" "09:14:05"
20260525 094217.699 INFO             PET0 ESMF library build location : /usr/local/esmf/esmf-testing/gfortranclang_14.2.0_17.0.0_mpiuni_g_feature_refresh-bmauer-c_dynmask_interface/esmf
20260525 094217.699 INFO             PET0 ESMF_COMM                   : mpiuni
20260525 094217.700 INFO             PET0 ESMF_MOAB                   : enabled
20260525 094217.700 INFO             PET0 ESMF_LAPACK                 : enabled
20260525 094217.700 INFO             PET0 ESMF_NETCDF                 : enabled
20260525 094217.700 INFO             PET0 ESMF_PNETCDF                : disabled
20260525 094217.700 INFO             PET0 ESMF_PIO                    : enabled
20260525 094217.700 INFO             PET0 ESMF_YAMLCPP                : enabled
20260525 094217.712 INFO             PET0  NUMBER_OF_PROCESSORS           1
20260525 094217.712 INFO             PET0  PASS  Example ESMF_VMComponentEx, ESMF_VMComponentEx.F90, line 205
20260525 094217.712 INFO             PET0  Finalizing ESMF
