2026-05-25 09:15:29
20260525 094212.307 INFO             PET0 !!!!!!!!!!!!!!!!!!!!!!!!!!!!!!!!!!!!!!!!!!!!!!!!!!!!!!
20260525 094212.309 INFO             PET0 !!! THE ESMF_LOG IS SET TO OUTPUT ALL LOG MESSAGES !!!
20260525 094212.309 INFO             PET0 !!!     THIS MAY CAUSE SLOWDOWN IN PERFORMANCE     !!!
20260525 094212.309 INFO             PET0 !!! FOR PRODUCTION RUNS, USE:                      !!!
20260525 094212.309 INFO             PET0 !!!                   ESMF_LOGKIND_Multi_On_Error  !!!
20260525 094212.309 INFO             PET0 !!!!!!!!!!!!!!!!!!!!!!!!!!!!!!!!!!!!!!!!!!!!!!!!!!!!!!
20260525 094212.309 INFO             PET0 Running with ESMF Version   : feature/refresh-bmauer-c_dynmask_interface+g326dc38f77
20260525 094212.309 INFO             PET0 ESMF library build date/time: "May 25 2026" "09:14:05"
20260525 094212.309 INFO             PET0 ESMF library build location : /usr/local/esmf/esmf-testing/gfortranclang_14.2.0_17.0.0_mpiuni_g_feature_refresh-bmauer-c_dynmask_interface/esmf
20260525 094212.309 INFO             PET0 ESMF_COMM                   : mpiuni
20260525 094212.310 INFO             PET0 ESMF_MOAB                   : enabled
20260525 094212.310 INFO             PET0 ESMF_LAPACK                 : enabled
20260525 094212.310 INFO             PET0 ESMF_NETCDF                 : enabled
20260525 094212.310 INFO             PET0 ESMF_PNETCDF                : disabled
20260525 094212.310 INFO             PET0 ESMF_PIO                    : enabled
20260525 094212.310 INFO             PET0 ESMF_YAMLCPP                : enabled
20260525 094212.311 INFO             PET0 Log Write 2
20260525 094212.311 ERROR            PET0 Invalid object  - Convergence failure
20260525 094212.313 ERROR            PET0 ESMCI_Time.C:866 ESMCI::Time::syncToRealTime() Wrong argument specified  - ; calkindflag is NOCALENDAR. Only GREGORIAN and JULIAN are supported when syncing to real time.
20260525 094212.313 ERROR            PET0 ESMF_Time.F90:1495 ESMF_TimeSyncToRealTime() Wrong argument specified  - Internal subroutine call returned Error
20260525 094212.313 ERROR            PET0 Wrong argument specified  - getting wall clock time
20260525 094212.314 INFO             PET0  NUMBER_OF_PROCESSORS           1
20260525 094212.314 INFO             PET0  PASS  Example ESMF_LogErrEx, ESMF_LogErrEx.F90, line 186
20260525 094212.314 INFO             PET0  Finalizing ESMF
