2026-07-08 23:07:26
20260708 232524.227 INFO             PET0 !!!!!!!!!!!!!!!!!!!!!!!!!!!!!!!!!!!!!!!!!!!!!!!!!!!!!!
20260708 232524.227 INFO             PET0 !!! THE ESMF_LOG IS SET TO OUTPUT ALL LOG MESSAGES !!!
20260708 232524.227 INFO             PET0 !!!     THIS MAY CAUSE SLOWDOWN IN PERFORMANCE     !!!
20260708 232524.227 INFO             PET0 !!! FOR PRODUCTION RUNS, USE:                      !!!
20260708 232524.227 INFO             PET0 !!!                   ESMF_LOGKIND_Multi_On_Error  !!!
20260708 232524.227 INFO             PET0 !!!!!!!!!!!!!!!!!!!!!!!!!!!!!!!!!!!!!!!!!!!!!!!!!!!!!!
20260708 232524.227 INFO             PET0 Running with ESMF Version   : develop+gf1c7bb6d5f
20260708 232524.227 INFO             PET0 ESMF library build date/time: "Jul  8 2026" "23:06:18"
20260708 232524.227 INFO             PET0 ESMF library build location : /usr/local/esmf/esmf-testing/gfortranclang_14.2.0_17.0.0_openmpi_O_develop/esmf
20260708 232524.227 INFO             PET0 ESMF_COMM                   : openmpi
20260708 232524.227 INFO             PET0 ESMF_MOAB                   : enabled
20260708 232524.227 INFO             PET0 ESMF_LAPACK                 : enabled
20260708 232524.227 INFO             PET0 ESMF_NETCDF                 : enabled
20260708 232524.227 INFO             PET0 ESMF_PNETCDF                : disabled
20260708 232524.227 INFO             PET0 ESMF_PIO                    : enabled
20260708 232524.227 INFO             PET0 ESMF_YAMLCPP                : enabled
20260708 232524.227 INFO             PET0  NUMBER_OF_PROCESSORS           1
20260708 232524.227 INFO             PET0  PASS  Example ESMF_TimeEx, ESMF_TimeEx.F90, line 141
20260708 232524.227 INFO             PET0  Finalizing ESMF
