2026-07-22 23:36:41
--- ESMCI::Array::print start ---
 Base name    = Array002
 Status: Base = Ready,  object = Ready
--- ESMCI::Array::print start ---
 Base name    = Array002
 Status: Base = Ready,  object = Ready
 Proxy        = no
 Root Info (Attributes):
--- ESMCI::Array::print start ---
 Base name    = Array002
 Status: Base = Ready,  object = Ready
 Proxy        = no
 Root Info (Attributes):
--- ESMCI::Array::print start ---
 Base name    = Array002
 Status: Base = Ready,  object = Ready
 Proxy        = no
 Root Info (Attributes):
 Proxy        = no
 Root Info (Attributes):
{
  "ESMF": {
    "Instance": {
      "NamedAliasCount": 0
    }
  }
}{
  "ESMF": {
    "Instance": {
      "NamedAliasCount": 0
    }
  }
Array typekind/rank: Real*8 / 2 
~ lower class' values ~
DistGrid dimCount = 2
deCount = 4
{
  "ESMF": {
    "Instance": {
      "NamedAliasCount": 0
    }
  }
{
  "ESMF": {
    "Instance": {
      "NamedAliasCount": 0
    }
  }
localDeCount = 1
~ local data in LocalArray for DE 3 ~
LocalArrayPrint: Array at address 0x1576075e0:
            rank = 2, typekind = 6, base_addr = 0x600001f7b920
            dim[0] = 2  dim[1] = 2  
  Real, *8, Dim 2, Data values:
}Array typekind/rank: Real*8 / 2 
~ lower class' values ~
DistGrid dimCount = 2
deCount = 4
localDeCount = 1
~ local data in LocalArray for DE 2 ~
LocalArrayPrint: Array at address 0x141806cd0:
            rank = 2, typekind = 6, base_addr = 0x600002251300
}Array typekind/rank: Real*8 / 2 
~ lower class' values ~
DistGrid dimCount = 2
deCount = 4
localDeCount = 1
~ local data in LocalArray for DE 1 ~
LocalArrayPrint: Array at address 0x12b607fc0:
            rank = 2, typekind = 6, base_addr = 0x6000015f7dc0
            dim[0] = 2  dim[1] = 2  
}Array typekind/rank: Real*8 / 2 
~ lower class' values ~
DistGrid dimCount = 2
deCount = 4
localDeCount = 1
~ local data in LocalArray for DE 0 ~
LocalArrayPrint: Array at address 0x13b0046f0:
            rank = 2, typekind = 6, base_addr = 0x600002b4d320
            dim[0] = 2  dim[1] = 2  
( 1, 1) =  103
( 2, 1) =  103
( 1, 2) =  103
( 2, 2) =  103
--- ESMCI::Array::print end ---
            dim[0] = 2  dim[1] = 2  
  Real, *8, Dim 2, Data values:
  Real, *8, Dim 2, Data values:
( 1, 1) =  101
( 2, 1) =  101
--- ESMCI::Array::print start ---
 Base name    = Array003
 Status: Base = Ready,  object = Ready
( 1, 1) =  102
( 2, 1) =  102
( 1, 2) =  102
( 1, 2) =  101
( 2, 2) =  101
  Real, *8, Dim 2, Data values:
( 1, 1) =  100
( 2, 1) =  100
( 1, 2) =  100
( 2, 2) =  100
 Proxy        = no
 Root Info (Attributes):
{
( 2, 2) =  102
--- ESMCI::Array::print end ---
--- ESMCI::Array::print end ---
--- ESMCI::Array::print start ---
 Base name    = Array003
--- ESMCI::Array::print end ---
--- ESMCI::Array::print start ---
  "ESMF": {
    "Instance": {
--- ESMCI::Array::print start ---
 Base name    = Array003
 Status: Base = Ready,  object = Ready
 Proxy        = no
 Base name    = Array003
 Status: Base = Ready,  object = Ready
      "NamedAliasCount": 0
    }
  }
}Array typekind/rank: Real*8 / 2 
 Status: Base = Ready,  object = Ready
 Proxy        = no
 Root Info (Attributes):
{
 Root Info (Attributes):
{
  "ESMF": {
    "Instance": {
      "NamedAliasCount": 0
 Proxy        = no
 Root Info (Attributes):
{
  "ESMF": {
    "Instance": {
~ lower class' values ~
DistGrid dimCount = 2
deCount = 4
  "ESMF": {
    "Instance": {
      "NamedAliasCount": 0
    }
    }
  }
}Array typekind/rank: Real*8 / 2 
      "NamedAliasCount": 0
    }
  }
localDeCount = 1
~ local data in LocalArray for DE 3 ~
LocalArrayPrint: Array at address 0x157607910:
  }
}Array typekind/rank: Real*8 / 2 
}Array typekind/rank: Real*8 / 2 
            rank = 2, typekind = 6, base_addr = 0x600001f7baa0
            dim[0] = 2  dim[1] = 2  
~ lower class' values ~
~ lower class' values ~
DistGrid dimCount = 2
~ lower class' values ~
DistGrid dimCount = 2
deCount = 4
localDeCount = 1
  Real, *8, Dim 2, Data values:
( 1, 1) =  203
DistGrid dimCount = 2
deCount = 4
localDeCount = 1
deCount = 4
localDeCount = 1
~ local data in LocalArray for DE 1 ~
LocalArrayPrint: Array at address 0x12b6082f0:
            rank = 2, typekind = 6, base_addr = 0x6000015f7f40
( 2, 1) =  203
( 1, 2) =  203
( 2, 2) =  203
--- ESMCI::Array::print end ---
~ local data in LocalArray for DE 2 ~
LocalArrayPrint: Array at address 0x141807000:
            rank = 2, typekind = 6, base_addr = 0x600002251480
~ local data in LocalArray for DE 0 ~
LocalArrayPrint: Array at address 0x13b004a20:
            rank = 2, typekind = 6, base_addr = 0x600002b4d4a0
            dim[0] = 2  dim[1] = 2  
            dim[0] = 2  dim[1] = 2  
  Real, *8, Dim 2, Data values:
( 1, 1) =  201
( 2, 1) =  201
( 1, 2) =  201
--- ESMCI::Array::print start ---
 Base name    = Array004
 Status: Base = Ready,  object = Ready
            dim[0] = 2  dim[1] = 2  
  Real, *8, Dim 2, Data values:
( 1, 1) =  202
( 2, 1) =  202
  Real, *8, Dim 2, Data values:
( 1, 1) =  200
( 2, 1) =  200
( 2, 2) =  201
--- ESMCI::Array::print end ---
 Proxy        = no
 Root Info (Attributes):
( 1, 2) =  202
( 2, 2) =  202
( 1, 2) =  200
( 2, 2) =  200
--- ESMCI::Array::print start ---
 Base name    = Array004
 Status: Base = Ready,  object = Ready
{
  "ESMF": {
    "Instance": {
--- ESMCI::Array::print end ---
--- ESMCI::Array::print start ---
 Base name    = Array004
--- ESMCI::Array::print end ---
--- ESMCI::Array::print start ---
 Base name    = Array004
 Proxy        = no
 Root Info (Attributes):
{
  "ESMF": {
      "NamedAliasCount": 0
    }
  }
 Status: Base = Ready,  object = Ready
 Proxy        = no
 Status: Base = Ready,  object = Ready
 Proxy        = no
}Array typekind/rank: Real*8 / 2 
 Root Info (Attributes):
 Root Info (Attributes):
    "Instance": {
      "NamedAliasCount": 0
    }
~ lower class' values ~
{
{
  "ESMF": {
DistGrid dimCount = 2
deCount = 4
localDeCount = 1
  "ESMF": {
    "Instance": {
      "NamedAliasCount": 0
    "Instance": {
      "NamedAliasCount": 0
    }
  }
}Array typekind/rank: Real*8 / 2 
~ lower class' values ~
~ local data in LocalArray for DE 3 ~
LocalArrayPrint: Array at address 0x157607c40:
    }
  }
}  }
}DistGrid dimCount = 2
deCount = 4
localDeCount = 1
            rank = 2, typekind = 6, base_addr = 0x600003179c80
            dim[0] = 4  dim[1] = 4  
  Real, *8, Dim 2, Data values:
Array typekind/rank: Real*8 / 2 
~ lower class' values ~
Array typekind/rank: Real*8 / 2 
~ lower class' values ~
DistGrid dimCount = 2
~ local data in LocalArray for DE 1 ~
LocalArrayPrint: Array at address 0x12b608670:
            rank = 2, typekind = 6, base_addr = 0x600003bf6680
( 0, 0) =  300
( 1, 0) =  301
DistGrid dimCount = 2
deCount = 4
deCount = 4
localDeCount = 1
            dim[0] = 4  dim[1] = 4  
  Real, *8, Dim 2, Data values:
~ local data in LocalArray for DE 0 ~
LocalArrayPrint: Array at address 0x13b004df0:
( 0, 0) =  301
( 1, 0) =  301
localDeCount = 1
~ local data in LocalArray for DE 2 ~
LocalArrayPrint: Array at address 0x141807330:
( 2, 0) =  301
( 3, 0) =  303
( 0, 1) =  302
            rank = 2, typekind = 6, base_addr = 0x60000055d380
            dim[0] = 4  dim[1] = 4  
( 2, 0) =  301
( 3, 0) =  301
            rank = 2, typekind = 6, base_addr = 0x600000c44100
            dim[0] = 4  dim[1] = 4  
  Real, *8, Dim 2, Data values:
( 1, 1) =  303
( 2, 1) =  303
( 3, 1) =  303
  Real, *8, Dim 2, Data values:
( 0, 0) =  300
( 1, 0) =  300
( 0, 1) =  300
( 1, 1) =  301
( 0, 0) =  302
( 1, 0) =  300
( 2, 0) =  300
( 3, 0) =  300
( 2, 1) =  301
( 2, 0) =  300
( 3, 0) =  301
( 0, 2) =  302
( 1, 2) =  303
( 2, 2) =  303
( 0, 1) =  300
( 3, 1) =  301
( 0, 2) =  300
( 1, 1) =  300
( 2, 1) =  300
( 0, 1) =  302
( 1, 1) =  302
( 2, 1) =  302
( 3, 2) =  303
( 0, 3) =  303
( 1, 3) =  303
( 1, 2) =  301
( 2, 2) =  301
( 3, 1) =  301
( 0, 2) =  300
( 3, 1) =  303
( 0, 2) =  302
( 2, 3) =  303
( 3, 3) =  303
--- ESMCI::Array::print end ---
( 3, 2) =  301
( 0, 3) =  302
( 1, 2) =  300
( 2, 2) =  300
( 3, 2) =  301
( 1, 2) =  302
( 2, 2) =  302
( 3, 2) =  303
--- ESMCI::Array::print start ---
 Base name    = Array005
 Status: Base = Ready,  object = Ready
( 1, 3) =  303
( 2, 3) =  303
( 3, 3) =  301
( 0, 3) =  300
( 1, 3) =  302
( 0, 3) =  302
( 1, 3) =  302
( 2, 3) =  302
 Proxy        = no
 Root Info (Attributes):
--- ESMCI::Array::print end ---
--- ESMCI::Array::print start ---
( 3, 3) =  303
--- ESMCI::Array::print end ---
{
 Base name    = Array005
 Status: Base = Ready,  object = Ready
( 2, 3) =  302
( 3, 3) =  302
--- ESMCI::Array::print end ---
--- ESMCI::Array::print start ---
 Base name    = Array005
  "ESMF": {
    "Instance": {
      "NamedAliasCount": 0
 Proxy        = no
 Root Info (Attributes):
--- ESMCI::Array::print start ---
 Base name    = Array005
 Status: Base = Ready,  object = Ready
 Proxy        = no
    }
  }
{
  "ESMF": {
 Status: Base = Ready,  object = Ready
 Proxy        = no
 Root Info (Attributes):
{
  "ESMF": {
}Array typekind/rank: Real*8 / 2 
    "Instance": {
      "NamedAliasCount": 0
    }
 Root Info (Attributes):
{
  "ESMF": {
    "Instance": {
      "NamedAliasCount": 0
~ lower class' values ~
DistGrid dimCount = 2
deCount = 4
  }
}Array typekind/rank: Real*8 / 2 
    "Instance": {
      "NamedAliasCount": 0
    }
    }
  }
}localDeCount = 1
~ local data in LocalArray for DE 3 ~
~ lower class' values ~
DistGrid dimCount = 2
Array typekind/rank: Real*8 / 2 
~ lower class' values ~
DistGrid dimCount = 2
LocalArrayPrint: Array at address 0x157607f70:
            rank = 2, typekind = 6, base_addr = 0x600003179d80
deCount = 4
localDeCount = 1
~ local data in LocalArray for DE 1 ~
  }
}Array typekind/rank: Real*8 / 2 
~ lower class' values ~
DistGrid dimCount = 2
deCount = 4
localDeCount = 1
            dim[0] = 4  dim[1] = 4  
  Real, *8, Dim 2, Data values:
LocalArrayPrint: Array at address 0x12b6089a0:
            rank = 2, typekind = 6, base_addr = 0x600003bf6a80
deCount = 4
localDeCount = 1
~ local data in LocalArray for DE 0 ~
( 0, 0) =  400
( 1, 0) =  401
LocalArrayPrint: Array at address 0x13b005120:
            dim[0] = 4  dim[1] = 4  
~ local data in LocalArray for DE 2 ~
LocalArrayPrint: Array at address 0x141807660:
            rank = 2, typekind = 6, base_addr = 0x60000055d680
            dim[0] = 4  dim[1] = 4  
  Real, *8, Dim 2, Data values:
  Real, *8, Dim 2, Data values:
( 0, 0) =  401
( 1, 0) =  401
( 2, 0) =  401
            rank = 2, typekind = 6, base_addr = 0x600000c44200
            dim[0] = 4  dim[1] = 4  
  Real, *8, Dim 2, Data values:
( 2, 0) =  401
( 3, 0) =  403
( 0, 1) =  402
( 1, 1) =  403
( 2, 1) =  403
( 0, 0) =  400
( 1, 0) =  400
( 3, 0) =  401
( 0, 1) =  400
( 1, 1) =  401
( 0, 0) =  402
( 1, 0) =  400
( 3, 1) =  403
( 0, 2) =  402
( 1, 2) =  403
( 2, 0) =  400
( 3, 0) =  400
( 2, 1) =  401
( 2, 0) =  400
( 3, 0) =  401
( 2, 2) =  403
( 3, 2) =  403
( 0, 1) =  400
( 1, 1) =  400
( 3, 1) =  401
( 0, 2) =  400
( 0, 1) =  402
( 1, 1) =  402
( 0, 3) =  403
( 1, 3) =  403
( 2, 1) =  400
( 3, 1) =  401
( 0, 2) =  400
( 1, 2) =  401
( 2, 2) =  401
( 3, 2) =  401
( 2, 3) =  403
( 3, 3) =  403
( 2, 1) =  402
( 3, 1) =  403
( 0, 2) =  402
( 1, 2) =  400
( 2, 2) =  400
( 3, 2) =  401
( 0, 3) =  402
( 1, 3) =  403
( 2, 3) =  403
--- ESMCI::Array::print end ---
--- ESMCI::Array::print start ---
 Base name    = Array006
( 0, 3) =  400
( 1, 3) =  402
( 3, 3) =  401
--- ESMCI::Array::print end ---
( 1, 2) =  402
( 2, 2) =  402
( 3, 2) =  403
 Status: Base = Ready,  object = Ready
 Proxy        = no
( 0, 3) =  402
( 2, 3) =  402
--- ESMCI::Array::print start ---
 Base name    = Array006
( 1, 3) =  402
( 3, 3) =  403
--- ESMCI::Array::print end ---
 Root Info (Attributes):
{
( 2, 3) =  402
( 3, 3) =  402
--- ESMCI::Array::print end ---
--- ESMCI::Array::print start ---
 Base name    = Array006
 Status: Base = Ready,  object = Ready
  "ESMF": {
    "Instance": {
      "NamedAliasCount": 0
 Status: Base = Ready,  object = Ready
 Proxy        = no
 Root Info (Attributes):
{
--- ESMCI::Array::print start ---
 Base name    = Array006
 Proxy        = no
 Root Info (Attributes):
    }
  }
}  "ESMF": {
    "Instance": {
      "NamedAliasCount": 0
 Status: Base = Ready,  object = Ready
 Proxy        = no
 Root Info (Attributes):
{
  "ESMF": {
    }
  }
{
  "ESMF": {
    "Instance": {
      "NamedAliasCount": 0
}Array typekind/rank: Real*8 / 2 
Array typekind/rank: Real*8 / 2 
~ lower class' values ~
DistGrid dimCount = 2
deCount = 4
    "Instance": {
      "NamedAliasCount": 0
    }
  }
~ lower class' values ~
DistGrid dimCount = 2
localDeCount = 1
~ local data in LocalArray for DE 3 ~
LocalArrayPrint: Array at address 0x1576082a0:
    }
  }
}}Array typekind/rank: Real*8 / 2 
~ lower class' values ~
DistGrid dimCount = 2
deCount = 4
localDeCount = 1
~ local data in LocalArray for DE 1 ~
Array typekind/rank: Real*8 / 2 
~ lower class' values ~
DistGrid dimCount = 2
deCount = 4
localDeCount = 1
LocalArrayPrint: Array at address 0x12b608cd0:
            rank = 2, typekind = 6, base_addr = 0x6000031f4420
            rank = 2, typekind = 6, base_addr = 0x600003b78480
            dim[0] = 4  dim[1] = 3  
  Real, *8, Dim 2, Data values:
( 0, 0) =  500
deCount = 4
localDeCount = 1
~ local data in LocalArray for DE 2 ~
~ local data in LocalArray for DE 0 ~
LocalArrayPrint: Array at address 0x13b005450:
            dim[0] = 4  dim[1] = 3  
  Real, *8, Dim 2, Data values:
LocalArrayPrint: Array at address 0x1418079d0:
            rank = 2, typekind = 6, base_addr = 0x600000f5c1e0
            dim[0] = 4  dim[1] = 3  
( 0, 0) =  501
( 1, 0) =  501
( 2, 0) =  501
( 1, 0) =  501
( 2, 0) =  501
( 3, 0) =  503
( 0, 1) =  502
            rank = 2, typekind = 6, base_addr = 0x600000640420
            dim[0] = 4  dim[1] = 3  
  Real, *8, Dim 2, Data values:
  Real, *8, Dim 2, Data values:
( 0, 0) =  500
( 1, 0) =  500
( 3, 0) =  501
( 0, 1) =  500
( 1, 1) =  503
( 2, 1) =  503
( 3, 1) =  503
( 0, 0) =  502
( 1, 0) =  500
( 2, 0) =  500
( 3, 0) =  500
( 1, 1) =  501
( 2, 1) =  501
( 0, 2) =  502
( 1, 2) =  503
( 2, 0) =  500
( 3, 0) =  501
( 0, 1) =  500
( 1, 1) =  500
( 3, 1) =  501
( 0, 2) =  500
( 1, 2) =  501
( 2, 2) =  503
( 3, 2) =  503
( 0, 1) =  502
( 1, 1) =  502
( 2, 1) =  502
( 2, 1) =  500
( 3, 1) =  501
( 0, 2) =  500
( 2, 2) =  501
( 3, 2) =  501
--- ESMCI::Array::print end ---
--- ESMCI::Array::print end ---
( 3, 1) =  503
( 0, 2) =  502
( 1, 2) =  500
( 2, 2) =  500
( 3, 2) =  501
( 1, 2) =  502
( 2, 2) =  502
--- ESMCI::Array::print end ---
  PASS  Example ESMF_ArrayBundleHaloEx, ESMF_ArrayBundleHaloEx.F90, line 172
( 3, 2) =  503
--- ESMCI::Array::print end ---
  PASS  Example ESMF_ArrayBundleHaloEx, ESMF_ArrayBundleHaloEx.F90, line 172
  PASS  Example ESMF_ArrayBundleHaloEx, ESMF_ArrayBundleHaloEx.F90, line 172
  PASS  Example ESMF_ArrayBundleHaloEx, ESMF_ArrayBundleHaloEx.F90, line 172
 PASS: ESMF_ArrayBundleHaloEx.F90
 PASS: ESMF_ArrayBundleHaloEx.F90
 PASS: ESMF_ArrayBundleHaloEx.F90
 PASS: ESMF_ArrayBundleHaloEx.F90
