2026-08-03 23:33:32
20260803 235323.307 INFO             PET0 !!!!!!!!!!!!!!!!!!!!!!!!!!!!!!!!!!!!!!!!!!!!!!!!!!!!!!
20260803 235323.307 INFO             PET0 !!! THE ESMF_LOG IS SET TO OUTPUT ALL LOG MESSAGES !!!
20260803 235323.307 INFO             PET0 !!!     THIS MAY CAUSE SLOWDOWN IN PERFORMANCE     !!!
20260803 235323.307 INFO             PET0 !!! FOR PRODUCTION RUNS, USE:                      !!!
20260803 235323.307 INFO             PET0 !!!                   ESMF_LOGKIND_Multi_On_Error  !!!
20260803 235323.307 INFO             PET0 !!!!!!!!!!!!!!!!!!!!!!!!!!!!!!!!!!!!!!!!!!!!!!!!!!!!!!
20260803 235323.307 INFO             PET0 Running with ESMF Version   : develop+g45870de0c5
20260803 235323.307 INFO             PET0 ESMF library build date/time: "Aug  3 2026" "23:32:11"
20260803 235323.307 INFO             PET0 ESMF library build location : /usr/local/esmf/esmf-testing/gfortranclang_14.2.0_17.0.0_openmpi_O_develop/esmf
20260803 235323.307 INFO             PET0 ESMF_COMM                   : openmpi
20260803 235323.307 INFO             PET0 ESMF_MOAB                   : enabled
20260803 235323.307 INFO             PET0 ESMF_LAPACK                 : enabled
20260803 235323.307 INFO             PET0 ESMF_NETCDF                 : enabled
20260803 235323.307 INFO             PET0 ESMF_PNETCDF                : disabled
20260803 235323.307 INFO             PET0 ESMF_PIO                    : enabled
20260803 235323.307 INFO             PET0 ESMF_YAMLCPP                : enabled
20260803 235323.308 INFO             PET0  NUMBER_OF_PROCESSORS           1
20260803 235323.308 INFO             PET0  PASS  Example ESMF_XGridSparseMatEx, ESMF_XGridSparseMatEx.F90, line 642
20260803 235323.308 INFO             PET0  Finalizing ESMF
