2026-08-05 21:16:58
20260805 213330.649 INFO             PET0 !!!!!!!!!!!!!!!!!!!!!!!!!!!!!!!!!!!!!!!!!!!!!!!!!!!!!!
20260805 213330.650 INFO             PET0 !!! THE ESMF_LOG IS SET TO OUTPUT ALL LOG MESSAGES !!!
20260805 213330.650 INFO             PET0 !!!     THIS MAY CAUSE SLOWDOWN IN PERFORMANCE     !!!
20260805 213330.650 INFO             PET0 !!! FOR PRODUCTION RUNS, USE:                      !!!
20260805 213330.650 INFO             PET0 !!!                   ESMF_LOGKIND_Multi_On_Error  !!!
20260805 213330.650 INFO             PET0 !!!!!!!!!!!!!!!!!!!!!!!!!!!!!!!!!!!!!!!!!!!!!!!!!!!!!!
20260805 213330.650 INFO             PET0 Running with ESMF Version   : develop+g432bc4507e
20260805 213330.650 INFO             PET0 ESMF library build date/time: "Aug  5 2026" "21:16:03"
20260805 213330.650 INFO             PET0 ESMF library build location : /usr/local/esmf/esmf-testing/nag_7.2.44_mpiuni_O_develop/esmf
20260805 213330.650 INFO             PET0 ESMF_COMM                   : mpiuni
20260805 213330.650 INFO             PET0 ESMF_MOAB                   : enabled
20260805 213330.650 INFO             PET0 ESMF_LAPACK                 : enabled
20260805 213330.650 INFO             PET0 ESMF_NETCDF                 : enabled
20260805 213330.650 INFO             PET0 ESMF_PNETCDF                : disabled
20260805 213330.650 INFO             PET0 ESMF_PIO                    : enabled
20260805 213330.650 INFO             PET0 ESMF_YAMLCPP                : enabled
20260805 213330.662 INFO             PET0  NUMBER_OF_PROCESSORS 1
20260805 213330.662 INFO             PET0  PASS  Example ESMF_NUOPCBasicModelEx, ESMF_NUOPCBasicModelEx.F90, line 339
20260805 213330.662 INFO             PET0  Finalizing ESMF
