2026-06-23 21:07:08
20260623 212100.027 INFO             PET0 !!!!!!!!!!!!!!!!!!!!!!!!!!!!!!!!!!!!!!!!!!!!!!!!!!!!!!
20260623 212100.028 INFO             PET0 !!! THE ESMF_LOG IS SET TO OUTPUT ALL LOG MESSAGES !!!
20260623 212100.028 INFO             PET0 !!!     THIS MAY CAUSE SLOWDOWN IN PERFORMANCE     !!!
20260623 212100.028 INFO             PET0 !!! FOR PRODUCTION RUNS, USE:                      !!!
20260623 212100.028 INFO             PET0 !!!                   ESMF_LOGKIND_Multi_On_Error  !!!
20260623 212100.028 INFO             PET0 !!!!!!!!!!!!!!!!!!!!!!!!!!!!!!!!!!!!!!!!!!!!!!!!!!!!!!
20260623 212100.028 INFO             PET0 Running with ESMF Version   : develop+g380c18cfa6
20260623 212100.028 INFO             PET0 ESMF library build date/time: "Jun 23 2026" "21:06:20"
20260623 212100.028 INFO             PET0 ESMF library build location : /usr/local/esmf/esmf-testing/nag_7.2.44_mpiuni_O_develop/esmf
20260623 212100.028 INFO             PET0 ESMF_COMM                   : mpiuni
20260623 212100.028 INFO             PET0 ESMF_MOAB                   : enabled
20260623 212100.028 INFO             PET0 ESMF_LAPACK                 : enabled
20260623 212100.028 INFO             PET0 ESMF_NETCDF                 : enabled
20260623 212100.028 INFO             PET0 ESMF_PNETCDF                : disabled
20260623 212100.028 INFO             PET0 ESMF_PIO                    : enabled
20260623 212100.028 INFO             PET0 ESMF_YAMLCPP                : enabled
20260623 212100.028 INFO             PET0  NUMBER_OF_PROCESSORS 1
20260623 212100.028 INFO             PET0  PASS  Example ESMF_ClockEx, ESMF_ClockEx.F90, line 220
20260623 212100.028 INFO             PET0  Finalizing ESMF
