2026-06-09 01:40:24
20260609 023145.698 INFO             PET0 !!!!!!!!!!!!!!!!!!!!!!!!!!!!!!!!!!!!!!!!!!!!!!!!!!!!!!
20260609 023145.698 INFO             PET0 !!! THE ESMF_LOG IS SET TO OUTPUT ALL LOG MESSAGES !!!
20260609 023145.698 INFO             PET0 !!!     THIS MAY CAUSE SLOWDOWN IN PERFORMANCE     !!!
20260609 023145.698 INFO             PET0 !!! FOR PRODUCTION RUNS, USE:                      !!!
20260609 023145.698 INFO             PET0 !!!                   ESMF_LOGKIND_Multi_On_Error  !!!
20260609 023145.698 INFO             PET0 !!!!!!!!!!!!!!!!!!!!!!!!!!!!!!!!!!!!!!!!!!!!!!!!!!!!!!
20260609 023145.698 INFO             PET0 Running with ESMF Version   : develop+gf183dd1f0b
20260609 023145.698 INFO             PET0 ESMF library build date/time: "Jun  9 2026" "01:37:00"
20260609 023145.698 INFO             PET0 ESMF library build location : /glade/derecho/scratch/sacks/esmf-testing/nvhpc_26.1_mpiuni_g_develop/esmf
20260609 023145.698 INFO             PET0 ESMF_COMM                   : mpiuni
20260609 023145.699 INFO             PET0 ESMF_MOAB                   : enabled
20260609 023145.699 INFO             PET0 ESMF_LAPACK                 : enabled
20260609 023145.699 INFO             PET0 ESMF_NETCDF                 : enabled
20260609 023145.699 INFO             PET0 ESMF_PNETCDF                : disabled
20260609 023145.699 INFO             PET0 ESMF_PIO                    : enabled
20260609 023145.699 INFO             PET0 ESMF_YAMLCPP                : enabled
20260609 023145.718 INFO             PET0  NUMBER_OF_PROCESSORS            1
20260609 023145.718 INFO             PET0  PASS  Example ESMF_NUOPCBasicModelEx, ESMF_NUOPCBasicModelEx.F90, line 339
20260609 023145.718 INFO             PET0  Finalizing ESMF
