2026-08-14 02:09:21
20260814 030157.698 INFO             PET0 !!!!!!!!!!!!!!!!!!!!!!!!!!!!!!!!!!!!!!!!!!!!!!!!!!!!!!
20260814 030157.698 INFO             PET0 !!! THE ESMF_LOG IS SET TO OUTPUT ALL LOG MESSAGES !!!
20260814 030157.698 INFO             PET0 !!!     THIS MAY CAUSE SLOWDOWN IN PERFORMANCE     !!!
20260814 030157.698 INFO             PET0 !!! FOR PRODUCTION RUNS, USE:                      !!!
20260814 030157.698 INFO             PET0 !!!                   ESMF_LOGKIND_Multi_On_Error  !!!
20260814 030157.698 INFO             PET0 !!!!!!!!!!!!!!!!!!!!!!!!!!!!!!!!!!!!!!!!!!!!!!!!!!!!!!
20260814 030157.698 INFO             PET0 Running with ESMF Version   : develop+g17f2be238d
20260814 030157.698 INFO             PET0 ESMF library build date/time: "Aug 14 2026" "02:05:53"
20260814 030157.698 INFO             PET0 ESMF library build location : /glade/derecho/scratch/sacks/esmf-testing/nvhpc_26.1_mpiuni_g_develop/esmf
20260814 030157.698 INFO             PET0 ESMF_COMM                   : mpiuni
20260814 030157.698 INFO             PET0 ESMF_MOAB                   : enabled
20260814 030157.698 INFO             PET0 ESMF_LAPACK                 : enabled
20260814 030157.698 INFO             PET0 ESMF_NETCDF                 : enabled
20260814 030157.698 INFO             PET0 ESMF_PNETCDF                : disabled
20260814 030157.698 INFO             PET0 ESMF_PIO                    : enabled
20260814 030157.698 INFO             PET0 ESMF_YAMLCPP                : enabled
20260814 030157.699 INFO             PET0  NUMBER_OF_PROCESSORS            1
20260814 030157.699 INFO             PET0  PASS  Example ESMF_TimeIntervalEx, ESMF_TimeIntervalEx.F90, line 176
20260814 030157.699 INFO             PET0  Finalizing ESMF
