2026-08-24 02:05:29
20260824 030603.538 INFO             PET0 !!!!!!!!!!!!!!!!!!!!!!!!!!!!!!!!!!!!!!!!!!!!!!!!!!!!!!
20260824 030603.538 INFO             PET0 !!! THE ESMF_LOG IS SET TO OUTPUT ALL LOG MESSAGES !!!
20260824 030603.538 INFO             PET0 !!!     THIS MAY CAUSE SLOWDOWN IN PERFORMANCE     !!!
20260824 030603.538 INFO             PET0 !!! FOR PRODUCTION RUNS, USE:                      !!!
20260824 030603.538 INFO             PET0 !!!                   ESMF_LOGKIND_Multi_On_Error  !!!
20260824 030603.538 INFO             PET0 !!!!!!!!!!!!!!!!!!!!!!!!!!!!!!!!!!!!!!!!!!!!!!!!!!!!!!
20260824 030603.538 INFO             PET0 Running with ESMF Version   : develop+gd8cb7c6c83
20260824 030603.538 INFO             PET0 ESMF library build date/time: "Aug 24 2026" "02:02:02"
20260824 030603.538 INFO             PET0 ESMF library build location : /glade/derecho/scratch/sacks/esmf-testing/nvhpc_26.1_mpiuni_g_develop/esmf
20260824 030603.538 INFO             PET0 ESMF_COMM                   : mpiuni
20260824 030603.538 INFO             PET0 ESMF_MOAB                   : enabled
20260824 030603.538 INFO             PET0 ESMF_LAPACK                 : enabled
20260824 030603.538 INFO             PET0 ESMF_NETCDF                 : enabled
20260824 030603.538 INFO             PET0 ESMF_PNETCDF                : disabled
20260824 030603.538 INFO             PET0 ESMF_PIO                    : enabled
20260824 030603.538 INFO             PET0 ESMF_YAMLCPP                : enabled
20260824 030603.538 INFO             PET0 ESMF Tracing Enabled
20260824 030603.538 INFO             PET0 ESMF Profiling Enabled
20260824 030603.538 INFO             PET0 ESMF Trace/Profile clock: REALTIME
20260824 030603.542 INFO             PET0  NUMBER_OF_PROCESSORS            1
20260824 030603.542 INFO             PET0  PASS  Example ESMF_TraceEx, ESMF_TraceEx.F90, line 178
20260824 030603.542 INFO             PET0  Finalizing ESMF
20260824 030603.542 INFO             PET0 **************** Region Timings *******************
20260824 030603.542 INFO             PET0 Region              Count  Total (s)   Self (s)    Mean (s)    Min (s)     Max (s)
20260824 030603.542 INFO             PET0   [ESMF]            1      0.0021      0.0021      0.0021      0.0021      0.0021
20260824 030603.542 INFO             PET0     [test] Run 1    5      0.0000      0.0000      0.0000      0.0000      0.0000
20260824 030603.542 INFO             PET0     [test] Init 1   1      0.0000      0.0000      0.0000      0.0000      0.0000
20260824 030603.542 INFO             PET0     [test] Final 1  1      0.0000      0.0000      0.0000      0.0000      0.0000
