2026-05-22 23:49:25
20260523 000317.249 INFO             PET0 !!!!!!!!!!!!!!!!!!!!!!!!!!!!!!!!!!!!!!!!!!!!!!!!!!!!!!
20260523 000317.250 INFO             PET0 !!! THE ESMF_LOG IS SET TO OUTPUT ALL LOG MESSAGES !!!
20260523 000317.250 INFO             PET0 !!!     THIS MAY CAUSE SLOWDOWN IN PERFORMANCE     !!!
20260523 000317.250 INFO             PET0 !!! FOR PRODUCTION RUNS, USE:                      !!!
20260523 000317.250 INFO             PET0 !!!                   ESMF_LOGKIND_Multi_On_Error  !!!
20260523 000317.250 INFO             PET0 !!!!!!!!!!!!!!!!!!!!!!!!!!!!!!!!!!!!!!!!!!!!!!!!!!!!!!
20260523 000317.250 INFO             PET0 Running with ESMF Version   : feature/refresh-bmauer-c_dynmask_interface+g326dc38f77
20260523 000317.250 INFO             PET0 ESMF library build date/time: "May 22 2026" "23:48:24"
20260523 000317.250 INFO             PET0 ESMF library build location : /usr/local/esmf/esmf-testing/gfortranclang_14.2.0_17.0.0_mpiuni_O_feature_refresh-bmauer-c_dynmask_interface/esmf
20260523 000317.250 INFO             PET0 ESMF_COMM                   : mpiuni
20260523 000317.250 INFO             PET0 ESMF_MOAB                   : enabled
20260523 000317.250 INFO             PET0 ESMF_LAPACK                 : enabled
20260523 000317.250 INFO             PET0 ESMF_NETCDF                 : enabled
20260523 000317.250 INFO             PET0 ESMF_PNETCDF                : disabled
20260523 000317.250 INFO             PET0 ESMF_PIO                    : enabled
20260523 000317.250 INFO             PET0 ESMF_YAMLCPP                : enabled
20260523 000317.250 INFO             PET0 InternalState label: second named data block
20260523 000317.250 INFO             PET0 InternalState label: first named data block
20260523 000317.250 INFO             PET0 InternalState label: ESMF-default-localdata
20260523 000317.250 INFO             PET0  NUMBER_OF_PROCESSORS           1
20260523 000317.250 INFO             PET0  PASS  Example ESMF_InternalStateEx, ESMF_InternalStateEx.F90, line 218
20260523 000317.250 INFO             PET0  Finalizing ESMF
