2026-08-08 07:33:37
20260808 081937.517 INFO             PET0 !!!!!!!!!!!!!!!!!!!!!!!!!!!!!!!!!!!!!!!!!!!!!!!!!!!!!!
20260808 081937.517 INFO             PET0 !!! THE ESMF_LOG IS SET TO OUTPUT ALL LOG MESSAGES !!!
20260808 081937.517 INFO             PET0 !!!     THIS MAY CAUSE SLOWDOWN IN PERFORMANCE     !!!
20260808 081937.517 INFO             PET0 !!! FOR PRODUCTION RUNS, USE:                      !!!
20260808 081937.517 INFO             PET0 !!!                   ESMF_LOGKIND_Multi_On_Error  !!!
20260808 081937.517 INFO             PET0 !!!!!!!!!!!!!!!!!!!!!!!!!!!!!!!!!!!!!!!!!!!!!!!!!!!!!!
20260808 081937.517 INFO             PET0 Running with ESMF Version   : develop+g17f2be238d
20260808 081937.517 INFO             PET0 ESMF library build date/time: "Aug  8 2026" "07:30:40"
20260808 081937.517 INFO             PET0 ESMF library build location : /scratch3/NCEPDEV/stmp/Gerhard.Theurich/ESMF-Nightly-Testing-Hera/intel_2023.2.0_intelmpi_O_develop/esmf
20260808 081937.517 INFO             PET0 ESMF_COMM                   : intelmpi
20260808 081937.518 INFO             PET0 ESMF_MOAB                   : enabled
20260808 081937.518 INFO             PET0 ESMF_LAPACK                 : enabled
20260808 081937.518 INFO             PET0 ESMF_NETCDF                 : enabled
20260808 081937.518 INFO             PET0 ESMF_PNETCDF                : disabled
20260808 081937.518 INFO             PET0 ESMF_PIO                    : enabled
20260808 081937.518 INFO             PET0 ESMF_YAMLCPP                : enabled
20260808 081937.518 INFO             PET0  NUMBER_OF_PROCESSORS           2
20260808 081937.518 INFO             PET0  PASS  Example ESMF_VMUserMpiCommEx, ESMF_VMUserMpiCommEx.F90, line 113
20260808 081937.518 INFO             PET0  Finalizing ESMF with endflag==ESMF_END_KEEPMPI
20260808 081937.517 INFO             PET1 !!!!!!!!!!!!!!!!!!!!!!!!!!!!!!!!!!!!!!!!!!!!!!!!!!!!!!
20260808 081937.518 INFO             PET1 !!! THE ESMF_LOG IS SET TO OUTPUT ALL LOG MESSAGES !!!
20260808 081937.518 INFO             PET1 !!!     THIS MAY CAUSE SLOWDOWN IN PERFORMANCE     !!!
20260808 081937.518 INFO             PET1 !!! FOR PRODUCTION RUNS, USE:                      !!!
20260808 081937.518 INFO             PET1 !!!                   ESMF_LOGKIND_Multi_On_Error  !!!
20260808 081937.518 INFO             PET1 !!!!!!!!!!!!!!!!!!!!!!!!!!!!!!!!!!!!!!!!!!!!!!!!!!!!!!
20260808 081937.518 INFO             PET1 Running with ESMF Version   : develop+g17f2be238d
20260808 081937.518 INFO             PET1 ESMF library build date/time: "Aug  8 2026" "07:30:40"
20260808 081937.518 INFO             PET1 ESMF library build location : /scratch3/NCEPDEV/stmp/Gerhard.Theurich/ESMF-Nightly-Testing-Hera/intel_2023.2.0_intelmpi_O_develop/esmf
20260808 081937.518 INFO             PET1 ESMF_COMM                   : intelmpi
20260808 081937.518 INFO             PET1 ESMF_MOAB                   : enabled
20260808 081937.518 INFO             PET1 ESMF_LAPACK                 : enabled
20260808 081937.518 INFO             PET1 ESMF_NETCDF                 : enabled
20260808 081937.518 INFO             PET1 ESMF_PNETCDF                : disabled
20260808 081937.518 INFO             PET1 ESMF_PIO                    : enabled
20260808 081937.518 INFO             PET1 ESMF_YAMLCPP                : enabled
20260808 081937.518 INFO             PET1  NUMBER_OF_PROCESSORS           2
20260808 081937.518 INFO             PET1  PASS  Example ESMF_VMUserMpiCommEx, ESMF_VMUserMpiCommEx.F90, line 113
20260808 081937.518 INFO             PET1  Finalizing ESMF with endflag==ESMF_END_KEEPMPI
