2026-06-11 21:36:53
libc++abi: terminating due to uncaught exception of type nlohmann::json_abi_v3_11_2::detail::out_of_range: [json.exception.out_of_range.403] key 'NUOPC' not found
libc++abi: terminating due to uncaught exception of type nlohmann::json_abi_v3_11_2::detail::out_of_range: [json.exception.out_of_range.403] key 'NUOPC' not found

Program received signal SIGABRT: Process abort signal.

Backtrace for this error:
libc++abi: terminating due to uncaught exception of type nlohmann::json_abi_v3_11_2::detail::out_of_range: [json.exception.out_of_range.403] key 'NUOPC' not found

Program received signal SIGABRT: Process abort signal.

Backtrace for this error:

Program received signal SIGABRT: Process abort signal.

Backtrace for this error:
libc++abi: terminating due to uncaught exception of type nlohmann::json_abi_v3_11_2::detail::out_of_range: [json.exception.out_of_range.403] key 'NUOPC' not found

Program received signal SIGABRT: Process abort signal.

Backtrace for this error:
#0  0x10153a0af
#1  0x101539103
#2  0x19eff0623
#3  0x19efb688b
#4  0x19eebfc5f
#5  0x19ef6c39b
#6  0x19ef5acef
#7  0x19ebe0de3
#8  0x19ef6b6af
#9  0x19ef6ec47
#10  0x19ef6ebef
#0  0x102ce60af
#1  0x102ce5103
#2  0x19eff0623
#3  0x19efb688b
#4  0x19eebfc5f
#5  0x19ef6c39b
#6  0x19ef5acef
#7  0x19ebe0de3
#8  0x19ef6b6af
#9  0x19ef6ec47
#10  0x19ef6ebef
#0  0x1055e60af
#1  0x1055e5103
#2  0x19eff0623
#3  0x19efb688b
#4  0x19eebfc5f
#5  0x19ef6c39b
#6  0x19ef5acef
#7  0x19ebe0de3
#8  0x19ef6b6af
#9  0x19ef6ec47
#10  0x19ef6ebef
#0  0x100bde0af
#1  0x100bdd103
#2  0x19eff0623
#3  0x19efb688b
#4  0x19eebfc5f
#5  0x19ef6c39b
#6  0x19ef5acef
#7  0x19ebe0de3
#8  0x19ef6b6af
#9  0x19ef6ec47
#10  0x19ef6ebef
--------------------------------------------------------------------------
prterun noticed that process rank 3 with PID 89988 on node cgdm-fairy exited on
signal 6 (Abort trap: 6).
--------------------------------------------------------------------------
