2026-06-10 21:41:14
libc++abi: terminating due to uncaught exception of type nlohmann::json_abi_v3_11_2::detail::out_of_range: [json.exception.out_of_range.403] key 'NUOPC' not found

Program received signal SIGABRT: Process abort signal.

Backtrace for this error:
libc++abi: terminating due to uncaught exception of type nlohmann::json_abi_v3_11_2::detail::out_of_range: [json.exception.out_of_range.403] key 'NUOPC' not found

Program received signal SIGABRT: Process abort signal.

Backtrace for this error:
libc++abi: terminating due to uncaught exception of type nlohmann::json_abi_v3_11_2::detail::out_of_range: [json.exception.out_of_range.403] key 'NUOPC' not found

Program received signal SIGABRT: Process abort signal.

Backtrace for this error:
libc++abi: terminating due to uncaught exception of type nlohmann::json_abi_v3_11_2::detail::out_of_range: [json.exception.out_of_range.403] key 'NUOPC' not found

Program received signal SIGABRT: Process abort signal.

Backtrace for this error:
#0  0x10448a0af
#1  0x104489103
#2  0x18f60c623
#3  0x18f5d288b
#4  0x18f4dbc5f
#5  0x18f58839b
#6  0x18f576cef
#7  0x18f1fcde3
#8  0x18f5876af
#9  0x18f58ac47
#10  0x18f58abef
#0  0x1044660af
#1  0x104465103
#2  0x18f60c623
#3  0x18f5d288b
#4  0x18f4dbc5f
#5  0x18f58839b
#6  0x18f576cef
#7  0x18f1fcde3
#8  0x18f5876af
#9  0x18f58ac47
#10  0x18f58abef
#0  0x1063a20af
#1  0x1063a1103
#2  0x18f60c623
#3  0x18f5d288b
#4  0x18f4dbc5f
#5  0x18f58839b
#6  0x18f576cef
#7  0x18f1fcde3
#8  0x18f5876af
#9  0x18f58ac47
#10  0x18f58abef
#0  0x1084ce0af
#1  0x1084cd103
#2  0x18f60c623
#3  0x18f5d288b
#4  0x18f4dbc5f
#5  0x18f58839b
#6  0x18f576cef
#7  0x18f1fcde3
#8  0x18f5876af
#9  0x18f58ac47
#10  0x18f58abef
--------------------------------------------------------------------------
prterun noticed that process rank 3 with PID 16704 on node cgdm-fairy exited on
signal 6 (Abort trap: 6).
--------------------------------------------------------------------------
