2026-05-04 21:02:23
20260504 215408.566 INFO             PET0 !!!!!!!!!!!!!!!!!!!!!!!!!!!!!!!!!!!!!!!!!!!!!!!!!!!!!!
20260504 215408.573 INFO             PET0 !!! THE ESMF_LOG IS SET TO OUTPUT ALL LOG MESSAGES !!!
20260504 215408.573 INFO             PET0 !!!     THIS MAY CAUSE SLOWDOWN IN PERFORMANCE     !!!
20260504 215408.573 INFO             PET0 !!! FOR PRODUCTION RUNS, USE:                      !!!
20260504 215408.573 INFO             PET0 !!!                   ESMF_LOGKIND_Multi_On_Error  !!!
20260504 215408.573 INFO             PET0 !!!!!!!!!!!!!!!!!!!!!!!!!!!!!!!!!!!!!!!!!!!!!!!!!!!!!!
20260504 215408.573 INFO             PET0 Running with ESMF Version   : develop+g73c04876fd
20260504 215408.573 INFO             PET0 ESMF library build date/time: "May  4 2026" "20:39:19"
20260504 215408.573 INFO             PET0 ESMF library build location : /Users/sacks/projects/scratch/esmf-testing/gfortranclang_12.2.0_14.0.0_openmpi_g_develop/esmf
20260504 215408.573 INFO             PET0 ESMF_COMM                   : openmpi
20260504 215408.573 INFO             PET0 ESMF_MOAB                   : enabled
20260504 215408.573 INFO             PET0 ESMF_LAPACK                 : enabled
20260504 215408.573 INFO             PET0 ESMF_NETCDF                 : enabled
20260504 215408.573 INFO             PET0 ESMF_PNETCDF                : disabled
20260504 215408.573 INFO             PET0 ESMF_PIO                    : enabled
20260504 215408.573 INFO             PET0 ESMF_YAMLCPP                : enabled
20260504 215408.655 INFO             PET0  NUMBER_OF_PROCESSORS           4
20260504 215408.655 INFO             PET0  PASS  Example ESMF_ConfigOverviewEx, ESMF_ConfigOverviewEx.F90, line 638
20260504 215408.655 INFO             PET0  Finalizing ESMF
20260504 215408.567 INFO             PET1 !!!!!!!!!!!!!!!!!!!!!!!!!!!!!!!!!!!!!!!!!!!!!!!!!!!!!!
20260504 215408.569 INFO             PET1 !!! THE ESMF_LOG IS SET TO OUTPUT ALL LOG MESSAGES !!!
20260504 215408.569 INFO             PET1 !!!     THIS MAY CAUSE SLOWDOWN IN PERFORMANCE     !!!
20260504 215408.569 INFO             PET1 !!! FOR PRODUCTION RUNS, USE:                      !!!
20260504 215408.569 INFO             PET1 !!!                   ESMF_LOGKIND_Multi_On_Error  !!!
20260504 215408.569 INFO             PET1 !!!!!!!!!!!!!!!!!!!!!!!!!!!!!!!!!!!!!!!!!!!!!!!!!!!!!!
20260504 215408.569 INFO             PET1 Running with ESMF Version   : develop+g73c04876fd
20260504 215408.569 INFO             PET1 ESMF library build date/time: "May  4 2026" "20:39:19"
20260504 215408.569 INFO             PET1 ESMF library build location : /Users/sacks/projects/scratch/esmf-testing/gfortranclang_12.2.0_14.0.0_openmpi_g_develop/esmf
20260504 215408.569 INFO             PET1 ESMF_COMM                   : openmpi
20260504 215408.569 INFO             PET1 ESMF_MOAB                   : enabled
20260504 215408.569 INFO             PET1 ESMF_LAPACK                 : enabled
20260504 215408.569 INFO             PET1 ESMF_NETCDF                 : enabled
20260504 215408.569 INFO             PET1 ESMF_PNETCDF                : disabled
20260504 215408.569 INFO             PET1 ESMF_PIO                    : enabled
20260504 215408.569 INFO             PET1 ESMF_YAMLCPP                : enabled
20260504 215408.652 INFO             PET1  NUMBER_OF_PROCESSORS           4
20260504 215408.652 INFO             PET1  PASS  Example ESMF_ConfigOverviewEx, ESMF_ConfigOverviewEx.F90, line 638
20260504 215408.652 INFO             PET1  Finalizing ESMF
20260504 215408.566 INFO             PET2 !!!!!!!!!!!!!!!!!!!!!!!!!!!!!!!!!!!!!!!!!!!!!!!!!!!!!!
20260504 215408.568 INFO             PET2 !!! THE ESMF_LOG IS SET TO OUTPUT ALL LOG MESSAGES !!!
20260504 215408.568 INFO             PET2 !!!     THIS MAY CAUSE SLOWDOWN IN PERFORMANCE     !!!
20260504 215408.568 INFO             PET2 !!! FOR PRODUCTION RUNS, USE:                      !!!
20260504 215408.568 INFO             PET2 !!!                   ESMF_LOGKIND_Multi_On_Error  !!!
20260504 215408.568 INFO             PET2 !!!!!!!!!!!!!!!!!!!!!!!!!!!!!!!!!!!!!!!!!!!!!!!!!!!!!!
20260504 215408.568 INFO             PET2 Running with ESMF Version   : develop+g73c04876fd
20260504 215408.568 INFO             PET2 ESMF library build date/time: "May  4 2026" "20:39:19"
20260504 215408.568 INFO             PET2 ESMF library build location : /Users/sacks/projects/scratch/esmf-testing/gfortranclang_12.2.0_14.0.0_openmpi_g_develop/esmf
20260504 215408.568 INFO             PET2 ESMF_COMM                   : openmpi
20260504 215408.568 INFO             PET2 ESMF_MOAB                   : enabled
20260504 215408.568 INFO             PET2 ESMF_LAPACK                 : enabled
20260504 215408.568 INFO             PET2 ESMF_NETCDF                 : enabled
20260504 215408.568 INFO             PET2 ESMF_PNETCDF                : disabled
20260504 215408.568 INFO             PET2 ESMF_PIO                    : enabled
20260504 215408.568 INFO             PET2 ESMF_YAMLCPP                : enabled
20260504 215408.651 INFO             PET2  NUMBER_OF_PROCESSORS           4
20260504 215408.651 INFO             PET2  PASS  Example ESMF_ConfigOverviewEx, ESMF_ConfigOverviewEx.F90, line 638
20260504 215408.651 INFO             PET2  Finalizing ESMF
20260504 215408.567 INFO             PET3 !!!!!!!!!!!!!!!!!!!!!!!!!!!!!!!!!!!!!!!!!!!!!!!!!!!!!!
20260504 215408.577 INFO             PET3 !!! THE ESMF_LOG IS SET TO OUTPUT ALL LOG MESSAGES !!!
20260504 215408.577 INFO             PET3 !!!     THIS MAY CAUSE SLOWDOWN IN PERFORMANCE     !!!
20260504 215408.577 INFO             PET3 !!! FOR PRODUCTION RUNS, USE:                      !!!
20260504 215408.577 INFO             PET3 !!!                   ESMF_LOGKIND_Multi_On_Error  !!!
20260504 215408.577 INFO             PET3 !!!!!!!!!!!!!!!!!!!!!!!!!!!!!!!!!!!!!!!!!!!!!!!!!!!!!!
20260504 215408.577 INFO             PET3 Running with ESMF Version   : develop+g73c04876fd
20260504 215408.577 INFO             PET3 ESMF library build date/time: "May  4 2026" "20:39:19"
20260504 215408.577 INFO             PET3 ESMF library build location : /Users/sacks/projects/scratch/esmf-testing/gfortranclang_12.2.0_14.0.0_openmpi_g_develop/esmf
20260504 215408.578 INFO             PET3 ESMF_COMM                   : openmpi
20260504 215408.578 INFO             PET3 ESMF_MOAB                   : enabled
20260504 215408.578 INFO             PET3 ESMF_LAPACK                 : enabled
20260504 215408.578 INFO             PET3 ESMF_NETCDF                 : enabled
20260504 215408.578 INFO             PET3 ESMF_PNETCDF                : disabled
20260504 215408.578 INFO             PET3 ESMF_PIO                    : enabled
20260504 215408.578 INFO             PET3 ESMF_YAMLCPP                : enabled
20260504 215408.648 INFO             PET3  NUMBER_OF_PROCESSORS           4
20260504 215408.648 INFO             PET3  PASS  Example ESMF_ConfigOverviewEx, ESMF_ConfigOverviewEx.F90, line 638
20260504 215408.648 INFO             PET3  Finalizing ESMF
