2026-06-22 19:19:16
 Application Example 1:
 Application Example 1:
 Application Example 1:
 Application Example 1:
 Comp Create returned, name = Atmosphere Physics
 Comp Create returned, name = Atmosphere Physics
 Comp Create returned, name = Atmosphere Physics
 Comp Create returned, name = Atmosphere Physics
 Comp Create returned, name = Atmosphere Dynamics
 Comp Create returned, name = Atmosphere Dynamics
 Comp Create returned, name = Atmosphere Dynamics
 Comp Create returned, name = Atmosphere Dynamics
 Comp Create returned, name = Atmosphere Coupler
 Comp Create returned, name = Atmosphere Coupler
 Comp Create returned, name = Atmosphere Coupler
 Comp Create returned, name = Atmosphere Coupler
 PHYS initialize routine called
 DYNM initialize routine called
 CPLR initialize routine called
 PHYS initialize routine called
 DYNM initialize routine called
 CPLR initialize routine called
 Comp Initialize complete
 PHYS run routine called
 CPLR run routine called
 PHYS initialize routine called
 DYNM initialize routine called
 CPLR initialize routine called
 Comp Initialize complete
 PHYS run routine called
 CPLR run routine called
 Comp Initialize complete
 PHYS run routine called
 CPLR run routine called
 DYNM run routine called
 DYNM run routine called
 DYNM run routine called
 PHYS run routine called
 PHYS run routine called
 PHYS run routine called
 CPLR run routine called
 CPLR run routine called
 PHYS initialize routine called
 CPLR run routine called
 DYNM run routine called
 DYNM run routine called
 DYNM run routine called
 DYNM initialize routine called
 PHYS run routine called
 PHYS run routine called
 PHYS run routine called
 CPLR initialize routine called
 Comp Initialize complete
 CPLR run routine called
 DYNM run routine called
 PHYS run routine called
 CPLR run routine called
 DYNM run routine called
 PHYS run routine called
 CPLR run routine called
 CPLR run routine called
 DYNM run routine called
 PHYS run routine called
 CPLR run routine called
 DYNM run routine called
 PHYS run routine called
 CPLR run routine called
 DYNM run routine called
 DYNM run routine called
 Comp Run complete
 PHYS finalize routine called
 DYNM finalize routine called
 Comp Run complete
 PHYS finalize routine called
 DYNM finalize routine called
 Comp Run complete
 PHYS finalize routine called
 DYNM finalize routine called
 CPLR run routine called
 DYNM run routine called
 CPLR finalize routine called
 CPLR finalize routine called
 CPLR finalize routine called
 Comp Finalize complete
 Comp Finalize complete
 Comp Finalize complete
 PHYS run routine called
 CPLR run routine called
 DYNM run routine called
 PHYS run routine called
 CPLR run routine called
 Comp Destroy returned
 Comp Destroy returned
 Application Example 1 finished
 DYNM run routine called
 Application Example 1 finished
 PHYS run routine called
 Comp Destroy returned
  PASS  Example ESMF_AppMainEx, ESMF_AppMainEx.F90, line 486
  PASS  Example ESMF_AppMainEx, ESMF_AppMainEx.F90, line 486
 Application Example 1 finished
 CPLR run routine called
 DYNM run routine called
 Comp Run complete
  PASS  Example ESMF_AppMainEx, ESMF_AppMainEx.F90, line 486
 PHYS finalize routine called
 DYNM finalize routine called
 CPLR finalize routine called
 Comp Finalize complete
 Comp Destroy returned
 Application Example 1 finished
  PASS  Example ESMF_AppMainEx, ESMF_AppMainEx.F90, line 486
 PASS: ESMF_AppMainEx.F90
 PASS: ESMF_AppMainEx.F90
 PASS: ESMF_AppMainEx.F90
 PASS: ESMF_AppMainEx.F90
