2026-05-29 19:41:54
--- ESMCI::Array::print start ---
 Base name    = Array002
--- ESMCI::Array::print start ---
 Base name    = Array002
 Status: Base = Ready,  object = Ready
 Proxy        = no
 Status: Base = Ready,  object = Ready
 Proxy        = no
 Root Info (Attributes):
 Root Info (Attributes):
--- ESMCI::Array::print start ---
 Base name    = Array002
 Status: Base = Ready,  object = Ready
 Proxy        = no
 Root Info (Attributes):
--- ESMCI::Array::print start ---
 Base name    = Array002
 Status: Base = Ready,  object = Ready
 Proxy        = no
 Root Info (Attributes):
{
{
  "ESMF": {
{
  "ESMF": {
{
  "ESMF": {
  "ESMF": {
    "Instance": {
    "Instance": {
      "NamedAliasCount": 0
    "Instance": {
      "NamedAliasCount": 0
    "Instance": {
      "NamedAliasCount": 0
      "NamedAliasCount": 0
    }
    }
  }
    }
  }
    }
  }
  }
}}Array typekind/rank: Real*8 / 2 
}Array typekind/rank: Real*8 / 2 
}Array typekind/rank: Real*8 / 2 
Array typekind/rank: Real*8 / 2 
~ lower class' values ~
DistGrid dimCount = 2
~ lower class' values ~
DistGrid dimCount = 2
~ lower class' values ~
DistGrid dimCount = 2
~ lower class' values ~
DistGrid dimCount = 2
deCount = 4
deCount = 4
deCount = 4
localDeCount = 1
deCount = 4
localDeCount = 1
localDeCount = 1
~ local data in LocalArray for DE 3 ~
localDeCount = 1
~ local data in LocalArray for DE 0 ~
~ local data in LocalArray for DE 2 ~
~ local data in LocalArray for DE 1 ~
LocalArrayPrint: Array at address 0x146f09540:
LocalArrayPrint: Array at address 0x12a607850:
            rank = 2, typekind = 6, base_addr = 0x10a80ce00
LocalArrayPrint: Array at address 0x105a08190:
LocalArrayPrint: Array at address 0x13060ad40:
            rank = 2, typekind = 6, base_addr = 0x14782d800
            dim[0] = 14  dim[1] = 14  
            dim[0] = 14  dim[1] = 14  
            rank = 2, typekind = 6, base_addr = 0x10d81b200
            rank = 2, typekind = 6, base_addr = 0x13086ac00
            dim[0] = 14  dim[1] = 14  
  Real, *8, Dim 2, Data values:
            dim[0] = 14  dim[1] = 14  
  Real, *8, Dim 2, Data values:
(-1,-1) =  36.71
( 0,-1) =  36.71
  Real, *8, Dim 2, Data values:
(-1,-1) =  36.71
(-1,-1) =  36.71
( 0,-1) =  36.71
  Real, *8, Dim 2, Data values:
(-1,-1) =  36.71
( 1,-1) =  36.71
( 2,-1) =  36.71
( 0,-1) =  36.71
( 1,-1) =  36.71
( 1,-1) =  36.71
( 2,-1) =  36.71
( 0,-1) =  36.71
( 1,-1) =  36.71
( 3,-1) =  36.71
( 2,-1) =  36.71
( 3,-1) =  36.71
( 4,-1) =  36.71
( 4,-1) =  36.71
( 5,-1) =  36.71
( 3,-1) =  36.71
( 2,-1) =  36.71
( 3,-1) =  36.71
( 5,-1) =  36.71
( 4,-1) =  36.71
( 5,-1) =  36.71
( 4,-1) =  36.71
( 6,-1) =  36.71
( 7,-1) =  36.71
( 6,-1) =  36.71
( 5,-1) =  36.71
( 6,-1) =  36.71
( 7,-1) =  36.71
( 7,-1) =  36.71
( 8,-1) =  36.71
( 6,-1) =  36.71
( 7,-1) =  36.71
( 8,-1) =  36.71
  skipping to end ...
( 8,-1) =  36.71
( 8,-1) =  36.71
( 3,12) =  36.71
( 4,12) =  36.71
  skipping to end ...
( 3,12) =  36.71
  skipping to end ...
  skipping to end ...
( 5,12) =  36.71
( 3,12) =  36.71
( 3,12) =  36.71
( 4,12) =  36.71
( 6,12) =  36.71
( 4,12) =  36.71
( 4,12) =  36.71
( 5,12) =  36.71
( 5,12) =  36.71
( 6,12) =  36.71
( 7,12) =  36.71
( 5,12) =  36.71
( 6,12) =  36.71
( 8,12) =  36.71
( 6,12) =  36.71
( 7,12) =  36.71
( 9,12) =  36.71
(10,12) =  36.71
( 7,12) =  36.71
( 8,12) =  36.71
( 9,12) =  36.71
( 8,12) =  36.71
( 9,12) =  36.71
( 7,12) =  36.71
( 8,12) =  36.71
(11,12) =  36.71
(12,12) =  36.71
(10,12) =  36.71
(10,12) =  36.71
( 9,12) =  36.71
(10,12) =  36.71
(11,12) =  36.71
(11,12) =  36.71
(12,12) =  36.71
--- ESMCI::Array::print end ---
(11,12) =  36.71
(12,12) =  36.71
(12,12) =  36.71
--- ESMCI::Array::print end ---
 localSum=   3671.0000000000027     
--- ESMCI::Array::print end ---
--- ESMCI::Array::print end ---
 localSum=   3671.0000000000027     
 localSum=   3671.0000000000027     
 localSum=   3671.0000000000027     
  PASS  Example ESMF_ArrayFarrayHaloEx, ESMF_ArrayFarrayHaloEx.F90, line 177
  PASS  Example ESMF_ArrayFarrayHaloEx, ESMF_ArrayFarrayHaloEx.F90, line 177
  PASS  Example ESMF_ArrayFarrayHaloEx, ESMF_ArrayFarrayHaloEx.F90, line 177
  PASS  Example ESMF_ArrayFarrayHaloEx, ESMF_ArrayFarrayHaloEx.F90, line 177
 PASS: ESMF_ArrayFarrayHaloEx.F90
 PASS: ESMF_ArrayFarrayHaloEx.F90
 PASS: ESMF_ArrayFarrayHaloEx.F90
 PASS: ESMF_ArrayFarrayHaloEx.F90
