2026-07-25 19:19:55
 contents before scatter/gather:
 contents before scatter/gather:
           0  array1:            1
 contents before scatter/gather:
           2  array1:          201
 contents before scatter/gather:
           3  array1:          301
           1  array1:          101
           1  array1:          102
           0  array1:            2
           2  array1:          202
           3  array1:          302
           2  array1:          203
           0  array1:            3
           2  array1:          204
           0  array1:            4
           3  array1:          303
           1  array1:          103
           3  array1:          304
           1  array1:          104
           2  array1:          205
           0  array1:            5
           3  array1:          305
           0  array1:            6
           0  array1:            7
           1  array1:          105
           1  array1:          106
           2  array1:          206
           2  array1:          207
           3  array1:          306
           3  array1:          307
           0  array1:            8
           1  array1:          107
           2  array1:          208
           3  array1:          308
           1  array1:          108
 scatter result:
           0  array2:            1
           0  array2:            2
 scatter result:
 scatter result:
 scatter result:
 gather result:
           1  array2:            3
           2  array2:            5
           2  array2:            6
           0  array1:            1
           3  array2:            7
           1  array2:            4
           3  array2:            8
 gather result:
           0  array1:            2
 gather result:
 gather result:
           0  array1:            3
           1  array1:          101
           2  array1:          201
           3  array1:            1
           1  array1:          102
           0  array1:            4
           2  array1:          202
           3  array1:            2
           1  array1:          103
           0  array1:            5
           2  array1:          203
           3  array1:            3
           1  array1:          104
           0  array1:            6
           2  array1:          204
           3  array1:            4
           0  array1:            7
           2  array1:          205
           1  array1:          105
           3  array1:            5
           0  array1:            8
           2  array1:          206
           1  array1:          106
           3  array1:            6
           2  array1:          207
           2  array1:          208
           3  array1:            7
           1  array1:          107
  PASS  Example ESMF_VMScatterVMGatherEx, ESMF_VMScatterVMGatherEx.F90, line 120
           3  array1:            8
           1  array1:          108
  PASS  Example ESMF_VMScatterVMGatherEx, ESMF_VMScatterVMGatherEx.F90, line 120
  PASS  Example ESMF_VMScatterVMGatherEx, ESMF_VMScatterVMGatherEx.F90, line 120
  PASS  Example ESMF_VMScatterVMGatherEx, ESMF_VMScatterVMGatherEx.F90, line 120
 PASS: ESMF_VMScatterVMGatherEx.F90
 PASS: ESMF_VMScatterVMGatherEx.F90
 PASS: ESMF_VMScatterVMGatherEx.F90
 PASS: ESMF_VMScatterVMGatherEx.F90
