2026-07-13 19:35:47
20260713 211739.116 INFO             PET0 !!!!!!!!!!!!!!!!!!!!!!!!!!!!!!!!!!!!!!!!!!!!!!!!!!!!!!
20260713 211739.128 INFO             PET0 !!! THE ESMF_LOG IS SET TO OUTPUT ALL LOG MESSAGES !!!
20260713 211739.128 INFO             PET0 !!!     THIS MAY CAUSE SLOWDOWN IN PERFORMANCE     !!!
20260713 211739.128 INFO             PET0 !!! FOR PRODUCTION RUNS, USE:                      !!!
20260713 211739.128 INFO             PET0 !!!                   ESMF_LOGKIND_Multi_On_Error  !!!
20260713 211739.128 INFO             PET0 !!!!!!!!!!!!!!!!!!!!!!!!!!!!!!!!!!!!!!!!!!!!!!!!!!!!!!
20260713 211739.128 INFO             PET0 Running with ESMF Version   : develop+gf1c7bb6d5f
20260713 211739.128 INFO             PET0 ESMF library build date/time: "Jul 13 2026" "19:33:47"
20260713 211739.128 INFO             PET0 ESMF library build location : /Users/sacks/projects/scratch/esmf-testing/gfortranclang_12.2.0_14.0.0_openmpi_g_develop/esmf
20260713 211739.128 INFO             PET0 ESMF_COMM                   : openmpi
20260713 211739.129 INFO             PET0 ESMF_MOAB                   : enabled
20260713 211739.129 INFO             PET0 ESMF_LAPACK                 : enabled
20260713 211739.129 INFO             PET0 ESMF_NETCDF                 : enabled
20260713 211739.129 INFO             PET0 ESMF_PNETCDF                : disabled
20260713 211739.129 INFO             PET0 ESMF_PIO                    : enabled
20260713 211739.129 INFO             PET0 ESMF_YAMLCPP                : enabled
20260713 211743.898 INFO             PET0  NUMBER_OF_PROCESSORS           4
20260713 211743.898 INFO             PET0  PASS  Example ESMF_GridUsageEx, ESMF_GridUsageEx.F90, line 3470
20260713 211743.898 INFO             PET0  Finalizing ESMF
20260713 211739.117 INFO             PET1 !!!!!!!!!!!!!!!!!!!!!!!!!!!!!!!!!!!!!!!!!!!!!!!!!!!!!!
20260713 211739.123 INFO             PET1 !!! THE ESMF_LOG IS SET TO OUTPUT ALL LOG MESSAGES !!!
20260713 211739.123 INFO             PET1 !!!     THIS MAY CAUSE SLOWDOWN IN PERFORMANCE     !!!
20260713 211739.123 INFO             PET1 !!! FOR PRODUCTION RUNS, USE:                      !!!
20260713 211739.123 INFO             PET1 !!!                   ESMF_LOGKIND_Multi_On_Error  !!!
20260713 211739.123 INFO             PET1 !!!!!!!!!!!!!!!!!!!!!!!!!!!!!!!!!!!!!!!!!!!!!!!!!!!!!!
20260713 211739.123 INFO             PET1 Running with ESMF Version   : develop+gf1c7bb6d5f
20260713 211739.123 INFO             PET1 ESMF library build date/time: "Jul 13 2026" "19:33:47"
20260713 211739.123 INFO             PET1 ESMF library build location : /Users/sacks/projects/scratch/esmf-testing/gfortranclang_12.2.0_14.0.0_openmpi_g_develop/esmf
20260713 211739.123 INFO             PET1 ESMF_COMM                   : openmpi
20260713 211739.123 INFO             PET1 ESMF_MOAB                   : enabled
20260713 211739.123 INFO             PET1 ESMF_LAPACK                 : enabled
20260713 211739.123 INFO             PET1 ESMF_NETCDF                 : enabled
20260713 211739.123 INFO             PET1 ESMF_PNETCDF                : disabled
20260713 211739.123 INFO             PET1 ESMF_PIO                    : enabled
20260713 211739.123 INFO             PET1 ESMF_YAMLCPP                : enabled
20260713 211743.898 INFO             PET1  NUMBER_OF_PROCESSORS           4
20260713 211743.898 INFO             PET1  PASS  Example ESMF_GridUsageEx, ESMF_GridUsageEx.F90, line 3470
20260713 211743.898 INFO             PET1  Finalizing ESMF
20260713 211739.116 INFO             PET2 !!!!!!!!!!!!!!!!!!!!!!!!!!!!!!!!!!!!!!!!!!!!!!!!!!!!!!
20260713 211739.129 INFO             PET2 !!! THE ESMF_LOG IS SET TO OUTPUT ALL LOG MESSAGES !!!
20260713 211739.129 INFO             PET2 !!!     THIS MAY CAUSE SLOWDOWN IN PERFORMANCE     !!!
20260713 211739.129 INFO             PET2 !!! FOR PRODUCTION RUNS, USE:                      !!!
20260713 211739.129 INFO             PET2 !!!                   ESMF_LOGKIND_Multi_On_Error  !!!
20260713 211739.129 INFO             PET2 !!!!!!!!!!!!!!!!!!!!!!!!!!!!!!!!!!!!!!!!!!!!!!!!!!!!!!
20260713 211739.129 INFO             PET2 Running with ESMF Version   : develop+gf1c7bb6d5f
20260713 211739.129 INFO             PET2 ESMF library build date/time: "Jul 13 2026" "19:33:47"
20260713 211739.129 INFO             PET2 ESMF library build location : /Users/sacks/projects/scratch/esmf-testing/gfortranclang_12.2.0_14.0.0_openmpi_g_develop/esmf
20260713 211739.129 INFO             PET2 ESMF_COMM                   : openmpi
20260713 211739.129 INFO             PET2 ESMF_MOAB                   : enabled
20260713 211739.129 INFO             PET2 ESMF_LAPACK                 : enabled
20260713 211739.129 INFO             PET2 ESMF_NETCDF                 : enabled
20260713 211739.129 INFO             PET2 ESMF_PNETCDF                : disabled
20260713 211739.129 INFO             PET2 ESMF_PIO                    : enabled
20260713 211739.129 INFO             PET2 ESMF_YAMLCPP                : enabled
20260713 211743.897 INFO             PET2  NUMBER_OF_PROCESSORS           4
20260713 211743.897 INFO             PET2  PASS  Example ESMF_GridUsageEx, ESMF_GridUsageEx.F90, line 3470
20260713 211743.897 INFO             PET2  Finalizing ESMF
20260713 211739.117 INFO             PET3 !!!!!!!!!!!!!!!!!!!!!!!!!!!!!!!!!!!!!!!!!!!!!!!!!!!!!!
20260713 211739.123 INFO             PET3 !!! THE ESMF_LOG IS SET TO OUTPUT ALL LOG MESSAGES !!!
20260713 211739.123 INFO             PET3 !!!     THIS MAY CAUSE SLOWDOWN IN PERFORMANCE     !!!
20260713 211739.123 INFO             PET3 !!! FOR PRODUCTION RUNS, USE:                      !!!
20260713 211739.123 INFO             PET3 !!!                   ESMF_LOGKIND_Multi_On_Error  !!!
20260713 211739.123 INFO             PET3 !!!!!!!!!!!!!!!!!!!!!!!!!!!!!!!!!!!!!!!!!!!!!!!!!!!!!!
20260713 211739.123 INFO             PET3 Running with ESMF Version   : develop+gf1c7bb6d5f
20260713 211739.123 INFO             PET3 ESMF library build date/time: "Jul 13 2026" "19:33:47"
20260713 211739.123 INFO             PET3 ESMF library build location : /Users/sacks/projects/scratch/esmf-testing/gfortranclang_12.2.0_14.0.0_openmpi_g_develop/esmf
20260713 211739.123 INFO             PET3 ESMF_COMM                   : openmpi
20260713 211739.123 INFO             PET3 ESMF_MOAB                   : enabled
20260713 211739.123 INFO             PET3 ESMF_LAPACK                 : enabled
20260713 211739.123 INFO             PET3 ESMF_NETCDF                 : enabled
20260713 211739.123 INFO             PET3 ESMF_PNETCDF                : disabled
20260713 211739.123 INFO             PET3 ESMF_PIO                    : enabled
20260713 211739.123 INFO             PET3 ESMF_YAMLCPP                : enabled
20260713 211743.895 INFO             PET3  NUMBER_OF_PROCESSORS           4
20260713 211743.896 INFO             PET3  PASS  Example ESMF_GridUsageEx, ESMF_GridUsageEx.F90, line 3470
20260713 211743.896 INFO             PET3  Finalizing ESMF
