2026-06-16 03:47:05
20260616 040844.633 INFO             PET0 !!!!!!!!!!!!!!!!!!!!!!!!!!!!!!!!!!!!!!!!!!!!!!!!!!!!!!
20260616 040844.633 INFO             PET0 !!! THE ESMF_LOG IS SET TO OUTPUT ALL LOG MESSAGES !!!
20260616 040844.633 INFO             PET0 !!!     THIS MAY CAUSE SLOWDOWN IN PERFORMANCE     !!!
20260616 040844.633 INFO             PET0 !!! FOR PRODUCTION RUNS, USE:                      !!!
20260616 040844.633 INFO             PET0 !!!                   ESMF_LOGKIND_Multi_On_Error  !!!
20260616 040844.633 INFO             PET0 !!!!!!!!!!!!!!!!!!!!!!!!!!!!!!!!!!!!!!!!!!!!!!!!!!!!!!
20260616 040844.633 INFO             PET0 Running with ESMF Version   : develop+g2ad1b7a070
20260616 040844.633 INFO             PET0 ESMF library build date/time: "Jun 16 2026" "03:46:17"
20260616 040844.633 INFO             PET0 ESMF library build location : /tmp/intel_2025.2.1_mpi_O_develop/esmf
20260616 040844.633 INFO             PET0 ESMF_COMM                   : mpi
20260616 040844.633 INFO             PET0 ESMF_MOAB                   : enabled
20260616 040844.633 INFO             PET0 ESMF_LAPACK                 : enabled
20260616 040844.633 INFO             PET0 ESMF_NETCDF                 : enabled
20260616 040844.633 INFO             PET0 ESMF_PNETCDF                : disabled
20260616 040844.633 INFO             PET0 ESMF_PIO                    : enabled
20260616 040844.633 INFO             PET0 ESMF_YAMLCPP                : enabled
20260616 040844.634 INFO             PET0 Before Reconcile:--- StateLog() start -----------------
20260616 040844.634 INFO             PET0 Before Reconcile:<name: State001> <intent: ESMF_STATEINTENT_UNSPECIFIED> <itemCount:    3>
20260616 040844.634 INFO             PET0 Before Reconcile:+-<item: 0001> <itemType: Field> <itemName: Field1>
20260616 040844.634 INFO             PET0 Before Reconcile:+-<item: 0002> <itemType: Field> <itemName: Field2>
20260616 040844.634 INFO             PET0 Before Reconcile:+-<item: 0003> <itemType: Field> <itemName: Field3>
20260616 040844.634 INFO             PET0 Before Reconcile:--- StateLog() end -------------------
20260616 040844.635 INFO             PET0 After Reconcile:--- StateLog() start -----------------
20260616 040844.635 INFO             PET0 After Reconcile:<name: State001> <intent: ESMF_STATEINTENT_UNSPECIFIED> <itemCount:    3>
20260616 040844.635 INFO             PET0 After Reconcile:+-<item: 0001> <itemType: Field> <itemName: Field1>
20260616 040844.635 INFO             PET0 After Reconcile:+-<item: 0002> <itemType: Field> <itemName: Field2>
20260616 040844.635 INFO             PET0 After Reconcile:+-<item: 0003> <itemType: Field> <itemName: Field3>
20260616 040844.635 INFO             PET0 After Reconcile:--- StateLog() end -------------------
20260616 040844.635 INFO             PET0  NUMBER_OF_PROCESSORS           4
20260616 040844.635 INFO             PET0  PASS  Example ESMF_StateReconcileEx, ESMF_StateReconcileEx.F90, line 233
20260616 040844.635 INFO             PET0  Finalizing ESMF
20260616 040844.633 INFO             PET1 !!!!!!!!!!!!!!!!!!!!!!!!!!!!!!!!!!!!!!!!!!!!!!!!!!!!!!
20260616 040844.633 INFO             PET1 !!! THE ESMF_LOG IS SET TO OUTPUT ALL LOG MESSAGES !!!
20260616 040844.633 INFO             PET1 !!!     THIS MAY CAUSE SLOWDOWN IN PERFORMANCE     !!!
20260616 040844.633 INFO             PET1 !!! FOR PRODUCTION RUNS, USE:                      !!!
20260616 040844.633 INFO             PET1 !!!                   ESMF_LOGKIND_Multi_On_Error  !!!
20260616 040844.633 INFO             PET1 !!!!!!!!!!!!!!!!!!!!!!!!!!!!!!!!!!!!!!!!!!!!!!!!!!!!!!
20260616 040844.633 INFO             PET1 Running with ESMF Version   : develop+g2ad1b7a070
20260616 040844.633 INFO             PET1 ESMF library build date/time: "Jun 16 2026" "03:46:17"
20260616 040844.633 INFO             PET1 ESMF library build location : /tmp/intel_2025.2.1_mpi_O_develop/esmf
20260616 040844.633 INFO             PET1 ESMF_COMM                   : mpi
20260616 040844.633 INFO             PET1 ESMF_MOAB                   : enabled
20260616 040844.633 INFO             PET1 ESMF_LAPACK                 : enabled
20260616 040844.633 INFO             PET1 ESMF_NETCDF                 : enabled
20260616 040844.633 INFO             PET1 ESMF_PNETCDF                : disabled
20260616 040844.633 INFO             PET1 ESMF_PIO                    : enabled
20260616 040844.633 INFO             PET1 ESMF_YAMLCPP                : enabled
20260616 040844.634 INFO             PET1 Before Reconcile:--- StateLog() start -----------------
20260616 040844.634 INFO             PET1 Before Reconcile:<name: State001> <intent: ESMF_STATEINTENT_UNSPECIFIED> <itemCount:    3>
20260616 040844.634 INFO             PET1 Before Reconcile:+-<item: 0001> <itemType: Field> <itemName: Field1>
20260616 040844.634 INFO             PET1 Before Reconcile:+-<item: 0002> <itemType: Field> <itemName: Field2>
20260616 040844.634 INFO             PET1 Before Reconcile:+-<item: 0003> <itemType: Field> <itemName: Field3>
20260616 040844.634 INFO             PET1 Before Reconcile:--- StateLog() end -------------------
20260616 040844.635 INFO             PET1 After Reconcile:--- StateLog() start -----------------
20260616 040844.635 INFO             PET1 After Reconcile:<name: State001> <intent: ESMF_STATEINTENT_UNSPECIFIED> <itemCount:    3>
20260616 040844.635 INFO             PET1 After Reconcile:+-<item: 0001> <itemType: Field> <itemName: Field1>
20260616 040844.635 INFO             PET1 After Reconcile:+-<item: 0002> <itemType: Field> <itemName: Field2>
20260616 040844.635 INFO             PET1 After Reconcile:+-<item: 0003> <itemType: Field> <itemName: Field3>
20260616 040844.635 INFO             PET1 After Reconcile:--- StateLog() end -------------------
20260616 040844.635 INFO             PET1  NUMBER_OF_PROCESSORS           4
20260616 040844.635 INFO             PET1  PASS  Example ESMF_StateReconcileEx, ESMF_StateReconcileEx.F90, line 233
20260616 040844.635 INFO             PET1  Finalizing ESMF
20260616 040844.633 INFO             PET2 !!!!!!!!!!!!!!!!!!!!!!!!!!!!!!!!!!!!!!!!!!!!!!!!!!!!!!
20260616 040844.633 INFO             PET2 !!! THE ESMF_LOG IS SET TO OUTPUT ALL LOG MESSAGES !!!
20260616 040844.633 INFO             PET2 !!!     THIS MAY CAUSE SLOWDOWN IN PERFORMANCE     !!!
20260616 040844.633 INFO             PET2 !!! FOR PRODUCTION RUNS, USE:                      !!!
20260616 040844.633 INFO             PET2 !!!                   ESMF_LOGKIND_Multi_On_Error  !!!
20260616 040844.633 INFO             PET2 !!!!!!!!!!!!!!!!!!!!!!!!!!!!!!!!!!!!!!!!!!!!!!!!!!!!!!
20260616 040844.633 INFO             PET2 Running with ESMF Version   : develop+g2ad1b7a070
20260616 040844.633 INFO             PET2 ESMF library build date/time: "Jun 16 2026" "03:46:17"
20260616 040844.633 INFO             PET2 ESMF library build location : /tmp/intel_2025.2.1_mpi_O_develop/esmf
20260616 040844.633 INFO             PET2 ESMF_COMM                   : mpi
20260616 040844.633 INFO             PET2 ESMF_MOAB                   : enabled
20260616 040844.633 INFO             PET2 ESMF_LAPACK                 : enabled
20260616 040844.633 INFO             PET2 ESMF_NETCDF                 : enabled
20260616 040844.633 INFO             PET2 ESMF_PNETCDF                : disabled
20260616 040844.633 INFO             PET2 ESMF_PIO                    : enabled
20260616 040844.633 INFO             PET2 ESMF_YAMLCPP                : enabled
20260616 040844.633 INFO             PET2 Before Reconcile:--- StateLog() start -----------------
20260616 040844.633 INFO             PET2 Before Reconcile:<name: State001> <intent: ESMF_STATEINTENT_UNSPECIFIED> <itemCount:    0>
20260616 040844.633 INFO             PET2 Before Reconcile:--- StateLog() end -------------------
20260616 040844.635 INFO             PET2 After Reconcile:--- StateLog() start -----------------
20260616 040844.635 INFO             PET2 After Reconcile:<name: State001> <intent: ESMF_STATEINTENT_UNSPECIFIED> <itemCount:    3>
20260616 040844.635 INFO             PET2 After Reconcile:+-<item: 0001> <itemType: Field> <itemName: Field1>
20260616 040844.635 INFO             PET2 After Reconcile:+-<item: 0002> <itemType: Field> <itemName: Field2>
20260616 040844.635 INFO             PET2 After Reconcile:+-<item: 0003> <itemType: Field> <itemName: Field3>
20260616 040844.635 INFO             PET2 After Reconcile:--- StateLog() end -------------------
20260616 040844.635 INFO             PET2  NUMBER_OF_PROCESSORS           4
20260616 040844.635 INFO             PET2  PASS  Example ESMF_StateReconcileEx, ESMF_StateReconcileEx.F90, line 233
20260616 040844.635 INFO             PET2  Finalizing ESMF
20260616 040844.633 INFO             PET3 !!!!!!!!!!!!!!!!!!!!!!!!!!!!!!!!!!!!!!!!!!!!!!!!!!!!!!
20260616 040844.633 INFO             PET3 !!! THE ESMF_LOG IS SET TO OUTPUT ALL LOG MESSAGES !!!
20260616 040844.633 INFO             PET3 !!!     THIS MAY CAUSE SLOWDOWN IN PERFORMANCE     !!!
20260616 040844.633 INFO             PET3 !!! FOR PRODUCTION RUNS, USE:                      !!!
20260616 040844.633 INFO             PET3 !!!                   ESMF_LOGKIND_Multi_On_Error  !!!
20260616 040844.633 INFO             PET3 !!!!!!!!!!!!!!!!!!!!!!!!!!!!!!!!!!!!!!!!!!!!!!!!!!!!!!
20260616 040844.633 INFO             PET3 Running with ESMF Version   : develop+g2ad1b7a070
20260616 040844.633 INFO             PET3 ESMF library build date/time: "Jun 16 2026" "03:46:17"
20260616 040844.633 INFO             PET3 ESMF library build location : /tmp/intel_2025.2.1_mpi_O_develop/esmf
20260616 040844.633 INFO             PET3 ESMF_COMM                   : mpi
20260616 040844.633 INFO             PET3 ESMF_MOAB                   : enabled
20260616 040844.633 INFO             PET3 ESMF_LAPACK                 : enabled
20260616 040844.633 INFO             PET3 ESMF_NETCDF                 : enabled
20260616 040844.633 INFO             PET3 ESMF_PNETCDF                : disabled
20260616 040844.633 INFO             PET3 ESMF_PIO                    : enabled
20260616 040844.633 INFO             PET3 ESMF_YAMLCPP                : enabled
20260616 040844.633 INFO             PET3 Before Reconcile:--- StateLog() start -----------------
20260616 040844.633 INFO             PET3 Before Reconcile:<name: State001> <intent: ESMF_STATEINTENT_UNSPECIFIED> <itemCount:    0>
20260616 040844.633 INFO             PET3 Before Reconcile:--- StateLog() end -------------------
20260616 040844.635 INFO             PET3 After Reconcile:--- StateLog() start -----------------
20260616 040844.635 INFO             PET3 After Reconcile:<name: State001> <intent: ESMF_STATEINTENT_UNSPECIFIED> <itemCount:    3>
20260616 040844.635 INFO             PET3 After Reconcile:+-<item: 0001> <itemType: Field> <itemName: Field1>
20260616 040844.635 INFO             PET3 After Reconcile:+-<item: 0002> <itemType: Field> <itemName: Field2>
20260616 040844.635 INFO             PET3 After Reconcile:+-<item: 0003> <itemType: Field> <itemName: Field3>
20260616 040844.635 INFO             PET3 After Reconcile:--- StateLog() end -------------------
20260616 040844.635 INFO             PET3  NUMBER_OF_PROCESSORS           4
20260616 040844.635 INFO             PET3  PASS  Example ESMF_StateReconcileEx, ESMF_StateReconcileEx.F90, line 233
20260616 040844.635 INFO             PET3  Finalizing ESMF
