2026-07-10 02:28:18
20260710 024303.103 INFO             PET0 !!!!!!!!!!!!!!!!!!!!!!!!!!!!!!!!!!!!!!!!!!!!!!!!!!!!!!
20260710 024303.104 INFO             PET0 !!! THE ESMF_LOG IS SET TO OUTPUT ALL LOG MESSAGES !!!
20260710 024303.104 INFO             PET0 !!!     THIS MAY CAUSE SLOWDOWN IN PERFORMANCE     !!!
20260710 024303.104 INFO             PET0 !!! FOR PRODUCTION RUNS, USE:                      !!!
20260710 024303.104 INFO             PET0 !!!                   ESMF_LOGKIND_Multi_On_Error  !!!
20260710 024303.104 INFO             PET0 !!!!!!!!!!!!!!!!!!!!!!!!!!!!!!!!!!!!!!!!!!!!!!!!!!!!!!
20260710 024303.104 INFO             PET0 Running with ESMF Version   : develop+gf1c7bb6d5f
20260710 024303.104 INFO             PET0 ESMF library build date/time: "Jul 10 2026" "02:27:16"
20260710 024303.104 INFO             PET0 ESMF library build location : /usr/local/esmf/esmf-testing/gfortranclang_14.2.0_17.0.0_mpiuni_O_develop/esmf
20260710 024303.104 INFO             PET0 ESMF_COMM                   : mpiuni
20260710 024303.104 INFO             PET0 ESMF_MOAB                   : enabled
20260710 024303.104 INFO             PET0 ESMF_LAPACK                 : enabled
20260710 024303.104 INFO             PET0 ESMF_NETCDF                 : enabled
20260710 024303.104 INFO             PET0 ESMF_PNETCDF                : disabled
20260710 024303.104 INFO             PET0 ESMF_PIO                    : enabled
20260710 024303.104 INFO             PET0 ESMF_YAMLCPP                : enabled
20260710 024303.106 INFO             PET0  NUMBER_OF_PROCESSORS           1
20260710 024303.106 INFO             PET0  PASS  Example ESMF_SCompEx, ESMF_SCompEx.F90, line 385
20260710 024303.106 INFO             PET0  Finalizing ESMF
