 
Installing ESMF:
 
mkdir -p /home/gerhard/ESMF-Nightly-Testing/aocc_5.1.0_mpiuni_O_develop/esmf/DEFAULTINSTALLDIR/include
cp -f /home/gerhard/ESMF-Nightly-Testing/aocc_5.1.0_mpiuni_O_develop/esmf/src/include/NUOPC.h /home/gerhard/ESMF-Nightly-Testing/aocc_5.1.0_mpiuni_O_develop/esmf/DEFAULTINSTALLDIR/include
cp -f /home/gerhard/ESMF-Nightly-Testing/aocc_5.1.0_mpiuni_O_develop/esmf/src/include/ESMC.h /home/gerhard/ESMF-Nightly-Testing/aocc_5.1.0_mpiuni_O_develop/esmf/DEFAULTINSTALLDIR/include
cp -f /home/gerhard/ESMF-Nightly-Testing/aocc_5.1.0_mpiuni_O_develop/esmf/src/include/ESMC_*.h /home/gerhard/ESMF-Nightly-Testing/aocc_5.1.0_mpiuni_O_develop/esmf/DEFAULTINSTALLDIR/include
cp -f /home/gerhard/ESMF-Nightly-Testing/aocc_5.1.0_mpiuni_O_develop/esmf/build_config/Linux.aocc.default/ESMC_Conf.h /home/gerhard/ESMF-Nightly-Testing/aocc_5.1.0_mpiuni_O_develop/esmf/DEFAULTINSTALLDIR/include
cp -fr /home/gerhard/ESMF-Nightly-Testing/aocc_5.1.0_mpiuni_O_develop/esmf/src/addon/ESMX /home/gerhard/ESMF-Nightly-Testing/aocc_5.1.0_mpiuni_O_develop/esmf/DEFAULTINSTALLDIR/include
mkdir -p /home/gerhard/ESMF-Nightly-Testing/aocc_5.1.0_mpiuni_O_develop/esmf/DEFAULTINSTALLDIR/cmake
cp -f /home/gerhard/ESMF-Nightly-Testing/aocc_5.1.0_mpiuni_O_develop/esmf/cmake/FindESMF.cmake /home/gerhard/ESMF-Nightly-Testing/aocc_5.1.0_mpiuni_O_develop/esmf/DEFAULTINSTALLDIR/cmake
mkdir -p /home/gerhard/ESMF-Nightly-Testing/aocc_5.1.0_mpiuni_O_develop/esmf/DEFAULTINSTALLDIR/mod/modO/Linux.aocc.64.mpiuni.default
cp -f /home/gerhard/ESMF-Nightly-Testing/aocc_5.1.0_mpiuni_O_develop/esmf/mod/modO/Linux.aocc.64.mpiuni.default/*.mod /home/gerhard/ESMF-Nightly-Testing/aocc_5.1.0_mpiuni_O_develop/esmf/DEFAULTINSTALLDIR/mod/modO/Linux.aocc.64.mpiuni.default
mkdir -p /home/gerhard/ESMF-Nightly-Testing/aocc_5.1.0_mpiuni_O_develop/esmf/DEFAULTINSTALLDIR/lib/libO/Linux.aocc.64.mpiuni.default
cp -f /home/gerhard/ESMF-Nightly-Testing/aocc_5.1.0_mpiuni_O_develop/esmf/lib/libO/Linux.aocc.64.mpiuni.default/libesmf*.* /home/gerhard/ESMF-Nightly-Testing/aocc_5.1.0_mpiuni_O_develop/esmf/DEFAULTINSTALLDIR/lib/libO/Linux.aocc.64.mpiuni.default
ranlib /home/gerhard/ESMF-Nightly-Testing/aocc_5.1.0_mpiuni_O_develop/esmf/DEFAULTINSTALLDIR/lib/libO/Linux.aocc.64.mpiuni.default/libesmf*.a
make install_apps
make[1]: Entering directory '/home/gerhard/ESMF-Nightly-Testing/aocc_5.1.0_mpiuni_O_develop/esmf'
mkdir -p /home/gerhard/ESMF-Nightly-Testing/aocc_5.1.0_mpiuni_O_develop/esmf/DEFAULTINSTALLDIR/bin/binO/Linux.aocc.64.mpiuni.default
make build_apps ESMF_APPSDIR=/home/gerhard/ESMF-Nightly-Testing/aocc_5.1.0_mpiuni_O_develop/esmf/DEFAULTINSTALLDIR/bin/binO/Linux.aocc.64.mpiuni.default ESMF_LDIR=/home/gerhard/ESMF-Nightly-Testing/aocc_5.1.0_mpiuni_O_develop/esmf/DEFAULTINSTALLDIR/lib/libO/Linux.aocc.64.mpiuni.default ESMF_LIBDIR=/home/gerhard/ESMF-Nightly-Testing/aocc_5.1.0_mpiuni_O_develop/esmf/DEFAULTINSTALLDIR/lib/libO/Linux.aocc.64.mpiuni.default ESMF_MODDIR=/home/gerhard/ESMF-Nightly-Testing/aocc_5.1.0_mpiuni_O_develop/esmf/DEFAULTINSTALLDIR/mod/modO/Linux.aocc.64.mpiuni.default
make[2]: Entering directory '/home/gerhard/ESMF-Nightly-Testing/aocc_5.1.0_mpiuni_O_develop/esmf'
cd /home/gerhard/ESMF-Nightly-Testing/aocc_5.1.0_mpiuni_O_develop/esmf/src/apps; make ACTION=tree_build_apps tree
make[3]: Entering directory '/home/gerhard/ESMF-Nightly-Testing/aocc_5.1.0_mpiuni_O_develop/esmf/src/apps'
tree_build_apps in: /home/gerhard/ESMF-Nightly-Testing/aocc_5.1.0_mpiuni_O_develop/esmf/src/apps/ESMF_PrintInfo
make[4]: Entering directory '/home/gerhard/ESMF-Nightly-Testing/aocc_5.1.0_mpiuni_O_develop/esmf/src/apps/ESMF_PrintInfo'
make chkdir_locobj
make[5]: Entering directory '/home/gerhard/ESMF-Nightly-Testing/aocc_5.1.0_mpiuni_O_develop/esmf/src/apps/ESMF_PrintInfo'
Making directory /home/gerhard/ESMF-Nightly-Testing/aocc_5.1.0_mpiuni_O_develop/esmf/obj/objO/Linux.aocc.64.mpiuni.default/src/apps/ESMF_PrintInfo for apps output
make[5]: Leaving directory '/home/gerhard/ESMF-Nightly-Testing/aocc_5.1.0_mpiuni_O_develop/esmf/src/apps/ESMF_PrintInfo'
flang -c -O  -fPIC  -m64 -mcmodel=small -pthread  -fopenmp -I/home/gerhard/ESMF-Nightly-Testing/aocc_5.1.0_mpiuni_O_develop/esmf/src/apps/ESMF_PrintInfo -I/home/gerhard/ESMF-Nightly-Testing/aocc_5.1.0_mpiuni_O_develop/esmf/build_config/Linux.aocc.default -I/home/gerhard/ESMF-Nightly-Testing/aocc_5.1.0_mpiuni_O_develop/esmf/src/Infrastructure -I/home/gerhard/ESMF-Nightly-Testing/aocc_5.1.0_mpiuni_O_develop/esmf/src/Superstructure -I/home/gerhard/ESMF-Nightly-Testing/aocc_5.1.0_mpiuni_O_develop/esmf/DEFAULTINSTALLDIR/mod/modO/Linux.aocc.64.mpiuni.default -I/home/gerhard/ESMF-Nightly-Testing/aocc_5.1.0_mpiuni_O_develop/esmf/src/include   -DESMF_NO_INTEGER_1_BYTE -DESMF_NO_INTEGER_2_BYTE -DESMF_VERSION_STRING_GIT='"develop+g1082792c4b"' -DESMF_COMPILER_AOCC -DESMF_MPIUNI -I/home/gerhard/ESMF-Nightly-Testing/aocc_5.1.0_mpiuni_O_develop/esmf/src/Infrastructure/stubs/mpiuni -DESMF_LOWERCASE_SINGLEUNDERSCORE -DESMF_MOAB=1 -DESMF_LAPACK=1 -DESMF_LAPACK_INTERNAL=1 -DESMF_NO_ACC_SOFTWARE_STACK=1 -DYAML=ESMF_YAML -DESMF_YAMLCPP=1 -DESMF_NO_OPENACC -DESMF_TESTEXHAUSTIVE -DESMF_BOPT_O -DESMF_TESTPERFORMANCE -DESMF_TESTCOMPTUNNEL -DESMF_TESTWITHTHREADS -DSx86_64_small=1 -DESMF_OS_Linux=1 -DESMF_COMM=mpiuni -DESMF_DIR=/home/gerhard/ESMF-Nightly-Testing/aocc_5.1.0_mpiuni_O_develop/esmf -DESMF_NO_F2018ASSUMEDTYPE ESMF_PrintInfo.F90 -o /home/gerhard/ESMF-Nightly-Testing/aocc_5.1.0_mpiuni_O_develop/esmf/obj/objO/Linux.aocc.64.mpiuni.default/src/apps/ESMF_PrintInfo/ESMF_PrintInfo.o
make chkdir_apps
make[5]: Entering directory '/home/gerhard/ESMF-Nightly-Testing/aocc_5.1.0_mpiuni_O_develop/esmf/src/apps/ESMF_PrintInfo'
make[5]: Leaving directory '/home/gerhard/ESMF-Nightly-Testing/aocc_5.1.0_mpiuni_O_develop/esmf/src/apps/ESMF_PrintInfo'
flang  -Wl,--allow-shlib-undefined -Wl,--dynamic-linker=/opt/GLIBC2.42/usr/lib64/ld-linux-x86-64.so.2 -Wl,-rpath=/opt/GLIBC2.42/usr/lib64:/opt/aocc/aocc-compiler-5.1.0/lib -lm   -m64 -mcmodel=small -pthread -Wl,--no-as-needed  -fopenmp -L/home/gerhard/ESMF-Nightly-Testing/aocc_5.1.0_mpiuni_O_develop/esmf/DEFAULTINSTALLDIR/lib/libO/Linux.aocc.64.mpiuni.default  -Wl,-rpath,/home/gerhard/ESMF-Nightly-Testing/aocc_5.1.0_mpiuni_O_develop/esmf/DEFAULTINSTALLDIR/lib/libO/Linux.aocc.64.mpiuni.default  -o /home/gerhard/ESMF-Nightly-Testing/aocc_5.1.0_mpiuni_O_develop/esmf/DEFAULTINSTALLDIR/bin/binO/Linux.aocc.64.mpiuni.default/ESMF_PrintInfo /home/gerhard/ESMF-Nightly-Testing/aocc_5.1.0_mpiuni_O_develop/esmf/obj/objO/Linux.aocc.64.mpiuni.default/src/apps/ESMF_PrintInfo/ESMF_PrintInfo.o -lesmf  -lrt -lstdc++ -ldl
make[4]: Leaving directory '/home/gerhard/ESMF-Nightly-Testing/aocc_5.1.0_mpiuni_O_develop/esmf/src/apps/ESMF_PrintInfo'
tree_build_apps in: /home/gerhard/ESMF-Nightly-Testing/aocc_5.1.0_mpiuni_O_develop/esmf/src/apps/ESMF_PrintInfoC
make[4]: Entering directory '/home/gerhard/ESMF-Nightly-Testing/aocc_5.1.0_mpiuni_O_develop/esmf/src/apps/ESMF_PrintInfoC'
make chkdir_locobj
make[5]: Entering directory '/home/gerhard/ESMF-Nightly-Testing/aocc_5.1.0_mpiuni_O_develop/esmf/src/apps/ESMF_PrintInfoC'
Making directory /home/gerhard/ESMF-Nightly-Testing/aocc_5.1.0_mpiuni_O_develop/esmf/obj/objO/Linux.aocc.64.mpiuni.default/src/apps/ESMF_PrintInfoC for apps output
make[5]: Leaving directory '/home/gerhard/ESMF-Nightly-Testing/aocc_5.1.0_mpiuni_O_develop/esmf/src/apps/ESMF_PrintInfoC'
clang -c -std=c99 -O -DNDEBUG  -fPIC -m64 -mcmodel=small -pthread  -fopenmp -I/home/gerhard/ESMF-Nightly-Testing/aocc_5.1.0_mpiuni_O_develop/esmf/src/apps/ESMF_PrintInfoC -I/home/gerhard/ESMF-Nightly-Testing/aocc_5.1.0_mpiuni_O_develop/esmf/src/apps/ESMF_PrintInfoC/../include -I/home/gerhard/ESMF-Nightly-Testing/aocc_5.1.0_mpiuni_O_develop/esmf/build_config/Linux.aocc.default -I/home/gerhard/ESMF-Nightly-Testing/aocc_5.1.0_mpiuni_O_develop/esmf/src/Infrastructure -I/home/gerhard/ESMF-Nightly-Testing/aocc_5.1.0_mpiuni_O_develop/esmf/src/Superstructure  -I/home/gerhard/ESMF-Nightly-Testing/aocc_5.1.0_mpiuni_O_develop/esmf/src/include   -DESMF_NO_INTEGER_1_BYTE -DESMF_NO_INTEGER_2_BYTE -DESMF_VERSION_STRING_GIT='"develop+g1082792c4b"' -DESMF_COMPILER_AOCC -DESMF_MPIUNI -I/home/gerhard/ESMF-Nightly-Testing/aocc_5.1.0_mpiuni_O_develop/esmf/src/Infrastructure/stubs/mpiuni -DESMF_LOWERCASE_SINGLEUNDERSCORE -DESMF_MOAB=1 -DESMF_LAPACK=1 -DESMF_LAPACK_INTERNAL=1 -DESMF_NO_ACC_SOFTWARE_STACK=1 -DYAML=ESMF_YAML -DESMF_YAMLCPP=1 -DESMF_NO_OPENACC -DESMF_TESTEXHAUSTIVE -DESMF_BOPT_O -DESMF_TESTPERFORMANCE -DESMF_TESTCOMPTUNNEL -DESMF_TESTWITHTHREADS -DSx86_64_small=1 -DESMF_OS_Linux=1 -DESMF_COMM=mpiuni -DESMF_DIR=/home/gerhard/ESMF-Nightly-Testing/aocc_5.1.0_mpiuni_O_develop/esmf -D__SDIR__='"src/apps/ESMF_PrintInfoC"' -DESMF_CSTD=99 ESMF_PrintInfoC.c -o /home/gerhard/ESMF-Nightly-Testing/aocc_5.1.0_mpiuni_O_develop/esmf/obj/objO/Linux.aocc.64.mpiuni.default/src/apps/ESMF_PrintInfoC/ESMF_PrintInfoC.o
make chkdir_apps
make[5]: Entering directory '/home/gerhard/ESMF-Nightly-Testing/aocc_5.1.0_mpiuni_O_develop/esmf/src/apps/ESMF_PrintInfoC'
make[5]: Leaving directory '/home/gerhard/ESMF-Nightly-Testing/aocc_5.1.0_mpiuni_O_develop/esmf/src/apps/ESMF_PrintInfoC'
clang  -Wl,--allow-shlib-undefined -Wl,--dynamic-linker=/opt/GLIBC2.42/usr/lib64/ld-linux-x86-64.so.2 -Wl,-rpath=/opt/GLIBC2.42/usr/lib64:/opt/aocc/aocc-compiler-5.1.0/lib -lm  -m64 -mcmodel=small -pthread  -fopenmp -L/home/gerhard/ESMF-Nightly-Testing/aocc_5.1.0_mpiuni_O_develop/esmf/DEFAULTINSTALLDIR/lib/libO/Linux.aocc.64.mpiuni.default  -L/home/gerhard/ESMF-Nightly-Testing/aocc_5.1.0_mpiuni_O_develop/esmf/DEFAULTINSTALLDIR/lib/libO/Linux.aocc.64.mpiuni.default  -Wl,-rpath,/home/gerhard/ESMF-Nightly-Testing/aocc_5.1.0_mpiuni_O_develop/esmf/DEFAULTINSTALLDIR/lib/libO/Linux.aocc.64.mpiuni.default -Wl,-rpath,/home/gerhard/ESMF-Nightly-Testing/aocc_5.1.0_mpiuni_O_develop/esmf/DEFAULTINSTALLDIR/lib/libO/Linux.aocc.64.mpiuni.default -o /home/gerhard/ESMF-Nightly-Testing/aocc_5.1.0_mpiuni_O_develop/esmf/DEFAULTINSTALLDIR/bin/binO/Linux.aocc.64.mpiuni.default/ESMF_PrintInfoC /home/gerhard/ESMF-Nightly-Testing/aocc_5.1.0_mpiuni_O_develop/esmf/obj/objO/Linux.aocc.64.mpiuni.default/src/apps/ESMF_PrintInfoC/ESMF_PrintInfoC.o -lesmf  -lrt -lflang -lflangrti -lpgmath -ldl  -lrt -lstdc++ -ldl
make[4]: Leaving directory '/home/gerhard/ESMF-Nightly-Testing/aocc_5.1.0_mpiuni_O_develop/esmf/src/apps/ESMF_PrintInfoC'
tree_build_apps in: /home/gerhard/ESMF-Nightly-Testing/aocc_5.1.0_mpiuni_O_develop/esmf/src/apps/ESMF_RegridWeightGen
make[4]: Entering directory '/home/gerhard/ESMF-Nightly-Testing/aocc_5.1.0_mpiuni_O_develop/esmf/src/apps/ESMF_RegridWeightGen'
make chkdir_locobj
make[5]: Entering directory '/home/gerhard/ESMF-Nightly-Testing/aocc_5.1.0_mpiuni_O_develop/esmf/src/apps/ESMF_RegridWeightGen'
Making directory /home/gerhard/ESMF-Nightly-Testing/aocc_5.1.0_mpiuni_O_develop/esmf/obj/objO/Linux.aocc.64.mpiuni.default/src/apps/ESMF_RegridWeightGen for apps output
make[5]: Leaving directory '/home/gerhard/ESMF-Nightly-Testing/aocc_5.1.0_mpiuni_O_develop/esmf/src/apps/ESMF_RegridWeightGen'
flang -c -O  -fPIC  -m64 -mcmodel=small -pthread  -fopenmp -I/home/gerhard/ESMF-Nightly-Testing/aocc_5.1.0_mpiuni_O_develop/esmf/src/apps/ESMF_RegridWeightGen -I/home/gerhard/ESMF-Nightly-Testing/aocc_5.1.0_mpiuni_O_develop/esmf/build_config/Linux.aocc.default -I/home/gerhard/ESMF-Nightly-Testing/aocc_5.1.0_mpiuni_O_develop/esmf/src/Infrastructure -I/home/gerhard/ESMF-Nightly-Testing/aocc_5.1.0_mpiuni_O_develop/esmf/src/Superstructure -I/home/gerhard/ESMF-Nightly-Testing/aocc_5.1.0_mpiuni_O_develop/esmf/DEFAULTINSTALLDIR/mod/modO/Linux.aocc.64.mpiuni.default -I/home/gerhard/ESMF-Nightly-Testing/aocc_5.1.0_mpiuni_O_develop/esmf/src/include   -DESMF_NO_INTEGER_1_BYTE -DESMF_NO_INTEGER_2_BYTE -DESMF_VERSION_STRING_GIT='"develop+g1082792c4b"' -DESMF_COMPILER_AOCC -DESMF_MPIUNI -I/home/gerhard/ESMF-Nightly-Testing/aocc_5.1.0_mpiuni_O_develop/esmf/src/Infrastructure/stubs/mpiuni -DESMF_LOWERCASE_SINGLEUNDERSCORE -DESMF_MOAB=1 -DESMF_LAPACK=1 -DESMF_LAPACK_INTERNAL=1 -DESMF_NO_ACC_SOFTWARE_STACK=1 -DYAML=ESMF_YAML -DESMF_YAMLCPP=1 -DESMF_NO_OPENACC -DESMF_TESTEXHAUSTIVE -DESMF_BOPT_O -DESMF_TESTPERFORMANCE -DESMF_TESTCOMPTUNNEL -DESMF_TESTWITHTHREADS -DSx86_64_small=1 -DESMF_OS_Linux=1 -DESMF_COMM=mpiuni -DESMF_DIR=/home/gerhard/ESMF-Nightly-Testing/aocc_5.1.0_mpiuni_O_develop/esmf -DESMF_NO_F2018ASSUMEDTYPE ESMF_RegridWeightGen.F90 -o /home/gerhard/ESMF-Nightly-Testing/aocc_5.1.0_mpiuni_O_develop/esmf/obj/objO/Linux.aocc.64.mpiuni.default/src/apps/ESMF_RegridWeightGen/ESMF_RegridWeightGen.o
make chkdir_apps
make[5]: Entering directory '/home/gerhard/ESMF-Nightly-Testing/aocc_5.1.0_mpiuni_O_develop/esmf/src/apps/ESMF_RegridWeightGen'
make[5]: Leaving directory '/home/gerhard/ESMF-Nightly-Testing/aocc_5.1.0_mpiuni_O_develop/esmf/src/apps/ESMF_RegridWeightGen'
flang  -Wl,--allow-shlib-undefined -Wl,--dynamic-linker=/opt/GLIBC2.42/usr/lib64/ld-linux-x86-64.so.2 -Wl,-rpath=/opt/GLIBC2.42/usr/lib64:/opt/aocc/aocc-compiler-5.1.0/lib -lm   -m64 -mcmodel=small -pthread -Wl,--no-as-needed  -fopenmp -L/home/gerhard/ESMF-Nightly-Testing/aocc_5.1.0_mpiuni_O_develop/esmf/DEFAULTINSTALLDIR/lib/libO/Linux.aocc.64.mpiuni.default  -Wl,-rpath,/home/gerhard/ESMF-Nightly-Testing/aocc_5.1.0_mpiuni_O_develop/esmf/DEFAULTINSTALLDIR/lib/libO/Linux.aocc.64.mpiuni.default  -o /home/gerhard/ESMF-Nightly-Testing/aocc_5.1.0_mpiuni_O_develop/esmf/DEFAULTINSTALLDIR/bin/binO/Linux.aocc.64.mpiuni.default/ESMF_RegridWeightGen /home/gerhard/ESMF-Nightly-Testing/aocc_5.1.0_mpiuni_O_develop/esmf/obj/objO/Linux.aocc.64.mpiuni.default/src/apps/ESMF_RegridWeightGen/ESMF_RegridWeightGen.o -lesmf  -lrt -lstdc++ -ldl
make[4]: Leaving directory '/home/gerhard/ESMF-Nightly-Testing/aocc_5.1.0_mpiuni_O_develop/esmf/src/apps/ESMF_RegridWeightGen'
tree_build_apps in: /home/gerhard/ESMF-Nightly-Testing/aocc_5.1.0_mpiuni_O_develop/esmf/src/apps/ESMF_WebServController
make[4]: Entering directory '/home/gerhard/ESMF-Nightly-Testing/aocc_5.1.0_mpiuni_O_develop/esmf/src/apps/ESMF_WebServController'
make chkdir_locobj
make[5]: Entering directory '/home/gerhard/ESMF-Nightly-Testing/aocc_5.1.0_mpiuni_O_develop/esmf/src/apps/ESMF_WebServController'
Making directory /home/gerhard/ESMF-Nightly-Testing/aocc_5.1.0_mpiuni_O_develop/esmf/obj/objO/Linux.aocc.64.mpiuni.default/src/apps/ESMF_WebServController for apps output
make[5]: Leaving directory '/home/gerhard/ESMF-Nightly-Testing/aocc_5.1.0_mpiuni_O_develop/esmf/src/apps/ESMF_WebServController'
clang++ -c -std=c++11 -O -DNDEBUG  -fPIC -m64 -mcmodel=small -pthread  -fopenmp -I/home/gerhard/ESMF-Nightly-Testing/aocc_5.1.0_mpiuni_O_develop/esmf/src/apps/ESMF_WebServController -I/home/gerhard/ESMF-Nightly-Testing/aocc_5.1.0_mpiuni_O_develop/esmf/src/apps/ESMF_WebServController/../include -I/home/gerhard/ESMF-Nightly-Testing/aocc_5.1.0_mpiuni_O_develop/esmf/build_config/Linux.aocc.default -I/home/gerhard/ESMF-Nightly-Testing/aocc_5.1.0_mpiuni_O_develop/esmf/src/Infrastructure -I/home/gerhard/ESMF-Nightly-Testing/aocc_5.1.0_mpiuni_O_develop/esmf/src/Superstructure -I/home/gerhard/ESMF-Nightly-Testing/aocc_5.1.0_mpiuni_O_develop/esmf/src/Infrastructure/stubs/pthread  -I/home/gerhard/ESMF-Nightly-Testing/aocc_5.1.0_mpiuni_O_develop/esmf/src/include   -I/home/gerhard/ESMF-Nightly-Testing/aocc_5.1.0_mpiuni_O_develop/esmf/src/prologue/yaml-cpp/include -DESMF_NO_INTEGER_1_BYTE -DESMF_NO_INTEGER_2_BYTE -DESMF_VERSION_STRING_GIT='"develop+g1082792c4b"' -DESMF_COMPILER_AOCC -DESMF_MPIUNI -I/home/gerhard/ESMF-Nightly-Testing/aocc_5.1.0_mpiuni_O_develop/esmf/src/Infrastructure/stubs/mpiuni -DESMF_LOWERCASE_SINGLEUNDERSCORE -DESMF_MOAB=1 -DESMF_LAPACK=1 -DESMF_LAPACK_INTERNAL=1 -DESMF_NO_ACC_SOFTWARE_STACK=1 -DYAML=ESMF_YAML -DESMF_YAMLCPP=1 -DESMF_NO_OPENACC -DESMF_TESTEXHAUSTIVE -DESMF_BOPT_O -DESMF_TESTPERFORMANCE -DESMF_TESTCOMPTUNNEL -DESMF_TESTWITHTHREADS -DSx86_64_small=1 -DESMF_OS_Linux=1 -DESMF_COMM=mpiuni -DESMF_DIR=/home/gerhard/ESMF-Nightly-Testing/aocc_5.1.0_mpiuni_O_develop/esmf -D__SDIR__='"src/apps/ESMF_WebServController"' -DESMF_CXXSTD=11 -x c++ -DESMF_NO_F2018ASSUMEDTYPE ESMF_WebServController.C -o /home/gerhard/ESMF-Nightly-Testing/aocc_5.1.0_mpiuni_O_develop/esmf/obj/objO/Linux.aocc.64.mpiuni.default/src/apps/ESMF_WebServController/ESMF_WebServController.o
make chkdir_apps
make[5]: Entering directory '/home/gerhard/ESMF-Nightly-Testing/aocc_5.1.0_mpiuni_O_develop/esmf/src/apps/ESMF_WebServController'
make[5]: Leaving directory '/home/gerhard/ESMF-Nightly-Testing/aocc_5.1.0_mpiuni_O_develop/esmf/src/apps/ESMF_WebServController'
clang++  -Wl,--allow-shlib-undefined -Wl,--dynamic-linker=/opt/GLIBC2.42/usr/lib64/ld-linux-x86-64.so.2 -Wl,-rpath=/opt/GLIBC2.42/usr/lib64:/opt/aocc/aocc-compiler-5.1.0/lib -lm  -m64 -mcmodel=small -pthread -Wl,--no-as-needed  -fopenmp -L/home/gerhard/ESMF-Nightly-Testing/aocc_5.1.0_mpiuni_O_develop/esmf/DEFAULTINSTALLDIR/lib/libO/Linux.aocc.64.mpiuni.default  -Wl,-rpath,/home/gerhard/ESMF-Nightly-Testing/aocc_5.1.0_mpiuni_O_develop/esmf/DEFAULTINSTALLDIR/lib/libO/Linux.aocc.64.mpiuni.default  -o /home/gerhard/ESMF-Nightly-Testing/aocc_5.1.0_mpiuni_O_develop/esmf/DEFAULTINSTALLDIR/bin/binO/Linux.aocc.64.mpiuni.default/ESMF_WebServController /home/gerhard/ESMF-Nightly-Testing/aocc_5.1.0_mpiuni_O_develop/esmf/obj/objO/Linux.aocc.64.mpiuni.default/src/apps/ESMF_WebServController/ESMF_WebServController.o -lesmf  -lrt -lflang -lflangrti -lpgmath -ldl
make[4]: Leaving directory '/home/gerhard/ESMF-Nightly-Testing/aocc_5.1.0_mpiuni_O_develop/esmf/src/apps/ESMF_WebServController'
tree_build_apps in: /home/gerhard/ESMF-Nightly-Testing/aocc_5.1.0_mpiuni_O_develop/esmf/src/apps/ESMF_Scrip2Unstruct
make[4]: Entering directory '/home/gerhard/ESMF-Nightly-Testing/aocc_5.1.0_mpiuni_O_develop/esmf/src/apps/ESMF_Scrip2Unstruct'
make chkdir_locobj
make[5]: Entering directory '/home/gerhard/ESMF-Nightly-Testing/aocc_5.1.0_mpiuni_O_develop/esmf/src/apps/ESMF_Scrip2Unstruct'
Making directory /home/gerhard/ESMF-Nightly-Testing/aocc_5.1.0_mpiuni_O_develop/esmf/obj/objO/Linux.aocc.64.mpiuni.default/src/apps/ESMF_Scrip2Unstruct for apps output
make[5]: Leaving directory '/home/gerhard/ESMF-Nightly-Testing/aocc_5.1.0_mpiuni_O_develop/esmf/src/apps/ESMF_Scrip2Unstruct'
clang++ -c -std=c++11 -O -DNDEBUG  -fPIC -m64 -mcmodel=small -pthread  -fopenmp -I/home/gerhard/ESMF-Nightly-Testing/aocc_5.1.0_mpiuni_O_develop/esmf/src/apps/ESMF_Scrip2Unstruct -I/home/gerhard/ESMF-Nightly-Testing/aocc_5.1.0_mpiuni_O_develop/esmf/src/apps/ESMF_Scrip2Unstruct/../include -I/home/gerhard/ESMF-Nightly-Testing/aocc_5.1.0_mpiuni_O_develop/esmf/build_config/Linux.aocc.default -I/home/gerhard/ESMF-Nightly-Testing/aocc_5.1.0_mpiuni_O_develop/esmf/src/Infrastructure -I/home/gerhard/ESMF-Nightly-Testing/aocc_5.1.0_mpiuni_O_develop/esmf/src/Superstructure -I/home/gerhard/ESMF-Nightly-Testing/aocc_5.1.0_mpiuni_O_develop/esmf/src/Infrastructure/stubs/pthread  -I/home/gerhard/ESMF-Nightly-Testing/aocc_5.1.0_mpiuni_O_develop/esmf/src/include   -I/home/gerhard/ESMF-Nightly-Testing/aocc_5.1.0_mpiuni_O_develop/esmf/src/prologue/yaml-cpp/include -DESMF_NO_INTEGER_1_BYTE -DESMF_NO_INTEGER_2_BYTE -DESMF_VERSION_STRING_GIT='"develop+g1082792c4b"' -DESMF_COMPILER_AOCC -DESMF_MPIUNI -I/home/gerhard/ESMF-Nightly-Testing/aocc_5.1.0_mpiuni_O_develop/esmf/src/Infrastructure/stubs/mpiuni -DESMF_LOWERCASE_SINGLEUNDERSCORE -DESMF_MOAB=1 -DESMF_LAPACK=1 -DESMF_LAPACK_INTERNAL=1 -DESMF_NO_ACC_SOFTWARE_STACK=1 -DYAML=ESMF_YAML -DESMF_YAMLCPP=1 -DESMF_NO_OPENACC -DESMF_TESTEXHAUSTIVE -DESMF_BOPT_O -DESMF_TESTPERFORMANCE -DESMF_TESTCOMPTUNNEL -DESMF_TESTWITHTHREADS -DSx86_64_small=1 -DESMF_OS_Linux=1 -DESMF_COMM=mpiuni -DESMF_DIR=/home/gerhard/ESMF-Nightly-Testing/aocc_5.1.0_mpiuni_O_develop/esmf -D__SDIR__='"src/apps/ESMF_Scrip2Unstruct"' -DESMF_CXXSTD=11 -x c++ -DESMF_NO_F2018ASSUMEDTYPE ESMF_Scrip2Unstruct.C -o /home/gerhard/ESMF-Nightly-Testing/aocc_5.1.0_mpiuni_O_develop/esmf/obj/objO/Linux.aocc.64.mpiuni.default/src/apps/ESMF_Scrip2Unstruct/ESMF_Scrip2Unstruct.o
make chkdir_apps
make[5]: Entering directory '/home/gerhard/ESMF-Nightly-Testing/aocc_5.1.0_mpiuni_O_develop/esmf/src/apps/ESMF_Scrip2Unstruct'
make[5]: Leaving directory '/home/gerhard/ESMF-Nightly-Testing/aocc_5.1.0_mpiuni_O_develop/esmf/src/apps/ESMF_Scrip2Unstruct'
clang++  -Wl,--allow-shlib-undefined -Wl,--dynamic-linker=/opt/GLIBC2.42/usr/lib64/ld-linux-x86-64.so.2 -Wl,-rpath=/opt/GLIBC2.42/usr/lib64:/opt/aocc/aocc-compiler-5.1.0/lib -lm  -m64 -mcmodel=small -pthread -Wl,--no-as-needed  -fopenmp -L/home/gerhard/ESMF-Nightly-Testing/aocc_5.1.0_mpiuni_O_develop/esmf/DEFAULTINSTALLDIR/lib/libO/Linux.aocc.64.mpiuni.default  -Wl,-rpath,/home/gerhard/ESMF-Nightly-Testing/aocc_5.1.0_mpiuni_O_develop/esmf/DEFAULTINSTALLDIR/lib/libO/Linux.aocc.64.mpiuni.default  -o /home/gerhard/ESMF-Nightly-Testing/aocc_5.1.0_mpiuni_O_develop/esmf/DEFAULTINSTALLDIR/bin/binO/Linux.aocc.64.mpiuni.default/ESMF_Scrip2Unstruct /home/gerhard/ESMF-Nightly-Testing/aocc_5.1.0_mpiuni_O_develop/esmf/obj/objO/Linux.aocc.64.mpiuni.default/src/apps/ESMF_Scrip2Unstruct/ESMF_Scrip2Unstruct.o -lesmf  -lrt -lflang -lflangrti -lpgmath -ldl
make[4]: Leaving directory '/home/gerhard/ESMF-Nightly-Testing/aocc_5.1.0_mpiuni_O_develop/esmf/src/apps/ESMF_Scrip2Unstruct'
tree_build_apps in: /home/gerhard/ESMF-Nightly-Testing/aocc_5.1.0_mpiuni_O_develop/esmf/src/apps/ESMF_Regrid
make[4]: Entering directory '/home/gerhard/ESMF-Nightly-Testing/aocc_5.1.0_mpiuni_O_develop/esmf/src/apps/ESMF_Regrid'
make chkdir_locobj
make[5]: Entering directory '/home/gerhard/ESMF-Nightly-Testing/aocc_5.1.0_mpiuni_O_develop/esmf/src/apps/ESMF_Regrid'
Making directory /home/gerhard/ESMF-Nightly-Testing/aocc_5.1.0_mpiuni_O_develop/esmf/obj/objO/Linux.aocc.64.mpiuni.default/src/apps/ESMF_Regrid for apps output
make[5]: Leaving directory '/home/gerhard/ESMF-Nightly-Testing/aocc_5.1.0_mpiuni_O_develop/esmf/src/apps/ESMF_Regrid'
flang -c -O  -fPIC  -m64 -mcmodel=small -pthread  -fopenmp -I/home/gerhard/ESMF-Nightly-Testing/aocc_5.1.0_mpiuni_O_develop/esmf/src/apps/ESMF_Regrid -I/home/gerhard/ESMF-Nightly-Testing/aocc_5.1.0_mpiuni_O_develop/esmf/build_config/Linux.aocc.default -I/home/gerhard/ESMF-Nightly-Testing/aocc_5.1.0_mpiuni_O_develop/esmf/src/Infrastructure -I/home/gerhard/ESMF-Nightly-Testing/aocc_5.1.0_mpiuni_O_develop/esmf/src/Superstructure -I/home/gerhard/ESMF-Nightly-Testing/aocc_5.1.0_mpiuni_O_develop/esmf/DEFAULTINSTALLDIR/mod/modO/Linux.aocc.64.mpiuni.default -I/home/gerhard/ESMF-Nightly-Testing/aocc_5.1.0_mpiuni_O_develop/esmf/src/include   -DESMF_NO_INTEGER_1_BYTE -DESMF_NO_INTEGER_2_BYTE -DESMF_VERSION_STRING_GIT='"develop+g1082792c4b"' -DESMF_COMPILER_AOCC -DESMF_MPIUNI -I/home/gerhard/ESMF-Nightly-Testing/aocc_5.1.0_mpiuni_O_develop/esmf/src/Infrastructure/stubs/mpiuni -DESMF_LOWERCASE_SINGLEUNDERSCORE -DESMF_MOAB=1 -DESMF_LAPACK=1 -DESMF_LAPACK_INTERNAL=1 -DESMF_NO_ACC_SOFTWARE_STACK=1 -DYAML=ESMF_YAML -DESMF_YAMLCPP=1 -DESMF_NO_OPENACC -DESMF_TESTEXHAUSTIVE -DESMF_BOPT_O -DESMF_TESTPERFORMANCE -DESMF_TESTCOMPTUNNEL -DESMF_TESTWITHTHREADS -DSx86_64_small=1 -DESMF_OS_Linux=1 -DESMF_COMM=mpiuni -DESMF_DIR=/home/gerhard/ESMF-Nightly-Testing/aocc_5.1.0_mpiuni_O_develop/esmf -DESMF_NO_F2018ASSUMEDTYPE ESMF_Regrid.F90 -o /home/gerhard/ESMF-Nightly-Testing/aocc_5.1.0_mpiuni_O_develop/esmf/obj/objO/Linux.aocc.64.mpiuni.default/src/apps/ESMF_Regrid/ESMF_Regrid.o
make chkdir_apps
make[5]: Entering directory '/home/gerhard/ESMF-Nightly-Testing/aocc_5.1.0_mpiuni_O_develop/esmf/src/apps/ESMF_Regrid'
make[5]: Leaving directory '/home/gerhard/ESMF-Nightly-Testing/aocc_5.1.0_mpiuni_O_develop/esmf/src/apps/ESMF_Regrid'
flang  -Wl,--allow-shlib-undefined -Wl,--dynamic-linker=/opt/GLIBC2.42/usr/lib64/ld-linux-x86-64.so.2 -Wl,-rpath=/opt/GLIBC2.42/usr/lib64:/opt/aocc/aocc-compiler-5.1.0/lib -lm   -m64 -mcmodel=small -pthread -Wl,--no-as-needed  -fopenmp -L/home/gerhard/ESMF-Nightly-Testing/aocc_5.1.0_mpiuni_O_develop/esmf/DEFAULTINSTALLDIR/lib/libO/Linux.aocc.64.mpiuni.default  -Wl,-rpath,/home/gerhard/ESMF-Nightly-Testing/aocc_5.1.0_mpiuni_O_develop/esmf/DEFAULTINSTALLDIR/lib/libO/Linux.aocc.64.mpiuni.default  -o /home/gerhard/ESMF-Nightly-Testing/aocc_5.1.0_mpiuni_O_develop/esmf/DEFAULTINSTALLDIR/bin/binO/Linux.aocc.64.mpiuni.default/ESMF_Regrid /home/gerhard/ESMF-Nightly-Testing/aocc_5.1.0_mpiuni_O_develop/esmf/obj/objO/Linux.aocc.64.mpiuni.default/src/apps/ESMF_Regrid/ESMF_Regrid.o -lesmf  -lrt -lstdc++ -ldl
make[4]: Leaving directory '/home/gerhard/ESMF-Nightly-Testing/aocc_5.1.0_mpiuni_O_develop/esmf/src/apps/ESMF_Regrid'
tree_build_apps in: /home/gerhard/ESMF-Nightly-Testing/aocc_5.1.0_mpiuni_O_develop/esmf/src/apps/ESMX_Builder
make[4]: Entering directory '/home/gerhard/ESMF-Nightly-Testing/aocc_5.1.0_mpiuni_O_develop/esmf/src/apps/ESMX_Builder'
make chkdir_apps
make[5]: Entering directory '/home/gerhard/ESMF-Nightly-Testing/aocc_5.1.0_mpiuni_O_develop/esmf/src/apps/ESMX_Builder'
make[5]: Leaving directory '/home/gerhard/ESMF-Nightly-Testing/aocc_5.1.0_mpiuni_O_develop/esmf/src/apps/ESMX_Builder'
cp -f ESMX_Builder.sh /home/gerhard/ESMF-Nightly-Testing/aocc_5.1.0_mpiuni_O_develop/esmf/DEFAULTINSTALLDIR/bin/binO/Linux.aocc.64.mpiuni.default/ESMX_Builder
make[4]: Leaving directory '/home/gerhard/ESMF-Nightly-Testing/aocc_5.1.0_mpiuni_O_develop/esmf/src/apps/ESMX_Builder'
make[3]: Leaving directory '/home/gerhard/ESMF-Nightly-Testing/aocc_5.1.0_mpiuni_O_develop/esmf/src/apps'
ESMF apps built successfully.
make[2]: Leaving directory '/home/gerhard/ESMF-Nightly-Testing/aocc_5.1.0_mpiuni_O_develop/esmf'
make[1]: Leaving directory '/home/gerhard/ESMF-Nightly-Testing/aocc_5.1.0_mpiuni_O_develop/esmf'
mkdir -p /home/gerhard/ESMF-Nightly-Testing/aocc_5.1.0_mpiuni_O_develop/esmf/DEFAULTINSTALLDIR/doc
make install_info_mk
make[1]: Entering directory '/home/gerhard/ESMF-Nightly-Testing/aocc_5.1.0_mpiuni_O_develop/esmf'
make info_mk ESMF_APPSDIR=/home/gerhard/ESMF-Nightly-Testing/aocc_5.1.0_mpiuni_O_develop/esmf/DEFAULTINSTALLDIR/bin/binO/Linux.aocc.64.mpiuni.default ESMF_LDIR=/home/gerhard/ESMF-Nightly-Testing/aocc_5.1.0_mpiuni_O_develop/esmf/DEFAULTINSTALLDIR/lib/libO/Linux.aocc.64.mpiuni.default ESMF_LIBDIR=/home/gerhard/ESMF-Nightly-Testing/aocc_5.1.0_mpiuni_O_develop/esmf/DEFAULTINSTALLDIR/lib/libO/Linux.aocc.64.mpiuni.default ESMF_ESMXDIR=/home/gerhard/ESMF-Nightly-Testing/aocc_5.1.0_mpiuni_O_develop/esmf/DEFAULTINSTALLDIR/include/ESMX ESMF_CMAKEDIR=/home/gerhard/ESMF-Nightly-Testing/aocc_5.1.0_mpiuni_O_develop/esmf/DEFAULTINSTALLDIR/cmake ESMF_MODDIR=/home/gerhard/ESMF-Nightly-Testing/aocc_5.1.0_mpiuni_O_develop/esmf/DEFAULTINSTALLDIR/mod/modO/Linux.aocc.64.mpiuni.default ESMF_INCDIR=/home/gerhard/ESMF-Nightly-Testing/aocc_5.1.0_mpiuni_O_develop/esmf/DEFAULTINSTALLDIR/include
make[2]: Entering directory '/home/gerhard/ESMF-Nightly-Testing/aocc_5.1.0_mpiuni_O_develop/esmf'
make[2]: Leaving directory '/home/gerhard/ESMF-Nightly-Testing/aocc_5.1.0_mpiuni_O_develop/esmf'
make[1]: Leaving directory '/home/gerhard/ESMF-Nightly-Testing/aocc_5.1.0_mpiuni_O_develop/esmf'
/home/gerhard/ESMF-Nightly-Testing/aocc_5.1.0_mpiuni_O_develop/esmf/cmake/generate_config.py --esmfmkfile=/home/gerhard/ESMF-Nightly-Testing/aocc_5.1.0_mpiuni_O_develop/esmf/DEFAULTINSTALLDIR/lib/libO/Linux.aocc.64.mpiuni.default/esmf.mk --template=/home/gerhard/ESMF-Nightly-Testing/aocc_5.1.0_mpiuni_O_develop/esmf/cmake/ESMFConfig.cmake.in --outputdir=/home/gerhard/ESMF-Nightly-Testing/aocc_5.1.0_mpiuni_O_develop/esmf/DEFAULTINSTALLDIR/lib/libO/Linux.aocc.64.mpiuni.default/cmake/ESMF
Successfully generated config: /home/gerhard/ESMF-Nightly-Testing/aocc_5.1.0_mpiuni_O_develop/esmf/DEFAULTINSTALLDIR/lib/libO/Linux.aocc.64.mpiuni.default/cmake/ESMF/ESMFConfig.cmake (MPI: FALSE, Imported Target: libesmf.so)
Successfully generated version handler: /home/gerhard/ESMF-Nightly-Testing/aocc_5.1.0_mpiuni_O_develop/esmf/DEFAULTINSTALLDIR/lib/libO/Linux.aocc.64.mpiuni.default/cmake/ESMF/ESMFConfigVersion.cmake
 
ESMF installation complete.
 
