2026-06-18 04:17:24
 Somewhat of a SILLY @$^@_ label
 finalCalculation               
 dummy output from attached method 
  PASS  Example ESMF_AttachMethodsEx, ESMF_AttachMethodsEx.F90, line 292
 Somewhat of a SILLY @$^@_ label
 finalCalculation               
 dummy output from attached method 
  PASS  Example ESMF_AttachMethodsEx, ESMF_AttachMethodsEx.F90, line 292
 Somewhat of a SILLY @$^@_ label
 finalCalculation               
 dummy output from attached method 
  PASS  Example ESMF_AttachMethodsEx, ESMF_AttachMethodsEx.F90, line 292
 Somewhat of a SILLY @$^@_ label
 finalCalculation               
 dummy output from attached method 
  PASS  Example ESMF_AttachMethodsEx, ESMF_AttachMethodsEx.F90, line 292
[WARNING] yaksa: 10 leaked handle pool objects
 PASS: ESMF_AttachMethodsEx.F90
[WARNING] yaksa: 10 leaked handle pool objects
 PASS: ESMF_AttachMethodsEx.F90
[WARNING] yaksa: 10 leaked handle pool objects
 PASS: ESMF_AttachMethodsEx.F90
[WARNING] yaksa: 10 leaked handle pool objects
 PASS: ESMF_AttachMethodsEx.F90
