2026-06-21 04:22:32
20260621 045236.133 INFO             PET0 !!!!!!!!!!!!!!!!!!!!!!!!!!!!!!!!!!!!!!!!!!!!!!!!!!!!!!
20260621 045236.133 INFO             PET0 !!! THE ESMF_LOG IS SET TO OUTPUT ALL LOG MESSAGES !!!
20260621 045236.133 INFO             PET0 !!!     THIS MAY CAUSE SLOWDOWN IN PERFORMANCE     !!!
20260621 045236.133 INFO             PET0 !!! FOR PRODUCTION RUNS, USE:                      !!!
20260621 045236.133 INFO             PET0 !!!                   ESMF_LOGKIND_Multi_On_Error  !!!
20260621 045236.133 INFO             PET0 !!!!!!!!!!!!!!!!!!!!!!!!!!!!!!!!!!!!!!!!!!!!!!!!!!!!!!
20260621 045236.133 INFO             PET0 Running with ESMF Version   : feature/refresh-bmauer-c_dynmask_interface+gd740766d08
20260621 045236.134 INFO             PET0 ESMF library build date/time: "Jun 21 2026" "04:21:21"
20260621 045236.134 INFO             PET0 ESMF library build location : /usr/local/esmf/esmf-testing/gfortran_14.2.0_mpich_g_feature_refresh-bmauer-c_dynmask_interface/esmf
20260621 045236.134 INFO             PET0 ESMF_COMM                   : mpich
20260621 045236.134 INFO             PET0 ESMF_MOAB                   : enabled
20260621 045236.134 INFO             PET0 ESMF_LAPACK                 : enabled
20260621 045236.134 INFO             PET0 ESMF_NETCDF                 : enabled
20260621 045236.134 INFO             PET0 ESMF_PNETCDF                : disabled
20260621 045236.134 INFO             PET0 ESMF_PIO                    : enabled
20260621 045236.134 INFO             PET0 ESMF_YAMLCPP                : enabled
20260621 045236.157 INFO             PET0  NUMBER_OF_PROCESSORS           4
20260621 045236.157 INFO             PET0  PASS  Example ESMF_FieldBundleSMMEx, ESMF_FieldBundleSMMEx.F90, line 242
20260621 045236.157 INFO             PET0  Finalizing ESMF
20260621 045236.133 INFO             PET1 !!!!!!!!!!!!!!!!!!!!!!!!!!!!!!!!!!!!!!!!!!!!!!!!!!!!!!
20260621 045236.139 INFO             PET1 !!! THE ESMF_LOG IS SET TO OUTPUT ALL LOG MESSAGES !!!
20260621 045236.139 INFO             PET1 !!!     THIS MAY CAUSE SLOWDOWN IN PERFORMANCE     !!!
20260621 045236.139 INFO             PET1 !!! FOR PRODUCTION RUNS, USE:                      !!!
20260621 045236.139 INFO             PET1 !!!                   ESMF_LOGKIND_Multi_On_Error  !!!
20260621 045236.139 INFO             PET1 !!!!!!!!!!!!!!!!!!!!!!!!!!!!!!!!!!!!!!!!!!!!!!!!!!!!!!
20260621 045236.139 INFO             PET1 Running with ESMF Version   : feature/refresh-bmauer-c_dynmask_interface+gd740766d08
20260621 045236.139 INFO             PET1 ESMF library build date/time: "Jun 21 2026" "04:21:21"
20260621 045236.139 INFO             PET1 ESMF library build location : /usr/local/esmf/esmf-testing/gfortran_14.2.0_mpich_g_feature_refresh-bmauer-c_dynmask_interface/esmf
20260621 045236.139 INFO             PET1 ESMF_COMM                   : mpich
20260621 045236.139 INFO             PET1 ESMF_MOAB                   : enabled
20260621 045236.139 INFO             PET1 ESMF_LAPACK                 : enabled
20260621 045236.139 INFO             PET1 ESMF_NETCDF                 : enabled
20260621 045236.139 INFO             PET1 ESMF_PNETCDF                : disabled
20260621 045236.139 INFO             PET1 ESMF_PIO                    : enabled
20260621 045236.139 INFO             PET1 ESMF_YAMLCPP                : enabled
20260621 045236.157 INFO             PET1  NUMBER_OF_PROCESSORS           4
20260621 045236.157 INFO             PET1  PASS  Example ESMF_FieldBundleSMMEx, ESMF_FieldBundleSMMEx.F90, line 242
20260621 045236.157 INFO             PET1  Finalizing ESMF
20260621 045236.133 INFO             PET2 !!!!!!!!!!!!!!!!!!!!!!!!!!!!!!!!!!!!!!!!!!!!!!!!!!!!!!
20260621 045236.134 INFO             PET2 !!! THE ESMF_LOG IS SET TO OUTPUT ALL LOG MESSAGES !!!
20260621 045236.134 INFO             PET2 !!!     THIS MAY CAUSE SLOWDOWN IN PERFORMANCE     !!!
20260621 045236.134 INFO             PET2 !!! FOR PRODUCTION RUNS, USE:                      !!!
20260621 045236.134 INFO             PET2 !!!                   ESMF_LOGKIND_Multi_On_Error  !!!
20260621 045236.134 INFO             PET2 !!!!!!!!!!!!!!!!!!!!!!!!!!!!!!!!!!!!!!!!!!!!!!!!!!!!!!
20260621 045236.134 INFO             PET2 Running with ESMF Version   : feature/refresh-bmauer-c_dynmask_interface+gd740766d08
20260621 045236.134 INFO             PET2 ESMF library build date/time: "Jun 21 2026" "04:21:21"
20260621 045236.134 INFO             PET2 ESMF library build location : /usr/local/esmf/esmf-testing/gfortran_14.2.0_mpich_g_feature_refresh-bmauer-c_dynmask_interface/esmf
20260621 045236.134 INFO             PET2 ESMF_COMM                   : mpich
20260621 045236.134 INFO             PET2 ESMF_MOAB                   : enabled
20260621 045236.134 INFO             PET2 ESMF_LAPACK                 : enabled
20260621 045236.134 INFO             PET2 ESMF_NETCDF                 : enabled
20260621 045236.134 INFO             PET2 ESMF_PNETCDF                : disabled
20260621 045236.134 INFO             PET2 ESMF_PIO                    : enabled
20260621 045236.134 INFO             PET2 ESMF_YAMLCPP                : enabled
20260621 045236.158 INFO             PET2  NUMBER_OF_PROCESSORS           4
20260621 045236.158 INFO             PET2  PASS  Example ESMF_FieldBundleSMMEx, ESMF_FieldBundleSMMEx.F90, line 242
20260621 045236.158 INFO             PET2  Finalizing ESMF
20260621 045236.133 INFO             PET3 !!!!!!!!!!!!!!!!!!!!!!!!!!!!!!!!!!!!!!!!!!!!!!!!!!!!!!
20260621 045236.134 INFO             PET3 !!! THE ESMF_LOG IS SET TO OUTPUT ALL LOG MESSAGES !!!
20260621 045236.134 INFO             PET3 !!!     THIS MAY CAUSE SLOWDOWN IN PERFORMANCE     !!!
20260621 045236.134 INFO             PET3 !!! FOR PRODUCTION RUNS, USE:                      !!!
20260621 045236.134 INFO             PET3 !!!                   ESMF_LOGKIND_Multi_On_Error  !!!
20260621 045236.134 INFO             PET3 !!!!!!!!!!!!!!!!!!!!!!!!!!!!!!!!!!!!!!!!!!!!!!!!!!!!!!
20260621 045236.134 INFO             PET3 Running with ESMF Version   : feature/refresh-bmauer-c_dynmask_interface+gd740766d08
20260621 045236.134 INFO             PET3 ESMF library build date/time: "Jun 21 2026" "04:21:21"
20260621 045236.134 INFO             PET3 ESMF library build location : /usr/local/esmf/esmf-testing/gfortran_14.2.0_mpich_g_feature_refresh-bmauer-c_dynmask_interface/esmf
20260621 045236.134 INFO             PET3 ESMF_COMM                   : mpich
20260621 045236.134 INFO             PET3 ESMF_MOAB                   : enabled
20260621 045236.134 INFO             PET3 ESMF_LAPACK                 : enabled
20260621 045236.134 INFO             PET3 ESMF_NETCDF                 : enabled
20260621 045236.134 INFO             PET3 ESMF_PNETCDF                : disabled
20260621 045236.134 INFO             PET3 ESMF_PIO                    : enabled
20260621 045236.134 INFO             PET3 ESMF_YAMLCPP                : enabled
20260621 045236.157 INFO             PET3  NUMBER_OF_PROCESSORS           4
20260621 045236.157 INFO             PET3  PASS  Example ESMF_FieldBundleSMMEx, ESMF_FieldBundleSMMEx.F90, line 242
20260621 045236.157 INFO             PET3  Finalizing ESMF
