2026-08-15 20:20:04
20260815 204552.504 INFO             PET0 !!!!!!!!!!!!!!!!!!!!!!!!!!!!!!!!!!!!!!!!!!!!!!!!!!!!!!
20260815 204552.504 INFO             PET0 !!! THE ESMF_LOG IS SET TO OUTPUT ALL LOG MESSAGES !!!
20260815 204552.504 INFO             PET0 !!!     THIS MAY CAUSE SLOWDOWN IN PERFORMANCE     !!!
20260815 204552.504 INFO             PET0 !!! FOR PRODUCTION RUNS, USE:                      !!!
20260815 204552.504 INFO             PET0 !!!                   ESMF_LOGKIND_Multi_On_Error  !!!
20260815 204552.504 INFO             PET0 !!!!!!!!!!!!!!!!!!!!!!!!!!!!!!!!!!!!!!!!!!!!!!!!!!!!!!
20260815 204552.504 INFO             PET0 Running with ESMF Version   : develop+g17f2be238d
20260815 204552.504 INFO             PET0 ESMF library build date/time: "Aug 15 2026" "20:18:49"
20260815 204552.504 INFO             PET0 ESMF library build location : /usr/local/esmf/esmf-testing/nagclang_7.2.44_17.0.0_openmpi_O_develop/esmf
20260815 204552.504 INFO             PET0 ESMF_COMM                   : openmpi
20260815 204552.504 INFO             PET0 ESMF_MOAB                   : enabled
20260815 204552.504 INFO             PET0 ESMF_LAPACK                 : enabled
20260815 204552.504 INFO             PET0 ESMF_NETCDF                 : enabled
20260815 204552.504 INFO             PET0 ESMF_PNETCDF                : disabled
20260815 204552.504 INFO             PET0 ESMF_PIO                    : enabled
20260815 204552.504 INFO             PET0 ESMF_YAMLCPP                : enabled
20260815 204552.511 INFO             PET0  NUMBER_OF_PROCESSORS 4
20260815 204552.511 INFO             PET0  PASS  Example ESMF_CplEx, ESMF_CplEx.F90, line 457
20260815 204552.511 INFO             PET0  Finalizing ESMF
20260815 204552.504 INFO             PET1 !!!!!!!!!!!!!!!!!!!!!!!!!!!!!!!!!!!!!!!!!!!!!!!!!!!!!!
20260815 204552.504 INFO             PET1 !!! THE ESMF_LOG IS SET TO OUTPUT ALL LOG MESSAGES !!!
20260815 204552.504 INFO             PET1 !!!     THIS MAY CAUSE SLOWDOWN IN PERFORMANCE     !!!
20260815 204552.504 INFO             PET1 !!! FOR PRODUCTION RUNS, USE:                      !!!
20260815 204552.504 INFO             PET1 !!!                   ESMF_LOGKIND_Multi_On_Error  !!!
20260815 204552.504 INFO             PET1 !!!!!!!!!!!!!!!!!!!!!!!!!!!!!!!!!!!!!!!!!!!!!!!!!!!!!!
20260815 204552.504 INFO             PET1 Running with ESMF Version   : develop+g17f2be238d
20260815 204552.504 INFO             PET1 ESMF library build date/time: "Aug 15 2026" "20:18:49"
20260815 204552.504 INFO             PET1 ESMF library build location : /usr/local/esmf/esmf-testing/nagclang_7.2.44_17.0.0_openmpi_O_develop/esmf
20260815 204552.504 INFO             PET1 ESMF_COMM                   : openmpi
20260815 204552.504 INFO             PET1 ESMF_MOAB                   : enabled
20260815 204552.504 INFO             PET1 ESMF_LAPACK                 : enabled
20260815 204552.504 INFO             PET1 ESMF_NETCDF                 : enabled
20260815 204552.504 INFO             PET1 ESMF_PNETCDF                : disabled
20260815 204552.504 INFO             PET1 ESMF_PIO                    : enabled
20260815 204552.504 INFO             PET1 ESMF_YAMLCPP                : enabled
20260815 204552.511 INFO             PET1  NUMBER_OF_PROCESSORS 4
20260815 204552.511 INFO             PET1  PASS  Example ESMF_CplEx, ESMF_CplEx.F90, line 457
20260815 204552.511 INFO             PET1  Finalizing ESMF
20260815 204552.504 INFO             PET2 !!!!!!!!!!!!!!!!!!!!!!!!!!!!!!!!!!!!!!!!!!!!!!!!!!!!!!
20260815 204552.504 INFO             PET2 !!! THE ESMF_LOG IS SET TO OUTPUT ALL LOG MESSAGES !!!
20260815 204552.504 INFO             PET2 !!!     THIS MAY CAUSE SLOWDOWN IN PERFORMANCE     !!!
20260815 204552.504 INFO             PET2 !!! FOR PRODUCTION RUNS, USE:                      !!!
20260815 204552.504 INFO             PET2 !!!                   ESMF_LOGKIND_Multi_On_Error  !!!
20260815 204552.504 INFO             PET2 !!!!!!!!!!!!!!!!!!!!!!!!!!!!!!!!!!!!!!!!!!!!!!!!!!!!!!
20260815 204552.504 INFO             PET2 Running with ESMF Version   : develop+g17f2be238d
20260815 204552.504 INFO             PET2 ESMF library build date/time: "Aug 15 2026" "20:18:49"
20260815 204552.504 INFO             PET2 ESMF library build location : /usr/local/esmf/esmf-testing/nagclang_7.2.44_17.0.0_openmpi_O_develop/esmf
20260815 204552.504 INFO             PET2 ESMF_COMM                   : openmpi
20260815 204552.504 INFO             PET2 ESMF_MOAB                   : enabled
20260815 204552.504 INFO             PET2 ESMF_LAPACK                 : enabled
20260815 204552.504 INFO             PET2 ESMF_NETCDF                 : enabled
20260815 204552.504 INFO             PET2 ESMF_PNETCDF                : disabled
20260815 204552.504 INFO             PET2 ESMF_PIO                    : enabled
20260815 204552.504 INFO             PET2 ESMF_YAMLCPP                : enabled
20260815 204552.511 INFO             PET2  NUMBER_OF_PROCESSORS 4
20260815 204552.511 INFO             PET2  PASS  Example ESMF_CplEx, ESMF_CplEx.F90, line 457
20260815 204552.511 INFO             PET2  Finalizing ESMF
20260815 204552.504 INFO             PET3 !!!!!!!!!!!!!!!!!!!!!!!!!!!!!!!!!!!!!!!!!!!!!!!!!!!!!!
20260815 204552.504 INFO             PET3 !!! THE ESMF_LOG IS SET TO OUTPUT ALL LOG MESSAGES !!!
20260815 204552.504 INFO             PET3 !!!     THIS MAY CAUSE SLOWDOWN IN PERFORMANCE     !!!
20260815 204552.504 INFO             PET3 !!! FOR PRODUCTION RUNS, USE:                      !!!
20260815 204552.504 INFO             PET3 !!!                   ESMF_LOGKIND_Multi_On_Error  !!!
20260815 204552.504 INFO             PET3 !!!!!!!!!!!!!!!!!!!!!!!!!!!!!!!!!!!!!!!!!!!!!!!!!!!!!!
20260815 204552.504 INFO             PET3 Running with ESMF Version   : develop+g17f2be238d
20260815 204552.504 INFO             PET3 ESMF library build date/time: "Aug 15 2026" "20:18:49"
20260815 204552.504 INFO             PET3 ESMF library build location : /usr/local/esmf/esmf-testing/nagclang_7.2.44_17.0.0_openmpi_O_develop/esmf
20260815 204552.504 INFO             PET3 ESMF_COMM                   : openmpi
20260815 204552.504 INFO             PET3 ESMF_MOAB                   : enabled
20260815 204552.504 INFO             PET3 ESMF_LAPACK                 : enabled
20260815 204552.504 INFO             PET3 ESMF_NETCDF                 : enabled
20260815 204552.504 INFO             PET3 ESMF_PNETCDF                : disabled
20260815 204552.504 INFO             PET3 ESMF_PIO                    : enabled
20260815 204552.504 INFO             PET3 ESMF_YAMLCPP                : enabled
20260815 204552.511 INFO             PET3  NUMBER_OF_PROCESSORS 4
20260815 204552.511 INFO             PET3  PASS  Example ESMF_CplEx, ESMF_CplEx.F90, line 457
20260815 204552.511 INFO             PET3  Finalizing ESMF
