2026-07-29 20:17:38
20260729 204120.491 INFO             PET0 !!!!!!!!!!!!!!!!!!!!!!!!!!!!!!!!!!!!!!!!!!!!!!!!!!!!!!
20260729 204120.492 INFO             PET0 !!! THE ESMF_LOG IS SET TO OUTPUT ALL LOG MESSAGES !!!
20260729 204120.492 INFO             PET0 !!!     THIS MAY CAUSE SLOWDOWN IN PERFORMANCE     !!!
20260729 204120.492 INFO             PET0 !!! FOR PRODUCTION RUNS, USE:                      !!!
20260729 204120.492 INFO             PET0 !!!                   ESMF_LOGKIND_Multi_On_Error  !!!
20260729 204120.492 INFO             PET0 !!!!!!!!!!!!!!!!!!!!!!!!!!!!!!!!!!!!!!!!!!!!!!!!!!!!!!
20260729 204120.492 INFO             PET0 Running with ESMF Version   : develop+g6f2cfc7ce0
20260729 204120.492 INFO             PET0 ESMF library build date/time: "Jul 29 2026" "20:16:28"
20260729 204120.492 INFO             PET0 ESMF library build location : /usr/local/esmf/esmf-testing/nagclang_7.2.44_17.0.0_openmpi_O_develop/esmf
20260729 204120.492 INFO             PET0 ESMF_COMM                   : openmpi
20260729 204120.492 INFO             PET0 ESMF_MOAB                   : enabled
20260729 204120.492 INFO             PET0 ESMF_LAPACK                 : enabled
20260729 204120.492 INFO             PET0 ESMF_NETCDF                 : enabled
20260729 204120.492 INFO             PET0 ESMF_PNETCDF                : disabled
20260729 204120.493 INFO             PET0 ESMF_PIO                    : enabled
20260729 204120.493 INFO             PET0 ESMF_YAMLCPP                : enabled
20260729 204120.496 INFO             PET0  NUMBER_OF_PROCESSORS 1
20260729 204120.496 INFO             PET0  PASS  Example ESMF_TimeEx, ESMF_TimeEx.F90, line 141
20260729 204120.496 INFO             PET0  Finalizing ESMF
