2026-07-20 05:11:21
20260720 053612.367 INFO             PET0 !!!!!!!!!!!!!!!!!!!!!!!!!!!!!!!!!!!!!!!!!!!!!!!!!!!!!!
20260720 053612.379 INFO             PET0 !!! THE ESMF_LOG IS SET TO OUTPUT ALL LOG MESSAGES !!!
20260720 053612.379 INFO             PET0 !!!     THIS MAY CAUSE SLOWDOWN IN PERFORMANCE     !!!
20260720 053612.379 INFO             PET0 !!! FOR PRODUCTION RUNS, USE:                      !!!
20260720 053612.379 INFO             PET0 !!!                   ESMF_LOGKIND_Multi_On_Error  !!!
20260720 053612.379 INFO             PET0 !!!!!!!!!!!!!!!!!!!!!!!!!!!!!!!!!!!!!!!!!!!!!!!!!!!!!!
20260720 053612.379 INFO             PET0 Running with ESMF Version   : feature/refresh-bmauer-c_dynmask_interface+ge25f8e989b
20260720 053612.379 INFO             PET0 ESMF library build date/time: "Jul 20 2026" "05:10:03"
20260720 053612.379 INFO             PET0 ESMF library build location : /usr/local/esmf/esmf-testing/gfortran_14.2.0_mpich_O_feature_refresh-bmauer-c_dynmask_interface/esmf
20260720 053612.379 INFO             PET0 ESMF_COMM                   : mpich
20260720 053612.379 INFO             PET0 ESMF_MOAB                   : enabled
20260720 053612.379 INFO             PET0 ESMF_LAPACK                 : enabled
20260720 053612.379 INFO             PET0 ESMF_NETCDF                 : enabled
20260720 053612.379 INFO             PET0 ESMF_PNETCDF                : disabled
20260720 053612.379 INFO             PET0 ESMF_PIO                    : enabled
20260720 053612.379 INFO             PET0 ESMF_YAMLCPP                : enabled
20260720 053612.393 INFO             PET0  NUMBER_OF_PROCESSORS           4
20260720 053612.393 INFO             PET0  PASS  Example ESMF_VMUserMpiCommMultiEx, ESMF_VMUserMpiCommMultiEx.F90, line 126
20260720 053612.393 INFO             PET0  Finalizing ESMF with endflag==ESMF_END_KEEPMPI
20260720 053612.366 INFO             PET0 !!!!!!!!!!!!!!!!!!!!!!!!!!!!!!!!!!!!!!!!!!!!!!!!!!!!!!
20260720 053612.379 INFO             PET0 !!! THE ESMF_LOG IS SET TO OUTPUT ALL LOG MESSAGES !!!
20260720 053612.379 INFO             PET0 !!!     THIS MAY CAUSE SLOWDOWN IN PERFORMANCE     !!!
20260720 053612.379 INFO             PET0 !!! FOR PRODUCTION RUNS, USE:                      !!!
20260720 053612.379 INFO             PET0 !!!                   ESMF_LOGKIND_Multi_On_Error  !!!
20260720 053612.379 INFO             PET0 !!!!!!!!!!!!!!!!!!!!!!!!!!!!!!!!!!!!!!!!!!!!!!!!!!!!!!
20260720 053612.379 INFO             PET0 Running with ESMF Version   : feature/refresh-bmauer-c_dynmask_interface+ge25f8e989b
20260720 053612.379 INFO             PET0 ESMF library build date/time: "Jul 20 2026" "05:10:03"
20260720 053612.379 INFO             PET0 ESMF library build location : /usr/local/esmf/esmf-testing/gfortran_14.2.0_mpich_O_feature_refresh-bmauer-c_dynmask_interface/esmf
20260720 053612.379 INFO             PET0 ESMF_COMM                   : mpich
20260720 053612.379 INFO             PET0 ESMF_MOAB                   : enabled
20260720 053612.379 INFO             PET0 ESMF_LAPACK                 : enabled
20260720 053612.379 INFO             PET0 ESMF_NETCDF                 : enabled
20260720 053612.379 INFO             PET0 ESMF_PNETCDF                : disabled
20260720 053612.379 INFO             PET0 ESMF_PIO                    : enabled
20260720 053612.379 INFO             PET0 ESMF_YAMLCPP                : enabled
20260720 053612.396 INFO             PET0  NUMBER_OF_PROCESSORS           4
20260720 053612.396 INFO             PET0  PASS  Example ESMF_VMUserMpiCommMultiEx, ESMF_VMUserMpiCommMultiEx.F90, line 154
20260720 053612.396 INFO             PET0  Finalizing ESMF with endflag==ESMF_END_KEEPMPI
20260720 053612.366 INFO             PET1 !!!!!!!!!!!!!!!!!!!!!!!!!!!!!!!!!!!!!!!!!!!!!!!!!!!!!!
20260720 053612.375 INFO             PET1 !!! THE ESMF_LOG IS SET TO OUTPUT ALL LOG MESSAGES !!!
20260720 053612.375 INFO             PET1 !!!     THIS MAY CAUSE SLOWDOWN IN PERFORMANCE     !!!
20260720 053612.375 INFO             PET1 !!! FOR PRODUCTION RUNS, USE:                      !!!
20260720 053612.375 INFO             PET1 !!!                   ESMF_LOGKIND_Multi_On_Error  !!!
20260720 053612.375 INFO             PET1 !!!!!!!!!!!!!!!!!!!!!!!!!!!!!!!!!!!!!!!!!!!!!!!!!!!!!!
20260720 053612.375 INFO             PET1 Running with ESMF Version   : feature/refresh-bmauer-c_dynmask_interface+ge25f8e989b
20260720 053612.375 INFO             PET1 ESMF library build date/time: "Jul 20 2026" "05:10:03"
20260720 053612.375 INFO             PET1 ESMF library build location : /usr/local/esmf/esmf-testing/gfortran_14.2.0_mpich_O_feature_refresh-bmauer-c_dynmask_interface/esmf
20260720 053612.375 INFO             PET1 ESMF_COMM                   : mpich
20260720 053612.375 INFO             PET1 ESMF_MOAB                   : enabled
20260720 053612.375 INFO             PET1 ESMF_LAPACK                 : enabled
20260720 053612.375 INFO             PET1 ESMF_NETCDF                 : enabled
20260720 053612.375 INFO             PET1 ESMF_PNETCDF                : disabled
20260720 053612.375 INFO             PET1 ESMF_PIO                    : enabled
20260720 053612.375 INFO             PET1 ESMF_YAMLCPP                : enabled
20260720 053612.393 INFO             PET1  NUMBER_OF_PROCESSORS           4
20260720 053612.393 INFO             PET1  PASS  Example ESMF_VMUserMpiCommMultiEx, ESMF_VMUserMpiCommMultiEx.F90, line 126
20260720 053612.393 INFO             PET1  Finalizing ESMF with endflag==ESMF_END_KEEPMPI
20260720 053612.366 INFO             PET1 !!!!!!!!!!!!!!!!!!!!!!!!!!!!!!!!!!!!!!!!!!!!!!!!!!!!!!
20260720 053612.379 INFO             PET1 !!! THE ESMF_LOG IS SET TO OUTPUT ALL LOG MESSAGES !!!
20260720 053612.379 INFO             PET1 !!!     THIS MAY CAUSE SLOWDOWN IN PERFORMANCE     !!!
20260720 053612.379 INFO             PET1 !!! FOR PRODUCTION RUNS, USE:                      !!!
20260720 053612.379 INFO             PET1 !!!                   ESMF_LOGKIND_Multi_On_Error  !!!
20260720 053612.379 INFO             PET1 !!!!!!!!!!!!!!!!!!!!!!!!!!!!!!!!!!!!!!!!!!!!!!!!!!!!!!
20260720 053612.379 INFO             PET1 Running with ESMF Version   : feature/refresh-bmauer-c_dynmask_interface+ge25f8e989b
20260720 053612.379 INFO             PET1 ESMF library build date/time: "Jul 20 2026" "05:10:03"
20260720 053612.379 INFO             PET1 ESMF library build location : /usr/local/esmf/esmf-testing/gfortran_14.2.0_mpich_O_feature_refresh-bmauer-c_dynmask_interface/esmf
20260720 053612.379 INFO             PET1 ESMF_COMM                   : mpich
20260720 053612.379 INFO             PET1 ESMF_MOAB                   : enabled
20260720 053612.379 INFO             PET1 ESMF_LAPACK                 : enabled
20260720 053612.379 INFO             PET1 ESMF_NETCDF                 : enabled
20260720 053612.379 INFO             PET1 ESMF_PNETCDF                : disabled
20260720 053612.379 INFO             PET1 ESMF_PIO                    : enabled
20260720 053612.379 INFO             PET1 ESMF_YAMLCPP                : enabled
20260720 053612.396 INFO             PET1  NUMBER_OF_PROCESSORS           4
20260720 053612.396 INFO             PET1  PASS  Example ESMF_VMUserMpiCommMultiEx, ESMF_VMUserMpiCommMultiEx.F90, line 154
20260720 053612.396 INFO             PET1  Finalizing ESMF with endflag==ESMF_END_KEEPMPI
