2026-06-17 03:40:21
 Somewhat of a SILLY @$^@_ label
 finalCalculation               
 dummy output from attached method 
  PASS  Example ESMF_AttachMethodsEx, ESMF_AttachMethodsEx.F90, line 292
 Somewhat of a SILLY @$^@_ label
 Somewhat of a SILLY @$^@_ label
 finalCalculation               
 dummy output from attached method 
 Somewhat of a SILLY @$^@_ label
 finalCalculation               
 dummy output from attached method 
 finalCalculation               
 dummy output from attached method 
  PASS  Example ESMF_AttachMethodsEx, ESMF_AttachMethodsEx.F90, line 292
  PASS  Example ESMF_AttachMethodsEx, ESMF_AttachMethodsEx.F90, line 292
  PASS  Example ESMF_AttachMethodsEx, ESMF_AttachMethodsEx.F90, line 292
[WARNING] yaksa: 10 leaked handle pool objects
 PASS: ESMF_AttachMethodsEx.F90
[WARNING] yaksa: 10 leaked handle pool objects
 PASS: ESMF_AttachMethodsEx.F90
[WARNING] yaksa: 10 leaked handle pool objects
 PASS: ESMF_AttachMethodsEx.F90
[WARNING] yaksa: 10 leaked handle pool objects
 PASS: ESMF_AttachMethodsEx.F90
