 
Installing ESMF:
 
mkdir -p /Users/theurich/ESMF-Nightly-Testing/nagclang_7.2.44_17.0.0_mpiuni_O_feature_abstract-interfaces/esmf/DEFAULTINSTALLDIR/include
cp -f /Users/theurich/ESMF-Nightly-Testing/nagclang_7.2.44_17.0.0_mpiuni_O_feature_abstract-interfaces/esmf/src/include/NUOPC.h /Users/theurich/ESMF-Nightly-Testing/nagclang_7.2.44_17.0.0_mpiuni_O_feature_abstract-interfaces/esmf/DEFAULTINSTALLDIR/include
cp -f /Users/theurich/ESMF-Nightly-Testing/nagclang_7.2.44_17.0.0_mpiuni_O_feature_abstract-interfaces/esmf/src/include/ESMC.h /Users/theurich/ESMF-Nightly-Testing/nagclang_7.2.44_17.0.0_mpiuni_O_feature_abstract-interfaces/esmf/DEFAULTINSTALLDIR/include
cp -f /Users/theurich/ESMF-Nightly-Testing/nagclang_7.2.44_17.0.0_mpiuni_O_feature_abstract-interfaces/esmf/src/include/ESMC_*.h /Users/theurich/ESMF-Nightly-Testing/nagclang_7.2.44_17.0.0_mpiuni_O_feature_abstract-interfaces/esmf/DEFAULTINSTALLDIR/include
cp -f /Users/theurich/ESMF-Nightly-Testing/nagclang_7.2.44_17.0.0_mpiuni_O_feature_abstract-interfaces/esmf/build_config/Darwin.nagclang.default/ESMC_Conf.h /Users/theurich/ESMF-Nightly-Testing/nagclang_7.2.44_17.0.0_mpiuni_O_feature_abstract-interfaces/esmf/DEFAULTINSTALLDIR/include
cp -fr /Users/theurich/ESMF-Nightly-Testing/nagclang_7.2.44_17.0.0_mpiuni_O_feature_abstract-interfaces/esmf/src/addon/ESMX /Users/theurich/ESMF-Nightly-Testing/nagclang_7.2.44_17.0.0_mpiuni_O_feature_abstract-interfaces/esmf/DEFAULTINSTALLDIR/include
mkdir -p /Users/theurich/ESMF-Nightly-Testing/nagclang_7.2.44_17.0.0_mpiuni_O_feature_abstract-interfaces/esmf/DEFAULTINSTALLDIR/cmake
cp -f /Users/theurich/ESMF-Nightly-Testing/nagclang_7.2.44_17.0.0_mpiuni_O_feature_abstract-interfaces/esmf/cmake/FindESMF.cmake /Users/theurich/ESMF-Nightly-Testing/nagclang_7.2.44_17.0.0_mpiuni_O_feature_abstract-interfaces/esmf/DEFAULTINSTALLDIR/cmake
mkdir -p /Users/theurich/ESMF-Nightly-Testing/nagclang_7.2.44_17.0.0_mpiuni_O_feature_abstract-interfaces/esmf/DEFAULTINSTALLDIR/mod/modO/Darwin.nagclang.64.mpiuni.default
cp -f /Users/theurich/ESMF-Nightly-Testing/nagclang_7.2.44_17.0.0_mpiuni_O_feature_abstract-interfaces/esmf/mod/modO/Darwin.nagclang.64.mpiuni.default/*.mod /Users/theurich/ESMF-Nightly-Testing/nagclang_7.2.44_17.0.0_mpiuni_O_feature_abstract-interfaces/esmf/DEFAULTINSTALLDIR/mod/modO/Darwin.nagclang.64.mpiuni.default
mkdir -p /Users/theurich/ESMF-Nightly-Testing/nagclang_7.2.44_17.0.0_mpiuni_O_feature_abstract-interfaces/esmf/DEFAULTINSTALLDIR/lib/libO/Darwin.nagclang.64.mpiuni.default
cp -f /Users/theurich/ESMF-Nightly-Testing/nagclang_7.2.44_17.0.0_mpiuni_O_feature_abstract-interfaces/esmf/lib/libO/Darwin.nagclang.64.mpiuni.default/libesmf*.* /Users/theurich/ESMF-Nightly-Testing/nagclang_7.2.44_17.0.0_mpiuni_O_feature_abstract-interfaces/esmf/DEFAULTINSTALLDIR/lib/libO/Darwin.nagclang.64.mpiuni.default
cp -f /Users/theurich/ESMF-Nightly-Testing/nagclang_7.2.44_17.0.0_mpiuni_O_feature_abstract-interfaces/esmf/lib/libO/Darwin.nagclang.64.mpiuni.default/libpioc.* /Users/theurich/ESMF-Nightly-Testing/nagclang_7.2.44_17.0.0_mpiuni_O_feature_abstract-interfaces/esmf/DEFAULTINSTALLDIR/lib/libO/Darwin.nagclang.64.mpiuni.default
make ESMF_PRELOADDIR=/Users/theurich/ESMF-Nightly-Testing/nagclang_7.2.44_17.0.0_mpiuni_O_feature_abstract-interfaces/esmf/DEFAULTINSTALLDIR/lib/libO/Darwin.nagclang.64.mpiuni.default build_preload_script
make[1]: Entering directory '/Users/theurich/ESMF-Nightly-Testing/nagclang_7.2.44_17.0.0_mpiuni_O_feature_abstract-interfaces/esmf'
chmod 755 /Users/theurich/ESMF-Nightly-Testing/nagclang_7.2.44_17.0.0_mpiuni_O_feature_abstract-interfaces/esmf/DEFAULTINSTALLDIR/lib/libO/Darwin.nagclang.64.mpiuni.default/preload.sh
make[1]: Leaving directory '/Users/theurich/ESMF-Nightly-Testing/nagclang_7.2.44_17.0.0_mpiuni_O_feature_abstract-interfaces/esmf'
ranlib /Users/theurich/ESMF-Nightly-Testing/nagclang_7.2.44_17.0.0_mpiuni_O_feature_abstract-interfaces/esmf/DEFAULTINSTALLDIR/lib/libO/Darwin.nagclang.64.mpiuni.default/libesmf*.a
make install_apps
make[1]: Entering directory '/Users/theurich/ESMF-Nightly-Testing/nagclang_7.2.44_17.0.0_mpiuni_O_feature_abstract-interfaces/esmf'
mkdir -p /Users/theurich/ESMF-Nightly-Testing/nagclang_7.2.44_17.0.0_mpiuni_O_feature_abstract-interfaces/esmf/DEFAULTINSTALLDIR/bin/binO/Darwin.nagclang.64.mpiuni.default
make build_apps ESMF_APPSDIR=/Users/theurich/ESMF-Nightly-Testing/nagclang_7.2.44_17.0.0_mpiuni_O_feature_abstract-interfaces/esmf/DEFAULTINSTALLDIR/bin/binO/Darwin.nagclang.64.mpiuni.default ESMF_LDIR=/Users/theurich/ESMF-Nightly-Testing/nagclang_7.2.44_17.0.0_mpiuni_O_feature_abstract-interfaces/esmf/DEFAULTINSTALLDIR/lib/libO/Darwin.nagclang.64.mpiuni.default ESMF_LIBDIR=/Users/theurich/ESMF-Nightly-Testing/nagclang_7.2.44_17.0.0_mpiuni_O_feature_abstract-interfaces/esmf/DEFAULTINSTALLDIR/lib/libO/Darwin.nagclang.64.mpiuni.default ESMF_MODDIR=/Users/theurich/ESMF-Nightly-Testing/nagclang_7.2.44_17.0.0_mpiuni_O_feature_abstract-interfaces/esmf/DEFAULTINSTALLDIR/mod/modO/Darwin.nagclang.64.mpiuni.default
make[2]: Entering directory '/Users/theurich/ESMF-Nightly-Testing/nagclang_7.2.44_17.0.0_mpiuni_O_feature_abstract-interfaces/esmf'
cd /Users/theurich/ESMF-Nightly-Testing/nagclang_7.2.44_17.0.0_mpiuni_O_feature_abstract-interfaces/esmf/src/apps; make ACTION=tree_build_apps tree
make[3]: Entering directory '/Users/theurich/ESMF-Nightly-Testing/nagclang_7.2.44_17.0.0_mpiuni_O_feature_abstract-interfaces/esmf/src/apps'
tree_build_apps in: /Users/theurich/ESMF-Nightly-Testing/nagclang_7.2.44_17.0.0_mpiuni_O_feature_abstract-interfaces/esmf/src/apps/ESMF_PrintInfo
make[4]: Entering directory '/Users/theurich/ESMF-Nightly-Testing/nagclang_7.2.44_17.0.0_mpiuni_O_feature_abstract-interfaces/esmf/src/apps/ESMF_PrintInfo'
make chkdir_locobj
make[5]: Entering directory '/Users/theurich/ESMF-Nightly-Testing/nagclang_7.2.44_17.0.0_mpiuni_O_feature_abstract-interfaces/esmf/src/apps/ESMF_PrintInfo'
Making directory /Users/theurich/ESMF-Nightly-Testing/nagclang_7.2.44_17.0.0_mpiuni_O_feature_abstract-interfaces/esmf/obj/objO/Darwin.nagclang.64.mpiuni.default/src/apps/ESMF_PrintInfo for apps output
make[5]: Leaving directory '/Users/theurich/ESMF-Nightly-Testing/nagclang_7.2.44_17.0.0_mpiuni_O_feature_abstract-interfaces/esmf/src/apps/ESMF_PrintInfo'
nagfor -c -O0  -PIC -DESMF_NAG_UNIX_MODULE -dusty -thread_safe -I/Users/theurich/ESMF-Nightly-Testing/nagclang_7.2.44_17.0.0_mpiuni_O_feature_abstract-interfaces/esmf/src/apps/ESMF_PrintInfo -I/Users/theurich/ESMF-Nightly-Testing/nagclang_7.2.44_17.0.0_mpiuni_O_feature_abstract-interfaces/esmf/build_config/Darwin.nagclang.default -I/Users/theurich/ESMF-Nightly-Testing/nagclang_7.2.44_17.0.0_mpiuni_O_feature_abstract-interfaces/esmf/src/Infrastructure -I/Users/theurich/ESMF-Nightly-Testing/nagclang_7.2.44_17.0.0_mpiuni_O_feature_abstract-interfaces/esmf/src/Superstructure -I/Users/theurich/ESMF-Nightly-Testing/nagclang_7.2.44_17.0.0_mpiuni_O_feature_abstract-interfaces/esmf/DEFAULTINSTALLDIR/mod/modO/Darwin.nagclang.64.mpiuni.default -I/Users/theurich/ESMF-Nightly-Testing/nagclang_7.2.44_17.0.0_mpiuni_O_feature_abstract-interfaces/esmf/src/include -I/usr/local/esmf/spack/opt/spack/darwin-m1/netcdf-c-4.9.3-hth7a6zrg22od5cqfg7xdlfv4owccsef/include -I/usr/local/esmf/spack/opt/spack/darwin-m1/netcdf-fortran-4.6.2-oboy4y33rs5gaeni7sp6vivucyq4mq2j/include -free -fpp -DESMF_NO_INTEGER_1_BYTE -DESMF_NO_INTEGER_2_BYTE -DESMF_VERSION_STRING_GIT='"feature/abstract-interfaces+g925809925b"' -DESMF_MPIUNI -I/Users/theurich/ESMF-Nightly-Testing/nagclang_7.2.44_17.0.0_mpiuni_O_feature_abstract-interfaces/esmf/src/Infrastructure/stubs/mpiuni -DESMF_MOAB=1 -DESMF_LAPACK=1 -DESMF_LAPACK_INTERNAL=1 -DESMF_NO_ACC_SOFTWARE_STACK=1 -DESMF_PIO=1 -DESMF_NETCDF=1 -DESMF_YAMLCPP=1 -DESMF_YAML=1 -DESMF_NO_OPENMP -DESMF_NO_OPENACC -DESMF_TESTEXHAUSTIVE -DESMF_BOPT_O -DESMF_TESTPERFORMANCE -DESMF_TESTCOMPTUNNEL -DESMF_TESTWITHTHREADS -DS64=1 -DESMF_OS_Darwin=1 -DESMF_COMM=mpiuni -DESMF_DIR=/Users/theurich/ESMF-Nightly-Testing/nagclang_7.2.44_17.0.0_mpiuni_O_feature_abstract-interfaces/esmf ESMF_PrintInfo.F90 -o /Users/theurich/ESMF-Nightly-Testing/nagclang_7.2.44_17.0.0_mpiuni_O_feature_abstract-interfaces/esmf/obj/objO/Darwin.nagclang.64.mpiuni.default/src/apps/ESMF_PrintInfo/ESMF_PrintInfo.o
NAG Fortran Compiler Release 7.2(Shin-Urayasu) Build 7244
Warning: ESMF_PrintInfo.F90, line 95: Unused local variable ARGFLAG
Warning: ESMF_PrintInfo.F90, line 95: Unused local variable ARGINDEX
[NAG Fortran Compiler normal termination, 2 warnings]
make chkdir_apps
make[5]: Entering directory '/Users/theurich/ESMF-Nightly-Testing/nagclang_7.2.44_17.0.0_mpiuni_O_feature_abstract-interfaces/esmf/src/apps/ESMF_PrintInfo'
make[5]: Leaving directory '/Users/theurich/ESMF-Nightly-Testing/nagclang_7.2.44_17.0.0_mpiuni_O_feature_abstract-interfaces/esmf/src/apps/ESMF_PrintInfo'
nagfor   -thread_safe -L/Users/theurich/ESMF-Nightly-Testing/nagclang_7.2.44_17.0.0_mpiuni_O_feature_abstract-interfaces/esmf/DEFAULTINSTALLDIR/lib/libO/Darwin.nagclang.64.mpiuni.default -L/usr/local/esmf/spack/opt/spack/darwin-m1/netcdf-c-4.9.3-hth7a6zrg22od5cqfg7xdlfv4owccsef/lib -L/usr/local/esmf/spack/opt/spack/darwin-m1/netcdf-fortran-4.6.2-oboy4y33rs5gaeni7sp6vivucyq4mq2j/lib -Wl,-rpath,/Users/theurich/ESMF-Nightly-Testing/nagclang_7.2.44_17.0.0_mpiuni_O_feature_abstract-interfaces/esmf/DEFAULTINSTALLDIR/lib/libO/Darwin.nagclang.64.mpiuni.default  -Wl,-rpath,/usr/local/esmf/spack/opt/spack/darwin-m1/netcdf-c-4.9.3-hth7a6zrg22od5cqfg7xdlfv4owccsef/lib -Wl,-rpath,/usr/local/esmf/spack/opt/spack/darwin-m1/netcdf-fortran-4.6.2-oboy4y33rs5gaeni7sp6vivucyq4mq2j/lib -o /Users/theurich/ESMF-Nightly-Testing/nagclang_7.2.44_17.0.0_mpiuni_O_feature_abstract-interfaces/esmf/DEFAULTINSTALLDIR/bin/binO/Darwin.nagclang.64.mpiuni.default/ESMF_PrintInfo /Users/theurich/ESMF-Nightly-Testing/nagclang_7.2.44_17.0.0_mpiuni_O_feature_abstract-interfaces/esmf/obj/objO/Darwin.nagclang.64.mpiuni.default/src/apps/ESMF_PrintInfo/ESMF_PrintInfo.o -lesmf -lpioc -lnetcdf -lnetcdff -lnetcdf -lnetcdf -lm -lstdc++
NAG Fortran Compiler Release 7.2(Shin-Urayasu) Build 7244
ld: warning: ignoring duplicate libraries: '-lm', '-lnetcdf'
make[4]: Leaving directory '/Users/theurich/ESMF-Nightly-Testing/nagclang_7.2.44_17.0.0_mpiuni_O_feature_abstract-interfaces/esmf/src/apps/ESMF_PrintInfo'
tree_build_apps in: /Users/theurich/ESMF-Nightly-Testing/nagclang_7.2.44_17.0.0_mpiuni_O_feature_abstract-interfaces/esmf/src/apps/ESMF_PrintInfoC
make[4]: Entering directory '/Users/theurich/ESMF-Nightly-Testing/nagclang_7.2.44_17.0.0_mpiuni_O_feature_abstract-interfaces/esmf/src/apps/ESMF_PrintInfoC'
make chkdir_locobj
make[5]: Entering directory '/Users/theurich/ESMF-Nightly-Testing/nagclang_7.2.44_17.0.0_mpiuni_O_feature_abstract-interfaces/esmf/src/apps/ESMF_PrintInfoC'
Making directory /Users/theurich/ESMF-Nightly-Testing/nagclang_7.2.44_17.0.0_mpiuni_O_feature_abstract-interfaces/esmf/obj/objO/Darwin.nagclang.64.mpiuni.default/src/apps/ESMF_PrintInfoC for apps output
make[5]: Leaving directory '/Users/theurich/ESMF-Nightly-Testing/nagclang_7.2.44_17.0.0_mpiuni_O_feature_abstract-interfaces/esmf/src/apps/ESMF_PrintInfoC'
clang -c -std=c99 -O0 -DNDEBUG  -fPIC -pthread -I/Users/theurich/ESMF-Nightly-Testing/nagclang_7.2.44_17.0.0_mpiuni_O_feature_abstract-interfaces/esmf/src/apps/ESMF_PrintInfoC -I/Users/theurich/ESMF-Nightly-Testing/nagclang_7.2.44_17.0.0_mpiuni_O_feature_abstract-interfaces/esmf/src/apps/ESMF_PrintInfoC/../include -I/Users/theurich/ESMF-Nightly-Testing/nagclang_7.2.44_17.0.0_mpiuni_O_feature_abstract-interfaces/esmf/build_config/Darwin.nagclang.default -I/Users/theurich/ESMF-Nightly-Testing/nagclang_7.2.44_17.0.0_mpiuni_O_feature_abstract-interfaces/esmf/src/Infrastructure -I/Users/theurich/ESMF-Nightly-Testing/nagclang_7.2.44_17.0.0_mpiuni_O_feature_abstract-interfaces/esmf/src/Superstructure -I/Users/theurich/ESMF-Nightly-Testing/nagclang_7.2.44_17.0.0_mpiuni_O_feature_abstract-interfaces/esmf/src/include   -DESMF_NO_INTEGER_1_BYTE -DESMF_NO_INTEGER_2_BYTE -DESMF_VERSION_STRING_GIT='"feature/abstract-interfaces+g925809925b"' -DESMF_MPIUNI -I/Users/theurich/ESMF-Nightly-Testing/nagclang_7.2.44_17.0.0_mpiuni_O_feature_abstract-interfaces/esmf/src/Infrastructure/stubs/mpiuni -DESMF_MOAB=1 -DESMF_LAPACK=1 -DESMF_LAPACK_INTERNAL=1 -DESMF_NO_ACC_SOFTWARE_STACK=1 -DESMF_PIO=1 -DESMF_NETCDF=1 -DESMF_YAMLCPP=1 -DESMF_YAML=1 -DESMF_NO_OPENMP -DESMF_NO_OPENACC -DESMF_TESTEXHAUSTIVE -DESMF_BOPT_O -DESMF_TESTPERFORMANCE -DESMF_TESTCOMPTUNNEL -DESMF_TESTWITHTHREADS -DS64=1 -DESMF_OS_Darwin=1 -DESMF_COMM=mpiuni -DESMF_DIR=/Users/theurich/ESMF-Nightly-Testing/nagclang_7.2.44_17.0.0_mpiuni_O_feature_abstract-interfaces/esmf -D__SDIR__='"src/apps/ESMF_PrintInfoC"' -DESMF_CSTD=99 ESMF_PrintInfoC.c -o /Users/theurich/ESMF-Nightly-Testing/nagclang_7.2.44_17.0.0_mpiuni_O_feature_abstract-interfaces/esmf/obj/objO/Darwin.nagclang.64.mpiuni.default/src/apps/ESMF_PrintInfoC/ESMF_PrintInfoC.o
make chkdir_apps
make[5]: Entering directory '/Users/theurich/ESMF-Nightly-Testing/nagclang_7.2.44_17.0.0_mpiuni_O_feature_abstract-interfaces/esmf/src/apps/ESMF_PrintInfoC'
make[5]: Leaving directory '/Users/theurich/ESMF-Nightly-Testing/nagclang_7.2.44_17.0.0_mpiuni_O_feature_abstract-interfaces/esmf/src/apps/ESMF_PrintInfoC'
clang   -pthread -L/Users/theurich/ESMF-Nightly-Testing/nagclang_7.2.44_17.0.0_mpiuni_O_feature_abstract-interfaces/esmf/DEFAULTINSTALLDIR/lib/libO/Darwin.nagclang.64.mpiuni.default -L/usr/local/esmf/spack/opt/spack/darwin-m1/netcdf-c-4.9.3-hth7a6zrg22od5cqfg7xdlfv4owccsef/lib -L/usr/local/esmf/spack/opt/spack/darwin-m1/netcdf-fortran-4.6.2-oboy4y33rs5gaeni7sp6vivucyq4mq2j/lib -L/Users/theurich/ESMF-Nightly-Testing/nagclang_7.2.44_17.0.0_mpiuni_O_feature_abstract-interfaces/esmf/DEFAULTINSTALLDIR/lib/libO/Darwin.nagclang.64.mpiuni.default -L/usr/local/esmf/spack/opt/spack/darwin-m1/netcdf-c-4.9.3-hth7a6zrg22od5cqfg7xdlfv4owccsef/lib -L/usr/local/esmf/spack/opt/spack/darwin-m1/netcdf-fortran-4.6.2-oboy4y33rs5gaeni7sp6vivucyq4mq2j/lib -Wl,-rpath,/Users/theurich/ESMF-Nightly-Testing/nagclang_7.2.44_17.0.0_mpiuni_O_feature_abstract-interfaces/esmf/DEFAULTINSTALLDIR/lib/libO/Darwin.nagclang.64.mpiuni.default -Wl,-rpath,/usr/local/esmf/spack/opt/spack/darwin-m1/netcdf-c-4.9.3-hth7a6zrg22od5cqfg7xdlfv4owccsef/lib -Wl,-rpath,/usr/local/esmf/spack/opt/spack/darwin-m1/netcdf-fortran-4.6.2-oboy4y33rs5gaeni7sp6vivucyq4mq2j/lib -Wl,-rpath,/Users/theurich/ESMF-Nightly-Testing/nagclang_7.2.44_17.0.0_mpiuni_O_feature_abstract-interfaces/esmf/DEFAULTINSTALLDIR/lib/libO/Darwin.nagclang.64.mpiuni.default -Wl,-rpath,/usr/local/esmf/spack/opt/spack/darwin-m1/netcdf-c-4.9.3-hth7a6zrg22od5cqfg7xdlfv4owccsef/lib -Wl,-rpath,/usr/local/esmf/spack/opt/spack/darwin-m1/netcdf-fortran-4.6.2-oboy4y33rs5gaeni7sp6vivucyq4mq2j/lib -o /Users/theurich/ESMF-Nightly-Testing/nagclang_7.2.44_17.0.0_mpiuni_O_feature_abstract-interfaces/esmf/DEFAULTINSTALLDIR/bin/binO/Darwin.nagclang.64.mpiuni.default/ESMF_PrintInfoC /Users/theurich/ESMF-Nightly-Testing/nagclang_7.2.44_17.0.0_mpiuni_O_feature_abstract-interfaces/esmf/obj/objO/Darwin.nagclang.64.mpiuni.default/src/apps/ESMF_PrintInfoC/ESMF_PrintInfoC.o -lesmf -lpioc -lnetcdf -lnetcdff -lnetcdf -lnetcdf -lm /usr/local/lib/NAG_Fortran/quickfit.o -Xlinker -flat_namespace -Xlinker -rpath -Xlinker /usr/local/lib/NAG_Fortran /usr/local/lib/NAG_Fortran/libf72rts.dylib /usr/local/lib/NAG_Fortran/libf72rts.a -lm -lpioc -lnetcdf -lnetcdff -lnetcdf -lnetcdf -lm -lstdc++
ld: warning: duplicate -rpath '/Users/theurich/ESMF-Nightly-Testing/nagclang_7.2.44_17.0.0_mpiuni_O_feature_abstract-interfaces/esmf/DEFAULTINSTALLDIR/lib/libO/Darwin.nagclang.64.mpiuni.default' ignored
ld: warning: duplicate -rpath '/usr/local/esmf/spack/opt/spack/darwin-m1/netcdf-c-4.9.3-hth7a6zrg22od5cqfg7xdlfv4owccsef/lib' ignored
ld: warning: duplicate -rpath '/usr/local/esmf/spack/opt/spack/darwin-m1/netcdf-fortran-4.6.2-oboy4y33rs5gaeni7sp6vivucyq4mq2j/lib' ignored
ld: warning: ignoring duplicate libraries: '-lm', '-lnetcdf', '-lnetcdff', '-lpioc'
make[4]: Leaving directory '/Users/theurich/ESMF-Nightly-Testing/nagclang_7.2.44_17.0.0_mpiuni_O_feature_abstract-interfaces/esmf/src/apps/ESMF_PrintInfoC'
tree_build_apps in: /Users/theurich/ESMF-Nightly-Testing/nagclang_7.2.44_17.0.0_mpiuni_O_feature_abstract-interfaces/esmf/src/apps/ESMF_RegridWeightGen
make[4]: Entering directory '/Users/theurich/ESMF-Nightly-Testing/nagclang_7.2.44_17.0.0_mpiuni_O_feature_abstract-interfaces/esmf/src/apps/ESMF_RegridWeightGen'
make chkdir_locobj
make[5]: Entering directory '/Users/theurich/ESMF-Nightly-Testing/nagclang_7.2.44_17.0.0_mpiuni_O_feature_abstract-interfaces/esmf/src/apps/ESMF_RegridWeightGen'
Making directory /Users/theurich/ESMF-Nightly-Testing/nagclang_7.2.44_17.0.0_mpiuni_O_feature_abstract-interfaces/esmf/obj/objO/Darwin.nagclang.64.mpiuni.default/src/apps/ESMF_RegridWeightGen for apps output
make[5]: Leaving directory '/Users/theurich/ESMF-Nightly-Testing/nagclang_7.2.44_17.0.0_mpiuni_O_feature_abstract-interfaces/esmf/src/apps/ESMF_RegridWeightGen'
nagfor -c -O0  -PIC -DESMF_NAG_UNIX_MODULE -dusty -thread_safe -I/Users/theurich/ESMF-Nightly-Testing/nagclang_7.2.44_17.0.0_mpiuni_O_feature_abstract-interfaces/esmf/src/apps/ESMF_RegridWeightGen -I/Users/theurich/ESMF-Nightly-Testing/nagclang_7.2.44_17.0.0_mpiuni_O_feature_abstract-interfaces/esmf/build_config/Darwin.nagclang.default -I/Users/theurich/ESMF-Nightly-Testing/nagclang_7.2.44_17.0.0_mpiuni_O_feature_abstract-interfaces/esmf/src/Infrastructure -I/Users/theurich/ESMF-Nightly-Testing/nagclang_7.2.44_17.0.0_mpiuni_O_feature_abstract-interfaces/esmf/src/Superstructure -I/Users/theurich/ESMF-Nightly-Testing/nagclang_7.2.44_17.0.0_mpiuni_O_feature_abstract-interfaces/esmf/DEFAULTINSTALLDIR/mod/modO/Darwin.nagclang.64.mpiuni.default -I/Users/theurich/ESMF-Nightly-Testing/nagclang_7.2.44_17.0.0_mpiuni_O_feature_abstract-interfaces/esmf/src/include -I/usr/local/esmf/spack/opt/spack/darwin-m1/netcdf-c-4.9.3-hth7a6zrg22od5cqfg7xdlfv4owccsef/include -I/usr/local/esmf/spack/opt/spack/darwin-m1/netcdf-fortran-4.6.2-oboy4y33rs5gaeni7sp6vivucyq4mq2j/include -free -fpp -DESMF_NO_INTEGER_1_BYTE -DESMF_NO_INTEGER_2_BYTE -DESMF_VERSION_STRING_GIT='"feature/abstract-interfaces+g925809925b"' -DESMF_MPIUNI -I/Users/theurich/ESMF-Nightly-Testing/nagclang_7.2.44_17.0.0_mpiuni_O_feature_abstract-interfaces/esmf/src/Infrastructure/stubs/mpiuni -DESMF_MOAB=1 -DESMF_LAPACK=1 -DESMF_LAPACK_INTERNAL=1 -DESMF_NO_ACC_SOFTWARE_STACK=1 -DESMF_PIO=1 -DESMF_NETCDF=1 -DESMF_YAMLCPP=1 -DESMF_YAML=1 -DESMF_NO_OPENMP -DESMF_NO_OPENACC -DESMF_TESTEXHAUSTIVE -DESMF_BOPT_O -DESMF_TESTPERFORMANCE -DESMF_TESTCOMPTUNNEL -DESMF_TESTWITHTHREADS -DS64=1 -DESMF_OS_Darwin=1 -DESMF_COMM=mpiuni -DESMF_DIR=/Users/theurich/ESMF-Nightly-Testing/nagclang_7.2.44_17.0.0_mpiuni_O_feature_abstract-interfaces/esmf ESMF_RegridWeightGen.F90 -o /Users/theurich/ESMF-Nightly-Testing/nagclang_7.2.44_17.0.0_mpiuni_O_feature_abstract-interfaces/esmf/obj/objO/Darwin.nagclang.64.mpiuni.default/src/apps/ESMF_RegridWeightGen/ESMF_RegridWeightGen.o
NAG Fortran Compiler Release 7.2(Shin-Urayasu) Build 7244
Warning: ESMF_RegridWeightGen.F90, line 1528: Unused local variable ARGVALUE
Warning: ESMF_RegridWeightGen.F90, line 1528: Unused local variable COUNT
Warning: ESMF_RegridWeightGen.F90, line 1528: Unused local variable CWD
Warning: ESMF_RegridWeightGen.F90, line 1528: Unused local variable I
Questionable: ESMF_RegridWeightGen.F90, line 1528: Variable MSGBUF set but never referenced
[NAG Fortran Compiler normal termination, 5 warnings]
make chkdir_apps
make[5]: Entering directory '/Users/theurich/ESMF-Nightly-Testing/nagclang_7.2.44_17.0.0_mpiuni_O_feature_abstract-interfaces/esmf/src/apps/ESMF_RegridWeightGen'
make[5]: Leaving directory '/Users/theurich/ESMF-Nightly-Testing/nagclang_7.2.44_17.0.0_mpiuni_O_feature_abstract-interfaces/esmf/src/apps/ESMF_RegridWeightGen'
nagfor   -thread_safe -L/Users/theurich/ESMF-Nightly-Testing/nagclang_7.2.44_17.0.0_mpiuni_O_feature_abstract-interfaces/esmf/DEFAULTINSTALLDIR/lib/libO/Darwin.nagclang.64.mpiuni.default -L/usr/local/esmf/spack/opt/spack/darwin-m1/netcdf-c-4.9.3-hth7a6zrg22od5cqfg7xdlfv4owccsef/lib -L/usr/local/esmf/spack/opt/spack/darwin-m1/netcdf-fortran-4.6.2-oboy4y33rs5gaeni7sp6vivucyq4mq2j/lib -Wl,-rpath,/Users/theurich/ESMF-Nightly-Testing/nagclang_7.2.44_17.0.0_mpiuni_O_feature_abstract-interfaces/esmf/DEFAULTINSTALLDIR/lib/libO/Darwin.nagclang.64.mpiuni.default  -Wl,-rpath,/usr/local/esmf/spack/opt/spack/darwin-m1/netcdf-c-4.9.3-hth7a6zrg22od5cqfg7xdlfv4owccsef/lib -Wl,-rpath,/usr/local/esmf/spack/opt/spack/darwin-m1/netcdf-fortran-4.6.2-oboy4y33rs5gaeni7sp6vivucyq4mq2j/lib -o /Users/theurich/ESMF-Nightly-Testing/nagclang_7.2.44_17.0.0_mpiuni_O_feature_abstract-interfaces/esmf/DEFAULTINSTALLDIR/bin/binO/Darwin.nagclang.64.mpiuni.default/ESMF_RegridWeightGen /Users/theurich/ESMF-Nightly-Testing/nagclang_7.2.44_17.0.0_mpiuni_O_feature_abstract-interfaces/esmf/obj/objO/Darwin.nagclang.64.mpiuni.default/src/apps/ESMF_RegridWeightGen/ESMF_RegridWeightGen.o -lesmf -lpioc -lnetcdf -lnetcdff -lnetcdf -lnetcdf -lm -lstdc++
NAG Fortran Compiler Release 7.2(Shin-Urayasu) Build 7244
ld: warning: ignoring duplicate libraries: '-lm', '-lnetcdf'
make[4]: Leaving directory '/Users/theurich/ESMF-Nightly-Testing/nagclang_7.2.44_17.0.0_mpiuni_O_feature_abstract-interfaces/esmf/src/apps/ESMF_RegridWeightGen'
tree_build_apps in: /Users/theurich/ESMF-Nightly-Testing/nagclang_7.2.44_17.0.0_mpiuni_O_feature_abstract-interfaces/esmf/src/apps/ESMF_WebServController
make[4]: Entering directory '/Users/theurich/ESMF-Nightly-Testing/nagclang_7.2.44_17.0.0_mpiuni_O_feature_abstract-interfaces/esmf/src/apps/ESMF_WebServController'
make chkdir_locobj
make[5]: Entering directory '/Users/theurich/ESMF-Nightly-Testing/nagclang_7.2.44_17.0.0_mpiuni_O_feature_abstract-interfaces/esmf/src/apps/ESMF_WebServController'
Making directory /Users/theurich/ESMF-Nightly-Testing/nagclang_7.2.44_17.0.0_mpiuni_O_feature_abstract-interfaces/esmf/obj/objO/Darwin.nagclang.64.mpiuni.default/src/apps/ESMF_WebServController for apps output
make[5]: Leaving directory '/Users/theurich/ESMF-Nightly-Testing/nagclang_7.2.44_17.0.0_mpiuni_O_feature_abstract-interfaces/esmf/src/apps/ESMF_WebServController'
clang++ -c -std=c++11 -O0 -DNDEBUG  -fPIC -x c++ -mmacosx-version-min=10.7 -stdlib=libc++ -pthread -I/Users/theurich/ESMF-Nightly-Testing/nagclang_7.2.44_17.0.0_mpiuni_O_feature_abstract-interfaces/esmf/src/apps/ESMF_WebServController -I/Users/theurich/ESMF-Nightly-Testing/nagclang_7.2.44_17.0.0_mpiuni_O_feature_abstract-interfaces/esmf/src/apps/ESMF_WebServController/../include -I/Users/theurich/ESMF-Nightly-Testing/nagclang_7.2.44_17.0.0_mpiuni_O_feature_abstract-interfaces/esmf/build_config/Darwin.nagclang.default -I/Users/theurich/ESMF-Nightly-Testing/nagclang_7.2.44_17.0.0_mpiuni_O_feature_abstract-interfaces/esmf/src/Infrastructure -I/Users/theurich/ESMF-Nightly-Testing/nagclang_7.2.44_17.0.0_mpiuni_O_feature_abstract-interfaces/esmf/src/Superstructure -I/Users/theurich/ESMF-Nightly-Testing/nagclang_7.2.44_17.0.0_mpiuni_O_feature_abstract-interfaces/esmf/src/Infrastructure/stubs/pthread -I/Users/theurich/ESMF-Nightly-Testing/nagclang_7.2.44_17.0.0_mpiuni_O_feature_abstract-interfaces/esmf/src/include  -I/usr/local/esmf/spack/opt/spack/darwin-m1/netcdf-c-4.9.3-hth7a6zrg22od5cqfg7xdlfv4owccsef/include -I/Users/theurich/ESMF-Nightly-Testing/nagclang_7.2.44_17.0.0_mpiuni_O_feature_abstract-interfaces/esmf/src/prologue/yaml-cpp/include -DESMF_NO_INTEGER_1_BYTE -DESMF_NO_INTEGER_2_BYTE -DESMF_VERSION_STRING_GIT='"feature/abstract-interfaces+g925809925b"' -DESMF_MPIUNI -I/Users/theurich/ESMF-Nightly-Testing/nagclang_7.2.44_17.0.0_mpiuni_O_feature_abstract-interfaces/esmf/src/Infrastructure/stubs/mpiuni -DESMF_MOAB=1 -DESMF_LAPACK=1 -DESMF_LAPACK_INTERNAL=1 -DESMF_NO_ACC_SOFTWARE_STACK=1 -DESMF_PIO=1 -DESMF_NETCDF=1 -DESMF_YAMLCPP=1 -DESMF_YAML=1 -DESMF_NO_OPENMP -DESMF_NO_OPENACC -DESMF_TESTEXHAUSTIVE -DESMF_BOPT_O -DESMF_TESTPERFORMANCE -DESMF_TESTCOMPTUNNEL -DESMF_TESTWITHTHREADS -DS64=1 -DESMF_OS_Darwin=1 -DESMF_COMM=mpiuni -DESMF_DIR=/Users/theurich/ESMF-Nightly-Testing/nagclang_7.2.44_17.0.0_mpiuni_O_feature_abstract-interfaces/esmf -D__SDIR__='"src/apps/ESMF_WebServController"' -DESMF_CXXSTD=11 ESMF_WebServController.C -o /Users/theurich/ESMF-Nightly-Testing/nagclang_7.2.44_17.0.0_mpiuni_O_feature_abstract-interfaces/esmf/obj/objO/Darwin.nagclang.64.mpiuni.default/src/apps/ESMF_WebServController/ESMF_WebServController.o
ESMF_WebServController.C:69:4: warning: 'sprintf' is deprecated: This function is provided for compatibility reasons only.  Due to security concerns inherent in the design of sprintf(3), it is highly recommended that you use snprintf(3) instead. [-Wdeprecated-declarations]
   69 |    sprintf(datestr, "%s %d, %d @ %d:%02d:%02d %s",
      |    ^
/Library/Developer/CommandLineTools/SDKs/MacOSX.sdk/usr/include/_stdio.h:278:1: note: 'sprintf' has been explicitly marked deprecated here
  278 | __deprecated_msg("This function is provided for compatibility reasons only.  Due to security concerns inherent in the design of sprintf(3), it is highly recommended that you use snprintf(3) instead.")
      | ^
/Library/Developer/CommandLineTools/SDKs/MacOSX.sdk/usr/include/sys/cdefs.h:218:48: note: expanded from macro '__deprecated_msg'
  218 |         #define __deprecated_msg(_msg) __attribute__((__deprecated__(_msg)))
      |                                                       ^
1 warning generated.
make chkdir_apps
make[5]: Entering directory '/Users/theurich/ESMF-Nightly-Testing/nagclang_7.2.44_17.0.0_mpiuni_O_feature_abstract-interfaces/esmf/src/apps/ESMF_WebServController'
make[5]: Leaving directory '/Users/theurich/ESMF-Nightly-Testing/nagclang_7.2.44_17.0.0_mpiuni_O_feature_abstract-interfaces/esmf/src/apps/ESMF_WebServController'
clang++   -pthread -L/Users/theurich/ESMF-Nightly-Testing/nagclang_7.2.44_17.0.0_mpiuni_O_feature_abstract-interfaces/esmf/DEFAULTINSTALLDIR/lib/libO/Darwin.nagclang.64.mpiuni.default -L/usr/local/esmf/spack/opt/spack/darwin-m1/netcdf-c-4.9.3-hth7a6zrg22od5cqfg7xdlfv4owccsef/lib -L/usr/local/esmf/spack/opt/spack/darwin-m1/netcdf-fortran-4.6.2-oboy4y33rs5gaeni7sp6vivucyq4mq2j/lib -Wl,-rpath,/Users/theurich/ESMF-Nightly-Testing/nagclang_7.2.44_17.0.0_mpiuni_O_feature_abstract-interfaces/esmf/DEFAULTINSTALLDIR/lib/libO/Darwin.nagclang.64.mpiuni.default  -Wl,-rpath,/usr/local/esmf/spack/opt/spack/darwin-m1/netcdf-c-4.9.3-hth7a6zrg22od5cqfg7xdlfv4owccsef/lib -Wl,-rpath,/usr/local/esmf/spack/opt/spack/darwin-m1/netcdf-fortran-4.6.2-oboy4y33rs5gaeni7sp6vivucyq4mq2j/lib -o /Users/theurich/ESMF-Nightly-Testing/nagclang_7.2.44_17.0.0_mpiuni_O_feature_abstract-interfaces/esmf/DEFAULTINSTALLDIR/bin/binO/Darwin.nagclang.64.mpiuni.default/ESMF_WebServController /Users/theurich/ESMF-Nightly-Testing/nagclang_7.2.44_17.0.0_mpiuni_O_feature_abstract-interfaces/esmf/obj/objO/Darwin.nagclang.64.mpiuni.default/src/apps/ESMF_WebServController/ESMF_WebServController.o -lesmf -lpioc -lnetcdf -lnetcdff -lnetcdf -lnetcdf -lm /usr/local/lib/NAG_Fortran/quickfit.o -Xlinker -flat_namespace -Xlinker -rpath -Xlinker /usr/local/lib/NAG_Fortran /usr/local/lib/NAG_Fortran/libf72rts.dylib /usr/local/lib/NAG_Fortran/libf72rts.a -lm
ld: warning: ignoring duplicate libraries: '-lm', '-lnetcdf'
make[4]: Leaving directory '/Users/theurich/ESMF-Nightly-Testing/nagclang_7.2.44_17.0.0_mpiuni_O_feature_abstract-interfaces/esmf/src/apps/ESMF_WebServController'
tree_build_apps in: /Users/theurich/ESMF-Nightly-Testing/nagclang_7.2.44_17.0.0_mpiuni_O_feature_abstract-interfaces/esmf/src/apps/ESMF_Scrip2Unstruct
make[4]: Entering directory '/Users/theurich/ESMF-Nightly-Testing/nagclang_7.2.44_17.0.0_mpiuni_O_feature_abstract-interfaces/esmf/src/apps/ESMF_Scrip2Unstruct'
make chkdir_locobj
make[5]: Entering directory '/Users/theurich/ESMF-Nightly-Testing/nagclang_7.2.44_17.0.0_mpiuni_O_feature_abstract-interfaces/esmf/src/apps/ESMF_Scrip2Unstruct'
Making directory /Users/theurich/ESMF-Nightly-Testing/nagclang_7.2.44_17.0.0_mpiuni_O_feature_abstract-interfaces/esmf/obj/objO/Darwin.nagclang.64.mpiuni.default/src/apps/ESMF_Scrip2Unstruct for apps output
make[5]: Leaving directory '/Users/theurich/ESMF-Nightly-Testing/nagclang_7.2.44_17.0.0_mpiuni_O_feature_abstract-interfaces/esmf/src/apps/ESMF_Scrip2Unstruct'
clang++ -c -std=c++11 -O0 -DNDEBUG  -fPIC -x c++ -mmacosx-version-min=10.7 -stdlib=libc++ -pthread -I/Users/theurich/ESMF-Nightly-Testing/nagclang_7.2.44_17.0.0_mpiuni_O_feature_abstract-interfaces/esmf/src/apps/ESMF_Scrip2Unstruct -I/Users/theurich/ESMF-Nightly-Testing/nagclang_7.2.44_17.0.0_mpiuni_O_feature_abstract-interfaces/esmf/src/apps/ESMF_Scrip2Unstruct/../include -I/Users/theurich/ESMF-Nightly-Testing/nagclang_7.2.44_17.0.0_mpiuni_O_feature_abstract-interfaces/esmf/build_config/Darwin.nagclang.default -I/Users/theurich/ESMF-Nightly-Testing/nagclang_7.2.44_17.0.0_mpiuni_O_feature_abstract-interfaces/esmf/src/Infrastructure -I/Users/theurich/ESMF-Nightly-Testing/nagclang_7.2.44_17.0.0_mpiuni_O_feature_abstract-interfaces/esmf/src/Superstructure -I/Users/theurich/ESMF-Nightly-Testing/nagclang_7.2.44_17.0.0_mpiuni_O_feature_abstract-interfaces/esmf/src/Infrastructure/stubs/pthread -I/Users/theurich/ESMF-Nightly-Testing/nagclang_7.2.44_17.0.0_mpiuni_O_feature_abstract-interfaces/esmf/src/include  -I/usr/local/esmf/spack/opt/spack/darwin-m1/netcdf-c-4.9.3-hth7a6zrg22od5cqfg7xdlfv4owccsef/include -I/Users/theurich/ESMF-Nightly-Testing/nagclang_7.2.44_17.0.0_mpiuni_O_feature_abstract-interfaces/esmf/src/prologue/yaml-cpp/include -DESMF_NO_INTEGER_1_BYTE -DESMF_NO_INTEGER_2_BYTE -DESMF_VERSION_STRING_GIT='"feature/abstract-interfaces+g925809925b"' -DESMF_MPIUNI -I/Users/theurich/ESMF-Nightly-Testing/nagclang_7.2.44_17.0.0_mpiuni_O_feature_abstract-interfaces/esmf/src/Infrastructure/stubs/mpiuni -DESMF_MOAB=1 -DESMF_LAPACK=1 -DESMF_LAPACK_INTERNAL=1 -DESMF_NO_ACC_SOFTWARE_STACK=1 -DESMF_PIO=1 -DESMF_NETCDF=1 -DESMF_YAMLCPP=1 -DESMF_YAML=1 -DESMF_NO_OPENMP -DESMF_NO_OPENACC -DESMF_TESTEXHAUSTIVE -DESMF_BOPT_O -DESMF_TESTPERFORMANCE -DESMF_TESTCOMPTUNNEL -DESMF_TESTWITHTHREADS -DS64=1 -DESMF_OS_Darwin=1 -DESMF_COMM=mpiuni -DESMF_DIR=/Users/theurich/ESMF-Nightly-Testing/nagclang_7.2.44_17.0.0_mpiuni_O_feature_abstract-interfaces/esmf -D__SDIR__='"src/apps/ESMF_Scrip2Unstruct"' -DESMF_CXXSTD=11 ESMF_Scrip2Unstruct.C -o /Users/theurich/ESMF-Nightly-Testing/nagclang_7.2.44_17.0.0_mpiuni_O_feature_abstract-interfaces/esmf/obj/objO/Darwin.nagclang.64.mpiuni.default/src/apps/ESMF_Scrip2Unstruct/ESMF_Scrip2Unstruct.o
make chkdir_apps
make[5]: Entering directory '/Users/theurich/ESMF-Nightly-Testing/nagclang_7.2.44_17.0.0_mpiuni_O_feature_abstract-interfaces/esmf/src/apps/ESMF_Scrip2Unstruct'
make[5]: Leaving directory '/Users/theurich/ESMF-Nightly-Testing/nagclang_7.2.44_17.0.0_mpiuni_O_feature_abstract-interfaces/esmf/src/apps/ESMF_Scrip2Unstruct'
clang++   -pthread -L/Users/theurich/ESMF-Nightly-Testing/nagclang_7.2.44_17.0.0_mpiuni_O_feature_abstract-interfaces/esmf/DEFAULTINSTALLDIR/lib/libO/Darwin.nagclang.64.mpiuni.default -L/usr/local/esmf/spack/opt/spack/darwin-m1/netcdf-c-4.9.3-hth7a6zrg22od5cqfg7xdlfv4owccsef/lib -L/usr/local/esmf/spack/opt/spack/darwin-m1/netcdf-fortran-4.6.2-oboy4y33rs5gaeni7sp6vivucyq4mq2j/lib -Wl,-rpath,/Users/theurich/ESMF-Nightly-Testing/nagclang_7.2.44_17.0.0_mpiuni_O_feature_abstract-interfaces/esmf/DEFAULTINSTALLDIR/lib/libO/Darwin.nagclang.64.mpiuni.default  -Wl,-rpath,/usr/local/esmf/spack/opt/spack/darwin-m1/netcdf-c-4.9.3-hth7a6zrg22od5cqfg7xdlfv4owccsef/lib -Wl,-rpath,/usr/local/esmf/spack/opt/spack/darwin-m1/netcdf-fortran-4.6.2-oboy4y33rs5gaeni7sp6vivucyq4mq2j/lib -o /Users/theurich/ESMF-Nightly-Testing/nagclang_7.2.44_17.0.0_mpiuni_O_feature_abstract-interfaces/esmf/DEFAULTINSTALLDIR/bin/binO/Darwin.nagclang.64.mpiuni.default/ESMF_Scrip2Unstruct /Users/theurich/ESMF-Nightly-Testing/nagclang_7.2.44_17.0.0_mpiuni_O_feature_abstract-interfaces/esmf/obj/objO/Darwin.nagclang.64.mpiuni.default/src/apps/ESMF_Scrip2Unstruct/ESMF_Scrip2Unstruct.o -lesmf -lpioc -lnetcdf -lnetcdff -lnetcdf -lnetcdf -lm /usr/local/lib/NAG_Fortran/quickfit.o -Xlinker -flat_namespace -Xlinker -rpath -Xlinker /usr/local/lib/NAG_Fortran /usr/local/lib/NAG_Fortran/libf72rts.dylib /usr/local/lib/NAG_Fortran/libf72rts.a -lm
ld: warning: ignoring duplicate libraries: '-lm', '-lnetcdf'
make[4]: Leaving directory '/Users/theurich/ESMF-Nightly-Testing/nagclang_7.2.44_17.0.0_mpiuni_O_feature_abstract-interfaces/esmf/src/apps/ESMF_Scrip2Unstruct'
tree_build_apps in: /Users/theurich/ESMF-Nightly-Testing/nagclang_7.2.44_17.0.0_mpiuni_O_feature_abstract-interfaces/esmf/src/apps/ESMF_Regrid
make[4]: Entering directory '/Users/theurich/ESMF-Nightly-Testing/nagclang_7.2.44_17.0.0_mpiuni_O_feature_abstract-interfaces/esmf/src/apps/ESMF_Regrid'
make chkdir_locobj
make[5]: Entering directory '/Users/theurich/ESMF-Nightly-Testing/nagclang_7.2.44_17.0.0_mpiuni_O_feature_abstract-interfaces/esmf/src/apps/ESMF_Regrid'
Making directory /Users/theurich/ESMF-Nightly-Testing/nagclang_7.2.44_17.0.0_mpiuni_O_feature_abstract-interfaces/esmf/obj/objO/Darwin.nagclang.64.mpiuni.default/src/apps/ESMF_Regrid for apps output
make[5]: Leaving directory '/Users/theurich/ESMF-Nightly-Testing/nagclang_7.2.44_17.0.0_mpiuni_O_feature_abstract-interfaces/esmf/src/apps/ESMF_Regrid'
nagfor -c -O0  -PIC -DESMF_NAG_UNIX_MODULE -dusty -thread_safe -I/Users/theurich/ESMF-Nightly-Testing/nagclang_7.2.44_17.0.0_mpiuni_O_feature_abstract-interfaces/esmf/src/apps/ESMF_Regrid -I/Users/theurich/ESMF-Nightly-Testing/nagclang_7.2.44_17.0.0_mpiuni_O_feature_abstract-interfaces/esmf/build_config/Darwin.nagclang.default -I/Users/theurich/ESMF-Nightly-Testing/nagclang_7.2.44_17.0.0_mpiuni_O_feature_abstract-interfaces/esmf/src/Infrastructure -I/Users/theurich/ESMF-Nightly-Testing/nagclang_7.2.44_17.0.0_mpiuni_O_feature_abstract-interfaces/esmf/src/Superstructure -I/Users/theurich/ESMF-Nightly-Testing/nagclang_7.2.44_17.0.0_mpiuni_O_feature_abstract-interfaces/esmf/DEFAULTINSTALLDIR/mod/modO/Darwin.nagclang.64.mpiuni.default -I/Users/theurich/ESMF-Nightly-Testing/nagclang_7.2.44_17.0.0_mpiuni_O_feature_abstract-interfaces/esmf/src/include -I/usr/local/esmf/spack/opt/spack/darwin-m1/netcdf-c-4.9.3-hth7a6zrg22od5cqfg7xdlfv4owccsef/include -I/usr/local/esmf/spack/opt/spack/darwin-m1/netcdf-fortran-4.6.2-oboy4y33rs5gaeni7sp6vivucyq4mq2j/include -free -fpp -DESMF_NO_INTEGER_1_BYTE -DESMF_NO_INTEGER_2_BYTE -DESMF_VERSION_STRING_GIT='"feature/abstract-interfaces+g925809925b"' -DESMF_MPIUNI -I/Users/theurich/ESMF-Nightly-Testing/nagclang_7.2.44_17.0.0_mpiuni_O_feature_abstract-interfaces/esmf/src/Infrastructure/stubs/mpiuni -DESMF_MOAB=1 -DESMF_LAPACK=1 -DESMF_LAPACK_INTERNAL=1 -DESMF_NO_ACC_SOFTWARE_STACK=1 -DESMF_PIO=1 -DESMF_NETCDF=1 -DESMF_YAMLCPP=1 -DESMF_YAML=1 -DESMF_NO_OPENMP -DESMF_NO_OPENACC -DESMF_TESTEXHAUSTIVE -DESMF_BOPT_O -DESMF_TESTPERFORMANCE -DESMF_TESTCOMPTUNNEL -DESMF_TESTWITHTHREADS -DS64=1 -DESMF_OS_Darwin=1 -DESMF_COMM=mpiuni -DESMF_DIR=/Users/theurich/ESMF-Nightly-Testing/nagclang_7.2.44_17.0.0_mpiuni_O_feature_abstract-interfaces/esmf ESMF_Regrid.F90 -o /Users/theurich/ESMF-Nightly-Testing/nagclang_7.2.44_17.0.0_mpiuni_O_feature_abstract-interfaces/esmf/obj/objO/Darwin.nagclang.64.mpiuni.default/src/apps/ESMF_Regrid/ESMF_Regrid.o
NAG Fortran Compiler Release 7.2(Shin-Urayasu) Build 7244
Warning: ESMF_Regrid.F90, line 594: Unused local variable ARGVALUE
Warning: ESMF_Regrid.F90, line 594: Unused local variable COUNT
Warning: ESMF_Regrid.F90, line 594: Unused local variable CWD
Warning: ESMF_Regrid.F90, line 594: Unused local variable I
Questionable: ESMF_Regrid.F90, line 594: Variable MSGBUF set but never referenced
Warning: ESMF_Regrid.F90, line 594: Unused local variable POS
Warning: ESMF_Regrid.F90, line 594: Unused local variable TYPESETFLAG
[NAG Fortran Compiler normal termination, 7 warnings]
make chkdir_apps
make[5]: Entering directory '/Users/theurich/ESMF-Nightly-Testing/nagclang_7.2.44_17.0.0_mpiuni_O_feature_abstract-interfaces/esmf/src/apps/ESMF_Regrid'
make[5]: Leaving directory '/Users/theurich/ESMF-Nightly-Testing/nagclang_7.2.44_17.0.0_mpiuni_O_feature_abstract-interfaces/esmf/src/apps/ESMF_Regrid'
nagfor   -thread_safe -L/Users/theurich/ESMF-Nightly-Testing/nagclang_7.2.44_17.0.0_mpiuni_O_feature_abstract-interfaces/esmf/DEFAULTINSTALLDIR/lib/libO/Darwin.nagclang.64.mpiuni.default -L/usr/local/esmf/spack/opt/spack/darwin-m1/netcdf-c-4.9.3-hth7a6zrg22od5cqfg7xdlfv4owccsef/lib -L/usr/local/esmf/spack/opt/spack/darwin-m1/netcdf-fortran-4.6.2-oboy4y33rs5gaeni7sp6vivucyq4mq2j/lib -Wl,-rpath,/Users/theurich/ESMF-Nightly-Testing/nagclang_7.2.44_17.0.0_mpiuni_O_feature_abstract-interfaces/esmf/DEFAULTINSTALLDIR/lib/libO/Darwin.nagclang.64.mpiuni.default  -Wl,-rpath,/usr/local/esmf/spack/opt/spack/darwin-m1/netcdf-c-4.9.3-hth7a6zrg22od5cqfg7xdlfv4owccsef/lib -Wl,-rpath,/usr/local/esmf/spack/opt/spack/darwin-m1/netcdf-fortran-4.6.2-oboy4y33rs5gaeni7sp6vivucyq4mq2j/lib -o /Users/theurich/ESMF-Nightly-Testing/nagclang_7.2.44_17.0.0_mpiuni_O_feature_abstract-interfaces/esmf/DEFAULTINSTALLDIR/bin/binO/Darwin.nagclang.64.mpiuni.default/ESMF_Regrid /Users/theurich/ESMF-Nightly-Testing/nagclang_7.2.44_17.0.0_mpiuni_O_feature_abstract-interfaces/esmf/obj/objO/Darwin.nagclang.64.mpiuni.default/src/apps/ESMF_Regrid/ESMF_Regrid.o -lesmf -lpioc -lnetcdf -lnetcdff -lnetcdf -lnetcdf -lm -lstdc++
NAG Fortran Compiler Release 7.2(Shin-Urayasu) Build 7244
ld: warning: ignoring duplicate libraries: '-lm', '-lnetcdf'
make[4]: Leaving directory '/Users/theurich/ESMF-Nightly-Testing/nagclang_7.2.44_17.0.0_mpiuni_O_feature_abstract-interfaces/esmf/src/apps/ESMF_Regrid'
tree_build_apps in: /Users/theurich/ESMF-Nightly-Testing/nagclang_7.2.44_17.0.0_mpiuni_O_feature_abstract-interfaces/esmf/src/apps/ESMX_Builder
make[4]: Entering directory '/Users/theurich/ESMF-Nightly-Testing/nagclang_7.2.44_17.0.0_mpiuni_O_feature_abstract-interfaces/esmf/src/apps/ESMX_Builder'
make chkdir_apps
make[5]: Entering directory '/Users/theurich/ESMF-Nightly-Testing/nagclang_7.2.44_17.0.0_mpiuni_O_feature_abstract-interfaces/esmf/src/apps/ESMX_Builder'
make[5]: Leaving directory '/Users/theurich/ESMF-Nightly-Testing/nagclang_7.2.44_17.0.0_mpiuni_O_feature_abstract-interfaces/esmf/src/apps/ESMX_Builder'
cp -f ESMX_Builder.sh /Users/theurich/ESMF-Nightly-Testing/nagclang_7.2.44_17.0.0_mpiuni_O_feature_abstract-interfaces/esmf/DEFAULTINSTALLDIR/bin/binO/Darwin.nagclang.64.mpiuni.default/ESMX_Builder
make[4]: Leaving directory '/Users/theurich/ESMF-Nightly-Testing/nagclang_7.2.44_17.0.0_mpiuni_O_feature_abstract-interfaces/esmf/src/apps/ESMX_Builder'
make[3]: Leaving directory '/Users/theurich/ESMF-Nightly-Testing/nagclang_7.2.44_17.0.0_mpiuni_O_feature_abstract-interfaces/esmf/src/apps'
ESMF apps built successfully.
make[2]: Leaving directory '/Users/theurich/ESMF-Nightly-Testing/nagclang_7.2.44_17.0.0_mpiuni_O_feature_abstract-interfaces/esmf'
make[1]: Leaving directory '/Users/theurich/ESMF-Nightly-Testing/nagclang_7.2.44_17.0.0_mpiuni_O_feature_abstract-interfaces/esmf'
mkdir -p /Users/theurich/ESMF-Nightly-Testing/nagclang_7.2.44_17.0.0_mpiuni_O_feature_abstract-interfaces/esmf/DEFAULTINSTALLDIR/doc
make install_info_mk
make[1]: Entering directory '/Users/theurich/ESMF-Nightly-Testing/nagclang_7.2.44_17.0.0_mpiuni_O_feature_abstract-interfaces/esmf'
make info_mk ESMF_APPSDIR=/Users/theurich/ESMF-Nightly-Testing/nagclang_7.2.44_17.0.0_mpiuni_O_feature_abstract-interfaces/esmf/DEFAULTINSTALLDIR/bin/binO/Darwin.nagclang.64.mpiuni.default ESMF_LDIR=/Users/theurich/ESMF-Nightly-Testing/nagclang_7.2.44_17.0.0_mpiuni_O_feature_abstract-interfaces/esmf/DEFAULTINSTALLDIR/lib/libO/Darwin.nagclang.64.mpiuni.default ESMF_LIBDIR=/Users/theurich/ESMF-Nightly-Testing/nagclang_7.2.44_17.0.0_mpiuni_O_feature_abstract-interfaces/esmf/DEFAULTINSTALLDIR/lib/libO/Darwin.nagclang.64.mpiuni.default ESMF_ESMXDIR=/Users/theurich/ESMF-Nightly-Testing/nagclang_7.2.44_17.0.0_mpiuni_O_feature_abstract-interfaces/esmf/DEFAULTINSTALLDIR/include/ESMX ESMF_CMAKEDIR=/Users/theurich/ESMF-Nightly-Testing/nagclang_7.2.44_17.0.0_mpiuni_O_feature_abstract-interfaces/esmf/DEFAULTINSTALLDIR/cmake ESMF_MODDIR=/Users/theurich/ESMF-Nightly-Testing/nagclang_7.2.44_17.0.0_mpiuni_O_feature_abstract-interfaces/esmf/DEFAULTINSTALLDIR/mod/modO/Darwin.nagclang.64.mpiuni.default ESMF_INCDIR=/Users/theurich/ESMF-Nightly-Testing/nagclang_7.2.44_17.0.0_mpiuni_O_feature_abstract-interfaces/esmf/DEFAULTINSTALLDIR/include
make[2]: Entering directory '/Users/theurich/ESMF-Nightly-Testing/nagclang_7.2.44_17.0.0_mpiuni_O_feature_abstract-interfaces/esmf'
make[2]: Leaving directory '/Users/theurich/ESMF-Nightly-Testing/nagclang_7.2.44_17.0.0_mpiuni_O_feature_abstract-interfaces/esmf'
make[1]: Leaving directory '/Users/theurich/ESMF-Nightly-Testing/nagclang_7.2.44_17.0.0_mpiuni_O_feature_abstract-interfaces/esmf'
/Users/theurich/ESMF-Nightly-Testing/nagclang_7.2.44_17.0.0_mpiuni_O_feature_abstract-interfaces/esmf/cmake/generate_config.py --esmfmkfile=/Users/theurich/ESMF-Nightly-Testing/nagclang_7.2.44_17.0.0_mpiuni_O_feature_abstract-interfaces/esmf/DEFAULTINSTALLDIR/lib/libO/Darwin.nagclang.64.mpiuni.default/esmf.mk --template=/Users/theurich/ESMF-Nightly-Testing/nagclang_7.2.44_17.0.0_mpiuni_O_feature_abstract-interfaces/esmf/cmake/ESMFConfig.cmake.in --outputdir=/Users/theurich/ESMF-Nightly-Testing/nagclang_7.2.44_17.0.0_mpiuni_O_feature_abstract-interfaces/esmf/DEFAULTINSTALLDIR/lib/libO/Darwin.nagclang.64.mpiuni.default/cmake/ESMF
Successfully generated config: /Users/theurich/ESMF-Nightly-Testing/nagclang_7.2.44_17.0.0_mpiuni_O_feature_abstract-interfaces/esmf/DEFAULTINSTALLDIR/lib/libO/Darwin.nagclang.64.mpiuni.default/cmake/ESMF/ESMFConfig.cmake (MPI: FALSE, Imported Target: libesmf.dylib)
Successfully generated version handler: /Users/theurich/ESMF-Nightly-Testing/nagclang_7.2.44_17.0.0_mpiuni_O_feature_abstract-interfaces/esmf/DEFAULTINSTALLDIR/lib/libO/Darwin.nagclang.64.mpiuni.default/cmake/ESMF/ESMFConfigVersion.cmake
 
ESMF installation complete.
 
