2026-07-06 22:38:20
20260707 071351.067 INFO             PET0 !!!!!!!!!!!!!!!!!!!!!!!!!!!!!!!!!!!!!!!!!!!!!!!!!!!!!!
20260707 071351.067 INFO             PET0 !!! THE ESMF_LOG IS SET TO OUTPUT ALL LOG MESSAGES !!!
20260707 071351.067 INFO             PET0 !!!     THIS MAY CAUSE SLOWDOWN IN PERFORMANCE     !!!
20260707 071351.067 INFO             PET0 !!! FOR PRODUCTION RUNS, USE:                      !!!
20260707 071351.067 INFO             PET0 !!!                   ESMF_LOGKIND_Multi_On_Error  !!!
20260707 071351.067 INFO             PET0 !!!!!!!!!!!!!!!!!!!!!!!!!!!!!!!!!!!!!!!!!!!!!!!!!!!!!!
20260707 071351.067 INFO             PET0 Running with ESMF Version   : v9.0.0b16
20260707 071351.068 INFO             PET0 ESMF library build date/time: "Jul  6 2026" "22:36:23"
20260707 071351.068 INFO             PET0 ESMF library build location : /discover/nobackup/projects/gmao/SIteam/ESMF_Testing/intel_2025.3.0_mpiuni_g_develop/esmf
20260707 071351.068 INFO             PET0 ESMF_COMM                   : mpiuni
20260707 071351.068 INFO             PET0 ESMF_MOAB                   : enabled
20260707 071351.068 INFO             PET0 ESMF_LAPACK                 : enabled
20260707 071351.068 INFO             PET0 ESMF_NETCDF                 : disabled
20260707 071351.068 INFO             PET0 ESMF_PNETCDF                : disabled
20260707 071351.068 INFO             PET0 ESMF_PIO                    : disabled
20260707 071351.068 INFO             PET0 ESMF_YAMLCPP                : enabled
20260707 071351.069 INFO             PET0  NUMBER_OF_PROCESSORS           1
20260707 071351.069 INFO             PET0  PASS  Example ESMF_AlarmEx, ESMF_AlarmEx.F90, line 244
20260707 071351.069 INFO             PET0  Finalizing ESMF
