2026-07-09 22:51:13
20260710 022723.776 INFO             PET0 !!!!!!!!!!!!!!!!!!!!!!!!!!!!!!!!!!!!!!!!!!!!!!!!!!!!!!
20260710 022723.776 INFO             PET0 !!! THE ESMF_LOG IS SET TO OUTPUT ALL LOG MESSAGES !!!
20260710 022723.776 INFO             PET0 !!!     THIS MAY CAUSE SLOWDOWN IN PERFORMANCE     !!!
20260710 022723.776 INFO             PET0 !!! FOR PRODUCTION RUNS, USE:                      !!!
20260710 022723.776 INFO             PET0 !!!                   ESMF_LOGKIND_Multi_On_Error  !!!
20260710 022723.776 INFO             PET0 !!!!!!!!!!!!!!!!!!!!!!!!!!!!!!!!!!!!!!!!!!!!!!!!!!!!!!
20260710 022723.776 INFO             PET0 Running with ESMF Version   : develop+gf1c7bb6d5f
20260710 022723.776 INFO             PET0 ESMF library build date/time: "Jul  9 2026" "22:49:14"
20260710 022723.776 INFO             PET0 ESMF library build location : /discover/nobackup/projects/gmao/SIteam/ESMF_Testing/intel_2025.3.0_mpiuni_g_develop/esmf
20260710 022723.776 INFO             PET0 ESMF_COMM                   : mpiuni
20260710 022723.776 INFO             PET0 ESMF_MOAB                   : enabled
20260710 022723.776 INFO             PET0 ESMF_LAPACK                 : enabled
20260710 022723.776 INFO             PET0 ESMF_NETCDF                 : disabled
20260710 022723.776 INFO             PET0 ESMF_PNETCDF                : disabled
20260710 022723.776 INFO             PET0 ESMF_PIO                    : disabled
20260710 022723.776 INFO             PET0 ESMF_YAMLCPP                : enabled
20260710 022723.777 INFO             PET0  NUMBER_OF_PROCESSORS           1
20260710 022723.777 INFO             PET0  PASS  Example ESMF_WebServicesEx, ESMF_WebServicesEx.F90, line 227
20260710 022723.777 INFO             PET0  Finalizing ESMF
