2026-06-22 23:02:03
20260623 003451.210 INFO             PET0 !!!!!!!!!!!!!!!!!!!!!!!!!!!!!!!!!!!!!!!!!!!!!!!!!!!!!!
20260623 003451.210 INFO             PET0 !!! THE ESMF_LOG IS SET TO OUTPUT ALL LOG MESSAGES !!!
20260623 003451.210 INFO             PET0 !!!     THIS MAY CAUSE SLOWDOWN IN PERFORMANCE     !!!
20260623 003451.210 INFO             PET0 !!! FOR PRODUCTION RUNS, USE:                      !!!
20260623 003451.210 INFO             PET0 !!!                   ESMF_LOGKIND_Multi_On_Error  !!!
20260623 003451.210 INFO             PET0 !!!!!!!!!!!!!!!!!!!!!!!!!!!!!!!!!!!!!!!!!!!!!!!!!!!!!!
20260623 003451.210 INFO             PET0 Running with ESMF Version   : develop+g380c18cfa6
20260623 003451.210 INFO             PET0 ESMF library build date/time: "Jun 22 2026" "23:00:08"
20260623 003451.210 INFO             PET0 ESMF library build location : /discover/nobackup/projects/gmao/SIteam/ESMF_Testing/intel_2025.3.0_mpiuni_g_develop/esmf
20260623 003451.210 INFO             PET0 ESMF_COMM                   : mpiuni
20260623 003451.210 INFO             PET0 ESMF_MOAB                   : enabled
20260623 003451.210 INFO             PET0 ESMF_LAPACK                 : enabled
20260623 003451.210 INFO             PET0 ESMF_NETCDF                 : disabled
20260623 003451.210 INFO             PET0 ESMF_PNETCDF                : disabled
20260623 003451.210 INFO             PET0 ESMF_PIO                    : disabled
20260623 003451.210 INFO             PET0 ESMF_YAMLCPP                : enabled
20260623 003451.211 INFO             PET0 ESMF Tracing Enabled
20260623 003451.211 INFO             PET0 ESMF Profiling Enabled
20260623 003451.211 INFO             PET0 ESMF Trace/Profile clock: REALTIME
20260623 003451.212 INFO             PET0  NUMBER_OF_PROCESSORS           1
20260623 003451.212 INFO             PET0  PASS  Example ESMF_TraceUserEx, ESMF_TraceUserEx.F90, line 125
20260623 003451.212 INFO             PET0  Finalizing ESMF
20260623 003451.212 INFO             PET0 **************** Region Timings *******************
20260623 003451.212 INFO             PET0 Region                Count  Total (s)   Self (s)    Mean (s)    Min (s)     Max (s)
20260623 003451.212 INFO             PET0   [ESMF]              1      0.0006      0.0003      0.0006      0.0006      0.0006
20260623 003451.212 INFO             PET0     outer_region      1      0.0003      0.0001      0.0003      0.0003      0.0003
20260623 003451.212 INFO             PET0       inner_region_1  10     0.0002      0.0002      0.0000      0.0000      0.0000
20260623 003451.212 INFO             PET0       inner_region_2  10     0.0001      0.0001      0.0000      0.0000      0.0000
