2026-08-15 22:44:59
20260815 233007.393 INFO             PET0 !!!!!!!!!!!!!!!!!!!!!!!!!!!!!!!!!!!!!!!!!!!!!!!!!!!!!!
20260815 233007.393 INFO             PET0 !!! THE ESMF_LOG IS SET TO OUTPUT ALL LOG MESSAGES !!!
20260815 233007.393 INFO             PET0 !!!     THIS MAY CAUSE SLOWDOWN IN PERFORMANCE     !!!
20260815 233007.393 INFO             PET0 !!! FOR PRODUCTION RUNS, USE:                      !!!
20260815 233007.393 INFO             PET0 !!!                   ESMF_LOGKIND_Multi_On_Error  !!!
20260815 233007.393 INFO             PET0 !!!!!!!!!!!!!!!!!!!!!!!!!!!!!!!!!!!!!!!!!!!!!!!!!!!!!!
20260815 233007.393 INFO             PET0 Running with ESMF Version   : develop+g17f2be238d
20260815 233007.393 INFO             PET0 ESMF library build date/time: "Aug 15 2026" "22:42:56"
20260815 233007.393 INFO             PET0 ESMF library build location : /discover/nobackup/projects/gmao/SIteam/ESMF_Testing/intel_2025.3.0_mpiuni_g_develop/esmf
20260815 233007.393 INFO             PET0 ESMF_COMM                   : mpiuni
20260815 233007.393 INFO             PET0 ESMF_MOAB                   : enabled
20260815 233007.393 INFO             PET0 ESMF_LAPACK                 : enabled
20260815 233007.393 INFO             PET0 ESMF_NETCDF                 : disabled
20260815 233007.393 INFO             PET0 ESMF_PNETCDF                : disabled
20260815 233007.393 INFO             PET0 ESMF_PIO                    : disabled
20260815 233007.393 INFO             PET0 ESMF_YAMLCPP                : enabled
20260815 233007.393 INFO             PET0 Log Write 2
20260815 233007.393 ERROR            PET0 Invalid object  - Convergence failure
20260815 233007.394 ERROR            PET0 ESMCI_Time.C:866 ESMCI::Time::syncToRealTime() Wrong argument specified  - ; calkindflag is NOCALENDAR. Only GREGORIAN and JULIAN are supported when syncing to real time.
20260815 233007.394 ERROR            PET0 ESMF_Time.F90:1495 ESMF_TimeSyncToRealTime() Wrong argument specified  - Internal subroutine call returned Error
20260815 233007.394 ERROR            PET0 Wrong argument specified  - getting wall clock time
20260815 233007.395 INFO             PET0  NUMBER_OF_PROCESSORS           1
20260815 233007.395 INFO             PET0  PASS  Example ESMF_LogErrEx, ESMF_LogErrEx.F90, line 186
20260815 233007.395 INFO             PET0  Finalizing ESMF
