2026-06-30 22:27:32
20260630 232004.508 INFO             PET0 !!!!!!!!!!!!!!!!!!!!!!!!!!!!!!!!!!!!!!!!!!!!!!!!!!!!!!
20260630 232004.508 INFO             PET0 !!! THE ESMF_LOG IS SET TO OUTPUT ALL LOG MESSAGES !!!
20260630 232004.508 INFO             PET0 !!!     THIS MAY CAUSE SLOWDOWN IN PERFORMANCE     !!!
20260630 232004.508 INFO             PET0 !!! FOR PRODUCTION RUNS, USE:                      !!!
20260630 232004.508 INFO             PET0 !!!                   ESMF_LOGKIND_Multi_On_Error  !!!
20260630 232004.508 INFO             PET0 !!!!!!!!!!!!!!!!!!!!!!!!!!!!!!!!!!!!!!!!!!!!!!!!!!!!!!
20260630 232004.508 INFO             PET0 Running with ESMF Version   : develop+g9d8ac26759
20260630 232004.508 INFO             PET0 ESMF library build date/time: "Jun 30 2026" "22:25:27"
20260630 232004.508 INFO             PET0 ESMF library build location : /discover/nobackup/projects/gmao/SIteam/ESMF_Testing/intel_2025.3.0_mpiuni_g_develop/esmf
20260630 232004.508 INFO             PET0 ESMF_COMM                   : mpiuni
20260630 232004.508 INFO             PET0 ESMF_MOAB                   : enabled
20260630 232004.508 INFO             PET0 ESMF_LAPACK                 : enabled
20260630 232004.508 INFO             PET0 ESMF_NETCDF                 : disabled
20260630 232004.508 INFO             PET0 ESMF_PNETCDF                : disabled
20260630 232004.508 INFO             PET0 ESMF_PIO                    : disabled
20260630 232004.508 INFO             PET0 ESMF_YAMLCPP                : enabled
20260630 232004.509 INFO             PET0  NUMBER_OF_PROCESSORS           1
20260630 232004.509 INFO             PET0  PASS  Example ESMF_ClockEx, ESMF_ClockEx.F90, line 220
20260630 232004.509 INFO             PET0  Finalizing ESMF
