2026-07-02 04:03:41
20260702 044301.131 INFO             PET0 !!!!!!!!!!!!!!!!!!!!!!!!!!!!!!!!!!!!!!!!!!!!!!!!!!!!!!
20260702 044301.131 INFO             PET0 !!! THE ESMF_LOG IS SET TO OUTPUT ALL LOG MESSAGES !!!
20260702 044301.131 INFO             PET0 !!!     THIS MAY CAUSE SLOWDOWN IN PERFORMANCE     !!!
20260702 044301.131 INFO             PET0 !!! FOR PRODUCTION RUNS, USE:                      !!!
20260702 044301.131 INFO             PET0 !!!                   ESMF_LOGKIND_Multi_On_Error  !!!
20260702 044301.131 INFO             PET0 !!!!!!!!!!!!!!!!!!!!!!!!!!!!!!!!!!!!!!!!!!!!!!!!!!!!!!
20260702 044301.131 INFO             PET0 Running with ESMF Version   : develop+g97275e0470
20260702 044301.131 INFO             PET0 ESMF library build date/time: "Jul  2 2026" "04:01:10"
20260702 044301.131 INFO             PET0 ESMF library build location : /tmp/nvhpc_25.5_mpiuni_O_develop/esmf
20260702 044301.131 INFO             PET0 ESMF_COMM                   : mpiuni
20260702 044301.131 INFO             PET0 ESMF_MOAB                   : enabled
20260702 044301.131 INFO             PET0 ESMF_LAPACK                 : enabled
20260702 044301.131 INFO             PET0 ESMF_NETCDF                 : enabled
20260702 044301.131 INFO             PET0 ESMF_PNETCDF                : disabled
20260702 044301.131 INFO             PET0 ESMF_PIO                    : enabled
20260702 044301.131 INFO             PET0 ESMF_YAMLCPP                : enabled
20260702 044301.131 INFO             PET0 Log Write 2
20260702 044301.131 ERROR            PET0 Invalid object  - Convergence failure
20260702 044301.131 ERROR            PET0 ESMCI_Time.C:866 ESMCI::Time::syncToRealTime() Wrong argument specified  - ; calkindflag is NOCALENDAR. Only GREGORIAN and JULIAN are supported when syncing to real time.
20260702 044301.131 ERROR            PET0 ESMF_Time.F90:1495 ESMF_TimeSyncToRealTime() Wrong argument specified  - Internal subroutine call returned Error
20260702 044301.131 ERROR            PET0 Wrong argument specified  - getting wall clock time
20260702 044301.131 INFO             PET0  NUMBER_OF_PROCESSORS            1
20260702 044301.131 INFO             PET0  PASS  Example ESMF_LogErrEx, ESMF_LogErrEx.F90, line 186
20260702 044301.131 INFO             PET0  Finalizing ESMF
