2026-05-22 03:58:53
20260522 043858.346 INFO             PET0 !!!!!!!!!!!!!!!!!!!!!!!!!!!!!!!!!!!!!!!!!!!!!!!!!!!!!!
20260522 043858.346 INFO             PET0 !!! THE ESMF_LOG IS SET TO OUTPUT ALL LOG MESSAGES !!!
20260522 043858.346 INFO             PET0 !!!     THIS MAY CAUSE SLOWDOWN IN PERFORMANCE     !!!
20260522 043858.346 INFO             PET0 !!! FOR PRODUCTION RUNS, USE:                      !!!
20260522 043858.346 INFO             PET0 !!!                   ESMF_LOGKIND_Multi_On_Error  !!!
20260522 043858.346 INFO             PET0 !!!!!!!!!!!!!!!!!!!!!!!!!!!!!!!!!!!!!!!!!!!!!!!!!!!!!!
20260522 043858.346 INFO             PET0 Running with ESMF Version   : develop+g3a22a06bd4
20260522 043858.346 INFO             PET0 ESMF library build date/time: "May 22 2026" "03:56:22"
20260522 043858.346 INFO             PET0 ESMF library build location : /tmp/nvhpc_25.5_mpiuni_O_develop/esmf
20260522 043858.346 INFO             PET0 ESMF_COMM                   : mpiuni
20260522 043858.346 INFO             PET0 ESMF_MOAB                   : enabled
20260522 043858.346 INFO             PET0 ESMF_LAPACK                 : enabled
20260522 043858.346 INFO             PET0 ESMF_NETCDF                 : enabled
20260522 043858.346 INFO             PET0 ESMF_PNETCDF                : disabled
20260522 043858.346 INFO             PET0 ESMF_PIO                    : enabled
20260522 043858.346 INFO             PET0 ESMF_YAMLCPP                : enabled
20260522 043858.355 INFO             PET0  NUMBER_OF_PROCESSORS            1
20260522 043858.355 INFO             PET0  PASS  Example ESMF_LocStreamEx, ESMF_LocStreamEx.F90, line 784
20260522 043858.355 INFO             PET0  Finalizing ESMF
