2026-06-19 04:15:45
20260619 045515.979 INFO             PET0 !!!!!!!!!!!!!!!!!!!!!!!!!!!!!!!!!!!!!!!!!!!!!!!!!!!!!!
20260619 045515.979 INFO             PET0 !!! THE ESMF_LOG IS SET TO OUTPUT ALL LOG MESSAGES !!!
20260619 045515.979 INFO             PET0 !!!     THIS MAY CAUSE SLOWDOWN IN PERFORMANCE     !!!
20260619 045515.979 INFO             PET0 !!! FOR PRODUCTION RUNS, USE:                      !!!
20260619 045515.979 INFO             PET0 !!!                   ESMF_LOGKIND_Multi_On_Error  !!!
20260619 045515.979 INFO             PET0 !!!!!!!!!!!!!!!!!!!!!!!!!!!!!!!!!!!!!!!!!!!!!!!!!!!!!!
20260619 045515.979 INFO             PET0 Running with ESMF Version   : develop+g1c84b61425
20260619 045515.979 INFO             PET0 ESMF library build date/time: "Jun 19 2026" "04:13:15"
20260619 045515.979 INFO             PET0 ESMF library build location : /tmp/nvhpc_25.5_mpiuni_O_develop/esmf
20260619 045515.979 INFO             PET0 ESMF_COMM                   : mpiuni
20260619 045515.979 INFO             PET0 ESMF_MOAB                   : enabled
20260619 045515.979 INFO             PET0 ESMF_LAPACK                 : enabled
20260619 045515.979 INFO             PET0 ESMF_NETCDF                 : enabled
20260619 045515.979 INFO             PET0 ESMF_PNETCDF                : disabled
20260619 045515.979 INFO             PET0 ESMF_PIO                    : enabled
20260619 045515.979 INFO             PET0 ESMF_YAMLCPP                : enabled
20260619 045515.981 INFO             PET0 ESMF_FieldRedistStoreNF(): Just entered routine.
20260619 045516.083 INFO             PET0 ESMF_FieldRedistStoreNF(): Leaving routine.
20260619 045516.087 INFO             PET0  NUMBER_OF_PROCESSORS            1
20260619 045516.087 INFO             PET0  PASS  Example ESMF_RHandleFromFileEx, ESMF_RHandleFromFileEx.F90, line 192
20260619 045516.087 INFO             PET0  Finalizing ESMF
