2026-06-30 03:59:30
20260630 043903.889 INFO             PET0 !!!!!!!!!!!!!!!!!!!!!!!!!!!!!!!!!!!!!!!!!!!!!!!!!!!!!!
20260630 043903.889 INFO             PET0 !!! THE ESMF_LOG IS SET TO OUTPUT ALL LOG MESSAGES !!!
20260630 043903.889 INFO             PET0 !!!     THIS MAY CAUSE SLOWDOWN IN PERFORMANCE     !!!
20260630 043903.889 INFO             PET0 !!! FOR PRODUCTION RUNS, USE:                      !!!
20260630 043903.889 INFO             PET0 !!!                   ESMF_LOGKIND_Multi_On_Error  !!!
20260630 043903.889 INFO             PET0 !!!!!!!!!!!!!!!!!!!!!!!!!!!!!!!!!!!!!!!!!!!!!!!!!!!!!!
20260630 043903.889 INFO             PET0 Running with ESMF Version   : develop+g9d8ac26759
20260630 043903.889 INFO             PET0 ESMF library build date/time: "Jun 30 2026" "03:57:00"
20260630 043903.889 INFO             PET0 ESMF library build location : /tmp/nvhpc_25.5_mpiuni_O_develop/esmf
20260630 043903.889 INFO             PET0 ESMF_COMM                   : mpiuni
20260630 043903.889 INFO             PET0 ESMF_MOAB                   : enabled
20260630 043903.889 INFO             PET0 ESMF_LAPACK                 : enabled
20260630 043903.889 INFO             PET0 ESMF_NETCDF                 : enabled
20260630 043903.889 INFO             PET0 ESMF_PNETCDF                : disabled
20260630 043903.889 INFO             PET0 ESMF_PIO                    : enabled
20260630 043903.889 INFO             PET0 ESMF_YAMLCPP                : enabled
20260630 043903.889 INFO             PET0  NUMBER_OF_PROCESSORS            1
20260630 043903.889 INFO             PET0  PASS  Example ESMF_VMComponentEx, ESMF_VMComponentEx.F90, line 205
20260630 043903.889 INFO             PET0  Finalizing ESMF
