2026-07-07 21:53:55
20260707 221041.708 INFO             PET0 !!!!!!!!!!!!!!!!!!!!!!!!!!!!!!!!!!!!!!!!!!!!!!!!!!!!!!
20260707 221041.708 INFO             PET0 !!! THE ESMF_LOG IS SET TO OUTPUT ALL LOG MESSAGES !!!
20260707 221041.708 INFO             PET0 !!!     THIS MAY CAUSE SLOWDOWN IN PERFORMANCE     !!!
20260707 221041.708 INFO             PET0 !!! FOR PRODUCTION RUNS, USE:                      !!!
20260707 221041.708 INFO             PET0 !!!                   ESMF_LOGKIND_Multi_On_Error  !!!
20260707 221041.708 INFO             PET0 !!!!!!!!!!!!!!!!!!!!!!!!!!!!!!!!!!!!!!!!!!!!!!!!!!!!!!
20260707 221041.708 INFO             PET0 Running with ESMF Version   : v9.0.0b16
20260707 221041.708 INFO             PET0 ESMF library build date/time: "Jul  7 2026" "21:53:01"
20260707 221041.708 INFO             PET0 ESMF library build location : /usr/local/esmf/esmf-testing/nag_7.2.44_openmpi_O_develop/esmf
20260707 221041.708 INFO             PET0 ESMF_COMM                   : openmpi
20260707 221041.708 INFO             PET0 ESMF_MOAB                   : enabled
20260707 221041.708 INFO             PET0 ESMF_LAPACK                 : enabled
20260707 221041.708 INFO             PET0 ESMF_NETCDF                 : enabled
20260707 221041.708 INFO             PET0 ESMF_PNETCDF                : disabled
20260707 221041.708 INFO             PET0 ESMF_PIO                    : enabled
20260707 221041.708 INFO             PET0 ESMF_YAMLCPP                : enabled
20260707 221041.709 INFO             PET0  NUMBER_OF_PROCESSORS 1
20260707 221041.709 INFO             PET0  PASS  Example ESMF_AlarmEx, ESMF_AlarmEx.F90, line 244
20260707 221041.709 INFO             PET0  Finalizing ESMF
