2026-06-23 13:36:40
[gs6101-alderaan:31046] *** Process received signal ***
[gs6101-alderaan:31046] Signal: Bus error: 10 (10)
[gs6101-alderaan:31046] Signal code: Invalid address alignment (1)
[gs6101-alderaan:31046] Failing at address: 0x16d5b0000
[gs6101-alderaan:31046] [ 0] 0   libsystem_platform.dylib            0x000000018156f744 _sigtramp + 56
[gs6101-alderaan:31046] [ 1] 0   libflang_rt.runtime.dylib           0x00000001057eac94 _ZN7Fortran7runtime8AdjustLRILb0EEEvRNS0_10DescriptorERKS2_PKci + 428
[gs6101-alderaan:31046] [ 2] 0   libesmf.dylib                       0x0000000104b60114 _QMesmf_logerrmodPesmf_logwrite + 1352
[gs6101-alderaan:31046] [ 3] 0   libesmf.dylib                       0x0000000104b5c2f0 f_esmf_logwrite1_ + 68
[gs6101-alderaan:31046] [ 4] 0   libesmf.dylib                       0x0000000104414d5c _ZN5ESMCI6LogErr5WriteERKNSt3__112basic_stringIcNS1_11char_traitsIcEENS1_9allocatorIcEEEEiiS9_S9_ + 144
[gs6101-alderaan:31046] [ 5] [gs6101-alderaan:31050] *** Process received signal ***
[gs6101-alderaan:31050] Signal: Bus error: 10 (10)
[gs6101-alderaan:31050] Signal code: Invalid address alignment (1)
[gs6101-alderaan:31050] Failing at address: 0x16b5ec000
[gs6101-alderaan:31050] [ 0] 0   libsystem_platform.dylib            0x000000018156f744 _sigtramp + 56
[gs6101-alderaan:31050] [ 1] 0   libflang_rt.runtime.dylib           0x000000010774ec94 _ZN7Fortran7runtime8AdjustLRILb0EEEvRNS0_10DescriptorERKS2_PKci + 428
[gs6101-alderaan:31050] [ 2] 0   libesmf.dylib                       0x0000000106ac4114 _QMesmf_logerrmodPesmf_logwrite + 1352
[gs6101-alderaan:31050] [ 3] 0   libesmf.dylib                       0x0000000106ac02f0 f_esmf_logwrite1_ + 68
[gs6101-alderaan:31050] [ 4] 0   libesmf.dylib                       0x0000000106378d5c _ZN5ESMCI6LogErr5WriteERKNSt3__112basic_stringIcNS1_11char_traitsIcEENS1_9allocatorIcEEEEiiS9_S9_ + 144
[gs6101-alderaan:31050] [ 5] [gs6101-alderaan:31045] *** Process received signal ***
[gs6101-alderaan:31045] Signal: Bus error: 10 (10)
[gs6101-alderaan:31045] Signal code: Invalid address alignment (1)
[gs6101-alderaan:31045] Failing at address: 0x16ee98000
[gs6101-alderaan:31045] [ 0] 0   libsystem_platform.dylib            0x000000018156f744 _sigtramp + 56
[gs6101-alderaan:31045] [ 1] 0   libflang_rt.runtime.dylib           0x0000000103fdac94 _ZN7Fortran7runtime8AdjustLRILb0EEEvRNS0_10DescriptorERKS2_PKci + 428
[gs6101-alderaan:31045] [ 2] 0   libesmf.dylib                       0x0000000103350114 _QMesmf_logerrmodPesmf_logwrite + 1352
[gs6101-alderaan:31045] [ 3] 0   libesmf.dylib                       0x000000010334c2f0 f_esmf_logwrite1_ + 68
[gs6101-alderaan:31045] [ 4] 0   libesmf.dylib                       0x0000000102c04d5c _ZN5ESMCI6LogErr5WriteERKNSt3__112basic_stringIcNS1_11char_traitsIcEENS1_9allocatorIcEEEEiiS9_S9_ + 144
[gs6101-alderaan:31045] [ 5] [gs6101-alderaan:31048] *** Process received signal ***
[gs6101-alderaan:31048] Signal: Bus error: 10 (10)
[gs6101-alderaan:31048] Signal code: Invalid address alignment (1)
[gs6101-alderaan:31048] Failing at address: 0x16ee80000
[gs6101-alderaan:31048] [ 0] 0   libsystem_platform.dylib            0x000000018156f744 _sigtramp + 56
[gs6101-alderaan:31048] [ 1] 0   libflang_rt.runtime.dylib           0x0000000104192c94 _ZN7Fortran7runtime8AdjustLRILb0EEEvRNS0_10DescriptorERKS2_PKci + 428
[gs6101-alderaan:31048] [ 2] 0   libesmf.dylib                       0x0000000103508114 _QMesmf_logerrmodPesmf_logwrite + 1352
[gs6101-alderaan:31048] [ 3] 0   libesmf.dylib                       0x00000001035042f0 f_esmf_logwrite1_ + 68
[gs6101-alderaan:31048] [ 4] 0   libesmf.dylib                       0x0000000102dbcd5c _ZN5ESMCI6LogErr5WriteERKNSt3__112basic_stringIcNS1_11char_traitsIcEENS1_9allocatorIcEEEEiiS9_S9_ + 144
[gs6101-alderaan:31048] [ 5] 0   libesmf.dylib                       0x00000001061e3884 _ZN5ESMCI11ServiceLoopEPNS_4CompEPNS_5StateES3_PPNS_5ClockEPi + 400
[gs6101-alderaan:31050] [ 6] 0   libesmf.dylib                       0x00000001062d6f00 _ZN5ESMCI6FTable12callVFuncPtrEPKcPNS_2VMEPi + 632
[gs6101-alderaan:31050] [ 7] 0   libesmf.dylib                       0x0000000102a6f884 _ZN5ESMCI11ServiceLoopEPNS_4CompEPNS_5StateES3_PPNS_5ClockEPi + 400
[gs6101-alderaan:31045] [ 6] 0   libesmf.dylib                       0x0000000102b62f00 _ZN5ESMCI6FTable12callVFuncPtrEPKcPNS_2VMEPi + 632
[gs6101-alderaan:31045] [ 7] 0   libesmf.dylib                       0x000000010427f884 _ZN5ESMCI11ServiceLoopEPNS_4CompEPNS_5StateES3_PPNS_5ClockEPi + 400
[gs6101-alderaan:31046] [ 6] 0   libesmf.dylib                       0x0000000104372f00 _ZN5ESMCI6FTable12callVFuncPtrEPKcPNS_2VMEPi + 632
[gs6101-alderaan:31046] [ 7] 0   libesmf.dylib                       0x0000000102c27884 _ZN5ESMCI11ServiceLoopEPNS_4CompEPNS_5StateES3_PPNS_5ClockEPi + 400
[gs6101-alderaan:31048] [ 6] 0   libesmf.dylib                       0x0000000102d1af00 _ZN5ESMCI6FTable12callVFuncPtrEPKcPNS_2VMEPi + 632
[gs6101-alderaan:31048] [ 7] [gs6101-alderaan:31049] *** Process received signal ***
0   libesmf.dylib                       0x0000000102b62bc8 ESMCI_FTableCallEntryPointVMHop + 428
[gs6101-alderaan:31045] [ 8] 0   libesmf.dylib                       0x0000000104372bc8 ESMCI_FTableCallEntryPointVMHop + 428
[gs6101-alderaan:31046] [ 8] 0   libesmf.dylib                       0x0000000102d1abc8 ESMCI_FTableCallEntryPointVMHop + 428
[gs6101-alderaan:31048] [ 8] 0   libesmf.dylib                       0x00000001062d6bc8 ESMCI_FTableCallEntryPointVMHop + 428
[gs6101-alderaan:31050] [ 8] [gs6101-alderaan:31043] *** Process received signal ***
[gs6101-alderaan:31043] Signal: Bus error: 10 (10)
[gs6101-alderaan:31043] Signal code: Invalid address alignment (1)
[gs6101-alderaan:31043] Failing at address: 0x16f104000
[gs6101-alderaan:31043] [ 0] 0   libsystem_platform.dylib            0x000000018156f744 _sigtramp + 56
[gs6101-alderaan:31043] [ 1] 0   libflang_rt.runtime.dylib           0x0000000103ecac94 _ZN7Fortran7runtime8AdjustLRILb0EEEvRNS0_10DescriptorERKS2_PKci + 428
[gs6101-alderaan:31043] [ 2] 0   libesmf.dylib                       0x0000000102deef50 _ZN5ESMCI3VMK5enterEPNS_7VMKPlanEPvS3_ + 132
[gs6101-alderaan:31045] [ 9] 0   libesmf.dylib                       0x0000000102ddf14c _ZN5ESMCI2VM5enterEPNS_6VMPlanEPvS3_ + 124
[gs6101-alderaan:31045] [10] 0   libesmf.dylib                       0x0000000102b637bc c_esmc_ftablecallentrypointvm_ + 628
[gs6101-alderaan:31045] [11] 0   libesmf.dylib                       0x00000001045fef50 _ZN5ESMCI3VMK5enterEPNS_7VMKPlanEPvS3_ + 132
[gs6101-alderaan:31046] [ 9] 0   libesmf.dylib                       0x00000001045ef14c _ZN5ESMCI2VM5enterEPNS_6VMPlanEPvS3_ + 124
[gs6101-alderaan:31046] [10] 0   libesmf.dylib                       0x00000001043737bc c_esmc_ftablecallentrypointvm_ + 628
[gs6101-alderaan:31046] [11] 0   libesmf.dylib                       0x00000001047fd9c4 _QMesmf_compmodPesmf_compexecute + 2640
[gs6101-alderaan:31046] [12] 0   libesmf.dylib                       0x0000000103240114 _QMesmf_logerrmodPesmf_logwrite + 1352
[gs6101-alderaan:31043] [ 3] 0   libesmf.dylib                       0x000000010323c2f0 f_esmf_logwrite1_ + 68
[gs6101-alderaan:31043] [ 4] 0   libesmf.dylib                       0x0000000102af4d5c _ZN5ESMCI6LogErr5WriteERKNSt3__112basic_stringIcNS1_11char_traitsIcEENS1_9allocatorIcEEEEiiS9_S9_ + 144
[gs6101-alderaan:31043] [ 5] 0   libesmf.dylib                       0x000000010295f884 _ZN5ESMCI11ServiceLoopEPNS_4CompEPNS_5StateES3_PPNS_5ClockEPi + 400
[gs6101-alderaan:31043] [ 6] 0   libesmf.dylib                       0x0000000102a52f00 _ZN5ESMCI6FTable12callVFuncPtrEPKcPNS_2VMEPi + 632
[gs6101-alderaan:31043] [ 7] 0   libesmf.dylib                       0x0000000102a52bc8 ESMCI_FTableCallEntryPointVMHop + 428
[gs6101-alderaan:31043] [ 8] 0   libesmf.dylib                       0x0000000102cdef50 _ZN5ESMCI3VMK5enterEPNS_7VMKPlanEPvS3_ + 132
[gs6101-alderaan:31043] [ 9] 0   libesmf.dylib                       0x0000000102ccf14c _ZN5ESMCI2VM5enterEPNS_6VMPlanEPvS3_ + 124
[gs6101-alderaan:31043] [10] 0   libesmf.dylib                       0x0000000102a537bc c_esmc_ftablecallentrypointvm_ + 628
[gs6101-alderaan:31043] [11] 0   libesmf.dylib                       0x0000000102edd9c4 _QMesmf_compmodPesmf_compexecute + 2640
[gs6101-alderaan:31043] [12] 0   libesmf.dylib                       0x000000010316a608 _QMesmf_gridcompmodPesmf_gridcompserviceloop + 432
[gs6101-alderaan:31043] [13] 0   ESMF_CompTunnelEx                   0x0000000100cfd394 _QQmain + 1584
[gs6101-alderaan:31043] [14] 0   libesmf.dylib                       0x0000000102fa6f50 _ZN5ESMCI3VMK5enterEPNS_7VMKPlanEPvS3_ + 132
[gs6101-alderaan:31048] [ 9] 0   libesmf.dylib                       0x0000000102f9714c _ZN5ESMCI2VM5enterEPNS_6VMPlanEPvS3_ + 124
[gs6101-alderaan:31048] [10] 0   libesmf.dylib                       0x0000000102d1b7bc c_esmc_ftablecallentrypointvm_ + 628
[gs6101-alderaan:31048] [11] 0   libesmf.dylib                       0x00000001031a59c4 _QMesmf_compmodPesmf_compexecute + 2640
[gs6101-alderaan:31048] [12] 0   libesmf.dylib                       0x00000001031cf610 _QMesmf_cplcompmodPesmf_cplcompserviceloop + 420
[gs6101-alderaan:31048] [13] 0   ESMF_CompTunnelEx                   0x0000000100f81458 _QQmain + 1780
[gs6101-alderaan:31048] [14] 0   ESMF_CompTunnelEx                   0x0000000100f81a20 main + 20
[gs6101-alderaan:31048] [15] 0   dyld                                0x00000001811a7e00 start + 6992
[gs6101-alderaan:31048] *** End of error message ***
0   libesmf.dylib                       0x0000000106562f50 _ZN5ESMCI3VMK5enterEPNS_7VMKPlanEPvS3_ + 132
[gs6101-alderaan:31050] [ 9] 0   libesmf.dylib                       0x000000010655314c _ZN5ESMCI2VM5enterEPNS_6VMPlanEPvS3_ + 124
[gs6101-alderaan:31050] [10] 0   libesmf.dylib                       0x00000001062d77bc c_esmc_ftablecallentrypointvm_ + 628
[gs6101-alderaan:31050] [11] 0   libesmf.dylib                       0x00000001067619c4 _QMesmf_compmodPesmf_compexecute + 2640
[gs6101-alderaan:31050] [12] 0   libesmf.dylib                       0x000000010678b610 _QMesmf_cplcompmodPesmf_cplcompserviceloop + 420
[gs6101-alderaan:31050] [13] 0   ESMF_CompTunnelEx                   0x0000000104815458 _QQmain + 1780
[gs6101-alderaan:31050] [14] 0   ESMF_CompTunnelEx                   0x0000000104815a20 main + 20
[gs6101-alderaan:31050] [15] 0   dyld                                0x00000001811a7e00 start + 6992
[gs6101-alderaan:31050] *** End of error message ***
0   ESMF_CompTunnelEx                   0x0000000100cfda20 main + 20
[gs6101-alderaan:31043] [15] 0   dyld                                0x00000001811a7e00 start + 6992
[gs6101-alderaan:31043] *** End of error message ***
0   libesmf.dylib                       0x0000000102fed9c4 _QMesmf_compmodPesmf_compexecute + 2640
[gs6101-alderaan:31045] [12] 0   libesmf.dylib                       0x000000010327a608 _QMesmf_gridcompmodPesmf_gridcompserviceloop + 432
[gs6101-alderaan:31045] [13] 0   ESMF_CompTunnelEx                   0x0000000100f69394 _QQmain + 1584
[gs6101-alderaan:31045] [14] 0   ESMF_CompTunnelEx                   0x0000000100f69a20 main + 20
[gs6101-alderaan:31045] [15] 0   dyld                                0x00000001811a7e00 start + 6992
[gs6101-alderaan:31045] *** End of error message ***
0   libesmf.dylib                       0x0000000104a8a608 _QMesmf_gridcompmodPesmf_gridcompserviceloop + 432
[gs6101-alderaan:31046] [13] 0   ESMF_CompTunnelEx                   0x0000000102851394 _QQmain + 1584
[gs6101-alderaan:31046] [14] 0   ESMF_CompTunnelEx                   0x0000000102851a20 main + 20
[gs6101-alderaan:31046] [15] 0   dyld                                0x00000001811a7e00 start + 6992
[gs6101-alderaan:31046] *** End of error message ***
[gs6101-alderaan:31049] Signal: Bus error: 10 (10)
[gs6101-alderaan:31049] Signal code: Invalid address alignment (1)
[gs6101-alderaan:31049] Failing at address: 0x16b2e8000
[gs6101-alderaan:31049] [ 0] 0   libsystem_platform.dylib            0x000000018156f744 _sigtramp + 56
[gs6101-alderaan:31049] [ 1] 0   libflang_rt.runtime.dylib           0x0000000107b96c94 _ZN7Fortran7runtime8AdjustLRILb0EEEvRNS0_10DescriptorERKS2_PKci + 428
[gs6101-alderaan:31049] [ 2] 0   libesmf.dylib                       0x0000000106f0c114 _QMesmf_logerrmodPesmf_logwrite + 1352
[gs6101-alderaan:31049] [ 3] 0   libesmf.dylib                       0x0000000106f082f0 f_esmf_logwrite1_ + 68
[gs6101-alderaan:31049] [ 4] 0   libesmf.dylib                       0x00000001067c0d5c _ZN5ESMCI6LogErr5WriteERKNSt3__112basic_stringIcNS1_11char_traitsIcEENS1_9allocatorIcEEEEiiS9_S9_ + 144
[gs6101-alderaan:31049] [ 5] 0   libesmf.dylib                       0x000000010662b884 _ZN5ESMCI11ServiceLoopEPNS_4CompEPNS_5StateES3_PPNS_5ClockEPi + 400
[gs6101-alderaan:31049] [ 6] 0   libesmf.dylib                       0x000000010671ef00 _ZN5ESMCI6FTable12callVFuncPtrEPKcPNS_2VMEPi + 632
[gs6101-alderaan:31049] [ 7] 0   libesmf.dylib                       0x000000010671ebc8 ESMCI_FTableCallEntryPointVMHop + 428
[gs6101-alderaan:31049] [ 8] 0   libesmf.dylib                       0x00000001069aaf50 _ZN5ESMCI3VMK5enterEPNS_7VMKPlanEPvS3_ + 132
[gs6101-alderaan:31049] [ 9] 0   libesmf.dylib                       0x000000010699b14c _ZN5ESMCI2VM5enterEPNS_6VMPlanEPvS3_ + 124
[gs6101-alderaan:31049] [10] 0   libesmf.dylib                       0x000000010671f7bc c_esmc_ftablecallentrypointvm_ + 628
[gs6101-alderaan:31049] [11] 0   libesmf.dylib                       0x0000000106ba99c4 _QMesmf_compmodPesmf_compexecute + 2640
[gs6101-alderaan:31049] [12] 0   libesmf.dylib                       0x0000000106bd3610 _QMesmf_cplcompmodPesmf_cplcompserviceloop + 420
[gs6101-alderaan:31049] [13] 0   ESMF_CompTunnelEx                   0x0000000104b19458 _QQmain + 1780
[gs6101-alderaan:31049] [14] 0   ESMF_CompTunnelEx                   0x0000000104b19a20 main + 20
[gs6101-alderaan:31049] [15] 0   dyld                                0x00000001811a7e00 start + 6992
[gs6101-alderaan:31049] *** End of error message ***
--------------------------------------------------------------------------
prterun noticed that process rank 5 with PID 31050 on node gs6101-alderaan exited on
signal 10 (Bus error: 10).
--------------------------------------------------------------------------
