2026-06-23 13:36:40
 12.45 12.45 12.45 12.45 12.45 12.45 12.45 12.45 12.45 12.45 12.45 12.45 12.45
 12.45 12.45 12.45 12.45 12.45 12.45 12.45 12.45 12.45 12.45 12.45 12.45 12.45
 12.45 12.45 12.45 12.45 12.45 12.45 12.45 12.45 12.45 12.45 12.45 12.45 12.45
 12.45 12.45 12.45 12.45 12.45 12.45 12.45 12.45 12.45 12.45 12.45 12.45 12.45
 12.45 12.45 12.45 12.45 12.45 12.45 12.45 12.45 12.45 12.45 12.45 12.45 12.45
 12.45 12.45 12.45 12.45 12.45 12.45 12.45 12.45 12.45 12.45 12.45 12.45 12.45
 12.45 12.45 12.45 12.45 12.45 12.45 12.45 12.45 12.45 12.45 12.45 12.45 12.45
 12.45 12.45 12.45 12.45 12.45 12.45 12.45 12.45 12.45
 12.45 12.45 12.45 12.45 12.45 12.45 12.45 12.45 12.45 12.45 12.45 12.45 12.45
 12.45 12.45 12.45 12.45 12.45 12.45 12.45 12.45 12.45 12.45 12.45 12.45 12.45
 12.45 12.45 12.45 12.45 12.45 12.45 12.45 12.45 12.45 12.45 12.45 12.45 12.45
 12.45 12.45 12.45 12.45 12.45 12.45 12.45 12.45 12.45 12.45 12.45 12.45 12.45
 12.45 12.45 12.45 12.45 12.45 12.45 12.45 12.45 12.45 12.45 12.45 12.45 12.45
 12.45 12.45 12.45 12.45 12.45 12.45 12.45 12.45 12.45 12.45 12.45 12.45 12.45
 12.45 12.45 12.45 12.45 12.45 12.45 12.45 12.45 12.45 12.45 12.45 12.45 12.45
 12.45 12.45 12.45 12.45 12.45 12.45 12.45 12.45 12.45
 12.45 12.45 12.45 12.45 12.45 12.45 12.45 12.45 12.45 12.45 12.45 12.45 12.45
 12.45 12.45 12.45 12.45 12.45 12.45 12.45 12.45 12.45 12.45 12.45 12.45 12.45
 12.45 12.45 12.45 12.45 12.45 12.45 12.45 12.45 12.45 12.45 12.45 12.45 12.45
 12.45 12.45 12.45 12.45 12.45 12.45 12.45 12.45 12.45 12.45 12.45 12.45 12.45
 12.45 12.45 12.45 12.45 12.45 12.45 12.45 12.45 12.45 12.45 12.45 12.45 12.45
 12.45 12.45 12.45 12 12.45 12.45 12.45 12.45 12.45 12.45 12.45 12.45 12.45 12.45 12.45 12.45 12.45
 12.45 12.45 12.45 12.45 12.45 12.45 12.45 12.45 12.45 12.45 12.45 12.45 12.45
 12.45 12.45 12.45 12.45 12.45 12.45 12.45 12.45 12.45 12.45 12.45 12.45 12.45
 12.45 12.45 12.45 12.45 12.45 12.45 12.45 12.45 12.45 12.45 12.45 12.45 12.45
 12.45 12.45 12.45 12.45 12.45 12.45 12.45 12.45 12.45 12.45 12.45 12.45 12.45
 12.45 12.45 12.45 12.45 12.45 12.45 12.45 12.45 12.45 12.45 12.45 12.45 12.45
 12.45 12.45 12.45 12.45 12.45 12.45 12.45 12.45 12.45 12.45 12.45 12.45 12.45
 12.45 12.45 12.45 12.45 12.45 12.45 12.45 12.45 12.45
 12.45 12.45 12.45 12.45 12.45 12.45 12.45 12.45 12.45 12.45 12.45 12.45 12.45
 12.45 12.45 12.45 12.45 12.45 12.45 12.45 12.45 12.45 12.45 12.45 12.45 12.45
 12.45 12.45 12.45 12.45 12.45 12.45 12.45 12.45 12.45 12.45 12.45 12.45 12.45
 12.45 12.45 12.45 12.45 12.45 12.45 12.45 12.45 12.45 12.45 12.45 12.45 12.45
 12.45 12.45 12.45 12.45 12.45 12.45 12.45 12.45 12.45 12.45 12.45 12.45 12.45
 12.45 12.45 12.45 12.45 12.45 12.45 12.45 12.45 12.45 12.45 12.45 12.45 12.45
 12.45 12.45 12.45 12.45 12.45 12.45 12.45 12.45 12.45 12.45 12.45 12.45 12.45
 12.45 12.45 12.45 12.45 12.45 12.45 12.45 12.45 12.45
.45 12.45 12.45 12.45 12.45 12.45 12.45 12.45 12.45 12.45
 12.45 12.45 12.45 12.45 12.45 12.45 12.45 12.45 12.45 12.45 12.45 12.45 12.45
 12.45 12.45 12.45 12.45 12.45 12.45 12.45 12.45 12.45
 12.45 12.45 12.45 12.45 12.45 12.45 12.45 12.45 12.45 12.45 12.45 12.45 12.45
 12.45 12.45 12.45 12.45 12.45 12.45 12.45 12.45 12.45 12.45 12.45 12.45 12.45
 12.45 12.45 12.45 12.45 12.45 12.45 12.45 12.45 12.45 12.45 12.45 12.45 12.45
 12.45 12.45 12.45 12.45 12.45 12.45 12.45 12.45 12.45 12.45 12.45 12.45 12.45
 12.45 12.45 12.45 12.45 12.45 12.45 12.45 12.45 12.45 12.45 12.45 12.45 12.45
 12.45 12.45 12.45 12.45 12.45 12.45 12.45 12.45 12.45 12.45 12.45 12.45 12.45
 12.45 12.45 12.45 12.45 12.45 12.45 12.45 12.45 12.45 12.45 12.45 12.45 12.45
 12.45 12.45 12.45 12.45 12.45 12.45 12.45 12.45 12.45
 23.67 23.67 23.67 23.67 23.67 23.67 23.67 23.67 23.67 23.67 23.67 23.67 23.67
 23.67 23.67 23.67 23.67 23.67 23.67 23.67 23.67 23.67 23.67 23.67 23.67 23.67
 23.67 23.67 23.67 23.67 23.67 23.67 23.67 23.67 23.67 23.67 23.67 23.67 23.67
 23.67 23.67 23.67 23.67 23.67 23.67 23.67 23.67 23.67 23.67 23.67 23.67 23.67
 23.67 23.67 23.67 23.67 23.67 23.67 23.67 23.67 23.67 23.67 23.67 23.67 23.67
 23.67 23.67 23.67 23 23.67 23.67 23.67 23.67 23.67 23.67 23.67 23.67 23.67 23.67 23.67 23.67 23.67
 23.67 23.67 23.67 23.67 23.67 23.67 23.67 23.67 23.67 23.67 23.67 23.67 23.67
 23.67 23.67 23.67 23.67 23.67 23.67 23.67 23.67 23.67 23.67 23.67 23.67 23.67
 23.67 23.67 23.67 23.67 23.67 23.67 23.67 23.67 23.67 23.67 23.67 23.67 23.67
 23.67 23.67 23.67 23.67 23.67 23.67 23.67 23.67 23.67 23.67 23.67 23.67 23.67
 23.67 23.67 23.67 23.67 23.67 23.67 23.67 23.67 23.67 23.67 23.67 23.67 23.67
 23.67 23.67 23.67 23.67 23.67 23.67 23.67 23.67 23.67 23.67 23.67 23.67 23.67
 23.67 23.67 23.67 23.67 23.67 23.67 23.67 23.67 23.67
 23.67 23.67 23.67 23.67 23.67 23.67 23.67 23.67 23.67 23.67 23.67 23.67 23.67
 23.67 23.67 23.67 23.67 23.67 23.67 23.67 23.67 23.67 23.67 23.67 23.67 23.67
 23.67 23.67 23.67 23.67 23.67 23.67 23.67 23.67 23.67 23.67 23.67 23.67 23.67
 23.67 23.67 23.67 23.67 23.67 23.67 23.67 23.67 23.67 23.67 23.67 23.67 23.67
 23.67 23.67 23.67 23.67 23.67 23.67 23.67 23.67 23.67 23.67 23.67 23.67 23.67
 23.67 23.67 23.67 23.67 23.67 23.67 23.67 23.67 23.67 23.67 23.67 23.67 23.67
 23.67 23.67 23.67 23.67 23.67 23.67 23.67 23.67 23.67 23.67 23.67 23.67 23.67
 23.67 23.67 23.67 23.67 23.67 23.67 23.67 23.67 23.67
 23.67 23.67 23.67 23.67 23.67 23.67 23.67 23.67 23.67 23.67 23.67 23.67 23.67
 23.67 23.67 23.67 23.67 23.67 23.67 23.67 23.67 23.67 23.67 23.67 23.67 23.67
 23.67 23.67 23.67 23.67 23.67 23.67 23.67 23.67 23.67 23.67 23.67 23.67 23.67
 23.67 23.67 23.67 23.67 23.67 23.67 23.67 23.67 23.67 23.67 23.67 23.67 23.67
 23.67 23.67 23.67 23.67 23.67 23.67 23.67 23.67 23.67 23.67 23.67 23.67 23.67
 23.67 23.67 23.67 23.67 23.67 23.67 23.67 23.67 23.67 23.67 23.67 23.67 23.67
 23.67 23.67 23.67 23.67 23.67 23.67 23.67 23.67 23.67 23.67 23.67 23.67 23.67
 23.67 23.67 23.67 23.67 23.67 23.67 23.67 23.67 23.67
 56.81 56.81 56.81 56.81 56.81 56.81 56.81 56.81 56.81 56.81 56.81 56.81 56.81
 56.81 56.81 56.81 56.81 56.81 56.81 56.81 56.81 56.81 56.81 56.81 56.81 56.81
 56.81 56.81 56.81 56.81 56.81 56.81 56.81 56.81 56.81 56.81 56.81 12.45 12.45 12.45 12.45 12.45 12.45 12.45 12.45 12.45 12.45 12.45 12.45 12.45
 12.45 12.45 12.45 12.45 12.45 12.45 12.45 12.45 12.45 12.45 12.45 12.45 12.45
 12.45 12.45 12.45 12.45 12.45 12.45 12.45 12.45 12.45 12.45 12.45 12.45 12.45
 12.45 12.45 12.45 12.45 12.45 12.45 12.45 12.45 12.45 12.45 12.45 12.45 12.45
 12.45 12.45 12.45 12.45 12.45 12.45 12.45 12.45 12.45 12.45 12.45 12.45 12.45
 12.45 12.45 12.45 12.45 12.45 12.45 12.45 12.45 12.45 12.45 12.45 12.45 12.45
 12.45 12.45 12.45 12.45 12.45 12.45 12.45 12.45 12.45 12.45 12.45 12.45 12.45
 12.45 12.45 12.45 12.45 12.45 12.45 12.45 12.45 12.45
 12.45 12.45 12.45 12.45 12.45 12.45 12.45 12.45 12.45 12.45 12.45 12.45 12.45
 12.45 12.45 12.45 12.45 12.45 12.45 12.45 12.45 12.45 12.45 12.45 12.45 12.45
 12.45 12.45 12.45 12.45 12.45 12.45 12.45 12.45 12.45 12.45 12.45 12.45 12.45
 12.45 12.45 12.45 12.45 12.45 12.45 12.45 12.45 12.45 12.45 12.45 12.45 12.45
 12.45 12.45 12.45 12.45 12.45 12.45 12.45 12.45 12.45 12.45 12.45 12.45 12.45
 12.45 12.45 12.45 12 23.67 23.67 23.67 23.67 23.67 23.67 23.67 23.67 23.67 23.67 23.67 23.67 23.67
 23.67 23.67 23.67 23.67 23.67 23.67 23.67 23.67 23.67 23.67 23.67 23.67 23.67
 23.67 23.67 23.67 23.67 23.67 23.67 23.67 23.67 23.67 23.67 23.67 23.67 23.67
 23.67 23.67 23.67 23.67 23.67 23.67 23.67 23.67 23.67 23.67 23.67 23.67 23.67
 23.67 23.67 23.67 23.67 23.67 23.67 23.67 23.67 23.67 23.67 23.67 23.67 23.67
 23.67 23.67 23.67 23.67 23.67 23.67 23.67 23.67 23.67 23.67 23.67 23.67 23.67
 23.67 23.67 23.67 23.67 23.67 23.67 23.67 23.67 23.67 23.67 23.67 23.67 23.67
 23.67 23.67 23.67 23.67 23.67 23.67 23.67 23.67 23.67
.67 23.67 23.67 23.67 23.67 23.67 23.67 23.67 23.67 23.67
 23.67 23.67 23.67 23.67 23.67 23.67 23.67 23.67 23.67 23.67 23.67 23.67 23.67
 23.67 23.67 23.67 23.67 23.67 23.67 23.67 23.67 23.67
 56.81 56.81
 56.81 56.81 56.81 56.81 56.81 56.81 56.81 56.81 56.81 56.81 56.81 56.81 56.81
 56.81 56.81 56.81 56.81 56.81 56.81 56.81 56.81 56.81 56.81 56.81 56.81 56.81
 56.81 56.81 56.81 56.81 56.81 56.81 56.81 56.81 56.81 56.81 56.81 56.81 56.81
 56.81 56.81 56.81 56.81 56.81 56.81 56.81 56.81 56.81 56.81 56.81 56.81 56.81
 56.81 56.81 56.81 56.81 56.81 56.81 56.81 56.81 56.81
 56.81 56.81 56.81 56.81 56.81 56.81 56.81 56.81 56.81 56.81 56.81 56.81 56.81
 56.81 56.81 56.81 56.81 56.81 56.81 56.81 56.81 56.81 56.81 56.81 56.81 56.81
 56.81 56.81 56.81 56.81 56.81 56.81 56.81 56.81 56.81 56.81 56.81 56.81 56.81
 56.81 56.81 56.81 56.81 56.81 56.81 56.81 56.81 56.81 56.81 56.81 56.81 56.81
 56.81 56.81 56.81 56.81 56.81 56.81 56.81 56.81 56.81 56.81 56.81 56.81 56.81
 56.81 56.81 56.81 56.81 56.81 56.81 56.81 56.81 56.81 56.81 56.81 56.81 56.81
 56.81 56.81 56.81 56.81 56.81 56.81 56.81 56.81 56.81 56.81 56.81 56.81 56.81
 56.81 56.81 56.81 56.81 56.81 56.81 56.81 56.81 56.81
  PASS  Example ESMF_ArrayFarray 23.67 23.67 23.67 23.67 23.67 23.67 23.67 23.67 23.67 23.67 23.67 23.67 23.67
 23.67 23.67 23.67 23.67 23.67 23.67 23.67 23.67 23.67 23.67 23.67 23.67 23.67
 23.67 23.67 23.67 23.67 23.67 23.67 23.67 23.67 23.67 23.67 23.67 23.67 23.67
 23.67 23.67 23.67 23.67 23.67 23.67 23.67 23.67 23.67 23.67 23.67 23.67 23.67
 23.67 23.67 23.67 23.67 23.67 23.67 23.67 23.67 23.67 23.67 23.67 23.67 23.67
 23.67 23.67 23.67 23.67 23.67 23.67 23.67 23.67 23.67 23.67 23.67 23.67 23.67
 23.67 23.67 23.67 23.67 23.67 23.67 23.67 23.67 23.67 23.67 23.67 23.67 23.67
 23.67 23.67 23.67 23.67 23.67 23.67 23.67 23.67 23.67
 56.81 56.81 56.81 56.81 56.81 56.81 56.81 56.81 56.81 56.81 56.81 56.81 56.81
 56.81 56.81 56.81 56.81 56.81 56.81 56.81 56.81 56.81 56.81 56.81 56.81 56.81
 56.81 56.81 56.81 56.81 56.81 56.81 56.81 56.81 56.81 56.81 56.81 56.81 56.81
 56.81 56.81 56.81 56.81 56.81 56.81 56.81 56.81 56.81 56.81 56.81 56.81 56.81
 56.81 56.81 56.81 56.81 56.81 56.81 56.81 56.81 56.81 56.81 56.81 56.81 56.81
 56.81 56.81 56.81 56.81 56.81 56.81 56.81 56.81 56.81 56.81 56.81 56.81 56.81
 56.81 56.81 56.81 56.81 56.81 56.81 56.81 56.81 56.81 56.81 56.81 56.81 56.81
 56.81 56.81 56.81 56.81 56.81 56.81 56.81 56.81 56.81
 56.81 56.81 56.81 56.81 56.81 56.81 56.81 56.81 56.81 56.81 56.81 56.81 56.81
 56.81 56.81 56.81 56.81 56.81 56.81 56.81 56.81 56.81 56.81 56.81 56.81 56.81
 56.81 56.81 56.81 56.81 56.81 56.81 56.81 56.81 56.81 56.81 56.81 56.81 56.81
 56.81 56.81 56.81 56.81 56.81 56.81 56.81 56.81 56.81 56.81 56.81 56.81 56.81
 56.81 56.81 56.81 56.81 56.81 56.81 56.81 56.81 56.81 56.81 56.81 56.81 56.81
 56.81 56.81 56.81 56.45 12.45 12.45 12.45 12.45 12.45 12.45 12.45 12.45 12.45
 12.45 12.45 12.45 12.45 12.45 12.45 12.45 12.45 12.45 12.45 12.45 12.45 12.45
 12.45 12.45 12.45 12.45 12.45 12.45 12.45 12.45 12.45
Ex, ./ESMF_ArrayFarrayEx.F90, line 288
 23.67 23.67 23.67 23.67 23.67 23.67 23.67 23.67 23.67 23.67 23.67 23.67 23.67
 23.67 23.67 23.67 23.67 23.67 23.67 23.67 23.67 23.67 23.67 23.67 23.67 23.67
 23.67 23.67 23.67 23.67 23.67 23.67 23.67 23.67 23.67 23.67 23.67 23.67 23.67
 23.67 23.67 23.67 23.67 23.67 23.67 23.67 23.67 23.67 23.67 23.67 23.67 23.67
 23.67 23.67 23.67 23.67 23.67 23.67 23.67 23.67 23.67 23.67 23.67 23.67 23.67
 23.67 23.67 23.67 23.67 23.67 23.67 23.67 23.67 23.67 23.67 23.67 23.67 23.67
 23.67 23.67 23.67 23.67 23.67 23.67 23.67 23.67 23.67 23.67 23.67 23.67 23.67
 23.67 23.67 23.67 23.67 23.67 23.67 23.67 23.67 23.67
 23.67 23.67 23.67 23.67 23.67 23.67 23.67 23.67 23.67 23.67 23.67 23.67 23.67
 23.67 23.67 23.67 23.67 23.67 23.67 23.67 23.67 23.67 23.67 23.67 23.67 23.67
 23.67 23.67 23.67 23.67 23.67 23.67 23.67 23.67 23.67 23.67 23.67 23.67 23.67
 23.67 23.67 23.67 23.67 23.67 23.67 23.67 23.67 23.67 23.67 23.67 23.67 23.67
 23.67 23.67 23.67 23.67 23.67 23.67 23.67 23.67 23.67 23.67 23.67 23.67 23.67
 23.67 23.67 23.67 23 56.81 56.81 56.81 56.81 56.81 56.81 56.81 56.81 56.81 56.81 56.81 56.81 56.81
 56.81 56.81 56.81 56.81 56.81 56.81 56.81 56.81 56.81 56.81 56.81 56.81 56.81
 56.81 56.81 56.81 56.81 56.81 56.81 56.81 56.81 56.81 56.81 56.81 56.81 56.81
 56.81 56.81 56.81 56.81 56.81 56.81 56.81 56.81 56.81 56.81 56.81 56.81 56.81
 56.81 56.81 56.81 56.81 56.81 56.81 56.81 56.81 56.81 56.81 56.81 56.81 56.81
 56.81 56.81 56.81 56.81 56.81 56.81 56.81 56.81 56.81 56.81 56.81 56.81 56.81
 56.81 56.81 56.81 56.81 56.81 56.81 56.81 56.81 56.81 56.81 56.81 56.81 56.81
 56.81 56.81 56.81 56.81 56.81 56.81 56.81 56.81 56.81
.81 56.81 56.81 56.81 56.81 56.81 56.81 56.81 56.81 56.81
 56.81 56.81 56.81 56.81 56.81 56.81 56.81 56.81 56.81 56.81 56.81 56.81 56.81
 56.81 56.81 56.81 56.81 56.81 56.81 56.81 56.81 56.81
  PASS  Example ESMF_ArrayFarrayEx, ./ESMF_ArrayFarrayEx.F90, line 288
.67 23.67 23.67 23.67 23.67 23.67 23.67 23.67 23.67 23.67
 23.67 23.67 23.67 23.67 23.67 23.67 23.67 23.67 23.67 23.67 23.67 23.67 23.67
 23.67 23.67 23.67 23.67 23.67 23.67 23.67 23.67 23.67
 56.81 56.81 56.81 56.81 56.81 56.81 56.81 56.81 56.81 56.81 56.81 56.81 56.81
 56.81 56.81 56.81 56.81 56.81 56.81 56.81 56.81 56.81 56.81 56.81 56.81 56.81
 56.81 56.81 56.81 56.81 56.81 56.81 56.81 56.81 56.81 56.81 56.81 56.81 56.81
 56.81 56.81 56.81 56.81 56.81 56.81 56.81 56.81 56.81 56.81 56.81 56.81 56.81
 56.81 56.81 56.81 56.81 56.81 56.81 56.81 56.81 56.81 56.81 56.81 56.81 56.81
 56.81 56.81 56.81 56.81 56.81 56.81 56.81 56.81 56.81 56.81 56.81 56.81 56.81
 56.81 56.81 56.81 56.81 56.81 56.81 56.81 56.81 56.81 56.81 56.81 56.81 56.81
 56.81 56.81 56.81 56.81 56.81 56.81 56.81 56.81 56.81
 56.81 56.81 56.81 56.81 56.81 56.81 56.81 56.81 56.81 56.81 56.81 56.81 56.81
 56.81 56.81 56.81 56.81 56.81 56.81 56.81 56.81 56.81 56.81 56.81 56.81 56.81
 56.81 56.81 56.81 56.81 56.81 56.81 56.81 56.81 56.81 56.81 56.81 56.81 56.81 56.81 56.81 56.81 56.81 56.81 56.81 56.81 56.81 56.81 56.81 56.81
 56.81 56.81 56.81 56.81 56.81 56.81 56.81 56.81 56.81 56.81 56.81 56.81 56.81
 56.81 56.81 56.81 56.81 56.81 56.81 56.81 56.81 56.81 56.81 56.81 56.81 56.81
 56.81 56.81 56.81 56.81 56.81 56.81 56.81 56.81 56.81 56.81 56.81 56.81 56.81
 56.81 56.81 56.81 56.81 56.81 56.81 56.81 56.81 56.81 56.81 56.81 56.81 56.81
 56.81 56.81 56.81 56.81 56.81 56.81 56.81 56.81 56.81 56.81 56.81 56.81 56.81
 56.81 56.81 56.81 56.81 56.81 56.81 56.81 56.81 56.81 56.81 56.81 56.81 56.81
 56.81 56.81 56.81 56.81 56.81 56.81 56.81 56.81 56.81
  PASS  Example ESMF_ArrayFarrayEx, ./ESMF_ArrayFarrayEx.F90, line 288
 56.81 56.81
 56.81 56.81 56.81 56.81 56.81 56.81 56.81 56.81 56.81 56.81 56.81 56.81 56.81
 56.81 56.81 56.81 56.81 56.81 56.81 56.81 56.81 56.81 56.81 56.81 56.81 56.81
 56.81 56.81 56.81 56.81 56.81 56.81 56.81 56.81 56.81 56.81 56.81 56.81 56.81
 56.81 56.81 56.81 56.81 56.81 56.81 56.81 56.81 56.81 56.81 56.81 56.81 56.81
 56.81 56.81 56.81 56.81 56.81 56.81 56.81 56.81 56.81
  PASS  Example ESMF_ArrayFarrayEx, ./ESMF_ArrayFarrayEx.F90, line 288
 PASS: ESMF_ArrayFarrayEx.F90
 PASS: ESMF_ArrayFarrayEx.F90
 PASS: ESMF_ArrayFarrayEx.F90
 PASS: ESMF_ArrayFarrayEx.F90
