2026-08-04 00:19:42
--- ESMCI::ArrayBundle::print start ---
ArrayBundle: MyArrayBundle
arrayCount = 3
Container::print() multipmap:item=0 key=AonFly value=--- ESMCI::ArrayBundle::print start ---
ArrayBundle: MyArrayBundle
arrayCount = 3
Container::print() multipmap:item=0 key=AonFly value=0x25be750
Container::print() multipmap:item=1 key=Array002 value=0x25babe0
Container::print() multipmap:item=2 key=Array003 value=--- ESMCI::ArrayBundle::print start ---
--- ESMCI::ArrayBundle::print start ---
0x20c87e0
Container::print() multipmap:item=1 key=Array002 value=0x20c4be0
Container::print() multipmap:item=2 key=Array003 value=0x20c58d0
Container::print()      list:item=0 key=Array0020x25bb890
Container::print()      list:item=0 key=Array002 value=0x25babe0
ArrayBundle: MyArrayBundle
arrayCount = 3
ArrayBundle: MyArrayBundle
arrayCount = 3
 value=0x20c4be0
Container::print()      list:item=1 key=Array003 value=0x20c58d0
Container::print()      list:item=2 key=AonFlyContainer::print()      list:item=1 key=Array003 value=0x25bb890
Container::print()      list:item=2 key=AonFly value=0x25be750
 value=0x20c87e0
--- ESMCI::ArrayBundle::print end ---
--- ESMCI::ArrayBundle::print end ---
Container::print() multipmap:item=Container::print() multipmap:item=0 key=0 key=AonFly value=AonFly value=0x11bf9c00x125a980
Container::print() multipmap:item=1 key=Array002 value=0x1255fa0
Container::print() multipmap:item=2
Container::print() multipmap:item=1 key=Array002 value=0x11bb0a0
Container::print() multipmap:item=2 key=Array003 value=0x11bc080
 key=Array003 value=0x1257000
Container::print()      list:item=0 key=Container::print()      list:item=0 key=Array002 value=0x11bb0a0Array002 value=0x1255fa0
Container::print()      list:item=1 key=Array003
Container::print()      list:item=1 key=Array003 value=0x11bc080
 value=0x1257000
Container::print()      list:item=2 key=AonFly value=0x125a980Container::print()      list:item=2 key=AonFly value=0x11bf9c0
--- ESMCI::ArrayBundle::print end ---

--- ESMCI::ArrayBundle::print end ---
--- ESMCI::Array::print start ---
 Base name    = AonFly
 Status: Base = Ready,  object = Ready
 Proxy        = no
 Root Info (Attributes):
--- ESMCI::Array::print start ---
 Base name    = AonFly
 Status: Base = Ready,  object = Ready
 Proxy        = no
 Root Info (Attributes):
--- ESMCI::Array::print start ---
 Base name    = AonFly--- ESMCI::Array::print start ---
 Base name    = AonFly
 Status: Base = 
 Status: Base = Ready,  object = ReadyReady,  object = Ready
 Proxy        = no
 Root Info (Attributes):

 Proxy        = no
 Root Info (Attributes):
{
  "ESMF": {
    "Instance": {
      "NamedAliasCount": 0
    }
  }
}Array typekind/rank: Real*4 / 2 
~ lower class' values ~
DistGrid dimCount = 2
deCount = 6
localDeCount = 1
~ local data in LocalArray for DE 2 ~
LocalArrayPrint: Array at address 0x20c84b0:
            rank = 2, typekind = 5, base_addr = 0x20c4810
            dim[0] = 3  dim[1] = 2  
{
  "ESMF": {
    "Instance": {
      "NamedAliasCount": 0
    }
  }
}Array typekind/rank: Real*4 / 2 
~ lower class' values ~
DistGrid dimCount = 2
deCount = 6
localDeCount = 1
~ local data in LocalArray for DE 3 ~
LocalArrayPrint: Array at address 0x25be420:
            rank = 2, typekind = 5, base_addr = 0x25ba810
            dim[0] = 2  dim[1] = 2  
  Real, *4, Dim 2, Data values:
{
  "ESMF": {
    "Instance": {
      "NamedAliasCount": 0
    }
  }
}Array typekind/rank: Real*4 / 2 
~ lower class' values ~
{
  "ESMF": {
    "Instance": {
      "NamedAliasCount": 0
    }
  }
}Array typekind/rank: Real*4 / 2 
~ lower class' values ~  Real, *4, Dim 2, Data values:
( 1, 1) =  1.03138e-37
( 2, 1) =  0
( 3, 1) =  0
DistGrid dimCount = 2
deCount = 6
localDeCount = 2
~ local data in LocalArray for DE 0 ~
LocalArrayPrint: Array at address 0x125a320:

DistGrid dimCount = 2
deCount = 6
localDeCount = 2
~ local data in LocalArray for DE 1 ~
LocalArrayPrint: Array at address 0x11bf360:
( 1, 2) =  0
( 2, 2) =  0
( 3, 2) =  0
--- ESMCI::Array::print end ---
( 1, 1) =  1.61452e-37
( 2, 1) =  0
( 1, 2) =  0
( 2, 2) =  0
--- ESMCI::Array::print end ---
--- ESMCI::Array::print start ---
 Base name    = Array002
            rank = 2, typekind = 5, base_addr = 0x1255880
            dim[0] = 3  dim[1] = 2  
  Real, *4, Dim 2, Data values:
            rank = 2, typekind = 5, base_addr = 0x11ba980
            dim[0] = 2  dim[1] = 2  
  Real, *4, Dim 2, Data values:
--- ESMCI::Array::print start ---
 Base name    = Array002
 Status: Base = Ready,  object = Ready
 Proxy        = no
 Status: Base = Ready,  object = Ready
 Proxy        = no
 Root Info (Attributes):
 Root Info (Attributes):
( 1, 1) =  3.03931e-38
( 2, 1) =  0
( 1, 1) =  2.86142e-38
( 2, 1) =  0
( 1, 2) =  2.8026e-45
( 3, 1) =  4.2039e-45
( 1, 2) =  1.4013e-45
( 2, 2) =  1.4013e-45
~ local data in LocalArray for DE 5 ~
LocalArrayPrint: Array at address 0x11bf690:
( 2, 2) =  0
( 3, 2) =  0
~ local data in LocalArray for DE 4 ~
LocalArrayPrint: Array at address 0x125a650:
            rank = 2, typekind = 5, base_addr = 0x11bf2a0
            dim[0] = 2  dim[1] = 1  {
  "ESMF": {
    "Instance": {
      "NamedAliasCount": 0
    }
  }
}Array typekind/rank: Real*8 / 2 
~ lower class' values ~
DistGrid dimCount = 2
deCount = 6
localDeCount = 1
~ local data in LocalArray for DE 2 ~
{
  "ESMF": {
    "Instance": {
      "NamedAliasCount": 0
    }
  }
}Array typekind/rank: Real*8 / 2 
~ lower class' values ~
DistGrid dimCount = 2
deCount = 6
localDeCount = 1
~ local data in LocalArray for DE 3 ~
LocalArrayPrint: Array at address 0x25ba8b0:
            rank = 2, typekind = 6,             rank = 2, typekind = 5, base_addr = 0x125a260
            dim[0] = 3  dim[1] = 1  
  Real, *4, Dim 2, Data values:
( 1, 1) =  3.04221e-38

  Real, *4, Dim 2, Data values:
( 1, 1) =  2.8643e-38
( 2, 1) =  0
--- ESMCI::Array::print end ---
LocalArrayPrint: Array at address 0x20c48b0:
            rank = 2, typekind = 6, base_addr = 0x209ae20
            dim[0] = 3  dim[1] = 2  
  Real, *8, Dim 2, Data values:
( 1, 1) =  1.6975e-316
base_addr = 0x2590160
            dim[0] = 2  dim[1] = 2  
  Real, *8, Dim 2, Data values:
( 1, 1) =  1.94592e-316
( 2, 1) =  0
( 2, 1) =  0
( 3, 1) =  0
--- ESMCI::Array::print end ---
--- ESMCI::Array::print start ---
 Base name    = Array002
 Status: Base = Ready,  object = Ready
--- ESMCI::Array::print start ---
 Base name    = Array002
 Status: Base = Ready,  object = Ready
 Proxy        = no
 Root Info (Attributes):
( 2, 1) =  4.24399e-314
( 3, 1) =  4.24399e-314
( 1, 2) =  4.24399e-314
( 2, 2) =  2.122e-314
( 1, 2) =  0
( 2, 2) =  0
--- ESMCI::Array::print end ---
--- ESMCI::Array::print start ---
 Base name    = Array003
 Status: Base = Ready,  Proxy        = no
 Root Info (Attributes):
( 3, 2) =  2.122e-314
--- ESMCI::Array::print end ---
--- ESMCI::Array::print start ---
 Base name    = Array003
 object = Ready
 Proxy        = no
 Root Info (Attributes):
 Status: Base = Ready,  object = Ready
 Proxy        = no
 Root Info (Attributes):
{
  "ESMF": {
    "Instance": {
      "NamedAliasCount": 0
    }
  }
}{
  "ESMF": {
    "Instance": {
      "NamedAliasCount": 0
    }
  }
}Array typekind/rank: Real*8 / 2 
~ lower class' values ~
Array typekind/rank: Real*8 / 2 
~ lower class' values ~
DistGrid dimCount = 2
deCount = 6
localDeCount = 2
DistGrid dimCount = 2
deCount = 6
localDeCount = 2
~ local data in LocalArray for DE 1 ~
LocalArrayPrint: Array at address 0x11baa20:
{
  "ESMF": {
    "Instance": {
      "NamedAliasCount": 0
    }
  }
}Array typekind/rank: Real*8 / 2 
~ lower class' values ~
DistGrid dimCount = 2
deCount = 6
localDeCount = 1
~ local data in LocalArray for DE 3 ~
~ local data in LocalArray for DE 0 ~
LocalArrayPrint: Array at address 0x1255920:
            rank = 2, typekind = 6, base_addr = 0x12550e0
            dim[0] = 3              rank = 2, typekind = 6, base_addr = 0x11ba190
            dim[0] = 2  dim[1] = 2  
  Real, *8, Dim 2, Data values:
{
  "ESMF": {
    "Instance": {
      "NamedAliasCount": 0
    }
  }
}Array typekind/rank: Real*8 / 2 
~ lower class' values ~
DistGrid dimCount = 2
deCount = 6
localDeCount = 1
~ local data in LocalArray for DE 2 ~
LocalArrayPrint: Array at address 0x20c55a0:
LocalArrayPrint: Array at address 0x25bb560:
            rank = 2, typekind = 6, base_addr = 0x2590030
            dim[0] = 2  dim[1] = 2  
  Real, *8, Dim 2, Data values:
dim[1] = 2  
  Real, *8, Dim 2, Data values:
( 1, 1) =  9.49742e-317
( 2, 1) =  4.24399e-314
( 1, 1) =  9.10037e-317
( 2, 1) =  0
( 1, 2) =  0
( 2, 2) =  0
~ local data in LocalArray for DE 5 ~
            rank = 2, typekind = 6, base_addr = 0x20c41d0
            dim[0] = 3  dim[1] = 2  
  Real, *8, Dim 2, Data values:
( 1, 1) =  0
( 1, 1) =  1.94592e-316
( 2, 1) =  6.97844e+252
( 1, 2) =  1.56155e-317
( 3, 1) =  4.24399e-314
( 1, 2) =  4.24399e-314
( 2, 2) =  2.122e-314
( 3, 2) =  2.122e-314
~ local data in LocalArray for DE 4 ~
LocalArrayPrint: Array at address 0x11bad50:
            rank = 2, typekind = 6, base_addr = 0x11bb080
            dim[0] = 2  dim[1] = 1  
  Real, *8, Dim 2, Data values:
( 2, 1) =  5.04759e+223
( 3, 1) =  5.29584e+160
( 1, 2) =  6.0871e+247
( 2, 2) =  0
--- ESMCI::Array::print end ---
LocalArrayPrint: Array at address 0x1255c50:
            rank = 2, typekind = 6, base_addr = 0x1255f80
            dim[0] = 3  dim[1] = 1  
  Real, *8, Dim 2, Data values:
( 1, 1) =  0
( 2, 1) =  0
--- ESMCI::Array::print end ---
--- ESMCI::Array::print start ---
 Base name    = Array003
( 2, 2) =  2.25703e-76
( 3, 2) =  1.0614e-313
--- ESMCI::Array::print end ---
( 1, 1) =  0
( 2, 1) =  0
( 3, 1) =  0
--- ESMCI::Array::print end ---
--- ESMCI::Array::print start --- Status: Base = Ready,  object = Ready
 Proxy        = no
 Root Info (Attributes):

 Base name    = Array003
 Status: Base = Ready,  object = Ready
 Proxy        = no
 Root Info (Attributes):
{
  "ESMF": {
    "Instance": {
      "NamedAliasCount": 0
    }
  }
}Array typekind/rank: Real*8 / 2 
~ lower class' values ~
DistGrid dimCount = 2
{
  "ESMF": {
    "Instance": {
      "NamedAliasCount": 0
    }
  }
}Array typekind/rank: Real*8 / 2 
~ lower class' values ~
deCount = 6
localDeCount = 2
~ local data in LocalArray for DE 1 ~
LocalArrayPrint: Array at address 0x11bba20:
            rank = 2, typekind = 6, base_addr = 0x1190e60
            DistGrid dimCount = 2
deCount = 6
localDeCount = 2
~ local data in LocalArray for DE 0 ~
LocalArrayPrint: Array at address 0x1256960:
            rank = 2, typekind = 6, dim[0] = 2  dim[1] = 2  
  Real, *8, Dim 2, Data values:
base_addr = 0x1256c90
            dim[0] = 3  dim[1] = 2  
  Real, *8, Dim 2, Data values:
( 1, 1) =  0
( 1, 1) =  9.10037e-317
( 2, 1) =  6.97844e+252
( 2, 1) =  0
( 3, 1) =  0
( 1, 2) =  0
( 1, 2) =  1.56155e-317
( 2, 2) =  0
~ local data in LocalArray for DE 5 ~
( 2, 2) =  0
( 3, 2) =  0
~ local data in LocalArray for DE 4 ~
LocalArrayPrint: Array at address 0x11bbd50:
            rank = 2, typekind = 6, base_addr = 0x11ba940
            dim[0] = 2  LocalArrayPrint: Array at address 0x1256cd0:
            rank = 2, typekind = 6, base_addr = 0x1255090
            dim[1] = 1  
  Real, *8, Dim 2, Data values:
dim[0] = 3  dim[1] = 1  
  Real, *8, Dim 2, Data values:
( 1, 1) =  9.49824e-317
( 1, 1) =  9.1847e-317
( 2, 1) =  2.122e-314
--- ESMCI::Array::print end ---
( 2, 1) =  2.122e-314
( 3, 1) =  0
--- ESMCI::Array::print end ---
  PASS  Example ESMF_ArrayBundleEx, ESMF_ArrayBundleEx.F90, line 267
  PASS  Example ESMF_ArrayBundleEx, ESMF_ArrayBundleEx.F90, line 267
  PASS  Example ESMF_ArrayBundleEx, ESMF_ArrayBundleEx.F90, line 267
  PASS  Example ESMF_ArrayBundleEx, ESMF_ArrayBundleEx.F90, line 267
 PASS: ESMF_ArrayBundleEx.F90
 PASS: ESMF_ArrayBundleEx.F90
 PASS: ESMF_ArrayBundleEx.F90
 PASS: ESMF_ArrayBundleEx.F90
