2026-05-26 00:37:34
20260526 005926.065 INFO             PET0 !!!!!!!!!!!!!!!!!!!!!!!!!!!!!!!!!!!!!!!!!!!!!!!!!!!!!!
20260526 005926.065 INFO             PET0 !!! THE ESMF_LOG IS SET TO OUTPUT ALL LOG MESSAGES !!!
20260526 005926.065 INFO             PET0 !!!     THIS MAY CAUSE SLOWDOWN IN PERFORMANCE     !!!
20260526 005926.065 INFO             PET0 !!! FOR PRODUCTION RUNS, USE:                      !!!
20260526 005926.065 INFO             PET0 !!!                   ESMF_LOGKIND_Multi_On_Error  !!!
20260526 005926.065 INFO             PET0 !!!!!!!!!!!!!!!!!!!!!!!!!!!!!!!!!!!!!!!!!!!!!!!!!!!!!!
20260526 005926.065 INFO             PET0 Running with ESMF Version   : develop+g681a42bf77
20260526 005926.065 INFO             PET0 ESMF library build date/time: "May 26 2026" "00:36:18"
20260526 005926.065 INFO             PET0 ESMF library build location : /home/gerhard/ESMF-Nightly-Testing/gfortran_7.4.0_mpich_g_develop/esmf
20260526 005926.065 INFO             PET0 ESMF_COMM                   : mpich
20260526 005926.065 INFO             PET0 ESMF_MOAB                   : enabled
20260526 005926.065 INFO             PET0 ESMF_LAPACK                 : enabled
20260526 005926.065 INFO             PET0 ESMF_NETCDF                 : enabled
20260526 005926.065 INFO             PET0 ESMF_PNETCDF                : disabled
20260526 005926.065 INFO             PET0 ESMF_PIO                    : enabled
20260526 005926.065 INFO             PET0 ESMF_YAMLCPP                : enabled
20260526 005926.066 INFO             PET0  NUMBER_OF_PROCESSORS           1
20260526 005926.066 INFO             PET0  PASS  Example ESMF_AlarmEx, ESMF_AlarmEx.F90, line 244
20260526 005926.066 INFO             PET0  Finalizing ESMF
