2026-05-18 23:03:44
20260518 233415.625 INFO             PET0 !!!!!!!!!!!!!!!!!!!!!!!!!!!!!!!!!!!!!!!!!!!!!!!!!!!!!!
20260518 233415.629 INFO             PET0 !!! THE ESMF_LOG IS SET TO OUTPUT ALL LOG MESSAGES !!!
20260518 233415.629 INFO             PET0 !!!     THIS MAY CAUSE SLOWDOWN IN PERFORMANCE     !!!
20260518 233415.629 INFO             PET0 !!! FOR PRODUCTION RUNS, USE:                      !!!
20260518 233415.629 INFO             PET0 !!!                   ESMF_LOGKIND_Multi_On_Error  !!!
20260518 233415.629 INFO             PET0 !!!!!!!!!!!!!!!!!!!!!!!!!!!!!!!!!!!!!!!!!!!!!!!!!!!!!!
20260518 233415.629 INFO             PET0 Running with ESMF Version   : v9.0.0b13
20260518 233415.630 INFO             PET0 ESMF library build date/time: "May 18 2026" "23:02:33"
20260518 233415.630 INFO             PET0 ESMF library build location : /usr/local/esmf/esmf-testing/gfortranclang_14.2.0_17.0.0_mpich_g_develop/esmf
20260518 233415.630 INFO             PET0 ESMF_COMM                   : mpich
20260518 233415.630 INFO             PET0 ESMF_MOAB                   : enabled
20260518 233415.630 INFO             PET0 ESMF_LAPACK                 : enabled
20260518 233415.630 INFO             PET0 ESMF_NETCDF                 : enabled
20260518 233415.630 INFO             PET0 ESMF_PNETCDF                : disabled
20260518 233415.630 INFO             PET0 ESMF_PIO                    : enabled
20260518 233415.630 INFO             PET0 ESMF_YAMLCPP                : enabled
20260518 233415.652 INFO             PET0  NUMBER_OF_PROCESSORS           4
20260518 233415.652 INFO             PET0  PASS  Example ESMF_ArrayEx, ESMF_ArrayEx.F90, line 1901
20260518 233415.652 INFO             PET0  Finalizing ESMF
20260518 233415.625 INFO             PET1 !!!!!!!!!!!!!!!!!!!!!!!!!!!!!!!!!!!!!!!!!!!!!!!!!!!!!!
20260518 233415.629 INFO             PET1 !!! THE ESMF_LOG IS SET TO OUTPUT ALL LOG MESSAGES !!!
20260518 233415.629 INFO             PET1 !!!     THIS MAY CAUSE SLOWDOWN IN PERFORMANCE     !!!
20260518 233415.629 INFO             PET1 !!! FOR PRODUCTION RUNS, USE:                      !!!
20260518 233415.629 INFO             PET1 !!!                   ESMF_LOGKIND_Multi_On_Error  !!!
20260518 233415.629 INFO             PET1 !!!!!!!!!!!!!!!!!!!!!!!!!!!!!!!!!!!!!!!!!!!!!!!!!!!!!!
20260518 233415.629 INFO             PET1 Running with ESMF Version   : v9.0.0b13
20260518 233415.630 INFO             PET1 ESMF library build date/time: "May 18 2026" "23:02:33"
20260518 233415.630 INFO             PET1 ESMF library build location : /usr/local/esmf/esmf-testing/gfortranclang_14.2.0_17.0.0_mpich_g_develop/esmf
20260518 233415.630 INFO             PET1 ESMF_COMM                   : mpich
20260518 233415.633 INFO             PET1 ESMF_MOAB                   : enabled
20260518 233415.633 INFO             PET1 ESMF_LAPACK                 : enabled
20260518 233415.633 INFO             PET1 ESMF_NETCDF                 : enabled
20260518 233415.633 INFO             PET1 ESMF_PNETCDF                : disabled
20260518 233415.633 INFO             PET1 ESMF_PIO                    : enabled
20260518 233415.633 INFO             PET1 ESMF_YAMLCPP                : enabled
20260518 233415.652 INFO             PET1  NUMBER_OF_PROCESSORS           4
20260518 233415.652 INFO             PET1  PASS  Example ESMF_ArrayEx, ESMF_ArrayEx.F90, line 1901
20260518 233415.652 INFO             PET1  Finalizing ESMF
20260518 233415.628 INFO             PET2 !!!!!!!!!!!!!!!!!!!!!!!!!!!!!!!!!!!!!!!!!!!!!!!!!!!!!!
20260518 233415.637 INFO             PET2 !!! THE ESMF_LOG IS SET TO OUTPUT ALL LOG MESSAGES !!!
20260518 233415.638 INFO             PET2 !!!     THIS MAY CAUSE SLOWDOWN IN PERFORMANCE     !!!
20260518 233415.638 INFO             PET2 !!! FOR PRODUCTION RUNS, USE:                      !!!
20260518 233415.638 INFO             PET2 !!!                   ESMF_LOGKIND_Multi_On_Error  !!!
20260518 233415.638 INFO             PET2 !!!!!!!!!!!!!!!!!!!!!!!!!!!!!!!!!!!!!!!!!!!!!!!!!!!!!!
20260518 233415.638 INFO             PET2 Running with ESMF Version   : v9.0.0b13
20260518 233415.638 INFO             PET2 ESMF library build date/time: "May 18 2026" "23:02:33"
20260518 233415.638 INFO             PET2 ESMF library build location : /usr/local/esmf/esmf-testing/gfortranclang_14.2.0_17.0.0_mpich_g_develop/esmf
20260518 233415.638 INFO             PET2 ESMF_COMM                   : mpich
20260518 233415.638 INFO             PET2 ESMF_MOAB                   : enabled
20260518 233415.638 INFO             PET2 ESMF_LAPACK                 : enabled
20260518 233415.638 INFO             PET2 ESMF_NETCDF                 : enabled
20260518 233415.638 INFO             PET2 ESMF_PNETCDF                : disabled
20260518 233415.638 INFO             PET2 ESMF_PIO                    : enabled
20260518 233415.638 INFO             PET2 ESMF_YAMLCPP                : enabled
20260518 233415.652 INFO             PET2  NUMBER_OF_PROCESSORS           4
20260518 233415.652 INFO             PET2  PASS  Example ESMF_ArrayEx, ESMF_ArrayEx.F90, line 1901
20260518 233415.652 INFO             PET2  Finalizing ESMF
20260518 233415.625 INFO             PET3 !!!!!!!!!!!!!!!!!!!!!!!!!!!!!!!!!!!!!!!!!!!!!!!!!!!!!!
20260518 233415.636 INFO             PET3 !!! THE ESMF_LOG IS SET TO OUTPUT ALL LOG MESSAGES !!!
20260518 233415.636 INFO             PET3 !!!     THIS MAY CAUSE SLOWDOWN IN PERFORMANCE     !!!
20260518 233415.636 INFO             PET3 !!! FOR PRODUCTION RUNS, USE:                      !!!
20260518 233415.636 INFO             PET3 !!!                   ESMF_LOGKIND_Multi_On_Error  !!!
20260518 233415.636 INFO             PET3 !!!!!!!!!!!!!!!!!!!!!!!!!!!!!!!!!!!!!!!!!!!!!!!!!!!!!!
20260518 233415.636 INFO             PET3 Running with ESMF Version   : v9.0.0b13
20260518 233415.636 INFO             PET3 ESMF library build date/time: "May 18 2026" "23:02:33"
20260518 233415.636 INFO             PET3 ESMF library build location : /usr/local/esmf/esmf-testing/gfortranclang_14.2.0_17.0.0_mpich_g_develop/esmf
20260518 233415.636 INFO             PET3 ESMF_COMM                   : mpich
20260518 233415.636 INFO             PET3 ESMF_MOAB                   : enabled
20260518 233415.636 INFO             PET3 ESMF_LAPACK                 : enabled
20260518 233415.636 INFO             PET3 ESMF_NETCDF                 : enabled
20260518 233415.636 INFO             PET3 ESMF_PNETCDF                : disabled
20260518 233415.636 INFO             PET3 ESMF_PIO                    : enabled
20260518 233415.636 INFO             PET3 ESMF_YAMLCPP                : enabled
20260518 233415.652 INFO             PET3  NUMBER_OF_PROCESSORS           4
20260518 233415.652 INFO             PET3  PASS  Example ESMF_ArrayEx, ESMF_ArrayEx.F90, line 1901
20260518 233415.652 INFO             PET3  Finalizing ESMF
