2026-06-04 23:03:29
20260604 233344.237 INFO             PET0 !!!!!!!!!!!!!!!!!!!!!!!!!!!!!!!!!!!!!!!!!!!!!!!!!!!!!!
20260604 233344.238 INFO             PET0 !!! THE ESMF_LOG IS SET TO OUTPUT ALL LOG MESSAGES !!!
20260604 233344.238 INFO             PET0 !!!     THIS MAY CAUSE SLOWDOWN IN PERFORMANCE     !!!
20260604 233344.238 INFO             PET0 !!! FOR PRODUCTION RUNS, USE:                      !!!
20260604 233344.238 INFO             PET0 !!!                   ESMF_LOGKIND_Multi_On_Error  !!!
20260604 233344.238 INFO             PET0 !!!!!!!!!!!!!!!!!!!!!!!!!!!!!!!!!!!!!!!!!!!!!!!!!!!!!!
20260604 233344.238 INFO             PET0 Running with ESMF Version   : develop+gf183dd1f0b
20260604 233344.238 INFO             PET0 ESMF library build date/time: "Jun  4 2026" "23:02:19"
20260604 233344.238 INFO             PET0 ESMF library build location : /usr/local/esmf/esmf-testing/gfortranclang_14.2.0_17.0.0_mpich_g_develop/esmf
20260604 233344.238 INFO             PET0 ESMF_COMM                   : mpich
20260604 233344.238 INFO             PET0 ESMF_MOAB                   : enabled
20260604 233344.238 INFO             PET0 ESMF_LAPACK                 : enabled
20260604 233344.238 INFO             PET0 ESMF_NETCDF                 : enabled
20260604 233344.238 INFO             PET0 ESMF_PNETCDF                : disabled
20260604 233344.238 INFO             PET0 ESMF_PIO                    : enabled
20260604 233344.238 INFO             PET0 ESMF_YAMLCPP                : enabled
20260604 233344.238 INFO             PET0  NUMBER_OF_PROCESSORS           1
20260604 233344.238 INFO             PET0  PASS  Example ESMF_ClockEx, ESMF_ClockEx.F90, line 220
20260604 233344.238 INFO             PET0  Finalizing ESMF
