2026-07-26 02:06:28
20260726 024407.094 INFO             PET0 !!!!!!!!!!!!!!!!!!!!!!!!!!!!!!!!!!!!!!!!!!!!!!!!!!!!!!
20260726 024407.095 INFO             PET0 !!! THE ESMF_LOG IS SET TO OUTPUT ALL LOG MESSAGES !!!
20260726 024407.095 INFO             PET0 !!!     THIS MAY CAUSE SLOWDOWN IN PERFORMANCE     !!!
20260726 024407.095 INFO             PET0 !!! FOR PRODUCTION RUNS, USE:                      !!!
20260726 024407.095 INFO             PET0 !!!                   ESMF_LOGKIND_Multi_On_Error  !!!
20260726 024407.095 INFO             PET0 !!!!!!!!!!!!!!!!!!!!!!!!!!!!!!!!!!!!!!!!!!!!!!!!!!!!!!
20260726 024407.095 INFO             PET0 Running with ESMF Version   : develop+g6f2cfc7ce0
20260726 024407.095 INFO             PET0 ESMF library build date/time: "Jul 26 2026" "02:05:01"
20260726 024407.095 INFO             PET0 ESMF library build location : /usr/local/esmf/esmf-testing/gfortranclang_14.2.0_17.0.0_mpich_g_develop/esmf
20260726 024407.095 INFO             PET0 ESMF_COMM                   : mpich
20260726 024407.095 INFO             PET0 ESMF_MOAB                   : enabled
20260726 024407.095 INFO             PET0 ESMF_LAPACK                 : enabled
20260726 024407.095 INFO             PET0 ESMF_NETCDF                 : enabled
20260726 024407.095 INFO             PET0 ESMF_PNETCDF                : disabled
20260726 024407.095 INFO             PET0 ESMF_PIO                    : enabled
20260726 024407.095 INFO             PET0 ESMF_YAMLCPP                : enabled
20260726 024407.096 INFO             PET0 ESMF Tracing Enabled
20260726 024407.096 INFO             PET0 ESMF Profiling Enabled
20260726 024407.096 INFO             PET0 ESMF Trace/Profile clock: REALTIME
20260726 024407.144 INFO             PET0  NUMBER_OF_PROCESSORS           4
20260726 024407.144 INFO             PET0  PASS  Example ESMF_TraceEx, ESMF_TraceEx.F90, line 178
20260726 024407.144 INFO             PET0  Finalizing ESMF
20260726 024407.144 INFO             PET0 **************** Region Timings *******************
20260726 024407.144 INFO             PET0 Region              Count  Total (s)   Self (s)    Mean (s)    Min (s)     Max (s)
20260726 024407.144 INFO             PET0   [ESMF]            1      0.0355      0.0353      0.0355      0.0355      0.0355
20260726 024407.144 INFO             PET0     [test] Run 1    5      0.0002      0.0002      0.0000      0.0000      0.0001
20260726 024407.144 INFO             PET0     [test] Init 1   1      0.0001      0.0001      0.0001      0.0001      0.0001
20260726 024407.144 INFO             PET0     [test] Final 1  1      0.0000      0.0000      0.0000      0.0000      0.0000
20260726 024407.094 INFO             PET1 !!!!!!!!!!!!!!!!!!!!!!!!!!!!!!!!!!!!!!!!!!!!!!!!!!!!!!
20260726 024407.095 INFO             PET1 !!! THE ESMF_LOG IS SET TO OUTPUT ALL LOG MESSAGES !!!
20260726 024407.095 INFO             PET1 !!!     THIS MAY CAUSE SLOWDOWN IN PERFORMANCE     !!!
20260726 024407.095 INFO             PET1 !!! FOR PRODUCTION RUNS, USE:                      !!!
20260726 024407.095 INFO             PET1 !!!                   ESMF_LOGKIND_Multi_On_Error  !!!
20260726 024407.095 INFO             PET1 !!!!!!!!!!!!!!!!!!!!!!!!!!!!!!!!!!!!!!!!!!!!!!!!!!!!!!
20260726 024407.095 INFO             PET1 Running with ESMF Version   : develop+g6f2cfc7ce0
20260726 024407.095 INFO             PET1 ESMF library build date/time: "Jul 26 2026" "02:05:01"
20260726 024407.095 INFO             PET1 ESMF library build location : /usr/local/esmf/esmf-testing/gfortranclang_14.2.0_17.0.0_mpich_g_develop/esmf
20260726 024407.095 INFO             PET1 ESMF_COMM                   : mpich
20260726 024407.095 INFO             PET1 ESMF_MOAB                   : enabled
20260726 024407.095 INFO             PET1 ESMF_LAPACK                 : enabled
20260726 024407.095 INFO             PET1 ESMF_NETCDF                 : enabled
20260726 024407.095 INFO             PET1 ESMF_PNETCDF                : disabled
20260726 024407.095 INFO             PET1 ESMF_PIO                    : enabled
20260726 024407.095 INFO             PET1 ESMF_YAMLCPP                : enabled
20260726 024407.095 INFO             PET1 ESMF Tracing Enabled
20260726 024407.095 INFO             PET1 ESMF Profiling Enabled
20260726 024407.095 INFO             PET1 ESMF Trace/Profile clock: REALTIME
20260726 024407.143 INFO             PET1  NUMBER_OF_PROCESSORS           4
20260726 024407.143 INFO             PET1  PASS  Example ESMF_TraceEx, ESMF_TraceEx.F90, line 178
20260726 024407.143 INFO             PET1  Finalizing ESMF
20260726 024407.143 INFO             PET1 **************** Region Timings *******************
20260726 024407.143 INFO             PET1 Region              Count  Total (s)   Self (s)    Mean (s)    Min (s)     Max (s)
20260726 024407.143 INFO             PET1   [ESMF]            1      0.0312      0.0312      0.0312      0.0312      0.0312
20260726 024407.143 INFO             PET1     [test] Run 1    5      0.0000      0.0000      0.0000      0.0000      0.0000
20260726 024407.143 INFO             PET1     [test] Init 1   1      0.0000      0.0000      0.0000      0.0000      0.0000
20260726 024407.143 INFO             PET1     [test] Final 1  1      0.0000      0.0000      0.0000      0.0000      0.0000
20260726 024407.094 INFO             PET2 !!!!!!!!!!!!!!!!!!!!!!!!!!!!!!!!!!!!!!!!!!!!!!!!!!!!!!
20260726 024407.095 INFO             PET2 !!! THE ESMF_LOG IS SET TO OUTPUT ALL LOG MESSAGES !!!
20260726 024407.095 INFO             PET2 !!!     THIS MAY CAUSE SLOWDOWN IN PERFORMANCE     !!!
20260726 024407.095 INFO             PET2 !!! FOR PRODUCTION RUNS, USE:                      !!!
20260726 024407.095 INFO             PET2 !!!                   ESMF_LOGKIND_Multi_On_Error  !!!
20260726 024407.095 INFO             PET2 !!!!!!!!!!!!!!!!!!!!!!!!!!!!!!!!!!!!!!!!!!!!!!!!!!!!!!
20260726 024407.095 INFO             PET2 Running with ESMF Version   : develop+g6f2cfc7ce0
20260726 024407.095 INFO             PET2 ESMF library build date/time: "Jul 26 2026" "02:05:01"
20260726 024407.095 INFO             PET2 ESMF library build location : /usr/local/esmf/esmf-testing/gfortranclang_14.2.0_17.0.0_mpich_g_develop/esmf
20260726 024407.095 INFO             PET2 ESMF_COMM                   : mpich
20260726 024407.095 INFO             PET2 ESMF_MOAB                   : enabled
20260726 024407.095 INFO             PET2 ESMF_LAPACK                 : enabled
20260726 024407.095 INFO             PET2 ESMF_NETCDF                 : enabled
20260726 024407.095 INFO             PET2 ESMF_PNETCDF                : disabled
20260726 024407.095 INFO             PET2 ESMF_PIO                    : enabled
20260726 024407.095 INFO             PET2 ESMF_YAMLCPP                : enabled
20260726 024407.095 INFO             PET2 ESMF Tracing Enabled
20260726 024407.095 INFO             PET2 ESMF Profiling Enabled
20260726 024407.095 INFO             PET2 ESMF Trace/Profile clock: REALTIME
20260726 024407.139 INFO             PET2  NUMBER_OF_PROCESSORS           4
20260726 024407.139 INFO             PET2  PASS  Example ESMF_TraceEx, ESMF_TraceEx.F90, line 178
20260726 024407.139 INFO             PET2  Finalizing ESMF
20260726 024407.139 INFO             PET2 **************** Region Timings *******************
20260726 024407.139 INFO             PET2 Region              Count  Total (s)   Self (s)    Mean (s)    Min (s)     Max (s)
20260726 024407.139 INFO             PET2   [ESMF]            1      0.0300      0.0300      0.0300      0.0300      0.0300
20260726 024407.139 INFO             PET2     [test] Run 1    5      0.0000      0.0000      0.0000      0.0000      0.0000
20260726 024407.139 INFO             PET2     [test] Init 1   1      0.0000      0.0000      0.0000      0.0000      0.0000
20260726 024407.139 INFO             PET2     [test] Final 1  1      0.0000      0.0000      0.0000      0.0000      0.0000
20260726 024407.094 INFO             PET3 !!!!!!!!!!!!!!!!!!!!!!!!!!!!!!!!!!!!!!!!!!!!!!!!!!!!!!
20260726 024407.108 INFO             PET3 !!! THE ESMF_LOG IS SET TO OUTPUT ALL LOG MESSAGES !!!
20260726 024407.108 INFO             PET3 !!!     THIS MAY CAUSE SLOWDOWN IN PERFORMANCE     !!!
20260726 024407.108 INFO             PET3 !!! FOR PRODUCTION RUNS, USE:                      !!!
20260726 024407.108 INFO             PET3 !!!                   ESMF_LOGKIND_Multi_On_Error  !!!
20260726 024407.108 INFO             PET3 !!!!!!!!!!!!!!!!!!!!!!!!!!!!!!!!!!!!!!!!!!!!!!!!!!!!!!
20260726 024407.108 INFO             PET3 Running with ESMF Version   : develop+g6f2cfc7ce0
20260726 024407.108 INFO             PET3 ESMF library build date/time: "Jul 26 2026" "02:05:01"
20260726 024407.108 INFO             PET3 ESMF library build location : /usr/local/esmf/esmf-testing/gfortranclang_14.2.0_17.0.0_mpich_g_develop/esmf
20260726 024407.108 INFO             PET3 ESMF_COMM                   : mpich
20260726 024407.108 INFO             PET3 ESMF_MOAB                   : enabled
20260726 024407.108 INFO             PET3 ESMF_LAPACK                 : enabled
20260726 024407.108 INFO             PET3 ESMF_NETCDF                 : enabled
20260726 024407.108 INFO             PET3 ESMF_PNETCDF                : disabled
20260726 024407.108 INFO             PET3 ESMF_PIO                    : enabled
20260726 024407.108 INFO             PET3 ESMF_YAMLCPP                : enabled
20260726 024407.108 INFO             PET3 ESMF Tracing Enabled
20260726 024407.108 INFO             PET3 ESMF Profiling Enabled
20260726 024407.108 INFO             PET3 ESMF Trace/Profile clock: REALTIME
20260726 024407.140 INFO             PET3  NUMBER_OF_PROCESSORS           4
20260726 024407.140 INFO             PET3  PASS  Example ESMF_TraceEx, ESMF_TraceEx.F90, line 178
20260726 024407.140 INFO             PET3  Finalizing ESMF
20260726 024407.140 INFO             PET3 **************** Region Timings *******************
20260726 024407.140 INFO             PET3 Region              Count  Total (s)   Self (s)    Mean (s)    Min (s)     Max (s)
20260726 024407.140 INFO             PET3   [ESMF]            1      0.0311      0.0307      0.0311      0.0311      0.0311
20260726 024407.140 INFO             PET3     [test] Run 1    5      0.0002      0.0002      0.0000      0.0000      0.0001
20260726 024407.140 INFO             PET3     [test] Init 1   1      0.0001      0.0001      0.0001      0.0001      0.0001
20260726 024407.140 INFO             PET3     [test] Final 1  1      0.0001      0.0001      0.0001      0.0001      0.0001
