2026-07-09 01:11:17
20260709 014302.335 INFO             PET0 !!!!!!!!!!!!!!!!!!!!!!!!!!!!!!!!!!!!!!!!!!!!!!!!!!!!!!
20260709 014302.339 INFO             PET0 !!! THE ESMF_LOG IS SET TO OUTPUT ALL LOG MESSAGES !!!
20260709 014302.339 INFO             PET0 !!!     THIS MAY CAUSE SLOWDOWN IN PERFORMANCE     !!!
20260709 014302.339 INFO             PET0 !!! FOR PRODUCTION RUNS, USE:                      !!!
20260709 014302.339 INFO             PET0 !!!                   ESMF_LOGKIND_Multi_On_Error  !!!
20260709 014302.339 INFO             PET0 !!!!!!!!!!!!!!!!!!!!!!!!!!!!!!!!!!!!!!!!!!!!!!!!!!!!!!
20260709 014302.339 INFO             PET0 Running with ESMF Version   : develop+gf1c7bb6d5f
20260709 014302.339 INFO             PET0 ESMF library build date/time: "Jul  9 2026" "01:10:03"
20260709 014302.339 INFO             PET0 ESMF library build location : /usr/local/esmf/esmf-testing/gfortranclang_14.2.0_17.0.0_mpich_g_develop/esmf
20260709 014302.339 INFO             PET0 ESMF_COMM                   : mpich
20260709 014302.339 INFO             PET0 ESMF_MOAB                   : enabled
20260709 014302.339 INFO             PET0 ESMF_LAPACK                 : enabled
20260709 014302.339 INFO             PET0 ESMF_NETCDF                 : enabled
20260709 014302.339 INFO             PET0 ESMF_PNETCDF                : disabled
20260709 014302.339 INFO             PET0 ESMF_PIO                    : enabled
20260709 014302.339 INFO             PET0 ESMF_YAMLCPP                : enabled
20260709 014302.340 INFO             PET0  NUMBER_OF_PROCESSORS           4
20260709 014302.340 INFO             PET0  PASS  Example ESMF_ArrayLarrayEx, ESMF_ArrayLarrayEx.F90, line 325
20260709 014302.340 INFO             PET0  Finalizing ESMF
20260709 014302.335 INFO             PET1 !!!!!!!!!!!!!!!!!!!!!!!!!!!!!!!!!!!!!!!!!!!!!!!!!!!!!!
20260709 014302.339 INFO             PET1 !!! THE ESMF_LOG IS SET TO OUTPUT ALL LOG MESSAGES !!!
20260709 014302.339 INFO             PET1 !!!     THIS MAY CAUSE SLOWDOWN IN PERFORMANCE     !!!
20260709 014302.339 INFO             PET1 !!! FOR PRODUCTION RUNS, USE:                      !!!
20260709 014302.339 INFO             PET1 !!!                   ESMF_LOGKIND_Multi_On_Error  !!!
20260709 014302.339 INFO             PET1 !!!!!!!!!!!!!!!!!!!!!!!!!!!!!!!!!!!!!!!!!!!!!!!!!!!!!!
20260709 014302.339 INFO             PET1 Running with ESMF Version   : develop+gf1c7bb6d5f
20260709 014302.339 INFO             PET1 ESMF library build date/time: "Jul  9 2026" "01:10:03"
20260709 014302.339 INFO             PET1 ESMF library build location : /usr/local/esmf/esmf-testing/gfortranclang_14.2.0_17.0.0_mpich_g_develop/esmf
20260709 014302.339 INFO             PET1 ESMF_COMM                   : mpich
20260709 014302.340 INFO             PET1 ESMF_MOAB                   : enabled
20260709 014302.340 INFO             PET1 ESMF_LAPACK                 : enabled
20260709 014302.340 INFO             PET1 ESMF_NETCDF                 : enabled
20260709 014302.340 INFO             PET1 ESMF_PNETCDF                : disabled
20260709 014302.340 INFO             PET1 ESMF_PIO                    : enabled
20260709 014302.340 INFO             PET1 ESMF_YAMLCPP                : enabled
20260709 014302.340 INFO             PET1  NUMBER_OF_PROCESSORS           4
20260709 014302.340 INFO             PET1  PASS  Example ESMF_ArrayLarrayEx, ESMF_ArrayLarrayEx.F90, line 325
20260709 014302.340 INFO             PET1  Finalizing ESMF
20260709 014302.335 INFO             PET2 !!!!!!!!!!!!!!!!!!!!!!!!!!!!!!!!!!!!!!!!!!!!!!!!!!!!!!
20260709 014302.339 INFO             PET2 !!! THE ESMF_LOG IS SET TO OUTPUT ALL LOG MESSAGES !!!
20260709 014302.339 INFO             PET2 !!!     THIS MAY CAUSE SLOWDOWN IN PERFORMANCE     !!!
20260709 014302.339 INFO             PET2 !!! FOR PRODUCTION RUNS, USE:                      !!!
20260709 014302.339 INFO             PET2 !!!                   ESMF_LOGKIND_Multi_On_Error  !!!
20260709 014302.339 INFO             PET2 !!!!!!!!!!!!!!!!!!!!!!!!!!!!!!!!!!!!!!!!!!!!!!!!!!!!!!
20260709 014302.339 INFO             PET2 Running with ESMF Version   : develop+gf1c7bb6d5f
20260709 014302.339 INFO             PET2 ESMF library build date/time: "Jul  9 2026" "01:10:03"
20260709 014302.339 INFO             PET2 ESMF library build location : /usr/local/esmf/esmf-testing/gfortranclang_14.2.0_17.0.0_mpich_g_develop/esmf
20260709 014302.339 INFO             PET2 ESMF_COMM                   : mpich
20260709 014302.340 INFO             PET2 ESMF_MOAB                   : enabled
20260709 014302.340 INFO             PET2 ESMF_LAPACK                 : enabled
20260709 014302.340 INFO             PET2 ESMF_NETCDF                 : enabled
20260709 014302.340 INFO             PET2 ESMF_PNETCDF                : disabled
20260709 014302.340 INFO             PET2 ESMF_PIO                    : enabled
20260709 014302.340 INFO             PET2 ESMF_YAMLCPP                : enabled
20260709 014302.340 INFO             PET2  NUMBER_OF_PROCESSORS           4
20260709 014302.340 INFO             PET2  PASS  Example ESMF_ArrayLarrayEx, ESMF_ArrayLarrayEx.F90, line 325
20260709 014302.340 INFO             PET2  Finalizing ESMF
20260709 014302.335 INFO             PET3 !!!!!!!!!!!!!!!!!!!!!!!!!!!!!!!!!!!!!!!!!!!!!!!!!!!!!!
20260709 014302.339 INFO             PET3 !!! THE ESMF_LOG IS SET TO OUTPUT ALL LOG MESSAGES !!!
20260709 014302.339 INFO             PET3 !!!     THIS MAY CAUSE SLOWDOWN IN PERFORMANCE     !!!
20260709 014302.339 INFO             PET3 !!! FOR PRODUCTION RUNS, USE:                      !!!
20260709 014302.339 INFO             PET3 !!!                   ESMF_LOGKIND_Multi_On_Error  !!!
20260709 014302.339 INFO             PET3 !!!!!!!!!!!!!!!!!!!!!!!!!!!!!!!!!!!!!!!!!!!!!!!!!!!!!!
20260709 014302.339 INFO             PET3 Running with ESMF Version   : develop+gf1c7bb6d5f
20260709 014302.339 INFO             PET3 ESMF library build date/time: "Jul  9 2026" "01:10:03"
20260709 014302.339 INFO             PET3 ESMF library build location : /usr/local/esmf/esmf-testing/gfortranclang_14.2.0_17.0.0_mpich_g_develop/esmf
20260709 014302.339 INFO             PET3 ESMF_COMM                   : mpich
20260709 014302.339 INFO             PET3 ESMF_MOAB                   : enabled
20260709 014302.339 INFO             PET3 ESMF_LAPACK                 : enabled
20260709 014302.339 INFO             PET3 ESMF_NETCDF                 : enabled
20260709 014302.339 INFO             PET3 ESMF_PNETCDF                : disabled
20260709 014302.339 INFO             PET3 ESMF_PIO                    : enabled
20260709 014302.339 INFO             PET3 ESMF_YAMLCPP                : enabled
20260709 014302.340 INFO             PET3  NUMBER_OF_PROCESSORS           4
20260709 014302.340 INFO             PET3  PASS  Example ESMF_ArrayLarrayEx, ESMF_ArrayLarrayEx.F90, line 325
20260709 014302.340 INFO             PET3  Finalizing ESMF
