2026-05-08 23:02:53
20260508 233430.320 INFO             PET0 !!!!!!!!!!!!!!!!!!!!!!!!!!!!!!!!!!!!!!!!!!!!!!!!!!!!!!
20260508 233430.322 INFO             PET0 !!! THE ESMF_LOG IS SET TO OUTPUT ALL LOG MESSAGES !!!
20260508 233430.322 INFO             PET0 !!!     THIS MAY CAUSE SLOWDOWN IN PERFORMANCE     !!!
20260508 233430.322 INFO             PET0 !!! FOR PRODUCTION RUNS, USE:                      !!!
20260508 233430.322 INFO             PET0 !!!                   ESMF_LOGKIND_Multi_On_Error  !!!
20260508 233430.322 INFO             PET0 !!!!!!!!!!!!!!!!!!!!!!!!!!!!!!!!!!!!!!!!!!!!!!!!!!!!!!
20260508 233430.322 INFO             PET0 Running with ESMF Version   : v9.0.0b13
20260508 233430.322 INFO             PET0 ESMF library build date/time: "May  8 2026" "23:01:43"
20260508 233430.322 INFO             PET0 ESMF library build location : /usr/local/esmf/esmf-testing/gfortranclang_14.2.0_17.0.0_mpich_g_develop/esmf
20260508 233430.322 INFO             PET0 ESMF_COMM                   : mpich
20260508 233430.323 INFO             PET0 ESMF_MOAB                   : enabled
20260508 233430.323 INFO             PET0 ESMF_LAPACK                 : enabled
20260508 233430.323 INFO             PET0 ESMF_NETCDF                 : enabled
20260508 233430.323 INFO             PET0 ESMF_PNETCDF                : disabled
20260508 233430.323 INFO             PET0 ESMF_PIO                    : enabled
20260508 233430.323 INFO             PET0 ESMF_YAMLCPP                : enabled
20260508 233430.330 INFO             PET0 ESMF_FieldRedistStoreNF(): Just entered routine.
20260508 233430.341 INFO             PET0 ESMF_FieldRedistStoreNF(): Leaving routine.
20260508 233430.344 INFO             PET0 ESMF_FieldRedistStoreNF(): Just entered routine.
20260508 233430.349 INFO             PET0 ESMF_FieldRedistStoreNF(): Leaving routine.
20260508 233430.349 INFO             PET0 ESMF_FieldRedistStoreNF(): Just entered routine.
20260508 233430.350 INFO             PET0 ESMF_FieldRedistStoreNF(): Leaving routine.
20260508 233430.350 INFO             PET0  NUMBER_OF_PROCESSORS           4
20260508 233430.350 INFO             PET0  PASS  Example ESMF_FieldRedistEx, ESMF_FieldRedistEx.F90, line 521
20260508 233430.350 INFO             PET0  Finalizing ESMF
20260508 233430.320 INFO             PET1 !!!!!!!!!!!!!!!!!!!!!!!!!!!!!!!!!!!!!!!!!!!!!!!!!!!!!!
20260508 233430.327 INFO             PET1 !!! THE ESMF_LOG IS SET TO OUTPUT ALL LOG MESSAGES !!!
20260508 233430.327 INFO             PET1 !!!     THIS MAY CAUSE SLOWDOWN IN PERFORMANCE     !!!
20260508 233430.327 INFO             PET1 !!! FOR PRODUCTION RUNS, USE:                      !!!
20260508 233430.327 INFO             PET1 !!!                   ESMF_LOGKIND_Multi_On_Error  !!!
20260508 233430.327 INFO             PET1 !!!!!!!!!!!!!!!!!!!!!!!!!!!!!!!!!!!!!!!!!!!!!!!!!!!!!!
20260508 233430.327 INFO             PET1 Running with ESMF Version   : v9.0.0b13
20260508 233430.327 INFO             PET1 ESMF library build date/time: "May  8 2026" "23:01:43"
20260508 233430.327 INFO             PET1 ESMF library build location : /usr/local/esmf/esmf-testing/gfortranclang_14.2.0_17.0.0_mpich_g_develop/esmf
20260508 233430.327 INFO             PET1 ESMF_COMM                   : mpich
20260508 233430.327 INFO             PET1 ESMF_MOAB                   : enabled
20260508 233430.327 INFO             PET1 ESMF_LAPACK                 : enabled
20260508 233430.327 INFO             PET1 ESMF_NETCDF                 : enabled
20260508 233430.327 INFO             PET1 ESMF_PNETCDF                : disabled
20260508 233430.327 INFO             PET1 ESMF_PIO                    : enabled
20260508 233430.327 INFO             PET1 ESMF_YAMLCPP                : enabled
20260508 233430.330 INFO             PET1 ESMF_FieldRedistStoreNF(): Just entered routine.
20260508 233430.341 INFO             PET1 ESMF_FieldRedistStoreNF(): Leaving routine.
20260508 233430.344 INFO             PET1 ESMF_FieldRedistStoreNF(): Just entered routine.
20260508 233430.349 INFO             PET1 ESMF_FieldRedistStoreNF(): Leaving routine.
20260508 233430.349 INFO             PET1 ESMF_FieldRedistStoreNF(): Just entered routine.
20260508 233430.350 INFO             PET1 ESMF_FieldRedistStoreNF(): Leaving routine.
20260508 233430.350 INFO             PET1  NUMBER_OF_PROCESSORS           4
20260508 233430.350 INFO             PET1  PASS  Example ESMF_FieldRedistEx, ESMF_FieldRedistEx.F90, line 521
20260508 233430.350 INFO             PET1  Finalizing ESMF
20260508 233430.320 INFO             PET2 !!!!!!!!!!!!!!!!!!!!!!!!!!!!!!!!!!!!!!!!!!!!!!!!!!!!!!
20260508 233430.322 INFO             PET2 !!! THE ESMF_LOG IS SET TO OUTPUT ALL LOG MESSAGES !!!
20260508 233430.322 INFO             PET2 !!!     THIS MAY CAUSE SLOWDOWN IN PERFORMANCE     !!!
20260508 233430.322 INFO             PET2 !!! FOR PRODUCTION RUNS, USE:                      !!!
20260508 233430.322 INFO             PET2 !!!                   ESMF_LOGKIND_Multi_On_Error  !!!
20260508 233430.322 INFO             PET2 !!!!!!!!!!!!!!!!!!!!!!!!!!!!!!!!!!!!!!!!!!!!!!!!!!!!!!
20260508 233430.322 INFO             PET2 Running with ESMF Version   : v9.0.0b13
20260508 233430.322 INFO             PET2 ESMF library build date/time: "May  8 2026" "23:01:43"
20260508 233430.322 INFO             PET2 ESMF library build location : /usr/local/esmf/esmf-testing/gfortranclang_14.2.0_17.0.0_mpich_g_develop/esmf
20260508 233430.322 INFO             PET2 ESMF_COMM                   : mpich
20260508 233430.323 INFO             PET2 ESMF_MOAB                   : enabled
20260508 233430.323 INFO             PET2 ESMF_LAPACK                 : enabled
20260508 233430.323 INFO             PET2 ESMF_NETCDF                 : enabled
20260508 233430.323 INFO             PET2 ESMF_PNETCDF                : disabled
20260508 233430.323 INFO             PET2 ESMF_PIO                    : enabled
20260508 233430.323 INFO             PET2 ESMF_YAMLCPP                : enabled
20260508 233430.330 INFO             PET2 ESMF_FieldRedistStoreNF(): Just entered routine.
20260508 233430.341 INFO             PET2 ESMF_FieldRedistStoreNF(): Leaving routine.
20260508 233430.344 INFO             PET2 ESMF_FieldRedistStoreNF(): Just entered routine.
20260508 233430.349 INFO             PET2 ESMF_FieldRedistStoreNF(): Leaving routine.
20260508 233430.349 INFO             PET2 ESMF_FieldRedistStoreNF(): Just entered routine.
20260508 233430.350 INFO             PET2 ESMF_FieldRedistStoreNF(): Leaving routine.
20260508 233430.351 INFO             PET2  NUMBER_OF_PROCESSORS           4
20260508 233430.351 INFO             PET2  PASS  Example ESMF_FieldRedistEx, ESMF_FieldRedistEx.F90, line 521
20260508 233430.351 INFO             PET2  Finalizing ESMF
20260508 233430.321 INFO             PET3 !!!!!!!!!!!!!!!!!!!!!!!!!!!!!!!!!!!!!!!!!!!!!!!!!!!!!!
20260508 233430.329 INFO             PET3 !!! THE ESMF_LOG IS SET TO OUTPUT ALL LOG MESSAGES !!!
20260508 233430.329 INFO             PET3 !!!     THIS MAY CAUSE SLOWDOWN IN PERFORMANCE     !!!
20260508 233430.329 INFO             PET3 !!! FOR PRODUCTION RUNS, USE:                      !!!
20260508 233430.329 INFO             PET3 !!!                   ESMF_LOGKIND_Multi_On_Error  !!!
20260508 233430.329 INFO             PET3 !!!!!!!!!!!!!!!!!!!!!!!!!!!!!!!!!!!!!!!!!!!!!!!!!!!!!!
20260508 233430.329 INFO             PET3 Running with ESMF Version   : v9.0.0b13
20260508 233430.329 INFO             PET3 ESMF library build date/time: "May  8 2026" "23:01:43"
20260508 233430.329 INFO             PET3 ESMF library build location : /usr/local/esmf/esmf-testing/gfortranclang_14.2.0_17.0.0_mpich_g_develop/esmf
20260508 233430.329 INFO             PET3 ESMF_COMM                   : mpich
20260508 233430.329 INFO             PET3 ESMF_MOAB                   : enabled
20260508 233430.329 INFO             PET3 ESMF_LAPACK                 : enabled
20260508 233430.329 INFO             PET3 ESMF_NETCDF                 : enabled
20260508 233430.329 INFO             PET3 ESMF_PNETCDF                : disabled
20260508 233430.329 INFO             PET3 ESMF_PIO                    : enabled
20260508 233430.329 INFO             PET3 ESMF_YAMLCPP                : enabled
20260508 233430.330 INFO             PET3 ESMF_FieldRedistStoreNF(): Just entered routine.
20260508 233430.341 INFO             PET3 ESMF_FieldRedistStoreNF(): Leaving routine.
20260508 233430.344 INFO             PET3 ESMF_FieldRedistStoreNF(): Just entered routine.
20260508 233430.349 INFO             PET3 ESMF_FieldRedistStoreNF(): Leaving routine.
20260508 233430.349 INFO             PET3 ESMF_FieldRedistStoreNF(): Just entered routine.
20260508 233430.350 INFO             PET3 ESMF_FieldRedistStoreNF(): Leaving routine.
20260508 233430.350 INFO             PET3  NUMBER_OF_PROCESSORS           4
20260508 233430.350 INFO             PET3  PASS  Example ESMF_FieldRedistEx, ESMF_FieldRedistEx.F90, line 521
20260508 233430.350 INFO             PET3  Finalizing ESMF
