2026-07-09 02:00:31
20260709 030751.965 INFO             PET0 !!!!!!!!!!!!!!!!!!!!!!!!!!!!!!!!!!!!!!!!!!!!!!!!!!!!!!
20260709 030751.965 INFO             PET0 !!! THE ESMF_LOG IS SET TO OUTPUT ALL LOG MESSAGES !!!
20260709 030751.965 INFO             PET0 !!!     THIS MAY CAUSE SLOWDOWN IN PERFORMANCE     !!!
20260709 030751.965 INFO             PET0 !!! FOR PRODUCTION RUNS, USE:                      !!!
20260709 030751.965 INFO             PET0 !!!                   ESMF_LOGKIND_Multi_On_Error  !!!
20260709 030751.965 INFO             PET0 !!!!!!!!!!!!!!!!!!!!!!!!!!!!!!!!!!!!!!!!!!!!!!!!!!!!!!
20260709 030751.965 INFO             PET0 Running with ESMF Version   : feature/refresh-bmauer-c_dynmask_interface+g70628eccd4
20260709 030751.965 INFO             PET0 ESMF library build date/time: "Jul  9 2026" "01:57:05"
20260709 030751.965 INFO             PET0 ESMF library build location : /glade/derecho/scratch/sacks/esmf-testing/nvhpc_26.1_mpiuni_O_feature_refresh-bmauer-c_dynmask_interface/esmf
20260709 030751.965 INFO             PET0 ESMF_COMM                   : mpiuni
20260709 030751.966 INFO             PET0 ESMF_MOAB                   : enabled
20260709 030751.966 INFO             PET0 ESMF_LAPACK                 : enabled
20260709 030751.966 INFO             PET0 ESMF_NETCDF                 : enabled
20260709 030751.966 INFO             PET0 ESMF_PNETCDF                : disabled
20260709 030751.966 INFO             PET0 ESMF_PIO                    : enabled
20260709 030751.966 INFO             PET0 ESMF_YAMLCPP                : enabled
20260709 030751.967 INFO             PET0  NUMBER_OF_PROCESSORS            1
20260709 030751.967 INFO             PET0  PASS  Example ESMF_AttachMethodsEx, ESMF_AttachMethodsEx.F90, line 292
20260709 030751.967 INFO             PET0  Finalizing ESMF
