2026-05-18 00:31:09
20260518 004744.950 INFO             PET0 !!!!!!!!!!!!!!!!!!!!!!!!!!!!!!!!!!!!!!!!!!!!!!!!!!!!!!
20260518 004744.950 INFO             PET0 !!! THE ESMF_LOG IS SET TO OUTPUT ALL LOG MESSAGES !!!
20260518 004744.950 INFO             PET0 !!!     THIS MAY CAUSE SLOWDOWN IN PERFORMANCE     !!!
20260518 004744.950 INFO             PET0 !!! FOR PRODUCTION RUNS, USE:                      !!!
20260518 004744.950 INFO             PET0 !!!                   ESMF_LOGKIND_Multi_On_Error  !!!
20260518 004744.950 INFO             PET0 !!!!!!!!!!!!!!!!!!!!!!!!!!!!!!!!!!!!!!!!!!!!!!!!!!!!!!
20260518 004744.950 INFO             PET0 Running with ESMF Version   : v9.0.0b13
20260518 004744.950 INFO             PET0 ESMF library build date/time: "May 18 2026" "00:30:07"
20260518 004744.950 INFO             PET0 ESMF library build location : /usr/local/esmf/esmf-testing/gfortranclang_14.2.0_17.0.0_mpiuni_g_develop/esmf
20260518 004744.950 INFO             PET0 ESMF_COMM                   : mpiuni
20260518 004744.950 INFO             PET0 ESMF_MOAB                   : enabled
20260518 004744.950 INFO             PET0 ESMF_LAPACK                 : enabled
20260518 004744.950 INFO             PET0 ESMF_NETCDF                 : enabled
20260518 004744.950 INFO             PET0 ESMF_PNETCDF                : disabled
20260518 004744.950 INFO             PET0 ESMF_PIO                    : enabled
20260518 004744.950 INFO             PET0 ESMF_YAMLCPP                : enabled
20260518 004744.951 INFO             PET0  NUMBER_OF_PROCESSORS           1
20260518 004744.951 INFO             PET0  PASS  Example ESMF_SCompEx, ESMF_SCompEx.F90, line 385
20260518 004744.951 INFO             PET0  Finalizing ESMF
