Processing /usr/local/esmf/esmf-testing/gfortran_14.2.0_mpich_O_feature_refresh-bmauer-c_dynmask_interface/esmf/src/addon/esmpy
  Installing build dependencies: started
  Installing build dependencies: finished with status 'done'
  Getting requirements to build wheel: started
  Getting requirements to build wheel: finished with status 'done'
  Preparing metadata (pyproject.toml): started
  Preparing metadata (pyproject.toml): finished with status 'done'
Requirement already satisfied: numpy<3,>=1.19 in /usr/local/esmf/esmf-testing/conda_environments/esmf-test-scripts-environment-python3.11-numpy1.26/lib/python3.11/site-packages (from esmpy==9.0.0b0) (1.26.4)
Collecting setuptools-git-versioning (from esmpy==9.0.0b0)
  Using cached setuptools_git_versioning-3.1.0-py3-none-any.whl.metadata (7.0 kB)
Requirement already satisfied: packaging in /usr/local/esmf/esmf-testing/conda_environments/esmf-test-scripts-environment-python3.11-numpy1.26/lib/python3.11/site-packages (from setuptools-git-versioning->esmpy==9.0.0b0) (25.0)
Requirement already satisfied: setuptools in /usr/local/esmf/esmf-testing/gfortran_14.2.0_mpich_O_feature_refresh-bmauer-c_dynmask_interface/esmpy_venv/lib/python3.11/site-packages (from setuptools-git-versioning->esmpy==9.0.0b0) (65.5.0)
Using cached setuptools_git_versioning-3.1.0-py3-none-any.whl (19 kB)
Building wheels for collected packages: esmpy
  Building wheel for esmpy (pyproject.toml): started
  Building wheel for esmpy (pyproject.toml): finished with status 'done'
  Created wheel for esmpy: filename=esmpy-9.0.0b0-py3-none-any.whl size=134414 sha256=eb58e1cb097d9459ddf0333666a9855f9db53b37f3c5b85b714d28b993434bca
  Stored in directory: /private/var/folders/qt/mpzbvd5n2nn9x9g_jyv99344z_kvxg/T/pip-ephem-wheel-cache-umlhngpn/wheels/85/52/ca/eaccd9962726d30eff720d77a5391185704b7d9dc086eae229
Successfully built esmpy
Installing collected packages: setuptools-git-versioning, esmpy

Successfully installed esmpy-9.0.0b0 setuptools-git-versioning-3.1.0

[notice] A new release of pip is available: 25.1.1 -> 26.1.2
[notice] To update, run: pip install --upgrade pip
