2026-06-12 03:52:17
20260612 042504.725 INFO             PET0 !!!!!!!!!!!!!!!!!!!!!!!!!!!!!!!!!!!!!!!!!!!!!!!!!!!!!!
20260612 042504.725 INFO             PET0 !!! THE ESMF_LOG IS SET TO OUTPUT ALL LOG MESSAGES !!!
20260612 042504.725 INFO             PET0 !!!     THIS MAY CAUSE SLOWDOWN IN PERFORMANCE     !!!
20260612 042504.725 INFO             PET0 !!! FOR PRODUCTION RUNS, USE:                      !!!
20260612 042504.725 INFO             PET0 !!!                   ESMF_LOGKIND_Multi_On_Error  !!!
20260612 042504.725 INFO             PET0 !!!!!!!!!!!!!!!!!!!!!!!!!!!!!!!!!!!!!!!!!!!!!!!!!!!!!!
20260612 042504.725 INFO             PET0 Running with ESMF Version   : develop+g44805b02cc
20260612 042504.725 INFO             PET0 ESMF library build date/time: "Jun 12 2026" "03:50:27"
20260612 042504.725 INFO             PET0 ESMF library build location : /tmp/cce_20.0.2_mpiuni_O_develop/esmf
20260612 042504.725 INFO             PET0 ESMF_COMM                   : mpiuni
20260612 042504.725 INFO             PET0 ESMF_MOAB                   : enabled
20260612 042504.725 INFO             PET0 ESMF_LAPACK                 : enabled
20260612 042504.725 INFO             PET0 ESMF_NETCDF                 : enabled
20260612 042504.725 INFO             PET0 ESMF_PNETCDF                : disabled
20260612 042504.725 INFO             PET0 ESMF_PIO                    : enabled
20260612 042504.725 INFO             PET0 ESMF_YAMLCPP                : enabled
20260612 042504.726 INFO             PET0  NUMBER_OF_PROCESSORS 1
20260612 042504.726 INFO             PET0  PASS  Example ESMF_WebServicesEx, ESMF_WebServicesEx.F90, line 227
20260612 042504.726 INFO             PET0  Finalizing ESMF
