2026-08-06 04:38:13
20260806 051212.567 INFO             PET0 !!!!!!!!!!!!!!!!!!!!!!!!!!!!!!!!!!!!!!!!!!!!!!!!!!!!!!
20260806 051212.567 INFO             PET0 !!! THE ESMF_LOG IS SET TO OUTPUT ALL LOG MESSAGES !!!
20260806 051212.567 INFO             PET0 !!!     THIS MAY CAUSE SLOWDOWN IN PERFORMANCE     !!!
20260806 051212.567 INFO             PET0 !!! FOR PRODUCTION RUNS, USE:                      !!!
20260806 051212.567 INFO             PET0 !!!                   ESMF_LOGKIND_Multi_On_Error  !!!
20260806 051212.567 INFO             PET0 !!!!!!!!!!!!!!!!!!!!!!!!!!!!!!!!!!!!!!!!!!!!!!!!!!!!!!
20260806 051212.567 INFO             PET0 Running with ESMF Version   : develop+g432bc4507e
20260806 051212.567 INFO             PET0 ESMF library build date/time: "Aug  6 2026" "04:36:21"
20260806 051212.567 INFO             PET0 ESMF library build location : /tmp/cce_20.0.2_mpiuni_O_develop/esmf
20260806 051212.567 INFO             PET0 ESMF_COMM                   : mpiuni
20260806 051212.567 INFO             PET0 ESMF_MOAB                   : enabled
20260806 051212.567 INFO             PET0 ESMF_LAPACK                 : enabled
20260806 051212.567 INFO             PET0 ESMF_NETCDF                 : enabled
20260806 051212.567 INFO             PET0 ESMF_PNETCDF                : disabled
20260806 051212.567 INFO             PET0 ESMF_PIO                    : enabled
20260806 051212.567 INFO             PET0 ESMF_YAMLCPP                : enabled
20260806 051212.568 INFO             PET0  NUMBER_OF_PROCESSORS 1
20260806 051212.568 INFO             PET0  PASS  Example ESMF_VMScatterVMGatherEx, ESMF_VMScatterVMGatherEx.F90, line 120
20260806 051212.568 INFO             PET0  Finalizing ESMF
