2026-05-06 03:10:41
20260506 034944.299 INFO             PET0 !!!!!!!!!!!!!!!!!!!!!!!!!!!!!!!!!!!!!!!!!!!!!!!!!!!!!!
20260506 034944.299 INFO             PET0 !!! THE ESMF_LOG IS SET TO OUTPUT ALL LOG MESSAGES !!!
20260506 034944.299 INFO             PET0 !!!     THIS MAY CAUSE SLOWDOWN IN PERFORMANCE     !!!
20260506 034944.299 INFO             PET0 !!! FOR PRODUCTION RUNS, USE:                      !!!
20260506 034944.299 INFO             PET0 !!!                   ESMF_LOGKIND_Multi_On_Error  !!!
20260506 034944.299 INFO             PET0 !!!!!!!!!!!!!!!!!!!!!!!!!!!!!!!!!!!!!!!!!!!!!!!!!!!!!!
20260506 034944.299 INFO             PET0 Running with ESMF Version   : develop+g0ae3009ebf
20260506 034944.299 INFO             PET0 ESMF library build date/time: "May  6 2026" "03:07:58"
20260506 034944.299 INFO             PET0 ESMF library build location : /project/esmf/ESMF-Nightly-Testing-Bighorn/nag_7.0_mpiuni_g_develop/esmf
20260506 034944.299 INFO             PET0 ESMF_COMM                   : mpiuni
20260506 034944.300 INFO             PET0 ESMF_MOAB                   : enabled
20260506 034944.300 INFO             PET0 ESMF_LAPACK                 : enabled
20260506 034944.300 INFO             PET0 ESMF_NETCDF                 : enabled
20260506 034944.300 INFO             PET0 ESMF_PNETCDF                : disabled
20260506 034944.300 INFO             PET0 ESMF_PIO                    : enabled
20260506 034944.300 INFO             PET0 ESMF_YAMLCPP                : enabled
20260506 034944.313 INFO             PET0  NUMBER_OF_PROCESSORS 1
20260506 034944.314 INFO             PET0  PASS  Example ESMF_XGridSparseMatEx, ESMF_XGridSparseMatEx.F90, line 642
20260506 034944.314 INFO             PET0  Finalizing ESMF
