2026-06-18 03:15:29
20260618 035628.790 INFO             PET0 !!!!!!!!!!!!!!!!!!!!!!!!!!!!!!!!!!!!!!!!!!!!!!!!!!!!!!
20260618 035628.790 INFO             PET0 !!! THE ESMF_LOG IS SET TO OUTPUT ALL LOG MESSAGES !!!
20260618 035628.790 INFO             PET0 !!!     THIS MAY CAUSE SLOWDOWN IN PERFORMANCE     !!!
20260618 035628.790 INFO             PET0 !!! FOR PRODUCTION RUNS, USE:                      !!!
20260618 035628.790 INFO             PET0 !!!                   ESMF_LOGKIND_Multi_On_Error  !!!
20260618 035628.790 INFO             PET0 !!!!!!!!!!!!!!!!!!!!!!!!!!!!!!!!!!!!!!!!!!!!!!!!!!!!!!
20260618 035628.790 INFO             PET0 Running with ESMF Version   : develop+g1c84b61425
20260618 035628.790 INFO             PET0 ESMF library build date/time: "Jun 18 2026" "03:12:59"
20260618 035628.790 INFO             PET0 ESMF library build location : /project/esmf/ESMF-Nightly-Testing-Bighorn/nag_7.0_mpiuni_g_develop/esmf
20260618 035628.790 INFO             PET0 ESMF_COMM                   : mpiuni
20260618 035628.790 INFO             PET0 ESMF_MOAB                   : enabled
20260618 035628.790 INFO             PET0 ESMF_LAPACK                 : enabled
20260618 035628.790 INFO             PET0 ESMF_NETCDF                 : enabled
20260618 035628.790 INFO             PET0 ESMF_PNETCDF                : disabled
20260618 035628.790 INFO             PET0 ESMF_PIO                    : enabled
20260618 035628.790 INFO             PET0 ESMF_YAMLCPP                : enabled
20260618 035628.791 INFO             PET0  NUMBER_OF_PROCESSORS 1
20260618 035628.791 INFO             PET0  PASS  Example ESMF_InternalStateModEx, ESMF_InternalStateModEx.F90, line 255
20260618 035628.791 INFO             PET0  Finalizing ESMF
