2026-06-03 01:26:59
20260603 015528.628 INFO             PET0 !!!!!!!!!!!!!!!!!!!!!!!!!!!!!!!!!!!!!!!!!!!!!!!!!!!!!!
20260603 015528.628 INFO             PET0 !!! THE ESMF_LOG IS SET TO OUTPUT ALL LOG MESSAGES !!!
20260603 015528.628 INFO             PET0 !!!     THIS MAY CAUSE SLOWDOWN IN PERFORMANCE     !!!
20260603 015528.628 INFO             PET0 !!! FOR PRODUCTION RUNS, USE:                      !!!
20260603 015528.628 INFO             PET0 !!!                   ESMF_LOGKIND_Multi_On_Error  !!!
20260603 015528.628 INFO             PET0 !!!!!!!!!!!!!!!!!!!!!!!!!!!!!!!!!!!!!!!!!!!!!!!!!!!!!!
20260603 015528.628 INFO             PET0 Running with ESMF Version   : develop+gf183dd1f0b
20260603 015528.628 INFO             PET0 ESMF library build date/time: "Jun  3 2026" "01:24:26"
20260603 015528.628 INFO             PET0 ESMF library build location : /project/esmf/ESMF-Nightly-Testing-Izumi/nag_7.0_mpiuni_g_develop/esmf
20260603 015528.628 INFO             PET0 ESMF_COMM                   : mpiuni
20260603 015528.628 INFO             PET0 ESMF_MOAB                   : enabled
20260603 015528.628 INFO             PET0 ESMF_LAPACK                 : enabled
20260603 015528.628 INFO             PET0 ESMF_NETCDF                 : enabled
20260603 015528.628 INFO             PET0 ESMF_PNETCDF                : disabled
20260603 015528.628 INFO             PET0 ESMF_PIO                    : enabled
20260603 015528.628 INFO             PET0 ESMF_YAMLCPP                : enabled
20260603 015528.718 INFO             PET0  NUMBER_OF_PROCESSORS 1
20260603 015528.718 INFO             PET0  PASS  Example ESMF_RHandleReusabilityEx, ESMF_RHandleReusabilityEx.F90, line 582
20260603 015528.718 INFO             PET0  Finalizing ESMF
