2026-06-29 10:36:56
20260629 110348.807 INFO             PET0 !!!!!!!!!!!!!!!!!!!!!!!!!!!!!!!!!!!!!!!!!!!!!!!!!!!!!!
20260629 110348.807 INFO             PET0 !!! THE ESMF_LOG IS SET TO OUTPUT ALL LOG MESSAGES !!!
20260629 110348.807 INFO             PET0 !!!     THIS MAY CAUSE SLOWDOWN IN PERFORMANCE     !!!
20260629 110348.807 INFO             PET0 !!! FOR PRODUCTION RUNS, USE:                      !!!
20260629 110348.807 INFO             PET0 !!!                   ESMF_LOGKIND_Multi_On_Error  !!!
20260629 110348.807 INFO             PET0 !!!!!!!!!!!!!!!!!!!!!!!!!!!!!!!!!!!!!!!!!!!!!!!!!!!!!!
20260629 110348.807 INFO             PET0 Running with ESMF Version   : develop+g9d8ac26759
20260629 110348.807 INFO             PET0 ESMF library build date/time: "Jun 29 2026" "10:36:06"
20260629 110348.807 INFO             PET0 ESMF library build location : /tmp/intel_2025.2.1_mpi_g_develop/esmf
20260629 110348.807 INFO             PET0 ESMF_COMM                   : mpi
20260629 110348.807 INFO             PET0 ESMF_MOAB                   : enabled
20260629 110348.807 INFO             PET0 ESMF_LAPACK                 : enabled
20260629 110348.807 INFO             PET0 ESMF_NETCDF                 : enabled
20260629 110348.807 INFO             PET0 ESMF_PNETCDF                : disabled
20260629 110348.807 INFO             PET0 ESMF_PIO                    : enabled
20260629 110348.807 INFO             PET0 ESMF_YAMLCPP                : enabled
20260629 110348.810 INFO             PET0 =============================================
20260629 110348.810 INFO             PET0 ESMX (Earth System Model eXecutable) STARTING
20260629 110348.810 INFO             PET0 =============================================
20260629 110348.815 DEBUG            PET0 Generic SetVM() is executing for: ESMX_Driver
20260629 110348.816 DEBUG            PET0 Generic SetVM() found no NUOPC Hint for: ESMX_Driver
20260629 110348.816 DEBUG            PET0 Generic SetVM() therefore is NOT calling ESMF_GridCompSetVMMaxPEs() for: ESMX_Driver
20260629 110348.824 INFO             PET0 =============================================
20260629 110348.824 INFO             PET0 ESMX (Earth System Model eXecutable) FINISHED
20260629 110348.824 INFO             PET0 =============================================
20260629 110348.824 INFO             PET0  Finalizing ESMF
20260629 110348.807 INFO             PET1 !!!!!!!!!!!!!!!!!!!!!!!!!!!!!!!!!!!!!!!!!!!!!!!!!!!!!!
20260629 110348.807 INFO             PET1 !!! THE ESMF_LOG IS SET TO OUTPUT ALL LOG MESSAGES !!!
20260629 110348.807 INFO             PET1 !!!     THIS MAY CAUSE SLOWDOWN IN PERFORMANCE     !!!
20260629 110348.807 INFO             PET1 !!! FOR PRODUCTION RUNS, USE:                      !!!
20260629 110348.807 INFO             PET1 !!!                   ESMF_LOGKIND_Multi_On_Error  !!!
20260629 110348.807 INFO             PET1 !!!!!!!!!!!!!!!!!!!!!!!!!!!!!!!!!!!!!!!!!!!!!!!!!!!!!!
20260629 110348.807 INFO             PET1 Running with ESMF Version   : develop+g9d8ac26759
20260629 110348.807 INFO             PET1 ESMF library build date/time: "Jun 29 2026" "10:36:06"
20260629 110348.807 INFO             PET1 ESMF library build location : /tmp/intel_2025.2.1_mpi_g_develop/esmf
20260629 110348.807 INFO             PET1 ESMF_COMM                   : mpi
20260629 110348.807 INFO             PET1 ESMF_MOAB                   : enabled
20260629 110348.807 INFO             PET1 ESMF_LAPACK                 : enabled
20260629 110348.807 INFO             PET1 ESMF_NETCDF                 : enabled
20260629 110348.807 INFO             PET1 ESMF_PNETCDF                : disabled
20260629 110348.807 INFO             PET1 ESMF_PIO                    : enabled
20260629 110348.807 INFO             PET1 ESMF_YAMLCPP                : enabled
20260629 110348.811 INFO             PET1 =============================================
20260629 110348.811 INFO             PET1 ESMX (Earth System Model eXecutable) STARTING
20260629 110348.811 INFO             PET1 =============================================
20260629 110348.816 DEBUG            PET1 Generic SetVM() is executing for: ESMX_Driver
20260629 110348.817 DEBUG            PET1 Generic SetVM() found no NUOPC Hint for: ESMX_Driver
20260629 110348.817 DEBUG            PET1 Generic SetVM() therefore is NOT calling ESMF_GridCompSetVMMaxPEs() for: ESMX_Driver
20260629 110348.824 INFO             PET1 =============================================
20260629 110348.824 INFO             PET1 ESMX (Earth System Model eXecutable) FINISHED
20260629 110348.824 INFO             PET1 =============================================
20260629 110348.824 INFO             PET1  Finalizing ESMF
20260629 110348.808 INFO             PET2 !!!!!!!!!!!!!!!!!!!!!!!!!!!!!!!!!!!!!!!!!!!!!!!!!!!!!!
20260629 110348.808 INFO             PET2 !!! THE ESMF_LOG IS SET TO OUTPUT ALL LOG MESSAGES !!!
20260629 110348.808 INFO             PET2 !!!     THIS MAY CAUSE SLOWDOWN IN PERFORMANCE     !!!
20260629 110348.808 INFO             PET2 !!! FOR PRODUCTION RUNS, USE:                      !!!
20260629 110348.808 INFO             PET2 !!!                   ESMF_LOGKIND_Multi_On_Error  !!!
20260629 110348.808 INFO             PET2 !!!!!!!!!!!!!!!!!!!!!!!!!!!!!!!!!!!!!!!!!!!!!!!!!!!!!!
20260629 110348.808 INFO             PET2 Running with ESMF Version   : develop+g9d8ac26759
20260629 110348.808 INFO             PET2 ESMF library build date/time: "Jun 29 2026" "10:36:06"
20260629 110348.808 INFO             PET2 ESMF library build location : /tmp/intel_2025.2.1_mpi_g_develop/esmf
20260629 110348.808 INFO             PET2 ESMF_COMM                   : mpi
20260629 110348.809 INFO             PET2 ESMF_MOAB                   : enabled
20260629 110348.809 INFO             PET2 ESMF_LAPACK                 : enabled
20260629 110348.809 INFO             PET2 ESMF_NETCDF                 : enabled
20260629 110348.809 INFO             PET2 ESMF_PNETCDF                : disabled
20260629 110348.809 INFO             PET2 ESMF_PIO                    : enabled
20260629 110348.809 INFO             PET2 ESMF_YAMLCPP                : enabled
20260629 110348.810 INFO             PET2 =============================================
20260629 110348.810 INFO             PET2 ESMX (Earth System Model eXecutable) STARTING
20260629 110348.810 INFO             PET2 =============================================
20260629 110348.816 DEBUG            PET2 Generic SetVM() is executing for: ESMX_Driver
20260629 110348.817 DEBUG            PET2 Generic SetVM() found no NUOPC Hint for: ESMX_Driver
20260629 110348.817 DEBUG            PET2 Generic SetVM() therefore is NOT calling ESMF_GridCompSetVMMaxPEs() for: ESMX_Driver
20260629 110348.824 INFO             PET2 =============================================
20260629 110348.824 INFO             PET2 ESMX (Earth System Model eXecutable) FINISHED
20260629 110348.824 INFO             PET2 =============================================
20260629 110348.824 INFO             PET2  Finalizing ESMF
20260629 110348.807 INFO             PET3 !!!!!!!!!!!!!!!!!!!!!!!!!!!!!!!!!!!!!!!!!!!!!!!!!!!!!!
20260629 110348.807 INFO             PET3 !!! THE ESMF_LOG IS SET TO OUTPUT ALL LOG MESSAGES !!!
20260629 110348.807 INFO             PET3 !!!     THIS MAY CAUSE SLOWDOWN IN PERFORMANCE     !!!
20260629 110348.807 INFO             PET3 !!! FOR PRODUCTION RUNS, USE:                      !!!
20260629 110348.807 INFO             PET3 !!!                   ESMF_LOGKIND_Multi_On_Error  !!!
20260629 110348.807 INFO             PET3 !!!!!!!!!!!!!!!!!!!!!!!!!!!!!!!!!!!!!!!!!!!!!!!!!!!!!!
20260629 110348.807 INFO             PET3 Running with ESMF Version   : develop+g9d8ac26759
20260629 110348.807 INFO             PET3 ESMF library build date/time: "Jun 29 2026" "10:36:06"
20260629 110348.807 INFO             PET3 ESMF library build location : /tmp/intel_2025.2.1_mpi_g_develop/esmf
20260629 110348.807 INFO             PET3 ESMF_COMM                   : mpi
20260629 110348.807 INFO             PET3 ESMF_MOAB                   : enabled
20260629 110348.807 INFO             PET3 ESMF_LAPACK                 : enabled
20260629 110348.807 INFO             PET3 ESMF_NETCDF                 : enabled
20260629 110348.807 INFO             PET3 ESMF_PNETCDF                : disabled
20260629 110348.807 INFO             PET3 ESMF_PIO                    : enabled
20260629 110348.807 INFO             PET3 ESMF_YAMLCPP                : enabled
20260629 110348.810 INFO             PET3 =============================================
20260629 110348.810 INFO             PET3 ESMX (Earth System Model eXecutable) STARTING
20260629 110348.810 INFO             PET3 =============================================
20260629 110348.815 DEBUG            PET3 Generic SetVM() is executing for: ESMX_Driver
20260629 110348.816 DEBUG            PET3 Generic SetVM() found no NUOPC Hint for: ESMX_Driver
20260629 110348.816 DEBUG            PET3 Generic SetVM() therefore is NOT calling ESMF_GridCompSetVMMaxPEs() for: ESMX_Driver
20260629 110348.824 INFO             PET3 =============================================
20260629 110348.824 INFO             PET3 ESMX (Earth System Model eXecutable) FINISHED
20260629 110348.824 INFO             PET3 =============================================
20260629 110348.824 INFO             PET3  Finalizing ESMF
