2026-06-23 03:53:40
20260623 043017.701 INFO             PET0 !!!!!!!!!!!!!!!!!!!!!!!!!!!!!!!!!!!!!!!!!!!!!!!!!!!!!!
20260623 043017.701 INFO             PET0 !!! THE ESMF_LOG IS SET TO OUTPUT ALL LOG MESSAGES !!!
20260623 043017.701 INFO             PET0 !!!     THIS MAY CAUSE SLOWDOWN IN PERFORMANCE     !!!
20260623 043017.701 INFO             PET0 !!! FOR PRODUCTION RUNS, USE:                      !!!
20260623 043017.701 INFO             PET0 !!!                   ESMF_LOGKIND_Multi_On_Error  !!!
20260623 043017.701 INFO             PET0 !!!!!!!!!!!!!!!!!!!!!!!!!!!!!!!!!!!!!!!!!!!!!!!!!!!!!!
20260623 043017.701 INFO             PET0 Running with ESMF Version   : develop+g380c18cfa6
20260623 043017.701 INFO             PET0 ESMF library build date/time: "Jun 23 2026" "03:51:19"
20260623 043017.701 INFO             PET0 ESMF library build location : /tmp/aocc_5.0.0_mpiuni_O_develop/esmf
20260623 043017.701 INFO             PET0 ESMF_COMM                   : mpiuni
20260623 043017.702 INFO             PET0 ESMF_MOAB                   : enabled
20260623 043017.702 INFO             PET0 ESMF_LAPACK                 : enabled
20260623 043017.702 INFO             PET0 ESMF_NETCDF                 : enabled
20260623 043017.702 INFO             PET0 ESMF_PNETCDF                : disabled
20260623 043017.702 INFO             PET0 ESMF_PIO                    : enabled
20260623 043017.702 INFO             PET0 ESMF_YAMLCPP                : enabled
20260623 043017.704 INFO             PET0 ESMF_FieldRedistStoreNF(): Just entered routine.
20260623 043017.798 INFO             PET0 ESMF_FieldRedistStoreNF(): Leaving routine.
20260623 043017.802 INFO             PET0  NUMBER_OF_PROCESSORS            1
20260623 043017.802 INFO             PET0  PASS  Example ESMF_RHandleFromFileEx, ESMF_RHandleFromFileEx.F90, line 192
20260623 043017.802 INFO             PET0  Finalizing ESMF
