2026-06-16 03:52:19
20260616 042854.499 INFO             PET0 !!!!!!!!!!!!!!!!!!!!!!!!!!!!!!!!!!!!!!!!!!!!!!!!!!!!!!
20260616 042854.499 INFO             PET0 !!! THE ESMF_LOG IS SET TO OUTPUT ALL LOG MESSAGES !!!
20260616 042854.499 INFO             PET0 !!!     THIS MAY CAUSE SLOWDOWN IN PERFORMANCE     !!!
20260616 042854.499 INFO             PET0 !!! FOR PRODUCTION RUNS, USE:                      !!!
20260616 042854.499 INFO             PET0 !!!                   ESMF_LOGKIND_Multi_On_Error  !!!
20260616 042854.499 INFO             PET0 !!!!!!!!!!!!!!!!!!!!!!!!!!!!!!!!!!!!!!!!!!!!!!!!!!!!!!
20260616 042854.499 INFO             PET0 Running with ESMF Version   : develop+g2ad1b7a070
20260616 042854.499 INFO             PET0 ESMF library build date/time: "Jun 16 2026" "03:49:58"
20260616 042854.499 INFO             PET0 ESMF library build location : /tmp/aocc_5.0.0_mpiuni_O_develop/esmf
20260616 042854.499 INFO             PET0 ESMF_COMM                   : mpiuni
20260616 042854.499 INFO             PET0 ESMF_MOAB                   : enabled
20260616 042854.499 INFO             PET0 ESMF_LAPACK                 : enabled
20260616 042854.499 INFO             PET0 ESMF_NETCDF                 : enabled
20260616 042854.499 INFO             PET0 ESMF_PNETCDF                : disabled
20260616 042854.499 INFO             PET0 ESMF_PIO                    : enabled
20260616 042854.499 INFO             PET0 ESMF_YAMLCPP                : enabled
20260616 042854.499 INFO             PET0  NUMBER_OF_PROCESSORS            1
20260616 042854.499 INFO             PET0  PASS  Example CalendarEx, ESMF_CalendarEx.F90, line 217
20260616 042854.499 INFO             PET0  Finalizing ESMF
