2026-05-20 03:51:12
20260520 042823.107 INFO             PET0 !!!!!!!!!!!!!!!!!!!!!!!!!!!!!!!!!!!!!!!!!!!!!!!!!!!!!!
20260520 042823.107 INFO             PET0 !!! THE ESMF_LOG IS SET TO OUTPUT ALL LOG MESSAGES !!!
20260520 042823.107 INFO             PET0 !!!     THIS MAY CAUSE SLOWDOWN IN PERFORMANCE     !!!
20260520 042823.107 INFO             PET0 !!! FOR PRODUCTION RUNS, USE:                      !!!
20260520 042823.107 INFO             PET0 !!!                   ESMF_LOGKIND_Multi_On_Error  !!!
20260520 042823.107 INFO             PET0 !!!!!!!!!!!!!!!!!!!!!!!!!!!!!!!!!!!!!!!!!!!!!!!!!!!!!!
20260520 042823.107 INFO             PET0 Running with ESMF Version   : develop+g3a22a06bd4
20260520 042823.107 INFO             PET0 ESMF library build date/time: "May 20 2026" "03:48:51"
20260520 042823.107 INFO             PET0 ESMF library build location : /tmp/aocc_5.0.0_mpiuni_O_develop/esmf
20260520 042823.107 INFO             PET0 ESMF_COMM                   : mpiuni
20260520 042823.107 INFO             PET0 ESMF_MOAB                   : enabled
20260520 042823.108 INFO             PET0 ESMF_LAPACK                 : enabled
20260520 042823.108 INFO             PET0 ESMF_NETCDF                 : enabled
20260520 042823.108 INFO             PET0 ESMF_PNETCDF                : disabled
20260520 042823.108 INFO             PET0 ESMF_PIO                    : enabled
20260520 042823.108 INFO             PET0 ESMF_YAMLCPP                : enabled
20260520 042823.110 INFO             PET0  NUMBER_OF_PROCESSORS            1
20260520 042823.110 INFO             PET0  PASS  Example ESMF_XGridSparseMatEx, ESMF_XGridSparseMatEx.F90, line 642
20260520 042823.110 INFO             PET0  Finalizing ESMF
