2026-05-27 03:51:24
20260527 042732.337 INFO             PET0 !!!!!!!!!!!!!!!!!!!!!!!!!!!!!!!!!!!!!!!!!!!!!!!!!!!!!!
20260527 042732.337 INFO             PET0 !!! THE ESMF_LOG IS SET TO OUTPUT ALL LOG MESSAGES !!!
20260527 042732.337 INFO             PET0 !!!     THIS MAY CAUSE SLOWDOWN IN PERFORMANCE     !!!
20260527 042732.337 INFO             PET0 !!! FOR PRODUCTION RUNS, USE:                      !!!
20260527 042732.337 INFO             PET0 !!!                   ESMF_LOGKIND_Multi_On_Error  !!!
20260527 042732.337 INFO             PET0 !!!!!!!!!!!!!!!!!!!!!!!!!!!!!!!!!!!!!!!!!!!!!!!!!!!!!!
20260527 042732.337 INFO             PET0 Running with ESMF Version   : develop+g681a42bf77
20260527 042732.337 INFO             PET0 ESMF library build date/time: "May 27 2026" "03:49:04"
20260527 042732.337 INFO             PET0 ESMF library build location : /tmp/aocc_5.0.0_mpiuni_O_develop/esmf
20260527 042732.337 INFO             PET0 ESMF_COMM                   : mpiuni
20260527 042732.337 INFO             PET0 ESMF_MOAB                   : enabled
20260527 042732.337 INFO             PET0 ESMF_LAPACK                 : enabled
20260527 042732.337 INFO             PET0 ESMF_NETCDF                 : enabled
20260527 042732.337 INFO             PET0 ESMF_PNETCDF                : disabled
20260527 042732.337 INFO             PET0 ESMF_PIO                    : enabled
20260527 042732.337 INFO             PET0 ESMF_YAMLCPP                : enabled
20260527 042732.338 INFO             PET0 ESMF Tracing Enabled
20260527 042732.338 INFO             PET0 ESMF Profiling Enabled
20260527 042732.338 INFO             PET0 ESMF Trace/Profile clock: REALTIME
20260527 042732.338 INFO             PET0  NUMBER_OF_PROCESSORS            1
20260527 042732.338 INFO             PET0  PASS  Example ESMF_TraceEx, ESMF_TraceEx.F90, line 178
20260527 042732.338 INFO             PET0  Finalizing ESMF
20260527 042732.338 INFO             PET0 **************** Region Timings *******************
20260527 042732.338 INFO             PET0 Region              Count  Total (s)   Self (s)    Mean (s)    Min (s)     Max (s)
20260527 042732.338 INFO             PET0   [ESMF]            1      0.0006      0.0006      0.0006      0.0006      0.0006
20260527 042732.338 INFO             PET0     [test] Run 1    5      0.0000      0.0000      0.0000      0.0000      0.0000
20260527 042732.338 INFO             PET0     [test] Init 1   1      0.0000      0.0000      0.0000      0.0000      0.0000
20260527 042732.338 INFO             PET0     [test] Final 1  1      0.0000      0.0000      0.0000      0.0000      0.0000
