2026-05-13 23:31:24
20260514 011706.936 INFO             PET0 !!!!!!!!!!!!!!!!!!!!!!!!!!!!!!!!!!!!!!!!!!!!!!!!!!!!!!
20260514 011706.936 INFO             PET0 !!! THE ESMF_LOG IS SET TO OUTPUT ALL LOG MESSAGES !!!
20260514 011706.936 INFO             PET0 !!!     THIS MAY CAUSE SLOWDOWN IN PERFORMANCE     !!!
20260514 011706.936 INFO             PET0 !!! FOR PRODUCTION RUNS, USE:                      !!!
20260514 011706.936 INFO             PET0 !!!                   ESMF_LOGKIND_Multi_On_Error  !!!
20260514 011706.936 INFO             PET0 !!!!!!!!!!!!!!!!!!!!!!!!!!!!!!!!!!!!!!!!!!!!!!!!!!!!!!
20260514 011706.936 INFO             PET0 Running with ESMF Version   : v9.0.0b13
20260514 011706.936 INFO             PET0 ESMF library build date/time: "May 13 2026" "23:28:10"
20260514 011706.936 INFO             PET0 ESMF library build location : /discover/nobackup/projects/gmao/SIteam/ESMF_Testing/intel_2021.6.0_intelmpi_O_develop/esmf
20260514 011706.936 INFO             PET0 ESMF_COMM                   : intelmpi
20260514 011706.937 INFO             PET0 ESMF_MOAB                   : enabled
20260514 011706.937 INFO             PET0 ESMF_LAPACK                 : enabled
20260514 011706.937 INFO             PET0 ESMF_NETCDF                 : disabled
20260514 011706.937 INFO             PET0 ESMF_PNETCDF                : disabled
20260514 011706.937 INFO             PET0 ESMF_PIO                    : disabled
20260514 011706.937 INFO             PET0 ESMF_YAMLCPP                : enabled
20260514 011706.937 INFO             PET0  NUMBER_OF_PROCESSORS           1
20260514 011706.937 INFO             PET0  PASS  Example ESMF_TimeEx, ESMF_TimeEx.F90, line 141
20260514 011706.937 INFO             PET0  Finalizing ESMF
