2026-05-20 03:43:21
20260520 041339.395 INFO             PET0 !!!!!!!!!!!!!!!!!!!!!!!!!!!!!!!!!!!!!!!!!!!!!!!!!!!!!!
20260520 041339.395 INFO             PET0 !!! THE ESMF_LOG IS SET TO OUTPUT ALL LOG MESSAGES !!!
20260520 041339.395 INFO             PET0 !!!     THIS MAY CAUSE SLOWDOWN IN PERFORMANCE     !!!
20260520 041339.395 INFO             PET0 !!! FOR PRODUCTION RUNS, USE:                      !!!
20260520 041339.395 INFO             PET0 !!!                   ESMF_LOGKIND_Multi_On_Error  !!!
20260520 041339.395 INFO             PET0 !!!!!!!!!!!!!!!!!!!!!!!!!!!!!!!!!!!!!!!!!!!!!!!!!!!!!!
20260520 041339.395 INFO             PET0 Running with ESMF Version   : develop+g3a22a06bd4
20260520 041339.395 INFO             PET0 ESMF library build date/time: "May 20 2026" "03:41:53"
20260520 041339.395 INFO             PET0 ESMF library build location : /tmp/gfortran_12.3.0_mpi_g_develop/esmf
20260520 041339.395 INFO             PET0 ESMF_COMM                   : mpi
20260520 041339.395 INFO             PET0 ESMF_MOAB                   : enabled
20260520 041339.395 INFO             PET0 ESMF_LAPACK                 : enabled
20260520 041339.395 INFO             PET0 ESMF_NETCDF                 : enabled
20260520 041339.395 INFO             PET0 ESMF_PNETCDF                : disabled
20260520 041339.395 INFO             PET0 ESMF_PIO                    : enabled
20260520 041339.395 INFO             PET0 ESMF_YAMLCPP                : enabled
20260520 041339.396 INFO             PET0  NUMBER_OF_PROCESSORS           4
20260520 041339.396 INFO             PET0  PASS  Example ESMF_VMUserMpiCommMultiEx, ESMF_VMUserMpiCommMultiEx.F90, line 126
20260520 041339.396 INFO             PET0  Finalizing ESMF with endflag==ESMF_END_KEEPMPI
20260520 041339.395 INFO             PET0 !!!!!!!!!!!!!!!!!!!!!!!!!!!!!!!!!!!!!!!!!!!!!!!!!!!!!!
20260520 041339.395 INFO             PET0 !!! THE ESMF_LOG IS SET TO OUTPUT ALL LOG MESSAGES !!!
20260520 041339.395 INFO             PET0 !!!     THIS MAY CAUSE SLOWDOWN IN PERFORMANCE     !!!
20260520 041339.395 INFO             PET0 !!! FOR PRODUCTION RUNS, USE:                      !!!
20260520 041339.395 INFO             PET0 !!!                   ESMF_LOGKIND_Multi_On_Error  !!!
20260520 041339.395 INFO             PET0 !!!!!!!!!!!!!!!!!!!!!!!!!!!!!!!!!!!!!!!!!!!!!!!!!!!!!!
20260520 041339.395 INFO             PET0 Running with ESMF Version   : develop+g3a22a06bd4
20260520 041339.395 INFO             PET0 ESMF library build date/time: "May 20 2026" "03:41:53"
20260520 041339.395 INFO             PET0 ESMF library build location : /tmp/gfortran_12.3.0_mpi_g_develop/esmf
20260520 041339.395 INFO             PET0 ESMF_COMM                   : mpi
20260520 041339.395 INFO             PET0 ESMF_MOAB                   : enabled
20260520 041339.395 INFO             PET0 ESMF_LAPACK                 : enabled
20260520 041339.395 INFO             PET0 ESMF_NETCDF                 : enabled
20260520 041339.395 INFO             PET0 ESMF_PNETCDF                : disabled
20260520 041339.395 INFO             PET0 ESMF_PIO                    : enabled
20260520 041339.395 INFO             PET0 ESMF_YAMLCPP                : enabled
20260520 041339.396 INFO             PET0  NUMBER_OF_PROCESSORS           4
20260520 041339.396 INFO             PET0  PASS  Example ESMF_VMUserMpiCommMultiEx, ESMF_VMUserMpiCommMultiEx.F90, line 154
20260520 041339.396 INFO             PET0  Finalizing ESMF with endflag==ESMF_END_KEEPMPI
20260520 041339.395 INFO             PET1 !!!!!!!!!!!!!!!!!!!!!!!!!!!!!!!!!!!!!!!!!!!!!!!!!!!!!!
20260520 041339.395 INFO             PET1 !!! THE ESMF_LOG IS SET TO OUTPUT ALL LOG MESSAGES !!!
20260520 041339.395 INFO             PET1 !!!     THIS MAY CAUSE SLOWDOWN IN PERFORMANCE     !!!
20260520 041339.395 INFO             PET1 !!! FOR PRODUCTION RUNS, USE:                      !!!
20260520 041339.395 INFO             PET1 !!!                   ESMF_LOGKIND_Multi_On_Error  !!!
20260520 041339.395 INFO             PET1 !!!!!!!!!!!!!!!!!!!!!!!!!!!!!!!!!!!!!!!!!!!!!!!!!!!!!!
20260520 041339.395 INFO             PET1 Running with ESMF Version   : develop+g3a22a06bd4
20260520 041339.395 INFO             PET1 ESMF library build date/time: "May 20 2026" "03:41:53"
20260520 041339.395 INFO             PET1 ESMF library build location : /tmp/gfortran_12.3.0_mpi_g_develop/esmf
20260520 041339.395 INFO             PET1 ESMF_COMM                   : mpi
20260520 041339.395 INFO             PET1 ESMF_MOAB                   : enabled
20260520 041339.395 INFO             PET1 ESMF_LAPACK                 : enabled
20260520 041339.395 INFO             PET1 ESMF_NETCDF                 : enabled
20260520 041339.395 INFO             PET1 ESMF_PNETCDF                : disabled
20260520 041339.395 INFO             PET1 ESMF_PIO                    : enabled
20260520 041339.395 INFO             PET1 ESMF_YAMLCPP                : enabled
20260520 041339.396 INFO             PET1  NUMBER_OF_PROCESSORS           4
20260520 041339.396 INFO             PET1  PASS  Example ESMF_VMUserMpiCommMultiEx, ESMF_VMUserMpiCommMultiEx.F90, line 126
20260520 041339.396 INFO             PET1  Finalizing ESMF with endflag==ESMF_END_KEEPMPI
20260520 041339.395 INFO             PET1 !!!!!!!!!!!!!!!!!!!!!!!!!!!!!!!!!!!!!!!!!!!!!!!!!!!!!!
20260520 041339.395 INFO             PET1 !!! THE ESMF_LOG IS SET TO OUTPUT ALL LOG MESSAGES !!!
20260520 041339.395 INFO             PET1 !!!     THIS MAY CAUSE SLOWDOWN IN PERFORMANCE     !!!
20260520 041339.395 INFO             PET1 !!! FOR PRODUCTION RUNS, USE:                      !!!
20260520 041339.395 INFO             PET1 !!!                   ESMF_LOGKIND_Multi_On_Error  !!!
20260520 041339.395 INFO             PET1 !!!!!!!!!!!!!!!!!!!!!!!!!!!!!!!!!!!!!!!!!!!!!!!!!!!!!!
20260520 041339.395 INFO             PET1 Running with ESMF Version   : develop+g3a22a06bd4
20260520 041339.395 INFO             PET1 ESMF library build date/time: "May 20 2026" "03:41:53"
20260520 041339.395 INFO             PET1 ESMF library build location : /tmp/gfortran_12.3.0_mpi_g_develop/esmf
20260520 041339.395 INFO             PET1 ESMF_COMM                   : mpi
20260520 041339.395 INFO             PET1 ESMF_MOAB                   : enabled
20260520 041339.395 INFO             PET1 ESMF_LAPACK                 : enabled
20260520 041339.395 INFO             PET1 ESMF_NETCDF                 : enabled
20260520 041339.395 INFO             PET1 ESMF_PNETCDF                : disabled
20260520 041339.395 INFO             PET1 ESMF_PIO                    : enabled
20260520 041339.395 INFO             PET1 ESMF_YAMLCPP                : enabled
20260520 041339.396 INFO             PET1  NUMBER_OF_PROCESSORS           4
20260520 041339.396 INFO             PET1  PASS  Example ESMF_VMUserMpiCommMultiEx, ESMF_VMUserMpiCommMultiEx.F90, line 154
20260520 041339.396 INFO             PET1  Finalizing ESMF with endflag==ESMF_END_KEEPMPI
